<?xml version="1.0" encoding="UTF-8"?>
<testsuites>
  <testsuite name="/www/wwwroot/jobportal.prus.dev/phpunit.xml" tests="2875" assertions="2612" errors="2166" failures="85" skipped="60" time="683.964944">
    <testsuite name="Unit" tests="1052" assertions="1159" errors="504" failures="23" skipped="55" time="496.037417">
      <testsuite name="Tests\Unit\ConfigurationOptimizedTest" file="/www/wwwroot/jobportal.prus.dev/tests/Unit/ConfigurationOptimizedTest.php" tests="6" assertions="14" errors="0" failures="0" skipped="0" time="0.082244">
        <testcase name="it_has_basic_environment_variables" file="/www/wwwroot/jobportal.prus.dev/tests/Unit/ConfigurationOptimizedTest.php" line="15" class="Tests\Unit\ConfigurationOptimizedTest" classname="Tests.Unit.ConfigurationOptimizedTest" assertions="3" time="0.038592"/>
        <testcase name="it_has_memory_configuration" file="/www/wwwroot/jobportal.prus.dev/tests/Unit/ConfigurationOptimizedTest.php" line="27" class="Tests\Unit\ConfigurationOptimizedTest" classname="Tests.Unit.ConfigurationOptimizedTest" assertions="2" time="0.010931"/>
        <testcase name="it_has_timezone_configuration" file="/www/wwwroot/jobportal.prus.dev/tests/Unit/ConfigurationOptimizedTest.php" line="35" class="Tests\Unit\ConfigurationOptimizedTest" classname="Tests.Unit.ConfigurationOptimizedTest" assertions="2" time="0.006592"/>
        <testcase name="it_has_error_reporting_configuration" file="/www/wwwroot/jobportal.prus.dev/tests/Unit/ConfigurationOptimizedTest.php" line="43" class="Tests\Unit\ConfigurationOptimizedTest" classname="Tests.Unit.ConfigurationOptimizedTest" assertions="1" time="0.006737"/>
        <testcase name="it_has_basic_php_extensions" file="/www/wwwroot/jobportal.prus.dev/tests/Unit/ConfigurationOptimizedTest.php" line="50" class="Tests\Unit\ConfigurationOptimizedTest" classname="Tests.Unit.ConfigurationOptimizedTest" assertions="3" time="0.006090"/>
        <testcase name="it_can_handle_basic_filesystem_operations" file="/www/wwwroot/jobportal.prus.dev/tests/Unit/ConfigurationOptimizedTest.php" line="59" class="Tests\Unit\ConfigurationOptimizedTest" classname="Tests.Unit.ConfigurationOptimizedTest" assertions="3" time="0.013303"/>
      </testsuite>
      <testsuite name="Tests\Unit\ConfigurationTest" file="/www/wwwroot/jobportal.prus.dev/tests/Unit/ConfigurationTest.php" tests="5" assertions="7" errors="0" failures="0" skipped="0" time="8.838780">
        <testcase name="test_app_configuration_is_accessible" file="/www/wwwroot/jobportal.prus.dev/tests/Unit/ConfigurationTest.php" line="14" class="Tests\Unit\ConfigurationTest" classname="Tests.Unit.ConfigurationTest" assertions="2" time="6.159021"/>
        <testcase name="test_database_configuration_for_testing" file="/www/wwwroot/jobportal.prus.dev/tests/Unit/ConfigurationTest.php" line="20" class="Tests\Unit\ConfigurationTest" classname="Tests.Unit.ConfigurationTest" assertions="2" time="0.434674"/>
        <testcase name="test_cache_configuration_for_testing" file="/www/wwwroot/jobportal.prus.dev/tests/Unit/ConfigurationTest.php" line="26" class="Tests\Unit\ConfigurationTest" classname="Tests.Unit.ConfigurationTest" assertions="1" time="0.562763"/>
        <testcase name="test_session_configuration_for_testing" file="/www/wwwroot/jobportal.prus.dev/tests/Unit/ConfigurationTest.php" line="31" class="Tests\Unit\ConfigurationTest" classname="Tests.Unit.ConfigurationTest" assertions="1" time="0.627498"/>
        <testcase name="test_mail_configuration_for_testing" file="/www/wwwroot/jobportal.prus.dev/tests/Unit/ConfigurationTest.php" line="36" class="Tests\Unit\ConfigurationTest" classname="Tests.Unit.ConfigurationTest" assertions="1" time="1.054824"/>
      </testsuite>
      <testsuite name="Tests\Unit\DatabaseModelValidationTest" file="/www/wwwroot/jobportal.prus.dev/tests/Unit/DatabaseModelValidationTest.php" tests="7" assertions="12" errors="0" failures="0" skipped="3" time="6.414056">
        <testcase name="user_model_relationships_work" file="/www/wwwroot/jobportal.prus.dev/tests/Unit/DatabaseModelValidationTest.php" line="22" class="Tests\Unit\DatabaseModelValidationTest" classname="Tests.Unit.DatabaseModelValidationTest" assertions="0" time="0.852787">
          <skipped/>
        </testcase>
        <testcase name="job_model_relationships_work" file="/www/wwwroot/jobportal.prus.dev/tests/Unit/DatabaseModelValidationTest.php" line="28" class="Tests\Unit\DatabaseModelValidationTest" classname="Tests.Unit.DatabaseModelValidationTest" assertions="2" time="0.913361"/>
        <testcase name="company_model_relationships_work" file="/www/wwwroot/jobportal.prus.dev/tests/Unit/DatabaseModelValidationTest.php" line="45" class="Tests\Unit\DatabaseModelValidationTest" classname="Tests.Unit.DatabaseModelValidationTest" assertions="2" time="0.926190"/>
        <testcase name="required_tables_exist" file="/www/wwwroot/jobportal.prus.dev/tests/Unit/DatabaseModelValidationTest.php" line="60" class="Tests\Unit\DatabaseModelValidationTest" classname="Tests.Unit.DatabaseModelValidationTest" assertions="1" time="0.998618"/>
        <testcase name="user_table_has_required_columns" file="/www/wwwroot/jobportal.prus.dev/tests/Unit/DatabaseModelValidationTest.php" line="67" class="Tests\Unit\DatabaseModelValidationTest" classname="Tests.Unit.DatabaseModelValidationTest" assertions="7" time="1.144473"/>
        <testcase name="factories_work_correctly" file="/www/wwwroot/jobportal.prus.dev/tests/Unit/DatabaseModelValidationTest.php" line="88" class="Tests\Unit\DatabaseModelValidationTest" classname="Tests.Unit.DatabaseModelValidationTest" assertions="0" time="0.693772">
          <skipped/>
        </testcase>
        <testcase name="models_use_proper_fillable_attributes" file="/www/wwwroot/jobportal.prus.dev/tests/Unit/DatabaseModelValidationTest.php" line="94" class="Tests\Unit\DatabaseModelValidationTest" classname="Tests.Unit.DatabaseModelValidationTest" assertions="0" time="0.884855">
          <skipped/>
        </testcase>
      </testsuite>
      <testsuite name="Tests\Unit\ExampleTest" file="/www/wwwroot/jobportal.prus.dev/tests/Unit/ExampleTest.php" tests="1" assertions="1" errors="0" failures="0" skipped="0" time="0.000249">
        <testcase name="test_that_true_is_true" file="/www/wwwroot/jobportal.prus.dev/tests/Unit/ExampleTest.php" line="17" class="Tests\Unit\ExampleTest" classname="Tests.Unit.ExampleTest" assertions="1" time="0.000249"/>
      </testsuite>
      <testsuite name="Tests\Unit\HelperFunctionsTest" file="/www/wwwroot/jobportal.prus.dev/tests/Unit/HelperFunctionsTest.php" tests="3" assertions="4" errors="0" failures="0" skipped="1" time="3.157581">
        <testcase name="format_currency_helper_works" file="/www/wwwroot/jobportal.prus.dev/tests/Unit/HelperFunctionsTest.php" line="15" class="Tests\Unit\HelperFunctionsTest" classname="Tests.Unit.HelperFunctionsTest" assertions="2" time="0.873547"/>
        <testcase name="slugify_helper_works" file="/www/wwwroot/jobportal.prus.dev/tests/Unit/HelperFunctionsTest.php" line="27" class="Tests\Unit\HelperFunctionsTest" classname="Tests.Unit.HelperFunctionsTest" assertions="0" time="1.054255">
          <skipped/>
        </testcase>
        <testcase name="time_ago_helper_works" file="/www/wwwroot/jobportal.prus.dev/tests/Unit/HelperFunctionsTest.php" line="38" class="Tests\Unit\HelperFunctionsTest" classname="Tests.Unit.HelperFunctionsTest" assertions="2" time="1.229779"/>
      </testsuite>
      <testsuite name="Tests\Unit\HelperTest" file="/www/wwwroot/jobportal.prus.dev/tests/Unit/HelperTest.php" tests="8" assertions="14" errors="0" failures="0" skipped="0" time="0.002912">
        <testcase name="str_limit_truncates_string_correctly" file="/www/wwwroot/jobportal.prus.dev/tests/Unit/HelperTest.php" line="17" class="Tests\Unit\HelperTest" classname="Tests.Unit.HelperTest" assertions="2" time="0.000291"/>
        <testcase name="str_slug_converts_string_to_slug" file="/www/wwwroot/jobportal.prus.dev/tests/Unit/HelperTest.php" line="24" class="Tests\Unit\HelperTest" classname="Tests.Unit.HelperTest" assertions="2" time="0.000446"/>
        <testcase name="array_get_returns_default_for_missing_key" file="/www/wwwroot/jobportal.prus.dev/tests/Unit/HelperTest.php" line="31" class="Tests\Unit\HelperTest" classname="Tests.Unit.HelperTest" assertions="3" time="0.001282"/>
        <testcase name="array_has_checks_if_key_exists" file="/www/wwwroot/jobportal.prus.dev/tests/Unit/HelperTest.php" line="41" class="Tests\Unit\HelperTest" classname="Tests.Unit.HelperTest" assertions="3" time="0.000232"/>
        <testcase name="config_get_returns_default_for_missing_key" file="/www/wwwroot/jobportal.prus.dev/tests/Unit/HelperTest.php" line="51" class="Tests\Unit\HelperTest" classname="Tests.Unit.HelperTest" assertions="1" time="0.000180"/>
        <testcase name="auth_check_returns_boolean" file="/www/wwwroot/jobportal.prus.dev/tests/Unit/HelperTest.php" line="58" class="Tests\Unit\HelperTest" classname="Tests.Unit.HelperTest" assertions="1" time="0.000165"/>
        <testcase name="now_returns_carbon_instance" file="/www/wwwroot/jobportal.prus.dev/tests/Unit/HelperTest.php" line="65" class="Tests\Unit\HelperTest" classname="Tests.Unit.HelperTest" assertions="1" time="0.000159"/>
        <testcase name="bcrypt_hashes_passwords" file="/www/wwwroot/jobportal.prus.dev/tests/Unit/HelperTest.php" line="71" class="Tests\Unit\HelperTest" classname="Tests.Unit.HelperTest" assertions="1" time="0.000156"/>
      </testsuite>
      <testsuite name="Tests\Unit\LaravelBasicTest" file="/www/wwwroot/jobportal.prus.dev/tests/Unit/LaravelBasicTest.php" tests="4" assertions="6" errors="0" failures="0" skipped="1" time="3.482878">
        <testcase name="it_can_access_config" file="/www/wwwroot/jobportal.prus.dev/tests/Unit/LaravelBasicTest.php" line="17" class="Tests\Unit\LaravelBasicTest" classname="Tests.Unit.LaravelBasicTest" assertions="2" time="0.892209"/>
        <testcase name="it_has_testing_environment" file="/www/wwwroot/jobportal.prus.dev/tests/Unit/LaravelBasicTest.php" line="25" class="Tests\Unit\LaravelBasicTest" classname="Tests.Unit.LaravelBasicTest" assertions="1" time="0.871901"/>
        <testcase name="it_can_use_helper_functions" file="/www/wwwroot/jobportal.prus.dev/tests/Unit/LaravelBasicTest.php" line="31" class="Tests\Unit\LaravelBasicTest" classname="Tests.Unit.LaravelBasicTest" assertions="3" time="0.862143"/>
        <testcase name="it_can_create_basic_objects" file="/www/wwwroot/jobportal.prus.dev/tests/Unit/LaravelBasicTest.php" line="39" class="Tests\Unit\LaravelBasicTest" classname="Tests.Unit.LaravelBasicTest" assertions="0" time="0.856625">
          <skipped/>
        </testcase>
      </testsuite>
      <testsuite name="Tests\Unit\Models\ApplicationModelTest" file="/www/wwwroot/jobportal.prus.dev/tests/Unit/Models/ApplicationModelTest.php" tests="3" assertions="0" errors="0" failures="0" skipped="3" time="2.478193">
        <testcase name="it_can_be_created" file="/www/wwwroot/jobportal.prus.dev/tests/Unit/Models/ApplicationModelTest.php" line="19" class="Tests\Unit\Models\ApplicationModelTest" classname="Tests.Unit.Models.ApplicationModelTest" assertions="0" time="0.934821">
          <skipped/>
        </testcase>
        <testcase name="it_has_required_fillable_fields" file="/www/wwwroot/jobportal.prus.dev/tests/Unit/Models/ApplicationModelTest.php" line="27" class="Tests\Unit\Models\ApplicationModelTest" classname="Tests.Unit.Models.ApplicationModelTest" assertions="0" time="0.684568">
          <skipped/>
        </testcase>
        <testcase name="it_can_be_soft_deleted" file="/www/wwwroot/jobportal.prus.dev/tests/Unit/Models/ApplicationModelTest.php" line="34" class="Tests\Unit\Models\ApplicationModelTest" classname="Tests.Unit.Models.ApplicationModelTest" assertions="0" time="0.858804">
          <skipped/>
        </testcase>
      </testsuite>
      <testsuite name="Tests\Unit\Models\BrandingSlidersTest" file="/www/wwwroot/jobportal.prus.dev/tests/Unit/Models/BrandingSlidersTest.php" tests="5" assertions="8" errors="0" failures="0" skipped="0" time="3.268655">
        <testcase name="it_can_be_created" file="/www/wwwroot/jobportal.prus.dev/tests/Unit/Models/BrandingSlidersTest.php" line="19" class="Tests\Unit\Models\BrandingSlidersTest" classname="Tests.Unit.Models.BrandingSlidersTest" assertions="2" time="0.668052"/>
        <testcase name="it_has_fillable_attributes" file="/www/wwwroot/jobportal.prus.dev/tests/Unit/Models/BrandingSlidersTest.php" line="30" class="Tests\Unit\Models\BrandingSlidersTest" classname="Tests.Unit.Models.BrandingSlidersTest" assertions="2" time="0.598155"/>
        <testcase name="it_has_proper_casts" file="/www/wwwroot/jobportal.prus.dev/tests/Unit/Models/BrandingSlidersTest.php" line="40" class="Tests\Unit\Models\BrandingSlidersTest" classname="Tests.Unit.Models.BrandingSlidersTest" assertions="1" time="0.684658"/>
        <testcase name="it_can_be_updated" file="/www/wwwroot/jobportal.prus.dev/tests/Unit/Models/BrandingSlidersTest.php" line="50" class="Tests\Unit\Models\BrandingSlidersTest" classname="Tests.Unit.Models.BrandingSlidersTest" assertions="1" time="0.463662"/>
        <testcase name="it_can_be_deleted" file="/www/wwwroot/jobportal.prus.dev/tests/Unit/Models/BrandingSlidersTest.php" line="72" class="Tests\Unit\Models\BrandingSlidersTest" classname="Tests.Unit.Models.BrandingSlidersTest" assertions="2" time="0.854129"/>
      </testsuite>
      <testsuite name="Tests\Unit\Models\CandidateEducationTest" file="/www/wwwroot/jobportal.prus.dev/tests/Unit/Models/CandidateEducationTest.php" tests="5" assertions="3" errors="0" failures="0" skipped="3" time="3.881206">
        <testcase name="it_can_be_created" file="/www/wwwroot/jobportal.prus.dev/tests/Unit/Models/CandidateEducationTest.php" line="19" class="Tests\Unit\Models\CandidateEducationTest" classname="Tests.Unit.Models.CandidateEducationTest" assertions="0" time="0.879436">
          <skipped/>
        </testcase>
        <testcase name="it_has_fillable_attributes" file="/www/wwwroot/jobportal.prus.dev/tests/Unit/Models/CandidateEducationTest.php" line="25" class="Tests\Unit\Models\CandidateEducationTest" classname="Tests.Unit.Models.CandidateEducationTest" assertions="2" time="0.881484"/>
        <testcase name="it_has_proper_casts" file="/www/wwwroot/jobportal.prus.dev/tests/Unit/Models/CandidateEducationTest.php" line="35" class="Tests\Unit\Models\CandidateEducationTest" classname="Tests.Unit.Models.CandidateEducationTest" assertions="1" time="0.773753"/>
        <testcase name="it_can_be_updated" file="/www/wwwroot/jobportal.prus.dev/tests/Unit/Models/CandidateEducationTest.php" line="45" class="Tests\Unit\Models\CandidateEducationTest" classname="Tests.Unit.Models.CandidateEducationTest" assertions="0" time="0.493610">
          <skipped/>
        </testcase>
        <testcase name="it_can_be_deleted" file="/www/wwwroot/jobportal.prus.dev/tests/Unit/Models/CandidateEducationTest.php" line="51" class="Tests\Unit\Models\CandidateEducationTest" classname="Tests.Unit.Models.CandidateEducationTest" assertions="0" time="0.852923">
          <skipped/>
        </testcase>
      </testsuite>
      <testsuite name="Tests\Unit\Models\CandidateExperienceTest" file="/www/wwwroot/jobportal.prus.dev/tests/Unit/Models/CandidateExperienceTest.php" tests="5" assertions="3" errors="0" failures="0" skipped="3" time="3.763149">
        <testcase name="it_can_be_created" file="/www/wwwroot/jobportal.prus.dev/tests/Unit/Models/CandidateExperienceTest.php" line="19" class="Tests\Unit\Models\CandidateExperienceTest" classname="Tests.Unit.Models.CandidateExperienceTest" assertions="0" time="0.890844">
          <skipped/>
        </testcase>
        <testcase name="it_has_fillable_attributes" file="/www/wwwroot/jobportal.prus.dev/tests/Unit/Models/CandidateExperienceTest.php" line="25" class="Tests\Unit\Models\CandidateExperienceTest" classname="Tests.Unit.Models.CandidateExperienceTest" assertions="2" time="0.871085"/>
        <testcase name="it_has_proper_casts" file="/www/wwwroot/jobportal.prus.dev/tests/Unit/Models/CandidateExperienceTest.php" line="35" class="Tests\Unit\Models\CandidateExperienceTest" classname="Tests.Unit.Models.CandidateExperienceTest" assertions="1" time="0.449245"/>
        <testcase name="it_can_be_updated" file="/www/wwwroot/jobportal.prus.dev/tests/Unit/Models/CandidateExperienceTest.php" line="45" class="Tests\Unit\Models\CandidateExperienceTest" classname="Tests.Unit.Models.CandidateExperienceTest" assertions="0" time="0.679554">
          <skipped/>
        </testcase>
        <testcase name="it_can_be_deleted" file="/www/wwwroot/jobportal.prus.dev/tests/Unit/Models/CandidateExperienceTest.php" line="51" class="Tests\Unit\Models\CandidateExperienceTest" classname="Tests.Unit.Models.CandidateExperienceTest" assertions="0" time="0.872422">
          <skipped/>
        </testcase>
      </testsuite>
      <testsuite name="Tests\Unit\Models\CandidateModelTest" file="/www/wwwroot/jobportal.prus.dev/tests/Unit/Models/CandidateModelTest.php" tests="11" assertions="54" errors="0" failures="0" skipped="0" time="0.081827">
        <testcase name="it_has_status_constants" file="/www/wwwroot/jobportal.prus.dev/tests/Unit/Models/CandidateModelTest.php" line="16" class="Tests\Unit\Models\CandidateModelTest" classname="Tests.Unit.Models.CandidateModelTest" assertions="5" time="0.018834"/>
        <testcase name="it_has_availability_constants" file="/www/wwwroot/jobportal.prus.dev/tests/Unit/Models/CandidateModelTest.php" line="26" class="Tests\Unit\Models\CandidateModelTest" classname="Tests.Unit.Models.CandidateModelTest" assertions="2" time="0.000252"/>
        <testcase name="it_has_path_constants" file="/www/wwwroot/jobportal.prus.dev/tests/Unit/Models/CandidateModelTest.php" line="33" class="Tests\Unit\Models\CandidateModelTest" classname="Tests.Unit.Models.CandidateModelTest" assertions="2" time="0.000216"/>
        <testcase name="it_has_correct_fillable_attributes" file="/www/wwwroot/jobportal.prus.dev/tests/Unit/Models/CandidateModelTest.php" line="40" class="Tests\Unit\Models\CandidateModelTest" classname="Tests.Unit.Models.CandidateModelTest" assertions="17" time="0.002967"/>
        <testcase name="it_has_correct_casts" file="/www/wwwroot/jobportal.prus.dev/tests/Unit/Models/CandidateModelTest.php" line="71" class="Tests\Unit\Models\CandidateModelTest" classname="Tests.Unit.Models.CandidateModelTest" assertions="7" time="0.000260"/>
        <testcase name="it_has_status_array_constants" file="/www/wwwroot/jobportal.prus.dev/tests/Unit/Models/CandidateModelTest.php" line="92" class="Tests\Unit\Models\CandidateModelTest" classname="Tests.Unit.Models.CandidateModelTest" assertions="1" time="0.000284"/>
        <testcase name="it_has_immediate_availability_constants" file="/www/wwwroot/jobportal.prus.dev/tests/Unit/Models/CandidateModelTest.php" line="104" class="Tests\Unit\Models\CandidateModelTest" classname="Tests.Unit.Models.CandidateModelTest" assertions="1" time="0.000217"/>
        <testcase name="it_can_be_instantiated_with_attributes" file="/www/wwwroot/jobportal.prus.dev/tests/Unit/Models/CandidateModelTest.php" line="116" class="Tests\Unit\Models\CandidateModelTest" classname="Tests.Unit.Models.CandidateModelTest" assertions="13" time="0.058057"/>
        <testcase name="it_has_relationship_methods" file="/www/wwwroot/jobportal.prus.dev/tests/Unit/Models/CandidateModelTest.php" line="150" class="Tests\Unit\Models\CandidateModelTest" classname="Tests.Unit.Models.CandidateModelTest" assertions="4" time="0.000283"/>
        <testcase name="it_has_correct_table_name" file="/www/wwwroot/jobportal.prus.dev/tests/Unit/Models/CandidateModelTest.php" line="162" class="Tests\Unit\Models\CandidateModelTest" classname="Tests.Unit.Models.CandidateModelTest" assertions="1" time="0.000249"/>
        <testcase name="it_has_validation_rules" file="/www/wwwroot/jobportal.prus.dev/tests/Unit/Models/CandidateModelTest.php" line="169" class="Tests\Unit\Models\CandidateModelTest" classname="Tests.Unit.Models.CandidateModelTest" assertions="1" time="0.000207"/>
      </testsuite>
      <testsuite name="Tests\Unit\Models\CandidateTest" file="/www/wwwroot/jobportal.prus.dev/tests/Unit/Models/CandidateTest.php" tests="5" assertions="3" errors="0" failures="0" skipped="3" time="4.082661">
        <testcase name="it_can_be_created" file="/www/wwwroot/jobportal.prus.dev/tests/Unit/Models/CandidateTest.php" line="19" class="Tests\Unit\Models\CandidateTest" classname="Tests.Unit.Models.CandidateTest" assertions="0" time="0.658486">
          <skipped/>
        </testcase>
        <testcase name="it_has_fillable_attributes" file="/www/wwwroot/jobportal.prus.dev/tests/Unit/Models/CandidateTest.php" line="25" class="Tests\Unit\Models\CandidateTest" classname="Tests.Unit.Models.CandidateTest" assertions="2" time="0.818180"/>
        <testcase name="it_has_proper_casts" file="/www/wwwroot/jobportal.prus.dev/tests/Unit/Models/CandidateTest.php" line="35" class="Tests\Unit\Models\CandidateTest" classname="Tests.Unit.Models.CandidateTest" assertions="1" time="0.835198"/>
        <testcase name="it_can_be_updated" file="/www/wwwroot/jobportal.prus.dev/tests/Unit/Models/CandidateTest.php" line="45" class="Tests\Unit\Models\CandidateTest" classname="Tests.Unit.Models.CandidateTest" assertions="0" time="0.927391">
          <skipped/>
        </testcase>
        <testcase name="it_can_be_deleted" file="/www/wwwroot/jobportal.prus.dev/tests/Unit/Models/CandidateTest.php" line="51" class="Tests\Unit\Models\CandidateTest" classname="Tests.Unit.Models.CandidateTest" assertions="0" time="0.843405">
          <skipped/>
        </testcase>
      </testsuite>
      <testsuite name="Tests\Unit\Models\CareerLevelTest" file="/www/wwwroot/jobportal.prus.dev/tests/Unit/Models/CareerLevelTest.php" tests="21" assertions="72" errors="0" failures="0" skipped="2" time="17.914487">
        <testcase name="it_can_be_created" file="/www/wwwroot/jobportal.prus.dev/tests/Unit/Models/CareerLevelTest.php" line="22" class="Tests\Unit\Models\CareerLevelTest" classname="Tests.Unit.Models.CareerLevelTest" assertions="2" time="0.706363"/>
        <testcase name="it_has_fillable_attributes" file="/www/wwwroot/jobportal.prus.dev/tests/Unit/Models/CareerLevelTest.php" line="33" class="Tests\Unit\Models\CareerLevelTest" classname="Tests.Unit.Models.CareerLevelTest" assertions="6" time="0.455240"/>
        <testcase name="it_has_proper_casts" file="/www/wwwroot/jobportal.prus.dev/tests/Unit/Models/CareerLevelTest.php" line="48" class="Tests\Unit\Models\CareerLevelTest" classname="Tests.Unit.Models.CareerLevelTest" assertions="11" time="0.809250"/>
        <testcase name="it_can_be_updated" file="/www/wwwroot/jobportal.prus.dev/tests/Unit/Models/CareerLevelTest.php" line="69" class="Tests\Unit\Models\CareerLevelTest" classname="Tests.Unit.Models.CareerLevelTest" assertions="1" time="0.908591"/>
        <testcase name="it_can_be_deleted" file="/www/wwwroot/jobportal.prus.dev/tests/Unit/Models/CareerLevelTest.php" line="83" class="Tests\Unit\Models\CareerLevelTest" classname="Tests.Unit.Models.CareerLevelTest" assertions="1" time="0.977275"/>
        <testcase name="it_has_jobs_relationship" file="/www/wwwroot/jobportal.prus.dev/tests/Unit/Models/CareerLevelTest.php" line="96" class="Tests\Unit\Models\CareerLevelTest" classname="Tests.Unit.Models.CareerLevelTest" assertions="3" time="1.410431"/>
        <testcase name="it_has_candidates_relationship" file="/www/wwwroot/jobportal.prus.dev/tests/Unit/Models/CareerLevelTest.php" line="107" class="Tests\Unit\Models\CareerLevelTest" classname="Tests.Unit.Models.CareerLevelTest" assertions="0" time="1.037032">
          <skipped/>
        </testcase>
        <testcase name="scope_active_returns_active_career_levels" file="/www/wwwroot/jobportal.prus.dev/tests/Unit/Models/CareerLevelTest.php" line="113" class="Tests\Unit\Models\CareerLevelTest" classname="Tests.Unit.Models.CareerLevelTest" assertions="20" time="0.905611"/>
        <testcase name="scope_inactive_returns_inactive_career_levels" file="/www/wwwroot/jobportal.prus.dev/tests/Unit/Models/CareerLevelTest.php" line="134" class="Tests\Unit\Models\CareerLevelTest" classname="Tests.Unit.Models.CareerLevelTest" assertions="3" time="0.983769"/>
        <testcase name="scope_default_returns_default_career_levels" file="/www/wwwroot/jobportal.prus.dev/tests/Unit/Models/CareerLevelTest.php" line="152" class="Tests\Unit\Models\CareerLevelTest" classname="Tests.Unit.Models.CareerLevelTest" assertions="2" time="0.982025"/>
        <testcase name="scope_custom_returns_custom_career_levels" file="/www/wwwroot/jobportal.prus.dev/tests/Unit/Models/CareerLevelTest.php" line="168" class="Tests\Unit\Models\CareerLevelTest" classname="Tests.Unit.Models.CareerLevelTest" assertions="3" time="0.978213"/>
        <testcase name="scope_search_finds_career_levels_by_level_name" file="/www/wwwroot/jobportal.prus.dev/tests/Unit/Models/CareerLevelTest.php" line="186" class="Tests\Unit\Models\CareerLevelTest" classname="Tests.Unit.Models.CareerLevelTest" assertions="3" time="0.691717"/>
        <testcase name="scope_recent_returns_recently_created_career_levels" file="/www/wwwroot/jobportal.prus.dev/tests/Unit/Models/CareerLevelTest.php" line="200" class="Tests\Unit\Models\CareerLevelTest" classname="Tests.Unit.Models.CareerLevelTest" assertions="1" time="0.670902"/>
        <testcase name="scope_old_returns_old_career_levels" file="/www/wwwroot/jobportal.prus.dev/tests/Unit/Models/CareerLevelTest.php" line="217" class="Tests\Unit\Models\CareerLevelTest" classname="Tests.Unit.Models.CareerLevelTest" assertions="1" time="0.511154"/>
        <testcase name="scope_with_jobs_returns_career_levels_that_have_jobs" file="/www/wwwroot/jobportal.prus.dev/tests/Unit/Models/CareerLevelTest.php" line="231" class="Tests\Unit\Models\CareerLevelTest" classname="Tests.Unit.Models.CareerLevelTest" assertions="2" time="0.794728"/>
        <testcase name="scope_with_candidates_returns_career_levels_that_have_candidates" file="/www/wwwroot/jobportal.prus.dev/tests/Unit/Models/CareerLevelTest.php" line="245" class="Tests\Unit\Models\CareerLevelTest" classname="Tests.Unit.Models.CareerLevelTest" assertions="0" time="0.988500">
          <skipped/>
        </testcase>
        <testcase name="scope_alphabetical_orders_career_levels_by_level_name" file="/www/wwwroot/jobportal.prus.dev/tests/Unit/Models/CareerLevelTest.php" line="254" class="Tests\Unit\Models\CareerLevelTest" classname="Tests.Unit.Models.CareerLevelTest" assertions="2" time="0.602904"/>
        <testcase name="scope_popular_returns_most_used_career_levels" file="/www/wwwroot/jobportal.prus.dev/tests/Unit/Models/CareerLevelTest.php" line="279" class="Tests\Unit\Models\CareerLevelTest" classname="Tests.Unit.Models.CareerLevelTest" assertions="2" time="1.181536"/>
        <testcase name="scope_entry_returns_entry_level_career_levels" file="/www/wwwroot/jobportal.prus.dev/tests/Unit/Models/CareerLevelTest.php" line="295" class="Tests\Unit\Models\CareerLevelTest" classname="Tests.Unit.Models.CareerLevelTest" assertions="3" time="0.574438"/>
        <testcase name="scope_senior_returns_senior_level_career_levels" file="/www/wwwroot/jobportal.prus.dev/tests/Unit/Models/CareerLevelTest.php" line="315" class="Tests\Unit\Models\CareerLevelTest" classname="Tests.Unit.Models.CareerLevelTest" assertions="3" time="0.799645"/>
        <testcase name="scope_management_returns_management_career_levels" file="/www/wwwroot/jobportal.prus.dev/tests/Unit/Models/CareerLevelTest.php" line="335" class="Tests\Unit\Models\CareerLevelTest" classname="Tests.Unit.Models.CareerLevelTest" assertions="3" time="0.945165"/>
      </testsuite>
      <testsuite name="Tests\Unit\Models\CategoryModelTest" file="/www/wwwroot/jobportal.prus.dev/tests/Unit/Models/CategoryModelTest.php" tests="3" assertions="5" errors="0" failures="0" skipped="0" time="1.998741">
        <testcase name="it_can_be_created" file="/www/wwwroot/jobportal.prus.dev/tests/Unit/Models/CategoryModelTest.php" line="19" class="Tests\Unit\Models\CategoryModelTest" classname="Tests.Unit.Models.CategoryModelTest" assertions="2" time="0.925313"/>
        <testcase name="it_has_required_fillable_fields" file="/www/wwwroot/jobportal.prus.dev/tests/Unit/Models/CategoryModelTest.php" line="28" class="Tests\Unit\Models\CategoryModelTest" classname="Tests.Unit.Models.CategoryModelTest" assertions="2" time="0.535013"/>
        <testcase name="it_can_be_deleted" file="/www/wwwroot/jobportal.prus.dev/tests/Unit/Models/CategoryModelTest.php" line="38" class="Tests\Unit\Models\CategoryModelTest" classname="Tests.Unit.Models.CategoryModelTest" assertions="1" time="0.538415"/>
      </testsuite>
      <testsuite name="Tests\Unit\Models\CityTest" file="/www/wwwroot/jobportal.prus.dev/tests/Unit/Models/CityTest.php" tests="53" assertions="118" errors="0" failures="0" skipped="2" time="46.104309">
        <testcase name="it_has_correct_fillable_attributes" file="/www/wwwroot/jobportal.prus.dev/tests/Unit/Models/CityTest.php" line="78" class="Tests\Unit\Models\CityTest" classname="Tests.Unit.Models.CityTest" assertions="1" time="0.945089"/>
        <testcase name="it_has_correct_casts" file="/www/wwwroot/jobportal.prus.dev/tests/Unit/Models/CityTest.php" line="97" class="Tests\Unit\Models\CityTest" classname="Tests.Unit.Models.CityTest" assertions="1" time="0.970249"/>
        <testcase name="it_hides_deleted_at_attribute" file="/www/wwwroot/jobportal.prus.dev/tests/Unit/Models/CityTest.php" line="121" class="Tests\Unit\Models\CityTest" classname="Tests.Unit.Models.CityTest" assertions="1" time="1.121211"/>
        <testcase name="it_belongs_to_state" file="/www/wwwroot/jobportal.prus.dev/tests/Unit/Models/CityTest.php" line="132" class="Tests\Unit\Models\CityTest" classname="Tests.Unit.Models.CityTest" assertions="2" time="1.016773"/>
        <testcase name="it_has_country_through_state" file="/www/wwwroot/jobportal.prus.dev/tests/Unit/Models/CityTest.php" line="139" class="Tests\Unit\Models\CityTest" classname="Tests.Unit.Models.CityTest" assertions="2" time="1.023098"/>
        <testcase name="it_has_many_users" file="/www/wwwroot/jobportal.prus.dev/tests/Unit/Models/CityTest.php" line="146" class="Tests\Unit\Models\CityTest" classname="Tests.Unit.Models.CityTest" assertions="0" time="0.921717">
          <skipped/>
        </testcase>
        <testcase name="it_has_many_companies" file="/www/wwwroot/jobportal.prus.dev/tests/Unit/Models/CityTest.php" line="152" class="Tests\Unit\Models\CityTest" classname="Tests.Unit.Models.CityTest" assertions="2" time="0.916154"/>
        <testcase name="it_has_many_jobs" file="/www/wwwroot/jobportal.prus.dev/tests/Unit/Models/CityTest.php" line="161" class="Tests\Unit\Models\CityTest" classname="Tests.Unit.Models.CityTest" assertions="2" time="0.714964"/>
        <testcase name="it_has_many_candidates" file="/www/wwwroot/jobportal.prus.dev/tests/Unit/Models/CityTest.php" line="170" class="Tests\Unit\Models\CityTest" classname="Tests.Unit.Models.CityTest" assertions="0" time="0.953883">
          <skipped/>
        </testcase>
        <testcase name="scope_active_returns_only_active_cities" file="/www/wwwroot/jobportal.prus.dev/tests/Unit/Models/CityTest.php" line="180" class="Tests\Unit\Models\CityTest" classname="Tests.Unit.Models.CityTest" assertions="3" time="0.572764"/>
        <testcase name="scope_inactive_returns_only_inactive_cities" file="/www/wwwroot/jobportal.prus.dev/tests/Unit/Models/CityTest.php" line="197" class="Tests\Unit\Models\CityTest" classname="Tests.Unit.Models.CityTest" assertions="3" time="0.840103"/>
        <testcase name="scope_featured_returns_only_featured_cities" file="/www/wwwroot/jobportal.prus.dev/tests/Unit/Models/CityTest.php" line="209" class="Tests\Unit\Models\CityTest" classname="Tests.Unit.Models.CityTest" assertions="3" time="0.673871"/>
        <testcase name="scope_by_state_filters_cities_by_state" file="/www/wwwroot/jobportal.prus.dev/tests/Unit/Models/CityTest.php" line="225" class="Tests\Unit\Models\CityTest" classname="Tests.Unit.Models.CityTest" assertions="2" time="0.893407"/>
        <testcase name="scope_in_states_filters_cities_by_multiple_states" file="/www/wwwroot/jobportal.prus.dev/tests/Unit/Models/CityTest.php" line="237" class="Tests\Unit\Models\CityTest" classname="Tests.Unit.Models.CityTest" assertions="3" time="0.911406"/>
        <testcase name="scope_by_country_filters_cities_by_country" file="/www/wwwroot/jobportal.prus.dev/tests/Unit/Models/CityTest.php" line="253" class="Tests\Unit\Models\CityTest" classname="Tests.Unit.Models.CityTest" assertions="2" time="0.950104"/>
        <testcase name="scope_with_coordinates_returns_cities_with_coordinates" file="/www/wwwroot/jobportal.prus.dev/tests/Unit/Models/CityTest.php" line="266" class="Tests\Unit\Models\CityTest" classname="Tests.Unit.Models.CityTest" assertions="2" time="1.014339"/>
        <testcase name="scope_without_coordinates_returns_cities_without_coordinates" file="/www/wwwroot/jobportal.prus.dev/tests/Unit/Models/CityTest.php" line="281" class="Tests\Unit\Models\CityTest" classname="Tests.Unit.Models.CityTest" assertions="3" time="0.896695"/>
        <testcase name="scope_by_timezone_filters_cities_by_timezone" file="/www/wwwroot/jobportal.prus.dev/tests/Unit/Models/CityTest.php" line="301" class="Tests\Unit\Models\CityTest" classname="Tests.Unit.Models.CityTest" assertions="2" time="0.926628"/>
        <testcase name="scope_by_population_range_filters_cities_by_population" file="/www/wwwroot/jobportal.prus.dev/tests/Unit/Models/CityTest.php" line="319" class="Tests\Unit\Models\CityTest" classname="Tests.Unit.Models.CityTest" assertions="2" time="1.009951"/>
        <testcase name="scope_population_greater_than_filters_correctly" file="/www/wwwroot/jobportal.prus.dev/tests/Unit/Models/CityTest.php" line="333" class="Tests\Unit\Models\CityTest" classname="Tests.Unit.Models.CityTest" assertions="2" time="1.249280"/>
        <testcase name="scope_population_less_than_filters_correctly" file="/www/wwwroot/jobportal.prus.dev/tests/Unit/Models/CityTest.php" line="347" class="Tests\Unit\Models\CityTest" classname="Tests.Unit.Models.CityTest" assertions="3" time="0.994868"/>
        <testcase name="scope_major_returns_major_cities" file="/www/wwwroot/jobportal.prus.dev/tests/Unit/Models/CityTest.php" line="362" class="Tests\Unit\Models\CityTest" classname="Tests.Unit.Models.CityTest" assertions="4" time="0.916110"/>
        <testcase name="scope_metropolitan_returns_metropolitan_cities" file="/www/wwwroot/jobportal.prus.dev/tests/Unit/Models/CityTest.php" line="387" class="Tests\Unit\Models\CityTest" classname="Tests.Unit.Models.CityTest" assertions="4" time="0.986972"/>
        <testcase name="scope_small_returns_small_cities" file="/www/wwwroot/jobportal.prus.dev/tests/Unit/Models/CityTest.php" line="412" class="Tests\Unit\Models\CityTest" classname="Tests.Unit.Models.CityTest" assertions="3" time="0.950007"/>
        <testcase name="scope_medium_returns_medium_cities" file="/www/wwwroot/jobportal.prus.dev/tests/Unit/Models/CityTest.php" line="427" class="Tests\Unit\Models\CityTest" classname="Tests.Unit.Models.CityTest" assertions="3" time="1.320205"/>
        <testcase name="scope_large_returns_large_cities" file="/www/wwwroot/jobportal.prus.dev/tests/Unit/Models/CityTest.php" line="442" class="Tests\Unit\Models\CityTest" classname="Tests.Unit.Models.CityTest" assertions="3" time="1.051335"/>
        <testcase name="scope_search_finds_cities_by_name" file="/www/wwwroot/jobportal.prus.dev/tests/Unit/Models/CityTest.php" line="461" class="Tests\Unit\Models\CityTest" classname="Tests.Unit.Models.CityTest" assertions="2" time="0.914336"/>
        <testcase name="scope_recent_returns_recently_created_cities" file="/www/wwwroot/jobportal.prus.dev/tests/Unit/Models/CityTest.php" line="475" class="Tests\Unit\Models\CityTest" classname="Tests.Unit.Models.CityTest" assertions="3" time="0.911906"/>
        <testcase name="scope_old_returns_old_cities" file="/www/wwwroot/jobportal.prus.dev/tests/Unit/Models/CityTest.php" line="494" class="Tests\Unit\Models\CityTest" classname="Tests.Unit.Models.CityTest" assertions="3" time="0.629672"/>
        <testcase name="scope_alphabetical_orders_cities_by_name" file="/www/wwwroot/jobportal.prus.dev/tests/Unit/Models/CityTest.php" line="509" class="Tests\Unit\Models\CityTest" classname="Tests.Unit.Models.CityTest" assertions="2" time="0.713832"/>
        <testcase name="scope_with_companies_returns_cities_with_companies" file="/www/wwwroot/jobportal.prus.dev/tests/Unit/Models/CityTest.php" line="531" class="Tests\Unit\Models\CityTest" classname="Tests.Unit.Models.CityTest" assertions="3" time="0.849642"/>
        <testcase name="scope_with_active_companies_returns_cities_with_active_companies" file="/www/wwwroot/jobportal.prus.dev/tests/Unit/Models/CityTest.php" line="544" class="Tests\Unit\Models\CityTest" classname="Tests.Unit.Models.CityTest" assertions="3" time="0.587916"/>
        <testcase name="scope_with_jobs_returns_cities_with_jobs" file="/www/wwwroot/jobportal.prus.dev/tests/Unit/Models/CityTest.php" line="558" class="Tests\Unit\Models\CityTest" classname="Tests.Unit.Models.CityTest" assertions="3" time="0.673206"/>
        <testcase name="scope_with_active_jobs_returns_cities_with_active_jobs" file="/www/wwwroot/jobportal.prus.dev/tests/Unit/Models/CityTest.php" line="571" class="Tests\Unit\Models\CityTest" classname="Tests.Unit.Models.CityTest" assertions="3" time="0.724921"/>
        <testcase name="scope_popular_returns_cities_ordered_by_active_companies_count" file="/www/wwwroot/jobportal.prus.dev/tests/Unit/Models/CityTest.php" line="585" class="Tests\Unit\Models\CityTest" classname="Tests.Unit.Models.CityTest" assertions="3" time="0.582221"/>
        <testcase name="has_coordinates_returns_true_when_both_coordinates_exist" file="/www/wwwroot/jobportal.prus.dev/tests/Unit/Models/CityTest.php" line="617" class="Tests\Unit\Models\CityTest" classname="Tests.Unit.Models.CityTest" assertions="1" time="0.742978"/>
        <testcase name="has_coordinates_returns_false_when_coordinates_missing" file="/www/wwwroot/jobportal.prus.dev/tests/Unit/Models/CityTest.php" line="623" class="Tests\Unit\Models\CityTest" classname="Tests.Unit.Models.CityTest" assertions="1" time="0.749680"/>
        <testcase name="get_coordinates_attribute_returns_formatted_coordinates" file="/www/wwwroot/jobportal.prus.dev/tests/Unit/Models/CityTest.php" line="635" class="Tests\Unit\Models\CityTest" classname="Tests.Unit.Models.CityTest" assertions="1" time="0.947437"/>
        <testcase name="get_coordinates_attribute_returns_null_when_no_coordinates" file="/www/wwwroot/jobportal.prus.dev/tests/Unit/Models/CityTest.php" line="642" class="Tests\Unit\Models\CityTest" classname="Tests.Unit.Models.CityTest" assertions="1" time="0.633004"/>
        <testcase name="get_population_category_attribute_returns_correct_category" file="/www/wwwroot/jobportal.prus.dev/tests/Unit/Models/CityTest.php" line="654" class="Tests\Unit\Models\CityTest" classname="Tests.Unit.Models.CityTest" assertions="3" time="0.751858"/>
        <testcase name="get_full_name_attribute_includes_state_and_country" file="/www/wwwroot/jobportal.prus.dev/tests/Unit/Models/CityTest.php" line="672" class="Tests\Unit\Models\CityTest" classname="Tests.Unit.Models.CityTest" assertions="1" time="0.511972"/>
        <testcase name="get_display_name_attribute_includes_state" file="/www/wwwroot/jobportal.prus.dev/tests/Unit/Models/CityTest.php" line="679" class="Tests\Unit\Models\CityTest" classname="Tests.Unit.Models.CityTest" assertions="1" time="0.667951"/>
        <testcase name="is_major_returns_true_for_major_cities" file="/www/wwwroot/jobportal.prus.dev/tests/Unit/Models/CityTest.php" line="686" class="Tests\Unit\Models\CityTest" classname="Tests.Unit.Models.CityTest" assertions="2" time="0.899782"/>
        <testcase name="is_metropolitan_returns_true_for_metropolitan_cities" file="/www/wwwroot/jobportal.prus.dev/tests/Unit/Models/CityTest.php" line="699" class="Tests\Unit\Models\CityTest" classname="Tests.Unit.Models.CityTest" assertions="2" time="0.973995"/>
        <testcase name="distance_to_calculates_distance_between_cities" file="/www/wwwroot/jobportal.prus.dev/tests/Unit/Models/CityTest.php" line="712" class="Tests\Unit\Models\CityTest" classname="Tests.Unit.Models.CityTest" assertions="3" time="0.945063"/>
        <testcase name="distance_to_returns_null_when_coordinates_missing" file="/www/wwwroot/jobportal.prus.dev/tests/Unit/Models/CityTest.php" line="728" class="Tests\Unit\Models\CityTest" classname="Tests.Unit.Models.CityTest" assertions="1" time="0.895902"/>
        <testcase name="get_cached_by_state_returns_cached_results" file="/www/wwwroot/jobportal.prus.dev/tests/Unit/Models/CityTest.php" line="746" class="Tests\Unit\Models\CityTest" classname="Tests.Unit.Models.CityTest" assertions="3" time="0.621174"/>
        <testcase name="get_cached_by_country_returns_cached_results" file="/www/wwwroot/jobportal.prus.dev/tests/Unit/Models/CityTest.php" line="759" class="Tests\Unit\Models\CityTest" classname="Tests.Unit.Models.CityTest" assertions="3" time="0.853959"/>
        <testcase name="get_cached_active_returns_cached_results" file="/www/wwwroot/jobportal.prus.dev/tests/Unit/Models/CityTest.php" line="770" class="Tests\Unit\Models\CityTest" classname="Tests.Unit.Models.CityTest" assertions="4" time="1.023250"/>
        <testcase name="get_cached_featured_returns_cached_results" file="/www/wwwroot/jobportal.prus.dev/tests/Unit/Models/CityTest.php" line="783" class="Tests\Unit\Models\CityTest" classname="Tests.Unit.Models.CityTest" assertions="3" time="1.226259"/>
        <testcase name="clear_caches_removes_related_cache_keys" file="/www/wwwroot/jobportal.prus.dev/tests/Unit/Models/CityTest.php" line="796" class="Tests\Unit\Models\CityTest" classname="Tests.Unit.Models.CityTest" assertions="3" time="0.925475"/>
        <testcase name="validation_rules_are_correctly_defined" file="/www/wwwroot/jobportal.prus.dev/tests/Unit/Models/CityTest.php" line="815" class="Tests\Unit\Models\CityTest" classname="Tests.Unit.Models.CityTest" assertions="1" time="0.821871"/>
        <testcase name="update_rules_exclude_current_city_from_unique_check" file="/www/wwwroot/jobportal.prus.dev/tests/Unit/Models/CityTest.php" line="834" class="Tests\Unit\Models\CityTest" classname="Tests.Unit.Models.CityTest" assertions="1" time="0.583861"/>
      </testsuite>
      <testsuite name="Tests\Unit\Models\CmsServicesTest" file="/www/wwwroot/jobportal.prus.dev/tests/Unit/Models/CmsServicesTest.php" tests="5" assertions="7" errors="0" failures="0" skipped="0" time="4.242489">
        <testcase name="it_can_be_created" file="/www/wwwroot/jobportal.prus.dev/tests/Unit/Models/CmsServicesTest.php" line="19" class="Tests\Unit\Models\CmsServicesTest" classname="Tests.Unit.Models.CmsServicesTest" assertions="2" time="0.766243"/>
        <testcase name="it_has_fillable_attributes" file="/www/wwwroot/jobportal.prus.dev/tests/Unit/Models/CmsServicesTest.php" line="30" class="Tests\Unit\Models\CmsServicesTest" classname="Tests.Unit.Models.CmsServicesTest" assertions="2" time="0.507191"/>
        <testcase name="it_has_proper_casts" file="/www/wwwroot/jobportal.prus.dev/tests/Unit/Models/CmsServicesTest.php" line="40" class="Tests\Unit\Models\CmsServicesTest" classname="Tests.Unit.Models.CmsServicesTest" assertions="1" time="1.071804"/>
        <testcase name="it_can_be_updated" file="/www/wwwroot/jobportal.prus.dev/tests/Unit/Models/CmsServicesTest.php" line="50" class="Tests\Unit\Models\CmsServicesTest" classname="Tests.Unit.Models.CmsServicesTest" assertions="1" time="0.980050"/>
        <testcase name="it_can_be_deleted" file="/www/wwwroot/jobportal.prus.dev/tests/Unit/Models/CmsServicesTest.php" line="65" class="Tests\Unit\Models\CmsServicesTest" classname="Tests.Unit.Models.CmsServicesTest" assertions="1" time="0.917202"/>
      </testsuite>
      <testsuite name="Tests\Unit\Models\CompanyModelTest" file="/www/wwwroot/jobportal.prus.dev/tests/Unit/Models/CompanyModelTest.php" tests="3" assertions="5" errors="0" failures="0" skipped="0" time="3.021854">
        <testcase name="it_can_be_created" file="/www/wwwroot/jobportal.prus.dev/tests/Unit/Models/CompanyModelTest.php" line="19" class="Tests\Unit\Models\CompanyModelTest" classname="Tests.Unit.Models.CompanyModelTest" assertions="2" time="0.875247"/>
        <testcase name="it_has_required_fillable_fields" file="/www/wwwroot/jobportal.prus.dev/tests/Unit/Models/CompanyModelTest.php" line="28" class="Tests\Unit\Models\CompanyModelTest" classname="Tests.Unit.Models.CompanyModelTest" assertions="2" time="0.904667"/>
        <testcase name="it_can_be_soft_deleted" file="/www/wwwroot/jobportal.prus.dev/tests/Unit/Models/CompanyModelTest.php" line="38" class="Tests\Unit\Models\CompanyModelTest" classname="Tests.Unit.Models.CompanyModelTest" assertions="1" time="1.241941"/>
      </testsuite>
      <testsuite name="Tests\Unit\Models\CompanySizeTest" file="/www/wwwroot/jobportal.prus.dev/tests/Unit/Models/CompanySizeTest.php" tests="19" assertions="56" errors="0" failures="0" skipped="0" time="16.073219">
        <testcase name="it_can_be_created" file="/www/wwwroot/jobportal.prus.dev/tests/Unit/Models/CompanySizeTest.php" line="21" class="Tests\Unit\Models\CompanySizeTest" classname="Tests.Unit.Models.CompanySizeTest" assertions="2" time="0.970233"/>
        <testcase name="it_has_fillable_attributes" file="/www/wwwroot/jobportal.prus.dev/tests/Unit/Models/CompanySizeTest.php" line="32" class="Tests\Unit\Models\CompanySizeTest" classname="Tests.Unit.Models.CompanySizeTest" assertions="5" time="0.855941"/>
        <testcase name="it_has_proper_casts" file="/www/wwwroot/jobportal.prus.dev/tests/Unit/Models/CompanySizeTest.php" line="47" class="Tests\Unit\Models\CompanySizeTest" classname="Tests.Unit.Models.CompanySizeTest" assertions="11" time="0.856923"/>
        <testcase name="it_can_be_updated" file="/www/wwwroot/jobportal.prus.dev/tests/Unit/Models/CompanySizeTest.php" line="68" class="Tests\Unit\Models\CompanySizeTest" classname="Tests.Unit.Models.CompanySizeTest" assertions="1" time="0.656702"/>
        <testcase name="it_can_be_deleted" file="/www/wwwroot/jobportal.prus.dev/tests/Unit/Models/CompanySizeTest.php" line="82" class="Tests\Unit\Models\CompanySizeTest" classname="Tests.Unit.Models.CompanySizeTest" assertions="1" time="0.619569"/>
        <testcase name="it_has_companies_relationship" file="/www/wwwroot/jobportal.prus.dev/tests/Unit/Models/CompanySizeTest.php" line="95" class="Tests\Unit\Models\CompanySizeTest" classname="Tests.Unit.Models.CompanySizeTest" assertions="3" time="0.993473"/>
        <testcase name="scope_active_returns_active_company_sizes" file="/www/wwwroot/jobportal.prus.dev/tests/Unit/Models/CompanySizeTest.php" line="106" class="Tests\Unit\Models\CompanySizeTest" classname="Tests.Unit.Models.CompanySizeTest" assertions="8" time="0.677792"/>
        <testcase name="scope_inactive_returns_inactive_company_sizes" file="/www/wwwroot/jobportal.prus.dev/tests/Unit/Models/CompanySizeTest.php" line="124" class="Tests\Unit\Models\CompanySizeTest" classname="Tests.Unit.Models.CompanySizeTest" assertions="3" time="0.577545"/>
        <testcase name="scope_default_returns_default_company_sizes" file="/www/wwwroot/jobportal.prus.dev/tests/Unit/Models/CompanySizeTest.php" line="138" class="Tests\Unit\Models\CompanySizeTest" classname="Tests.Unit.Models.CompanySizeTest" assertions="6" time="0.877456"/>
        <testcase name="scope_custom_returns_custom_company_sizes" file="/www/wwwroot/jobportal.prus.dev/tests/Unit/Models/CompanySizeTest.php" line="156" class="Tests\Unit\Models\CompanySizeTest" classname="Tests.Unit.Models.CompanySizeTest" assertions="3" time="0.496194"/>
        <testcase name="scope_search_finds_company_sizes_by_size_name" file="/www/wwwroot/jobportal.prus.dev/tests/Unit/Models/CompanySizeTest.php" line="170" class="Tests\Unit\Models\CompanySizeTest" classname="Tests.Unit.Models.CompanySizeTest" assertions="2" time="0.717368"/>
        <testcase name="scope_recent_returns_recently_created_company_sizes" file="/www/wwwroot/jobportal.prus.dev/tests/Unit/Models/CompanySizeTest.php" line="183" class="Tests\Unit\Models\CompanySizeTest" classname="Tests.Unit.Models.CompanySizeTest" assertions="1" time="0.915179"/>
        <testcase name="scope_old_returns_old_company_sizes" file="/www/wwwroot/jobportal.prus.dev/tests/Unit/Models/CompanySizeTest.php" line="201" class="Tests\Unit\Models\CompanySizeTest" classname="Tests.Unit.Models.CompanySizeTest" assertions="1" time="1.140259"/>
        <testcase name="scope_with_companies_returns_company_sizes_that_have_companies" file="/www/wwwroot/jobportal.prus.dev/tests/Unit/Models/CompanySizeTest.php" line="215" class="Tests\Unit\Models\CompanySizeTest" classname="Tests.Unit.Models.CompanySizeTest" assertions="2" time="0.903189"/>
        <testcase name="scope_alphabetical_orders_company_sizes_by_size_name" file="/www/wwwroot/jobportal.prus.dev/tests/Unit/Models/CompanySizeTest.php" line="233" class="Tests\Unit\Models\CompanySizeTest" classname="Tests.Unit.Models.CompanySizeTest" assertions="2" time="0.870129"/>
        <testcase name="scope_popular_returns_most_used_company_sizes" file="/www/wwwroot/jobportal.prus.dev/tests/Unit/Models/CompanySizeTest.php" line="260" class="Tests\Unit\Models\CompanySizeTest" classname="Tests.Unit.Models.CompanySizeTest" assertions="2" time="0.961802"/>
        <testcase name="scope_small_returns_small_company_sizes" file="/www/wwwroot/jobportal.prus.dev/tests/Unit/Models/CompanySizeTest.php" line="276" class="Tests\Unit\Models\CompanySizeTest" classname="Tests.Unit.Models.CompanySizeTest" assertions="1" time="0.866996"/>
        <testcase name="scope_medium_returns_medium_company_sizes" file="/www/wwwroot/jobportal.prus.dev/tests/Unit/Models/CompanySizeTest.php" line="288" class="Tests\Unit\Models\CompanySizeTest" classname="Tests.Unit.Models.CompanySizeTest" assertions="1" time="1.196861"/>
        <testcase name="scope_large_returns_large_company_sizes" file="/www/wwwroot/jobportal.prus.dev/tests/Unit/Models/CompanySizeTest.php" line="300" class="Tests\Unit\Models\CompanySizeTest" classname="Tests.Unit.Models.CompanySizeTest" assertions="1" time="0.919609"/>
      </testsuite>
      <testsuite name="Tests\Unit\Models\CompanyTest" file="/www/wwwroot/jobportal.prus.dev/tests/Unit/Models/CompanyTest.php" tests="27" assertions="65" errors="0" failures="0" skipped="1" time="21.763744">
        <testcase name="it_has_correct_fillable_attributes" file="/www/wwwroot/jobportal.prus.dev/tests/Unit/Models/CompanyTest.php" line="39" class="Tests\Unit\Models\CompanyTest" classname="Tests.Unit.Models.CompanyTest" assertions="1" time="0.869292"/>
        <testcase name="it_has_correct_casts" file="/www/wwwroot/jobportal.prus.dev/tests/Unit/Models/CompanyTest.php" line="64" class="Tests\Unit\Models\CompanyTest" classname="Tests.Unit.Models.CompanyTest" assertions="16" time="0.873373"/>
        <testcase name="it_belongs_to_user" file="/www/wwwroot/jobportal.prus.dev/tests/Unit/Models/CompanyTest.php" line="95" class="Tests\Unit\Models\CompanyTest" classname="Tests.Unit.Models.CompanyTest" assertions="0" time="0.874541">
          <skipped/>
        </testcase>
        <testcase name="it_belongs_to_location_models" file="/www/wwwroot/jobportal.prus.dev/tests/Unit/Models/CompanyTest.php" line="101" class="Tests\Unit\Models\CompanyTest" classname="Tests.Unit.Models.CompanyTest" assertions="6" time="0.945713"/>
        <testcase name="it_belongs_to_industry" file="/www/wwwroot/jobportal.prus.dev/tests/Unit/Models/CompanyTest.php" line="123" class="Tests\Unit\Models\CompanyTest" classname="Tests.Unit.Models.CompanyTest" assertions="2" time="0.728699"/>
        <testcase name="it_belongs_to_ownership_type" file="/www/wwwroot/jobportal.prus.dev/tests/Unit/Models/CompanyTest.php" line="133" class="Tests\Unit\Models\CompanyTest" classname="Tests.Unit.Models.CompanyTest" assertions="2" time="0.787419"/>
        <testcase name="it_belongs_to_company_size" file="/www/wwwroot/jobportal.prus.dev/tests/Unit/Models/CompanyTest.php" line="143" class="Tests\Unit\Models\CompanyTest" classname="Tests.Unit.Models.CompanyTest" assertions="2" time="0.639233"/>
        <testcase name="it_has_many_jobs" file="/www/wwwroot/jobportal.prus.dev/tests/Unit/Models/CompanyTest.php" line="153" class="Tests\Unit\Models\CompanyTest" classname="Tests.Unit.Models.CompanyTest" assertions="5" time="0.594600"/>
        <testcase name="active_scope_returns_only_active_companies" file="/www/wwwroot/jobportal.prus.dev/tests/Unit/Models/CompanyTest.php" line="166" class="Tests\Unit\Models\CompanyTest" classname="Tests.Unit.Models.CompanyTest" assertions="3" time="0.803764"/>
        <testcase name="inactive_scope_returns_only_inactive_companies" file="/www/wwwroot/jobportal.prus.dev/tests/Unit/Models/CompanyTest.php" line="179" class="Tests\Unit\Models\CompanyTest" classname="Tests.Unit.Models.CompanyTest" assertions="1" time="0.890998"/>
        <testcase name="featured_scope_returns_only_featured_companies" file="/www/wwwroot/jobportal.prus.dev/tests/Unit/Models/CompanyTest.php" line="192" class="Tests\Unit\Models\CompanyTest" classname="Tests.Unit.Models.CompanyTest" assertions="1" time="1.059946"/>
        <testcase name="verified_scope_returns_only_verified_companies" file="/www/wwwroot/jobportal.prus.dev/tests/Unit/Models/CompanyTest.php" line="205" class="Tests\Unit\Models\CompanyTest" classname="Tests.Unit.Models.CompanyTest" assertions="1" time="0.846759"/>
        <testcase name="by_industry_scope_filters_by_industry" file="/www/wwwroot/jobportal.prus.dev/tests/Unit/Models/CompanyTest.php" line="218" class="Tests\Unit\Models\CompanyTest" classname="Tests.Unit.Models.CompanyTest" assertions="1" time="0.895223"/>
        <testcase name="by_location_scope_filters_by_location" file="/www/wwwroot/jobportal.prus.dev/tests/Unit/Models/CompanyTest.php" line="231" class="Tests\Unit\Models\CompanyTest" classname="Tests.Unit.Models.CompanyTest" assertions="3" time="0.949723"/>
        <testcase name="by_size_scope_filters_by_company_size" file="/www/wwwroot/jobportal.prus.dev/tests/Unit/Models/CompanyTest.php" line="253" class="Tests\Unit\Models\CompanyTest" classname="Tests.Unit.Models.CompanyTest" assertions="1" time="0.721761"/>
        <testcase name="search_scope_searches_in_name_and_details" file="/www/wwwroot/jobportal.prus.dev/tests/Unit/Models/CompanyTest.php" line="266" class="Tests\Unit\Models\CompanyTest" classname="Tests.Unit.Models.CompanyTest" assertions="2" time="1.155544"/>
        <testcase name="recent_scope_returns_companies_from_last30_days" file="/www/wwwroot/jobportal.prus.dev/tests/Unit/Models/CompanyTest.php" line="278" class="Tests\Unit\Models\CompanyTest" classname="Tests.Unit.Models.CompanyTest" assertions="3" time="0.762626"/>
        <testcase name="established_between_scope_filters_by_establishment_year" file="/www/wwwroot/jobportal.prus.dev/tests/Unit/Models/CompanyTest.php" line="291" class="Tests\Unit\Models\CompanyTest" classname="Tests.Unit.Models.CompanyTest" assertions="2" time="0.555932"/>
        <testcase name="with_jobs_scope_returns_companies_with_jobs" file="/www/wwwroot/jobportal.prus.dev/tests/Unit/Models/CompanyTest.php" line="304" class="Tests\Unit\Models\CompanyTest" classname="Tests.Unit.Models.CompanyTest" assertions="2" time="0.702533"/>
        <testcase name="it_can_get_full_location_string" file="/www/wwwroot/jobportal.prus.dev/tests/Unit/Models/CompanyTest.php" line="318" class="Tests\Unit\Models\CompanyTest" classname="Tests.Unit.Models.CompanyTest" assertions="3" time="0.564970"/>
        <testcase name="it_can_get_jobs_count" file="/www/wwwroot/jobportal.prus.dev/tests/Unit/Models/CompanyTest.php" line="339" class="Tests\Unit\Models\CompanyTest" classname="Tests.Unit.Models.CompanyTest" assertions="1" time="0.710378"/>
        <testcase name="it_can_get_active_jobs_count" file="/www/wwwroot/jobportal.prus.dev/tests/Unit/Models/CompanyTest.php" line="347" class="Tests\Unit\Models\CompanyTest" classname="Tests.Unit.Models.CompanyTest" assertions="1" time="0.968700"/>
        <testcase name="it_can_check_if_company_has_social_links" file="/www/wwwroot/jobportal.prus.dev/tests/Unit/Models/CompanyTest.php" line="362" class="Tests\Unit\Models\CompanyTest" classname="Tests.Unit.Models.CompanyTest" assertions="2" time="1.043396"/>
        <testcase name="it_can_get_company_age" file="/www/wwwroot/jobportal.prus.dev/tests/Unit/Models/CompanyTest.php" line="380" class="Tests\Unit\Models\CompanyTest" classname="Tests.Unit.Models.CompanyTest" assertions="1" time="0.887109"/>
        <testcase name="it_returns_null_age_for_companies_without_establishment_year" file="/www/wwwroot/jobportal.prus.dev/tests/Unit/Models/CompanyTest.php" line="389" class="Tests\Unit\Models\CompanyTest" classname="Tests.Unit.Models.CompanyTest" assertions="1" time="0.700882"/>
        <testcase name="it_can_get_employee_range_description" file="/www/wwwroot/jobportal.prus.dev/tests/Unit/Models/CompanyTest.php" line="397" class="Tests\Unit\Models\CompanyTest" classname="Tests.Unit.Models.CompanyTest" assertions="1" time="0.491581"/>
        <testcase name="it_returns_employee_count_when_no_size_category" file="/www/wwwroot/jobportal.prus.dev/tests/Unit/Models/CompanyTest.php" line="406" class="Tests\Unit\Models\CompanyTest" classname="Tests.Unit.Models.CompanyTest" assertions="1" time="0.739052"/>
      </testsuite>
      <testsuite name="Tests\Unit\Models\CountryTest" file="/www/wwwroot/jobportal.prus.dev/tests/Unit/Models/CountryTest.php" tests="5" assertions="7" errors="0" failures="0" skipped="0" time="3.908528">
        <testcase name="it_can_be_created" file="/www/wwwroot/jobportal.prus.dev/tests/Unit/Models/CountryTest.php" line="19" class="Tests\Unit\Models\CountryTest" classname="Tests.Unit.Models.CountryTest" assertions="2" time="0.874142"/>
        <testcase name="it_has_fillable_attributes" file="/www/wwwroot/jobportal.prus.dev/tests/Unit/Models/CountryTest.php" line="30" class="Tests\Unit\Models\CountryTest" classname="Tests.Unit.Models.CountryTest" assertions="2" time="0.861544"/>
        <testcase name="it_has_proper_casts" file="/www/wwwroot/jobportal.prus.dev/tests/Unit/Models/CountryTest.php" line="40" class="Tests\Unit\Models\CountryTest" classname="Tests.Unit.Models.CountryTest" assertions="1" time="0.880905"/>
        <testcase name="it_can_be_updated" file="/www/wwwroot/jobportal.prus.dev/tests/Unit/Models/CountryTest.php" line="50" class="Tests\Unit\Models\CountryTest" classname="Tests.Unit.Models.CountryTest" assertions="1" time="0.652150"/>
        <testcase name="it_can_be_deleted" file="/www/wwwroot/jobportal.prus.dev/tests/Unit/Models/CountryTest.php" line="65" class="Tests\Unit\Models\CountryTest" classname="Tests.Unit.Models.CountryTest" assertions="1" time="0.639787"/>
      </testsuite>
      <testsuite name="Tests\Unit\Models\CustomMediaTest" file="/www/wwwroot/jobportal.prus.dev/tests/Unit/Models/CustomMediaTest.php" tests="9" assertions="24" errors="0" failures="0" skipped="0" time="7.720501">
        <testcase name="it_can_be_created" file="/www/wwwroot/jobportal.prus.dev/tests/Unit/Models/CustomMediaTest.php" line="20" class="Tests\Unit\Models\CustomMediaTest" classname="Tests.Unit.Models.CustomMediaTest" assertions="2" time="0.897650"/>
        <testcase name="it_has_fillable_attributes" file="/www/wwwroot/jobportal.prus.dev/tests/Unit/Models/CustomMediaTest.php" line="31" class="Tests\Unit\Models\CustomMediaTest" classname="Tests.Unit.Models.CustomMediaTest" assertions="8" time="0.861586"/>
        <testcase name="it_has_proper_casts" file="/www/wwwroot/jobportal.prus.dev/tests/Unit/Models/CustomMediaTest.php" line="53" class="Tests\Unit\Models\CustomMediaTest" classname="Tests.Unit.Models.CustomMediaTest" assertions="2" time="0.924326"/>
        <testcase name="it_can_be_updated" file="/www/wwwroot/jobportal.prus.dev/tests/Unit/Models/CustomMediaTest.php" line="66" class="Tests\Unit\Models\CustomMediaTest" classname="Tests.Unit.Models.CustomMediaTest" assertions="1" time="0.819742"/>
        <testcase name="it_can_be_deleted" file="/www/wwwroot/jobportal.prus.dev/tests/Unit/Models/CustomMediaTest.php" line="85" class="Tests\Unit\Models\CustomMediaTest" classname="Tests.Unit.Models.CustomMediaTest" assertions="1" time="0.743883"/>
        <testcase name="it_validates_required_fields_using_arr_has_all" file="/www/wwwroot/jobportal.prus.dev/tests/Unit/Models/CustomMediaTest.php" line="99" class="Tests\Unit\Models\CustomMediaTest" classname="Tests.Unit.Models.CustomMediaTest" assertions="2" time="0.910593"/>
        <testcase name="it_validates_nested_properties_using_dot_notation" file="/www/wwwroot/jobportal.prus.dev/tests/Unit/Models/CustomMediaTest.php" line="120" class="Tests\Unit\Models\CustomMediaTest" classname="Tests.Unit.Models.CustomMediaTest" assertions="2" time="0.562992"/>
        <testcase name="it_can_use_enhanced_factory_validation" file="/www/wwwroot/jobportal.prus.dev/tests/Unit/Models/CustomMediaTest.php" line="142" class="Tests\Unit\Models\CustomMediaTest" classname="Tests.Unit.Models.CustomMediaTest" assertions="0" time="0.906238"/>
        <testcase name="it_can_create_specific_media_types" file="/www/wwwroot/jobportal.prus.dev/tests/Unit/Models/CustomMediaTest.php" line="151" class="Tests\Unit\Models\CustomMediaTest" classname="Tests.Unit.Models.CustomMediaTest" assertions="6" time="1.093491"/>
      </testsuite>
      <testsuite name="Tests\Unit\Models\EmailJobTest" file="/www/wwwroot/jobportal.prus.dev/tests/Unit/Models/EmailJobTest.php" tests="5" assertions="3" errors="0" failures="0" skipped="3" time="2.913726">
        <testcase name="it_can_be_created" file="/www/wwwroot/jobportal.prus.dev/tests/Unit/Models/EmailJobTest.php" line="19" class="Tests\Unit\Models\EmailJobTest" classname="Tests.Unit.Models.EmailJobTest" assertions="0" time="0.748131">
          <skipped/>
        </testcase>
        <testcase name="it_has_fillable_attributes" file="/www/wwwroot/jobportal.prus.dev/tests/Unit/Models/EmailJobTest.php" line="25" class="Tests\Unit\Models\EmailJobTest" classname="Tests.Unit.Models.EmailJobTest" assertions="2" time="0.739482"/>
        <testcase name="it_has_proper_casts" file="/www/wwwroot/jobportal.prus.dev/tests/Unit/Models/EmailJobTest.php" line="35" class="Tests\Unit\Models\EmailJobTest" classname="Tests.Unit.Models.EmailJobTest" assertions="1" time="0.465371"/>
        <testcase name="it_can_be_updated" file="/www/wwwroot/jobportal.prus.dev/tests/Unit/Models/EmailJobTest.php" line="45" class="Tests\Unit\Models\EmailJobTest" classname="Tests.Unit.Models.EmailJobTest" assertions="0" time="0.494971">
          <skipped/>
        </testcase>
        <testcase name="it_can_be_deleted" file="/www/wwwroot/jobportal.prus.dev/tests/Unit/Models/EmailJobTest.php" line="51" class="Tests\Unit\Models\EmailJobTest" classname="Tests.Unit.Models.EmailJobTest" assertions="0" time="0.465771">
          <skipped/>
        </testcase>
      </testsuite>
      <testsuite name="Tests\Unit\Models\EmailTemplateTest" file="/www/wwwroot/jobportal.prus.dev/tests/Unit/Models/EmailTemplateTest.php" tests="5" assertions="7" errors="0" failures="0" skipped="0" time="4.215415">
        <testcase name="it_can_be_created" file="/www/wwwroot/jobportal.prus.dev/tests/Unit/Models/EmailTemplateTest.php" line="19" class="Tests\Unit\Models\EmailTemplateTest" classname="Tests.Unit.Models.EmailTemplateTest" assertions="2" time="0.768076"/>
        <testcase name="it_has_fillable_attributes" file="/www/wwwroot/jobportal.prus.dev/tests/Unit/Models/EmailTemplateTest.php" line="30" class="Tests\Unit\Models\EmailTemplateTest" classname="Tests.Unit.Models.EmailTemplateTest" assertions="2" time="0.751109"/>
        <testcase name="it_has_proper_casts" file="/www/wwwroot/jobportal.prus.dev/tests/Unit/Models/EmailTemplateTest.php" line="40" class="Tests\Unit\Models\EmailTemplateTest" classname="Tests.Unit.Models.EmailTemplateTest" assertions="1" time="0.895868"/>
        <testcase name="it_can_be_updated" file="/www/wwwroot/jobportal.prus.dev/tests/Unit/Models/EmailTemplateTest.php" line="50" class="Tests\Unit\Models\EmailTemplateTest" classname="Tests.Unit.Models.EmailTemplateTest" assertions="1" time="0.933103"/>
        <testcase name="it_can_be_deleted" file="/www/wwwroot/jobportal.prus.dev/tests/Unit/Models/EmailTemplateTest.php" line="65" class="Tests\Unit\Models\EmailTemplateTest" classname="Tests.Unit.Models.EmailTemplateTest" assertions="1" time="0.867259"/>
      </testsuite>
      <testsuite name="Tests\Unit\Models\EnvSettingTest" file="/www/wwwroot/jobportal.prus.dev/tests/Unit/Models/EnvSettingTest.php" tests="5" assertions="7" errors="0" failures="0" skipped="0" time="4.430989">
        <testcase name="it_can_be_created" file="/www/wwwroot/jobportal.prus.dev/tests/Unit/Models/EnvSettingTest.php" line="19" class="Tests\Unit\Models\EnvSettingTest" classname="Tests.Unit.Models.EnvSettingTest" assertions="2" time="0.860229"/>
        <testcase name="it_has_fillable_attributes" file="/www/wwwroot/jobportal.prus.dev/tests/Unit/Models/EnvSettingTest.php" line="30" class="Tests\Unit\Models\EnvSettingTest" classname="Tests.Unit.Models.EnvSettingTest" assertions="2" time="0.814287"/>
        <testcase name="it_has_proper_casts" file="/www/wwwroot/jobportal.prus.dev/tests/Unit/Models/EnvSettingTest.php" line="40" class="Tests\Unit\Models\EnvSettingTest" classname="Tests.Unit.Models.EnvSettingTest" assertions="1" time="0.901813"/>
        <testcase name="it_can_be_updated" file="/www/wwwroot/jobportal.prus.dev/tests/Unit/Models/EnvSettingTest.php" line="50" class="Tests\Unit\Models\EnvSettingTest" classname="Tests.Unit.Models.EnvSettingTest" assertions="1" time="0.970684"/>
        <testcase name="it_can_be_deleted" file="/www/wwwroot/jobportal.prus.dev/tests/Unit/Models/EnvSettingTest.php" line="65" class="Tests\Unit\Models\EnvSettingTest" classname="Tests.Unit.Models.EnvSettingTest" assertions="1" time="0.883977"/>
      </testsuite>
      <testsuite name="Tests\Unit\Models\FAQTest" file="/www/wwwroot/jobportal.prus.dev/tests/Unit/Models/FAQTest.php" tests="5" assertions="7" errors="0" failures="0" skipped="0" time="4.337600">
        <testcase name="it_can_be_created" file="/www/wwwroot/jobportal.prus.dev/tests/Unit/Models/FAQTest.php" line="19" class="Tests\Unit\Models\FAQTest" classname="Tests.Unit.Models.FAQTest" assertions="2" time="0.912768"/>
        <testcase name="it_has_fillable_attributes" file="/www/wwwroot/jobportal.prus.dev/tests/Unit/Models/FAQTest.php" line="30" class="Tests\Unit\Models\FAQTest" classname="Tests.Unit.Models.FAQTest" assertions="2" time="0.877957"/>
        <testcase name="it_has_proper_casts" file="/www/wwwroot/jobportal.prus.dev/tests/Unit/Models/FAQTest.php" line="40" class="Tests\Unit\Models\FAQTest" classname="Tests.Unit.Models.FAQTest" assertions="1" time="0.873131"/>
        <testcase name="it_can_be_updated" file="/www/wwwroot/jobportal.prus.dev/tests/Unit/Models/FAQTest.php" line="50" class="Tests\Unit\Models\FAQTest" classname="Tests.Unit.Models.FAQTest" assertions="1" time="0.852192"/>
        <testcase name="it_can_be_deleted" file="/www/wwwroot/jobportal.prus.dev/tests/Unit/Models/FAQTest.php" line="71" class="Tests\Unit\Models\FAQTest" classname="Tests.Unit.Models.FAQTest" assertions="1" time="0.821551"/>
      </testsuite>
      <testsuite name="Tests\Unit\Models\FavouriteCompanyTest" file="/www/wwwroot/jobportal.prus.dev/tests/Unit/Models/FavouriteCompanyTest.php" tests="5" assertions="3" errors="0" failures="0" skipped="3" time="3.408121">
        <testcase name="it_can_be_created" file="/www/wwwroot/jobportal.prus.dev/tests/Unit/Models/FavouriteCompanyTest.php" line="19" class="Tests\Unit\Models\FavouriteCompanyTest" classname="Tests.Unit.Models.FavouriteCompanyTest" assertions="0" time="0.856271">
          <skipped/>
        </testcase>
        <testcase name="it_has_fillable_attributes" file="/www/wwwroot/jobportal.prus.dev/tests/Unit/Models/FavouriteCompanyTest.php" line="25" class="Tests\Unit\Models\FavouriteCompanyTest" classname="Tests.Unit.Models.FavouriteCompanyTest" assertions="2" time="0.465416"/>
        <testcase name="it_has_proper_casts" file="/www/wwwroot/jobportal.prus.dev/tests/Unit/Models/FavouriteCompanyTest.php" line="35" class="Tests\Unit\Models\FavouriteCompanyTest" classname="Tests.Unit.Models.FavouriteCompanyTest" assertions="1" time="0.620791"/>
        <testcase name="it_can_be_updated" file="/www/wwwroot/jobportal.prus.dev/tests/Unit/Models/FavouriteCompanyTest.php" line="45" class="Tests\Unit\Models\FavouriteCompanyTest" classname="Tests.Unit.Models.FavouriteCompanyTest" assertions="0" time="0.706661">
          <skipped/>
        </testcase>
        <testcase name="it_can_be_deleted" file="/www/wwwroot/jobportal.prus.dev/tests/Unit/Models/FavouriteCompanyTest.php" line="51" class="Tests\Unit\Models\FavouriteCompanyTest" classname="Tests.Unit.Models.FavouriteCompanyTest" assertions="0" time="0.758983">
          <skipped/>
        </testcase>
      </testsuite>
      <testsuite name="Tests\Unit\Models\FavouriteJobTest" file="/www/wwwroot/jobportal.prus.dev/tests/Unit/Models/FavouriteJobTest.php" tests="5" assertions="3" errors="0" failures="0" skipped="3" time="3.636697">
        <testcase name="it_can_be_created" file="/www/wwwroot/jobportal.prus.dev/tests/Unit/Models/FavouriteJobTest.php" line="19" class="Tests\Unit\Models\FavouriteJobTest" classname="Tests.Unit.Models.FavouriteJobTest" assertions="0" time="0.951569">
          <skipped/>
        </testcase>
        <testcase name="it_has_fillable_attributes" file="/www/wwwroot/jobportal.prus.dev/tests/Unit/Models/FavouriteJobTest.php" line="25" class="Tests\Unit\Models\FavouriteJobTest" classname="Tests.Unit.Models.FavouriteJobTest" assertions="2" time="0.817978"/>
        <testcase name="it_has_proper_casts" file="/www/wwwroot/jobportal.prus.dev/tests/Unit/Models/FavouriteJobTest.php" line="35" class="Tests\Unit\Models\FavouriteJobTest" classname="Tests.Unit.Models.FavouriteJobTest" assertions="1" time="0.730194"/>
        <testcase name="it_can_be_updated" file="/www/wwwroot/jobportal.prus.dev/tests/Unit/Models/FavouriteJobTest.php" line="45" class="Tests\Unit\Models\FavouriteJobTest" classname="Tests.Unit.Models.FavouriteJobTest" assertions="0" time="0.489161">
          <skipped/>
        </testcase>
        <testcase name="it_can_be_deleted" file="/www/wwwroot/jobportal.prus.dev/tests/Unit/Models/FavouriteJobTest.php" line="51" class="Tests\Unit\Models\FavouriteJobTest" classname="Tests.Unit.Models.FavouriteJobTest" assertions="0" time="0.647796">
          <skipped/>
        </testcase>
      </testsuite>
      <testsuite name="Tests\Unit\Models\FeaturedRecordTest" file="/www/wwwroot/jobportal.prus.dev/tests/Unit/Models/FeaturedRecordTest.php" tests="5" assertions="3" errors="0" failures="0" skipped="3" time="4.779247">
        <testcase name="it_can_be_created" file="/www/wwwroot/jobportal.prus.dev/tests/Unit/Models/FeaturedRecordTest.php" line="19" class="Tests\Unit\Models\FeaturedRecordTest" classname="Tests.Unit.Models.FeaturedRecordTest" assertions="0" time="0.870980">
          <skipped/>
        </testcase>
        <testcase name="it_has_fillable_attributes" file="/www/wwwroot/jobportal.prus.dev/tests/Unit/Models/FeaturedRecordTest.php" line="25" class="Tests\Unit\Models\FeaturedRecordTest" classname="Tests.Unit.Models.FeaturedRecordTest" assertions="2" time="1.085947"/>
        <testcase name="it_has_proper_casts" file="/www/wwwroot/jobportal.prus.dev/tests/Unit/Models/FeaturedRecordTest.php" line="35" class="Tests\Unit\Models\FeaturedRecordTest" classname="Tests.Unit.Models.FeaturedRecordTest" assertions="1" time="1.054536"/>
        <testcase name="it_can_be_updated" file="/www/wwwroot/jobportal.prus.dev/tests/Unit/Models/FeaturedRecordTest.php" line="45" class="Tests\Unit\Models\FeaturedRecordTest" classname="Tests.Unit.Models.FeaturedRecordTest" assertions="0" time="0.896538">
          <skipped/>
        </testcase>
        <testcase name="it_can_be_deleted" file="/www/wwwroot/jobportal.prus.dev/tests/Unit/Models/FeaturedRecordTest.php" line="51" class="Tests\Unit\Models\FeaturedRecordTest" classname="Tests.Unit.Models.FeaturedRecordTest" assertions="0" time="0.871248">
          <skipped/>
        </testcase>
      </testsuite>
      <testsuite name="Tests\Unit\Models\FileTest" file="/www/wwwroot/jobportal.prus.dev/tests/Unit/Models/FileTest.php" tests="5" assertions="3" errors="0" failures="0" skipped="3" time="4.148367">
        <testcase name="it_can_be_created" file="/www/wwwroot/jobportal.prus.dev/tests/Unit/Models/FileTest.php" line="19" class="Tests\Unit\Models\FileTest" classname="Tests.Unit.Models.FileTest" assertions="0" time="0.867137">
          <skipped/>
        </testcase>
        <testcase name="it_has_fillable_attributes" file="/www/wwwroot/jobportal.prus.dev/tests/Unit/Models/FileTest.php" line="25" class="Tests\Unit\Models\FileTest" classname="Tests.Unit.Models.FileTest" assertions="2" time="0.887702"/>
        <testcase name="it_has_proper_casts" file="/www/wwwroot/jobportal.prus.dev/tests/Unit/Models/FileTest.php" line="35" class="Tests\Unit\Models\FileTest" classname="Tests.Unit.Models.FileTest" assertions="1" time="0.969838"/>
        <testcase name="it_can_be_updated" file="/www/wwwroot/jobportal.prus.dev/tests/Unit/Models/FileTest.php" line="45" class="Tests\Unit\Models\FileTest" classname="Tests.Unit.Models.FileTest" assertions="0" time="0.483200">
          <skipped/>
        </testcase>
        <testcase name="it_can_be_deleted" file="/www/wwwroot/jobportal.prus.dev/tests/Unit/Models/FileTest.php" line="51" class="Tests\Unit\Models\FileTest" classname="Tests.Unit.Models.FileTest" assertions="0" time="0.940490">
          <skipped/>
        </testcase>
      </testsuite>
      <testsuite name="Tests\Unit\Models\FrontSettingTest" file="/www/wwwroot/jobportal.prus.dev/tests/Unit/Models/FrontSettingTest.php" tests="5" assertions="7" errors="0" failures="0" skipped="0" time="3.311520">
        <testcase name="it_can_be_created" file="/www/wwwroot/jobportal.prus.dev/tests/Unit/Models/FrontSettingTest.php" line="19" class="Tests\Unit\Models\FrontSettingTest" classname="Tests.Unit.Models.FrontSettingTest" assertions="2" time="0.635627"/>
        <testcase name="it_has_fillable_attributes" file="/www/wwwroot/jobportal.prus.dev/tests/Unit/Models/FrontSettingTest.php" line="30" class="Tests\Unit\Models\FrontSettingTest" classname="Tests.Unit.Models.FrontSettingTest" assertions="2" time="0.497496"/>
        <testcase name="it_has_proper_casts" file="/www/wwwroot/jobportal.prus.dev/tests/Unit/Models/FrontSettingTest.php" line="40" class="Tests\Unit\Models\FrontSettingTest" classname="Tests.Unit.Models.FrontSettingTest" assertions="1" time="0.681095"/>
        <testcase name="it_can_be_updated" file="/www/wwwroot/jobportal.prus.dev/tests/Unit/Models/FrontSettingTest.php" line="50" class="Tests\Unit\Models\FrontSettingTest" classname="Tests.Unit.Models.FrontSettingTest" assertions="1" time="0.573788"/>
        <testcase name="it_can_be_deleted" file="/www/wwwroot/jobportal.prus.dev/tests/Unit/Models/FrontSettingTest.php" line="65" class="Tests\Unit\Models\FrontSettingTest" classname="Tests.Unit.Models.FrontSettingTest" assertions="1" time="0.923513"/>
      </testsuite>
      <testsuite name="Tests\Unit\Models\FunctionalAreaTest" file="/www/wwwroot/jobportal.prus.dev/tests/Unit/Models/FunctionalAreaTest.php" tests="5" assertions="7" errors="0" failures="0" skipped="0" time="2.838730">
        <testcase name="it_can_be_created" file="/www/wwwroot/jobportal.prus.dev/tests/Unit/Models/FunctionalAreaTest.php" line="19" class="Tests\Unit\Models\FunctionalAreaTest" classname="Tests.Unit.Models.FunctionalAreaTest" assertions="2" time="0.643882"/>
        <testcase name="it_has_fillable_attributes" file="/www/wwwroot/jobportal.prus.dev/tests/Unit/Models/FunctionalAreaTest.php" line="30" class="Tests\Unit\Models\FunctionalAreaTest" classname="Tests.Unit.Models.FunctionalAreaTest" assertions="2" time="0.643512"/>
        <testcase name="it_has_proper_casts" file="/www/wwwroot/jobportal.prus.dev/tests/Unit/Models/FunctionalAreaTest.php" line="40" class="Tests\Unit\Models\FunctionalAreaTest" classname="Tests.Unit.Models.FunctionalAreaTest" assertions="1" time="0.488912"/>
        <testcase name="it_can_be_updated" file="/www/wwwroot/jobportal.prus.dev/tests/Unit/Models/FunctionalAreaTest.php" line="50" class="Tests\Unit\Models\FunctionalAreaTest" classname="Tests.Unit.Models.FunctionalAreaTest" assertions="1" time="0.568945"/>
        <testcase name="it_can_be_deleted" file="/www/wwwroot/jobportal.prus.dev/tests/Unit/Models/FunctionalAreaTest.php" line="65" class="Tests\Unit\Models\FunctionalAreaTest" classname="Tests.Unit.Models.FunctionalAreaTest" assertions="1" time="0.493479"/>
      </testsuite>
      <testsuite name="Tests\Unit\Models\HeaderSliderTest" file="/www/wwwroot/jobportal.prus.dev/tests/Unit/Models/HeaderSliderTest.php" tests="5" assertions="7" errors="0" failures="0" skipped="0" time="4.069140">
        <testcase name="it_can_be_created" file="/www/wwwroot/jobportal.prus.dev/tests/Unit/Models/HeaderSliderTest.php" line="19" class="Tests\Unit\Models\HeaderSliderTest" classname="Tests.Unit.Models.HeaderSliderTest" assertions="2" time="0.601193"/>
        <testcase name="it_has_fillable_attributes" file="/www/wwwroot/jobportal.prus.dev/tests/Unit/Models/HeaderSliderTest.php" line="30" class="Tests\Unit\Models\HeaderSliderTest" classname="Tests.Unit.Models.HeaderSliderTest" assertions="2" time="0.898064"/>
        <testcase name="it_has_proper_casts" file="/www/wwwroot/jobportal.prus.dev/tests/Unit/Models/HeaderSliderTest.php" line="40" class="Tests\Unit\Models\HeaderSliderTest" classname="Tests.Unit.Models.HeaderSliderTest" assertions="1" time="0.965422"/>
        <testcase name="it_can_be_updated" file="/www/wwwroot/jobportal.prus.dev/tests/Unit/Models/HeaderSliderTest.php" line="50" class="Tests\Unit\Models\HeaderSliderTest" classname="Tests.Unit.Models.HeaderSliderTest" assertions="1" time="0.677610"/>
        <testcase name="it_can_be_deleted" file="/www/wwwroot/jobportal.prus.dev/tests/Unit/Models/HeaderSliderTest.php" line="69" class="Tests\Unit\Models\HeaderSliderTest" classname="Tests.Unit.Models.HeaderSliderTest" assertions="1" time="0.926851"/>
      </testsuite>
      <testsuite name="Tests\Unit\Models\ImageSliderTest" file="/www/wwwroot/jobportal.prus.dev/tests/Unit/Models/ImageSliderTest.php" tests="5" assertions="7" errors="0" failures="0" skipped="0" time="5.449276">
        <testcase name="it_can_be_created" file="/www/wwwroot/jobportal.prus.dev/tests/Unit/Models/ImageSliderTest.php" line="19" class="Tests\Unit\Models\ImageSliderTest" classname="Tests.Unit.Models.ImageSliderTest" assertions="2" time="0.912916"/>
        <testcase name="it_has_fillable_attributes" file="/www/wwwroot/jobportal.prus.dev/tests/Unit/Models/ImageSliderTest.php" line="30" class="Tests\Unit\Models\ImageSliderTest" classname="Tests.Unit.Models.ImageSliderTest" assertions="2" time="1.130444"/>
        <testcase name="it_has_proper_casts" file="/www/wwwroot/jobportal.prus.dev/tests/Unit/Models/ImageSliderTest.php" line="40" class="Tests\Unit\Models\ImageSliderTest" classname="Tests.Unit.Models.ImageSliderTest" assertions="1" time="1.253095"/>
        <testcase name="it_can_be_updated" file="/www/wwwroot/jobportal.prus.dev/tests/Unit/Models/ImageSliderTest.php" line="50" class="Tests\Unit\Models\ImageSliderTest" classname="Tests.Unit.Models.ImageSliderTest" assertions="1" time="1.167183"/>
        <testcase name="it_can_be_deleted" file="/www/wwwroot/jobportal.prus.dev/tests/Unit/Models/ImageSliderTest.php" line="69" class="Tests\Unit\Models\ImageSliderTest" classname="Tests.Unit.Models.ImageSliderTest" assertions="1" time="0.985638"/>
      </testsuite>
      <testsuite name="Tests\Unit\Models\IndustryTest" file="/www/wwwroot/jobportal.prus.dev/tests/Unit/Models/IndustryTest.php" tests="5" assertions="7" errors="0" failures="0" skipped="0" time="4.352646">
        <testcase name="it_can_be_created" file="/www/wwwroot/jobportal.prus.dev/tests/Unit/Models/IndustryTest.php" line="19" class="Tests\Unit\Models\IndustryTest" classname="Tests.Unit.Models.IndustryTest" assertions="2" time="0.875913"/>
        <testcase name="it_has_fillable_attributes" file="/www/wwwroot/jobportal.prus.dev/tests/Unit/Models/IndustryTest.php" line="30" class="Tests\Unit\Models\IndustryTest" classname="Tests.Unit.Models.IndustryTest" assertions="2" time="1.033953"/>
        <testcase name="it_has_proper_casts" file="/www/wwwroot/jobportal.prus.dev/tests/Unit/Models/IndustryTest.php" line="40" class="Tests\Unit\Models\IndustryTest" classname="Tests.Unit.Models.IndustryTest" assertions="1" time="0.815497"/>
        <testcase name="it_can_be_updated" file="/www/wwwroot/jobportal.prus.dev/tests/Unit/Models/IndustryTest.php" line="50" class="Tests\Unit\Models\IndustryTest" classname="Tests.Unit.Models.IndustryTest" assertions="1" time="0.828224"/>
        <testcase name="it_can_be_deleted" file="/www/wwwroot/jobportal.prus.dev/tests/Unit/Models/IndustryTest.php" line="65" class="Tests\Unit\Models\IndustryTest" classname="Tests.Unit.Models.IndustryTest" assertions="1" time="0.799060"/>
      </testsuite>
      <testsuite name="Tests\Unit\Models\InquiryTest" file="/www/wwwroot/jobportal.prus.dev/tests/Unit/Models/InquiryTest.php" tests="5" assertions="7" errors="0" failures="0" skipped="0" time="4.039434">
        <testcase name="it_can_be_created" file="/www/wwwroot/jobportal.prus.dev/tests/Unit/Models/InquiryTest.php" line="19" class="Tests\Unit\Models\InquiryTest" classname="Tests.Unit.Models.InquiryTest" assertions="2" time="0.508822"/>
        <testcase name="it_has_fillable_attributes" file="/www/wwwroot/jobportal.prus.dev/tests/Unit/Models/InquiryTest.php" line="30" class="Tests\Unit\Models\InquiryTest" classname="Tests.Unit.Models.InquiryTest" assertions="2" time="0.744272"/>
        <testcase name="it_has_proper_casts" file="/www/wwwroot/jobportal.prus.dev/tests/Unit/Models/InquiryTest.php" line="40" class="Tests\Unit\Models\InquiryTest" classname="Tests.Unit.Models.InquiryTest" assertions="1" time="0.830924"/>
        <testcase name="it_can_be_updated" file="/www/wwwroot/jobportal.prus.dev/tests/Unit/Models/InquiryTest.php" line="50" class="Tests\Unit\Models\InquiryTest" classname="Tests.Unit.Models.InquiryTest" assertions="1" time="1.117978"/>
        <testcase name="it_can_be_deleted" file="/www/wwwroot/jobportal.prus.dev/tests/Unit/Models/InquiryTest.php" line="65" class="Tests\Unit\Models\InquiryTest" classname="Tests.Unit.Models.InquiryTest" assertions="1" time="0.837437"/>
      </testsuite>
      <testsuite name="Tests\Unit\Models\JobApplicationModelTest" file="/www/wwwroot/jobportal.prus.dev/tests/Unit/Models/JobApplicationModelTest.php" tests="3" assertions="9" errors="0" failures="0" skipped="0" time="0.004978">
        <testcase name="it_has_correct_fillable_attributes" file="/www/wwwroot/jobportal.prus.dev/tests/Unit/Models/JobApplicationModelTest.php" line="16" class="Tests\Unit\Models\JobApplicationModelTest" classname="Tests.Unit.Models.JobApplicationModelTest" assertions="6" time="0.004440"/>
        <testcase name="it_has_relationship_methods" file="/www/wwwroot/jobportal.prus.dev/tests/Unit/Models/JobApplicationModelTest.php" line="27" class="Tests\Unit\Models\JobApplicationModelTest" classname="Tests.Unit.Models.JobApplicationModelTest" assertions="2" time="0.000316"/>
        <testcase name="it_has_correct_table_name" file="/www/wwwroot/jobportal.prus.dev/tests/Unit/Models/JobApplicationModelTest.php" line="35" class="Tests\Unit\Models\JobApplicationModelTest" classname="Tests.Unit.Models.JobApplicationModelTest" assertions="1" time="0.000222"/>
      </testsuite>
      <testsuite name="Tests\Unit\Models\JobApplicationScheduleTest" file="/www/wwwroot/jobportal.prus.dev/tests/Unit/Models/JobApplicationScheduleTest.php" tests="5" assertions="3" errors="0" failures="0" skipped="3" time="5.240385">
        <testcase name="it_can_be_created" file="/www/wwwroot/jobportal.prus.dev/tests/Unit/Models/JobApplicationScheduleTest.php" line="19" class="Tests\Unit\Models\JobApplicationScheduleTest" classname="Tests.Unit.Models.JobApplicationScheduleTest" assertions="0" time="0.871149">
          <skipped/>
        </testcase>
        <testcase name="it_has_fillable_attributes" file="/www/wwwroot/jobportal.prus.dev/tests/Unit/Models/JobApplicationScheduleTest.php" line="25" class="Tests\Unit\Models\JobApplicationScheduleTest" classname="Tests.Unit.Models.JobApplicationScheduleTest" assertions="2" time="0.873510"/>
        <testcase name="it_has_proper_casts" file="/www/wwwroot/jobportal.prus.dev/tests/Unit/Models/JobApplicationScheduleTest.php" line="35" class="Tests\Unit\Models\JobApplicationScheduleTest" classname="Tests.Unit.Models.JobApplicationScheduleTest" assertions="1" time="1.133452"/>
        <testcase name="it_can_be_updated" file="/www/wwwroot/jobportal.prus.dev/tests/Unit/Models/JobApplicationScheduleTest.php" line="45" class="Tests\Unit\Models\JobApplicationScheduleTest" classname="Tests.Unit.Models.JobApplicationScheduleTest" assertions="0" time="1.204816">
          <skipped/>
        </testcase>
        <testcase name="it_can_be_deleted" file="/www/wwwroot/jobportal.prus.dev/tests/Unit/Models/JobApplicationScheduleTest.php" line="51" class="Tests\Unit\Models\JobApplicationScheduleTest" classname="Tests.Unit.Models.JobApplicationScheduleTest" assertions="0" time="1.157458">
          <skipped/>
        </testcase>
      </testsuite>
      <testsuite name="Tests\Unit\Models\JobApplicationTest" file="/www/wwwroot/jobportal.prus.dev/tests/Unit/Models/JobApplicationTest.php" tests="5" assertions="3" errors="0" failures="0" skipped="3" time="4.743611">
        <testcase name="it_can_be_created" file="/www/wwwroot/jobportal.prus.dev/tests/Unit/Models/JobApplicationTest.php" line="29" class="Tests\Unit\Models\JobApplicationTest" classname="Tests.Unit.Models.JobApplicationTest" assertions="0" time="0.903915">
          <skipped/>
        </testcase>
        <testcase name="it_has_fillable_attributes" file="/www/wwwroot/jobportal.prus.dev/tests/Unit/Models/JobApplicationTest.php" line="35" class="Tests\Unit\Models\JobApplicationTest" classname="Tests.Unit.Models.JobApplicationTest" assertions="2" time="0.948615"/>
        <testcase name="it_has_proper_casts" file="/www/wwwroot/jobportal.prus.dev/tests/Unit/Models/JobApplicationTest.php" line="45" class="Tests\Unit\Models\JobApplicationTest" classname="Tests.Unit.Models.JobApplicationTest" assertions="1" time="0.875893"/>
        <testcase name="it_can_be_updated" file="/www/wwwroot/jobportal.prus.dev/tests/Unit/Models/JobApplicationTest.php" line="55" class="Tests\Unit\Models\JobApplicationTest" classname="Tests.Unit.Models.JobApplicationTest" assertions="0" time="1.111297">
          <skipped/>
        </testcase>
        <testcase name="it_can_be_deleted" file="/www/wwwroot/jobportal.prus.dev/tests/Unit/Models/JobApplicationTest.php" line="61" class="Tests\Unit\Models\JobApplicationTest" classname="Tests.Unit.Models.JobApplicationTest" assertions="0" time="0.903892">
          <skipped/>
        </testcase>
      </testsuite>
      <testsuite name="Tests\Unit\Models\JobCategoryModelTest" file="/www/wwwroot/jobportal.prus.dev/tests/Unit/Models/JobCategoryModelTest.php" tests="9" assertions="19" errors="0" failures="0" skipped="0" time="0.002106">
        <testcase name="it_has_correct_table_name" file="/www/wwwroot/jobportal.prus.dev/tests/Unit/Models/JobCategoryModelTest.php" line="16" class="Tests\Unit\Models\JobCategoryModelTest" classname="Tests.Unit.Models.JobCategoryModelTest" assertions="1" time="0.000357"/>
        <testcase name="it_has_correct_fillable_attributes" file="/www/wwwroot/jobportal.prus.dev/tests/Unit/Models/JobCategoryModelTest.php" line="23" class="Tests\Unit\Models\JobCategoryModelTest" classname="Tests.Unit.Models.JobCategoryModelTest" assertions="3" time="0.000237"/>
        <testcase name="it_has_correct_casts" file="/www/wwwroot/jobportal.prus.dev/tests/Unit/Models/JobCategoryModelTest.php" line="40" class="Tests\Unit\Models\JobCategoryModelTest" classname="Tests.Unit.Models.JobCategoryModelTest" assertions="5" time="0.000213"/>
        <testcase name="it_has_featured_constants" file="/www/wwwroot/jobportal.prus.dev/tests/Unit/Models/JobCategoryModelTest.php" line="59" class="Tests\Unit\Models\JobCategoryModelTest" classname="Tests.Unit.Models.JobCategoryModelTest" assertions="1" time="0.000189"/>
        <testcase name="it_can_be_instantiated_with_attributes" file="/www/wwwroot/jobportal.prus.dev/tests/Unit/Models/JobCategoryModelTest.php" line="71" class="Tests\Unit\Models\JobCategoryModelTest" classname="Tests.Unit.Models.JobCategoryModelTest" assertions="3" time="0.000361"/>
        <testcase name="it_has_relationship_methods" file="/www/wwwroot/jobportal.prus.dev/tests/Unit/Models/JobCategoryModelTest.php" line="85" class="Tests\Unit\Models\JobCategoryModelTest" classname="Tests.Unit.Models.JobCategoryModelTest" assertions="1" time="0.000213"/>
        <testcase name="it_has_validation_rules" file="/www/wwwroot/jobportal.prus.dev/tests/Unit/Models/JobCategoryModelTest.php" line="94" class="Tests\Unit\Models\JobCategoryModelTest" classname="Tests.Unit.Models.JobCategoryModelTest" assertions="1" time="0.000187"/>
        <testcase name="it_has_status_constants" file="/www/wwwroot/jobportal.prus.dev/tests/Unit/Models/JobCategoryModelTest.php" line="105" class="Tests\Unit\Models\JobCategoryModelTest" classname="Tests.Unit.Models.JobCategoryModelTest" assertions="3" time="0.000179"/>
        <testcase name="it_has_path_constant" file="/www/wwwroot/jobportal.prus.dev/tests/Unit/Models/JobCategoryModelTest.php" line="113" class="Tests\Unit\Models\JobCategoryModelTest" classname="Tests.Unit.Models.JobCategoryModelTest" assertions="1" time="0.000170"/>
      </testsuite>
      <testsuite name="Tests\Unit\Models\JobCategoryTest" file="/www/wwwroot/jobportal.prus.dev/tests/Unit/Models/JobCategoryTest.php" tests="5" assertions="7" errors="0" failures="0" skipped="0" time="3.182002">
        <testcase name="it_can_be_created" file="/www/wwwroot/jobportal.prus.dev/tests/Unit/Models/JobCategoryTest.php" line="19" class="Tests\Unit\Models\JobCategoryTest" classname="Tests.Unit.Models.JobCategoryTest" assertions="2" time="0.888555"/>
        <testcase name="it_has_fillable_attributes" file="/www/wwwroot/jobportal.prus.dev/tests/Unit/Models/JobCategoryTest.php" line="30" class="Tests\Unit\Models\JobCategoryTest" classname="Tests.Unit.Models.JobCategoryTest" assertions="2" time="0.536359"/>
        <testcase name="it_has_proper_casts" file="/www/wwwroot/jobportal.prus.dev/tests/Unit/Models/JobCategoryTest.php" line="40" class="Tests\Unit\Models\JobCategoryTest" classname="Tests.Unit.Models.JobCategoryTest" assertions="1" time="0.488768"/>
        <testcase name="it_can_be_updated" file="/www/wwwroot/jobportal.prus.dev/tests/Unit/Models/JobCategoryTest.php" line="50" class="Tests\Unit\Models\JobCategoryTest" classname="Tests.Unit.Models.JobCategoryTest" assertions="1" time="0.460635"/>
        <testcase name="it_can_be_deleted" file="/www/wwwroot/jobportal.prus.dev/tests/Unit/Models/JobCategoryTest.php" line="65" class="Tests\Unit\Models\JobCategoryTest" classname="Tests.Unit.Models.JobCategoryTest" assertions="1" time="0.807686"/>
      </testsuite>
      <testsuite name="Tests\Unit\Models\JobModelOptimizedTest" file="/www/wwwroot/jobportal.prus.dev/tests/Unit/Models/JobModelOptimizedTest.php" tests="10" assertions="63" errors="0" failures="0" skipped="0" time="0.159680">
        <testcase name="it_has_status_constants" file="/www/wwwroot/jobportal.prus.dev/tests/Unit/Models/JobModelOptimizedTest.php" line="16" class="Tests\Unit\Models\JobModelOptimizedTest" classname="Tests.Unit.Models.JobModelOptimizedTest" assertions="5" time="0.050037"/>
        <testcase name="it_has_boolean_constants" file="/www/wwwroot/jobportal.prus.dev/tests/Unit/Models/JobModelOptimizedTest.php" line="26" class="Tests\Unit\Models\JobModelOptimizedTest" classname="Tests.Unit.Models.JobModelOptimizedTest" assertions="7" time="0.007141"/>
        <testcase name="it_has_correct_fillable_attributes" file="/www/wwwroot/jobportal.prus.dev/tests/Unit/Models/JobModelOptimizedTest.php" line="38" class="Tests\Unit\Models\JobModelOptimizedTest" classname="Tests.Unit.Models.JobModelOptimizedTest" assertions="26" time="0.021341"/>
        <testcase name="it_can_be_instantiated_with_attributes" file="/www/wwwroot/jobportal.prus.dev/tests/Unit/Models/JobModelOptimizedTest.php" line="78" class="Tests\Unit\Models\JobModelOptimizedTest" classname="Tests.Unit.Models.JobModelOptimizedTest" assertions="7" time="0.010123"/>
        <testcase name="it_has_relationship_methods" file="/www/wwwroot/jobportal.prus.dev/tests/Unit/Models/JobModelOptimizedTest.php" line="104" class="Tests\Unit\Models\JobModelOptimizedTest" classname="Tests.Unit.Models.JobModelOptimizedTest" assertions="13" time="0.009694"/>
        <testcase name="it_has_no_preference_constants" file="/www/wwwroot/jobportal.prus.dev/tests/Unit/Models/JobModelOptimizedTest.php" line="125" class="Tests\Unit\Models\JobModelOptimizedTest" classname="Tests.Unit.Models.JobModelOptimizedTest" assertions="1" time="0.008645"/>
        <testcase name="it_has_gender_constants" file="/www/wwwroot/jobportal.prus.dev/tests/Unit/Models/JobModelOptimizedTest.php" line="137" class="Tests\Unit\Models\JobModelOptimizedTest" classname="Tests.Unit.Models.JobModelOptimizedTest" assertions="1" time="0.011003"/>
        <testcase name="it_has_status_array_constants" file="/www/wwwroot/jobportal.prus.dev/tests/Unit/Models/JobModelOptimizedTest.php" line="148" class="Tests\Unit\Models\JobModelOptimizedTest" classname="Tests.Unit.Models.JobModelOptimizedTest" assertions="1" time="0.014034"/>
        <testcase name="it_has_status_color_constants" file="/www/wwwroot/jobportal.prus.dev/tests/Unit/Models/JobModelOptimizedTest.php" line="161" class="Tests\Unit\Models\JobModelOptimizedTest" classname="Tests.Unit.Models.JobModelOptimizedTest" assertions="1" time="0.014778"/>
        <testcase name="it_has_favorite_job_status_constants" file="/www/wwwroot/jobportal.prus.dev/tests/Unit/Models/JobModelOptimizedTest.php" line="174" class="Tests\Unit\Models\JobModelOptimizedTest" classname="Tests.Unit.Models.JobModelOptimizedTest" assertions="1" time="0.012885"/>
      </testsuite>
      <testsuite name="Tests\Unit\Models\JobModelSimpleTest" file="/www/wwwroot/jobportal.prus.dev/tests/Unit/Models/JobModelSimpleTest.php" tests="10" assertions="71" errors="0" failures="0" skipped="0" time="0.002444">
        <testcase name="it_has_status_constants" file="/www/wwwroot/jobportal.prus.dev/tests/Unit/Models/JobModelSimpleTest.php" line="16" class="Tests\Unit\Models\JobModelSimpleTest" classname="Tests.Unit.Models.JobModelSimpleTest" assertions="5" time="0.000277"/>
        <testcase name="it_has_boolean_constants" file="/www/wwwroot/jobportal.prus.dev/tests/Unit/Models/JobModelSimpleTest.php" line="26" class="Tests\Unit\Models\JobModelSimpleTest" classname="Tests.Unit.Models.JobModelSimpleTest" assertions="7" time="0.000201"/>
        <testcase name="it_has_correct_fillable_attributes" file="/www/wwwroot/jobportal.prus.dev/tests/Unit/Models/JobModelSimpleTest.php" line="38" class="Tests\Unit\Models\JobModelSimpleTest" classname="Tests.Unit.Models.JobModelSimpleTest" assertions="28" time="0.000274"/>
        <testcase name="it_has_no_preference_constants" file="/www/wwwroot/jobportal.prus.dev/tests/Unit/Models/JobModelSimpleTest.php" line="80" class="Tests\Unit\Models\JobModelSimpleTest" classname="Tests.Unit.Models.JobModelSimpleTest" assertions="1" time="0.000185"/>
        <testcase name="it_has_gender_constants" file="/www/wwwroot/jobportal.prus.dev/tests/Unit/Models/JobModelSimpleTest.php" line="92" class="Tests\Unit\Models\JobModelSimpleTest" classname="Tests.Unit.Models.JobModelSimpleTest" assertions="1" time="0.000168"/>
        <testcase name="it_has_status_array_constants" file="/www/wwwroot/jobportal.prus.dev/tests/Unit/Models/JobModelSimpleTest.php" line="103" class="Tests\Unit\Models\JobModelSimpleTest" classname="Tests.Unit.Models.JobModelSimpleTest" assertions="1" time="0.000285"/>
        <testcase name="it_has_status_color_constants" file="/www/wwwroot/jobportal.prus.dev/tests/Unit/Models/JobModelSimpleTest.php" line="116" class="Tests\Unit\Models\JobModelSimpleTest" classname="Tests.Unit.Models.JobModelSimpleTest" assertions="1" time="0.000200"/>
        <testcase name="it_has_favorite_job_status_constants" file="/www/wwwroot/jobportal.prus.dev/tests/Unit/Models/JobModelSimpleTest.php" line="129" class="Tests\Unit\Models\JobModelSimpleTest" classname="Tests.Unit.Models.JobModelSimpleTest" assertions="1" time="0.000192"/>
        <testcase name="it_has_relationship_methods" file="/www/wwwroot/jobportal.prus.dev/tests/Unit/Models/JobModelSimpleTest.php" line="141" class="Tests\Unit\Models\JobModelSimpleTest" classname="Tests.Unit.Models.JobModelSimpleTest" assertions="17" time="0.000227"/>
        <testcase name="it_can_be_instantiated_with_attributes" file="/www/wwwroot/jobportal.prus.dev/tests/Unit/Models/JobModelSimpleTest.php" line="166" class="Tests\Unit\Models\JobModelSimpleTest" classname="Tests.Unit.Models.JobModelSimpleTest" assertions="9" time="0.000436"/>
      </testsuite>
      <testsuite name="Tests\Unit\Models\JobModelTest" file="/www/wwwroot/jobportal.prus.dev/tests/Unit/Models/JobModelTest.php" tests="36" assertions="55" errors="2" failures="0" skipped="12" time="31.599778">
        <testcase name="it_can_be_created" file="/www/wwwroot/jobportal.prus.dev/tests/Unit/Models/JobModelTest.php" line="42" class="Tests\Unit\Models\JobModelTest" classname="Tests.Unit.Models.JobModelTest" assertions="2" time="1.025585"/>
        <testcase name="it_has_required_fillable_fields" file="/www/wwwroot/jobportal.prus.dev/tests/Unit/Models/JobModelTest.php" line="51" class="Tests\Unit\Models\JobModelTest" classname="Tests.Unit.Models.JobModelTest" assertions="2" time="0.928222"/>
        <testcase name="it_can_be_soft_deleted" file="/www/wwwroot/jobportal.prus.dev/tests/Unit/Models/JobModelTest.php" line="61" class="Tests\Unit\Models\JobModelTest" classname="Tests.Unit.Models.JobModelTest" assertions="1" time="0.964819"/>
        <testcase name="test_job_belongs_to_company" file="/www/wwwroot/jobportal.prus.dev/tests/Unit/Models/JobModelTest.php" line="70" class="Tests\Unit\Models\JobModelTest" classname="Tests.Unit.Models.JobModelTest" assertions="2" time="0.920439"/>
        <testcase name="test_job_belongs_to_category" file="/www/wwwroot/jobportal.prus.dev/tests/Unit/Models/JobModelTest.php" line="77" class="Tests\Unit\Models\JobModelTest" classname="Tests.Unit.Models.JobModelTest" assertions="2" time="1.243530"/>
        <testcase name="test_job_has_many_applications" file="/www/wwwroot/jobportal.prus.dev/tests/Unit/Models/JobModelTest.php" line="86" class="Tests\Unit\Models\JobModelTest" classname="Tests.Unit.Models.JobModelTest" assertions="0" time="1.258194">
          <skipped/>
        </testcase>
        <testcase name="test_job_belongs_to_many_skills" file="/www/wwwroot/jobportal.prus.dev/tests/Unit/Models/JobModelTest.php" line="92" class="Tests\Unit\Models\JobModelTest" classname="Tests.Unit.Models.JobModelTest" assertions="0" time="0.914551">
          <skipped/>
        </testcase>
        <testcase name="test_active_scope" file="/www/wwwroot/jobportal.prus.dev/tests/Unit/Models/JobModelTest.php" line="98" class="Tests\Unit\Models\JobModelTest" classname="Tests.Unit.Models.JobModelTest" assertions="1" time="1.097985"/>
        <testcase name="test_featured_scope" file="/www/wwwroot/jobportal.prus.dev/tests/Unit/Models/JobModelTest.php" line="110" class="Tests\Unit\Models\JobModelTest" classname="Tests.Unit.Models.JobModelTest" assertions="3" time="0.554487"/>
        <testcase name="test_recent_scope" file="/www/wwwroot/jobportal.prus.dev/tests/Unit/Models/JobModelTest.php" line="124" class="Tests\Unit\Models\JobModelTest" classname="Tests.Unit.Models.JobModelTest" assertions="1" time="1.036932"/>
        <testcase name="test_by_category_scope" file="/www/wwwroot/jobportal.prus.dev/tests/Unit/Models/JobModelTest.php" line="135" class="Tests\Unit\Models\JobModelTest" classname="Tests.Unit.Models.JobModelTest" assertions="4" time="1.254392"/>
        <testcase name="test_by_company_scope" file="/www/wwwroot/jobportal.prus.dev/tests/Unit/Models/JobModelTest.php" line="149" class="Tests\Unit\Models\JobModelTest" classname="Tests.Unit.Models.JobModelTest" assertions="3" time="1.000700"/>
        <testcase name="test_by_location_scope" file="/www/wwwroot/jobportal.prus.dev/tests/Unit/Models/JobModelTest.php" line="163" class="Tests\Unit\Models\JobModelTest" classname="Tests.Unit.Models.JobModelTest" assertions="1" time="1.062631"/>
        <testcase name="test_by_employment_type_scope" file="/www/wwwroot/jobportal.prus.dev/tests/Unit/Models/JobModelTest.php" line="178" class="Tests\Unit\Models\JobModelTest" classname="Tests.Unit.Models.JobModelTest" assertions="4" time="1.078009"/>
        <testcase name="test_salary_range_scope" file="/www/wwwroot/jobportal.prus.dev/tests/Unit/Models/JobModelTest.php" line="195" class="Tests\Unit\Models\JobModelTest" classname="Tests.Unit.Models.JobModelTest" assertions="2" time="1.050160"/>
        <testcase name="test_search_scope" file="/www/wwwroot/jobportal.prus.dev/tests/Unit/Models/JobModelTest.php" line="208" class="Tests\Unit\Models\JobModelTest" classname="Tests.Unit.Models.JobModelTest" assertions="2" time="0.785839"/>
        <testcase name="test_with_skills_scope" file="/www/wwwroot/jobportal.prus.dev/tests/Unit/Models/JobModelTest.php" line="222" class="Tests\Unit\Models\JobModelTest" classname="Tests.Unit.Models.JobModelTest" assertions="0" time="0.467523">
          <skipped/>
        </testcase>
        <testcase name="test_popular_scope" file="/www/wwwroot/jobportal.prus.dev/tests/Unit/Models/JobModelTest.php" line="228" class="Tests\Unit\Models\JobModelTest" classname="Tests.Unit.Models.JobModelTest" assertions="0" time="0.905486">
          <skipped/>
        </testcase>
        <testcase name="test_expired_scope" file="/www/wwwroot/jobportal.prus.dev/tests/Unit/Models/JobModelTest.php" line="234" class="Tests\Unit\Models\JobModelTest" classname="Tests.Unit.Models.JobModelTest" assertions="1" time="0.653248"/>
        <testcase name="test_is_expired_attribute" file="/www/wwwroot/jobportal.prus.dev/tests/Unit/Models/JobModelTest.php" line="247" class="Tests\Unit\Models\JobModelTest" classname="Tests.Unit.Models.JobModelTest" assertions="0" time="0.884840">
          <skipped/>
        </testcase>
        <testcase name="test_is_featured_attribute" file="/www/wwwroot/jobportal.prus.dev/tests/Unit/Models/JobModelTest.php" line="253" class="Tests\Unit\Models\JobModelTest" classname="Tests.Unit.Models.JobModelTest" assertions="2" time="1.099562"/>
        <testcase name="test_applications_count_attribute" file="/www/wwwroot/jobportal.prus.dev/tests/Unit/Models/JobModelTest.php" line="263" class="Tests\Unit\Models\JobModelTest" classname="Tests.Unit.Models.JobModelTest" assertions="0" time="0.892792">
          <skipped/>
        </testcase>
        <testcase name="test_formatted_salary_attribute" file="/www/wwwroot/jobportal.prus.dev/tests/Unit/Models/JobModelTest.php" line="269" class="Tests\Unit\Models\JobModelTest" classname="Tests.Unit.Models.JobModelTest" assertions="2" time="0.935874"/>
        <testcase name="test_time_since_posted_attribute" file="/www/wwwroot/jobportal.prus.dev/tests/Unit/Models/JobModelTest.php" line="289" class="Tests\Unit\Models\JobModelTest" classname="Tests.Unit.Models.JobModelTest" assertions="1" time="1.028667"/>
        <testcase name="test_can_apply_method" file="/www/wwwroot/jobportal.prus.dev/tests/Unit/Models/JobModelTest.php" line="297" class="Tests\Unit\Models\JobModelTest" classname="Tests.Unit.Models.JobModelTest" assertions="0" time="0.767295">
          <skipped/>
        </testcase>
        <testcase name="test_has_applied_method" file="/www/wwwroot/jobportal.prus.dev/tests/Unit/Models/JobModelTest.php" line="303" class="Tests\Unit\Models\JobModelTest" classname="Tests.Unit.Models.JobModelTest" assertions="0" time="0.722048">
          <skipped/>
        </testcase>
        <testcase name="test_get_similar_jobs_method" file="/www/wwwroot/jobportal.prus.dev/tests/Unit/Models/JobModelTest.php" line="309" class="Tests\Unit\Models\JobModelTest" classname="Tests.Unit.Models.JobModelTest" assertions="0" time="0.907933">
          <skipped/>
        </testcase>
        <testcase name="test_increment_views_method" file="/www/wwwroot/jobportal.prus.dev/tests/Unit/Models/JobModelTest.php" line="315" class="Tests\Unit\Models\JobModelTest" classname="Tests.Unit.Models.JobModelTest" assertions="0" time="0.654010">
          <skipped/>
        </testcase>
        <testcase name="test_mark_as_filled_method" file="/www/wwwroot/jobportal.prus.dev/tests/Unit/Models/JobModelTest.php" line="321" class="Tests\Unit\Models\JobModelTest" classname="Tests.Unit.Models.JobModelTest" assertions="0" time="0.551078">
          <skipped/>
        </testcase>
        <testcase name="test_reopen_job_method" file="/www/wwwroot/jobportal.prus.dev/tests/Unit/Models/JobModelTest.php" line="327" class="Tests\Unit\Models\JobModelTest" classname="Tests.Unit.Models.JobModelTest" assertions="0" time="0.538305">
          <skipped/>
        </testcase>
        <testcase name="test_job_model_factory" file="/www/wwwroot/jobportal.prus.dev/tests/Unit/Models/JobModelTest.php" line="333" class="Tests\Unit\Models\JobModelTest" classname="Tests.Unit.Models.JobModelTest" assertions="5" time="0.802647"/>
        <testcase name="test_job_model_validation_rules" file="/www/wwwroot/jobportal.prus.dev/tests/Unit/Models/JobModelTest.php" line="345" class="Tests\Unit\Models\JobModelTest" classname="Tests.Unit.Models.JobModelTest" assertions="0" time="0.636771">
          <error type="Illuminate\Database\QueryException">Tests\Unit\Models\JobModelTest::test_job_model_validation_rules
Illuminate\Database\QueryException: SQLSTATE[23000]: Integrity constraint violation: 19 NOT NULL constraint failed: jobs.job_id (Connection: sqlite, SQL: insert into "jobs" ("job_title", "description", "company_id", "job_category_id", "job_reference", "slug", "updated_at", "created_at") values (Test Job, This is a test job description., 2, 9, JOB-2025-000002, test-job, 2025-08-09 10:51:08, 2025-08-09 10:51:08))

/www/wwwroot/jobportal.prus.dev/vendor/laravel/framework/src/Illuminate/Database/Connection.php:822
/www/wwwroot/jobportal.prus.dev/vendor/laravel/framework/src/Illuminate/Database/Connection.php:776
/www/wwwroot/jobportal.prus.dev/vendor/laravel/framework/src/Illuminate/Database/Connection.php:557
/www/wwwroot/jobportal.prus.dev/vendor/laravel/framework/src/Illuminate/Database/Connection.php:521
/www/wwwroot/jobportal.prus.dev/vendor/laravel/framework/src/Illuminate/Database/Query/Processors/Processor.php:32
/www/wwwroot/jobportal.prus.dev/vendor/laravel/framework/src/Illuminate/Database/Query/Builder.php:3796
/www/wwwroot/jobportal.prus.dev/vendor/laravel/framework/src/Illuminate/Database/Eloquent/Builder.php:2205
/www/wwwroot/jobportal.prus.dev/vendor/laravel/framework/src/Illuminate/Database/Eloquent/Model.php:1408
/www/wwwroot/jobportal.prus.dev/vendor/laravel/framework/src/Illuminate/Database/Eloquent/Model.php:1373
/www/wwwroot/jobportal.prus.dev/vendor/laravel/framework/src/Illuminate/Database/Eloquent/Model.php:1212
/www/wwwroot/jobportal.prus.dev/vendor/laravel/framework/src/Illuminate/Database/Eloquent/Builder.php:1189
/www/wwwroot/jobportal.prus.dev/vendor/laravel/framework/src/Illuminate/Support/helpers.php:399
/www/wwwroot/jobportal.prus.dev/vendor/laravel/framework/src/Illuminate/Database/Eloquent/Builder.php:1188
/www/wwwroot/jobportal.prus.dev/vendor/laravel/framework/src/Illuminate/Support/Traits/ForwardsCalls.php:23
/www/wwwroot/jobportal.prus.dev/vendor/laravel/framework/src/Illuminate/Database/Eloquent/Model.php:2449
/www/wwwroot/jobportal.prus.dev/vendor/glorand/laravel-model-settings/src/Traits/HasSettings.php:53
/www/wwwroot/jobportal.prus.dev/vendor/laravel/framework/src/Illuminate/Database/Eloquent/Model.php:2465
/www/wwwroot/jobportal.prus.dev/tests/Unit/Models/JobModelTest.php:354</error>
        </testcase>
        <testcase name="test_job_soft_deletes" file="/www/wwwroot/jobportal.prus.dev/tests/Unit/Models/JobModelTest.php" line="361" class="Tests\Unit\Models\JobModelTest" classname="Tests.Unit.Models.JobModelTest" assertions="3" time="0.566902"/>
        <testcase name="test_job_casts" file="/www/wwwroot/jobportal.prus.dev/tests/Unit/Models/JobModelTest.php" line="378" class="Tests\Unit\Models\JobModelTest" classname="Tests.Unit.Models.JobModelTest" assertions="0" time="0.854249">
          <error type="Illuminate\Database\QueryException">Tests\Unit\Models\JobModelTest::test_job_casts
Illuminate\Database\QueryException: SQLSTATE[HY000]: General error: 1 table jobs has no column named requirements (Connection: sqlite, SQL: insert into "jobs" ("job_id", "job_title", "description", "company_id", "job_type_id", "job_category_id", "career_level_id", "functional_area_id", "job_shift_id", "degree_level_id", "currency_id", "salary_period_id", "salary_from", "salary_to", "hide_salary", "no_preference", "is_freelance", "is_featured", "is_suspended", "is_created_by_admin", "status", "position", "experience", "country_id", "state_id", "city_id", "job_expiry_date", "requirements", "benefits", "is_remote", "job_reference", "slug", "updated_at", "created_at") values (JOB490056, Receptionist and Information Clerk, Sed suscipit autem voluptatem aut ut fuga eum. Dolorum aliquid quia harum dolorum et qui consectetur. Voluptatem rerum harum facere modi. Nam pariatur et quo. Labore fugit molestiae ullam maxime. Nemo earum tempora ut natus ex unde. Dolorum eaque vitae voluptatem earum. Voluptas neque totam dignissimos eligendi id ea possimus. Laborum occaecati aut iste quo natus et ut. Laboriosam nemo vitae nostrum eveniet quis adipisci nostrum. Veniam dicta labore labore ut et omnis pariatur. Velit quia quidem distinctio illo. Vitae est voluptates dolores eos quod. Magnam ut et minima sequi voluptatem provident est. Aut ab et ipsam in. Asperiores ipsam aut et deleniti quo. Hic cupiditate quibusdam suscipit adipisci aperiam est fugit. Quibusdam est praesentium exercitationem. Earum at asperiores autem amet. Consectetur assumenda nobis doloremque. Vitae unde maxime voluptatum rem. Qui magnam error veniam consequuntur., 3, 1, 1, 1, 1, 1, 1, 1, 1, 40391, 92374, 1, 0, 0, 1, 0, 0, 1, 3, 4, 1, 1, 1, 2025-09-07 17:21:47, ?, ?, 1, JOB-2025-000002, receptionist-and-information-clerk, 2025-08-09 10:51:10, 2025-08-09 10:51:10))

/www/wwwroot/jobportal.prus.dev/vendor/laravel/framework/src/Illuminate/Database/Connection.php:822
/www/wwwroot/jobportal.prus.dev/vendor/laravel/framework/src/Illuminate/Database/Connection.php:776
/www/wwwroot/jobportal.prus.dev/vendor/laravel/framework/src/Illuminate/Database/Connection.php:557
/www/wwwroot/jobportal.prus.dev/vendor/laravel/framework/src/Illuminate/Database/Connection.php:521
/www/wwwroot/jobportal.prus.dev/vendor/laravel/framework/src/Illuminate/Database/Query/Processors/Processor.php:32
/www/wwwroot/jobportal.prus.dev/vendor/laravel/framework/src/Illuminate/Database/Query/Builder.php:3796
/www/wwwroot/jobportal.prus.dev/vendor/laravel/framework/src/Illuminate/Database/Eloquent/Builder.php:2205
/www/wwwroot/jobportal.prus.dev/vendor/laravel/framework/src/Illuminate/Database/Eloquent/Model.php:1408
/www/wwwroot/jobportal.prus.dev/vendor/laravel/framework/src/Illuminate/Database/Eloquent/Model.php:1373
/www/wwwroot/jobportal.prus.dev/vendor/laravel/framework/src/Illuminate/Database/Eloquent/Model.php:1212
/www/wwwroot/jobportal.prus.dev/vendor/laravel/framework/src/Illuminate/Database/Eloquent/Factories/Factory.php:351
/www/wwwroot/jobportal.prus.dev/vendor/laravel/framework/src/Illuminate/Collections/Traits/EnumeratesValues.php:271
/www/wwwroot/jobportal.prus.dev/vendor/laravel/framework/src/Illuminate/Database/Eloquent/Factories/Factory.php:346
/www/wwwroot/jobportal.prus.dev/vendor/laravel/framework/src/Illuminate/Database/Eloquent/Factories/Factory.php:302
/www/wwwroot/jobportal.prus.dev/vendor/laravel/framework/src/Illuminate/Database/Eloquent/Factories/Factory.php:296
/www/wwwroot/jobportal.prus.dev/tests/Unit/Models/JobModelTest.php:380</error>
        </testcase>
        <testcase name="test_job_fillable_attributes" file="/www/wwwroot/jobportal.prus.dev/tests/Unit/Models/JobModelTest.php" line="394" class="Tests\Unit\Models\JobModelTest" classname="Tests.Unit.Models.JobModelTest" assertions="7" time="0.902381"/>
        <testcase name="test_job_timestamps" file="/www/wwwroot/jobportal.prus.dev/tests/Unit/Models/JobModelTest.php" line="410" class="Tests\Unit\Models\JobModelTest" classname="Tests.Unit.Models.JobModelTest" assertions="4" time="0.651694"/>
      </testsuite>
      <testsuite name="Tests\Unit\Models\JobShiftTest" file="/www/wwwroot/jobportal.prus.dev/tests/Unit/Models/JobShiftTest.php" tests="36" assertions="35" errors="14" failures="7" skipped="0" time="31.968197">
        <testcase name="it_can_be_created" file="/www/wwwroot/jobportal.prus.dev/tests/Unit/Models/JobShiftTest.php" line="52" class="Tests\Unit\Models\JobShiftTest" classname="Tests.Unit.Models.JobShiftTest" assertions="2" time="0.497352"/>
        <testcase name="it_has_fillable_attributes" file="/www/wwwroot/jobportal.prus.dev/tests/Unit/Models/JobShiftTest.php" line="63" class="Tests\Unit\Models\JobShiftTest" classname="Tests.Unit.Models.JobShiftTest" assertions="2" time="0.484039"/>
        <testcase name="it_has_proper_casts" file="/www/wwwroot/jobportal.prus.dev/tests/Unit/Models/JobShiftTest.php" line="73" class="Tests\Unit\Models\JobShiftTest" classname="Tests.Unit.Models.JobShiftTest" assertions="1" time="0.654502"/>
        <testcase name="it_can_be_updated" file="/www/wwwroot/jobportal.prus.dev/tests/Unit/Models/JobShiftTest.php" line="83" class="Tests\Unit\Models\JobShiftTest" classname="Tests.Unit.Models.JobShiftTest" assertions="1" time="0.638271"/>
        <testcase name="it_can_be_deleted" file="/www/wwwroot/jobportal.prus.dev/tests/Unit/Models/JobShiftTest.php" line="98" class="Tests\Unit\Models\JobShiftTest" classname="Tests.Unit.Models.JobShiftTest" assertions="1" time="0.941479"/>
        <testcase name="it_has_correct_fillable_attributes" file="/www/wwwroot/jobportal.prus.dev/tests/Unit/Models/JobShiftTest.php" line="111" class="Tests\Unit\Models\JobShiftTest" classname="Tests.Unit.Models.JobShiftTest" assertions="1" time="1.155697"/>
        <testcase name="it_casts_attributes_correctly" file="/www/wwwroot/jobportal.prus.dev/tests/Unit/Models/JobShiftTest.php" line="133" class="Tests\Unit\Models\JobShiftTest" classname="Tests.Unit.Models.JobShiftTest" assertions="2" time="0.926241">
          <failure type="PHPUnit\Framework\ExpectationFailedException">Tests\Unit\Models\JobShiftTest::it_casts_attributes_correctly
Failed asserting that '8.00' is of type int.

/www/wwwroot/jobportal.prus.dev/tests/Unit/Models/JobShiftTest.php:136</failure>
        </testcase>
        <testcase name="it_has_jobs_relationship" file="/www/wwwroot/jobportal.prus.dev/tests/Unit/Models/JobShiftTest.php" line="145" class="Tests\Unit\Models\JobShiftTest" classname="Tests.Unit.Models.JobShiftTest" assertions="3" time="1.147775"/>
        <testcase name="it_calculates_usage_count_correctly" file="/www/wwwroot/jobportal.prus.dev/tests/Unit/Models/JobShiftTest.php" line="155" class="Tests\Unit\Models\JobShiftTest" classname="Tests.Unit.Models.JobShiftTest" assertions="1" time="1.228021"/>
        <testcase name="it_provides_formatted_usage_stats" file="/www/wwwroot/jobportal.prus.dev/tests/Unit/Models/JobShiftTest.php" line="167" class="Tests\Unit\Models\JobShiftTest" classname="Tests.Unit.Models.JobShiftTest" assertions="0" time="1.458061">
          <error type="Illuminate\Database\QueryException">Tests\Unit\Models\JobShiftTest::it_provides_formatted_usage_stats
Illuminate\Database\QueryException: SQLSTATE[HY000]: General error: 1 table jobs has no column named is_active (Connection: sqlite, SQL: insert into "jobs" ("job_id", "job_title", "description", "company_id", "job_type_id", "job_category_id", "career_level_id", "functional_area_id", "job_shift_id", "degree_level_id", "currency_id", "salary_period_id", "salary_from", "salary_to", "hide_salary", "no_preference", "is_freelance", "is_featured", "is_suspended", "is_created_by_admin", "status", "position", "experience", "country_id", "state_id", "city_id", "job_expiry_date", "is_active", "job_reference", "slug", "updated_at", "created_at") values (JOB485486, Hand Sewer, Doloremque praesentium tenetur et. Molestias praesentium fugiat sunt soluta sed. Molestiae voluptatem velit ullam quam quae quisquam unde. Optio nulla rerum dignissimos vel vitae aliquid. Quaerat omnis molestias expedita aperiam qui libero. Aliquam in quae quis qui laborum corporis perspiciatis. Aut id temporibus ex accusamus. Accusantium voluptatum ipsam qui delectus repudiandae sit et officiis. Mollitia aut ut aut consequatur. Nesciunt labore officia at id aut sit eum. Magni sunt consequatur et ad qui. Modi vel pariatur eaque qui. Sapiente veritatis architecto molestiae et sint. Consequatur itaque enim exercitationem dolores praesentium voluptate consequatur rem. Voluptas ut voluptatem qui. Cum recusandae ex aliquid soluta dolore qui facilis. Est maxime esse sapiente sint. Ut nihil qui velit nihil. Maxime voluptatem corporis id libero. Voluptatem et aut ea. Earum aut necessitatibus optio molestiae dolores et., 4, 1, 1, 1, 1, 9, 1, 1, 1, 35816, 53705, 1, 1, 1, 1, 0, 0, 1, 3, 4, 1, 1, 1, 2025-08-27 10:07:17, 1, JOB-2025-000003, hand-sewer, 2025-08-09 10:51:21, 2025-08-09 10:51:21))

/www/wwwroot/jobportal.prus.dev/vendor/laravel/framework/src/Illuminate/Database/Connection.php:822
/www/wwwroot/jobportal.prus.dev/vendor/laravel/framework/src/Illuminate/Database/Connection.php:776
/www/wwwroot/jobportal.prus.dev/vendor/laravel/framework/src/Illuminate/Database/Connection.php:557
/www/wwwroot/jobportal.prus.dev/vendor/laravel/framework/src/Illuminate/Database/Connection.php:521
/www/wwwroot/jobportal.prus.dev/vendor/laravel/framework/src/Illuminate/Database/Query/Processors/Processor.php:32
/www/wwwroot/jobportal.prus.dev/vendor/laravel/framework/src/Illuminate/Database/Query/Builder.php:3796
/www/wwwroot/jobportal.prus.dev/vendor/laravel/framework/src/Illuminate/Database/Eloquent/Builder.php:2205
/www/wwwroot/jobportal.prus.dev/vendor/laravel/framework/src/Illuminate/Database/Eloquent/Model.php:1408
/www/wwwroot/jobportal.prus.dev/vendor/laravel/framework/src/Illuminate/Database/Eloquent/Model.php:1373
/www/wwwroot/jobportal.prus.dev/vendor/laravel/framework/src/Illuminate/Database/Eloquent/Model.php:1212
/www/wwwroot/jobportal.prus.dev/vendor/laravel/framework/src/Illuminate/Database/Eloquent/Factories/Factory.php:351
/www/wwwroot/jobportal.prus.dev/vendor/laravel/framework/src/Illuminate/Collections/Traits/EnumeratesValues.php:271
/www/wwwroot/jobportal.prus.dev/vendor/laravel/framework/src/Illuminate/Database/Eloquent/Factories/Factory.php:346
/www/wwwroot/jobportal.prus.dev/vendor/laravel/framework/src/Illuminate/Database/Eloquent/Factories/Factory.php:302
/www/wwwroot/jobportal.prus.dev/vendor/laravel/framework/src/Illuminate/Database/Eloquent/Factories/Factory.php:296
/www/wwwroot/jobportal.prus.dev/tests/Unit/Models/JobShiftTest.php:170</error>
        </testcase>
        <testcase name="it_determines_shift_category_correctly" file="/www/wwwroot/jobportal.prus.dev/tests/Unit/Models/JobShiftTest.php" line="188" class="Tests\Unit\Models\JobShiftTest" classname="Tests.Unit.Models.JobShiftTest" assertions="0" time="1.116656">
          <error type="Illuminate\Database\UniqueConstraintViolationException">Tests\Unit\Models\JobShiftTest::it_determines_shift_category_correctly
Illuminate\Database\UniqueConstraintViolationException: SQLSTATE[23000]: Integrity constraint violation: 19 UNIQUE constraint failed: job_shifts.shift (Connection: sqlite, SQL: insert into "job_shifts" ("shift", "description", "is_default", "start_time", "updated_at", "created_at") values (Day Shift, Work shift: Evening Shift, 1, 09:00, 2025-08-09 10:51:22, 2025-08-09 10:51:22))

/www/wwwroot/jobportal.prus.dev/vendor/laravel/framework/src/Illuminate/Database/Connection.php:817
/www/wwwroot/jobportal.prus.dev/vendor/laravel/framework/src/Illuminate/Database/Connection.php:776
/www/wwwroot/jobportal.prus.dev/vendor/laravel/framework/src/Illuminate/Database/Connection.php:557
/www/wwwroot/jobportal.prus.dev/vendor/laravel/framework/src/Illuminate/Database/Connection.php:521
/www/wwwroot/jobportal.prus.dev/vendor/laravel/framework/src/Illuminate/Database/Query/Processors/Processor.php:32
/www/wwwroot/jobportal.prus.dev/vendor/laravel/framework/src/Illuminate/Database/Query/Builder.php:3796
/www/wwwroot/jobportal.prus.dev/vendor/laravel/framework/src/Illuminate/Database/Eloquent/Builder.php:2205
/www/wwwroot/jobportal.prus.dev/vendor/laravel/framework/src/Illuminate/Database/Eloquent/Model.php:1408
/www/wwwroot/jobportal.prus.dev/vendor/laravel/framework/src/Illuminate/Database/Eloquent/Model.php:1373
/www/wwwroot/jobportal.prus.dev/vendor/laravel/framework/src/Illuminate/Database/Eloquent/Model.php:1212
/www/wwwroot/jobportal.prus.dev/vendor/laravel/framework/src/Illuminate/Database/Eloquent/Factories/Factory.php:351
/www/wwwroot/jobportal.prus.dev/vendor/laravel/framework/src/Illuminate/Collections/Traits/EnumeratesValues.php:271
/www/wwwroot/jobportal.prus.dev/vendor/laravel/framework/src/Illuminate/Database/Eloquent/Factories/Factory.php:346
/www/wwwroot/jobportal.prus.dev/vendor/laravel/framework/src/Illuminate/Database/Eloquent/Factories/Factory.php:302
/www/wwwroot/jobportal.prus.dev/vendor/laravel/framework/src/Illuminate/Database/Eloquent/Factories/Factory.php:296
/www/wwwroot/jobportal.prus.dev/tests/Unit/Models/JobShiftTest.php:191</error>
        </testcase>
        <testcase name="it_formats_time_range_correctly" file="/www/wwwroot/jobportal.prus.dev/tests/Unit/Models/JobShiftTest.php" line="213" class="Tests\Unit\Models\JobShiftTest" classname="Tests.Unit.Models.JobShiftTest" assertions="1" time="0.918066">
          <failure type="PHPUnit\Framework\ExpectationFailedException">Tests\Unit\Models\JobShiftTest::it_formats_time_range_correctly
Failed asserting that null matches expected '09:00 - 17:00'.

/www/wwwroot/jobportal.prus.dev/tests/Unit/Models/JobShiftTest.php:215</failure>
        </testcase>
        <testcase name="it_detects_night_shift_correctly" file="/www/wwwroot/jobportal.prus.dev/tests/Unit/Models/JobShiftTest.php" line="227" class="Tests\Unit\Models\JobShiftTest" classname="Tests.Unit.Models.JobShiftTest" assertions="1" time="0.875266">
          <failure type="PHPUnit\Framework\ExpectationFailedException">Tests\Unit\Models\JobShiftTest::it_detects_night_shift_correctly
Failed asserting that null is true.

/www/wwwroot/jobportal.prus.dev/tests/Unit/Models/JobShiftTest.php:231</failure>
        </testcase>
        <testcase name="active_scope_returns_only_active_shifts" file="/www/wwwroot/jobportal.prus.dev/tests/Unit/Models/JobShiftTest.php" line="252" class="Tests\Unit\Models\JobShiftTest" classname="Tests.Unit.Models.JobShiftTest" assertions="1" time="0.890551">
          <failure type="PHPUnit\Framework\ExpectationFailedException">Tests\Unit\Models\JobShiftTest::active_scope_returns_only_active_shifts
Failed asserting that 10 matches expected 2.

/www/wwwroot/jobportal.prus.dev/tests/Unit/Models/JobShiftTest.php:259</failure>
        </testcase>
        <testcase name="inactive_scope_returns_only_inactive_shifts" file="/www/wwwroot/jobportal.prus.dev/tests/Unit/Models/JobShiftTest.php" line="266" class="Tests\Unit\Models\JobShiftTest" classname="Tests.Unit.Models.JobShiftTest" assertions="0" time="1.216685">
          <error type="Illuminate\Database\UniqueConstraintViolationException">Tests\Unit\Models\JobShiftTest::inactive_scope_returns_only_inactive_shifts
Illuminate\Database\UniqueConstraintViolationException: SQLSTATE[23000]: Integrity constraint violation: 19 UNIQUE constraint failed: job_shifts.shift (Connection: sqlite, SQL: insert into "job_shifts" ("shift", "description", "is_default", "is_active", "updated_at", "created_at") values (Day Shift, Work shift: Day Shift, 0, 0, 2025-08-09 10:51:26, 2025-08-09 10:51:26))

/www/wwwroot/jobportal.prus.dev/vendor/laravel/framework/src/Illuminate/Database/Connection.php:817
/www/wwwroot/jobportal.prus.dev/vendor/laravel/framework/src/Illuminate/Database/Connection.php:776
/www/wwwroot/jobportal.prus.dev/vendor/laravel/framework/src/Illuminate/Database/Connection.php:557
/www/wwwroot/jobportal.prus.dev/vendor/laravel/framework/src/Illuminate/Database/Connection.php:521
/www/wwwroot/jobportal.prus.dev/vendor/laravel/framework/src/Illuminate/Database/Query/Processors/Processor.php:32
/www/wwwroot/jobportal.prus.dev/vendor/laravel/framework/src/Illuminate/Database/Query/Builder.php:3796
/www/wwwroot/jobportal.prus.dev/vendor/laravel/framework/src/Illuminate/Database/Eloquent/Builder.php:2205
/www/wwwroot/jobportal.prus.dev/vendor/laravel/framework/src/Illuminate/Database/Eloquent/Model.php:1408
/www/wwwroot/jobportal.prus.dev/vendor/laravel/framework/src/Illuminate/Database/Eloquent/Model.php:1373
/www/wwwroot/jobportal.prus.dev/vendor/laravel/framework/src/Illuminate/Database/Eloquent/Model.php:1212
/www/wwwroot/jobportal.prus.dev/vendor/laravel/framework/src/Illuminate/Database/Eloquent/Factories/Factory.php:351
/www/wwwroot/jobportal.prus.dev/vendor/laravel/framework/src/Illuminate/Collections/Traits/EnumeratesValues.php:271
/www/wwwroot/jobportal.prus.dev/vendor/laravel/framework/src/Illuminate/Database/Eloquent/Factories/Factory.php:346
/www/wwwroot/jobportal.prus.dev/vendor/laravel/framework/src/Illuminate/Database/Eloquent/Factories/Factory.php:302
/www/wwwroot/jobportal.prus.dev/vendor/laravel/framework/src/Illuminate/Database/Eloquent/Factories/Factory.php:296
/www/wwwroot/jobportal.prus.dev/tests/Unit/Models/JobShiftTest.php:268</error>
        </testcase>
        <testcase name="default_scope_returns_only_default_shifts" file="/www/wwwroot/jobportal.prus.dev/tests/Unit/Models/JobShiftTest.php" line="279" class="Tests\Unit\Models\JobShiftTest" classname="Tests.Unit.Models.JobShiftTest" assertions="1" time="0.565053">
          <failure type="PHPUnit\Framework\ExpectationFailedException">Tests\Unit\Models\JobShiftTest::default_scope_returns_only_default_shifts
Failed asserting that 9 matches expected 1.

/www/wwwroot/jobportal.prus.dev/tests/Unit/Models/JobShiftTest.php:285</failure>
        </testcase>
        <testcase name="flexible_scope_returns_only_flexible_shifts" file="/www/wwwroot/jobportal.prus.dev/tests/Unit/Models/JobShiftTest.php" line="292" class="Tests\Unit\Models\JobShiftTest" classname="Tests.Unit.Models.JobShiftTest" assertions="0" time="0.882404">
          <error type="BadMethodCallException">Tests\Unit\Models\JobShiftTest::flexible_scope_returns_only_flexible_shifts
BadMethodCallException: Call to undefined method App\Models\JobShift::flexible()

/www/wwwroot/jobportal.prus.dev/vendor/laravel/framework/src/Illuminate/Support/Traits/ForwardsCalls.php:67
/www/wwwroot/jobportal.prus.dev/vendor/laravel/framework/src/Illuminate/Support/Traits/ForwardsCalls.php:36
/www/wwwroot/jobportal.prus.dev/vendor/laravel/framework/src/Illuminate/Database/Eloquent/Model.php:2449
/www/wwwroot/jobportal.prus.dev/vendor/glorand/laravel-model-settings/src/Traits/HasSettings.php:53
/www/wwwroot/jobportal.prus.dev/vendor/laravel/framework/src/Illuminate/Database/Eloquent/Model.php:2465
/www/wwwroot/jobportal.prus.dev/tests/Unit/Models/JobShiftTest.php:296</error>
        </testcase>
        <testcase name="with_jobs_scope_returns_shifts_with_jobs" file="/www/wwwroot/jobportal.prus.dev/tests/Unit/Models/JobShiftTest.php" line="305" class="Tests\Unit\Models\JobShiftTest" classname="Tests.Unit.Models.JobShiftTest" assertions="2" time="0.683368"/>
        <testcase name="search_scope_finds_shifts_by_name_and_description" file="/www/wwwroot/jobportal.prus.dev/tests/Unit/Models/JobShiftTest.php" line="319" class="Tests\Unit\Models\JobShiftTest" classname="Tests.Unit.Models.JobShiftTest" assertions="3" time="0.873573">
          <failure type="PHPUnit\Framework\ExpectationFailedException">Tests\Unit\Models\JobShiftTest::search_scope_finds_shifts_by_name_and_description
Failed asserting that 2 matches expected 1.

/www/wwwroot/jobportal.prus.dev/tests/Unit/Models/JobShiftTest.php:336</failure>
        </testcase>
        <testcase name="popular_scope_returns_shifts_ordered_by_job_count" file="/www/wwwroot/jobportal.prus.dev/tests/Unit/Models/JobShiftTest.php" line="341" class="Tests\Unit\Models\JobShiftTest" classname="Tests.Unit.Models.JobShiftTest" assertions="3" time="1.265700"/>
        <testcase name="alphabetical_scope_orders_shifts_by_name" file="/www/wwwroot/jobportal.prus.dev/tests/Unit/Models/JobShiftTest.php" line="360" class="Tests\Unit\Models\JobShiftTest" classname="Tests.Unit.Models.JobShiftTest" assertions="2" time="0.942318"/>
        <testcase name="recent_scope_returns_shifts_created_within_timeframe" file="/www/wwwroot/jobportal.prus.dev/tests/Unit/Models/JobShiftTest.php" line="372" class="Tests\Unit\Models\JobShiftTest" classname="Tests.Unit.Models.JobShiftTest" assertions="2" time="1.084050"/>
        <testcase name="day_shift_scope_identifies_day_shifts" file="/www/wwwroot/jobportal.prus.dev/tests/Unit/Models/JobShiftTest.php" line="389" class="Tests\Unit\Models\JobShiftTest" classname="Tests.Unit.Models.JobShiftTest" assertions="0" time="1.076243">
          <error type="Illuminate\Database\UniqueConstraintViolationException">Tests\Unit\Models\JobShiftTest::day_shift_scope_identifies_day_shifts
Illuminate\Database\UniqueConstraintViolationException: SQLSTATE[23000]: Integrity constraint violation: 19 UNIQUE constraint failed: job_shifts.shift (Connection: sqlite, SQL: insert into "job_shifts" ("shift", "description", "is_default", "start_time", "updated_at", "created_at") values (Day Shift, Work shift: Flexible Hours, 1, 08:00, 2025-08-09 10:51:33, 2025-08-09 10:51:33))

/www/wwwroot/jobportal.prus.dev/vendor/laravel/framework/src/Illuminate/Database/Connection.php:817
/www/wwwroot/jobportal.prus.dev/vendor/laravel/framework/src/Illuminate/Database/Connection.php:776
/www/wwwroot/jobportal.prus.dev/vendor/laravel/framework/src/Illuminate/Database/Connection.php:557
/www/wwwroot/jobportal.prus.dev/vendor/laravel/framework/src/Illuminate/Database/Connection.php:521
/www/wwwroot/jobportal.prus.dev/vendor/laravel/framework/src/Illuminate/Database/Query/Processors/Processor.php:32
/www/wwwroot/jobportal.prus.dev/vendor/laravel/framework/src/Illuminate/Database/Query/Builder.php:3796
/www/wwwroot/jobportal.prus.dev/vendor/laravel/framework/src/Illuminate/Database/Eloquent/Builder.php:2205
/www/wwwroot/jobportal.prus.dev/vendor/laravel/framework/src/Illuminate/Database/Eloquent/Model.php:1408
/www/wwwroot/jobportal.prus.dev/vendor/laravel/framework/src/Illuminate/Database/Eloquent/Model.php:1373
/www/wwwroot/jobportal.prus.dev/vendor/laravel/framework/src/Illuminate/Database/Eloquent/Model.php:1212
/www/wwwroot/jobportal.prus.dev/vendor/laravel/framework/src/Illuminate/Database/Eloquent/Factories/Factory.php:351
/www/wwwroot/jobportal.prus.dev/vendor/laravel/framework/src/Illuminate/Collections/Traits/EnumeratesValues.php:271
/www/wwwroot/jobportal.prus.dev/vendor/laravel/framework/src/Illuminate/Database/Eloquent/Factories/Factory.php:346
/www/wwwroot/jobportal.prus.dev/vendor/laravel/framework/src/Illuminate/Database/Eloquent/Factories/Factory.php:302
/www/wwwroot/jobportal.prus.dev/vendor/laravel/framework/src/Illuminate/Database/Eloquent/Factories/Factory.php:296
/www/wwwroot/jobportal.prus.dev/tests/Unit/Models/JobShiftTest.php:391</error>
        </testcase>
        <testcase name="night_shift_scope_identifies_night_shifts" file="/www/wwwroot/jobportal.prus.dev/tests/Unit/Models/JobShiftTest.php" line="408" class="Tests\Unit\Models\JobShiftTest" classname="Tests.Unit.Models.JobShiftTest" assertions="2" time="0.965003">
          <failure type="PHPUnit\Framework\ExpectationFailedException">Tests\Unit\Models\JobShiftTest::night_shift_scope_identifies_night_shifts
Failed asserting that false is true.

/www/wwwroot/jobportal.prus.dev/tests/Unit/Models/JobShiftTest.php:423</failure>
        </testcase>
        <testcase name="evening_shift_scope_identifies_evening_shifts" file="/www/wwwroot/jobportal.prus.dev/tests/Unit/Models/JobShiftTest.php" line="427" class="Tests\Unit\Models\JobShiftTest" classname="Tests.Unit.Models.JobShiftTest" assertions="0" time="1.001479">
          <error type="Illuminate\Database\UniqueConstraintViolationException">Tests\Unit\Models\JobShiftTest::evening_shift_scope_identifies_evening_shifts
Illuminate\Database\UniqueConstraintViolationException: SQLSTATE[23000]: Integrity constraint violation: 19 UNIQUE constraint failed: job_shifts.shift (Connection: sqlite, SQL: insert into "job_shifts" ("shift", "description", "is_default", "start_time", "updated_at", "created_at") values (Day Shift, Work shift: Evening Shift, 0, 09:00, 2025-08-09 10:51:35, 2025-08-09 10:51:35))

/www/wwwroot/jobportal.prus.dev/vendor/laravel/framework/src/Illuminate/Database/Connection.php:817
/www/wwwroot/jobportal.prus.dev/vendor/laravel/framework/src/Illuminate/Database/Connection.php:776
/www/wwwroot/jobportal.prus.dev/vendor/laravel/framework/src/Illuminate/Database/Connection.php:557
/www/wwwroot/jobportal.prus.dev/vendor/laravel/framework/src/Illuminate/Database/Connection.php:521
/www/wwwroot/jobportal.prus.dev/vendor/laravel/framework/src/Illuminate/Database/Query/Processors/Processor.php:32
/www/wwwroot/jobportal.prus.dev/vendor/laravel/framework/src/Illuminate/Database/Query/Builder.php:3796
/www/wwwroot/jobportal.prus.dev/vendor/laravel/framework/src/Illuminate/Database/Eloquent/Builder.php:2205
/www/wwwroot/jobportal.prus.dev/vendor/laravel/framework/src/Illuminate/Database/Eloquent/Model.php:1408
/www/wwwroot/jobportal.prus.dev/vendor/laravel/framework/src/Illuminate/Database/Eloquent/Model.php:1373
/www/wwwroot/jobportal.prus.dev/vendor/laravel/framework/src/Illuminate/Database/Eloquent/Model.php:1212
/www/wwwroot/jobportal.prus.dev/vendor/laravel/framework/src/Illuminate/Database/Eloquent/Factories/Factory.php:351
/www/wwwroot/jobportal.prus.dev/vendor/laravel/framework/src/Illuminate/Collections/Traits/EnumeratesValues.php:271
/www/wwwroot/jobportal.prus.dev/vendor/laravel/framework/src/Illuminate/Database/Eloquent/Factories/Factory.php:346
/www/wwwroot/jobportal.prus.dev/vendor/laravel/framework/src/Illuminate/Database/Eloquent/Factories/Factory.php:302
/www/wwwroot/jobportal.prus.dev/vendor/laravel/framework/src/Illuminate/Database/Eloquent/Factories/Factory.php:296
/www/wwwroot/jobportal.prus.dev/tests/Unit/Models/JobShiftTest.php:434</error>
        </testcase>
        <testcase name="by_duration_scope_filters_by_exact_hours" file="/www/wwwroot/jobportal.prus.dev/tests/Unit/Models/JobShiftTest.php" line="446" class="Tests\Unit\Models\JobShiftTest" classname="Tests.Unit.Models.JobShiftTest" assertions="0" time="0.903159">
          <error type="BadMethodCallException">Tests\Unit\Models\JobShiftTest::by_duration_scope_filters_by_exact_hours
BadMethodCallException: Call to undefined method App\Models\JobShift::byDuration()

/www/wwwroot/jobportal.prus.dev/vendor/laravel/framework/src/Illuminate/Support/Traits/ForwardsCalls.php:67
/www/wwwroot/jobportal.prus.dev/vendor/laravel/framework/src/Illuminate/Support/Traits/ForwardsCalls.php:36
/www/wwwroot/jobportal.prus.dev/vendor/laravel/framework/src/Illuminate/Database/Eloquent/Model.php:2449
/www/wwwroot/jobportal.prus.dev/vendor/glorand/laravel-model-settings/src/Traits/HasSettings.php:53
/www/wwwroot/jobportal.prus.dev/vendor/laravel/framework/src/Illuminate/Database/Eloquent/Model.php:2465
/www/wwwroot/jobportal.prus.dev/tests/Unit/Models/JobShiftTest.php:451</error>
        </testcase>
        <testcase name="min_duration_scope_filters_by_minimum_hours" file="/www/wwwroot/jobportal.prus.dev/tests/Unit/Models/JobShiftTest.php" line="459" class="Tests\Unit\Models\JobShiftTest" classname="Tests.Unit.Models.JobShiftTest" assertions="0" time="0.824289">
          <error type="Illuminate\Database\UniqueConstraintViolationException">Tests\Unit\Models\JobShiftTest::min_duration_scope_filters_by_minimum_hours
Illuminate\Database\UniqueConstraintViolationException: SQLSTATE[23000]: Integrity constraint violation: 19 UNIQUE constraint failed: job_shifts.shift (Connection: sqlite, SQL: insert into "job_shifts" ("shift", "description", "is_default", "duration_hours", "updated_at", "created_at") values (Day Shift, Work shift: Day Shift, 1, 6, 2025-08-09 10:51:37, 2025-08-09 10:51:37))

/www/wwwroot/jobportal.prus.dev/vendor/laravel/framework/src/Illuminate/Database/Connection.php:817
/www/wwwroot/jobportal.prus.dev/vendor/laravel/framework/src/Illuminate/Database/Connection.php:776
/www/wwwroot/jobportal.prus.dev/vendor/laravel/framework/src/Illuminate/Database/Connection.php:557
/www/wwwroot/jobportal.prus.dev/vendor/laravel/framework/src/Illuminate/Database/Connection.php:521
/www/wwwroot/jobportal.prus.dev/vendor/laravel/framework/src/Illuminate/Database/Query/Processors/Processor.php:32
/www/wwwroot/jobportal.prus.dev/vendor/laravel/framework/src/Illuminate/Database/Query/Builder.php:3796
/www/wwwroot/jobportal.prus.dev/vendor/laravel/framework/src/Illuminate/Database/Eloquent/Builder.php:2205
/www/wwwroot/jobportal.prus.dev/vendor/laravel/framework/src/Illuminate/Database/Eloquent/Model.php:1408
/www/wwwroot/jobportal.prus.dev/vendor/laravel/framework/src/Illuminate/Database/Eloquent/Model.php:1373
/www/wwwroot/jobportal.prus.dev/vendor/laravel/framework/src/Illuminate/Database/Eloquent/Model.php:1212
/www/wwwroot/jobportal.prus.dev/vendor/laravel/framework/src/Illuminate/Database/Eloquent/Factories/Factory.php:351
/www/wwwroot/jobportal.prus.dev/vendor/laravel/framework/src/Illuminate/Collections/Traits/EnumeratesValues.php:271
/www/wwwroot/jobportal.prus.dev/vendor/laravel/framework/src/Illuminate/Database/Eloquent/Factories/Factory.php:346
/www/wwwroot/jobportal.prus.dev/vendor/laravel/framework/src/Illuminate/Database/Eloquent/Factories/Factory.php:302
/www/wwwroot/jobportal.prus.dev/vendor/laravel/framework/src/Illuminate/Database/Eloquent/Factories/Factory.php:296
/www/wwwroot/jobportal.prus.dev/tests/Unit/Models/JobShiftTest.php:461</error>
        </testcase>
        <testcase name="max_duration_scope_filters_by_maximum_hours" file="/www/wwwroot/jobportal.prus.dev/tests/Unit/Models/JobShiftTest.php" line="469" class="Tests\Unit\Models\JobShiftTest" classname="Tests.Unit.Models.JobShiftTest" assertions="0" time="0.535549">
          <error type="Illuminate\Database\UniqueConstraintViolationException">Tests\Unit\Models\JobShiftTest::max_duration_scope_filters_by_maximum_hours
Illuminate\Database\UniqueConstraintViolationException: SQLSTATE[23000]: Integrity constraint violation: 19 UNIQUE constraint failed: job_shifts.shift (Connection: sqlite, SQL: insert into "job_shifts" ("shift", "description", "is_default", "duration_hours", "updated_at", "created_at") values (Day Shift, Work shift: Day Shift, 1, 10, 2025-08-09 10:51:37, 2025-08-09 10:51:37))

/www/wwwroot/jobportal.prus.dev/vendor/laravel/framework/src/Illuminate/Database/Connection.php:817
/www/wwwroot/jobportal.prus.dev/vendor/laravel/framework/src/Illuminate/Database/Connection.php:776
/www/wwwroot/jobportal.prus.dev/vendor/laravel/framework/src/Illuminate/Database/Connection.php:557
/www/wwwroot/jobportal.prus.dev/vendor/laravel/framework/src/Illuminate/Database/Connection.php:521
/www/wwwroot/jobportal.prus.dev/vendor/laravel/framework/src/Illuminate/Database/Query/Processors/Processor.php:32
/www/wwwroot/jobportal.prus.dev/vendor/laravel/framework/src/Illuminate/Database/Query/Builder.php:3796
/www/wwwroot/jobportal.prus.dev/vendor/laravel/framework/src/Illuminate/Database/Eloquent/Builder.php:2205
/www/wwwroot/jobportal.prus.dev/vendor/laravel/framework/src/Illuminate/Database/Eloquent/Model.php:1408
/www/wwwroot/jobportal.prus.dev/vendor/laravel/framework/src/Illuminate/Database/Eloquent/Model.php:1373
/www/wwwroot/jobportal.prus.dev/vendor/laravel/framework/src/Illuminate/Database/Eloquent/Model.php:1212
/www/wwwroot/jobportal.prus.dev/vendor/laravel/framework/src/Illuminate/Database/Eloquent/Factories/Factory.php:351
/www/wwwroot/jobportal.prus.dev/vendor/laravel/framework/src/Illuminate/Collections/Traits/EnumeratesValues.php:271
/www/wwwroot/jobportal.prus.dev/vendor/laravel/framework/src/Illuminate/Database/Eloquent/Factories/Factory.php:346
/www/wwwroot/jobportal.prus.dev/vendor/laravel/framework/src/Illuminate/Database/Eloquent/Factories/Factory.php:302
/www/wwwroot/jobportal.prus.dev/vendor/laravel/framework/src/Illuminate/Database/Eloquent/Factories/Factory.php:296
/www/wwwroot/jobportal.prus.dev/tests/Unit/Models/JobShiftTest.php:472</error>
        </testcase>
        <testcase name="it_calculates_average_salary_correctly" file="/www/wwwroot/jobportal.prus.dev/tests/Unit/Models/JobShiftTest.php" line="479" class="Tests\Unit\Models\JobShiftTest" classname="Tests.Unit.Models.JobShiftTest" assertions="0" time="0.499768">
          <error type="BadMethodCallException">Tests\Unit\Models\JobShiftTest::it_calculates_average_salary_correctly
BadMethodCallException: Call to undefined method App\Models\JobShift::getAverageSalary()

/www/wwwroot/jobportal.prus.dev/vendor/laravel/framework/src/Illuminate/Support/Traits/ForwardsCalls.php:67
/www/wwwroot/jobportal.prus.dev/vendor/laravel/framework/src/Illuminate/Support/Traits/ForwardsCalls.php:36
/www/wwwroot/jobportal.prus.dev/vendor/laravel/framework/src/Illuminate/Database/Eloquent/Model.php:2449
/www/wwwroot/jobportal.prus.dev/vendor/glorand/laravel-model-settings/src/Traits/HasSettings.php:53
/www/wwwroot/jobportal.prus.dev/tests/Unit/Models/JobShiftTest.php:495</error>
        </testcase>
        <testcase name="it_detects_shift_overlaps_correctly" file="/www/wwwroot/jobportal.prus.dev/tests/Unit/Models/JobShiftTest.php" line="500" class="Tests\Unit\Models\JobShiftTest" classname="Tests.Unit.Models.JobShiftTest" assertions="0" time="0.899958">
          <error type="BadMethodCallException">Tests\Unit\Models\JobShiftTest::it_detects_shift_overlaps_correctly
BadMethodCallException: Call to undefined method App\Models\JobShift::overlapsWith()

/www/wwwroot/jobportal.prus.dev/vendor/laravel/framework/src/Illuminate/Support/Traits/ForwardsCalls.php:67
/www/wwwroot/jobportal.prus.dev/vendor/laravel/framework/src/Illuminate/Support/Traits/ForwardsCalls.php:36
/www/wwwroot/jobportal.prus.dev/vendor/laravel/framework/src/Illuminate/Database/Eloquent/Model.php:2449
/www/wwwroot/jobportal.prus.dev/vendor/glorand/laravel-model-settings/src/Traits/HasSettings.php:53
/www/wwwroot/jobportal.prus.dev/tests/Unit/Models/JobShiftTest.php:517</error>
        </testcase>
        <testcase name="it_calculates_shift_differential_correctly" file="/www/wwwroot/jobportal.prus.dev/tests/Unit/Models/JobShiftTest.php" line="522" class="Tests\Unit\Models\JobShiftTest" classname="Tests.Unit.Models.JobShiftTest" assertions="0" time="0.650400">
          <error type="Illuminate\Database\UniqueConstraintViolationException">Tests\Unit\Models\JobShiftTest::it_calculates_shift_differential_correctly
Illuminate\Database\UniqueConstraintViolationException: SQLSTATE[23000]: Integrity constraint violation: 19 UNIQUE constraint failed: job_shifts.shift (Connection: sqlite, SQL: insert into "job_shifts" ("shift", "description", "is_default", "start_time", "updated_at", "created_at") values (Day Shift, Work shift: Evening Shift, 0, 09:00, 2025-08-09 10:51:39, 2025-08-09 10:51:39))

/www/wwwroot/jobportal.prus.dev/vendor/laravel/framework/src/Illuminate/Database/Connection.php:817
/www/wwwroot/jobportal.prus.dev/vendor/laravel/framework/src/Illuminate/Database/Connection.php:776
/www/wwwroot/jobportal.prus.dev/vendor/laravel/framework/src/Illuminate/Database/Connection.php:557
/www/wwwroot/jobportal.prus.dev/vendor/laravel/framework/src/Illuminate/Database/Connection.php:521
/www/wwwroot/jobportal.prus.dev/vendor/laravel/framework/src/Illuminate/Database/Query/Processors/Processor.php:32
/www/wwwroot/jobportal.prus.dev/vendor/laravel/framework/src/Illuminate/Database/Query/Builder.php:3796
/www/wwwroot/jobportal.prus.dev/vendor/laravel/framework/src/Illuminate/Database/Eloquent/Builder.php:2205
/www/wwwroot/jobportal.prus.dev/vendor/laravel/framework/src/Illuminate/Database/Eloquent/Model.php:1408
/www/wwwroot/jobportal.prus.dev/vendor/laravel/framework/src/Illuminate/Database/Eloquent/Model.php:1373
/www/wwwroot/jobportal.prus.dev/vendor/laravel/framework/src/Illuminate/Database/Eloquent/Model.php:1212
/www/wwwroot/jobportal.prus.dev/vendor/laravel/framework/src/Illuminate/Database/Eloquent/Factories/Factory.php:351
/www/wwwroot/jobportal.prus.dev/vendor/laravel/framework/src/Illuminate/Collections/Traits/EnumeratesValues.php:271
/www/wwwroot/jobportal.prus.dev/vendor/laravel/framework/src/Illuminate/Database/Eloquent/Factories/Factory.php:346
/www/wwwroot/jobportal.prus.dev/vendor/laravel/framework/src/Illuminate/Database/Eloquent/Factories/Factory.php:302
/www/wwwroot/jobportal.prus.dev/vendor/laravel/framework/src/Illuminate/Database/Eloquent/Factories/Factory.php:296
/www/wwwroot/jobportal.prus.dev/tests/Unit/Models/JobShiftTest.php:524</error>
        </testcase>
        <testcase name="it_calculates_hours_per_week_correctly" file="/www/wwwroot/jobportal.prus.dev/tests/Unit/Models/JobShiftTest.php" line="545" class="Tests\Unit\Models\JobShiftTest" classname="Tests.Unit.Models.JobShiftTest" assertions="0" time="0.922488">
          <error type="BadMethodCallException">Tests\Unit\Models\JobShiftTest::it_calculates_hours_per_week_correctly
BadMethodCallException: Call to undefined method App\Models\JobShift::getHoursPerWeek()

/www/wwwroot/jobportal.prus.dev/vendor/laravel/framework/src/Illuminate/Support/Traits/ForwardsCalls.php:67
/www/wwwroot/jobportal.prus.dev/vendor/laravel/framework/src/Illuminate/Support/Traits/ForwardsCalls.php:36
/www/wwwroot/jobportal.prus.dev/vendor/laravel/framework/src/Illuminate/Database/Eloquent/Model.php:2449
/www/wwwroot/jobportal.prus.dev/vendor/glorand/laravel-model-settings/src/Traits/HasSettings.php:53
/www/wwwroot/jobportal.prus.dev/tests/Unit/Models/JobShiftTest.php:548</error>
        </testcase>
        <testcase name="it_logs_activity_on_updates" file="/www/wwwroot/jobportal.prus.dev/tests/Unit/Models/JobShiftTest.php" line="555" class="Tests\Unit\Models\JobShiftTest" classname="Tests.Unit.Models.JobShiftTest" assertions="1" time="0.754025"/>
        <testcase name="it_clears_cache_on_update" file="/www/wwwroot/jobportal.prus.dev/tests/Unit/Models/JobShiftTest.php" line="567" class="Tests\Unit\Models\JobShiftTest" classname="Tests.Unit.Models.JobShiftTest" assertions="1" time="0.898821"/>
        <testcase name="trending_scope_considers_recent_job_activity" file="/www/wwwroot/jobportal.prus.dev/tests/Unit/Models/JobShiftTest.php" line="577" class="Tests\Unit\Models\JobShiftTest" classname="Tests.Unit.Models.JobShiftTest" assertions="1" time="0.874613"/>
        <testcase name="validation_rules_are_comprehensive" file="/www/wwwroot/jobportal.prus.dev/tests/Unit/Models/JobShiftTest.php" line="600" class="Tests\Unit\Models\JobShiftTest" classname="Tests.Unit.Models.JobShiftTest" assertions="0" time="0.717277">
          <error type="Error">Tests\Unit\Models\JobShiftTest::validation_rules_are_comprehensive
Error: Access to undeclared static property App\Models\JobShift::$rules

/www/wwwroot/jobportal.prus.dev/tests/Unit/Models/JobShiftTest.php:602</error>
        </testcase>
      </testsuite>
      <testsuite name="Tests\Unit\Models\JobStageTest" file="/www/wwwroot/jobportal.prus.dev/tests/Unit/Models/JobStageTest.php" tests="5" assertions="5" errors="3" failures="0" skipped="0" time="4.267193">
        <testcase name="it_can_be_created" file="/www/wwwroot/jobportal.prus.dev/tests/Unit/Models/JobStageTest.php" line="19" class="Tests\Unit\Models\JobStageTest" classname="Tests.Unit.Models.JobStageTest" assertions="2" time="0.739011">
          <error type="Illuminate\Database\QueryException">Tests\Unit\Models\JobStageTest::it_can_be_created
Illuminate\Database\QueryException: SQLSTATE[HY000]: General error: 1 no such table: jobstages (Connection: sqlite, SQL: select exists(select * from "jobstages" where ("id" = 1)) as "exists")

/www/wwwroot/jobportal.prus.dev/vendor/laravel/framework/src/Illuminate/Database/Connection.php:822
/www/wwwroot/jobportal.prus.dev/vendor/laravel/framework/src/Illuminate/Database/Connection.php:776
/www/wwwroot/jobportal.prus.dev/vendor/laravel/framework/src/Illuminate/Database/Connection.php:395
/www/wwwroot/jobportal.prus.dev/vendor/laravel/framework/src/Illuminate/Database/Query/Builder.php:3504
/www/wwwroot/jobportal.prus.dev/vendor/laravel/framework/src/Illuminate/Testing/Constraints/HasInDatabase.php:55
/www/wwwroot/jobportal.prus.dev/vendor/laravel/framework/src/Illuminate/Foundation/Testing/Concerns/InteractsWithDatabase.php:36
/www/wwwroot/jobportal.prus.dev/tests/Unit/Models/JobStageTest.php:24</error>
        </testcase>
        <testcase name="it_has_fillable_attributes" file="/www/wwwroot/jobportal.prus.dev/tests/Unit/Models/JobStageTest.php" line="30" class="Tests\Unit\Models\JobStageTest" classname="Tests.Unit.Models.JobStageTest" assertions="2" time="0.818394"/>
        <testcase name="it_has_proper_casts" file="/www/wwwroot/jobportal.prus.dev/tests/Unit/Models/JobStageTest.php" line="40" class="Tests\Unit\Models\JobStageTest" classname="Tests.Unit.Models.JobStageTest" assertions="1" time="0.957966"/>
        <testcase name="it_can_be_updated" file="/www/wwwroot/jobportal.prus.dev/tests/Unit/Models/JobStageTest.php" line="50" class="Tests\Unit\Models\JobStageTest" classname="Tests.Unit.Models.JobStageTest" assertions="0" time="0.884779">
          <error type="Illuminate\Database\Eloquent\MassAssignmentException">Tests\Unit\Models\JobStageTest::it_can_be_updated
Illuminate\Database\Eloquent\MassAssignmentException: Add fillable property [description] to allow mass assignment on [App\Models\JobStage].

/www/wwwroot/jobportal.prus.dev/vendor/laravel/framework/src/Illuminate/Database/Eloquent/Model.php:607
/www/wwwroot/jobportal.prus.dev/vendor/laravel/framework/src/Illuminate/Database/Eloquent/Model.php:1062
/www/wwwroot/jobportal.prus.dev/tests/Unit/Models/JobStageTest.php:57</error>
        </testcase>
        <testcase name="it_can_be_deleted" file="/www/wwwroot/jobportal.prus.dev/tests/Unit/Models/JobStageTest.php" line="65" class="Tests\Unit\Models\JobStageTest" classname="Tests.Unit.Models.JobStageTest" assertions="0" time="0.867043">
          <error type="Illuminate\Database\QueryException">Tests\Unit\Models\JobStageTest::it_can_be_deleted
Illuminate\Database\QueryException: SQLSTATE[HY000]: General error: 1 no such column: deleted_at (Connection: sqlite, SQL: update "job_stages" set "deleted_at" = 2025-08-09 10:51:48, "updated_at" = 2025-08-09 10:51:48 where "id" = 1)

/www/wwwroot/jobportal.prus.dev/vendor/laravel/framework/src/Illuminate/Database/Connection.php:822
/www/wwwroot/jobportal.prus.dev/vendor/laravel/framework/src/Illuminate/Database/Connection.php:776
/www/wwwroot/jobportal.prus.dev/vendor/laravel/framework/src/Illuminate/Database/Connection.php:581
/www/wwwroot/jobportal.prus.dev/vendor/laravel/framework/src/Illuminate/Database/Connection.php:533
/www/wwwroot/jobportal.prus.dev/vendor/laravel/framework/src/Illuminate/Database/Query/Builder.php:3860
/www/wwwroot/jobportal.prus.dev/vendor/laravel/framework/src/Illuminate/Database/Eloquent/Builder.php:1236
/www/wwwroot/jobportal.prus.dev/vendor/laravel/framework/src/Illuminate/Database/Eloquent/SoftDeletes.php:153
/www/wwwroot/jobportal.prus.dev/vendor/laravel/framework/src/Illuminate/Database/Eloquent/SoftDeletes.php:129
/www/wwwroot/jobportal.prus.dev/vendor/laravel/framework/src/Illuminate/Database/Eloquent/Model.php:1482
/www/wwwroot/jobportal.prus.dev/tests/Unit/Models/JobStageTest.php:70</error>
        </testcase>
      </testsuite>
      <testsuite name="Tests\Unit\Models\JobTest" file="/www/wwwroot/jobportal.prus.dev/tests/Unit/Models/JobTest.php" tests="24" assertions="0" errors="24" failures="0" skipped="0" time="0.000000">
        <testcase name="it_has_correct_fillable_attributes" file="/www/wwwroot/jobportal.prus.dev/tests/Unit/Models/JobTest.php" line="44" class="Tests\Unit\Models\JobTest" classname="Tests.Unit.Models.JobTest" assertions="0" time="0.000000">
          <error type="Error">Tests\Unit\Models\JobTest::it_has_correct_fillable_attributes
Error: Class "App\Models\User" not found

/www/wwwroot/jobportal.prus.dev/tests/Unit/Models/JobTest.php:38</error>
        </testcase>
        <testcase name="it_has_correct_casts" file="/www/wwwroot/jobportal.prus.dev/tests/Unit/Models/JobTest.php" line="62" class="Tests\Unit\Models\JobTest" classname="Tests.Unit.Models.JobTest" assertions="0" time="0.000000">
          <error type="Error">Tests\Unit\Models\JobTest::it_has_correct_casts
Error: Class "App\Models\User" not found

/www/wwwroot/jobportal.prus.dev/tests/Unit/Models/JobTest.php:38</error>
        </testcase>
        <testcase name="it_belongs_to_company" file="/www/wwwroot/jobportal.prus.dev/tests/Unit/Models/JobTest.php" line="100" class="Tests\Unit\Models\JobTest" classname="Tests.Unit.Models.JobTest" assertions="0" time="0.000000">
          <error type="Error">Tests\Unit\Models\JobTest::it_belongs_to_company
Error: Class "App\Models\User" not found

/www/wwwroot/jobportal.prus.dev/tests/Unit/Models/JobTest.php:38</error>
        </testcase>
        <testcase name="it_belongs_to_job_category" file="/www/wwwroot/jobportal.prus.dev/tests/Unit/Models/JobTest.php" line="107" class="Tests\Unit\Models\JobTest" classname="Tests.Unit.Models.JobTest" assertions="0" time="0.000000">
          <error type="Error">Tests\Unit\Models\JobTest::it_belongs_to_job_category
Error: Class "App\Models\User" not found

/www/wwwroot/jobportal.prus.dev/tests/Unit/Models/JobTest.php:38</error>
        </testcase>
        <testcase name="it_belongs_to_job_type" file="/www/wwwroot/jobportal.prus.dev/tests/Unit/Models/JobTest.php" line="117" class="Tests\Unit\Models\JobTest" classname="Tests.Unit.Models.JobTest" assertions="0" time="0.000000">
          <error type="Error">Tests\Unit\Models\JobTest::it_belongs_to_job_type
Error: Class "App\Models\User" not found

/www/wwwroot/jobportal.prus.dev/tests/Unit/Models/JobTest.php:38</error>
        </testcase>
        <testcase name="it_belongs_to_career_level" file="/www/wwwroot/jobportal.prus.dev/tests/Unit/Models/JobTest.php" line="127" class="Tests\Unit\Models\JobTest" classname="Tests.Unit.Models.JobTest" assertions="0" time="0.000000">
          <error type="Error">Tests\Unit\Models\JobTest::it_belongs_to_career_level
Error: Class "App\Models\User" not found

/www/wwwroot/jobportal.prus.dev/tests/Unit/Models/JobTest.php:38</error>
        </testcase>
        <testcase name="it_belongs_to_functional_area" file="/www/wwwroot/jobportal.prus.dev/tests/Unit/Models/JobTest.php" line="137" class="Tests\Unit\Models\JobTest" classname="Tests.Unit.Models.JobTest" assertions="0" time="0.000000">
          <error type="Error">Tests\Unit\Models\JobTest::it_belongs_to_functional_area
Error: Class "App\Models\User" not found

/www/wwwroot/jobportal.prus.dev/tests/Unit/Models/JobTest.php:38</error>
        </testcase>
        <testcase name="it_belongs_to_location_models" file="/www/wwwroot/jobportal.prus.dev/tests/Unit/Models/JobTest.php" line="147" class="Tests\Unit\Models\JobTest" classname="Tests.Unit.Models.JobTest" assertions="0" time="0.000000">
          <error type="Error">Tests\Unit\Models\JobTest::it_belongs_to_location_models
Error: Class "App\Models\User" not found

/www/wwwroot/jobportal.prus.dev/tests/Unit/Models/JobTest.php:38</error>
        </testcase>
        <testcase name="it_has_many_job_applications" file="/www/wwwroot/jobportal.prus.dev/tests/Unit/Models/JobTest.php" line="169" class="Tests\Unit\Models\JobTest" classname="Tests.Unit.Models.JobTest" assertions="0" time="0.000000">
          <error type="Error">Tests\Unit\Models\JobTest::it_has_many_job_applications
Error: Class "App\Models\User" not found

/www/wwwroot/jobportal.prus.dev/tests/Unit/Models/JobTest.php:38</error>
        </testcase>
        <testcase name="active_scope_returns_only_active_jobs" file="/www/wwwroot/jobportal.prus.dev/tests/Unit/Models/JobTest.php" line="182" class="Tests\Unit\Models\JobTest" classname="Tests.Unit.Models.JobTest" assertions="0" time="0.000000">
          <error type="Error">Tests\Unit\Models\JobTest::active_scope_returns_only_active_jobs
Error: Class "App\Models\User" not found

/www/wwwroot/jobportal.prus.dev/tests/Unit/Models/JobTest.php:38</error>
        </testcase>
        <testcase name="featured_scope_returns_only_featured_jobs" file="/www/wwwroot/jobportal.prus.dev/tests/Unit/Models/JobTest.php" line="196" class="Tests\Unit\Models\JobTest" classname="Tests.Unit.Models.JobTest" assertions="0" time="0.000000">
          <error type="Error">Tests\Unit\Models\JobTest::featured_scope_returns_only_featured_jobs
Error: Class "App\Models\User" not found

/www/wwwroot/jobportal.prus.dev/tests/Unit/Models/JobTest.php:38</error>
        </testcase>
        <testcase name="by_company_scope_filters_by_company" file="/www/wwwroot/jobportal.prus.dev/tests/Unit/Models/JobTest.php" line="209" class="Tests\Unit\Models\JobTest" classname="Tests.Unit.Models.JobTest" assertions="0" time="0.000000">
          <error type="Error">Tests\Unit\Models\JobTest::by_company_scope_filters_by_company
Error: Class "App\Models\User" not found

/www/wwwroot/jobportal.prus.dev/tests/Unit/Models/JobTest.php:38</error>
        </testcase>
        <testcase name="by_category_scope_filters_by_category" file="/www/wwwroot/jobportal.prus.dev/tests/Unit/Models/JobTest.php" line="221" class="Tests\Unit\Models\JobTest" classname="Tests.Unit.Models.JobTest" assertions="0" time="0.000000">
          <error type="Error">Tests\Unit\Models\JobTest::by_category_scope_filters_by_category
Error: Class "App\Models\User" not found

/www/wwwroot/jobportal.prus.dev/tests/Unit/Models/JobTest.php:38</error>
        </testcase>
        <testcase name="by_location_scope_filters_by_location" file="/www/wwwroot/jobportal.prus.dev/tests/Unit/Models/JobTest.php" line="234" class="Tests\Unit\Models\JobTest" classname="Tests.Unit.Models.JobTest" assertions="0" time="0.000000">
          <error type="Error">Tests\Unit\Models\JobTest::by_location_scope_filters_by_location
Error: Class "App\Models\User" not found

/www/wwwroot/jobportal.prus.dev/tests/Unit/Models/JobTest.php:38</error>
        </testcase>
        <testcase name="salary_range_scope_filters_by_salary" file="/www/wwwroot/jobportal.prus.dev/tests/Unit/Models/JobTest.php" line="256" class="Tests\Unit\Models\JobTest" classname="Tests.Unit.Models.JobTest" assertions="0" time="0.000000">
          <error type="Error">Tests\Unit\Models\JobTest::salary_range_scope_filters_by_salary
Error: Class "App\Models\User" not found

/www/wwwroot/jobportal.prus.dev/tests/Unit/Models/JobTest.php:38</error>
        </testcase>
        <testcase name="experience_range_scope_filters_by_experience" file="/www/wwwroot/jobportal.prus.dev/tests/Unit/Models/JobTest.php" line="269" class="Tests\Unit\Models\JobTest" classname="Tests.Unit.Models.JobTest" assertions="0" time="0.000000">
          <error type="Error">Tests\Unit\Models\JobTest::experience_range_scope_filters_by_experience
Error: Class "App\Models\User" not found

/www/wwwroot/jobportal.prus.dev/tests/Unit/Models/JobTest.php:38</error>
        </testcase>
        <testcase name="search_scope_searches_in_title_and_description" file="/www/wwwroot/jobportal.prus.dev/tests/Unit/Models/JobTest.php" line="282" class="Tests\Unit\Models\JobTest" classname="Tests.Unit.Models.JobTest" assertions="0" time="0.000000">
          <error type="Error">Tests\Unit\Models\JobTest::search_scope_searches_in_title_and_description
Error: Class "App\Models\User" not found

/www/wwwroot/jobportal.prus.dev/tests/Unit/Models/JobTest.php:38</error>
        </testcase>
        <testcase name="recent_scope_returns_jobs_from_last30_days" file="/www/wwwroot/jobportal.prus.dev/tests/Unit/Models/JobTest.php" line="294" class="Tests\Unit\Models\JobTest" classname="Tests.Unit.Models.JobTest" assertions="0" time="0.000000">
          <error type="Error">Tests\Unit\Models\JobTest::recent_scope_returns_jobs_from_last30_days
Error: Class "App\Models\User" not found

/www/wwwroot/jobportal.prus.dev/tests/Unit/Models/JobTest.php:38</error>
        </testcase>
        <testcase name="expired_scope_returns_expired_jobs" file="/www/wwwroot/jobportal.prus.dev/tests/Unit/Models/JobTest.php" line="307" class="Tests\Unit\Models\JobTest" classname="Tests.Unit.Models.JobTest" assertions="0" time="0.000000">
          <error type="Error">Tests\Unit\Models\JobTest::expired_scope_returns_expired_jobs
Error: Class "App\Models\User" not found

/www/wwwroot/jobportal.prus.dev/tests/Unit/Models/JobTest.php:38</error>
        </testcase>
        <testcase name="it_can_check_if_job_is_expired" file="/www/wwwroot/jobportal.prus.dev/tests/Unit/Models/JobTest.php" line="320" class="Tests\Unit\Models\JobTest" classname="Tests.Unit.Models.JobTest" assertions="0" time="0.000000">
          <error type="Error">Tests\Unit\Models\JobTest::it_can_check_if_job_is_expired
Error: Class "App\Models\User" not found

/www/wwwroot/jobportal.prus.dev/tests/Unit/Models/JobTest.php:38</error>
        </testcase>
        <testcase name="it_can_get_formatted_salary_range" file="/www/wwwroot/jobportal.prus.dev/tests/Unit/Models/JobTest.php" line="330" class="Tests\Unit\Models\JobTest" classname="Tests.Unit.Models.JobTest" assertions="0" time="0.000000">
          <error type="Error">Tests\Unit\Models\JobTest::it_can_get_formatted_salary_range
Error: Class "App\Models\User" not found

/www/wwwroot/jobportal.prus.dev/tests/Unit/Models/JobTest.php:38</error>
        </testcase>
        <testcase name="it_returns_hidden_salary_when_salary_is_hidden" file="/www/wwwroot/jobportal.prus.dev/tests/Unit/Models/JobTest.php" line="343" class="Tests\Unit\Models\JobTest" classname="Tests.Unit.Models.JobTest" assertions="0" time="0.000000">
          <error type="Error">Tests\Unit\Models\JobTest::it_returns_hidden_salary_when_salary_is_hidden
Error: Class "App\Models\User" not found

/www/wwwroot/jobportal.prus.dev/tests/Unit/Models/JobTest.php:38</error>
        </testcase>
        <testcase name="it_can_get_applications_count" file="/www/wwwroot/jobportal.prus.dev/tests/Unit/Models/JobTest.php" line="351" class="Tests\Unit\Models\JobTest" classname="Tests.Unit.Models.JobTest" assertions="0" time="0.000000">
          <error type="Error">Tests\Unit\Models\JobTest::it_can_get_applications_count
Error: Class "App\Models\User" not found

/www/wwwroot/jobportal.prus.dev/tests/Unit/Models/JobTest.php:38</error>
        </testcase>
        <testcase name="it_can_get_full_location_string" file="/www/wwwroot/jobportal.prus.dev/tests/Unit/Models/JobTest.php" line="359" class="Tests\Unit\Models\JobTest" classname="Tests.Unit.Models.JobTest" assertions="0" time="0.000000">
          <error type="Error">Tests\Unit\Models\JobTest::it_can_get_full_location_string
Error: Class "App\Models\User" not found

/www/wwwroot/jobportal.prus.dev/tests/Unit/Models/JobTest.php:38</error>
        </testcase>
      </testsuite>
      <testsuite name="Tests\Unit\Models\JobTypeModelTest" file="/www/wwwroot/jobportal.prus.dev/tests/Unit/Models/JobTypeModelTest.php" tests="6" assertions="5" errors="2" failures="2" skipped="0" time="0.026259">
        <testcase name="it_has_correct_table_name" file="/www/wwwroot/jobportal.prus.dev/tests/Unit/Models/JobTypeModelTest.php" line="16" class="Tests\Unit\Models\JobTypeModelTest" classname="Tests.Unit.Models.JobTypeModelTest" assertions="1" time="0.000343"/>
        <testcase name="it_has_correct_fillable_attributes" file="/www/wwwroot/jobportal.prus.dev/tests/Unit/Models/JobTypeModelTest.php" line="23" class="Tests\Unit\Models\JobTypeModelTest" classname="Tests.Unit.Models.JobTypeModelTest" assertions="1" time="0.000323"/>
        <testcase name="it_has_correct_casts" file="/www/wwwroot/jobportal.prus.dev/tests/Unit/Models/JobTypeModelTest.php" line="44" class="Tests\Unit\Models\JobTypeModelTest" classname="Tests.Unit.Models.JobTypeModelTest" assertions="1" time="0.024282">
          <failure type="PHPUnit\Framework\ExpectationFailedException">Tests\Unit\Models\JobTypeModelTest::it_has_correct_casts
Failed asserting that two arrays are equal.
--- Expected
+++ Actual
@@ @@
 Array (
     'id' =&gt; 'int'
-    'sort_order' =&gt; 'int'
+    'sort_order' =&gt; 'integer'
     'is_default' =&gt; 'boolean'
     'is_active' =&gt; 'boolean'
     'is_featured' =&gt; 'boolean'
+    'created_at' =&gt; 'datetime'
+    'updated_at' =&gt; 'datetime'
 )

/www/wwwroot/jobportal.prus.dev/tests/Unit/Models/JobTypeModelTest.php:55</failure>
        </testcase>
        <testcase name="it_can_be_instantiated_with_attributes" file="/www/wwwroot/jobportal.prus.dev/tests/Unit/Models/JobTypeModelTest.php" line="59" class="Tests\Unit\Models\JobTypeModelTest" classname="Tests.Unit.Models.JobTypeModelTest" assertions="0" time="0.000577">
          <error type="Illuminate\Database\Eloquent\MassAssignmentException">Tests\Unit\Models\JobTypeModelTest::it_can_be_instantiated_with_attributes
Illuminate\Database\Eloquent\MassAssignmentException: Add fillable property [company_id] to allow mass assignment on [App\Models\JobType].

/www/wwwroot/jobportal.prus.dev/vendor/laravel/framework/src/Illuminate/Database/Eloquent/Model.php:607
/www/wwwroot/jobportal.prus.dev/vendor/laravel/framework/src/Illuminate/Database/Eloquent/Model.php:278
/www/wwwroot/jobportal.prus.dev/tests/Unit/Models/JobTypeModelTest.php:61</error>
        </testcase>
        <testcase name="it_has_relationship_methods" file="/www/wwwroot/jobportal.prus.dev/tests/Unit/Models/JobTypeModelTest.php" line="75" class="Tests\Unit\Models\JobTypeModelTest" classname="Tests.Unit.Models.JobTypeModelTest" assertions="2" time="0.000417">
          <failure type="PHPUnit\Framework\ExpectationFailedException">Tests\Unit\Models\JobTypeModelTest::it_has_relationship_methods
Failed asserting that false is true.

/www/wwwroot/jobportal.prus.dev/tests/Unit/Models/JobTypeModelTest.php:81</failure>
        </testcase>
        <testcase name="it_has_validation_rules" file="/www/wwwroot/jobportal.prus.dev/tests/Unit/Models/JobTypeModelTest.php" line="85" class="Tests\Unit\Models\JobTypeModelTest" classname="Tests.Unit.Models.JobTypeModelTest" assertions="0" time="0.000317">
          <error type="Error">Tests\Unit\Models\JobTypeModelTest::it_has_validation_rules
Error: Access to undeclared static property App\Models\JobType::$rules

/www/wwwroot/jobportal.prus.dev/tests/Unit/Models/JobTypeModelTest.php:91</error>
        </testcase>
      </testsuite>
      <testsuite name="Tests\Unit\Models\JobTypeTest" file="/www/wwwroot/jobportal.prus.dev/tests/Unit/Models/JobTypeTest.php" tests="25" assertions="0" errors="25" failures="0" skipped="0" time="0.000000">
        <testcase name="it_has_correct_fillable_attributes" file="/www/wwwroot/jobportal.prus.dev/tests/Unit/Models/JobTypeTest.php" line="34" class="Tests\Unit\Models\JobTypeTest" classname="Tests.Unit.Models.JobTypeTest" assertions="0" time="0.000000">
          <error type="Error">Tests\Unit\Models\JobTypeTest::it_has_correct_fillable_attributes
Error: Class "App\Models\User" not found

/www/wwwroot/jobportal.prus.dev/tests/Unit/Models/JobTypeTest.php:364
/www/wwwroot/jobportal.prus.dev/tests/Unit/Models/JobTypeTest.php:30</error>
        </testcase>
        <testcase name="it_casts_attributes_correctly" file="/www/wwwroot/jobportal.prus.dev/tests/Unit/Models/JobTypeTest.php" line="49" class="Tests\Unit\Models\JobTypeTest" classname="Tests.Unit.Models.JobTypeTest" assertions="0" time="0.000000">
          <error type="Error">Tests\Unit\Models\JobTypeTest::it_casts_attributes_correctly
Error: Class "App\Models\User" not found

/www/wwwroot/jobportal.prus.dev/tests/Unit/Models/JobTypeTest.php:364
/www/wwwroot/jobportal.prus.dev/tests/Unit/Models/JobTypeTest.php:30</error>
        </testcase>
        <testcase name="it_has_jobs_relationship" file="/www/wwwroot/jobportal.prus.dev/tests/Unit/Models/JobTypeTest.php" line="63" class="Tests\Unit\Models\JobTypeTest" classname="Tests.Unit.Models.JobTypeTest" assertions="0" time="0.000000">
          <error type="Error">Tests\Unit\Models\JobTypeTest::it_has_jobs_relationship
Error: Class "App\Models\User" not found

/www/wwwroot/jobportal.prus.dev/tests/Unit/Models/JobTypeTest.php:364
/www/wwwroot/jobportal.prus.dev/tests/Unit/Models/JobTypeTest.php:30</error>
        </testcase>
        <testcase name="active_scope_returns_only_active_job_types" file="/www/wwwroot/jobportal.prus.dev/tests/Unit/Models/JobTypeTest.php" line="71" class="Tests\Unit\Models\JobTypeTest" classname="Tests.Unit.Models.JobTypeTest" assertions="0" time="0.000000">
          <error type="Error">Tests\Unit\Models\JobTypeTest::active_scope_returns_only_active_job_types
Error: Class "App\Models\User" not found

/www/wwwroot/jobportal.prus.dev/tests/Unit/Models/JobTypeTest.php:364
/www/wwwroot/jobportal.prus.dev/tests/Unit/Models/JobTypeTest.php:30</error>
        </testcase>
        <testcase name="inactive_scope_returns_only_inactive_job_types" file="/www/wwwroot/jobportal.prus.dev/tests/Unit/Models/JobTypeTest.php" line="86" class="Tests\Unit\Models\JobTypeTest" classname="Tests.Unit.Models.JobTypeTest" assertions="0" time="0.000000">
          <error type="Error">Tests\Unit\Models\JobTypeTest::inactive_scope_returns_only_inactive_job_types
Error: Class "App\Models\User" not found

/www/wwwroot/jobportal.prus.dev/tests/Unit/Models/JobTypeTest.php:364
/www/wwwroot/jobportal.prus.dev/tests/Unit/Models/JobTypeTest.php:30</error>
        </testcase>
        <testcase name="default_scope_returns_only_default_job_types" file="/www/wwwroot/jobportal.prus.dev/tests/Unit/Models/JobTypeTest.php" line="98" class="Tests\Unit\Models\JobTypeTest" classname="Tests.Unit.Models.JobTypeTest" assertions="0" time="0.000000">
          <error type="Error">Tests\Unit\Models\JobTypeTest::default_scope_returns_only_default_job_types
Error: Class "App\Models\User" not found

/www/wwwroot/jobportal.prus.dev/tests/Unit/Models/JobTypeTest.php:364
/www/wwwroot/jobportal.prus.dev/tests/Unit/Models/JobTypeTest.php:30</error>
        </testcase>
        <testcase name="custom_scope_returns_only_custom_job_types" file="/www/wwwroot/jobportal.prus.dev/tests/Unit/Models/JobTypeTest.php" line="110" class="Tests\Unit\Models\JobTypeTest" classname="Tests.Unit.Models.JobTypeTest" assertions="0" time="0.000000">
          <error type="Error">Tests\Unit\Models\JobTypeTest::custom_scope_returns_only_custom_job_types
Error: Class "App\Models\User" not found

/www/wwwroot/jobportal.prus.dev/tests/Unit/Models/JobTypeTest.php:364
/www/wwwroot/jobportal.prus.dev/tests/Unit/Models/JobTypeTest.php:30</error>
        </testcase>
        <testcase name="with_jobs_scope_returns_job_types_with_jobs" file="/www/wwwroot/jobportal.prus.dev/tests/Unit/Models/JobTypeTest.php" line="122" class="Tests\Unit\Models\JobTypeTest" classname="Tests.Unit.Models.JobTypeTest" assertions="0" time="0.000000">
          <error type="Error">Tests\Unit\Models\JobTypeTest::with_jobs_scope_returns_job_types_with_jobs
Error: Class "App\Models\User" not found

/www/wwwroot/jobportal.prus.dev/tests/Unit/Models/JobTypeTest.php:364
/www/wwwroot/jobportal.prus.dev/tests/Unit/Models/JobTypeTest.php:30</error>
        </testcase>
        <testcase name="search_scope_finds_job_types_by_name_and_description" file="/www/wwwroot/jobportal.prus.dev/tests/Unit/Models/JobTypeTest.php" line="137" class="Tests\Unit\Models\JobTypeTest" classname="Tests.Unit.Models.JobTypeTest" assertions="0" time="0.000000">
          <error type="Error">Tests\Unit\Models\JobTypeTest::search_scope_finds_job_types_by_name_and_description
Error: Class "App\Models\User" not found

/www/wwwroot/jobportal.prus.dev/tests/Unit/Models/JobTypeTest.php:364
/www/wwwroot/jobportal.prus.dev/tests/Unit/Models/JobTypeTest.php:30</error>
        </testcase>
        <testcase name="recent_scope_returns_recently_created_job_types" file="/www/wwwroot/jobportal.prus.dev/tests/Unit/Models/JobTypeTest.php" line="159" class="Tests\Unit\Models\JobTypeTest" classname="Tests.Unit.Models.JobTypeTest" assertions="0" time="0.000000">
          <error type="Error">Tests\Unit\Models\JobTypeTest::recent_scope_returns_recently_created_job_types
Error: Class "App\Models\User" not found

/www/wwwroot/jobportal.prus.dev/tests/Unit/Models/JobTypeTest.php:364
/www/wwwroot/jobportal.prus.dev/tests/Unit/Models/JobTypeTest.php:30</error>
        </testcase>
        <testcase name="popular_scope_returns_job_types_ordered_by_job_count" file="/www/wwwroot/jobportal.prus.dev/tests/Unit/Models/JobTypeTest.php" line="171" class="Tests\Unit\Models\JobTypeTest" classname="Tests.Unit.Models.JobTypeTest" assertions="0" time="0.000000">
          <error type="Error">Tests\Unit\Models\JobTypeTest::popular_scope_returns_job_types_ordered_by_job_count
Error: Class "App\Models\User" not found

/www/wwwroot/jobportal.prus.dev/tests/Unit/Models/JobTypeTest.php:364
/www/wwwroot/jobportal.prus.dev/tests/Unit/Models/JobTypeTest.php:30</error>
        </testcase>
        <testcase name="alphabetical_scope_orders_by_name" file="/www/wwwroot/jobportal.prus.dev/tests/Unit/Models/JobTypeTest.php" line="186" class="Tests\Unit\Models\JobTypeTest" classname="Tests.Unit.Models.JobTypeTest" assertions="0" time="0.000000">
          <error type="Error">Tests\Unit\Models\JobTypeTest::alphabetical_scope_orders_by_name
Error: Class "App\Models\User" not found

/www/wwwroot/jobportal.prus.dev/tests/Unit/Models/JobTypeTest.php:364
/www/wwwroot/jobportal.prus.dev/tests/Unit/Models/JobTypeTest.php:30</error>
        </testcase>
        <testcase name="full_time_scope_finds_full_time_job_types" file="/www/wwwroot/jobportal.prus.dev/tests/Unit/Models/JobTypeTest.php" line="199" class="Tests\Unit\Models\JobTypeTest" classname="Tests.Unit.Models.JobTypeTest" assertions="0" time="0.000000">
          <error type="Error">Tests\Unit\Models\JobTypeTest::full_time_scope_finds_full_time_job_types
Error: Class "App\Models\User" not found

/www/wwwroot/jobportal.prus.dev/tests/Unit/Models/JobTypeTest.php:364
/www/wwwroot/jobportal.prus.dev/tests/Unit/Models/JobTypeTest.php:30</error>
        </testcase>
        <testcase name="part_time_scope_finds_part_time_job_types" file="/www/wwwroot/jobportal.prus.dev/tests/Unit/Models/JobTypeTest.php" line="213" class="Tests\Unit\Models\JobTypeTest" classname="Tests.Unit.Models.JobTypeTest" assertions="0" time="0.000000">
          <error type="Error">Tests\Unit\Models\JobTypeTest::part_time_scope_finds_part_time_job_types
Error: Class "App\Models\User" not found

/www/wwwroot/jobportal.prus.dev/tests/Unit/Models/JobTypeTest.php:364
/www/wwwroot/jobportal.prus.dev/tests/Unit/Models/JobTypeTest.php:30</error>
        </testcase>
        <testcase name="remote_scope_finds_remote_job_types" file="/www/wwwroot/jobportal.prus.dev/tests/Unit/Models/JobTypeTest.php" line="227" class="Tests\Unit\Models\JobTypeTest" classname="Tests.Unit.Models.JobTypeTest" assertions="0" time="0.000000">
          <error type="Error">Tests\Unit\Models\JobTypeTest::remote_scope_finds_remote_job_types
Error: Class "App\Models\User" not found

/www/wwwroot/jobportal.prus.dev/tests/Unit/Models/JobTypeTest.php:364
/www/wwwroot/jobportal.prus.dev/tests/Unit/Models/JobTypeTest.php:30</error>
        </testcase>
        <testcase name="usage_count_attribute_returns_job_count" file="/www/wwwroot/jobportal.prus.dev/tests/Unit/Models/JobTypeTest.php" line="239" class="Tests\Unit\Models\JobTypeTest" classname="Tests.Unit.Models.JobTypeTest" assertions="0" time="0.000000">
          <error type="Error">Tests\Unit\Models\JobTypeTest::usage_count_attribute_returns_job_count
Error: Class "App\Models\User" not found

/www/wwwroot/jobportal.prus.dev/tests/Unit/Models/JobTypeTest.php:364
/www/wwwroot/jobportal.prus.dev/tests/Unit/Models/JobTypeTest.php:30</error>
        </testcase>
        <testcase name="formatted_usage_stats_attribute_returns_correct_data" file="/www/wwwroot/jobportal.prus.dev/tests/Unit/Models/JobTypeTest.php" line="248" class="Tests\Unit\Models\JobTypeTest" classname="Tests.Unit.Models.JobTypeTest" assertions="0" time="0.000000">
          <error type="Error">Tests\Unit\Models\JobTypeTest::formatted_usage_stats_attribute_returns_correct_data
Error: Class "App\Models\User" not found

/www/wwwroot/jobportal.prus.dev/tests/Unit/Models/JobTypeTest.php:364
/www/wwwroot/jobportal.prus.dev/tests/Unit/Models/JobTypeTest.php:30</error>
        </testcase>
        <testcase name="is_high_demand_method_returns_correct_boolean" file="/www/wwwroot/jobportal.prus.dev/tests/Unit/Models/JobTypeTest.php" line="265" class="Tests\Unit\Models\JobTypeTest" classname="Tests.Unit.Models.JobTypeTest" assertions="0" time="0.000000">
          <error type="Error">Tests\Unit\Models\JobTypeTest::is_high_demand_method_returns_correct_boolean
Error: Class "App\Models\User" not found

/www/wwwroot/jobportal.prus.dev/tests/Unit/Models/JobTypeTest.php:364
/www/wwwroot/jobportal.prus.dev/tests/Unit/Models/JobTypeTest.php:30</error>
        </testcase>
        <testcase name="is_full_time_method_returns_correct_boolean" file="/www/wwwroot/jobportal.prus.dev/tests/Unit/Models/JobTypeTest.php" line="278" class="Tests\Unit\Models\JobTypeTest" classname="Tests.Unit.Models.JobTypeTest" assertions="0" time="0.000000">
          <error type="Error">Tests\Unit\Models\JobTypeTest::is_full_time_method_returns_correct_boolean
Error: Class "App\Models\User" not found

/www/wwwroot/jobportal.prus.dev/tests/Unit/Models/JobTypeTest.php:364
/www/wwwroot/jobportal.prus.dev/tests/Unit/Models/JobTypeTest.php:30</error>
        </testcase>
        <testcase name="is_part_time_method_returns_correct_boolean" file="/www/wwwroot/jobportal.prus.dev/tests/Unit/Models/JobTypeTest.php" line="288" class="Tests\Unit\Models\JobTypeTest" classname="Tests.Unit.Models.JobTypeTest" assertions="0" time="0.000000">
          <error type="Error">Tests\Unit\Models\JobTypeTest::is_part_time_method_returns_correct_boolean
Error: Class "App\Models\User" not found

/www/wwwroot/jobportal.prus.dev/tests/Unit/Models/JobTypeTest.php:364
/www/wwwroot/jobportal.prus.dev/tests/Unit/Models/JobTypeTest.php:30</error>
        </testcase>
        <testcase name="is_remote_method_returns_correct_boolean" file="/www/wwwroot/jobportal.prus.dev/tests/Unit/Models/JobTypeTest.php" line="298" class="Tests\Unit\Models\JobTypeTest" classname="Tests.Unit.Models.JobTypeTest" assertions="0" time="0.000000">
          <error type="Error">Tests\Unit\Models\JobTypeTest::is_remote_method_returns_correct_boolean
Error: Class "App\Models\User" not found

/www/wwwroot/jobportal.prus.dev/tests/Unit/Models/JobTypeTest.php:364
/www/wwwroot/jobportal.prus.dev/tests/Unit/Models/JobTypeTest.php:30</error>
        </testcase>
        <testcase name="get_related_types_returns_related_job_types" file="/www/wwwroot/jobportal.prus.dev/tests/Unit/Models/JobTypeTest.php" line="310" class="Tests\Unit\Models\JobTypeTest" classname="Tests.Unit.Models.JobTypeTest" assertions="0" time="0.000000">
          <error type="Error">Tests\Unit\Models\JobTypeTest::get_related_types_returns_related_job_types
Error: Class "App\Models\User" not found

/www/wwwroot/jobportal.prus.dev/tests/Unit/Models/JobTypeTest.php:364
/www/wwwroot/jobportal.prus.dev/tests/Unit/Models/JobTypeTest.php:30</error>
        </testcase>
        <testcase name="cache_is_cleared_when_job_type_is_updated" file="/www/wwwroot/jobportal.prus.dev/tests/Unit/Models/JobTypeTest.php" line="326" class="Tests\Unit\Models\JobTypeTest" classname="Tests.Unit.Models.JobTypeTest" assertions="0" time="0.000000">
          <error type="Error">Tests\Unit\Models\JobTypeTest::cache_is_cleared_when_job_type_is_updated
Error: Class "App\Models\User" not found

/www/wwwroot/jobportal.prus.dev/tests/Unit/Models/JobTypeTest.php:364
/www/wwwroot/jobportal.prus.dev/tests/Unit/Models/JobTypeTest.php:30</error>
        </testcase>
        <testcase name="cache_is_cleared_when_job_type_is_deleted" file="/www/wwwroot/jobportal.prus.dev/tests/Unit/Models/JobTypeTest.php" line="340" class="Tests\Unit\Models\JobTypeTest" classname="Tests.Unit.Models.JobTypeTest" assertions="0" time="0.000000">
          <error type="Error">Tests\Unit\Models\JobTypeTest::cache_is_cleared_when_job_type_is_deleted
Error: Class "App\Models\User" not found

/www/wwwroot/jobportal.prus.dev/tests/Unit/Models/JobTypeTest.php:364
/www/wwwroot/jobportal.prus.dev/tests/Unit/Models/JobTypeTest.php:30</error>
        </testcase>
        <testcase name="activity_logging_is_configured" file="/www/wwwroot/jobportal.prus.dev/tests/Unit/Models/JobTypeTest.php" line="354" class="Tests\Unit\Models\JobTypeTest" classname="Tests.Unit.Models.JobTypeTest" assertions="0" time="0.000000">
          <error type="Error">Tests\Unit\Models\JobTypeTest::activity_logging_is_configured
Error: Class "App\Models\User" not found

/www/wwwroot/jobportal.prus.dev/tests/Unit/Models/JobTypeTest.php:364
/www/wwwroot/jobportal.prus.dev/tests/Unit/Models/JobTypeTest.php:30</error>
        </testcase>
      </testsuite>
      <testsuite name="Tests\Unit\Models\LanguageTest" file="/www/wwwroot/jobportal.prus.dev/tests/Unit/Models/LanguageTest.php" tests="5" assertions="7" errors="0" failures="0" skipped="0" time="4.357580">
        <testcase name="it_can_be_created" file="/www/wwwroot/jobportal.prus.dev/tests/Unit/Models/LanguageTest.php" line="19" class="Tests\Unit\Models\LanguageTest" classname="Tests.Unit.Models.LanguageTest" assertions="2" time="0.937130"/>
        <testcase name="it_has_fillable_attributes" file="/www/wwwroot/jobportal.prus.dev/tests/Unit/Models/LanguageTest.php" line="30" class="Tests\Unit\Models\LanguageTest" classname="Tests.Unit.Models.LanguageTest" assertions="2" time="0.892341"/>
        <testcase name="it_has_proper_casts" file="/www/wwwroot/jobportal.prus.dev/tests/Unit/Models/LanguageTest.php" line="40" class="Tests\Unit\Models\LanguageTest" classname="Tests.Unit.Models.LanguageTest" assertions="1" time="1.139019"/>
        <testcase name="it_can_be_updated" file="/www/wwwroot/jobportal.prus.dev/tests/Unit/Models/LanguageTest.php" line="50" class="Tests\Unit\Models\LanguageTest" classname="Tests.Unit.Models.LanguageTest" assertions="1" time="0.777979"/>
        <testcase name="it_can_be_deleted" file="/www/wwwroot/jobportal.prus.dev/tests/Unit/Models/LanguageTest.php" line="65" class="Tests\Unit\Models\LanguageTest" classname="Tests.Unit.Models.LanguageTest" assertions="1" time="0.611111"/>
      </testsuite>
      <testsuite name="Tests\Unit\Models\MaritalStatusTest" file="/www/wwwroot/jobportal.prus.dev/tests/Unit/Models/MaritalStatusTest.php" tests="5" assertions="7" errors="3" failures="0" skipped="0" time="4.796423">
        <testcase name="it_can_be_created" file="/www/wwwroot/jobportal.prus.dev/tests/Unit/Models/MaritalStatusTest.php" line="19" class="Tests\Unit\Models\MaritalStatusTest" classname="Tests.Unit.Models.MaritalStatusTest" assertions="2" time="0.478749">
          <error type="Illuminate\Database\QueryException">Tests\Unit\Models\MaritalStatusTest::it_can_be_created
Illuminate\Database\QueryException: SQLSTATE[HY000]: General error: 1 no such table: maritalstatuses (Connection: sqlite, SQL: select exists(select * from "maritalstatuses" where ("id" = 1)) as "exists")

/www/wwwroot/jobportal.prus.dev/vendor/laravel/framework/src/Illuminate/Database/Connection.php:822
/www/wwwroot/jobportal.prus.dev/vendor/laravel/framework/src/Illuminate/Database/Connection.php:776
/www/wwwroot/jobportal.prus.dev/vendor/laravel/framework/src/Illuminate/Database/Connection.php:395
/www/wwwroot/jobportal.prus.dev/vendor/laravel/framework/src/Illuminate/Database/Query/Builder.php:3504
/www/wwwroot/jobportal.prus.dev/vendor/laravel/framework/src/Illuminate/Testing/Constraints/HasInDatabase.php:55
/www/wwwroot/jobportal.prus.dev/vendor/laravel/framework/src/Illuminate/Foundation/Testing/Concerns/InteractsWithDatabase.php:36
/www/wwwroot/jobportal.prus.dev/tests/Unit/Models/MaritalStatusTest.php:24</error>
        </testcase>
        <testcase name="it_has_fillable_attributes" file="/www/wwwroot/jobportal.prus.dev/tests/Unit/Models/MaritalStatusTest.php" line="30" class="Tests\Unit\Models\MaritalStatusTest" classname="Tests.Unit.Models.MaritalStatusTest" assertions="2" time="0.673924"/>
        <testcase name="it_has_proper_casts" file="/www/wwwroot/jobportal.prus.dev/tests/Unit/Models/MaritalStatusTest.php" line="40" class="Tests\Unit\Models\MaritalStatusTest" classname="Tests.Unit.Models.MaritalStatusTest" assertions="1" time="0.842999"/>
        <testcase name="it_can_be_updated" file="/www/wwwroot/jobportal.prus.dev/tests/Unit/Models/MaritalStatusTest.php" line="50" class="Tests\Unit\Models\MaritalStatusTest" classname="Tests.Unit.Models.MaritalStatusTest" assertions="1" time="1.541827">
          <error type="Illuminate\Database\QueryException">Tests\Unit\Models\MaritalStatusTest::it_can_be_updated
Illuminate\Database\QueryException: SQLSTATE[HY000]: General error: 1 no such table: maritalstatuses (Connection: sqlite, SQL: select exists(select * from "maritalstatuses" where ("id" = 1)) as "exists")

/www/wwwroot/jobportal.prus.dev/vendor/laravel/framework/src/Illuminate/Database/Connection.php:822
/www/wwwroot/jobportal.prus.dev/vendor/laravel/framework/src/Illuminate/Database/Connection.php:776
/www/wwwroot/jobportal.prus.dev/vendor/laravel/framework/src/Illuminate/Database/Connection.php:395
/www/wwwroot/jobportal.prus.dev/vendor/laravel/framework/src/Illuminate/Database/Query/Builder.php:3504
/www/wwwroot/jobportal.prus.dev/vendor/laravel/framework/src/Illuminate/Testing/Constraints/HasInDatabase.php:55
/www/wwwroot/jobportal.prus.dev/vendor/laravel/framework/src/Illuminate/Foundation/Testing/Concerns/InteractsWithDatabase.php:36
/www/wwwroot/jobportal.prus.dev/tests/Unit/Models/MaritalStatusTest.php:59</error>
        </testcase>
        <testcase name="it_can_be_deleted" file="/www/wwwroot/jobportal.prus.dev/tests/Unit/Models/MaritalStatusTest.php" line="65" class="Tests\Unit\Models\MaritalStatusTest" classname="Tests.Unit.Models.MaritalStatusTest" assertions="1" time="1.258924">
          <error type="Illuminate\Database\QueryException">Tests\Unit\Models\MaritalStatusTest::it_can_be_deleted
Illuminate\Database\QueryException: SQLSTATE[HY000]: General error: 1 no such table: maritalstatuses (Connection: sqlite, SQL: select exists(select * from "maritalstatuses" where ("id" = 1)) as "exists")

/www/wwwroot/jobportal.prus.dev/vendor/laravel/framework/src/Illuminate/Database/Connection.php:822
/www/wwwroot/jobportal.prus.dev/vendor/laravel/framework/src/Illuminate/Database/Connection.php:776
/www/wwwroot/jobportal.prus.dev/vendor/laravel/framework/src/Illuminate/Database/Connection.php:395
/www/wwwroot/jobportal.prus.dev/vendor/laravel/framework/src/Illuminate/Database/Query/Builder.php:3504
/www/wwwroot/jobportal.prus.dev/vendor/laravel/framework/src/Illuminate/Testing/Constraints/HasInDatabase.php:55
/www/wwwroot/jobportal.prus.dev/vendor/laravel/framework/src/Illuminate/Foundation/Testing/Concerns/InteractsWithDatabase.php:64
/www/wwwroot/jobportal.prus.dev/tests/Unit/Models/MaritalStatusTest.php:72</error>
        </testcase>
      </testsuite>
      <testsuite name="Tests\Unit\Models\NewsLetterTest" file="/www/wwwroot/jobportal.prus.dev/tests/Unit/Models/NewsLetterTest.php" tests="5" assertions="3" errors="3" failures="0" skipped="0" time="4.583298">
        <testcase name="it_can_be_created" file="/www/wwwroot/jobportal.prus.dev/tests/Unit/Models/NewsLetterTest.php" line="19" class="Tests\Unit\Models\NewsLetterTest" classname="Tests.Unit.Models.NewsLetterTest" assertions="0" time="0.903291">
          <error type="Illuminate\Database\QueryException">Tests\Unit\Models\NewsLetterTest::it_can_be_created
Illuminate\Database\QueryException: SQLSTATE[HY000]: General error: 1 table news_letters has no column named name (Connection: sqlite, SQL: insert into "news_letters" ("email", "name", "is_subscribed", "is_active", "is_verified", "subscribed_at", "emails_sent_count", "source", "verification_token", "unsubscribe_token", "updated_at", "created_at") values (shields.kristofer@example.net, Brendan Koss, 1, 1, 0, 2025-08-09 10:52:37, 0, website, cdcf9f56b19788560873e8582f650db0dfbdd9d512c5f625d7a45387c1e40c04, 02fa873a43960ecd1dea490f003723a1a78769ee497501d5dde992e97f954111, 2025-08-09 10:52:37, 2025-08-09 10:52:37))

/www/wwwroot/jobportal.prus.dev/vendor/laravel/framework/src/Illuminate/Database/Connection.php:822
/www/wwwroot/jobportal.prus.dev/vendor/laravel/framework/src/Illuminate/Database/Connection.php:776
/www/wwwroot/jobportal.prus.dev/vendor/laravel/framework/src/Illuminate/Database/Connection.php:557
/www/wwwroot/jobportal.prus.dev/vendor/laravel/framework/src/Illuminate/Database/Connection.php:521
/www/wwwroot/jobportal.prus.dev/vendor/laravel/framework/src/Illuminate/Database/Query/Processors/Processor.php:32
/www/wwwroot/jobportal.prus.dev/vendor/laravel/framework/src/Illuminate/Database/Query/Builder.php:3796
/www/wwwroot/jobportal.prus.dev/vendor/laravel/framework/src/Illuminate/Database/Eloquent/Builder.php:2205
/www/wwwroot/jobportal.prus.dev/vendor/laravel/framework/src/Illuminate/Database/Eloquent/Model.php:1408
/www/wwwroot/jobportal.prus.dev/vendor/laravel/framework/src/Illuminate/Database/Eloquent/Model.php:1373
/www/wwwroot/jobportal.prus.dev/vendor/laravel/framework/src/Illuminate/Database/Eloquent/Model.php:1212
/www/wwwroot/jobportal.prus.dev/vendor/laravel/framework/src/Illuminate/Database/Eloquent/Factories/Factory.php:351
/www/wwwroot/jobportal.prus.dev/vendor/laravel/framework/src/Illuminate/Collections/Traits/EnumeratesValues.php:271
/www/wwwroot/jobportal.prus.dev/vendor/laravel/framework/src/Illuminate/Database/Eloquent/Factories/Factory.php:346
/www/wwwroot/jobportal.prus.dev/vendor/laravel/framework/src/Illuminate/Database/Eloquent/Factories/Factory.php:302
/www/wwwroot/jobportal.prus.dev/tests/Unit/Models/NewsLetterTest.php:21</error>
        </testcase>
        <testcase name="it_has_fillable_attributes" file="/www/wwwroot/jobportal.prus.dev/tests/Unit/Models/NewsLetterTest.php" line="30" class="Tests\Unit\Models\NewsLetterTest" classname="Tests.Unit.Models.NewsLetterTest" assertions="2" time="0.875481"/>
        <testcase name="it_has_proper_casts" file="/www/wwwroot/jobportal.prus.dev/tests/Unit/Models/NewsLetterTest.php" line="40" class="Tests\Unit\Models\NewsLetterTest" classname="Tests.Unit.Models.NewsLetterTest" assertions="1" time="0.856603"/>
        <testcase name="it_can_be_updated" file="/www/wwwroot/jobportal.prus.dev/tests/Unit/Models/NewsLetterTest.php" line="50" class="Tests\Unit\Models\NewsLetterTest" classname="Tests.Unit.Models.NewsLetterTest" assertions="0" time="0.964708">
          <error type="Illuminate\Database\QueryException">Tests\Unit\Models\NewsLetterTest::it_can_be_updated
Illuminate\Database\QueryException: SQLSTATE[HY000]: General error: 1 table news_letters has no column named name (Connection: sqlite, SQL: insert into "news_letters" ("email", "name", "is_subscribed", "is_active", "is_verified", "subscribed_at", "emails_sent_count", "source", "verification_token", "unsubscribe_token", "updated_at", "created_at") values (kabbott@example.org, Luther Gutkowski, 0, 1, 0, 2025-08-09 10:52:40, 0, website, 8288014d208c20245cab418a10c7c4418878f03759c79ee2511b92c45250aa52, fdd37e68c4fe9bd5cbe6942333160bf924207c0001bee898345a945d53d6fbb4, 2025-08-09 10:52:40, 2025-08-09 10:52:40))

/www/wwwroot/jobportal.prus.dev/vendor/laravel/framework/src/Illuminate/Database/Connection.php:822
/www/wwwroot/jobportal.prus.dev/vendor/laravel/framework/src/Illuminate/Database/Connection.php:776
/www/wwwroot/jobportal.prus.dev/vendor/laravel/framework/src/Illuminate/Database/Connection.php:557
/www/wwwroot/jobportal.prus.dev/vendor/laravel/framework/src/Illuminate/Database/Connection.php:521
/www/wwwroot/jobportal.prus.dev/vendor/laravel/framework/src/Illuminate/Database/Query/Processors/Processor.php:32
/www/wwwroot/jobportal.prus.dev/vendor/laravel/framework/src/Illuminate/Database/Query/Builder.php:3796
/www/wwwroot/jobportal.prus.dev/vendor/laravel/framework/src/Illuminate/Database/Eloquent/Builder.php:2205
/www/wwwroot/jobportal.prus.dev/vendor/laravel/framework/src/Illuminate/Database/Eloquent/Model.php:1408
/www/wwwroot/jobportal.prus.dev/vendor/laravel/framework/src/Illuminate/Database/Eloquent/Model.php:1373
/www/wwwroot/jobportal.prus.dev/vendor/laravel/framework/src/Illuminate/Database/Eloquent/Model.php:1212
/www/wwwroot/jobportal.prus.dev/vendor/laravel/framework/src/Illuminate/Database/Eloquent/Factories/Factory.php:351
/www/wwwroot/jobportal.prus.dev/vendor/laravel/framework/src/Illuminate/Collections/Traits/EnumeratesValues.php:271
/www/wwwroot/jobportal.prus.dev/vendor/laravel/framework/src/Illuminate/Database/Eloquent/Factories/Factory.php:346
/www/wwwroot/jobportal.prus.dev/vendor/laravel/framework/src/Illuminate/Database/Eloquent/Factories/Factory.php:302
/www/wwwroot/jobportal.prus.dev/tests/Unit/Models/NewsLetterTest.php:52</error>
        </testcase>
        <testcase name="it_can_be_deleted" file="/www/wwwroot/jobportal.prus.dev/tests/Unit/Models/NewsLetterTest.php" line="65" class="Tests\Unit\Models\NewsLetterTest" classname="Tests.Unit.Models.NewsLetterTest" assertions="0" time="0.983215">
          <error type="Illuminate\Database\QueryException">Tests\Unit\Models\NewsLetterTest::it_can_be_deleted
Illuminate\Database\QueryException: SQLSTATE[HY000]: General error: 1 table news_letters has no column named name (Connection: sqlite, SQL: insert into "news_letters" ("email", "name", "is_subscribed", "is_active", "is_verified", "subscribed_at", "emails_sent_count", "source", "verification_token", "unsubscribe_token", "updated_at", "created_at") values (roxane06@example.net, Florencio Stanton, 1, 1, 0, 2025-08-09 10:52:41, 0, website, 870fcee804331b74f888d2dabef18708872ef45dfd0ecbeeee97637fc6350e57, 62d98abf6a9a70aca50eb90b9e7b6d6324d9c85ba73240511962045a9fb59856, 2025-08-09 10:52:41, 2025-08-09 10:52:41))

/www/wwwroot/jobportal.prus.dev/vendor/laravel/framework/src/Illuminate/Database/Connection.php:822
/www/wwwroot/jobportal.prus.dev/vendor/laravel/framework/src/Illuminate/Database/Connection.php:776
/www/wwwroot/jobportal.prus.dev/vendor/laravel/framework/src/Illuminate/Database/Connection.php:557
/www/wwwroot/jobportal.prus.dev/vendor/laravel/framework/src/Illuminate/Database/Connection.php:521
/www/wwwroot/jobportal.prus.dev/vendor/laravel/framework/src/Illuminate/Database/Query/Processors/Processor.php:32
/www/wwwroot/jobportal.prus.dev/vendor/laravel/framework/src/Illuminate/Database/Query/Builder.php:3796
/www/wwwroot/jobportal.prus.dev/vendor/laravel/framework/src/Illuminate/Database/Eloquent/Builder.php:2205
/www/wwwroot/jobportal.prus.dev/vendor/laravel/framework/src/Illuminate/Database/Eloquent/Model.php:1408
/www/wwwroot/jobportal.prus.dev/vendor/laravel/framework/src/Illuminate/Database/Eloquent/Model.php:1373
/www/wwwroot/jobportal.prus.dev/vendor/laravel/framework/src/Illuminate/Database/Eloquent/Model.php:1212
/www/wwwroot/jobportal.prus.dev/vendor/laravel/framework/src/Illuminate/Database/Eloquent/Factories/Factory.php:351
/www/wwwroot/jobportal.prus.dev/vendor/laravel/framework/src/Illuminate/Collections/Traits/EnumeratesValues.php:271
/www/wwwroot/jobportal.prus.dev/vendor/laravel/framework/src/Illuminate/Database/Eloquent/Factories/Factory.php:346
/www/wwwroot/jobportal.prus.dev/vendor/laravel/framework/src/Illuminate/Database/Eloquent/Factories/Factory.php:302
/www/wwwroot/jobportal.prus.dev/tests/Unit/Models/NewsLetterTest.php:67</error>
        </testcase>
      </testsuite>
      <testsuite name="Tests\Unit\Models\NoticeboardTest" file="/www/wwwroot/jobportal.prus.dev/tests/Unit/Models/NoticeboardTest.php" tests="5" assertions="7" errors="0" failures="0" skipped="0" time="3.989124">
        <testcase name="it_can_be_created" file="/www/wwwroot/jobportal.prus.dev/tests/Unit/Models/NoticeboardTest.php" line="19" class="Tests\Unit\Models\NoticeboardTest" classname="Tests.Unit.Models.NoticeboardTest" assertions="2" time="0.571411"/>
        <testcase name="it_has_fillable_attributes" file="/www/wwwroot/jobportal.prus.dev/tests/Unit/Models/NoticeboardTest.php" line="30" class="Tests\Unit\Models\NoticeboardTest" classname="Tests.Unit.Models.NoticeboardTest" assertions="2" time="0.692804"/>
        <testcase name="it_has_proper_casts" file="/www/wwwroot/jobportal.prus.dev/tests/Unit/Models/NoticeboardTest.php" line="40" class="Tests\Unit\Models\NoticeboardTest" classname="Tests.Unit.Models.NoticeboardTest" assertions="1" time="0.898523"/>
        <testcase name="it_can_be_updated" file="/www/wwwroot/jobportal.prus.dev/tests/Unit/Models/NoticeboardTest.php" line="50" class="Tests\Unit\Models\NoticeboardTest" classname="Tests.Unit.Models.NoticeboardTest" assertions="1" time="0.892862"/>
        <testcase name="it_can_be_deleted" file="/www/wwwroot/jobportal.prus.dev/tests/Unit/Models/NoticeboardTest.php" line="65" class="Tests\Unit\Models\NoticeboardTest" classname="Tests.Unit.Models.NoticeboardTest" assertions="1" time="0.933524"/>
      </testsuite>
      <testsuite name="Tests\Unit\Models\NotificationSettingTest" file="/www/wwwroot/jobportal.prus.dev/tests/Unit/Models/NotificationSettingTest.php" tests="5" assertions="3" errors="3" failures="0" skipped="0" time="4.795410">
        <testcase name="it_can_be_created" file="/www/wwwroot/jobportal.prus.dev/tests/Unit/Models/NotificationSettingTest.php" line="19" class="Tests\Unit\Models\NotificationSettingTest" classname="Tests.Unit.Models.NotificationSettingTest" assertions="0" time="1.230630">
          <error type="Error">Tests\Unit\Models\NotificationSettingTest::it_can_be_created
Error: Class "Database\Factories\NotificationSettingFactory" not found

/www/wwwroot/jobportal.prus.dev/vendor/laravel/framework/src/Illuminate/Database/Eloquent/Factories/Factory.php:885
/www/wwwroot/jobportal.prus.dev/vendor/laravel/framework/src/Illuminate/Database/Eloquent/Factories/HasFactory.php:21
/www/wwwroot/jobportal.prus.dev/tests/Unit/Models/NotificationSettingTest.php:21</error>
        </testcase>
        <testcase name="it_has_fillable_attributes" file="/www/wwwroot/jobportal.prus.dev/tests/Unit/Models/NotificationSettingTest.php" line="30" class="Tests\Unit\Models\NotificationSettingTest" classname="Tests.Unit.Models.NotificationSettingTest" assertions="2" time="0.878863"/>
        <testcase name="it_has_proper_casts" file="/www/wwwroot/jobportal.prus.dev/tests/Unit/Models/NotificationSettingTest.php" line="40" class="Tests\Unit\Models\NotificationSettingTest" classname="Tests.Unit.Models.NotificationSettingTest" assertions="1" time="0.891284"/>
        <testcase name="it_can_be_updated" file="/www/wwwroot/jobportal.prus.dev/tests/Unit/Models/NotificationSettingTest.php" line="50" class="Tests\Unit\Models\NotificationSettingTest" classname="Tests.Unit.Models.NotificationSettingTest" assertions="0" time="0.891589">
          <error type="Error">Tests\Unit\Models\NotificationSettingTest::it_can_be_updated
Error: Class "Database\Factories\NotificationSettingFactory" not found

/www/wwwroot/jobportal.prus.dev/vendor/laravel/framework/src/Illuminate/Database/Eloquent/Factories/Factory.php:885
/www/wwwroot/jobportal.prus.dev/vendor/laravel/framework/src/Illuminate/Database/Eloquent/Factories/HasFactory.php:21
/www/wwwroot/jobportal.prus.dev/tests/Unit/Models/NotificationSettingTest.php:52</error>
        </testcase>
        <testcase name="it_can_be_deleted" file="/www/wwwroot/jobportal.prus.dev/tests/Unit/Models/NotificationSettingTest.php" line="65" class="Tests\Unit\Models\NotificationSettingTest" classname="Tests.Unit.Models.NotificationSettingTest" assertions="0" time="0.903044">
          <error type="Error">Tests\Unit\Models\NotificationSettingTest::it_can_be_deleted
Error: Class "Database\Factories\NotificationSettingFactory" not found

/www/wwwroot/jobportal.prus.dev/vendor/laravel/framework/src/Illuminate/Database/Eloquent/Factories/Factory.php:885
/www/wwwroot/jobportal.prus.dev/vendor/laravel/framework/src/Illuminate/Database/Eloquent/Factories/HasFactory.php:21
/www/wwwroot/jobportal.prus.dev/tests/Unit/Models/NotificationSettingTest.php:67</error>
        </testcase>
      </testsuite>
      <testsuite name="Tests\Unit\Models\NotificationTest" file="/www/wwwroot/jobportal.prus.dev/tests/Unit/Models/NotificationTest.php" tests="5" assertions="3" errors="3" failures="0" skipped="0" time="5.287911">
        <testcase name="it_can_be_created" file="/www/wwwroot/jobportal.prus.dev/tests/Unit/Models/NotificationTest.php" line="19" class="Tests\Unit\Models\NotificationTest" classname="Tests.Unit.Models.NotificationTest" assertions="0" time="1.294701">
          <error type="Illuminate\Database\QueryException">Tests\Unit\Models\NotificationTest::it_can_be_created
Illuminate\Database\QueryException: SQLSTATE[23000]: Integrity constraint violation: 19 FOREIGN KEY constraint failed (Connection: sqlite, SQL: insert into "notifications" ("type", "notification_for", "user_id", "title", "text", "meta", "read_at", "updated_at", "created_at") values (minus, ullam, 2, Sint facilis vel est., qui, odit, 2025-02-07 04:30:20, 2025-08-09 10:52:51, 2025-08-09 10:52:51))

/www/wwwroot/jobportal.prus.dev/vendor/laravel/framework/src/Illuminate/Database/Connection.php:822
/www/wwwroot/jobportal.prus.dev/vendor/laravel/framework/src/Illuminate/Database/Connection.php:776
/www/wwwroot/jobportal.prus.dev/vendor/laravel/framework/src/Illuminate/Database/Connection.php:557
/www/wwwroot/jobportal.prus.dev/vendor/laravel/framework/src/Illuminate/Database/Connection.php:521
/www/wwwroot/jobportal.prus.dev/vendor/laravel/framework/src/Illuminate/Database/Query/Processors/Processor.php:32
/www/wwwroot/jobportal.prus.dev/vendor/laravel/framework/src/Illuminate/Database/Query/Builder.php:3796
/www/wwwroot/jobportal.prus.dev/vendor/laravel/framework/src/Illuminate/Database/Eloquent/Builder.php:2205
/www/wwwroot/jobportal.prus.dev/vendor/laravel/framework/src/Illuminate/Database/Eloquent/Model.php:1408
/www/wwwroot/jobportal.prus.dev/vendor/laravel/framework/src/Illuminate/Database/Eloquent/Model.php:1373
/www/wwwroot/jobportal.prus.dev/vendor/laravel/framework/src/Illuminate/Database/Eloquent/Model.php:1212
/www/wwwroot/jobportal.prus.dev/vendor/laravel/framework/src/Illuminate/Database/Eloquent/Factories/Factory.php:351
/www/wwwroot/jobportal.prus.dev/vendor/laravel/framework/src/Illuminate/Collections/Traits/EnumeratesValues.php:271
/www/wwwroot/jobportal.prus.dev/vendor/laravel/framework/src/Illuminate/Database/Eloquent/Factories/Factory.php:346
/www/wwwroot/jobportal.prus.dev/vendor/laravel/framework/src/Illuminate/Database/Eloquent/Factories/Factory.php:302
/www/wwwroot/jobportal.prus.dev/tests/Unit/Models/NotificationTest.php:21</error>
        </testcase>
        <testcase name="it_has_fillable_attributes" file="/www/wwwroot/jobportal.prus.dev/tests/Unit/Models/NotificationTest.php" line="30" class="Tests\Unit\Models\NotificationTest" classname="Tests.Unit.Models.NotificationTest" assertions="2" time="0.948906"/>
        <testcase name="it_has_proper_casts" file="/www/wwwroot/jobportal.prus.dev/tests/Unit/Models/NotificationTest.php" line="40" class="Tests\Unit\Models\NotificationTest" classname="Tests.Unit.Models.NotificationTest" assertions="1" time="0.973431"/>
        <testcase name="it_can_be_updated" file="/www/wwwroot/jobportal.prus.dev/tests/Unit/Models/NotificationTest.php" line="50" class="Tests\Unit\Models\NotificationTest" classname="Tests.Unit.Models.NotificationTest" assertions="0" time="0.970635">
          <error type="Illuminate\Database\QueryException">Tests\Unit\Models\NotificationTest::it_can_be_updated
Illuminate\Database\QueryException: SQLSTATE[23000]: Integrity constraint violation: 19 FOREIGN KEY constraint failed (Connection: sqlite, SQL: insert into "notifications" ("type", "notification_for", "user_id", "title", "text", "meta", "read_at", "updated_at", "created_at") values (voluptas, quia, 2, Doloremque officia et., repellendus, eius, 2024-09-19 03:06:17, 2025-08-09 10:52:54, 2025-08-09 10:52:54))

/www/wwwroot/jobportal.prus.dev/vendor/laravel/framework/src/Illuminate/Database/Connection.php:822
/www/wwwroot/jobportal.prus.dev/vendor/laravel/framework/src/Illuminate/Database/Connection.php:776
/www/wwwroot/jobportal.prus.dev/vendor/laravel/framework/src/Illuminate/Database/Connection.php:557
/www/wwwroot/jobportal.prus.dev/vendor/laravel/framework/src/Illuminate/Database/Connection.php:521
/www/wwwroot/jobportal.prus.dev/vendor/laravel/framework/src/Illuminate/Database/Query/Processors/Processor.php:32
/www/wwwroot/jobportal.prus.dev/vendor/laravel/framework/src/Illuminate/Database/Query/Builder.php:3796
/www/wwwroot/jobportal.prus.dev/vendor/laravel/framework/src/Illuminate/Database/Eloquent/Builder.php:2205
/www/wwwroot/jobportal.prus.dev/vendor/laravel/framework/src/Illuminate/Database/Eloquent/Model.php:1408
/www/wwwroot/jobportal.prus.dev/vendor/laravel/framework/src/Illuminate/Database/Eloquent/Model.php:1373
/www/wwwroot/jobportal.prus.dev/vendor/laravel/framework/src/Illuminate/Database/Eloquent/Model.php:1212
/www/wwwroot/jobportal.prus.dev/vendor/laravel/framework/src/Illuminate/Database/Eloquent/Factories/Factory.php:351
/www/wwwroot/jobportal.prus.dev/vendor/laravel/framework/src/Illuminate/Collections/Traits/EnumeratesValues.php:271
/www/wwwroot/jobportal.prus.dev/vendor/laravel/framework/src/Illuminate/Database/Eloquent/Factories/Factory.php:346
/www/wwwroot/jobportal.prus.dev/vendor/laravel/framework/src/Illuminate/Database/Eloquent/Factories/Factory.php:302
/www/wwwroot/jobportal.prus.dev/tests/Unit/Models/NotificationTest.php:52</error>
        </testcase>
        <testcase name="it_can_be_deleted" file="/www/wwwroot/jobportal.prus.dev/tests/Unit/Models/NotificationTest.php" line="65" class="Tests\Unit\Models\NotificationTest" classname="Tests.Unit.Models.NotificationTest" assertions="0" time="1.100238">
          <error type="Illuminate\Database\QueryException">Tests\Unit\Models\NotificationTest::it_can_be_deleted
Illuminate\Database\QueryException: SQLSTATE[23000]: Integrity constraint violation: 19 FOREIGN KEY constraint failed (Connection: sqlite, SQL: insert into "notifications" ("type", "notification_for", "user_id", "title", "text", "meta", "read_at", "updated_at", "created_at") values (laboriosam, autem, 2, Recusandae sit., laborum, assumenda, 2025-04-06 16:40:24, 2025-08-09 10:52:55, 2025-08-09 10:52:55))

/www/wwwroot/jobportal.prus.dev/vendor/laravel/framework/src/Illuminate/Database/Connection.php:822
/www/wwwroot/jobportal.prus.dev/vendor/laravel/framework/src/Illuminate/Database/Connection.php:776
/www/wwwroot/jobportal.prus.dev/vendor/laravel/framework/src/Illuminate/Database/Connection.php:557
/www/wwwroot/jobportal.prus.dev/vendor/laravel/framework/src/Illuminate/Database/Connection.php:521
/www/wwwroot/jobportal.prus.dev/vendor/laravel/framework/src/Illuminate/Database/Query/Processors/Processor.php:32
/www/wwwroot/jobportal.prus.dev/vendor/laravel/framework/src/Illuminate/Database/Query/Builder.php:3796
/www/wwwroot/jobportal.prus.dev/vendor/laravel/framework/src/Illuminate/Database/Eloquent/Builder.php:2205
/www/wwwroot/jobportal.prus.dev/vendor/laravel/framework/src/Illuminate/Database/Eloquent/Model.php:1408
/www/wwwroot/jobportal.prus.dev/vendor/laravel/framework/src/Illuminate/Database/Eloquent/Model.php:1373
/www/wwwroot/jobportal.prus.dev/vendor/laravel/framework/src/Illuminate/Database/Eloquent/Model.php:1212
/www/wwwroot/jobportal.prus.dev/vendor/laravel/framework/src/Illuminate/Database/Eloquent/Factories/Factory.php:351
/www/wwwroot/jobportal.prus.dev/vendor/laravel/framework/src/Illuminate/Collections/Traits/EnumeratesValues.php:271
/www/wwwroot/jobportal.prus.dev/vendor/laravel/framework/src/Illuminate/Database/Eloquent/Factories/Factory.php:346
/www/wwwroot/jobportal.prus.dev/vendor/laravel/framework/src/Illuminate/Database/Eloquent/Factories/Factory.php:302
/www/wwwroot/jobportal.prus.dev/tests/Unit/Models/NotificationTest.php:67</error>
        </testcase>
      </testsuite>
      <testsuite name="Tests\Unit\Models\OwnerShipTypeTest" file="/www/wwwroot/jobportal.prus.dev/tests/Unit/Models/OwnerShipTypeTest.php" tests="5" assertions="7" errors="0" failures="0" skipped="0" time="3.939213">
        <testcase name="it_can_be_created" file="/www/wwwroot/jobportal.prus.dev/tests/Unit/Models/OwnerShipTypeTest.php" line="19" class="Tests\Unit\Models\OwnerShipTypeTest" classname="Tests.Unit.Models.OwnerShipTypeTest" assertions="2" time="1.174595"/>
        <testcase name="it_has_fillable_attributes" file="/www/wwwroot/jobportal.prus.dev/tests/Unit/Models/OwnerShipTypeTest.php" line="30" class="Tests\Unit\Models\OwnerShipTypeTest" classname="Tests.Unit.Models.OwnerShipTypeTest" assertions="2" time="0.792699"/>
        <testcase name="it_has_proper_casts" file="/www/wwwroot/jobportal.prus.dev/tests/Unit/Models/OwnerShipTypeTest.php" line="40" class="Tests\Unit\Models\OwnerShipTypeTest" classname="Tests.Unit.Models.OwnerShipTypeTest" assertions="1" time="0.534492"/>
        <testcase name="it_can_be_updated" file="/www/wwwroot/jobportal.prus.dev/tests/Unit/Models/OwnerShipTypeTest.php" line="50" class="Tests\Unit\Models\OwnerShipTypeTest" classname="Tests.Unit.Models.OwnerShipTypeTest" assertions="1" time="0.601140"/>
        <testcase name="it_can_be_deleted" file="/www/wwwroot/jobportal.prus.dev/tests/Unit/Models/OwnerShipTypeTest.php" line="65" class="Tests\Unit\Models\OwnerShipTypeTest" classname="Tests.Unit.Models.OwnerShipTypeTest" assertions="1" time="0.836286"/>
      </testsuite>
      <testsuite name="Tests\Unit\Models\PlanTest" file="/www/wwwroot/jobportal.prus.dev/tests/Unit/Models/PlanTest.php" tests="5" assertions="7" errors="0" failures="1" skipped="0" time="4.498418">
        <testcase name="it_can_be_created" file="/www/wwwroot/jobportal.prus.dev/tests/Unit/Models/PlanTest.php" line="19" class="Tests\Unit\Models\PlanTest" classname="Tests.Unit.Models.PlanTest" assertions="2" time="0.808956"/>
        <testcase name="it_has_fillable_attributes" file="/www/wwwroot/jobportal.prus.dev/tests/Unit/Models/PlanTest.php" line="30" class="Tests\Unit\Models\PlanTest" classname="Tests.Unit.Models.PlanTest" assertions="2" time="1.034212"/>
        <testcase name="it_has_proper_casts" file="/www/wwwroot/jobportal.prus.dev/tests/Unit/Models/PlanTest.php" line="40" class="Tests\Unit\Models\PlanTest" classname="Tests.Unit.Models.PlanTest" assertions="1" time="0.872446"/>
        <testcase name="it_can_be_updated" file="/www/wwwroot/jobportal.prus.dev/tests/Unit/Models/PlanTest.php" line="50" class="Tests\Unit\Models\PlanTest" classname="Tests.Unit.Models.PlanTest" assertions="1" time="0.896799"/>
        <testcase name="it_can_be_deleted" file="/www/wwwroot/jobportal.prus.dev/tests/Unit/Models/PlanTest.php" line="65" class="Tests\Unit\Models\PlanTest" classname="Tests.Unit.Models.PlanTest" assertions="1" time="0.886005">
          <failure type="PHPUnit\Framework\ExpectationFailedException">Tests\Unit\Models\PlanTest::it_can_be_deleted
Failed asserting that a row in the table [plans] does not match the attributes {
    "id": 1
}.

Found similar results: [
    {
        "id": 1
    }
].

/www/wwwroot/jobportal.prus.dev/vendor/laravel/framework/src/Illuminate/Foundation/Testing/Concerns/InteractsWithDatabase.php:64
/www/wwwroot/jobportal.prus.dev/tests/Unit/Models/PlanTest.php:72</failure>
        </testcase>
      </testsuite>
      <testsuite name="Tests\Unit\Models\PostCategoryTest" file="/www/wwwroot/jobportal.prus.dev/tests/Unit/Models/PostCategoryTest.php" tests="5" assertions="7" errors="0" failures="1" skipped="0" time="4.710053">
        <testcase name="it_can_be_created" file="/www/wwwroot/jobportal.prus.dev/tests/Unit/Models/PostCategoryTest.php" line="19" class="Tests\Unit\Models\PostCategoryTest" classname="Tests.Unit.Models.PostCategoryTest" assertions="2" time="0.908037"/>
        <testcase name="it_has_fillable_attributes" file="/www/wwwroot/jobportal.prus.dev/tests/Unit/Models/PostCategoryTest.php" line="30" class="Tests\Unit\Models\PostCategoryTest" classname="Tests.Unit.Models.PostCategoryTest" assertions="2" time="0.989195"/>
        <testcase name="it_has_proper_casts" file="/www/wwwroot/jobportal.prus.dev/tests/Unit/Models/PostCategoryTest.php" line="40" class="Tests\Unit\Models\PostCategoryTest" classname="Tests.Unit.Models.PostCategoryTest" assertions="1" time="0.891197"/>
        <testcase name="it_can_be_updated" file="/www/wwwroot/jobportal.prus.dev/tests/Unit/Models/PostCategoryTest.php" line="50" class="Tests\Unit\Models\PostCategoryTest" classname="Tests.Unit.Models.PostCategoryTest" assertions="1" time="0.935011"/>
        <testcase name="it_can_be_deleted" file="/www/wwwroot/jobportal.prus.dev/tests/Unit/Models/PostCategoryTest.php" line="65" class="Tests\Unit\Models\PostCategoryTest" classname="Tests.Unit.Models.PostCategoryTest" assertions="1" time="0.986613">
          <failure type="PHPUnit\Framework\ExpectationFailedException">Tests\Unit\Models\PostCategoryTest::it_can_be_deleted
Failed asserting that a row in the table [post_categories] does not match the attributes {
    "id": 1
}.

Found similar results: [
    {
        "id": 1
    }
].

/www/wwwroot/jobportal.prus.dev/vendor/laravel/framework/src/Illuminate/Foundation/Testing/Concerns/InteractsWithDatabase.php:64
/www/wwwroot/jobportal.prus.dev/tests/Unit/Models/PostCategoryTest.php:72</failure>
        </testcase>
      </testsuite>
      <testsuite name="Tests\Unit\Models\PostCommentTest" file="/www/wwwroot/jobportal.prus.dev/tests/Unit/Models/PostCommentTest.php" tests="5" assertions="3" errors="3" failures="0" skipped="0" time="4.672475">
        <testcase name="it_can_be_created" file="/www/wwwroot/jobportal.prus.dev/tests/Unit/Models/PostCommentTest.php" line="19" class="Tests\Unit\Models\PostCommentTest" classname="Tests.Unit.Models.PostCommentTest" assertions="0" time="0.962110">
          <error type="Illuminate\Database\QueryException">Tests\Unit\Models\PostCommentTest::it_can_be_created
Illuminate\Database\QueryException: SQLSTATE[23000]: Integrity constraint violation: 19 FOREIGN KEY constraint failed (Connection: sqlite, SQL: insert into "post_comments" ("name", "email", "comment", "post_id", "user_id", "updated_at", "created_at") values (Liliane Mills, hand.rickie@example.org, Quasi aut qui distinctio nisi corrupti. Possimus vitae ducimus in cumque quo harum occaecati. Aliquid odio et corporis et voluptatem rerum quia blanditiis. Quidem exercitationem quis nisi., 7, 2, 2025-08-09 10:53:09, 2025-08-09 10:53:09))

/www/wwwroot/jobportal.prus.dev/vendor/laravel/framework/src/Illuminate/Database/Connection.php:822
/www/wwwroot/jobportal.prus.dev/vendor/laravel/framework/src/Illuminate/Database/Connection.php:776
/www/wwwroot/jobportal.prus.dev/vendor/laravel/framework/src/Illuminate/Database/Connection.php:557
/www/wwwroot/jobportal.prus.dev/vendor/laravel/framework/src/Illuminate/Database/Connection.php:521
/www/wwwroot/jobportal.prus.dev/vendor/laravel/framework/src/Illuminate/Database/Query/Processors/Processor.php:32
/www/wwwroot/jobportal.prus.dev/vendor/laravel/framework/src/Illuminate/Database/Query/Builder.php:3796
/www/wwwroot/jobportal.prus.dev/vendor/laravel/framework/src/Illuminate/Database/Eloquent/Builder.php:2205
/www/wwwroot/jobportal.prus.dev/vendor/laravel/framework/src/Illuminate/Database/Eloquent/Model.php:1408
/www/wwwroot/jobportal.prus.dev/vendor/laravel/framework/src/Illuminate/Database/Eloquent/Model.php:1373
/www/wwwroot/jobportal.prus.dev/vendor/laravel/framework/src/Illuminate/Database/Eloquent/Model.php:1212
/www/wwwroot/jobportal.prus.dev/vendor/laravel/framework/src/Illuminate/Database/Eloquent/Factories/Factory.php:351
/www/wwwroot/jobportal.prus.dev/vendor/laravel/framework/src/Illuminate/Collections/Traits/EnumeratesValues.php:271
/www/wwwroot/jobportal.prus.dev/vendor/laravel/framework/src/Illuminate/Database/Eloquent/Factories/Factory.php:346
/www/wwwroot/jobportal.prus.dev/vendor/laravel/framework/src/Illuminate/Database/Eloquent/Factories/Factory.php:302
/www/wwwroot/jobportal.prus.dev/tests/Unit/Models/PostCommentTest.php:21</error>
        </testcase>
        <testcase name="it_has_fillable_attributes" file="/www/wwwroot/jobportal.prus.dev/tests/Unit/Models/PostCommentTest.php" line="30" class="Tests\Unit\Models\PostCommentTest" classname="Tests.Unit.Models.PostCommentTest" assertions="2" time="1.132877"/>
        <testcase name="it_has_proper_casts" file="/www/wwwroot/jobportal.prus.dev/tests/Unit/Models/PostCommentTest.php" line="40" class="Tests\Unit\Models\PostCommentTest" classname="Tests.Unit.Models.PostCommentTest" assertions="1" time="0.973604"/>
        <testcase name="it_can_be_updated" file="/www/wwwroot/jobportal.prus.dev/tests/Unit/Models/PostCommentTest.php" line="50" class="Tests\Unit\Models\PostCommentTest" classname="Tests.Unit.Models.PostCommentTest" assertions="0" time="0.862609">
          <error type="Illuminate\Database\QueryException">Tests\Unit\Models\PostCommentTest::it_can_be_updated
Illuminate\Database\QueryException: SQLSTATE[23000]: Integrity constraint violation: 19 FOREIGN KEY constraint failed (Connection: sqlite, SQL: insert into "post_comments" ("name", "email", "comment", "post_id", "user_id", "updated_at", "created_at") values (Ellis Moen, selina.berge@example.com, Consequatur et laudantium quam in officia. Aliquam qui ut cupiditate deserunt. Quibusdam ea perferendis voluptates et. Est aut sed nobis dolorum., 7, 3, 2025-08-09 10:53:12, 2025-08-09 10:53:12))

/www/wwwroot/jobportal.prus.dev/vendor/laravel/framework/src/Illuminate/Database/Connection.php:822
/www/wwwroot/jobportal.prus.dev/vendor/laravel/framework/src/Illuminate/Database/Connection.php:776
/www/wwwroot/jobportal.prus.dev/vendor/laravel/framework/src/Illuminate/Database/Connection.php:557
/www/wwwroot/jobportal.prus.dev/vendor/laravel/framework/src/Illuminate/Database/Connection.php:521
/www/wwwroot/jobportal.prus.dev/vendor/laravel/framework/src/Illuminate/Database/Query/Processors/Processor.php:32
/www/wwwroot/jobportal.prus.dev/vendor/laravel/framework/src/Illuminate/Database/Query/Builder.php:3796
/www/wwwroot/jobportal.prus.dev/vendor/laravel/framework/src/Illuminate/Database/Eloquent/Builder.php:2205
/www/wwwroot/jobportal.prus.dev/vendor/laravel/framework/src/Illuminate/Database/Eloquent/Model.php:1408
/www/wwwroot/jobportal.prus.dev/vendor/laravel/framework/src/Illuminate/Database/Eloquent/Model.php:1373
/www/wwwroot/jobportal.prus.dev/vendor/laravel/framework/src/Illuminate/Database/Eloquent/Model.php:1212
/www/wwwroot/jobportal.prus.dev/vendor/laravel/framework/src/Illuminate/Database/Eloquent/Factories/Factory.php:351
/www/wwwroot/jobportal.prus.dev/vendor/laravel/framework/src/Illuminate/Collections/Traits/EnumeratesValues.php:271
/www/wwwroot/jobportal.prus.dev/vendor/laravel/framework/src/Illuminate/Database/Eloquent/Factories/Factory.php:346
/www/wwwroot/jobportal.prus.dev/vendor/laravel/framework/src/Illuminate/Database/Eloquent/Factories/Factory.php:302
/www/wwwroot/jobportal.prus.dev/tests/Unit/Models/PostCommentTest.php:52</error>
        </testcase>
        <testcase name="it_can_be_deleted" file="/www/wwwroot/jobportal.prus.dev/tests/Unit/Models/PostCommentTest.php" line="65" class="Tests\Unit\Models\PostCommentTest" classname="Tests.Unit.Models.PostCommentTest" assertions="0" time="0.741276">
          <error type="Illuminate\Database\QueryException">Tests\Unit\Models\PostCommentTest::it_can_be_deleted
Illuminate\Database\QueryException: SQLSTATE[23000]: Integrity constraint violation: 19 FOREIGN KEY constraint failed (Connection: sqlite, SQL: insert into "post_comments" ("name", "email", "comment", "post_id", "user_id", "updated_at", "created_at") values (Rollin Kutch, carroll.donato@example.com, Ut maiores officiis sit aut. Sit ut dolores nisi et. Nesciunt tempore earum reiciendis optio eaque sed ex., 10, 3, 2025-08-09 10:53:13, 2025-08-09 10:53:13))

/www/wwwroot/jobportal.prus.dev/vendor/laravel/framework/src/Illuminate/Database/Connection.php:822
/www/wwwroot/jobportal.prus.dev/vendor/laravel/framework/src/Illuminate/Database/Connection.php:776
/www/wwwroot/jobportal.prus.dev/vendor/laravel/framework/src/Illuminate/Database/Connection.php:557
/www/wwwroot/jobportal.prus.dev/vendor/laravel/framework/src/Illuminate/Database/Connection.php:521
/www/wwwroot/jobportal.prus.dev/vendor/laravel/framework/src/Illuminate/Database/Query/Processors/Processor.php:32
/www/wwwroot/jobportal.prus.dev/vendor/laravel/framework/src/Illuminate/Database/Query/Builder.php:3796
/www/wwwroot/jobportal.prus.dev/vendor/laravel/framework/src/Illuminate/Database/Eloquent/Builder.php:2205
/www/wwwroot/jobportal.prus.dev/vendor/laravel/framework/src/Illuminate/Database/Eloquent/Model.php:1408
/www/wwwroot/jobportal.prus.dev/vendor/laravel/framework/src/Illuminate/Database/Eloquent/Model.php:1373
/www/wwwroot/jobportal.prus.dev/vendor/laravel/framework/src/Illuminate/Database/Eloquent/Model.php:1212
/www/wwwroot/jobportal.prus.dev/vendor/laravel/framework/src/Illuminate/Database/Eloquent/Factories/Factory.php:351
/www/wwwroot/jobportal.prus.dev/vendor/laravel/framework/src/Illuminate/Collections/Traits/EnumeratesValues.php:271
/www/wwwroot/jobportal.prus.dev/vendor/laravel/framework/src/Illuminate/Database/Eloquent/Factories/Factory.php:346
/www/wwwroot/jobportal.prus.dev/vendor/laravel/framework/src/Illuminate/Database/Eloquent/Factories/Factory.php:302
/www/wwwroot/jobportal.prus.dev/tests/Unit/Models/PostCommentTest.php:67</error>
        </testcase>
      </testsuite>
      <testsuite name="Tests\Unit\Models\PostTest" file="/www/wwwroot/jobportal.prus.dev/tests/Unit/Models/PostTest.php" tests="5" assertions="3" errors="3" failures="0" skipped="0" time="4.642969">
        <testcase name="it_can_be_created" file="/www/wwwroot/jobportal.prus.dev/tests/Unit/Models/PostTest.php" line="19" class="Tests\Unit\Models\PostTest" classname="Tests.Unit.Models.PostTest" assertions="0" time="0.942681">
          <error type="Illuminate\Database\QueryException">Tests\Unit\Models\PostTest::it_can_be_created
Illuminate\Database\QueryException: SQLSTATE[HY000]: General error: 1 table posts has no column named slug (Connection: sqlite, SQL: insert into "posts" ("title", "description", "created_by", "is_default", "slug", "updated_at", "created_at") values (Qui incidunt quia et., Facere libero totam consectetur aperiam sint. Sunt dolorum id consequuntur id tempora. Reiciendis quis et autem eligendi velit dolor ut. Nemo tenetur cumque modi quia., 2, 0, qui-incidunt-quia-et, 2025-08-09 10:53:14, 2025-08-09 10:53:14))

/www/wwwroot/jobportal.prus.dev/vendor/laravel/framework/src/Illuminate/Database/Connection.php:822
/www/wwwroot/jobportal.prus.dev/vendor/laravel/framework/src/Illuminate/Database/Connection.php:776
/www/wwwroot/jobportal.prus.dev/vendor/laravel/framework/src/Illuminate/Database/Connection.php:557
/www/wwwroot/jobportal.prus.dev/vendor/laravel/framework/src/Illuminate/Database/Connection.php:521
/www/wwwroot/jobportal.prus.dev/vendor/laravel/framework/src/Illuminate/Database/Query/Processors/Processor.php:32
/www/wwwroot/jobportal.prus.dev/vendor/laravel/framework/src/Illuminate/Database/Query/Builder.php:3796
/www/wwwroot/jobportal.prus.dev/vendor/laravel/framework/src/Illuminate/Database/Eloquent/Builder.php:2205
/www/wwwroot/jobportal.prus.dev/vendor/laravel/framework/src/Illuminate/Database/Eloquent/Model.php:1408
/www/wwwroot/jobportal.prus.dev/vendor/laravel/framework/src/Illuminate/Database/Eloquent/Model.php:1373
/www/wwwroot/jobportal.prus.dev/vendor/laravel/framework/src/Illuminate/Database/Eloquent/Model.php:1212
/www/wwwroot/jobportal.prus.dev/vendor/laravel/framework/src/Illuminate/Database/Eloquent/Factories/Factory.php:351
/www/wwwroot/jobportal.prus.dev/vendor/laravel/framework/src/Illuminate/Collections/Traits/EnumeratesValues.php:271
/www/wwwroot/jobportal.prus.dev/vendor/laravel/framework/src/Illuminate/Database/Eloquent/Factories/Factory.php:346
/www/wwwroot/jobportal.prus.dev/vendor/laravel/framework/src/Illuminate/Database/Eloquent/Factories/Factory.php:302
/www/wwwroot/jobportal.prus.dev/tests/Unit/Models/PostTest.php:21</error>
        </testcase>
        <testcase name="it_has_fillable_attributes" file="/www/wwwroot/jobportal.prus.dev/tests/Unit/Models/PostTest.php" line="30" class="Tests\Unit\Models\PostTest" classname="Tests.Unit.Models.PostTest" assertions="2" time="0.881908"/>
        <testcase name="it_has_proper_casts" file="/www/wwwroot/jobportal.prus.dev/tests/Unit/Models/PostTest.php" line="40" class="Tests\Unit\Models\PostTest" classname="Tests.Unit.Models.PostTest" assertions="1" time="1.005995"/>
        <testcase name="it_can_be_updated" file="/www/wwwroot/jobportal.prus.dev/tests/Unit/Models/PostTest.php" line="50" class="Tests\Unit\Models\PostTest" classname="Tests.Unit.Models.PostTest" assertions="0" time="0.845517">
          <error type="Illuminate\Database\QueryException">Tests\Unit\Models\PostTest::it_can_be_updated
Illuminate\Database\QueryException: SQLSTATE[HY000]: General error: 1 table posts has no column named slug (Connection: sqlite, SQL: insert into "posts" ("title", "description", "created_by", "is_default", "slug", "updated_at", "created_at") values (Vitae id dolor omnis., Voluptatem quae quod itaque. Sapiente nostrum consequuntur in dolore. Mollitia fugiat quam nihil amet. Qui necessitatibus soluta consequatur laborum quis., 3, 1, vitae-id-dolor-omnis, 2025-08-09 10:53:17, 2025-08-09 10:53:17))

/www/wwwroot/jobportal.prus.dev/vendor/laravel/framework/src/Illuminate/Database/Connection.php:822
/www/wwwroot/jobportal.prus.dev/vendor/laravel/framework/src/Illuminate/Database/Connection.php:776
/www/wwwroot/jobportal.prus.dev/vendor/laravel/framework/src/Illuminate/Database/Connection.php:557
/www/wwwroot/jobportal.prus.dev/vendor/laravel/framework/src/Illuminate/Database/Connection.php:521
/www/wwwroot/jobportal.prus.dev/vendor/laravel/framework/src/Illuminate/Database/Query/Processors/Processor.php:32
/www/wwwroot/jobportal.prus.dev/vendor/laravel/framework/src/Illuminate/Database/Query/Builder.php:3796
/www/wwwroot/jobportal.prus.dev/vendor/laravel/framework/src/Illuminate/Database/Eloquent/Builder.php:2205
/www/wwwroot/jobportal.prus.dev/vendor/laravel/framework/src/Illuminate/Database/Eloquent/Model.php:1408
/www/wwwroot/jobportal.prus.dev/vendor/laravel/framework/src/Illuminate/Database/Eloquent/Model.php:1373
/www/wwwroot/jobportal.prus.dev/vendor/laravel/framework/src/Illuminate/Database/Eloquent/Model.php:1212
/www/wwwroot/jobportal.prus.dev/vendor/laravel/framework/src/Illuminate/Database/Eloquent/Factories/Factory.php:351
/www/wwwroot/jobportal.prus.dev/vendor/laravel/framework/src/Illuminate/Collections/Traits/EnumeratesValues.php:271
/www/wwwroot/jobportal.prus.dev/vendor/laravel/framework/src/Illuminate/Database/Eloquent/Factories/Factory.php:346
/www/wwwroot/jobportal.prus.dev/vendor/laravel/framework/src/Illuminate/Database/Eloquent/Factories/Factory.php:302
/www/wwwroot/jobportal.prus.dev/tests/Unit/Models/PostTest.php:52</error>
        </testcase>
        <testcase name="it_can_be_deleted" file="/www/wwwroot/jobportal.prus.dev/tests/Unit/Models/PostTest.php" line="65" class="Tests\Unit\Models\PostTest" classname="Tests.Unit.Models.PostTest" assertions="0" time="0.966868">
          <error type="Illuminate\Database\QueryException">Tests\Unit\Models\PostTest::it_can_be_deleted
Illuminate\Database\QueryException: SQLSTATE[HY000]: General error: 1 table posts has no column named slug (Connection: sqlite, SQL: insert into "posts" ("title", "description", "created_by", "is_default", "slug", "updated_at", "created_at") values (Voluptas quae velit., Modi quis ut dicta officia tempore quia iste ipsa. Dolorem dignissimos porro repudiandae tempora molestiae in quam., 3, 0, voluptas-quae-velit, 2025-08-09 10:53:18, 2025-08-09 10:53:18))

/www/wwwroot/jobportal.prus.dev/vendor/laravel/framework/src/Illuminate/Database/Connection.php:822
/www/wwwroot/jobportal.prus.dev/vendor/laravel/framework/src/Illuminate/Database/Connection.php:776
/www/wwwroot/jobportal.prus.dev/vendor/laravel/framework/src/Illuminate/Database/Connection.php:557
/www/wwwroot/jobportal.prus.dev/vendor/laravel/framework/src/Illuminate/Database/Connection.php:521
/www/wwwroot/jobportal.prus.dev/vendor/laravel/framework/src/Illuminate/Database/Query/Processors/Processor.php:32
/www/wwwroot/jobportal.prus.dev/vendor/laravel/framework/src/Illuminate/Database/Query/Builder.php:3796
/www/wwwroot/jobportal.prus.dev/vendor/laravel/framework/src/Illuminate/Database/Eloquent/Builder.php:2205
/www/wwwroot/jobportal.prus.dev/vendor/laravel/framework/src/Illuminate/Database/Eloquent/Model.php:1408
/www/wwwroot/jobportal.prus.dev/vendor/laravel/framework/src/Illuminate/Database/Eloquent/Model.php:1373
/www/wwwroot/jobportal.prus.dev/vendor/laravel/framework/src/Illuminate/Database/Eloquent/Model.php:1212
/www/wwwroot/jobportal.prus.dev/vendor/laravel/framework/src/Illuminate/Database/Eloquent/Factories/Factory.php:351
/www/wwwroot/jobportal.prus.dev/vendor/laravel/framework/src/Illuminate/Collections/Traits/EnumeratesValues.php:271
/www/wwwroot/jobportal.prus.dev/vendor/laravel/framework/src/Illuminate/Database/Eloquent/Factories/Factory.php:346
/www/wwwroot/jobportal.prus.dev/vendor/laravel/framework/src/Illuminate/Database/Eloquent/Factories/Factory.php:302
/www/wwwroot/jobportal.prus.dev/tests/Unit/Models/PostTest.php:67</error>
        </testcase>
      </testsuite>
      <testsuite name="Tests\Unit\Models\ReportedJobTest" file="/www/wwwroot/jobportal.prus.dev/tests/Unit/Models/ReportedJobTest.php" tests="5" assertions="3" errors="3" failures="0" skipped="0" time="3.648132">
        <testcase name="it_can_be_created" file="/www/wwwroot/jobportal.prus.dev/tests/Unit/Models/ReportedJobTest.php" line="19" class="Tests\Unit\Models\ReportedJobTest" classname="Tests.Unit.Models.ReportedJobTest" assertions="0" time="0.615525">
          <error type="Illuminate\Database\QueryException">Tests\Unit\Models\ReportedJobTest::it_can_be_created
Illuminate\Database\QueryException: SQLSTATE[HY000]: General error: 1 table reported_jobs has no column named is_active (Connection: sqlite, SQL: insert into "reported_jobs" ("user_id", "job_id", "note", "is_active", "is_resolved", "status", "priority", "updated_at", "created_at") values (2, 2, quidem, 1, 0, pending, 2, 2025-08-09 10:53:18, 2025-08-09 10:53:18))

/www/wwwroot/jobportal.prus.dev/vendor/laravel/framework/src/Illuminate/Database/Connection.php:822
/www/wwwroot/jobportal.prus.dev/vendor/laravel/framework/src/Illuminate/Database/Connection.php:776
/www/wwwroot/jobportal.prus.dev/vendor/laravel/framework/src/Illuminate/Database/Connection.php:557
/www/wwwroot/jobportal.prus.dev/vendor/laravel/framework/src/Illuminate/Database/Connection.php:521
/www/wwwroot/jobportal.prus.dev/vendor/laravel/framework/src/Illuminate/Database/Query/Processors/Processor.php:32
/www/wwwroot/jobportal.prus.dev/vendor/laravel/framework/src/Illuminate/Database/Query/Builder.php:3796
/www/wwwroot/jobportal.prus.dev/vendor/laravel/framework/src/Illuminate/Database/Eloquent/Builder.php:2205
/www/wwwroot/jobportal.prus.dev/vendor/laravel/framework/src/Illuminate/Database/Eloquent/Model.php:1408
/www/wwwroot/jobportal.prus.dev/vendor/laravel/framework/src/Illuminate/Database/Eloquent/Model.php:1373
/www/wwwroot/jobportal.prus.dev/vendor/laravel/framework/src/Illuminate/Database/Eloquent/Model.php:1212
/www/wwwroot/jobportal.prus.dev/vendor/laravel/framework/src/Illuminate/Database/Eloquent/Factories/Factory.php:351
/www/wwwroot/jobportal.prus.dev/vendor/laravel/framework/src/Illuminate/Collections/Traits/EnumeratesValues.php:271
/www/wwwroot/jobportal.prus.dev/vendor/laravel/framework/src/Illuminate/Database/Eloquent/Factories/Factory.php:346
/www/wwwroot/jobportal.prus.dev/vendor/laravel/framework/src/Illuminate/Database/Eloquent/Factories/Factory.php:302
/www/wwwroot/jobportal.prus.dev/tests/Unit/Models/ReportedJobTest.php:21</error>
        </testcase>
        <testcase name="it_has_fillable_attributes" file="/www/wwwroot/jobportal.prus.dev/tests/Unit/Models/ReportedJobTest.php" line="30" class="Tests\Unit\Models\ReportedJobTest" classname="Tests.Unit.Models.ReportedJobTest" assertions="2" time="0.605030"/>
        <testcase name="it_has_proper_casts" file="/www/wwwroot/jobportal.prus.dev/tests/Unit/Models/ReportedJobTest.php" line="40" class="Tests\Unit\Models\ReportedJobTest" classname="Tests.Unit.Models.ReportedJobTest" assertions="1" time="0.784762"/>
        <testcase name="it_can_be_updated" file="/www/wwwroot/jobportal.prus.dev/tests/Unit/Models/ReportedJobTest.php" line="50" class="Tests\Unit\Models\ReportedJobTest" classname="Tests.Unit.Models.ReportedJobTest" assertions="0" time="1.012682">
          <error type="Illuminate\Database\QueryException">Tests\Unit\Models\ReportedJobTest::it_can_be_updated
Illuminate\Database\QueryException: SQLSTATE[HY000]: General error: 1 table reported_jobs has no column named is_active (Connection: sqlite, SQL: insert into "reported_jobs" ("user_id", "job_id", "note", "is_active", "is_resolved", "status", "priority", "updated_at", "created_at") values (1, 1, labore, 1, 0, pending, 2, 2025-08-09 10:53:21, 2025-08-09 10:53:21))

/www/wwwroot/jobportal.prus.dev/vendor/laravel/framework/src/Illuminate/Database/Connection.php:822
/www/wwwroot/jobportal.prus.dev/vendor/laravel/framework/src/Illuminate/Database/Connection.php:776
/www/wwwroot/jobportal.prus.dev/vendor/laravel/framework/src/Illuminate/Database/Connection.php:557
/www/wwwroot/jobportal.prus.dev/vendor/laravel/framework/src/Illuminate/Database/Connection.php:521
/www/wwwroot/jobportal.prus.dev/vendor/laravel/framework/src/Illuminate/Database/Query/Processors/Processor.php:32
/www/wwwroot/jobportal.prus.dev/vendor/laravel/framework/src/Illuminate/Database/Query/Builder.php:3796
/www/wwwroot/jobportal.prus.dev/vendor/laravel/framework/src/Illuminate/Database/Eloquent/Builder.php:2205
/www/wwwroot/jobportal.prus.dev/vendor/laravel/framework/src/Illuminate/Database/Eloquent/Model.php:1408
/www/wwwroot/jobportal.prus.dev/vendor/laravel/framework/src/Illuminate/Database/Eloquent/Model.php:1373
/www/wwwroot/jobportal.prus.dev/vendor/laravel/framework/src/Illuminate/Database/Eloquent/Model.php:1212
/www/wwwroot/jobportal.prus.dev/vendor/laravel/framework/src/Illuminate/Database/Eloquent/Factories/Factory.php:351
/www/wwwroot/jobportal.prus.dev/vendor/laravel/framework/src/Illuminate/Collections/Traits/EnumeratesValues.php:271
/www/wwwroot/jobportal.prus.dev/vendor/laravel/framework/src/Illuminate/Database/Eloquent/Factories/Factory.php:346
/www/wwwroot/jobportal.prus.dev/vendor/laravel/framework/src/Illuminate/Database/Eloquent/Factories/Factory.php:302
/www/wwwroot/jobportal.prus.dev/tests/Unit/Models/ReportedJobTest.php:52</error>
        </testcase>
        <testcase name="it_can_be_deleted" file="/www/wwwroot/jobportal.prus.dev/tests/Unit/Models/ReportedJobTest.php" line="65" class="Tests\Unit\Models\ReportedJobTest" classname="Tests.Unit.Models.ReportedJobTest" assertions="0" time="0.630133">
          <error type="Illuminate\Database\QueryException">Tests\Unit\Models\ReportedJobTest::it_can_be_deleted
Illuminate\Database\QueryException: SQLSTATE[HY000]: General error: 1 table reported_jobs has no column named is_active (Connection: sqlite, SQL: insert into "reported_jobs" ("user_id", "job_id", "note", "is_active", "is_resolved", "status", "priority", "updated_at", "created_at") values (2, 1, architecto, 1, 0, pending, 2, 2025-08-09 10:53:21, 2025-08-09 10:53:21))

/www/wwwroot/jobportal.prus.dev/vendor/laravel/framework/src/Illuminate/Database/Connection.php:822
/www/wwwroot/jobportal.prus.dev/vendor/laravel/framework/src/Illuminate/Database/Connection.php:776
/www/wwwroot/jobportal.prus.dev/vendor/laravel/framework/src/Illuminate/Database/Connection.php:557
/www/wwwroot/jobportal.prus.dev/vendor/laravel/framework/src/Illuminate/Database/Connection.php:521
/www/wwwroot/jobportal.prus.dev/vendor/laravel/framework/src/Illuminate/Database/Query/Processors/Processor.php:32
/www/wwwroot/jobportal.prus.dev/vendor/laravel/framework/src/Illuminate/Database/Query/Builder.php:3796
/www/wwwroot/jobportal.prus.dev/vendor/laravel/framework/src/Illuminate/Database/Eloquent/Builder.php:2205
/www/wwwroot/jobportal.prus.dev/vendor/laravel/framework/src/Illuminate/Database/Eloquent/Model.php:1408
/www/wwwroot/jobportal.prus.dev/vendor/laravel/framework/src/Illuminate/Database/Eloquent/Model.php:1373
/www/wwwroot/jobportal.prus.dev/vendor/laravel/framework/src/Illuminate/Database/Eloquent/Model.php:1212
/www/wwwroot/jobportal.prus.dev/vendor/laravel/framework/src/Illuminate/Database/Eloquent/Factories/Factory.php:351
/www/wwwroot/jobportal.prus.dev/vendor/laravel/framework/src/Illuminate/Collections/Traits/EnumeratesValues.php:271
/www/wwwroot/jobportal.prus.dev/vendor/laravel/framework/src/Illuminate/Database/Eloquent/Factories/Factory.php:346
/www/wwwroot/jobportal.prus.dev/vendor/laravel/framework/src/Illuminate/Database/Eloquent/Factories/Factory.php:302
/www/wwwroot/jobportal.prus.dev/tests/Unit/Models/ReportedJobTest.php:67</error>
        </testcase>
      </testsuite>
      <testsuite name="Tests\Unit\Models\ReportedToCompanyTest" file="/www/wwwroot/jobportal.prus.dev/tests/Unit/Models/ReportedToCompanyTest.php" tests="5" assertions="3" errors="3" failures="0" skipped="0" time="4.159507">
        <testcase name="it_can_be_created" file="/www/wwwroot/jobportal.prus.dev/tests/Unit/Models/ReportedToCompanyTest.php" line="19" class="Tests\Unit\Models\ReportedToCompanyTest" classname="Tests.Unit.Models.ReportedToCompanyTest" assertions="0" time="0.918996">
          <error type="Illuminate\Database\QueryException">Tests\Unit\Models\ReportedToCompanyTest::it_can_be_created
Illuminate\Database\QueryException: SQLSTATE[HY000]: General error: 1 table reported_to_companies has no column named is_active (Connection: sqlite, SQL: insert into "reported_to_companies" ("user_id", "company_id", "note", "is_active", "is_resolved", "status", "updated_at", "created_at") values (2, 1, autem, 1, 0, pending, 2025-08-09 10:53:22, 2025-08-09 10:53:22))

/www/wwwroot/jobportal.prus.dev/vendor/laravel/framework/src/Illuminate/Database/Connection.php:822
/www/wwwroot/jobportal.prus.dev/vendor/laravel/framework/src/Illuminate/Database/Connection.php:776
/www/wwwroot/jobportal.prus.dev/vendor/laravel/framework/src/Illuminate/Database/Connection.php:557
/www/wwwroot/jobportal.prus.dev/vendor/laravel/framework/src/Illuminate/Database/Connection.php:521
/www/wwwroot/jobportal.prus.dev/vendor/laravel/framework/src/Illuminate/Database/Query/Processors/Processor.php:32
/www/wwwroot/jobportal.prus.dev/vendor/laravel/framework/src/Illuminate/Database/Query/Builder.php:3796
/www/wwwroot/jobportal.prus.dev/vendor/laravel/framework/src/Illuminate/Database/Eloquent/Builder.php:2205
/www/wwwroot/jobportal.prus.dev/vendor/laravel/framework/src/Illuminate/Database/Eloquent/Model.php:1408
/www/wwwroot/jobportal.prus.dev/vendor/laravel/framework/src/Illuminate/Database/Eloquent/Model.php:1373
/www/wwwroot/jobportal.prus.dev/vendor/laravel/framework/src/Illuminate/Database/Eloquent/Model.php:1212
/www/wwwroot/jobportal.prus.dev/vendor/laravel/framework/src/Illuminate/Database/Eloquent/Factories/Factory.php:351
/www/wwwroot/jobportal.prus.dev/vendor/laravel/framework/src/Illuminate/Collections/Traits/EnumeratesValues.php:271
/www/wwwroot/jobportal.prus.dev/vendor/laravel/framework/src/Illuminate/Database/Eloquent/Factories/Factory.php:346
/www/wwwroot/jobportal.prus.dev/vendor/laravel/framework/src/Illuminate/Database/Eloquent/Factories/Factory.php:302
/www/wwwroot/jobportal.prus.dev/tests/Unit/Models/ReportedToCompanyTest.php:21</error>
        </testcase>
        <testcase name="it_has_fillable_attributes" file="/www/wwwroot/jobportal.prus.dev/tests/Unit/Models/ReportedToCompanyTest.php" line="30" class="Tests\Unit\Models\ReportedToCompanyTest" classname="Tests.Unit.Models.ReportedToCompanyTest" assertions="2" time="0.646601"/>
        <testcase name="it_has_proper_casts" file="/www/wwwroot/jobportal.prus.dev/tests/Unit/Models/ReportedToCompanyTest.php" line="40" class="Tests\Unit\Models\ReportedToCompanyTest" classname="Tests.Unit.Models.ReportedToCompanyTest" assertions="1" time="0.716885"/>
        <testcase name="it_can_be_updated" file="/www/wwwroot/jobportal.prus.dev/tests/Unit/Models/ReportedToCompanyTest.php" line="50" class="Tests\Unit\Models\ReportedToCompanyTest" classname="Tests.Unit.Models.ReportedToCompanyTest" assertions="0" time="0.871990">
          <error type="Illuminate\Database\QueryException">Tests\Unit\Models\ReportedToCompanyTest::it_can_be_updated
Illuminate\Database\QueryException: SQLSTATE[HY000]: General error: 1 table reported_to_companies has no column named is_active (Connection: sqlite, SQL: insert into "reported_to_companies" ("user_id", "company_id", "note", "is_active", "is_resolved", "status", "updated_at", "created_at") values (2, 2, expedita, 1, 0, pending, 2025-08-09 10:53:25, 2025-08-09 10:53:25))

/www/wwwroot/jobportal.prus.dev/vendor/laravel/framework/src/Illuminate/Database/Connection.php:822
/www/wwwroot/jobportal.prus.dev/vendor/laravel/framework/src/Illuminate/Database/Connection.php:776
/www/wwwroot/jobportal.prus.dev/vendor/laravel/framework/src/Illuminate/Database/Connection.php:557
/www/wwwroot/jobportal.prus.dev/vendor/laravel/framework/src/Illuminate/Database/Connection.php:521
/www/wwwroot/jobportal.prus.dev/vendor/laravel/framework/src/Illuminate/Database/Query/Processors/Processor.php:32
/www/wwwroot/jobportal.prus.dev/vendor/laravel/framework/src/Illuminate/Database/Query/Builder.php:3796
/www/wwwroot/jobportal.prus.dev/vendor/laravel/framework/src/Illuminate/Database/Eloquent/Builder.php:2205
/www/wwwroot/jobportal.prus.dev/vendor/laravel/framework/src/Illuminate/Database/Eloquent/Model.php:1408
/www/wwwroot/jobportal.prus.dev/vendor/laravel/framework/src/Illuminate/Database/Eloquent/Model.php:1373
/www/wwwroot/jobportal.prus.dev/vendor/laravel/framework/src/Illuminate/Database/Eloquent/Model.php:1212
/www/wwwroot/jobportal.prus.dev/vendor/laravel/framework/src/Illuminate/Database/Eloquent/Factories/Factory.php:351
/www/wwwroot/jobportal.prus.dev/vendor/laravel/framework/src/Illuminate/Collections/Traits/EnumeratesValues.php:271
/www/wwwroot/jobportal.prus.dev/vendor/laravel/framework/src/Illuminate/Database/Eloquent/Factories/Factory.php:346
/www/wwwroot/jobportal.prus.dev/vendor/laravel/framework/src/Illuminate/Database/Eloquent/Factories/Factory.php:302
/www/wwwroot/jobportal.prus.dev/tests/Unit/Models/ReportedToCompanyTest.php:52</error>
        </testcase>
        <testcase name="it_can_be_deleted" file="/www/wwwroot/jobportal.prus.dev/tests/Unit/Models/ReportedToCompanyTest.php" line="65" class="Tests\Unit\Models\ReportedToCompanyTest" classname="Tests.Unit.Models.ReportedToCompanyTest" assertions="0" time="1.005036">
          <error type="Illuminate\Database\QueryException">Tests\Unit\Models\ReportedToCompanyTest::it_can_be_deleted
Illuminate\Database\QueryException: SQLSTATE[HY000]: General error: 1 table reported_to_companies has no column named is_active (Connection: sqlite, SQL: insert into "reported_to_companies" ("user_id", "company_id", "note", "is_active", "is_resolved", "status", "updated_at", "created_at") values (3, 3, occaecati, 1, 0, pending, 2025-08-09 10:53:26, 2025-08-09 10:53:26))

/www/wwwroot/jobportal.prus.dev/vendor/laravel/framework/src/Illuminate/Database/Connection.php:822
/www/wwwroot/jobportal.prus.dev/vendor/laravel/framework/src/Illuminate/Database/Connection.php:776
/www/wwwroot/jobportal.prus.dev/vendor/laravel/framework/src/Illuminate/Database/Connection.php:557
/www/wwwroot/jobportal.prus.dev/vendor/laravel/framework/src/Illuminate/Database/Connection.php:521
/www/wwwroot/jobportal.prus.dev/vendor/laravel/framework/src/Illuminate/Database/Query/Processors/Processor.php:32
/www/wwwroot/jobportal.prus.dev/vendor/laravel/framework/src/Illuminate/Database/Query/Builder.php:3796
/www/wwwroot/jobportal.prus.dev/vendor/laravel/framework/src/Illuminate/Database/Eloquent/Builder.php:2205
/www/wwwroot/jobportal.prus.dev/vendor/laravel/framework/src/Illuminate/Database/Eloquent/Model.php:1408
/www/wwwroot/jobportal.prus.dev/vendor/laravel/framework/src/Illuminate/Database/Eloquent/Model.php:1373
/www/wwwroot/jobportal.prus.dev/vendor/laravel/framework/src/Illuminate/Database/Eloquent/Model.php:1212
/www/wwwroot/jobportal.prus.dev/vendor/laravel/framework/src/Illuminate/Database/Eloquent/Factories/Factory.php:351
/www/wwwroot/jobportal.prus.dev/vendor/laravel/framework/src/Illuminate/Collections/Traits/EnumeratesValues.php:271
/www/wwwroot/jobportal.prus.dev/vendor/laravel/framework/src/Illuminate/Database/Eloquent/Factories/Factory.php:346
/www/wwwroot/jobportal.prus.dev/vendor/laravel/framework/src/Illuminate/Database/Eloquent/Factories/Factory.php:302
/www/wwwroot/jobportal.prus.dev/tests/Unit/Models/ReportedToCompanyTest.php:67</error>
        </testcase>
      </testsuite>
      <testsuite name="Tests\Unit\Models\RequiredDegreeLevelTest" file="/www/wwwroot/jobportal.prus.dev/tests/Unit/Models/RequiredDegreeLevelTest.php" tests="5" assertions="7" errors="0" failures="0" skipped="0" time="3.942433">
        <testcase name="it_can_be_created" file="/www/wwwroot/jobportal.prus.dev/tests/Unit/Models/RequiredDegreeLevelTest.php" line="19" class="Tests\Unit\Models\RequiredDegreeLevelTest" classname="Tests.Unit.Models.RequiredDegreeLevelTest" assertions="2" time="0.908803"/>
        <testcase name="it_has_fillable_attributes" file="/www/wwwroot/jobportal.prus.dev/tests/Unit/Models/RequiredDegreeLevelTest.php" line="30" class="Tests\Unit\Models\RequiredDegreeLevelTest" classname="Tests.Unit.Models.RequiredDegreeLevelTest" assertions="2" time="0.894753"/>
        <testcase name="it_has_proper_casts" file="/www/wwwroot/jobportal.prus.dev/tests/Unit/Models/RequiredDegreeLevelTest.php" line="40" class="Tests\Unit\Models\RequiredDegreeLevelTest" classname="Tests.Unit.Models.RequiredDegreeLevelTest" assertions="1" time="0.884054"/>
        <testcase name="it_can_be_updated" file="/www/wwwroot/jobportal.prus.dev/tests/Unit/Models/RequiredDegreeLevelTest.php" line="50" class="Tests\Unit\Models\RequiredDegreeLevelTest" classname="Tests.Unit.Models.RequiredDegreeLevelTest" assertions="1" time="0.667021"/>
        <testcase name="it_can_be_deleted" file="/www/wwwroot/jobportal.prus.dev/tests/Unit/Models/RequiredDegreeLevelTest.php" line="65" class="Tests\Unit\Models\RequiredDegreeLevelTest" classname="Tests.Unit.Models.RequiredDegreeLevelTest" assertions="1" time="0.587802"/>
      </testsuite>
      <testsuite name="Tests\Unit\Models\SalaryCurrencyTest" file="/www/wwwroot/jobportal.prus.dev/tests/Unit/Models/SalaryCurrencyTest.php" tests="5" assertions="5" errors="2" failures="0" skipped="0" time="4.437901">
        <testcase name="it_can_be_created" file="/www/wwwroot/jobportal.prus.dev/tests/Unit/Models/SalaryCurrencyTest.php" line="19" class="Tests\Unit\Models\SalaryCurrencyTest" classname="Tests.Unit.Models.SalaryCurrencyTest" assertions="2" time="0.985796"/>
        <testcase name="it_has_fillable_attributes" file="/www/wwwroot/jobportal.prus.dev/tests/Unit/Models/SalaryCurrencyTest.php" line="30" class="Tests\Unit\Models\SalaryCurrencyTest" classname="Tests.Unit.Models.SalaryCurrencyTest" assertions="2" time="0.850215"/>
        <testcase name="it_has_proper_casts" file="/www/wwwroot/jobportal.prus.dev/tests/Unit/Models/SalaryCurrencyTest.php" line="40" class="Tests\Unit\Models\SalaryCurrencyTest" classname="Tests.Unit.Models.SalaryCurrencyTest" assertions="1" time="0.772429"/>
        <testcase name="it_can_be_updated" file="/www/wwwroot/jobportal.prus.dev/tests/Unit/Models/SalaryCurrencyTest.php" line="50" class="Tests\Unit\Models\SalaryCurrencyTest" classname="Tests.Unit.Models.SalaryCurrencyTest" assertions="0" time="0.949394">
          <error type="Error">Tests\Unit\Models\SalaryCurrencyTest::it_can_be_updated
Error: Call to undefined method Illuminate\Cache\ArrayStore::getRedis()

/www/wwwroot/jobportal.prus.dev/app/Models/SalaryCurrency.php:961
/www/wwwroot/jobportal.prus.dev/app/Models/SalaryCurrency.php:706
/www/wwwroot/jobportal.prus.dev/app/Models/SalaryCurrency.php:939
/www/wwwroot/jobportal.prus.dev/vendor/laravel/framework/src/Illuminate/Events/Dispatcher.php:461
/www/wwwroot/jobportal.prus.dev/vendor/laravel/framework/src/Illuminate/Events/Dispatcher.php:288
/www/wwwroot/jobportal.prus.dev/vendor/laravel/framework/src/Illuminate/Events/Dispatcher.php:268
/www/wwwroot/jobportal.prus.dev/vendor/laravel/framework/src/Illuminate/Database/Eloquent/Concerns/HasEvents.php:224
/www/wwwroot/jobportal.prus.dev/vendor/laravel/framework/src/Illuminate/Database/Eloquent/Model.php:1292
/www/wwwroot/jobportal.prus.dev/vendor/laravel/framework/src/Illuminate/Database/Eloquent/Model.php:1205
/www/wwwroot/jobportal.prus.dev/vendor/laravel/framework/src/Illuminate/Database/Eloquent/Model.php:1062
/www/wwwroot/jobportal.prus.dev/tests/Unit/Models/SalaryCurrencyTest.php:57</error>
        </testcase>
        <testcase name="it_can_be_deleted" file="/www/wwwroot/jobportal.prus.dev/tests/Unit/Models/SalaryCurrencyTest.php" line="65" class="Tests\Unit\Models\SalaryCurrencyTest" classname="Tests.Unit.Models.SalaryCurrencyTest" assertions="0" time="0.880067">
          <error type="Illuminate\Database\UniqueConstraintViolationException">Tests\Unit\Models\SalaryCurrencyTest::it_can_be_deleted
Illuminate\Database\UniqueConstraintViolationException: SQLSTATE[23000]: Integrity constraint violation: 19 UNIQUE constraint failed: salary_currencies.currency_name (Connection: sqlite, SQL: insert into "salary_currencies" ("currency_name", "is_default", "currency_code", "currency_icon", "updated_at", "created_at") values (US Dollar, 0, USD, $, 2025-08-09 10:53:34, 2025-08-09 10:53:34))

/www/wwwroot/jobportal.prus.dev/vendor/laravel/framework/src/Illuminate/Database/Connection.php:817
/www/wwwroot/jobportal.prus.dev/vendor/laravel/framework/src/Illuminate/Database/Connection.php:776
/www/wwwroot/jobportal.prus.dev/vendor/laravel/framework/src/Illuminate/Database/Connection.php:557
/www/wwwroot/jobportal.prus.dev/vendor/laravel/framework/src/Illuminate/Database/Connection.php:521
/www/wwwroot/jobportal.prus.dev/vendor/laravel/framework/src/Illuminate/Database/Query/Processors/Processor.php:32
/www/wwwroot/jobportal.prus.dev/vendor/laravel/framework/src/Illuminate/Database/Query/Builder.php:3796
/www/wwwroot/jobportal.prus.dev/vendor/laravel/framework/src/Illuminate/Database/Eloquent/Builder.php:2205
/www/wwwroot/jobportal.prus.dev/vendor/laravel/framework/src/Illuminate/Database/Eloquent/Model.php:1408
/www/wwwroot/jobportal.prus.dev/vendor/laravel/framework/src/Illuminate/Database/Eloquent/Model.php:1373
/www/wwwroot/jobportal.prus.dev/vendor/laravel/framework/src/Illuminate/Database/Eloquent/Model.php:1212
/www/wwwroot/jobportal.prus.dev/vendor/laravel/framework/src/Illuminate/Database/Eloquent/Factories/Factory.php:351
/www/wwwroot/jobportal.prus.dev/vendor/laravel/framework/src/Illuminate/Collections/Traits/EnumeratesValues.php:271
/www/wwwroot/jobportal.prus.dev/vendor/laravel/framework/src/Illuminate/Database/Eloquent/Factories/Factory.php:346
/www/wwwroot/jobportal.prus.dev/vendor/laravel/framework/src/Illuminate/Database/Eloquent/Factories/Factory.php:302
/www/wwwroot/jobportal.prus.dev/tests/Unit/Models/SalaryCurrencyTest.php:67</error>
        </testcase>
      </testsuite>
      <testsuite name="Tests\Unit\Models\SalaryPeriodTest" file="/www/wwwroot/jobportal.prus.dev/tests/Unit/Models/SalaryPeriodTest.php" tests="43" assertions="0" errors="43" failures="0" skipped="0" time="0.000000">
        <testcase name="it_has_correct_fillable_attributes" file="/www/wwwroot/jobportal.prus.dev/tests/Unit/Models/SalaryPeriodTest.php" line="60" class="Tests\Unit\Models\SalaryPeriodTest" classname="Tests.Unit.Models.SalaryPeriodTest" assertions="0" time="0.000000">
          <error type="Illuminate\Database\QueryException">Tests\Unit\Models\SalaryPeriodTest::it_has_correct_fillable_attributes
Illuminate\Database\QueryException: SQLSTATE[HY000]: General error: 1 table salary_periods has no column named is_active (Connection: sqlite, SQL: insert into "salary_periods" ("period", "description", "is_default", "is_active", "is_featured", "sort_order", "multiplier_hours", "multiplier_days", "multiplier_months", "multiplier_years", "updated_at", "created_at") values (Per Hour, Hourly salary payment, 0, 1, 0, 1, 1, 8, 173.33, 2080, 2025-08-09 10:53:35, 2025-08-09 10:53:35))

/www/wwwroot/jobportal.prus.dev/vendor/laravel/framework/src/Illuminate/Database/Connection.php:822
/www/wwwroot/jobportal.prus.dev/vendor/laravel/framework/src/Illuminate/Database/Connection.php:776
/www/wwwroot/jobportal.prus.dev/vendor/laravel/framework/src/Illuminate/Database/Connection.php:557
/www/wwwroot/jobportal.prus.dev/vendor/laravel/framework/src/Illuminate/Database/Connection.php:521
/www/wwwroot/jobportal.prus.dev/vendor/laravel/framework/src/Illuminate/Database/Query/Processors/Processor.php:32
/www/wwwroot/jobportal.prus.dev/vendor/laravel/framework/src/Illuminate/Database/Query/Builder.php:3796
/www/wwwroot/jobportal.prus.dev/vendor/laravel/framework/src/Illuminate/Database/Eloquent/Builder.php:2205
/www/wwwroot/jobportal.prus.dev/vendor/laravel/framework/src/Illuminate/Database/Eloquent/Model.php:1408
/www/wwwroot/jobportal.prus.dev/vendor/laravel/framework/src/Illuminate/Database/Eloquent/Model.php:1373
/www/wwwroot/jobportal.prus.dev/vendor/laravel/framework/src/Illuminate/Database/Eloquent/Model.php:1212
/www/wwwroot/jobportal.prus.dev/vendor/laravel/framework/src/Illuminate/Database/Eloquent/Factories/Factory.php:351
/www/wwwroot/jobportal.prus.dev/vendor/laravel/framework/src/Illuminate/Collections/Traits/EnumeratesValues.php:271
/www/wwwroot/jobportal.prus.dev/vendor/laravel/framework/src/Illuminate/Database/Eloquent/Factories/Factory.php:346
/www/wwwroot/jobportal.prus.dev/vendor/laravel/framework/src/Illuminate/Database/Eloquent/Factories/Factory.php:302
/www/wwwroot/jobportal.prus.dev/vendor/laravel/framework/src/Illuminate/Database/Eloquent/Factories/Factory.php:296
/www/wwwroot/jobportal.prus.dev/tests/Unit/Models/SalaryPeriodTest.php:39</error>
        </testcase>
        <testcase name="it_has_correct_casts" file="/www/wwwroot/jobportal.prus.dev/tests/Unit/Models/SalaryPeriodTest.php" line="79" class="Tests\Unit\Models\SalaryPeriodTest" classname="Tests.Unit.Models.SalaryPeriodTest" assertions="0" time="0.000000">
          <error type="Illuminate\Database\QueryException">Tests\Unit\Models\SalaryPeriodTest::it_has_correct_casts
Illuminate\Database\QueryException: SQLSTATE[HY000]: General error: 1 table salary_periods has no column named is_active (Connection: sqlite, SQL: insert into "salary_periods" ("period", "description", "is_default", "is_active", "is_featured", "sort_order", "multiplier_hours", "multiplier_days", "multiplier_months", "multiplier_years", "updated_at", "created_at") values (Per Hour, Hourly salary payment, 0, 1, 0, 1, 1, 8, 173.33, 2080, 2025-08-09 10:53:36, 2025-08-09 10:53:36))

/www/wwwroot/jobportal.prus.dev/vendor/laravel/framework/src/Illuminate/Database/Connection.php:822
/www/wwwroot/jobportal.prus.dev/vendor/laravel/framework/src/Illuminate/Database/Connection.php:776
/www/wwwroot/jobportal.prus.dev/vendor/laravel/framework/src/Illuminate/Database/Connection.php:557
/www/wwwroot/jobportal.prus.dev/vendor/laravel/framework/src/Illuminate/Database/Connection.php:521
/www/wwwroot/jobportal.prus.dev/vendor/laravel/framework/src/Illuminate/Database/Query/Processors/Processor.php:32
/www/wwwroot/jobportal.prus.dev/vendor/laravel/framework/src/Illuminate/Database/Query/Builder.php:3796
/www/wwwroot/jobportal.prus.dev/vendor/laravel/framework/src/Illuminate/Database/Eloquent/Builder.php:2205
/www/wwwroot/jobportal.prus.dev/vendor/laravel/framework/src/Illuminate/Database/Eloquent/Model.php:1408
/www/wwwroot/jobportal.prus.dev/vendor/laravel/framework/src/Illuminate/Database/Eloquent/Model.php:1373
/www/wwwroot/jobportal.prus.dev/vendor/laravel/framework/src/Illuminate/Database/Eloquent/Model.php:1212
/www/wwwroot/jobportal.prus.dev/vendor/laravel/framework/src/Illuminate/Database/Eloquent/Factories/Factory.php:351
/www/wwwroot/jobportal.prus.dev/vendor/laravel/framework/src/Illuminate/Collections/Traits/EnumeratesValues.php:271
/www/wwwroot/jobportal.prus.dev/vendor/laravel/framework/src/Illuminate/Database/Eloquent/Factories/Factory.php:346
/www/wwwroot/jobportal.prus.dev/vendor/laravel/framework/src/Illuminate/Database/Eloquent/Factories/Factory.php:302
/www/wwwroot/jobportal.prus.dev/vendor/laravel/framework/src/Illuminate/Database/Eloquent/Factories/Factory.php:296
/www/wwwroot/jobportal.prus.dev/tests/Unit/Models/SalaryPeriodTest.php:39</error>
        </testcase>
        <testcase name="it_hides_deleted_at_attribute" file="/www/wwwroot/jobportal.prus.dev/tests/Unit/Models/SalaryPeriodTest.php" line="99" class="Tests\Unit\Models\SalaryPeriodTest" classname="Tests.Unit.Models.SalaryPeriodTest" assertions="0" time="0.000000">
          <error type="Illuminate\Database\QueryException">Tests\Unit\Models\SalaryPeriodTest::it_hides_deleted_at_attribute
Illuminate\Database\QueryException: SQLSTATE[HY000]: General error: 1 table salary_periods has no column named is_active (Connection: sqlite, SQL: insert into "salary_periods" ("period", "description", "is_default", "is_active", "is_featured", "sort_order", "multiplier_hours", "multiplier_days", "multiplier_months", "multiplier_years", "updated_at", "created_at") values (Per Hour, Hourly salary payment, 0, 1, 0, 1, 1, 8, 173.33, 2080, 2025-08-09 10:53:36, 2025-08-09 10:53:36))

/www/wwwroot/jobportal.prus.dev/vendor/laravel/framework/src/Illuminate/Database/Connection.php:822
/www/wwwroot/jobportal.prus.dev/vendor/laravel/framework/src/Illuminate/Database/Connection.php:776
/www/wwwroot/jobportal.prus.dev/vendor/laravel/framework/src/Illuminate/Database/Connection.php:557
/www/wwwroot/jobportal.prus.dev/vendor/laravel/framework/src/Illuminate/Database/Connection.php:521
/www/wwwroot/jobportal.prus.dev/vendor/laravel/framework/src/Illuminate/Database/Query/Processors/Processor.php:32
/www/wwwroot/jobportal.prus.dev/vendor/laravel/framework/src/Illuminate/Database/Query/Builder.php:3796
/www/wwwroot/jobportal.prus.dev/vendor/laravel/framework/src/Illuminate/Database/Eloquent/Builder.php:2205
/www/wwwroot/jobportal.prus.dev/vendor/laravel/framework/src/Illuminate/Database/Eloquent/Model.php:1408
/www/wwwroot/jobportal.prus.dev/vendor/laravel/framework/src/Illuminate/Database/Eloquent/Model.php:1373
/www/wwwroot/jobportal.prus.dev/vendor/laravel/framework/src/Illuminate/Database/Eloquent/Model.php:1212
/www/wwwroot/jobportal.prus.dev/vendor/laravel/framework/src/Illuminate/Database/Eloquent/Factories/Factory.php:351
/www/wwwroot/jobportal.prus.dev/vendor/laravel/framework/src/Illuminate/Collections/Traits/EnumeratesValues.php:271
/www/wwwroot/jobportal.prus.dev/vendor/laravel/framework/src/Illuminate/Database/Eloquent/Factories/Factory.php:346
/www/wwwroot/jobportal.prus.dev/vendor/laravel/framework/src/Illuminate/Database/Eloquent/Factories/Factory.php:302
/www/wwwroot/jobportal.prus.dev/vendor/laravel/framework/src/Illuminate/Database/Eloquent/Factories/Factory.php:296
/www/wwwroot/jobportal.prus.dev/tests/Unit/Models/SalaryPeriodTest.php:39</error>
        </testcase>
        <testcase name="it_uses_correct_table_name" file="/www/wwwroot/jobportal.prus.dev/tests/Unit/Models/SalaryPeriodTest.php" line="106" class="Tests\Unit\Models\SalaryPeriodTest" classname="Tests.Unit.Models.SalaryPeriodTest" assertions="0" time="0.000000">
          <error type="Illuminate\Database\QueryException">Tests\Unit\Models\SalaryPeriodTest::it_uses_correct_table_name
Illuminate\Database\QueryException: SQLSTATE[HY000]: General error: 1 table salary_periods has no column named is_active (Connection: sqlite, SQL: insert into "salary_periods" ("period", "description", "is_default", "is_active", "is_featured", "sort_order", "multiplier_hours", "multiplier_days", "multiplier_months", "multiplier_years", "updated_at", "created_at") values (Per Hour, Hourly salary payment, 0, 1, 0, 1, 1, 8, 173.33, 2080, 2025-08-09 10:53:37, 2025-08-09 10:53:37))

/www/wwwroot/jobportal.prus.dev/vendor/laravel/framework/src/Illuminate/Database/Connection.php:822
/www/wwwroot/jobportal.prus.dev/vendor/laravel/framework/src/Illuminate/Database/Connection.php:776
/www/wwwroot/jobportal.prus.dev/vendor/laravel/framework/src/Illuminate/Database/Connection.php:557
/www/wwwroot/jobportal.prus.dev/vendor/laravel/framework/src/Illuminate/Database/Connection.php:521
/www/wwwroot/jobportal.prus.dev/vendor/laravel/framework/src/Illuminate/Database/Query/Processors/Processor.php:32
/www/wwwroot/jobportal.prus.dev/vendor/laravel/framework/src/Illuminate/Database/Query/Builder.php:3796
/www/wwwroot/jobportal.prus.dev/vendor/laravel/framework/src/Illuminate/Database/Eloquent/Builder.php:2205
/www/wwwroot/jobportal.prus.dev/vendor/laravel/framework/src/Illuminate/Database/Eloquent/Model.php:1408
/www/wwwroot/jobportal.prus.dev/vendor/laravel/framework/src/Illuminate/Database/Eloquent/Model.php:1373
/www/wwwroot/jobportal.prus.dev/vendor/laravel/framework/src/Illuminate/Database/Eloquent/Model.php:1212
/www/wwwroot/jobportal.prus.dev/vendor/laravel/framework/src/Illuminate/Database/Eloquent/Factories/Factory.php:351
/www/wwwroot/jobportal.prus.dev/vendor/laravel/framework/src/Illuminate/Collections/Traits/EnumeratesValues.php:271
/www/wwwroot/jobportal.prus.dev/vendor/laravel/framework/src/Illuminate/Database/Eloquent/Factories/Factory.php:346
/www/wwwroot/jobportal.prus.dev/vendor/laravel/framework/src/Illuminate/Database/Eloquent/Factories/Factory.php:302
/www/wwwroot/jobportal.prus.dev/vendor/laravel/framework/src/Illuminate/Database/Eloquent/Factories/Factory.php:296
/www/wwwroot/jobportal.prus.dev/tests/Unit/Models/SalaryPeriodTest.php:39</error>
        </testcase>
        <testcase name="it_has_many_jobs" file="/www/wwwroot/jobportal.prus.dev/tests/Unit/Models/SalaryPeriodTest.php" line="116" class="Tests\Unit\Models\SalaryPeriodTest" classname="Tests.Unit.Models.SalaryPeriodTest" assertions="0" time="0.000000">
          <error type="Illuminate\Database\QueryException">Tests\Unit\Models\SalaryPeriodTest::it_has_many_jobs
Illuminate\Database\QueryException: SQLSTATE[HY000]: General error: 1 table salary_periods has no column named is_active (Connection: sqlite, SQL: insert into "salary_periods" ("period", "description", "is_default", "is_active", "is_featured", "sort_order", "multiplier_hours", "multiplier_days", "multiplier_months", "multiplier_years", "updated_at", "created_at") values (Per Hour, Hourly salary payment, 0, 1, 0, 1, 1, 8, 173.33, 2080, 2025-08-09 10:53:38, 2025-08-09 10:53:38))

/www/wwwroot/jobportal.prus.dev/vendor/laravel/framework/src/Illuminate/Database/Connection.php:822
/www/wwwroot/jobportal.prus.dev/vendor/laravel/framework/src/Illuminate/Database/Connection.php:776
/www/wwwroot/jobportal.prus.dev/vendor/laravel/framework/src/Illuminate/Database/Connection.php:557
/www/wwwroot/jobportal.prus.dev/vendor/laravel/framework/src/Illuminate/Database/Connection.php:521
/www/wwwroot/jobportal.prus.dev/vendor/laravel/framework/src/Illuminate/Database/Query/Processors/Processor.php:32
/www/wwwroot/jobportal.prus.dev/vendor/laravel/framework/src/Illuminate/Database/Query/Builder.php:3796
/www/wwwroot/jobportal.prus.dev/vendor/laravel/framework/src/Illuminate/Database/Eloquent/Builder.php:2205
/www/wwwroot/jobportal.prus.dev/vendor/laravel/framework/src/Illuminate/Database/Eloquent/Model.php:1408
/www/wwwroot/jobportal.prus.dev/vendor/laravel/framework/src/Illuminate/Database/Eloquent/Model.php:1373
/www/wwwroot/jobportal.prus.dev/vendor/laravel/framework/src/Illuminate/Database/Eloquent/Model.php:1212
/www/wwwroot/jobportal.prus.dev/vendor/laravel/framework/src/Illuminate/Database/Eloquent/Factories/Factory.php:351
/www/wwwroot/jobportal.prus.dev/vendor/laravel/framework/src/Illuminate/Collections/Traits/EnumeratesValues.php:271
/www/wwwroot/jobportal.prus.dev/vendor/laravel/framework/src/Illuminate/Database/Eloquent/Factories/Factory.php:346
/www/wwwroot/jobportal.prus.dev/vendor/laravel/framework/src/Illuminate/Database/Eloquent/Factories/Factory.php:302
/www/wwwroot/jobportal.prus.dev/vendor/laravel/framework/src/Illuminate/Database/Eloquent/Factories/Factory.php:296
/www/wwwroot/jobportal.prus.dev/tests/Unit/Models/SalaryPeriodTest.php:39</error>
        </testcase>
        <testcase name="it_has_many_candidates" file="/www/wwwroot/jobportal.prus.dev/tests/Unit/Models/SalaryPeriodTest.php" line="125" class="Tests\Unit\Models\SalaryPeriodTest" classname="Tests.Unit.Models.SalaryPeriodTest" assertions="0" time="0.000000">
          <error type="Illuminate\Database\QueryException">Tests\Unit\Models\SalaryPeriodTest::it_has_many_candidates
Illuminate\Database\QueryException: SQLSTATE[HY000]: General error: 1 table salary_periods has no column named is_active (Connection: sqlite, SQL: insert into "salary_periods" ("period", "description", "is_default", "is_active", "is_featured", "sort_order", "multiplier_hours", "multiplier_days", "multiplier_months", "multiplier_years", "updated_at", "created_at") values (Per Hour, Hourly salary payment, 0, 1, 0, 1, 1, 8, 173.33, 2080, 2025-08-09 10:53:38, 2025-08-09 10:53:38))

/www/wwwroot/jobportal.prus.dev/vendor/laravel/framework/src/Illuminate/Database/Connection.php:822
/www/wwwroot/jobportal.prus.dev/vendor/laravel/framework/src/Illuminate/Database/Connection.php:776
/www/wwwroot/jobportal.prus.dev/vendor/laravel/framework/src/Illuminate/Database/Connection.php:557
/www/wwwroot/jobportal.prus.dev/vendor/laravel/framework/src/Illuminate/Database/Connection.php:521
/www/wwwroot/jobportal.prus.dev/vendor/laravel/framework/src/Illuminate/Database/Query/Processors/Processor.php:32
/www/wwwroot/jobportal.prus.dev/vendor/laravel/framework/src/Illuminate/Database/Query/Builder.php:3796
/www/wwwroot/jobportal.prus.dev/vendor/laravel/framework/src/Illuminate/Database/Eloquent/Builder.php:2205
/www/wwwroot/jobportal.prus.dev/vendor/laravel/framework/src/Illuminate/Database/Eloquent/Model.php:1408
/www/wwwroot/jobportal.prus.dev/vendor/laravel/framework/src/Illuminate/Database/Eloquent/Model.php:1373
/www/wwwroot/jobportal.prus.dev/vendor/laravel/framework/src/Illuminate/Database/Eloquent/Model.php:1212
/www/wwwroot/jobportal.prus.dev/vendor/laravel/framework/src/Illuminate/Database/Eloquent/Factories/Factory.php:351
/www/wwwroot/jobportal.prus.dev/vendor/laravel/framework/src/Illuminate/Collections/Traits/EnumeratesValues.php:271
/www/wwwroot/jobportal.prus.dev/vendor/laravel/framework/src/Illuminate/Database/Eloquent/Factories/Factory.php:346
/www/wwwroot/jobportal.prus.dev/vendor/laravel/framework/src/Illuminate/Database/Eloquent/Factories/Factory.php:302
/www/wwwroot/jobportal.prus.dev/vendor/laravel/framework/src/Illuminate/Database/Eloquent/Factories/Factory.php:296
/www/wwwroot/jobportal.prus.dev/tests/Unit/Models/SalaryPeriodTest.php:39</error>
        </testcase>
        <testcase name="scope_active_returns_only_active_periods" file="/www/wwwroot/jobportal.prus.dev/tests/Unit/Models/SalaryPeriodTest.php" line="138" class="Tests\Unit\Models\SalaryPeriodTest" classname="Tests.Unit.Models.SalaryPeriodTest" assertions="0" time="0.000000">
          <error type="Illuminate\Database\QueryException">Tests\Unit\Models\SalaryPeriodTest::scope_active_returns_only_active_periods
Illuminate\Database\QueryException: SQLSTATE[HY000]: General error: 1 table salary_periods has no column named is_active (Connection: sqlite, SQL: insert into "salary_periods" ("period", "description", "is_default", "is_active", "is_featured", "sort_order", "multiplier_hours", "multiplier_days", "multiplier_months", "multiplier_years", "updated_at", "created_at") values (Per Hour, Hourly salary payment, 0, 1, 0, 1, 1, 8, 173.33, 2080, 2025-08-09 10:53:39, 2025-08-09 10:53:39))

/www/wwwroot/jobportal.prus.dev/vendor/laravel/framework/src/Illuminate/Database/Connection.php:822
/www/wwwroot/jobportal.prus.dev/vendor/laravel/framework/src/Illuminate/Database/Connection.php:776
/www/wwwroot/jobportal.prus.dev/vendor/laravel/framework/src/Illuminate/Database/Connection.php:557
/www/wwwroot/jobportal.prus.dev/vendor/laravel/framework/src/Illuminate/Database/Connection.php:521
/www/wwwroot/jobportal.prus.dev/vendor/laravel/framework/src/Illuminate/Database/Query/Processors/Processor.php:32
/www/wwwroot/jobportal.prus.dev/vendor/laravel/framework/src/Illuminate/Database/Query/Builder.php:3796
/www/wwwroot/jobportal.prus.dev/vendor/laravel/framework/src/Illuminate/Database/Eloquent/Builder.php:2205
/www/wwwroot/jobportal.prus.dev/vendor/laravel/framework/src/Illuminate/Database/Eloquent/Model.php:1408
/www/wwwroot/jobportal.prus.dev/vendor/laravel/framework/src/Illuminate/Database/Eloquent/Model.php:1373
/www/wwwroot/jobportal.prus.dev/vendor/laravel/framework/src/Illuminate/Database/Eloquent/Model.php:1212
/www/wwwroot/jobportal.prus.dev/vendor/laravel/framework/src/Illuminate/Database/Eloquent/Factories/Factory.php:351
/www/wwwroot/jobportal.prus.dev/vendor/laravel/framework/src/Illuminate/Collections/Traits/EnumeratesValues.php:271
/www/wwwroot/jobportal.prus.dev/vendor/laravel/framework/src/Illuminate/Database/Eloquent/Factories/Factory.php:346
/www/wwwroot/jobportal.prus.dev/vendor/laravel/framework/src/Illuminate/Database/Eloquent/Factories/Factory.php:302
/www/wwwroot/jobportal.prus.dev/vendor/laravel/framework/src/Illuminate/Database/Eloquent/Factories/Factory.php:296
/www/wwwroot/jobportal.prus.dev/tests/Unit/Models/SalaryPeriodTest.php:39</error>
        </testcase>
        <testcase name="scope_inactive_returns_only_inactive_periods" file="/www/wwwroot/jobportal.prus.dev/tests/Unit/Models/SalaryPeriodTest.php" line="151" class="Tests\Unit\Models\SalaryPeriodTest" classname="Tests.Unit.Models.SalaryPeriodTest" assertions="0" time="0.000000">
          <error type="Illuminate\Database\QueryException">Tests\Unit\Models\SalaryPeriodTest::scope_inactive_returns_only_inactive_periods
Illuminate\Database\QueryException: SQLSTATE[HY000]: General error: 1 table salary_periods has no column named is_active (Connection: sqlite, SQL: insert into "salary_periods" ("period", "description", "is_default", "is_active", "is_featured", "sort_order", "multiplier_hours", "multiplier_days", "multiplier_months", "multiplier_years", "updated_at", "created_at") values (Per Hour, Hourly salary payment, 0, 1, 0, 1, 1, 8, 173.33, 2080, 2025-08-09 10:53:40, 2025-08-09 10:53:40))

/www/wwwroot/jobportal.prus.dev/vendor/laravel/framework/src/Illuminate/Database/Connection.php:822
/www/wwwroot/jobportal.prus.dev/vendor/laravel/framework/src/Illuminate/Database/Connection.php:776
/www/wwwroot/jobportal.prus.dev/vendor/laravel/framework/src/Illuminate/Database/Connection.php:557
/www/wwwroot/jobportal.prus.dev/vendor/laravel/framework/src/Illuminate/Database/Connection.php:521
/www/wwwroot/jobportal.prus.dev/vendor/laravel/framework/src/Illuminate/Database/Query/Processors/Processor.php:32
/www/wwwroot/jobportal.prus.dev/vendor/laravel/framework/src/Illuminate/Database/Query/Builder.php:3796
/www/wwwroot/jobportal.prus.dev/vendor/laravel/framework/src/Illuminate/Database/Eloquent/Builder.php:2205
/www/wwwroot/jobportal.prus.dev/vendor/laravel/framework/src/Illuminate/Database/Eloquent/Model.php:1408
/www/wwwroot/jobportal.prus.dev/vendor/laravel/framework/src/Illuminate/Database/Eloquent/Model.php:1373
/www/wwwroot/jobportal.prus.dev/vendor/laravel/framework/src/Illuminate/Database/Eloquent/Model.php:1212
/www/wwwroot/jobportal.prus.dev/vendor/laravel/framework/src/Illuminate/Database/Eloquent/Factories/Factory.php:351
/www/wwwroot/jobportal.prus.dev/vendor/laravel/framework/src/Illuminate/Collections/Traits/EnumeratesValues.php:271
/www/wwwroot/jobportal.prus.dev/vendor/laravel/framework/src/Illuminate/Database/Eloquent/Factories/Factory.php:346
/www/wwwroot/jobportal.prus.dev/vendor/laravel/framework/src/Illuminate/Database/Eloquent/Factories/Factory.php:302
/www/wwwroot/jobportal.prus.dev/vendor/laravel/framework/src/Illuminate/Database/Eloquent/Factories/Factory.php:296
/www/wwwroot/jobportal.prus.dev/tests/Unit/Models/SalaryPeriodTest.php:39</error>
        </testcase>
        <testcase name="scope_featured_returns_only_featured_periods" file="/www/wwwroot/jobportal.prus.dev/tests/Unit/Models/SalaryPeriodTest.php" line="163" class="Tests\Unit\Models\SalaryPeriodTest" classname="Tests.Unit.Models.SalaryPeriodTest" assertions="0" time="0.000000">
          <error type="Illuminate\Database\QueryException">Tests\Unit\Models\SalaryPeriodTest::scope_featured_returns_only_featured_periods
Illuminate\Database\QueryException: SQLSTATE[HY000]: General error: 1 table salary_periods has no column named is_active (Connection: sqlite, SQL: insert into "salary_periods" ("period", "description", "is_default", "is_active", "is_featured", "sort_order", "multiplier_hours", "multiplier_days", "multiplier_months", "multiplier_years", "updated_at", "created_at") values (Per Hour, Hourly salary payment, 0, 1, 0, 1, 1, 8, 173.33, 2080, 2025-08-09 10:53:41, 2025-08-09 10:53:41))

/www/wwwroot/jobportal.prus.dev/vendor/laravel/framework/src/Illuminate/Database/Connection.php:822
/www/wwwroot/jobportal.prus.dev/vendor/laravel/framework/src/Illuminate/Database/Connection.php:776
/www/wwwroot/jobportal.prus.dev/vendor/laravel/framework/src/Illuminate/Database/Connection.php:557
/www/wwwroot/jobportal.prus.dev/vendor/laravel/framework/src/Illuminate/Database/Connection.php:521
/www/wwwroot/jobportal.prus.dev/vendor/laravel/framework/src/Illuminate/Database/Query/Processors/Processor.php:32
/www/wwwroot/jobportal.prus.dev/vendor/laravel/framework/src/Illuminate/Database/Query/Builder.php:3796
/www/wwwroot/jobportal.prus.dev/vendor/laravel/framework/src/Illuminate/Database/Eloquent/Builder.php:2205
/www/wwwroot/jobportal.prus.dev/vendor/laravel/framework/src/Illuminate/Database/Eloquent/Model.php:1408
/www/wwwroot/jobportal.prus.dev/vendor/laravel/framework/src/Illuminate/Database/Eloquent/Model.php:1373
/www/wwwroot/jobportal.prus.dev/vendor/laravel/framework/src/Illuminate/Database/Eloquent/Model.php:1212
/www/wwwroot/jobportal.prus.dev/vendor/laravel/framework/src/Illuminate/Database/Eloquent/Factories/Factory.php:351
/www/wwwroot/jobportal.prus.dev/vendor/laravel/framework/src/Illuminate/Collections/Traits/EnumeratesValues.php:271
/www/wwwroot/jobportal.prus.dev/vendor/laravel/framework/src/Illuminate/Database/Eloquent/Factories/Factory.php:346
/www/wwwroot/jobportal.prus.dev/vendor/laravel/framework/src/Illuminate/Database/Eloquent/Factories/Factory.php:302
/www/wwwroot/jobportal.prus.dev/vendor/laravel/framework/src/Illuminate/Database/Eloquent/Factories/Factory.php:296
/www/wwwroot/jobportal.prus.dev/tests/Unit/Models/SalaryPeriodTest.php:39</error>
        </testcase>
        <testcase name="scope_default_returns_only_default_periods" file="/www/wwwroot/jobportal.prus.dev/tests/Unit/Models/SalaryPeriodTest.php" line="175" class="Tests\Unit\Models\SalaryPeriodTest" classname="Tests.Unit.Models.SalaryPeriodTest" assertions="0" time="0.000000">
          <error type="Illuminate\Database\QueryException">Tests\Unit\Models\SalaryPeriodTest::scope_default_returns_only_default_periods
Illuminate\Database\QueryException: SQLSTATE[HY000]: General error: 1 table salary_periods has no column named is_active (Connection: sqlite, SQL: insert into "salary_periods" ("period", "description", "is_default", "is_active", "is_featured", "sort_order", "multiplier_hours", "multiplier_days", "multiplier_months", "multiplier_years", "updated_at", "created_at") values (Per Hour, Hourly salary payment, 0, 1, 0, 1, 1, 8, 173.33, 2080, 2025-08-09 10:53:42, 2025-08-09 10:53:42))

/www/wwwroot/jobportal.prus.dev/vendor/laravel/framework/src/Illuminate/Database/Connection.php:822
/www/wwwroot/jobportal.prus.dev/vendor/laravel/framework/src/Illuminate/Database/Connection.php:776
/www/wwwroot/jobportal.prus.dev/vendor/laravel/framework/src/Illuminate/Database/Connection.php:557
/www/wwwroot/jobportal.prus.dev/vendor/laravel/framework/src/Illuminate/Database/Connection.php:521
/www/wwwroot/jobportal.prus.dev/vendor/laravel/framework/src/Illuminate/Database/Query/Processors/Processor.php:32
/www/wwwroot/jobportal.prus.dev/vendor/laravel/framework/src/Illuminate/Database/Query/Builder.php:3796
/www/wwwroot/jobportal.prus.dev/vendor/laravel/framework/src/Illuminate/Database/Eloquent/Builder.php:2205
/www/wwwroot/jobportal.prus.dev/vendor/laravel/framework/src/Illuminate/Database/Eloquent/Model.php:1408
/www/wwwroot/jobportal.prus.dev/vendor/laravel/framework/src/Illuminate/Database/Eloquent/Model.php:1373
/www/wwwroot/jobportal.prus.dev/vendor/laravel/framework/src/Illuminate/Database/Eloquent/Model.php:1212
/www/wwwroot/jobportal.prus.dev/vendor/laravel/framework/src/Illuminate/Database/Eloquent/Factories/Factory.php:351
/www/wwwroot/jobportal.prus.dev/vendor/laravel/framework/src/Illuminate/Collections/Traits/EnumeratesValues.php:271
/www/wwwroot/jobportal.prus.dev/vendor/laravel/framework/src/Illuminate/Database/Eloquent/Factories/Factory.php:346
/www/wwwroot/jobportal.prus.dev/vendor/laravel/framework/src/Illuminate/Database/Eloquent/Factories/Factory.php:302
/www/wwwroot/jobportal.prus.dev/vendor/laravel/framework/src/Illuminate/Database/Eloquent/Factories/Factory.php:296
/www/wwwroot/jobportal.prus.dev/tests/Unit/Models/SalaryPeriodTest.php:39</error>
        </testcase>
        <testcase name="scope_custom_returns_only_custom_periods" file="/www/wwwroot/jobportal.prus.dev/tests/Unit/Models/SalaryPeriodTest.php" line="187" class="Tests\Unit\Models\SalaryPeriodTest" classname="Tests.Unit.Models.SalaryPeriodTest" assertions="0" time="0.000000">
          <error type="Illuminate\Database\QueryException">Tests\Unit\Models\SalaryPeriodTest::scope_custom_returns_only_custom_periods
Illuminate\Database\QueryException: SQLSTATE[HY000]: General error: 1 table salary_periods has no column named is_active (Connection: sqlite, SQL: insert into "salary_periods" ("period", "description", "is_default", "is_active", "is_featured", "sort_order", "multiplier_hours", "multiplier_days", "multiplier_months", "multiplier_years", "updated_at", "created_at") values (Per Hour, Hourly salary payment, 0, 1, 0, 1, 1, 8, 173.33, 2080, 2025-08-09 10:53:43, 2025-08-09 10:53:43))

/www/wwwroot/jobportal.prus.dev/vendor/laravel/framework/src/Illuminate/Database/Connection.php:822
/www/wwwroot/jobportal.prus.dev/vendor/laravel/framework/src/Illuminate/Database/Connection.php:776
/www/wwwroot/jobportal.prus.dev/vendor/laravel/framework/src/Illuminate/Database/Connection.php:557
/www/wwwroot/jobportal.prus.dev/vendor/laravel/framework/src/Illuminate/Database/Connection.php:521
/www/wwwroot/jobportal.prus.dev/vendor/laravel/framework/src/Illuminate/Database/Query/Processors/Processor.php:32
/www/wwwroot/jobportal.prus.dev/vendor/laravel/framework/src/Illuminate/Database/Query/Builder.php:3796
/www/wwwroot/jobportal.prus.dev/vendor/laravel/framework/src/Illuminate/Database/Eloquent/Builder.php:2205
/www/wwwroot/jobportal.prus.dev/vendor/laravel/framework/src/Illuminate/Database/Eloquent/Model.php:1408
/www/wwwroot/jobportal.prus.dev/vendor/laravel/framework/src/Illuminate/Database/Eloquent/Model.php:1373
/www/wwwroot/jobportal.prus.dev/vendor/laravel/framework/src/Illuminate/Database/Eloquent/Model.php:1212
/www/wwwroot/jobportal.prus.dev/vendor/laravel/framework/src/Illuminate/Database/Eloquent/Factories/Factory.php:351
/www/wwwroot/jobportal.prus.dev/vendor/laravel/framework/src/Illuminate/Collections/Traits/EnumeratesValues.php:271
/www/wwwroot/jobportal.prus.dev/vendor/laravel/framework/src/Illuminate/Database/Eloquent/Factories/Factory.php:346
/www/wwwroot/jobportal.prus.dev/vendor/laravel/framework/src/Illuminate/Database/Eloquent/Factories/Factory.php:302
/www/wwwroot/jobportal.prus.dev/vendor/laravel/framework/src/Illuminate/Database/Eloquent/Factories/Factory.php:296
/www/wwwroot/jobportal.prus.dev/tests/Unit/Models/SalaryPeriodTest.php:39</error>
        </testcase>
        <testcase name="scope_hourly_returns_hourly_periods" file="/www/wwwroot/jobportal.prus.dev/tests/Unit/Models/SalaryPeriodTest.php" line="202" class="Tests\Unit\Models\SalaryPeriodTest" classname="Tests.Unit.Models.SalaryPeriodTest" assertions="0" time="0.000000">
          <error type="Illuminate\Database\QueryException">Tests\Unit\Models\SalaryPeriodTest::scope_hourly_returns_hourly_periods
Illuminate\Database\QueryException: SQLSTATE[HY000]: General error: 1 table salary_periods has no column named is_active (Connection: sqlite, SQL: insert into "salary_periods" ("period", "description", "is_default", "is_active", "is_featured", "sort_order", "multiplier_hours", "multiplier_days", "multiplier_months", "multiplier_years", "updated_at", "created_at") values (Per Hour, Hourly salary payment, 0, 1, 0, 1, 1, 8, 173.33, 2080, 2025-08-09 10:53:44, 2025-08-09 10:53:44))

/www/wwwroot/jobportal.prus.dev/vendor/laravel/framework/src/Illuminate/Database/Connection.php:822
/www/wwwroot/jobportal.prus.dev/vendor/laravel/framework/src/Illuminate/Database/Connection.php:776
/www/wwwroot/jobportal.prus.dev/vendor/laravel/framework/src/Illuminate/Database/Connection.php:557
/www/wwwroot/jobportal.prus.dev/vendor/laravel/framework/src/Illuminate/Database/Connection.php:521
/www/wwwroot/jobportal.prus.dev/vendor/laravel/framework/src/Illuminate/Database/Query/Processors/Processor.php:32
/www/wwwroot/jobportal.prus.dev/vendor/laravel/framework/src/Illuminate/Database/Query/Builder.php:3796
/www/wwwroot/jobportal.prus.dev/vendor/laravel/framework/src/Illuminate/Database/Eloquent/Builder.php:2205
/www/wwwroot/jobportal.prus.dev/vendor/laravel/framework/src/Illuminate/Database/Eloquent/Model.php:1408
/www/wwwroot/jobportal.prus.dev/vendor/laravel/framework/src/Illuminate/Database/Eloquent/Model.php:1373
/www/wwwroot/jobportal.prus.dev/vendor/laravel/framework/src/Illuminate/Database/Eloquent/Model.php:1212
/www/wwwroot/jobportal.prus.dev/vendor/laravel/framework/src/Illuminate/Database/Eloquent/Factories/Factory.php:351
/www/wwwroot/jobportal.prus.dev/vendor/laravel/framework/src/Illuminate/Collections/Traits/EnumeratesValues.php:271
/www/wwwroot/jobportal.prus.dev/vendor/laravel/framework/src/Illuminate/Database/Eloquent/Factories/Factory.php:346
/www/wwwroot/jobportal.prus.dev/vendor/laravel/framework/src/Illuminate/Database/Eloquent/Factories/Factory.php:302
/www/wwwroot/jobportal.prus.dev/vendor/laravel/framework/src/Illuminate/Database/Eloquent/Factories/Factory.php:296
/www/wwwroot/jobportal.prus.dev/tests/Unit/Models/SalaryPeriodTest.php:39</error>
        </testcase>
        <testcase name="scope_daily_returns_daily_periods" file="/www/wwwroot/jobportal.prus.dev/tests/Unit/Models/SalaryPeriodTest.php" line="219" class="Tests\Unit\Models\SalaryPeriodTest" classname="Tests.Unit.Models.SalaryPeriodTest" assertions="0" time="0.000000">
          <error type="Illuminate\Database\QueryException">Tests\Unit\Models\SalaryPeriodTest::scope_daily_returns_daily_periods
Illuminate\Database\QueryException: SQLSTATE[HY000]: General error: 1 table salary_periods has no column named is_active (Connection: sqlite, SQL: insert into "salary_periods" ("period", "description", "is_default", "is_active", "is_featured", "sort_order", "multiplier_hours", "multiplier_days", "multiplier_months", "multiplier_years", "updated_at", "created_at") values (Per Hour, Hourly salary payment, 0, 1, 0, 1, 1, 8, 173.33, 2080, 2025-08-09 10:53:45, 2025-08-09 10:53:45))

/www/wwwroot/jobportal.prus.dev/vendor/laravel/framework/src/Illuminate/Database/Connection.php:822
/www/wwwroot/jobportal.prus.dev/vendor/laravel/framework/src/Illuminate/Database/Connection.php:776
/www/wwwroot/jobportal.prus.dev/vendor/laravel/framework/src/Illuminate/Database/Connection.php:557
/www/wwwroot/jobportal.prus.dev/vendor/laravel/framework/src/Illuminate/Database/Connection.php:521
/www/wwwroot/jobportal.prus.dev/vendor/laravel/framework/src/Illuminate/Database/Query/Processors/Processor.php:32
/www/wwwroot/jobportal.prus.dev/vendor/laravel/framework/src/Illuminate/Database/Query/Builder.php:3796
/www/wwwroot/jobportal.prus.dev/vendor/laravel/framework/src/Illuminate/Database/Eloquent/Builder.php:2205
/www/wwwroot/jobportal.prus.dev/vendor/laravel/framework/src/Illuminate/Database/Eloquent/Model.php:1408
/www/wwwroot/jobportal.prus.dev/vendor/laravel/framework/src/Illuminate/Database/Eloquent/Model.php:1373
/www/wwwroot/jobportal.prus.dev/vendor/laravel/framework/src/Illuminate/Database/Eloquent/Model.php:1212
/www/wwwroot/jobportal.prus.dev/vendor/laravel/framework/src/Illuminate/Database/Eloquent/Factories/Factory.php:351
/www/wwwroot/jobportal.prus.dev/vendor/laravel/framework/src/Illuminate/Collections/Traits/EnumeratesValues.php:271
/www/wwwroot/jobportal.prus.dev/vendor/laravel/framework/src/Illuminate/Database/Eloquent/Factories/Factory.php:346
/www/wwwroot/jobportal.prus.dev/vendor/laravel/framework/src/Illuminate/Database/Eloquent/Factories/Factory.php:302
/www/wwwroot/jobportal.prus.dev/vendor/laravel/framework/src/Illuminate/Database/Eloquent/Factories/Factory.php:296
/www/wwwroot/jobportal.prus.dev/tests/Unit/Models/SalaryPeriodTest.php:39</error>
        </testcase>
        <testcase name="scope_weekly_returns_weekly_periods" file="/www/wwwroot/jobportal.prus.dev/tests/Unit/Models/SalaryPeriodTest.php" line="233" class="Tests\Unit\Models\SalaryPeriodTest" classname="Tests.Unit.Models.SalaryPeriodTest" assertions="0" time="0.000000">
          <error type="Illuminate\Database\QueryException">Tests\Unit\Models\SalaryPeriodTest::scope_weekly_returns_weekly_periods
Illuminate\Database\QueryException: SQLSTATE[HY000]: General error: 1 table salary_periods has no column named is_active (Connection: sqlite, SQL: insert into "salary_periods" ("period", "description", "is_default", "is_active", "is_featured", "sort_order", "multiplier_hours", "multiplier_days", "multiplier_months", "multiplier_years", "updated_at", "created_at") values (Per Hour, Hourly salary payment, 0, 1, 0, 1, 1, 8, 173.33, 2080, 2025-08-09 10:53:46, 2025-08-09 10:53:46))

/www/wwwroot/jobportal.prus.dev/vendor/laravel/framework/src/Illuminate/Database/Connection.php:822
/www/wwwroot/jobportal.prus.dev/vendor/laravel/framework/src/Illuminate/Database/Connection.php:776
/www/wwwroot/jobportal.prus.dev/vendor/laravel/framework/src/Illuminate/Database/Connection.php:557
/www/wwwroot/jobportal.prus.dev/vendor/laravel/framework/src/Illuminate/Database/Connection.php:521
/www/wwwroot/jobportal.prus.dev/vendor/laravel/framework/src/Illuminate/Database/Query/Processors/Processor.php:32
/www/wwwroot/jobportal.prus.dev/vendor/laravel/framework/src/Illuminate/Database/Query/Builder.php:3796
/www/wwwroot/jobportal.prus.dev/vendor/laravel/framework/src/Illuminate/Database/Eloquent/Builder.php:2205
/www/wwwroot/jobportal.prus.dev/vendor/laravel/framework/src/Illuminate/Database/Eloquent/Model.php:1408
/www/wwwroot/jobportal.prus.dev/vendor/laravel/framework/src/Illuminate/Database/Eloquent/Model.php:1373
/www/wwwroot/jobportal.prus.dev/vendor/laravel/framework/src/Illuminate/Database/Eloquent/Model.php:1212
/www/wwwroot/jobportal.prus.dev/vendor/laravel/framework/src/Illuminate/Database/Eloquent/Factories/Factory.php:351
/www/wwwroot/jobportal.prus.dev/vendor/laravel/framework/src/Illuminate/Collections/Traits/EnumeratesValues.php:271
/www/wwwroot/jobportal.prus.dev/vendor/laravel/framework/src/Illuminate/Database/Eloquent/Factories/Factory.php:346
/www/wwwroot/jobportal.prus.dev/vendor/laravel/framework/src/Illuminate/Database/Eloquent/Factories/Factory.php:302
/www/wwwroot/jobportal.prus.dev/vendor/laravel/framework/src/Illuminate/Database/Eloquent/Factories/Factory.php:296
/www/wwwroot/jobportal.prus.dev/tests/Unit/Models/SalaryPeriodTest.php:39</error>
        </testcase>
        <testcase name="scope_monthly_returns_monthly_periods" file="/www/wwwroot/jobportal.prus.dev/tests/Unit/Models/SalaryPeriodTest.php" line="247" class="Tests\Unit\Models\SalaryPeriodTest" classname="Tests.Unit.Models.SalaryPeriodTest" assertions="0" time="0.000000">
          <error type="Illuminate\Database\QueryException">Tests\Unit\Models\SalaryPeriodTest::scope_monthly_returns_monthly_periods
Illuminate\Database\QueryException: SQLSTATE[HY000]: General error: 1 table salary_periods has no column named is_active (Connection: sqlite, SQL: insert into "salary_periods" ("period", "description", "is_default", "is_active", "is_featured", "sort_order", "multiplier_hours", "multiplier_days", "multiplier_months", "multiplier_years", "updated_at", "created_at") values (Per Hour, Hourly salary payment, 0, 1, 0, 1, 1, 8, 173.33, 2080, 2025-08-09 10:53:47, 2025-08-09 10:53:47))

/www/wwwroot/jobportal.prus.dev/vendor/laravel/framework/src/Illuminate/Database/Connection.php:822
/www/wwwroot/jobportal.prus.dev/vendor/laravel/framework/src/Illuminate/Database/Connection.php:776
/www/wwwroot/jobportal.prus.dev/vendor/laravel/framework/src/Illuminate/Database/Connection.php:557
/www/wwwroot/jobportal.prus.dev/vendor/laravel/framework/src/Illuminate/Database/Connection.php:521
/www/wwwroot/jobportal.prus.dev/vendor/laravel/framework/src/Illuminate/Database/Query/Processors/Processor.php:32
/www/wwwroot/jobportal.prus.dev/vendor/laravel/framework/src/Illuminate/Database/Query/Builder.php:3796
/www/wwwroot/jobportal.prus.dev/vendor/laravel/framework/src/Illuminate/Database/Eloquent/Builder.php:2205
/www/wwwroot/jobportal.prus.dev/vendor/laravel/framework/src/Illuminate/Database/Eloquent/Model.php:1408
/www/wwwroot/jobportal.prus.dev/vendor/laravel/framework/src/Illuminate/Database/Eloquent/Model.php:1373
/www/wwwroot/jobportal.prus.dev/vendor/laravel/framework/src/Illuminate/Database/Eloquent/Model.php:1212
/www/wwwroot/jobportal.prus.dev/vendor/laravel/framework/src/Illuminate/Database/Eloquent/Factories/Factory.php:351
/www/wwwroot/jobportal.prus.dev/vendor/laravel/framework/src/Illuminate/Collections/Traits/EnumeratesValues.php:271
/www/wwwroot/jobportal.prus.dev/vendor/laravel/framework/src/Illuminate/Database/Eloquent/Factories/Factory.php:346
/www/wwwroot/jobportal.prus.dev/vendor/laravel/framework/src/Illuminate/Database/Eloquent/Factories/Factory.php:302
/www/wwwroot/jobportal.prus.dev/vendor/laravel/framework/src/Illuminate/Database/Eloquent/Factories/Factory.php:296
/www/wwwroot/jobportal.prus.dev/tests/Unit/Models/SalaryPeriodTest.php:39</error>
        </testcase>
        <testcase name="scope_yearly_returns_yearly_periods" file="/www/wwwroot/jobportal.prus.dev/tests/Unit/Models/SalaryPeriodTest.php" line="261" class="Tests\Unit\Models\SalaryPeriodTest" classname="Tests.Unit.Models.SalaryPeriodTest" assertions="0" time="0.000000">
          <error type="Illuminate\Database\QueryException">Tests\Unit\Models\SalaryPeriodTest::scope_yearly_returns_yearly_periods
Illuminate\Database\QueryException: SQLSTATE[HY000]: General error: 1 table salary_periods has no column named is_active (Connection: sqlite, SQL: insert into "salary_periods" ("period", "description", "is_default", "is_active", "is_featured", "sort_order", "multiplier_hours", "multiplier_days", "multiplier_months", "multiplier_years", "updated_at", "created_at") values (Per Hour, Hourly salary payment, 0, 1, 0, 1, 1, 8, 173.33, 2080, 2025-08-09 10:53:48, 2025-08-09 10:53:48))

/www/wwwroot/jobportal.prus.dev/vendor/laravel/framework/src/Illuminate/Database/Connection.php:822
/www/wwwroot/jobportal.prus.dev/vendor/laravel/framework/src/Illuminate/Database/Connection.php:776
/www/wwwroot/jobportal.prus.dev/vendor/laravel/framework/src/Illuminate/Database/Connection.php:557
/www/wwwroot/jobportal.prus.dev/vendor/laravel/framework/src/Illuminate/Database/Connection.php:521
/www/wwwroot/jobportal.prus.dev/vendor/laravel/framework/src/Illuminate/Database/Query/Processors/Processor.php:32
/www/wwwroot/jobportal.prus.dev/vendor/laravel/framework/src/Illuminate/Database/Query/Builder.php:3796
/www/wwwroot/jobportal.prus.dev/vendor/laravel/framework/src/Illuminate/Database/Eloquent/Builder.php:2205
/www/wwwroot/jobportal.prus.dev/vendor/laravel/framework/src/Illuminate/Database/Eloquent/Model.php:1408
/www/wwwroot/jobportal.prus.dev/vendor/laravel/framework/src/Illuminate/Database/Eloquent/Model.php:1373
/www/wwwroot/jobportal.prus.dev/vendor/laravel/framework/src/Illuminate/Database/Eloquent/Model.php:1212
/www/wwwroot/jobportal.prus.dev/vendor/laravel/framework/src/Illuminate/Database/Eloquent/Factories/Factory.php:351
/www/wwwroot/jobportal.prus.dev/vendor/laravel/framework/src/Illuminate/Collections/Traits/EnumeratesValues.php:271
/www/wwwroot/jobportal.prus.dev/vendor/laravel/framework/src/Illuminate/Database/Eloquent/Factories/Factory.php:346
/www/wwwroot/jobportal.prus.dev/vendor/laravel/framework/src/Illuminate/Database/Eloquent/Factories/Factory.php:302
/www/wwwroot/jobportal.prus.dev/vendor/laravel/framework/src/Illuminate/Database/Eloquent/Factories/Factory.php:296
/www/wwwroot/jobportal.prus.dev/tests/Unit/Models/SalaryPeriodTest.php:39</error>
        </testcase>
        <testcase name="scope_search_finds_periods_by_name_or_description" file="/www/wwwroot/jobportal.prus.dev/tests/Unit/Models/SalaryPeriodTest.php" line="281" class="Tests\Unit\Models\SalaryPeriodTest" classname="Tests.Unit.Models.SalaryPeriodTest" assertions="0" time="0.000000">
          <error type="Illuminate\Database\QueryException">Tests\Unit\Models\SalaryPeriodTest::scope_search_finds_periods_by_name_or_description
Illuminate\Database\QueryException: SQLSTATE[HY000]: General error: 1 table salary_periods has no column named is_active (Connection: sqlite, SQL: insert into "salary_periods" ("period", "description", "is_default", "is_active", "is_featured", "sort_order", "multiplier_hours", "multiplier_days", "multiplier_months", "multiplier_years", "updated_at", "created_at") values (Per Hour, Hourly salary payment, 0, 1, 0, 1, 1, 8, 173.33, 2080, 2025-08-09 10:53:48, 2025-08-09 10:53:48))

/www/wwwroot/jobportal.prus.dev/vendor/laravel/framework/src/Illuminate/Database/Connection.php:822
/www/wwwroot/jobportal.prus.dev/vendor/laravel/framework/src/Illuminate/Database/Connection.php:776
/www/wwwroot/jobportal.prus.dev/vendor/laravel/framework/src/Illuminate/Database/Connection.php:557
/www/wwwroot/jobportal.prus.dev/vendor/laravel/framework/src/Illuminate/Database/Connection.php:521
/www/wwwroot/jobportal.prus.dev/vendor/laravel/framework/src/Illuminate/Database/Query/Processors/Processor.php:32
/www/wwwroot/jobportal.prus.dev/vendor/laravel/framework/src/Illuminate/Database/Query/Builder.php:3796
/www/wwwroot/jobportal.prus.dev/vendor/laravel/framework/src/Illuminate/Database/Eloquent/Builder.php:2205
/www/wwwroot/jobportal.prus.dev/vendor/laravel/framework/src/Illuminate/Database/Eloquent/Model.php:1408
/www/wwwroot/jobportal.prus.dev/vendor/laravel/framework/src/Illuminate/Database/Eloquent/Model.php:1373
/www/wwwroot/jobportal.prus.dev/vendor/laravel/framework/src/Illuminate/Database/Eloquent/Model.php:1212
/www/wwwroot/jobportal.prus.dev/vendor/laravel/framework/src/Illuminate/Database/Eloquent/Factories/Factory.php:351
/www/wwwroot/jobportal.prus.dev/vendor/laravel/framework/src/Illuminate/Collections/Traits/EnumeratesValues.php:271
/www/wwwroot/jobportal.prus.dev/vendor/laravel/framework/src/Illuminate/Database/Eloquent/Factories/Factory.php:346
/www/wwwroot/jobportal.prus.dev/vendor/laravel/framework/src/Illuminate/Database/Eloquent/Factories/Factory.php:302
/www/wwwroot/jobportal.prus.dev/vendor/laravel/framework/src/Illuminate/Database/Eloquent/Factories/Factory.php:296
/www/wwwroot/jobportal.prus.dev/tests/Unit/Models/SalaryPeriodTest.php:39</error>
        </testcase>
        <testcase name="scope_recent_returns_recently_created_periods" file="/www/wwwroot/jobportal.prus.dev/tests/Unit/Models/SalaryPeriodTest.php" line="304" class="Tests\Unit\Models\SalaryPeriodTest" classname="Tests.Unit.Models.SalaryPeriodTest" assertions="0" time="0.000000">
          <error type="Illuminate\Database\QueryException">Tests\Unit\Models\SalaryPeriodTest::scope_recent_returns_recently_created_periods
Illuminate\Database\QueryException: SQLSTATE[HY000]: General error: 1 table salary_periods has no column named is_active (Connection: sqlite, SQL: insert into "salary_periods" ("period", "description", "is_default", "is_active", "is_featured", "sort_order", "multiplier_hours", "multiplier_days", "multiplier_months", "multiplier_years", "updated_at", "created_at") values (Per Hour, Hourly salary payment, 0, 1, 0, 1, 1, 8, 173.33, 2080, 2025-08-09 10:53:49, 2025-08-09 10:53:49))

/www/wwwroot/jobportal.prus.dev/vendor/laravel/framework/src/Illuminate/Database/Connection.php:822
/www/wwwroot/jobportal.prus.dev/vendor/laravel/framework/src/Illuminate/Database/Connection.php:776
/www/wwwroot/jobportal.prus.dev/vendor/laravel/framework/src/Illuminate/Database/Connection.php:557
/www/wwwroot/jobportal.prus.dev/vendor/laravel/framework/src/Illuminate/Database/Connection.php:521
/www/wwwroot/jobportal.prus.dev/vendor/laravel/framework/src/Illuminate/Database/Query/Processors/Processor.php:32
/www/wwwroot/jobportal.prus.dev/vendor/laravel/framework/src/Illuminate/Database/Query/Builder.php:3796
/www/wwwroot/jobportal.prus.dev/vendor/laravel/framework/src/Illuminate/Database/Eloquent/Builder.php:2205
/www/wwwroot/jobportal.prus.dev/vendor/laravel/framework/src/Illuminate/Database/Eloquent/Model.php:1408
/www/wwwroot/jobportal.prus.dev/vendor/laravel/framework/src/Illuminate/Database/Eloquent/Model.php:1373
/www/wwwroot/jobportal.prus.dev/vendor/laravel/framework/src/Illuminate/Database/Eloquent/Model.php:1212
/www/wwwroot/jobportal.prus.dev/vendor/laravel/framework/src/Illuminate/Database/Eloquent/Factories/Factory.php:351
/www/wwwroot/jobportal.prus.dev/vendor/laravel/framework/src/Illuminate/Collections/Traits/EnumeratesValues.php:271
/www/wwwroot/jobportal.prus.dev/vendor/laravel/framework/src/Illuminate/Database/Eloquent/Factories/Factory.php:346
/www/wwwroot/jobportal.prus.dev/vendor/laravel/framework/src/Illuminate/Database/Eloquent/Factories/Factory.php:302
/www/wwwroot/jobportal.prus.dev/vendor/laravel/framework/src/Illuminate/Database/Eloquent/Factories/Factory.php:296
/www/wwwroot/jobportal.prus.dev/tests/Unit/Models/SalaryPeriodTest.php:39</error>
        </testcase>
        <testcase name="scope_old_returns_old_periods" file="/www/wwwroot/jobportal.prus.dev/tests/Unit/Models/SalaryPeriodTest.php" line="318" class="Tests\Unit\Models\SalaryPeriodTest" classname="Tests.Unit.Models.SalaryPeriodTest" assertions="0" time="0.000000">
          <error type="Illuminate\Database\QueryException">Tests\Unit\Models\SalaryPeriodTest::scope_old_returns_old_periods
Illuminate\Database\QueryException: SQLSTATE[HY000]: General error: 1 table salary_periods has no column named is_active (Connection: sqlite, SQL: insert into "salary_periods" ("period", "description", "is_default", "is_active", "is_featured", "sort_order", "multiplier_hours", "multiplier_days", "multiplier_months", "multiplier_years", "updated_at", "created_at") values (Per Hour, Hourly salary payment, 0, 1, 0, 1, 1, 8, 173.33, 2080, 2025-08-09 10:53:50, 2025-08-09 10:53:50))

/www/wwwroot/jobportal.prus.dev/vendor/laravel/framework/src/Illuminate/Database/Connection.php:822
/www/wwwroot/jobportal.prus.dev/vendor/laravel/framework/src/Illuminate/Database/Connection.php:776
/www/wwwroot/jobportal.prus.dev/vendor/laravel/framework/src/Illuminate/Database/Connection.php:557
/www/wwwroot/jobportal.prus.dev/vendor/laravel/framework/src/Illuminate/Database/Connection.php:521
/www/wwwroot/jobportal.prus.dev/vendor/laravel/framework/src/Illuminate/Database/Query/Processors/Processor.php:32
/www/wwwroot/jobportal.prus.dev/vendor/laravel/framework/src/Illuminate/Database/Query/Builder.php:3796
/www/wwwroot/jobportal.prus.dev/vendor/laravel/framework/src/Illuminate/Database/Eloquent/Builder.php:2205
/www/wwwroot/jobportal.prus.dev/vendor/laravel/framework/src/Illuminate/Database/Eloquent/Model.php:1408
/www/wwwroot/jobportal.prus.dev/vendor/laravel/framework/src/Illuminate/Database/Eloquent/Model.php:1373
/www/wwwroot/jobportal.prus.dev/vendor/laravel/framework/src/Illuminate/Database/Eloquent/Model.php:1212
/www/wwwroot/jobportal.prus.dev/vendor/laravel/framework/src/Illuminate/Database/Eloquent/Factories/Factory.php:351
/www/wwwroot/jobportal.prus.dev/vendor/laravel/framework/src/Illuminate/Collections/Traits/EnumeratesValues.php:271
/www/wwwroot/jobportal.prus.dev/vendor/laravel/framework/src/Illuminate/Database/Eloquent/Factories/Factory.php:346
/www/wwwroot/jobportal.prus.dev/vendor/laravel/framework/src/Illuminate/Database/Eloquent/Factories/Factory.php:302
/www/wwwroot/jobportal.prus.dev/vendor/laravel/framework/src/Illuminate/Database/Eloquent/Factories/Factory.php:296
/www/wwwroot/jobportal.prus.dev/tests/Unit/Models/SalaryPeriodTest.php:39</error>
        </testcase>
        <testcase name="scope_alphabetical_orders_periods_by_name" file="/www/wwwroot/jobportal.prus.dev/tests/Unit/Models/SalaryPeriodTest.php" line="332" class="Tests\Unit\Models\SalaryPeriodTest" classname="Tests.Unit.Models.SalaryPeriodTest" assertions="0" time="0.000000">
          <error type="Illuminate\Database\QueryException">Tests\Unit\Models\SalaryPeriodTest::scope_alphabetical_orders_periods_by_name
Illuminate\Database\QueryException: SQLSTATE[HY000]: General error: 1 table salary_periods has no column named is_active (Connection: sqlite, SQL: insert into "salary_periods" ("period", "description", "is_default", "is_active", "is_featured", "sort_order", "multiplier_hours", "multiplier_days", "multiplier_months", "multiplier_years", "updated_at", "created_at") values (Per Hour, Hourly salary payment, 0, 1, 0, 1, 1, 8, 173.33, 2080, 2025-08-09 10:53:51, 2025-08-09 10:53:51))

/www/wwwroot/jobportal.prus.dev/vendor/laravel/framework/src/Illuminate/Database/Connection.php:822
/www/wwwroot/jobportal.prus.dev/vendor/laravel/framework/src/Illuminate/Database/Connection.php:776
/www/wwwroot/jobportal.prus.dev/vendor/laravel/framework/src/Illuminate/Database/Connection.php:557
/www/wwwroot/jobportal.prus.dev/vendor/laravel/framework/src/Illuminate/Database/Connection.php:521
/www/wwwroot/jobportal.prus.dev/vendor/laravel/framework/src/Illuminate/Database/Query/Processors/Processor.php:32
/www/wwwroot/jobportal.prus.dev/vendor/laravel/framework/src/Illuminate/Database/Query/Builder.php:3796
/www/wwwroot/jobportal.prus.dev/vendor/laravel/framework/src/Illuminate/Database/Eloquent/Builder.php:2205
/www/wwwroot/jobportal.prus.dev/vendor/laravel/framework/src/Illuminate/Database/Eloquent/Model.php:1408
/www/wwwroot/jobportal.prus.dev/vendor/laravel/framework/src/Illuminate/Database/Eloquent/Model.php:1373
/www/wwwroot/jobportal.prus.dev/vendor/laravel/framework/src/Illuminate/Database/Eloquent/Model.php:1212
/www/wwwroot/jobportal.prus.dev/vendor/laravel/framework/src/Illuminate/Database/Eloquent/Factories/Factory.php:351
/www/wwwroot/jobportal.prus.dev/vendor/laravel/framework/src/Illuminate/Collections/Traits/EnumeratesValues.php:271
/www/wwwroot/jobportal.prus.dev/vendor/laravel/framework/src/Illuminate/Database/Eloquent/Factories/Factory.php:346
/www/wwwroot/jobportal.prus.dev/vendor/laravel/framework/src/Illuminate/Database/Eloquent/Factories/Factory.php:302
/www/wwwroot/jobportal.prus.dev/vendor/laravel/framework/src/Illuminate/Database/Eloquent/Factories/Factory.php:296
/www/wwwroot/jobportal.prus.dev/tests/Unit/Models/SalaryPeriodTest.php:39</error>
        </testcase>
        <testcase name="scope_by_order_orders_periods_by_sort_order" file="/www/wwwroot/jobportal.prus.dev/tests/Unit/Models/SalaryPeriodTest.php" line="344" class="Tests\Unit\Models\SalaryPeriodTest" classname="Tests.Unit.Models.SalaryPeriodTest" assertions="0" time="0.000000">
          <error type="Illuminate\Database\QueryException">Tests\Unit\Models\SalaryPeriodTest::scope_by_order_orders_periods_by_sort_order
Illuminate\Database\QueryException: SQLSTATE[HY000]: General error: 1 table salary_periods has no column named is_active (Connection: sqlite, SQL: insert into "salary_periods" ("period", "description", "is_default", "is_active", "is_featured", "sort_order", "multiplier_hours", "multiplier_days", "multiplier_months", "multiplier_years", "updated_at", "created_at") values (Per Hour, Hourly salary payment, 0, 1, 0, 1, 1, 8, 173.33, 2080, 2025-08-09 10:53:52, 2025-08-09 10:53:52))

/www/wwwroot/jobportal.prus.dev/vendor/laravel/framework/src/Illuminate/Database/Connection.php:822
/www/wwwroot/jobportal.prus.dev/vendor/laravel/framework/src/Illuminate/Database/Connection.php:776
/www/wwwroot/jobportal.prus.dev/vendor/laravel/framework/src/Illuminate/Database/Connection.php:557
/www/wwwroot/jobportal.prus.dev/vendor/laravel/framework/src/Illuminate/Database/Connection.php:521
/www/wwwroot/jobportal.prus.dev/vendor/laravel/framework/src/Illuminate/Database/Query/Processors/Processor.php:32
/www/wwwroot/jobportal.prus.dev/vendor/laravel/framework/src/Illuminate/Database/Query/Builder.php:3796
/www/wwwroot/jobportal.prus.dev/vendor/laravel/framework/src/Illuminate/Database/Eloquent/Builder.php:2205
/www/wwwroot/jobportal.prus.dev/vendor/laravel/framework/src/Illuminate/Database/Eloquent/Model.php:1408
/www/wwwroot/jobportal.prus.dev/vendor/laravel/framework/src/Illuminate/Database/Eloquent/Model.php:1373
/www/wwwroot/jobportal.prus.dev/vendor/laravel/framework/src/Illuminate/Database/Eloquent/Model.php:1212
/www/wwwroot/jobportal.prus.dev/vendor/laravel/framework/src/Illuminate/Database/Eloquent/Factories/Factory.php:351
/www/wwwroot/jobportal.prus.dev/vendor/laravel/framework/src/Illuminate/Collections/Traits/EnumeratesValues.php:271
/www/wwwroot/jobportal.prus.dev/vendor/laravel/framework/src/Illuminate/Database/Eloquent/Factories/Factory.php:346
/www/wwwroot/jobportal.prus.dev/vendor/laravel/framework/src/Illuminate/Database/Eloquent/Factories/Factory.php:302
/www/wwwroot/jobportal.prus.dev/vendor/laravel/framework/src/Illuminate/Database/Eloquent/Factories/Factory.php:296
/www/wwwroot/jobportal.prus.dev/tests/Unit/Models/SalaryPeriodTest.php:39</error>
        </testcase>
        <testcase name="scope_with_jobs_returns_periods_with_jobs" file="/www/wwwroot/jobportal.prus.dev/tests/Unit/Models/SalaryPeriodTest.php" line="361" class="Tests\Unit\Models\SalaryPeriodTest" classname="Tests.Unit.Models.SalaryPeriodTest" assertions="0" time="0.000000">
          <error type="Illuminate\Database\QueryException">Tests\Unit\Models\SalaryPeriodTest::scope_with_jobs_returns_periods_with_jobs
Illuminate\Database\QueryException: SQLSTATE[HY000]: General error: 1 table salary_periods has no column named is_active (Connection: sqlite, SQL: insert into "salary_periods" ("period", "description", "is_default", "is_active", "is_featured", "sort_order", "multiplier_hours", "multiplier_days", "multiplier_months", "multiplier_years", "updated_at", "created_at") values (Per Hour, Hourly salary payment, 0, 1, 0, 1, 1, 8, 173.33, 2080, 2025-08-09 10:53:53, 2025-08-09 10:53:53))

/www/wwwroot/jobportal.prus.dev/vendor/laravel/framework/src/Illuminate/Database/Connection.php:822
/www/wwwroot/jobportal.prus.dev/vendor/laravel/framework/src/Illuminate/Database/Connection.php:776
/www/wwwroot/jobportal.prus.dev/vendor/laravel/framework/src/Illuminate/Database/Connection.php:557
/www/wwwroot/jobportal.prus.dev/vendor/laravel/framework/src/Illuminate/Database/Connection.php:521
/www/wwwroot/jobportal.prus.dev/vendor/laravel/framework/src/Illuminate/Database/Query/Processors/Processor.php:32
/www/wwwroot/jobportal.prus.dev/vendor/laravel/framework/src/Illuminate/Database/Query/Builder.php:3796
/www/wwwroot/jobportal.prus.dev/vendor/laravel/framework/src/Illuminate/Database/Eloquent/Builder.php:2205
/www/wwwroot/jobportal.prus.dev/vendor/laravel/framework/src/Illuminate/Database/Eloquent/Model.php:1408
/www/wwwroot/jobportal.prus.dev/vendor/laravel/framework/src/Illuminate/Database/Eloquent/Model.php:1373
/www/wwwroot/jobportal.prus.dev/vendor/laravel/framework/src/Illuminate/Database/Eloquent/Model.php:1212
/www/wwwroot/jobportal.prus.dev/vendor/laravel/framework/src/Illuminate/Database/Eloquent/Factories/Factory.php:351
/www/wwwroot/jobportal.prus.dev/vendor/laravel/framework/src/Illuminate/Collections/Traits/EnumeratesValues.php:271
/www/wwwroot/jobportal.prus.dev/vendor/laravel/framework/src/Illuminate/Database/Eloquent/Factories/Factory.php:346
/www/wwwroot/jobportal.prus.dev/vendor/laravel/framework/src/Illuminate/Database/Eloquent/Factories/Factory.php:302
/www/wwwroot/jobportal.prus.dev/vendor/laravel/framework/src/Illuminate/Database/Eloquent/Factories/Factory.php:296
/www/wwwroot/jobportal.prus.dev/tests/Unit/Models/SalaryPeriodTest.php:39</error>
        </testcase>
        <testcase name="scope_with_active_jobs_returns_periods_with_active_jobs" file="/www/wwwroot/jobportal.prus.dev/tests/Unit/Models/SalaryPeriodTest.php" line="374" class="Tests\Unit\Models\SalaryPeriodTest" classname="Tests.Unit.Models.SalaryPeriodTest" assertions="0" time="0.000000">
          <error type="Illuminate\Database\QueryException">Tests\Unit\Models\SalaryPeriodTest::scope_with_active_jobs_returns_periods_with_active_jobs
Illuminate\Database\QueryException: SQLSTATE[HY000]: General error: 1 table salary_periods has no column named is_active (Connection: sqlite, SQL: insert into "salary_periods" ("period", "description", "is_default", "is_active", "is_featured", "sort_order", "multiplier_hours", "multiplier_days", "multiplier_months", "multiplier_years", "updated_at", "created_at") values (Per Hour, Hourly salary payment, 0, 1, 0, 1, 1, 8, 173.33, 2080, 2025-08-09 10:53:53, 2025-08-09 10:53:53))

/www/wwwroot/jobportal.prus.dev/vendor/laravel/framework/src/Illuminate/Database/Connection.php:822
/www/wwwroot/jobportal.prus.dev/vendor/laravel/framework/src/Illuminate/Database/Connection.php:776
/www/wwwroot/jobportal.prus.dev/vendor/laravel/framework/src/Illuminate/Database/Connection.php:557
/www/wwwroot/jobportal.prus.dev/vendor/laravel/framework/src/Illuminate/Database/Connection.php:521
/www/wwwroot/jobportal.prus.dev/vendor/laravel/framework/src/Illuminate/Database/Query/Processors/Processor.php:32
/www/wwwroot/jobportal.prus.dev/vendor/laravel/framework/src/Illuminate/Database/Query/Builder.php:3796
/www/wwwroot/jobportal.prus.dev/vendor/laravel/framework/src/Illuminate/Database/Eloquent/Builder.php:2205
/www/wwwroot/jobportal.prus.dev/vendor/laravel/framework/src/Illuminate/Database/Eloquent/Model.php:1408
/www/wwwroot/jobportal.prus.dev/vendor/laravel/framework/src/Illuminate/Database/Eloquent/Model.php:1373
/www/wwwroot/jobportal.prus.dev/vendor/laravel/framework/src/Illuminate/Database/Eloquent/Model.php:1212
/www/wwwroot/jobportal.prus.dev/vendor/laravel/framework/src/Illuminate/Database/Eloquent/Factories/Factory.php:351
/www/wwwroot/jobportal.prus.dev/vendor/laravel/framework/src/Illuminate/Collections/Traits/EnumeratesValues.php:271
/www/wwwroot/jobportal.prus.dev/vendor/laravel/framework/src/Illuminate/Database/Eloquent/Factories/Factory.php:346
/www/wwwroot/jobportal.prus.dev/vendor/laravel/framework/src/Illuminate/Database/Eloquent/Factories/Factory.php:302
/www/wwwroot/jobportal.prus.dev/vendor/laravel/framework/src/Illuminate/Database/Eloquent/Factories/Factory.php:296
/www/wwwroot/jobportal.prus.dev/tests/Unit/Models/SalaryPeriodTest.php:39</error>
        </testcase>
        <testcase name="scope_with_candidates_returns_periods_with_candidates" file="/www/wwwroot/jobportal.prus.dev/tests/Unit/Models/SalaryPeriodTest.php" line="396" class="Tests\Unit\Models\SalaryPeriodTest" classname="Tests.Unit.Models.SalaryPeriodTest" assertions="0" time="0.000000">
          <error type="Illuminate\Database\QueryException">Tests\Unit\Models\SalaryPeriodTest::scope_with_candidates_returns_periods_with_candidates
Illuminate\Database\QueryException: SQLSTATE[HY000]: General error: 1 table salary_periods has no column named is_active (Connection: sqlite, SQL: insert into "salary_periods" ("period", "description", "is_default", "is_active", "is_featured", "sort_order", "multiplier_hours", "multiplier_days", "multiplier_months", "multiplier_years", "updated_at", "created_at") values (Per Hour, Hourly salary payment, 0, 1, 0, 1, 1, 8, 173.33, 2080, 2025-08-09 10:53:54, 2025-08-09 10:53:54))

/www/wwwroot/jobportal.prus.dev/vendor/laravel/framework/src/Illuminate/Database/Connection.php:822
/www/wwwroot/jobportal.prus.dev/vendor/laravel/framework/src/Illuminate/Database/Connection.php:776
/www/wwwroot/jobportal.prus.dev/vendor/laravel/framework/src/Illuminate/Database/Connection.php:557
/www/wwwroot/jobportal.prus.dev/vendor/laravel/framework/src/Illuminate/Database/Connection.php:521
/www/wwwroot/jobportal.prus.dev/vendor/laravel/framework/src/Illuminate/Database/Query/Processors/Processor.php:32
/www/wwwroot/jobportal.prus.dev/vendor/laravel/framework/src/Illuminate/Database/Query/Builder.php:3796
/www/wwwroot/jobportal.prus.dev/vendor/laravel/framework/src/Illuminate/Database/Eloquent/Builder.php:2205
/www/wwwroot/jobportal.prus.dev/vendor/laravel/framework/src/Illuminate/Database/Eloquent/Model.php:1408
/www/wwwroot/jobportal.prus.dev/vendor/laravel/framework/src/Illuminate/Database/Eloquent/Model.php:1373
/www/wwwroot/jobportal.prus.dev/vendor/laravel/framework/src/Illuminate/Database/Eloquent/Model.php:1212
/www/wwwroot/jobportal.prus.dev/vendor/laravel/framework/src/Illuminate/Database/Eloquent/Factories/Factory.php:351
/www/wwwroot/jobportal.prus.dev/vendor/laravel/framework/src/Illuminate/Collections/Traits/EnumeratesValues.php:271
/www/wwwroot/jobportal.prus.dev/vendor/laravel/framework/src/Illuminate/Database/Eloquent/Factories/Factory.php:346
/www/wwwroot/jobportal.prus.dev/vendor/laravel/framework/src/Illuminate/Database/Eloquent/Factories/Factory.php:302
/www/wwwroot/jobportal.prus.dev/vendor/laravel/framework/src/Illuminate/Database/Eloquent/Factories/Factory.php:296
/www/wwwroot/jobportal.prus.dev/tests/Unit/Models/SalaryPeriodTest.php:39</error>
        </testcase>
        <testcase name="scope_with_active_candidates_returns_periods_with_active_candidates" file="/www/wwwroot/jobportal.prus.dev/tests/Unit/Models/SalaryPeriodTest.php" line="409" class="Tests\Unit\Models\SalaryPeriodTest" classname="Tests.Unit.Models.SalaryPeriodTest" assertions="0" time="0.000000">
          <error type="Illuminate\Database\QueryException">Tests\Unit\Models\SalaryPeriodTest::scope_with_active_candidates_returns_periods_with_active_candidates
Illuminate\Database\QueryException: SQLSTATE[HY000]: General error: 1 table salary_periods has no column named is_active (Connection: sqlite, SQL: insert into "salary_periods" ("period", "description", "is_default", "is_active", "is_featured", "sort_order", "multiplier_hours", "multiplier_days", "multiplier_months", "multiplier_years", "updated_at", "created_at") values (Per Hour, Hourly salary payment, 0, 1, 0, 1, 1, 8, 173.33, 2080, 2025-08-09 10:53:55, 2025-08-09 10:53:55))

/www/wwwroot/jobportal.prus.dev/vendor/laravel/framework/src/Illuminate/Database/Connection.php:822
/www/wwwroot/jobportal.prus.dev/vendor/laravel/framework/src/Illuminate/Database/Connection.php:776
/www/wwwroot/jobportal.prus.dev/vendor/laravel/framework/src/Illuminate/Database/Connection.php:557
/www/wwwroot/jobportal.prus.dev/vendor/laravel/framework/src/Illuminate/Database/Connection.php:521
/www/wwwroot/jobportal.prus.dev/vendor/laravel/framework/src/Illuminate/Database/Query/Processors/Processor.php:32
/www/wwwroot/jobportal.prus.dev/vendor/laravel/framework/src/Illuminate/Database/Query/Builder.php:3796
/www/wwwroot/jobportal.prus.dev/vendor/laravel/framework/src/Illuminate/Database/Eloquent/Builder.php:2205
/www/wwwroot/jobportal.prus.dev/vendor/laravel/framework/src/Illuminate/Database/Eloquent/Model.php:1408
/www/wwwroot/jobportal.prus.dev/vendor/laravel/framework/src/Illuminate/Database/Eloquent/Model.php:1373
/www/wwwroot/jobportal.prus.dev/vendor/laravel/framework/src/Illuminate/Database/Eloquent/Model.php:1212
/www/wwwroot/jobportal.prus.dev/vendor/laravel/framework/src/Illuminate/Database/Eloquent/Factories/Factory.php:351
/www/wwwroot/jobportal.prus.dev/vendor/laravel/framework/src/Illuminate/Collections/Traits/EnumeratesValues.php:271
/www/wwwroot/jobportal.prus.dev/vendor/laravel/framework/src/Illuminate/Database/Eloquent/Factories/Factory.php:346
/www/wwwroot/jobportal.prus.dev/vendor/laravel/framework/src/Illuminate/Database/Eloquent/Factories/Factory.php:302
/www/wwwroot/jobportal.prus.dev/vendor/laravel/framework/src/Illuminate/Database/Eloquent/Factories/Factory.php:296
/www/wwwroot/jobportal.prus.dev/tests/Unit/Models/SalaryPeriodTest.php:39</error>
        </testcase>
        <testcase name="scope_popular_returns_periods_ordered_by_active_jobs_count" file="/www/wwwroot/jobportal.prus.dev/tests/Unit/Models/SalaryPeriodTest.php" line="430" class="Tests\Unit\Models\SalaryPeriodTest" classname="Tests.Unit.Models.SalaryPeriodTest" assertions="0" time="0.000000">
          <error type="Illuminate\Database\QueryException">Tests\Unit\Models\SalaryPeriodTest::scope_popular_returns_periods_ordered_by_active_jobs_count
Illuminate\Database\QueryException: SQLSTATE[HY000]: General error: 1 table salary_periods has no column named is_active (Connection: sqlite, SQL: insert into "salary_periods" ("period", "description", "is_default", "is_active", "is_featured", "sort_order", "multiplier_hours", "multiplier_days", "multiplier_months", "multiplier_years", "updated_at", "created_at") values (Per Hour, Hourly salary payment, 0, 1, 0, 1, 1, 8, 173.33, 2080, 2025-08-09 10:53:56, 2025-08-09 10:53:56))

/www/wwwroot/jobportal.prus.dev/vendor/laravel/framework/src/Illuminate/Database/Connection.php:822
/www/wwwroot/jobportal.prus.dev/vendor/laravel/framework/src/Illuminate/Database/Connection.php:776
/www/wwwroot/jobportal.prus.dev/vendor/laravel/framework/src/Illuminate/Database/Connection.php:557
/www/wwwroot/jobportal.prus.dev/vendor/laravel/framework/src/Illuminate/Database/Connection.php:521
/www/wwwroot/jobportal.prus.dev/vendor/laravel/framework/src/Illuminate/Database/Query/Processors/Processor.php:32
/www/wwwroot/jobportal.prus.dev/vendor/laravel/framework/src/Illuminate/Database/Query/Builder.php:3796
/www/wwwroot/jobportal.prus.dev/vendor/laravel/framework/src/Illuminate/Database/Eloquent/Builder.php:2205
/www/wwwroot/jobportal.prus.dev/vendor/laravel/framework/src/Illuminate/Database/Eloquent/Model.php:1408
/www/wwwroot/jobportal.prus.dev/vendor/laravel/framework/src/Illuminate/Database/Eloquent/Model.php:1373
/www/wwwroot/jobportal.prus.dev/vendor/laravel/framework/src/Illuminate/Database/Eloquent/Model.php:1212
/www/wwwroot/jobportal.prus.dev/vendor/laravel/framework/src/Illuminate/Database/Eloquent/Factories/Factory.php:351
/www/wwwroot/jobportal.prus.dev/vendor/laravel/framework/src/Illuminate/Collections/Traits/EnumeratesValues.php:271
/www/wwwroot/jobportal.prus.dev/vendor/laravel/framework/src/Illuminate/Database/Eloquent/Factories/Factory.php:346
/www/wwwroot/jobportal.prus.dev/vendor/laravel/framework/src/Illuminate/Database/Eloquent/Factories/Factory.php:302
/www/wwwroot/jobportal.prus.dev/vendor/laravel/framework/src/Illuminate/Database/Eloquent/Factories/Factory.php:296
/www/wwwroot/jobportal.prus.dev/tests/Unit/Models/SalaryPeriodTest.php:39</error>
        </testcase>
        <testcase name="scope_trending_returns_periods_with_recent_jobs" file="/www/wwwroot/jobportal.prus.dev/tests/Unit/Models/SalaryPeriodTest.php" line="453" class="Tests\Unit\Models\SalaryPeriodTest" classname="Tests.Unit.Models.SalaryPeriodTest" assertions="0" time="0.000000">
          <error type="Illuminate\Database\QueryException">Tests\Unit\Models\SalaryPeriodTest::scope_trending_returns_periods_with_recent_jobs
Illuminate\Database\QueryException: SQLSTATE[HY000]: General error: 1 table salary_periods has no column named is_active (Connection: sqlite, SQL: insert into "salary_periods" ("period", "description", "is_default", "is_active", "is_featured", "sort_order", "multiplier_hours", "multiplier_days", "multiplier_months", "multiplier_years", "updated_at", "created_at") values (Per Hour, Hourly salary payment, 0, 1, 0, 1, 1, 8, 173.33, 2080, 2025-08-09 10:53:57, 2025-08-09 10:53:57))

/www/wwwroot/jobportal.prus.dev/vendor/laravel/framework/src/Illuminate/Database/Connection.php:822
/www/wwwroot/jobportal.prus.dev/vendor/laravel/framework/src/Illuminate/Database/Connection.php:776
/www/wwwroot/jobportal.prus.dev/vendor/laravel/framework/src/Illuminate/Database/Connection.php:557
/www/wwwroot/jobportal.prus.dev/vendor/laravel/framework/src/Illuminate/Database/Connection.php:521
/www/wwwroot/jobportal.prus.dev/vendor/laravel/framework/src/Illuminate/Database/Query/Processors/Processor.php:32
/www/wwwroot/jobportal.prus.dev/vendor/laravel/framework/src/Illuminate/Database/Query/Builder.php:3796
/www/wwwroot/jobportal.prus.dev/vendor/laravel/framework/src/Illuminate/Database/Eloquent/Builder.php:2205
/www/wwwroot/jobportal.prus.dev/vendor/laravel/framework/src/Illuminate/Database/Eloquent/Model.php:1408
/www/wwwroot/jobportal.prus.dev/vendor/laravel/framework/src/Illuminate/Database/Eloquent/Model.php:1373
/www/wwwroot/jobportal.prus.dev/vendor/laravel/framework/src/Illuminate/Database/Eloquent/Model.php:1212
/www/wwwroot/jobportal.prus.dev/vendor/laravel/framework/src/Illuminate/Database/Eloquent/Factories/Factory.php:351
/www/wwwroot/jobportal.prus.dev/vendor/laravel/framework/src/Illuminate/Collections/Traits/EnumeratesValues.php:271
/www/wwwroot/jobportal.prus.dev/vendor/laravel/framework/src/Illuminate/Database/Eloquent/Factories/Factory.php:346
/www/wwwroot/jobportal.prus.dev/vendor/laravel/framework/src/Illuminate/Database/Eloquent/Factories/Factory.php:302
/www/wwwroot/jobportal.prus.dev/vendor/laravel/framework/src/Illuminate/Database/Eloquent/Factories/Factory.php:296
/www/wwwroot/jobportal.prus.dev/tests/Unit/Models/SalaryPeriodTest.php:39</error>
        </testcase>
        <testcase name="get_display_name_attribute_includes_description" file="/www/wwwroot/jobportal.prus.dev/tests/Unit/Models/SalaryPeriodTest.php" line="483" class="Tests\Unit\Models\SalaryPeriodTest" classname="Tests.Unit.Models.SalaryPeriodTest" assertions="0" time="0.000000">
          <error type="Illuminate\Database\QueryException">Tests\Unit\Models\SalaryPeriodTest::get_display_name_attribute_includes_description
Illuminate\Database\QueryException: SQLSTATE[HY000]: General error: 1 table salary_periods has no column named is_active (Connection: sqlite, SQL: insert into "salary_periods" ("period", "description", "is_default", "is_active", "is_featured", "sort_order", "multiplier_hours", "multiplier_days", "multiplier_months", "multiplier_years", "updated_at", "created_at") values (Per Hour, Hourly salary payment, 0, 1, 0, 1, 1, 8, 173.33, 2080, 2025-08-09 10:53:58, 2025-08-09 10:53:58))

/www/wwwroot/jobportal.prus.dev/vendor/laravel/framework/src/Illuminate/Database/Connection.php:822
/www/wwwroot/jobportal.prus.dev/vendor/laravel/framework/src/Illuminate/Database/Connection.php:776
/www/wwwroot/jobportal.prus.dev/vendor/laravel/framework/src/Illuminate/Database/Connection.php:557
/www/wwwroot/jobportal.prus.dev/vendor/laravel/framework/src/Illuminate/Database/Connection.php:521
/www/wwwroot/jobportal.prus.dev/vendor/laravel/framework/src/Illuminate/Database/Query/Processors/Processor.php:32
/www/wwwroot/jobportal.prus.dev/vendor/laravel/framework/src/Illuminate/Database/Query/Builder.php:3796
/www/wwwroot/jobportal.prus.dev/vendor/laravel/framework/src/Illuminate/Database/Eloquent/Builder.php:2205
/www/wwwroot/jobportal.prus.dev/vendor/laravel/framework/src/Illuminate/Database/Eloquent/Model.php:1408
/www/wwwroot/jobportal.prus.dev/vendor/laravel/framework/src/Illuminate/Database/Eloquent/Model.php:1373
/www/wwwroot/jobportal.prus.dev/vendor/laravel/framework/src/Illuminate/Database/Eloquent/Model.php:1212
/www/wwwroot/jobportal.prus.dev/vendor/laravel/framework/src/Illuminate/Database/Eloquent/Factories/Factory.php:351
/www/wwwroot/jobportal.prus.dev/vendor/laravel/framework/src/Illuminate/Collections/Traits/EnumeratesValues.php:271
/www/wwwroot/jobportal.prus.dev/vendor/laravel/framework/src/Illuminate/Database/Eloquent/Factories/Factory.php:346
/www/wwwroot/jobportal.prus.dev/vendor/laravel/framework/src/Illuminate/Database/Eloquent/Factories/Factory.php:302
/www/wwwroot/jobportal.prus.dev/vendor/laravel/framework/src/Illuminate/Database/Eloquent/Factories/Factory.php:296
/www/wwwroot/jobportal.prus.dev/tests/Unit/Models/SalaryPeriodTest.php:39</error>
        </testcase>
        <testcase name="get_period_type_attribute_detects_period_types_correctly" file="/www/wwwroot/jobportal.prus.dev/tests/Unit/Models/SalaryPeriodTest.php" line="496" class="Tests\Unit\Models\SalaryPeriodTest" classname="Tests.Unit.Models.SalaryPeriodTest" assertions="0" time="0.000000">
          <error type="Illuminate\Database\QueryException">Tests\Unit\Models\SalaryPeriodTest::get_period_type_attribute_detects_period_types_correctly
Illuminate\Database\QueryException: SQLSTATE[HY000]: General error: 1 table salary_periods has no column named is_active (Connection: sqlite, SQL: insert into "salary_periods" ("period", "description", "is_default", "is_active", "is_featured", "sort_order", "multiplier_hours", "multiplier_days", "multiplier_months", "multiplier_years", "updated_at", "created_at") values (Per Hour, Hourly salary payment, 0, 1, 0, 1, 1, 8, 173.33, 2080, 2025-08-09 10:53:59, 2025-08-09 10:53:59))

/www/wwwroot/jobportal.prus.dev/vendor/laravel/framework/src/Illuminate/Database/Connection.php:822
/www/wwwroot/jobportal.prus.dev/vendor/laravel/framework/src/Illuminate/Database/Connection.php:776
/www/wwwroot/jobportal.prus.dev/vendor/laravel/framework/src/Illuminate/Database/Connection.php:557
/www/wwwroot/jobportal.prus.dev/vendor/laravel/framework/src/Illuminate/Database/Connection.php:521
/www/wwwroot/jobportal.prus.dev/vendor/laravel/framework/src/Illuminate/Database/Query/Processors/Processor.php:32
/www/wwwroot/jobportal.prus.dev/vendor/laravel/framework/src/Illuminate/Database/Query/Builder.php:3796
/www/wwwroot/jobportal.prus.dev/vendor/laravel/framework/src/Illuminate/Database/Eloquent/Builder.php:2205
/www/wwwroot/jobportal.prus.dev/vendor/laravel/framework/src/Illuminate/Database/Eloquent/Model.php:1408
/www/wwwroot/jobportal.prus.dev/vendor/laravel/framework/src/Illuminate/Database/Eloquent/Model.php:1373
/www/wwwroot/jobportal.prus.dev/vendor/laravel/framework/src/Illuminate/Database/Eloquent/Model.php:1212
/www/wwwroot/jobportal.prus.dev/vendor/laravel/framework/src/Illuminate/Database/Eloquent/Factories/Factory.php:351
/www/wwwroot/jobportal.prus.dev/vendor/laravel/framework/src/Illuminate/Collections/Traits/EnumeratesValues.php:271
/www/wwwroot/jobportal.prus.dev/vendor/laravel/framework/src/Illuminate/Database/Eloquent/Factories/Factory.php:346
/www/wwwroot/jobportal.prus.dev/vendor/laravel/framework/src/Illuminate/Database/Eloquent/Factories/Factory.php:302
/www/wwwroot/jobportal.prus.dev/vendor/laravel/framework/src/Illuminate/Database/Eloquent/Factories/Factory.php:296
/www/wwwroot/jobportal.prus.dev/tests/Unit/Models/SalaryPeriodTest.php:39</error>
        </testcase>
        <testcase name="period_type_check_methods_work_correctly" file="/www/wwwroot/jobportal.prus.dev/tests/Unit/Models/SalaryPeriodTest.php" line="517" class="Tests\Unit\Models\SalaryPeriodTest" classname="Tests.Unit.Models.SalaryPeriodTest" assertions="0" time="0.000000">
          <error type="Illuminate\Database\QueryException">Tests\Unit\Models\SalaryPeriodTest::period_type_check_methods_work_correctly
Illuminate\Database\QueryException: SQLSTATE[HY000]: General error: 1 table salary_periods has no column named is_active (Connection: sqlite, SQL: insert into "salary_periods" ("period", "description", "is_default", "is_active", "is_featured", "sort_order", "multiplier_hours", "multiplier_days", "multiplier_months", "multiplier_years", "updated_at", "created_at") values (Per Hour, Hourly salary payment, 0, 1, 0, 1, 1, 8, 173.33, 2080, 2025-08-09 10:54:00, 2025-08-09 10:54:00))

/www/wwwroot/jobportal.prus.dev/vendor/laravel/framework/src/Illuminate/Database/Connection.php:822
/www/wwwroot/jobportal.prus.dev/vendor/laravel/framework/src/Illuminate/Database/Connection.php:776
/www/wwwroot/jobportal.prus.dev/vendor/laravel/framework/src/Illuminate/Database/Connection.php:557
/www/wwwroot/jobportal.prus.dev/vendor/laravel/framework/src/Illuminate/Database/Connection.php:521
/www/wwwroot/jobportal.prus.dev/vendor/laravel/framework/src/Illuminate/Database/Query/Processors/Processor.php:32
/www/wwwroot/jobportal.prus.dev/vendor/laravel/framework/src/Illuminate/Database/Query/Builder.php:3796
/www/wwwroot/jobportal.prus.dev/vendor/laravel/framework/src/Illuminate/Database/Eloquent/Builder.php:2205
/www/wwwroot/jobportal.prus.dev/vendor/laravel/framework/src/Illuminate/Database/Eloquent/Model.php:1408
/www/wwwroot/jobportal.prus.dev/vendor/laravel/framework/src/Illuminate/Database/Eloquent/Model.php:1373
/www/wwwroot/jobportal.prus.dev/vendor/laravel/framework/src/Illuminate/Database/Eloquent/Model.php:1212
/www/wwwroot/jobportal.prus.dev/vendor/laravel/framework/src/Illuminate/Database/Eloquent/Factories/Factory.php:351
/www/wwwroot/jobportal.prus.dev/vendor/laravel/framework/src/Illuminate/Collections/Traits/EnumeratesValues.php:271
/www/wwwroot/jobportal.prus.dev/vendor/laravel/framework/src/Illuminate/Database/Eloquent/Factories/Factory.php:346
/www/wwwroot/jobportal.prus.dev/vendor/laravel/framework/src/Illuminate/Database/Eloquent/Factories/Factory.php:302
/www/wwwroot/jobportal.prus.dev/vendor/laravel/framework/src/Illuminate/Database/Eloquent/Factories/Factory.php:296
/www/wwwroot/jobportal.prus.dev/tests/Unit/Models/SalaryPeriodTest.php:39</error>
        </testcase>
        <testcase name="convert_to_yearly_calculates_correctly" file="/www/wwwroot/jobportal.prus.dev/tests/Unit/Models/SalaryPeriodTest.php" line="531" class="Tests\Unit\Models\SalaryPeriodTest" classname="Tests.Unit.Models.SalaryPeriodTest" assertions="0" time="0.000000">
          <error type="Illuminate\Database\QueryException">Tests\Unit\Models\SalaryPeriodTest::convert_to_yearly_calculates_correctly
Illuminate\Database\QueryException: SQLSTATE[HY000]: General error: 1 table salary_periods has no column named is_active (Connection: sqlite, SQL: insert into "salary_periods" ("period", "description", "is_default", "is_active", "is_featured", "sort_order", "multiplier_hours", "multiplier_days", "multiplier_months", "multiplier_years", "updated_at", "created_at") values (Per Hour, Hourly salary payment, 0, 1, 0, 1, 1, 8, 173.33, 2080, 2025-08-09 10:54:01, 2025-08-09 10:54:01))

/www/wwwroot/jobportal.prus.dev/vendor/laravel/framework/src/Illuminate/Database/Connection.php:822
/www/wwwroot/jobportal.prus.dev/vendor/laravel/framework/src/Illuminate/Database/Connection.php:776
/www/wwwroot/jobportal.prus.dev/vendor/laravel/framework/src/Illuminate/Database/Connection.php:557
/www/wwwroot/jobportal.prus.dev/vendor/laravel/framework/src/Illuminate/Database/Connection.php:521
/www/wwwroot/jobportal.prus.dev/vendor/laravel/framework/src/Illuminate/Database/Query/Processors/Processor.php:32
/www/wwwroot/jobportal.prus.dev/vendor/laravel/framework/src/Illuminate/Database/Query/Builder.php:3796
/www/wwwroot/jobportal.prus.dev/vendor/laravel/framework/src/Illuminate/Database/Eloquent/Builder.php:2205
/www/wwwroot/jobportal.prus.dev/vendor/laravel/framework/src/Illuminate/Database/Eloquent/Model.php:1408
/www/wwwroot/jobportal.prus.dev/vendor/laravel/framework/src/Illuminate/Database/Eloquent/Model.php:1373
/www/wwwroot/jobportal.prus.dev/vendor/laravel/framework/src/Illuminate/Database/Eloquent/Model.php:1212
/www/wwwroot/jobportal.prus.dev/vendor/laravel/framework/src/Illuminate/Database/Eloquent/Factories/Factory.php:351
/www/wwwroot/jobportal.prus.dev/vendor/laravel/framework/src/Illuminate/Collections/Traits/EnumeratesValues.php:271
/www/wwwroot/jobportal.prus.dev/vendor/laravel/framework/src/Illuminate/Database/Eloquent/Factories/Factory.php:346
/www/wwwroot/jobportal.prus.dev/vendor/laravel/framework/src/Illuminate/Database/Eloquent/Factories/Factory.php:302
/www/wwwroot/jobportal.prus.dev/vendor/laravel/framework/src/Illuminate/Database/Eloquent/Factories/Factory.php:296
/www/wwwroot/jobportal.prus.dev/tests/Unit/Models/SalaryPeriodTest.php:39</error>
        </testcase>
        <testcase name="convert_to_monthly_calculates_correctly" file="/www/wwwroot/jobportal.prus.dev/tests/Unit/Models/SalaryPeriodTest.php" line="547" class="Tests\Unit\Models\SalaryPeriodTest" classname="Tests.Unit.Models.SalaryPeriodTest" assertions="0" time="0.000000">
          <error type="Illuminate\Database\QueryException">Tests\Unit\Models\SalaryPeriodTest::convert_to_monthly_calculates_correctly
Illuminate\Database\QueryException: SQLSTATE[HY000]: General error: 1 table salary_periods has no column named is_active (Connection: sqlite, SQL: insert into "salary_periods" ("period", "description", "is_default", "is_active", "is_featured", "sort_order", "multiplier_hours", "multiplier_days", "multiplier_months", "multiplier_years", "updated_at", "created_at") values (Per Hour, Hourly salary payment, 0, 1, 0, 1, 1, 8, 173.33, 2080, 2025-08-09 10:54:01, 2025-08-09 10:54:01))

/www/wwwroot/jobportal.prus.dev/vendor/laravel/framework/src/Illuminate/Database/Connection.php:822
/www/wwwroot/jobportal.prus.dev/vendor/laravel/framework/src/Illuminate/Database/Connection.php:776
/www/wwwroot/jobportal.prus.dev/vendor/laravel/framework/src/Illuminate/Database/Connection.php:557
/www/wwwroot/jobportal.prus.dev/vendor/laravel/framework/src/Illuminate/Database/Connection.php:521
/www/wwwroot/jobportal.prus.dev/vendor/laravel/framework/src/Illuminate/Database/Query/Processors/Processor.php:32
/www/wwwroot/jobportal.prus.dev/vendor/laravel/framework/src/Illuminate/Database/Query/Builder.php:3796
/www/wwwroot/jobportal.prus.dev/vendor/laravel/framework/src/Illuminate/Database/Eloquent/Builder.php:2205
/www/wwwroot/jobportal.prus.dev/vendor/laravel/framework/src/Illuminate/Database/Eloquent/Model.php:1408
/www/wwwroot/jobportal.prus.dev/vendor/laravel/framework/src/Illuminate/Database/Eloquent/Model.php:1373
/www/wwwroot/jobportal.prus.dev/vendor/laravel/framework/src/Illuminate/Database/Eloquent/Model.php:1212
/www/wwwroot/jobportal.prus.dev/vendor/laravel/framework/src/Illuminate/Database/Eloquent/Factories/Factory.php:351
/www/wwwroot/jobportal.prus.dev/vendor/laravel/framework/src/Illuminate/Collections/Traits/EnumeratesValues.php:271
/www/wwwroot/jobportal.prus.dev/vendor/laravel/framework/src/Illuminate/Database/Eloquent/Factories/Factory.php:346
/www/wwwroot/jobportal.prus.dev/vendor/laravel/framework/src/Illuminate/Database/Eloquent/Factories/Factory.php:302
/www/wwwroot/jobportal.prus.dev/vendor/laravel/framework/src/Illuminate/Database/Eloquent/Factories/Factory.php:296
/www/wwwroot/jobportal.prus.dev/tests/Unit/Models/SalaryPeriodTest.php:39</error>
        </testcase>
        <testcase name="convert_to_hourly_calculates_correctly" file="/www/wwwroot/jobportal.prus.dev/tests/Unit/Models/SalaryPeriodTest.php" line="555" class="Tests\Unit\Models\SalaryPeriodTest" classname="Tests.Unit.Models.SalaryPeriodTest" assertions="0" time="0.000000">
          <error type="Illuminate\Database\QueryException">Tests\Unit\Models\SalaryPeriodTest::convert_to_hourly_calculates_correctly
Illuminate\Database\QueryException: SQLSTATE[HY000]: General error: 1 table salary_periods has no column named is_active (Connection: sqlite, SQL: insert into "salary_periods" ("period", "description", "is_default", "is_active", "is_featured", "sort_order", "multiplier_hours", "multiplier_days", "multiplier_months", "multiplier_years", "updated_at", "created_at") values (Per Hour, Hourly salary payment, 0, 1, 0, 1, 1, 8, 173.33, 2080, 2025-08-09 10:54:02, 2025-08-09 10:54:02))

/www/wwwroot/jobportal.prus.dev/vendor/laravel/framework/src/Illuminate/Database/Connection.php:822
/www/wwwroot/jobportal.prus.dev/vendor/laravel/framework/src/Illuminate/Database/Connection.php:776
/www/wwwroot/jobportal.prus.dev/vendor/laravel/framework/src/Illuminate/Database/Connection.php:557
/www/wwwroot/jobportal.prus.dev/vendor/laravel/framework/src/Illuminate/Database/Connection.php:521
/www/wwwroot/jobportal.prus.dev/vendor/laravel/framework/src/Illuminate/Database/Query/Processors/Processor.php:32
/www/wwwroot/jobportal.prus.dev/vendor/laravel/framework/src/Illuminate/Database/Query/Builder.php:3796
/www/wwwroot/jobportal.prus.dev/vendor/laravel/framework/src/Illuminate/Database/Eloquent/Builder.php:2205
/www/wwwroot/jobportal.prus.dev/vendor/laravel/framework/src/Illuminate/Database/Eloquent/Model.php:1408
/www/wwwroot/jobportal.prus.dev/vendor/laravel/framework/src/Illuminate/Database/Eloquent/Model.php:1373
/www/wwwroot/jobportal.prus.dev/vendor/laravel/framework/src/Illuminate/Database/Eloquent/Model.php:1212
/www/wwwroot/jobportal.prus.dev/vendor/laravel/framework/src/Illuminate/Database/Eloquent/Factories/Factory.php:351
/www/wwwroot/jobportal.prus.dev/vendor/laravel/framework/src/Illuminate/Collections/Traits/EnumeratesValues.php:271
/www/wwwroot/jobportal.prus.dev/vendor/laravel/framework/src/Illuminate/Database/Eloquent/Factories/Factory.php:346
/www/wwwroot/jobportal.prus.dev/vendor/laravel/framework/src/Illuminate/Database/Eloquent/Factories/Factory.php:302
/www/wwwroot/jobportal.prus.dev/vendor/laravel/framework/src/Illuminate/Database/Eloquent/Factories/Factory.php:296
/www/wwwroot/jobportal.prus.dev/tests/Unit/Models/SalaryPeriodTest.php:39</error>
        </testcase>
        <testcase name="get_cached_active_returns_cached_results" file="/www/wwwroot/jobportal.prus.dev/tests/Unit/Models/SalaryPeriodTest.php" line="571" class="Tests\Unit\Models\SalaryPeriodTest" classname="Tests.Unit.Models.SalaryPeriodTest" assertions="0" time="0.000000">
          <error type="Illuminate\Database\QueryException">Tests\Unit\Models\SalaryPeriodTest::get_cached_active_returns_cached_results
Illuminate\Database\QueryException: SQLSTATE[HY000]: General error: 1 table salary_periods has no column named is_active (Connection: sqlite, SQL: insert into "salary_periods" ("period", "description", "is_default", "is_active", "is_featured", "sort_order", "multiplier_hours", "multiplier_days", "multiplier_months", "multiplier_years", "updated_at", "created_at") values (Per Hour, Hourly salary payment, 0, 1, 0, 1, 1, 8, 173.33, 2080, 2025-08-09 10:54:03, 2025-08-09 10:54:03))

/www/wwwroot/jobportal.prus.dev/vendor/laravel/framework/src/Illuminate/Database/Connection.php:822
/www/wwwroot/jobportal.prus.dev/vendor/laravel/framework/src/Illuminate/Database/Connection.php:776
/www/wwwroot/jobportal.prus.dev/vendor/laravel/framework/src/Illuminate/Database/Connection.php:557
/www/wwwroot/jobportal.prus.dev/vendor/laravel/framework/src/Illuminate/Database/Connection.php:521
/www/wwwroot/jobportal.prus.dev/vendor/laravel/framework/src/Illuminate/Database/Query/Processors/Processor.php:32
/www/wwwroot/jobportal.prus.dev/vendor/laravel/framework/src/Illuminate/Database/Query/Builder.php:3796
/www/wwwroot/jobportal.prus.dev/vendor/laravel/framework/src/Illuminate/Database/Eloquent/Builder.php:2205
/www/wwwroot/jobportal.prus.dev/vendor/laravel/framework/src/Illuminate/Database/Eloquent/Model.php:1408
/www/wwwroot/jobportal.prus.dev/vendor/laravel/framework/src/Illuminate/Database/Eloquent/Model.php:1373
/www/wwwroot/jobportal.prus.dev/vendor/laravel/framework/src/Illuminate/Database/Eloquent/Model.php:1212
/www/wwwroot/jobportal.prus.dev/vendor/laravel/framework/src/Illuminate/Database/Eloquent/Factories/Factory.php:351
/www/wwwroot/jobportal.prus.dev/vendor/laravel/framework/src/Illuminate/Collections/Traits/EnumeratesValues.php:271
/www/wwwroot/jobportal.prus.dev/vendor/laravel/framework/src/Illuminate/Database/Eloquent/Factories/Factory.php:346
/www/wwwroot/jobportal.prus.dev/vendor/laravel/framework/src/Illuminate/Database/Eloquent/Factories/Factory.php:302
/www/wwwroot/jobportal.prus.dev/vendor/laravel/framework/src/Illuminate/Database/Eloquent/Factories/Factory.php:296
/www/wwwroot/jobportal.prus.dev/tests/Unit/Models/SalaryPeriodTest.php:39</error>
        </testcase>
        <testcase name="get_cached_featured_returns_cached_results" file="/www/wwwroot/jobportal.prus.dev/tests/Unit/Models/SalaryPeriodTest.php" line="584" class="Tests\Unit\Models\SalaryPeriodTest" classname="Tests.Unit.Models.SalaryPeriodTest" assertions="0" time="0.000000">
          <error type="Illuminate\Database\QueryException">Tests\Unit\Models\SalaryPeriodTest::get_cached_featured_returns_cached_results
Illuminate\Database\QueryException: SQLSTATE[HY000]: General error: 1 table salary_periods has no column named is_active (Connection: sqlite, SQL: insert into "salary_periods" ("period", "description", "is_default", "is_active", "is_featured", "sort_order", "multiplier_hours", "multiplier_days", "multiplier_months", "multiplier_years", "updated_at", "created_at") values (Per Hour, Hourly salary payment, 0, 1, 0, 1, 1, 8, 173.33, 2080, 2025-08-09 10:54:04, 2025-08-09 10:54:04))

/www/wwwroot/jobportal.prus.dev/vendor/laravel/framework/src/Illuminate/Database/Connection.php:822
/www/wwwroot/jobportal.prus.dev/vendor/laravel/framework/src/Illuminate/Database/Connection.php:776
/www/wwwroot/jobportal.prus.dev/vendor/laravel/framework/src/Illuminate/Database/Connection.php:557
/www/wwwroot/jobportal.prus.dev/vendor/laravel/framework/src/Illuminate/Database/Connection.php:521
/www/wwwroot/jobportal.prus.dev/vendor/laravel/framework/src/Illuminate/Database/Query/Processors/Processor.php:32
/www/wwwroot/jobportal.prus.dev/vendor/laravel/framework/src/Illuminate/Database/Query/Builder.php:3796
/www/wwwroot/jobportal.prus.dev/vendor/laravel/framework/src/Illuminate/Database/Eloquent/Builder.php:2205
/www/wwwroot/jobportal.prus.dev/vendor/laravel/framework/src/Illuminate/Database/Eloquent/Model.php:1408
/www/wwwroot/jobportal.prus.dev/vendor/laravel/framework/src/Illuminate/Database/Eloquent/Model.php:1373
/www/wwwroot/jobportal.prus.dev/vendor/laravel/framework/src/Illuminate/Database/Eloquent/Model.php:1212
/www/wwwroot/jobportal.prus.dev/vendor/laravel/framework/src/Illuminate/Database/Eloquent/Factories/Factory.php:351
/www/wwwroot/jobportal.prus.dev/vendor/laravel/framework/src/Illuminate/Collections/Traits/EnumeratesValues.php:271
/www/wwwroot/jobportal.prus.dev/vendor/laravel/framework/src/Illuminate/Database/Eloquent/Factories/Factory.php:346
/www/wwwroot/jobportal.prus.dev/vendor/laravel/framework/src/Illuminate/Database/Eloquent/Factories/Factory.php:302
/www/wwwroot/jobportal.prus.dev/vendor/laravel/framework/src/Illuminate/Database/Eloquent/Factories/Factory.php:296
/www/wwwroot/jobportal.prus.dev/tests/Unit/Models/SalaryPeriodTest.php:39</error>
        </testcase>
        <testcase name="get_cached_by_type_returns_cached_results" file="/www/wwwroot/jobportal.prus.dev/tests/Unit/Models/SalaryPeriodTest.php" line="597" class="Tests\Unit\Models\SalaryPeriodTest" classname="Tests.Unit.Models.SalaryPeriodTest" assertions="0" time="0.000000">
          <error type="Illuminate\Database\QueryException">Tests\Unit\Models\SalaryPeriodTest::get_cached_by_type_returns_cached_results
Illuminate\Database\QueryException: SQLSTATE[HY000]: General error: 1 table salary_periods has no column named is_active (Connection: sqlite, SQL: insert into "salary_periods" ("period", "description", "is_default", "is_active", "is_featured", "sort_order", "multiplier_hours", "multiplier_days", "multiplier_months", "multiplier_years", "updated_at", "created_at") values (Per Hour, Hourly salary payment, 0, 1, 0, 1, 1, 8, 173.33, 2080, 2025-08-09 10:54:04, 2025-08-09 10:54:04))

/www/wwwroot/jobportal.prus.dev/vendor/laravel/framework/src/Illuminate/Database/Connection.php:822
/www/wwwroot/jobportal.prus.dev/vendor/laravel/framework/src/Illuminate/Database/Connection.php:776
/www/wwwroot/jobportal.prus.dev/vendor/laravel/framework/src/Illuminate/Database/Connection.php:557
/www/wwwroot/jobportal.prus.dev/vendor/laravel/framework/src/Illuminate/Database/Connection.php:521
/www/wwwroot/jobportal.prus.dev/vendor/laravel/framework/src/Illuminate/Database/Query/Processors/Processor.php:32
/www/wwwroot/jobportal.prus.dev/vendor/laravel/framework/src/Illuminate/Database/Query/Builder.php:3796
/www/wwwroot/jobportal.prus.dev/vendor/laravel/framework/src/Illuminate/Database/Eloquent/Builder.php:2205
/www/wwwroot/jobportal.prus.dev/vendor/laravel/framework/src/Illuminate/Database/Eloquent/Model.php:1408
/www/wwwroot/jobportal.prus.dev/vendor/laravel/framework/src/Illuminate/Database/Eloquent/Model.php:1373
/www/wwwroot/jobportal.prus.dev/vendor/laravel/framework/src/Illuminate/Database/Eloquent/Model.php:1212
/www/wwwroot/jobportal.prus.dev/vendor/laravel/framework/src/Illuminate/Database/Eloquent/Factories/Factory.php:351
/www/wwwroot/jobportal.prus.dev/vendor/laravel/framework/src/Illuminate/Collections/Traits/EnumeratesValues.php:271
/www/wwwroot/jobportal.prus.dev/vendor/laravel/framework/src/Illuminate/Database/Eloquent/Factories/Factory.php:346
/www/wwwroot/jobportal.prus.dev/vendor/laravel/framework/src/Illuminate/Database/Eloquent/Factories/Factory.php:302
/www/wwwroot/jobportal.prus.dev/vendor/laravel/framework/src/Illuminate/Database/Eloquent/Factories/Factory.php:296
/www/wwwroot/jobportal.prus.dev/tests/Unit/Models/SalaryPeriodTest.php:39</error>
        </testcase>
        <testcase name="clear_caches_removes_related_cache_keys" file="/www/wwwroot/jobportal.prus.dev/tests/Unit/Models/SalaryPeriodTest.php" line="608" class="Tests\Unit\Models\SalaryPeriodTest" classname="Tests.Unit.Models.SalaryPeriodTest" assertions="0" time="0.000000">
          <error type="Illuminate\Database\QueryException">Tests\Unit\Models\SalaryPeriodTest::clear_caches_removes_related_cache_keys
Illuminate\Database\QueryException: SQLSTATE[HY000]: General error: 1 table salary_periods has no column named is_active (Connection: sqlite, SQL: insert into "salary_periods" ("period", "description", "is_default", "is_active", "is_featured", "sort_order", "multiplier_hours", "multiplier_days", "multiplier_months", "multiplier_years", "updated_at", "created_at") values (Per Hour, Hourly salary payment, 0, 1, 0, 1, 1, 8, 173.33, 2080, 2025-08-09 10:54:05, 2025-08-09 10:54:05))

/www/wwwroot/jobportal.prus.dev/vendor/laravel/framework/src/Illuminate/Database/Connection.php:822
/www/wwwroot/jobportal.prus.dev/vendor/laravel/framework/src/Illuminate/Database/Connection.php:776
/www/wwwroot/jobportal.prus.dev/vendor/laravel/framework/src/Illuminate/Database/Connection.php:557
/www/wwwroot/jobportal.prus.dev/vendor/laravel/framework/src/Illuminate/Database/Connection.php:521
/www/wwwroot/jobportal.prus.dev/vendor/laravel/framework/src/Illuminate/Database/Query/Processors/Processor.php:32
/www/wwwroot/jobportal.prus.dev/vendor/laravel/framework/src/Illuminate/Database/Query/Builder.php:3796
/www/wwwroot/jobportal.prus.dev/vendor/laravel/framework/src/Illuminate/Database/Eloquent/Builder.php:2205
/www/wwwroot/jobportal.prus.dev/vendor/laravel/framework/src/Illuminate/Database/Eloquent/Model.php:1408
/www/wwwroot/jobportal.prus.dev/vendor/laravel/framework/src/Illuminate/Database/Eloquent/Model.php:1373
/www/wwwroot/jobportal.prus.dev/vendor/laravel/framework/src/Illuminate/Database/Eloquent/Model.php:1212
/www/wwwroot/jobportal.prus.dev/vendor/laravel/framework/src/Illuminate/Database/Eloquent/Factories/Factory.php:351
/www/wwwroot/jobportal.prus.dev/vendor/laravel/framework/src/Illuminate/Collections/Traits/EnumeratesValues.php:271
/www/wwwroot/jobportal.prus.dev/vendor/laravel/framework/src/Illuminate/Database/Eloquent/Factories/Factory.php:346
/www/wwwroot/jobportal.prus.dev/vendor/laravel/framework/src/Illuminate/Database/Eloquent/Factories/Factory.php:302
/www/wwwroot/jobportal.prus.dev/vendor/laravel/framework/src/Illuminate/Database/Eloquent/Factories/Factory.php:296
/www/wwwroot/jobportal.prus.dev/tests/Unit/Models/SalaryPeriodTest.php:39</error>
        </testcase>
        <testcase name="validation_rules_are_correctly_defined" file="/www/wwwroot/jobportal.prus.dev/tests/Unit/Models/SalaryPeriodTest.php" line="627" class="Tests\Unit\Models\SalaryPeriodTest" classname="Tests.Unit.Models.SalaryPeriodTest" assertions="0" time="0.000000">
          <error type="Illuminate\Database\QueryException">Tests\Unit\Models\SalaryPeriodTest::validation_rules_are_correctly_defined
Illuminate\Database\QueryException: SQLSTATE[HY000]: General error: 1 table salary_periods has no column named is_active (Connection: sqlite, SQL: insert into "salary_periods" ("period", "description", "is_default", "is_active", "is_featured", "sort_order", "multiplier_hours", "multiplier_days", "multiplier_months", "multiplier_years", "updated_at", "created_at") values (Per Hour, Hourly salary payment, 0, 1, 0, 1, 1, 8, 173.33, 2080, 2025-08-09 10:54:06, 2025-08-09 10:54:06))

/www/wwwroot/jobportal.prus.dev/vendor/laravel/framework/src/Illuminate/Database/Connection.php:822
/www/wwwroot/jobportal.prus.dev/vendor/laravel/framework/src/Illuminate/Database/Connection.php:776
/www/wwwroot/jobportal.prus.dev/vendor/laravel/framework/src/Illuminate/Database/Connection.php:557
/www/wwwroot/jobportal.prus.dev/vendor/laravel/framework/src/Illuminate/Database/Connection.php:521
/www/wwwroot/jobportal.prus.dev/vendor/laravel/framework/src/Illuminate/Database/Query/Processors/Processor.php:32
/www/wwwroot/jobportal.prus.dev/vendor/laravel/framework/src/Illuminate/Database/Query/Builder.php:3796
/www/wwwroot/jobportal.prus.dev/vendor/laravel/framework/src/Illuminate/Database/Eloquent/Builder.php:2205
/www/wwwroot/jobportal.prus.dev/vendor/laravel/framework/src/Illuminate/Database/Eloquent/Model.php:1408
/www/wwwroot/jobportal.prus.dev/vendor/laravel/framework/src/Illuminate/Database/Eloquent/Model.php:1373
/www/wwwroot/jobportal.prus.dev/vendor/laravel/framework/src/Illuminate/Database/Eloquent/Model.php:1212
/www/wwwroot/jobportal.prus.dev/vendor/laravel/framework/src/Illuminate/Database/Eloquent/Factories/Factory.php:351
/www/wwwroot/jobportal.prus.dev/vendor/laravel/framework/src/Illuminate/Collections/Traits/EnumeratesValues.php:271
/www/wwwroot/jobportal.prus.dev/vendor/laravel/framework/src/Illuminate/Database/Eloquent/Factories/Factory.php:346
/www/wwwroot/jobportal.prus.dev/vendor/laravel/framework/src/Illuminate/Database/Eloquent/Factories/Factory.php:302
/www/wwwroot/jobportal.prus.dev/vendor/laravel/framework/src/Illuminate/Database/Eloquent/Factories/Factory.php:296
/www/wwwroot/jobportal.prus.dev/tests/Unit/Models/SalaryPeriodTest.php:39</error>
        </testcase>
        <testcase name="update_rules_exclude_current_period_from_unique_check" file="/www/wwwroot/jobportal.prus.dev/tests/Unit/Models/SalaryPeriodTest.php" line="646" class="Tests\Unit\Models\SalaryPeriodTest" classname="Tests.Unit.Models.SalaryPeriodTest" assertions="0" time="0.000000">
          <error type="Illuminate\Database\QueryException">Tests\Unit\Models\SalaryPeriodTest::update_rules_exclude_current_period_from_unique_check
Illuminate\Database\QueryException: SQLSTATE[HY000]: General error: 1 table salary_periods has no column named is_active (Connection: sqlite, SQL: insert into "salary_periods" ("period", "description", "is_default", "is_active", "is_featured", "sort_order", "multiplier_hours", "multiplier_days", "multiplier_months", "multiplier_years", "updated_at", "created_at") values (Per Hour, Hourly salary payment, 0, 1, 0, 1, 1, 8, 173.33, 2080, 2025-08-09 10:54:06, 2025-08-09 10:54:06))

/www/wwwroot/jobportal.prus.dev/vendor/laravel/framework/src/Illuminate/Database/Connection.php:822
/www/wwwroot/jobportal.prus.dev/vendor/laravel/framework/src/Illuminate/Database/Connection.php:776
/www/wwwroot/jobportal.prus.dev/vendor/laravel/framework/src/Illuminate/Database/Connection.php:557
/www/wwwroot/jobportal.prus.dev/vendor/laravel/framework/src/Illuminate/Database/Connection.php:521
/www/wwwroot/jobportal.prus.dev/vendor/laravel/framework/src/Illuminate/Database/Query/Processors/Processor.php:32
/www/wwwroot/jobportal.prus.dev/vendor/laravel/framework/src/Illuminate/Database/Query/Builder.php:3796
/www/wwwroot/jobportal.prus.dev/vendor/laravel/framework/src/Illuminate/Database/Eloquent/Builder.php:2205
/www/wwwroot/jobportal.prus.dev/vendor/laravel/framework/src/Illuminate/Database/Eloquent/Model.php:1408
/www/wwwroot/jobportal.prus.dev/vendor/laravel/framework/src/Illuminate/Database/Eloquent/Model.php:1373
/www/wwwroot/jobportal.prus.dev/vendor/laravel/framework/src/Illuminate/Database/Eloquent/Model.php:1212
/www/wwwroot/jobportal.prus.dev/vendor/laravel/framework/src/Illuminate/Database/Eloquent/Factories/Factory.php:351
/www/wwwroot/jobportal.prus.dev/vendor/laravel/framework/src/Illuminate/Collections/Traits/EnumeratesValues.php:271
/www/wwwroot/jobportal.prus.dev/vendor/laravel/framework/src/Illuminate/Database/Eloquent/Factories/Factory.php:346
/www/wwwroot/jobportal.prus.dev/vendor/laravel/framework/src/Illuminate/Database/Eloquent/Factories/Factory.php:302
/www/wwwroot/jobportal.prus.dev/vendor/laravel/framework/src/Illuminate/Database/Eloquent/Factories/Factory.php:296
/www/wwwroot/jobportal.prus.dev/tests/Unit/Models/SalaryPeriodTest.php:39</error>
        </testcase>
        <testcase name="jobs_count_attribute_returns_cached_count" file="/www/wwwroot/jobportal.prus.dev/tests/Unit/Models/SalaryPeriodTest.php" line="658" class="Tests\Unit\Models\SalaryPeriodTest" classname="Tests.Unit.Models.SalaryPeriodTest" assertions="0" time="0.000000">
          <error type="Illuminate\Database\QueryException">Tests\Unit\Models\SalaryPeriodTest::jobs_count_attribute_returns_cached_count
Illuminate\Database\QueryException: SQLSTATE[HY000]: General error: 1 table salary_periods has no column named is_active (Connection: sqlite, SQL: insert into "salary_periods" ("period", "description", "is_default", "is_active", "is_featured", "sort_order", "multiplier_hours", "multiplier_days", "multiplier_months", "multiplier_years", "updated_at", "created_at") values (Per Hour, Hourly salary payment, 0, 1, 0, 1, 1, 8, 173.33, 2080, 2025-08-09 10:54:07, 2025-08-09 10:54:07))

/www/wwwroot/jobportal.prus.dev/vendor/laravel/framework/src/Illuminate/Database/Connection.php:822
/www/wwwroot/jobportal.prus.dev/vendor/laravel/framework/src/Illuminate/Database/Connection.php:776
/www/wwwroot/jobportal.prus.dev/vendor/laravel/framework/src/Illuminate/Database/Connection.php:557
/www/wwwroot/jobportal.prus.dev/vendor/laravel/framework/src/Illuminate/Database/Connection.php:521
/www/wwwroot/jobportal.prus.dev/vendor/laravel/framework/src/Illuminate/Database/Query/Processors/Processor.php:32
/www/wwwroot/jobportal.prus.dev/vendor/laravel/framework/src/Illuminate/Database/Query/Builder.php:3796
/www/wwwroot/jobportal.prus.dev/vendor/laravel/framework/src/Illuminate/Database/Eloquent/Builder.php:2205
/www/wwwroot/jobportal.prus.dev/vendor/laravel/framework/src/Illuminate/Database/Eloquent/Model.php:1408
/www/wwwroot/jobportal.prus.dev/vendor/laravel/framework/src/Illuminate/Database/Eloquent/Model.php:1373
/www/wwwroot/jobportal.prus.dev/vendor/laravel/framework/src/Illuminate/Database/Eloquent/Model.php:1212
/www/wwwroot/jobportal.prus.dev/vendor/laravel/framework/src/Illuminate/Database/Eloquent/Factories/Factory.php:351
/www/wwwroot/jobportal.prus.dev/vendor/laravel/framework/src/Illuminate/Collections/Traits/EnumeratesValues.php:271
/www/wwwroot/jobportal.prus.dev/vendor/laravel/framework/src/Illuminate/Database/Eloquent/Factories/Factory.php:346
/www/wwwroot/jobportal.prus.dev/vendor/laravel/framework/src/Illuminate/Database/Eloquent/Factories/Factory.php:302
/www/wwwroot/jobportal.prus.dev/vendor/laravel/framework/src/Illuminate/Database/Eloquent/Factories/Factory.php:296
/www/wwwroot/jobportal.prus.dev/tests/Unit/Models/SalaryPeriodTest.php:39</error>
        </testcase>
        <testcase name="active_jobs_count_attribute_returns_cached_count" file="/www/wwwroot/jobportal.prus.dev/tests/Unit/Models/SalaryPeriodTest.php" line="669" class="Tests\Unit\Models\SalaryPeriodTest" classname="Tests.Unit.Models.SalaryPeriodTest" assertions="0" time="0.000000">
          <error type="Illuminate\Database\QueryException">Tests\Unit\Models\SalaryPeriodTest::active_jobs_count_attribute_returns_cached_count
Illuminate\Database\QueryException: SQLSTATE[HY000]: General error: 1 table salary_periods has no column named is_active (Connection: sqlite, SQL: insert into "salary_periods" ("period", "description", "is_default", "is_active", "is_featured", "sort_order", "multiplier_hours", "multiplier_days", "multiplier_months", "multiplier_years", "updated_at", "created_at") values (Per Hour, Hourly salary payment, 0, 1, 0, 1, 1, 8, 173.33, 2080, 2025-08-09 10:54:08, 2025-08-09 10:54:08))

/www/wwwroot/jobportal.prus.dev/vendor/laravel/framework/src/Illuminate/Database/Connection.php:822
/www/wwwroot/jobportal.prus.dev/vendor/laravel/framework/src/Illuminate/Database/Connection.php:776
/www/wwwroot/jobportal.prus.dev/vendor/laravel/framework/src/Illuminate/Database/Connection.php:557
/www/wwwroot/jobportal.prus.dev/vendor/laravel/framework/src/Illuminate/Database/Connection.php:521
/www/wwwroot/jobportal.prus.dev/vendor/laravel/framework/src/Illuminate/Database/Query/Processors/Processor.php:32
/www/wwwroot/jobportal.prus.dev/vendor/laravel/framework/src/Illuminate/Database/Query/Builder.php:3796
/www/wwwroot/jobportal.prus.dev/vendor/laravel/framework/src/Illuminate/Database/Eloquent/Builder.php:2205
/www/wwwroot/jobportal.prus.dev/vendor/laravel/framework/src/Illuminate/Database/Eloquent/Model.php:1408
/www/wwwroot/jobportal.prus.dev/vendor/laravel/framework/src/Illuminate/Database/Eloquent/Model.php:1373
/www/wwwroot/jobportal.prus.dev/vendor/laravel/framework/src/Illuminate/Database/Eloquent/Model.php:1212
/www/wwwroot/jobportal.prus.dev/vendor/laravel/framework/src/Illuminate/Database/Eloquent/Factories/Factory.php:351
/www/wwwroot/jobportal.prus.dev/vendor/laravel/framework/src/Illuminate/Collections/Traits/EnumeratesValues.php:271
/www/wwwroot/jobportal.prus.dev/vendor/laravel/framework/src/Illuminate/Database/Eloquent/Factories/Factory.php:346
/www/wwwroot/jobportal.prus.dev/vendor/laravel/framework/src/Illuminate/Database/Eloquent/Factories/Factory.php:302
/www/wwwroot/jobportal.prus.dev/vendor/laravel/framework/src/Illuminate/Database/Eloquent/Factories/Factory.php:296
/www/wwwroot/jobportal.prus.dev/tests/Unit/Models/SalaryPeriodTest.php:39</error>
        </testcase>
        <testcase name="candidates_count_attribute_returns_cached_count" file="/www/wwwroot/jobportal.prus.dev/tests/Unit/Models/SalaryPeriodTest.php" line="687" class="Tests\Unit\Models\SalaryPeriodTest" classname="Tests.Unit.Models.SalaryPeriodTest" assertions="0" time="0.000000">
          <error type="Illuminate\Database\QueryException">Tests\Unit\Models\SalaryPeriodTest::candidates_count_attribute_returns_cached_count
Illuminate\Database\QueryException: SQLSTATE[HY000]: General error: 1 table salary_periods has no column named is_active (Connection: sqlite, SQL: insert into "salary_periods" ("period", "description", "is_default", "is_active", "is_featured", "sort_order", "multiplier_hours", "multiplier_days", "multiplier_months", "multiplier_years", "updated_at", "created_at") values (Per Hour, Hourly salary payment, 0, 1, 0, 1, 1, 8, 173.33, 2080, 2025-08-09 10:54:09, 2025-08-09 10:54:09))

/www/wwwroot/jobportal.prus.dev/vendor/laravel/framework/src/Illuminate/Database/Connection.php:822
/www/wwwroot/jobportal.prus.dev/vendor/laravel/framework/src/Illuminate/Database/Connection.php:776
/www/wwwroot/jobportal.prus.dev/vendor/laravel/framework/src/Illuminate/Database/Connection.php:557
/www/wwwroot/jobportal.prus.dev/vendor/laravel/framework/src/Illuminate/Database/Connection.php:521
/www/wwwroot/jobportal.prus.dev/vendor/laravel/framework/src/Illuminate/Database/Query/Processors/Processor.php:32
/www/wwwroot/jobportal.prus.dev/vendor/laravel/framework/src/Illuminate/Database/Query/Builder.php:3796
/www/wwwroot/jobportal.prus.dev/vendor/laravel/framework/src/Illuminate/Database/Eloquent/Builder.php:2205
/www/wwwroot/jobportal.prus.dev/vendor/laravel/framework/src/Illuminate/Database/Eloquent/Model.php:1408
/www/wwwroot/jobportal.prus.dev/vendor/laravel/framework/src/Illuminate/Database/Eloquent/Model.php:1373
/www/wwwroot/jobportal.prus.dev/vendor/laravel/framework/src/Illuminate/Database/Eloquent/Model.php:1212
/www/wwwroot/jobportal.prus.dev/vendor/laravel/framework/src/Illuminate/Database/Eloquent/Factories/Factory.php:351
/www/wwwroot/jobportal.prus.dev/vendor/laravel/framework/src/Illuminate/Collections/Traits/EnumeratesValues.php:271
/www/wwwroot/jobportal.prus.dev/vendor/laravel/framework/src/Illuminate/Database/Eloquent/Factories/Factory.php:346
/www/wwwroot/jobportal.prus.dev/vendor/laravel/framework/src/Illuminate/Database/Eloquent/Factories/Factory.php:302
/www/wwwroot/jobportal.prus.dev/vendor/laravel/framework/src/Illuminate/Database/Eloquent/Factories/Factory.php:296
/www/wwwroot/jobportal.prus.dev/tests/Unit/Models/SalaryPeriodTest.php:39</error>
        </testcase>
        <testcase name="active_candidates_count_attribute_returns_cached_count" file="/www/wwwroot/jobportal.prus.dev/tests/Unit/Models/SalaryPeriodTest.php" line="698" class="Tests\Unit\Models\SalaryPeriodTest" classname="Tests.Unit.Models.SalaryPeriodTest" assertions="0" time="0.000000">
          <error type="Illuminate\Database\QueryException">Tests\Unit\Models\SalaryPeriodTest::active_candidates_count_attribute_returns_cached_count
Illuminate\Database\QueryException: SQLSTATE[HY000]: General error: 1 table salary_periods has no column named is_active (Connection: sqlite, SQL: insert into "salary_periods" ("period", "description", "is_default", "is_active", "is_featured", "sort_order", "multiplier_hours", "multiplier_days", "multiplier_months", "multiplier_years", "updated_at", "created_at") values (Per Hour, Hourly salary payment, 0, 1, 0, 1, 1, 8, 173.33, 2080, 2025-08-09 10:54:09, 2025-08-09 10:54:09))

/www/wwwroot/jobportal.prus.dev/vendor/laravel/framework/src/Illuminate/Database/Connection.php:822
/www/wwwroot/jobportal.prus.dev/vendor/laravel/framework/src/Illuminate/Database/Connection.php:776
/www/wwwroot/jobportal.prus.dev/vendor/laravel/framework/src/Illuminate/Database/Connection.php:557
/www/wwwroot/jobportal.prus.dev/vendor/laravel/framework/src/Illuminate/Database/Connection.php:521
/www/wwwroot/jobportal.prus.dev/vendor/laravel/framework/src/Illuminate/Database/Query/Processors/Processor.php:32
/www/wwwroot/jobportal.prus.dev/vendor/laravel/framework/src/Illuminate/Database/Query/Builder.php:3796
/www/wwwroot/jobportal.prus.dev/vendor/laravel/framework/src/Illuminate/Database/Eloquent/Builder.php:2205
/www/wwwroot/jobportal.prus.dev/vendor/laravel/framework/src/Illuminate/Database/Eloquent/Model.php:1408
/www/wwwroot/jobportal.prus.dev/vendor/laravel/framework/src/Illuminate/Database/Eloquent/Model.php:1373
/www/wwwroot/jobportal.prus.dev/vendor/laravel/framework/src/Illuminate/Database/Eloquent/Model.php:1212
/www/wwwroot/jobportal.prus.dev/vendor/laravel/framework/src/Illuminate/Database/Eloquent/Factories/Factory.php:351
/www/wwwroot/jobportal.prus.dev/vendor/laravel/framework/src/Illuminate/Collections/Traits/EnumeratesValues.php:271
/www/wwwroot/jobportal.prus.dev/vendor/laravel/framework/src/Illuminate/Database/Eloquent/Factories/Factory.php:346
/www/wwwroot/jobportal.prus.dev/vendor/laravel/framework/src/Illuminate/Database/Eloquent/Factories/Factory.php:302
/www/wwwroot/jobportal.prus.dev/vendor/laravel/framework/src/Illuminate/Database/Eloquent/Factories/Factory.php:296
/www/wwwroot/jobportal.prus.dev/tests/Unit/Models/SalaryPeriodTest.php:39</error>
        </testcase>
      </testsuite>
      <testsuite name="Tests\Unit\Models\SettingTest" file="/www/wwwroot/jobportal.prus.dev/tests/Unit/Models/SettingTest.php" tests="5" assertions="6" errors="1" failures="0" skipped="0" time="4.265415">
        <testcase name="it_can_be_created" file="/www/wwwroot/jobportal.prus.dev/tests/Unit/Models/SettingTest.php" line="19" class="Tests\Unit\Models\SettingTest" classname="Tests.Unit.Models.SettingTest" assertions="2" time="1.016265"/>
        <testcase name="it_has_fillable_attributes" file="/www/wwwroot/jobportal.prus.dev/tests/Unit/Models/SettingTest.php" line="30" class="Tests\Unit\Models\SettingTest" classname="Tests.Unit.Models.SettingTest" assertions="2" time="0.638967"/>
        <testcase name="it_has_proper_casts" file="/www/wwwroot/jobportal.prus.dev/tests/Unit/Models/SettingTest.php" line="40" class="Tests\Unit\Models\SettingTest" classname="Tests.Unit.Models.SettingTest" assertions="1" time="0.819862"/>
        <testcase name="it_can_be_updated" file="/www/wwwroot/jobportal.prus.dev/tests/Unit/Models/SettingTest.php" line="50" class="Tests\Unit\Models\SettingTest" classname="Tests.Unit.Models.SettingTest" assertions="0" time="0.900472">
          <error type="Illuminate\Database\Eloquent\MassAssignmentException">Tests\Unit\Models\SettingTest::it_can_be_updated
Illuminate\Database\Eloquent\MassAssignmentException: Add fillable property [rules, incrementing, preventsLazyLoading, exists, wasRecentlyCreated, snakeAttributes, encrypter, manyMethods, timestamps, usesUniqueIds, changesPipes, enableLoggingModelsEvents] to allow mass assignment on [App\Models\Setting].

/www/wwwroot/jobportal.prus.dev/vendor/laravel/framework/src/Illuminate/Database/Eloquent/Model.php:607
/www/wwwroot/jobportal.prus.dev/vendor/laravel/framework/src/Illuminate/Database/Eloquent/Model.php:1062
/www/wwwroot/jobportal.prus.dev/tests/Unit/Models/SettingTest.php:57</error>
        </testcase>
        <testcase name="it_can_be_deleted" file="/www/wwwroot/jobportal.prus.dev/tests/Unit/Models/SettingTest.php" line="65" class="Tests\Unit\Models\SettingTest" classname="Tests.Unit.Models.SettingTest" assertions="1" time="0.889850"/>
      </testsuite>
      <testsuite name="Tests\Unit\Models\SkillModelTest" file="/www/wwwroot/jobportal.prus.dev/tests/Unit/Models/SkillModelTest.php" tests="6" assertions="11" errors="0" failures="3" skipped="0" time="0.017486">
        <testcase name="it_has_correct_table_name" file="/www/wwwroot/jobportal.prus.dev/tests/Unit/Models/SkillModelTest.php" line="16" class="Tests\Unit\Models\SkillModelTest" classname="Tests.Unit.Models.SkillModelTest" assertions="1" time="0.015078"/>
        <testcase name="it_has_correct_fillable_attributes" file="/www/wwwroot/jobportal.prus.dev/tests/Unit/Models/SkillModelTest.php" line="23" class="Tests\Unit\Models\SkillModelTest" classname="Tests.Unit.Models.SkillModelTest" assertions="3" time="0.000313"/>
        <testcase name="it_has_correct_casts" file="/www/wwwroot/jobportal.prus.dev/tests/Unit/Models/SkillModelTest.php" line="40" class="Tests\Unit\Models\SkillModelTest" classname="Tests.Unit.Models.SkillModelTest" assertions="1" time="0.000565">
          <failure type="PHPUnit\Framework\ExpectationFailedException">Tests\Unit\Models\SkillModelTest::it_has_correct_casts
Failed asserting that two strings are equal.
--- Expected
+++ Actual
@@ @@
-'integer'
+'int'

/www/wwwroot/jobportal.prus.dev/tests/Unit/Models/SkillModelTest.php:53</failure>
        </testcase>
        <testcase name="it_can_be_instantiated_with_attributes" file="/www/wwwroot/jobportal.prus.dev/tests/Unit/Models/SkillModelTest.php" line="58" class="Tests\Unit\Models\SkillModelTest" classname="Tests.Unit.Models.SkillModelTest" assertions="3" time="0.000453"/>
        <testcase name="it_has_relationship_methods" file="/www/wwwroot/jobportal.prus.dev/tests/Unit/Models/SkillModelTest.php" line="72" class="Tests\Unit\Models\SkillModelTest" classname="Tests.Unit.Models.SkillModelTest" assertions="2" time="0.000427">
          <failure type="PHPUnit\Framework\ExpectationFailedException">Tests\Unit\Models\SkillModelTest::it_has_relationship_methods
Failed asserting that false is true.

/www/wwwroot/jobportal.prus.dev/tests/Unit/Models/SkillModelTest.php:78</failure>
        </testcase>
        <testcase name="it_has_validation_rules" file="/www/wwwroot/jobportal.prus.dev/tests/Unit/Models/SkillModelTest.php" line="83" class="Tests\Unit\Models\SkillModelTest" classname="Tests.Unit.Models.SkillModelTest" assertions="1" time="0.000650">
          <failure type="PHPUnit\Framework\ExpectationFailedException">Tests\Unit\Models\SkillModelTest::it_has_validation_rules
Failed asserting that two arrays are equal.
--- Expected
+++ Actual
@@ @@
 Array (
-    'name' =&gt; 'required|unique:skills,name|max:150'
+    'name' =&gt; 'required|string|max:255|unique:skills,name'
+    'description' =&gt; 'nullable|string|max:500'
+    'category' =&gt; 'nullable|string|max:100'
+    'level' =&gt; 'nullable|string|in:beginner,i...expert'
+    'is_active' =&gt; 'boolean'
+    'is_default' =&gt; 'boolean'
+    'is_featured' =&gt; 'boolean'
+    'is_technical' =&gt; 'boolean'
+    'sort_order' =&gt; 'nullable|integer|min:0'
 )

/www/wwwroot/jobportal.prus.dev/tests/Unit/Models/SkillModelTest.php:89</failure>
        </testcase>
      </testsuite>
      <testsuite name="Tests\Unit\Models\SkillTest" file="/www/wwwroot/jobportal.prus.dev/tests/Unit/Models/SkillTest.php" tests="5" assertions="7" errors="0" failures="1" skipped="0" time="4.644162">
        <testcase name="it_can_be_created" file="/www/wwwroot/jobportal.prus.dev/tests/Unit/Models/SkillTest.php" line="19" class="Tests\Unit\Models\SkillTest" classname="Tests.Unit.Models.SkillTest" assertions="2" time="0.966756"/>
        <testcase name="it_has_fillable_attributes" file="/www/wwwroot/jobportal.prus.dev/tests/Unit/Models/SkillTest.php" line="30" class="Tests\Unit\Models\SkillTest" classname="Tests.Unit.Models.SkillTest" assertions="2" time="1.043894"/>
        <testcase name="it_has_proper_casts" file="/www/wwwroot/jobportal.prus.dev/tests/Unit/Models/SkillTest.php" line="40" class="Tests\Unit\Models\SkillTest" classname="Tests.Unit.Models.SkillTest" assertions="1" time="0.884468"/>
        <testcase name="it_can_be_updated" file="/www/wwwroot/jobportal.prus.dev/tests/Unit/Models/SkillTest.php" line="50" class="Tests\Unit\Models\SkillTest" classname="Tests.Unit.Models.SkillTest" assertions="1" time="0.890670"/>
        <testcase name="it_can_be_deleted" file="/www/wwwroot/jobportal.prus.dev/tests/Unit/Models/SkillTest.php" line="65" class="Tests\Unit\Models\SkillTest" classname="Tests.Unit.Models.SkillTest" assertions="1" time="0.858374">
          <failure type="PHPUnit\Framework\ExpectationFailedException">Tests\Unit\Models\SkillTest::it_can_be_deleted
Failed asserting that a row in the table [skills] does not match the attributes {
    "id": 1
}.

Found similar results: [
    {
        "id": 1
    }
].

/www/wwwroot/jobportal.prus.dev/vendor/laravel/framework/src/Illuminate/Foundation/Testing/Concerns/InteractsWithDatabase.php:64
/www/wwwroot/jobportal.prus.dev/tests/Unit/Models/SkillTest.php:72</failure>
        </testcase>
      </testsuite>
      <testsuite name="Tests\Unit\Models\SocialAccountTest" file="/www/wwwroot/jobportal.prus.dev/tests/Unit/Models/SocialAccountTest.php" tests="5" assertions="3" errors="3" failures="0" skipped="0" time="4.071232">
        <testcase name="it_can_be_created" file="/www/wwwroot/jobportal.prus.dev/tests/Unit/Models/SocialAccountTest.php" line="19" class="Tests\Unit\Models\SocialAccountTest" classname="Tests.Unit.Models.SocialAccountTest" assertions="0" time="0.958841">
          <error type="Illuminate\Database\QueryException">Tests\Unit\Models\SocialAccountTest::it_can_be_created
Illuminate\Database\QueryException: SQLSTATE[HY000]: General error: 1 table social_accounts has no column named is_active (Connection: sqlite, SQL: insert into "social_accounts" ("user_id", "provider", "provider_id", "is_active", "updated_at", "created_at") values (3, twitter, 84623072-c79f-32db-b7b4-79158af64401, 1, 2025-08-09 10:54:19, 2025-08-09 10:54:19))

/www/wwwroot/jobportal.prus.dev/vendor/laravel/framework/src/Illuminate/Database/Connection.php:822
/www/wwwroot/jobportal.prus.dev/vendor/laravel/framework/src/Illuminate/Database/Connection.php:776
/www/wwwroot/jobportal.prus.dev/vendor/laravel/framework/src/Illuminate/Database/Connection.php:557
/www/wwwroot/jobportal.prus.dev/vendor/laravel/framework/src/Illuminate/Database/Connection.php:521
/www/wwwroot/jobportal.prus.dev/vendor/laravel/framework/src/Illuminate/Database/Query/Processors/Processor.php:32
/www/wwwroot/jobportal.prus.dev/vendor/laravel/framework/src/Illuminate/Database/Query/Builder.php:3796
/www/wwwroot/jobportal.prus.dev/vendor/laravel/framework/src/Illuminate/Database/Eloquent/Builder.php:2205
/www/wwwroot/jobportal.prus.dev/vendor/laravel/framework/src/Illuminate/Database/Eloquent/Model.php:1408
/www/wwwroot/jobportal.prus.dev/vendor/laravel/framework/src/Illuminate/Database/Eloquent/Model.php:1373
/www/wwwroot/jobportal.prus.dev/vendor/laravel/framework/src/Illuminate/Database/Eloquent/Model.php:1212
/www/wwwroot/jobportal.prus.dev/vendor/laravel/framework/src/Illuminate/Database/Eloquent/Factories/Factory.php:351
/www/wwwroot/jobportal.prus.dev/vendor/laravel/framework/src/Illuminate/Collections/Traits/EnumeratesValues.php:271
/www/wwwroot/jobportal.prus.dev/vendor/laravel/framework/src/Illuminate/Database/Eloquent/Factories/Factory.php:346
/www/wwwroot/jobportal.prus.dev/vendor/laravel/framework/src/Illuminate/Database/Eloquent/Factories/Factory.php:302
/www/wwwroot/jobportal.prus.dev/tests/Unit/Models/SocialAccountTest.php:21</error>
        </testcase>
        <testcase name="it_has_fillable_attributes" file="/www/wwwroot/jobportal.prus.dev/tests/Unit/Models/SocialAccountTest.php" line="30" class="Tests\Unit\Models\SocialAccountTest" classname="Tests.Unit.Models.SocialAccountTest" assertions="2" time="0.973565"/>
        <testcase name="it_has_proper_casts" file="/www/wwwroot/jobportal.prus.dev/tests/Unit/Models/SocialAccountTest.php" line="40" class="Tests\Unit\Models\SocialAccountTest" classname="Tests.Unit.Models.SocialAccountTest" assertions="1" time="0.775427"/>
        <testcase name="it_can_be_updated" file="/www/wwwroot/jobportal.prus.dev/tests/Unit/Models/SocialAccountTest.php" line="50" class="Tests\Unit\Models\SocialAccountTest" classname="Tests.Unit.Models.SocialAccountTest" assertions="0" time="0.538824">
          <error type="Illuminate\Database\QueryException">Tests\Unit\Models\SocialAccountTest::it_can_be_updated
Illuminate\Database\QueryException: SQLSTATE[HY000]: General error: 1 table social_accounts has no column named is_active (Connection: sqlite, SQL: insert into "social_accounts" ("user_id", "provider", "provider_id", "is_active", "updated_at", "created_at") values (3, google, 0818d285-e7e0-3f43-a51b-10c867b945ef, 1, 2025-08-09 10:54:22, 2025-08-09 10:54:22))

/www/wwwroot/jobportal.prus.dev/vendor/laravel/framework/src/Illuminate/Database/Connection.php:822
/www/wwwroot/jobportal.prus.dev/vendor/laravel/framework/src/Illuminate/Database/Connection.php:776
/www/wwwroot/jobportal.prus.dev/vendor/laravel/framework/src/Illuminate/Database/Connection.php:557
/www/wwwroot/jobportal.prus.dev/vendor/laravel/framework/src/Illuminate/Database/Connection.php:521
/www/wwwroot/jobportal.prus.dev/vendor/laravel/framework/src/Illuminate/Database/Query/Processors/Processor.php:32
/www/wwwroot/jobportal.prus.dev/vendor/laravel/framework/src/Illuminate/Database/Query/Builder.php:3796
/www/wwwroot/jobportal.prus.dev/vendor/laravel/framework/src/Illuminate/Database/Eloquent/Builder.php:2205
/www/wwwroot/jobportal.prus.dev/vendor/laravel/framework/src/Illuminate/Database/Eloquent/Model.php:1408
/www/wwwroot/jobportal.prus.dev/vendor/laravel/framework/src/Illuminate/Database/Eloquent/Model.php:1373
/www/wwwroot/jobportal.prus.dev/vendor/laravel/framework/src/Illuminate/Database/Eloquent/Model.php:1212
/www/wwwroot/jobportal.prus.dev/vendor/laravel/framework/src/Illuminate/Database/Eloquent/Factories/Factory.php:351
/www/wwwroot/jobportal.prus.dev/vendor/laravel/framework/src/Illuminate/Collections/Traits/EnumeratesValues.php:271
/www/wwwroot/jobportal.prus.dev/vendor/laravel/framework/src/Illuminate/Database/Eloquent/Factories/Factory.php:346
/www/wwwroot/jobportal.prus.dev/vendor/laravel/framework/src/Illuminate/Database/Eloquent/Factories/Factory.php:302
/www/wwwroot/jobportal.prus.dev/tests/Unit/Models/SocialAccountTest.php:52</error>
        </testcase>
        <testcase name="it_can_be_deleted" file="/www/wwwroot/jobportal.prus.dev/tests/Unit/Models/SocialAccountTest.php" line="65" class="Tests\Unit\Models\SocialAccountTest" classname="Tests.Unit.Models.SocialAccountTest" assertions="0" time="0.824575">
          <error type="Illuminate\Database\QueryException">Tests\Unit\Models\SocialAccountTest::it_can_be_deleted
Illuminate\Database\QueryException: SQLSTATE[HY000]: General error: 1 table social_accounts has no column named is_active (Connection: sqlite, SQL: insert into "social_accounts" ("user_id", "provider", "provider_id", "is_active", "updated_at", "created_at") values (1, facebook, 81b9a6ac-324a-3385-96ba-e50387084c73, 1, 2025-08-09 10:54:23, 2025-08-09 10:54:23))

/www/wwwroot/jobportal.prus.dev/vendor/laravel/framework/src/Illuminate/Database/Connection.php:822
/www/wwwroot/jobportal.prus.dev/vendor/laravel/framework/src/Illuminate/Database/Connection.php:776
/www/wwwroot/jobportal.prus.dev/vendor/laravel/framework/src/Illuminate/Database/Connection.php:557
/www/wwwroot/jobportal.prus.dev/vendor/laravel/framework/src/Illuminate/Database/Connection.php:521
/www/wwwroot/jobportal.prus.dev/vendor/laravel/framework/src/Illuminate/Database/Query/Processors/Processor.php:32
/www/wwwroot/jobportal.prus.dev/vendor/laravel/framework/src/Illuminate/Database/Query/Builder.php:3796
/www/wwwroot/jobportal.prus.dev/vendor/laravel/framework/src/Illuminate/Database/Eloquent/Builder.php:2205
/www/wwwroot/jobportal.prus.dev/vendor/laravel/framework/src/Illuminate/Database/Eloquent/Model.php:1408
/www/wwwroot/jobportal.prus.dev/vendor/laravel/framework/src/Illuminate/Database/Eloquent/Model.php:1373
/www/wwwroot/jobportal.prus.dev/vendor/laravel/framework/src/Illuminate/Database/Eloquent/Model.php:1212
/www/wwwroot/jobportal.prus.dev/vendor/laravel/framework/src/Illuminate/Database/Eloquent/Factories/Factory.php:351
/www/wwwroot/jobportal.prus.dev/vendor/laravel/framework/src/Illuminate/Collections/Traits/EnumeratesValues.php:271
/www/wwwroot/jobportal.prus.dev/vendor/laravel/framework/src/Illuminate/Database/Eloquent/Factories/Factory.php:346
/www/wwwroot/jobportal.prus.dev/vendor/laravel/framework/src/Illuminate/Database/Eloquent/Factories/Factory.php:302
/www/wwwroot/jobportal.prus.dev/tests/Unit/Models/SocialAccountTest.php:67</error>
        </testcase>
      </testsuite>
      <testsuite name="Tests\Unit\Models\StateTest" file="/www/wwwroot/jobportal.prus.dev/tests/Unit/Models/StateTest.php" tests="48" assertions="0" errors="48" failures="0" skipped="0" time="0.000000">
        <testcase name="it_can_be_created" file="/www/wwwroot/jobportal.prus.dev/tests/Unit/Models/StateTest.php" line="52" class="Tests\Unit\Models\StateTest" classname="Tests.Unit.Models.StateTest" assertions="0" time="0.000000">
          <error type="Illuminate\Database\QueryException">Tests\Unit\Models\StateTest::it_can_be_created
Illuminate\Database\QueryException: SQLSTATE[HY000]: General error: 1 table states has no column named code (Connection: sqlite, SQL: insert into "states" ("country_id", "name", "code", "is_active", "is_featured", "latitude", "longitude", "timezone", "population", "updated_at", "created_at") values (6, Test State, TS, 1, 1, 40.7128, -74.006, America/New_York, 8000000, 2025-08-09 10:54:23, 2025-08-09 10:54:23))

/www/wwwroot/jobportal.prus.dev/vendor/laravel/framework/src/Illuminate/Database/Connection.php:822
/www/wwwroot/jobportal.prus.dev/vendor/laravel/framework/src/Illuminate/Database/Connection.php:776
/www/wwwroot/jobportal.prus.dev/vendor/laravel/framework/src/Illuminate/Database/Connection.php:557
/www/wwwroot/jobportal.prus.dev/vendor/laravel/framework/src/Illuminate/Database/Connection.php:521
/www/wwwroot/jobportal.prus.dev/vendor/laravel/framework/src/Illuminate/Database/Query/Processors/Processor.php:32
/www/wwwroot/jobportal.prus.dev/vendor/laravel/framework/src/Illuminate/Database/Query/Builder.php:3796
/www/wwwroot/jobportal.prus.dev/vendor/laravel/framework/src/Illuminate/Database/Eloquent/Builder.php:2205
/www/wwwroot/jobportal.prus.dev/vendor/laravel/framework/src/Illuminate/Database/Eloquent/Model.php:1408
/www/wwwroot/jobportal.prus.dev/vendor/laravel/framework/src/Illuminate/Database/Eloquent/Model.php:1373
/www/wwwroot/jobportal.prus.dev/vendor/laravel/framework/src/Illuminate/Database/Eloquent/Model.php:1212
/www/wwwroot/jobportal.prus.dev/vendor/laravel/framework/src/Illuminate/Database/Eloquent/Factories/Factory.php:351
/www/wwwroot/jobportal.prus.dev/vendor/laravel/framework/src/Illuminate/Collections/Traits/EnumeratesValues.php:271
/www/wwwroot/jobportal.prus.dev/vendor/laravel/framework/src/Illuminate/Database/Eloquent/Factories/Factory.php:346
/www/wwwroot/jobportal.prus.dev/vendor/laravel/framework/src/Illuminate/Database/Eloquent/Factories/Factory.php:302
/www/wwwroot/jobportal.prus.dev/vendor/laravel/framework/src/Illuminate/Database/Eloquent/Factories/Factory.php:296
/www/wwwroot/jobportal.prus.dev/tests/Unit/Models/StateTest.php:38</error>
        </testcase>
        <testcase name="it_has_fillable_attributes" file="/www/wwwroot/jobportal.prus.dev/tests/Unit/Models/StateTest.php" line="63" class="Tests\Unit\Models\StateTest" classname="Tests.Unit.Models.StateTest" assertions="0" time="0.000000">
          <error type="Illuminate\Database\QueryException">Tests\Unit\Models\StateTest::it_has_fillable_attributes
Illuminate\Database\QueryException: SQLSTATE[HY000]: General error: 1 table states has no column named code (Connection: sqlite, SQL: insert into "states" ("country_id", "name", "code", "is_active", "is_featured", "latitude", "longitude", "timezone", "population", "updated_at", "created_at") values (6, Test State, TS, 1, 1, 40.7128, -74.006, America/New_York, 8000000, 2025-08-09 10:54:24, 2025-08-09 10:54:24))

/www/wwwroot/jobportal.prus.dev/vendor/laravel/framework/src/Illuminate/Database/Connection.php:822
/www/wwwroot/jobportal.prus.dev/vendor/laravel/framework/src/Illuminate/Database/Connection.php:776
/www/wwwroot/jobportal.prus.dev/vendor/laravel/framework/src/Illuminate/Database/Connection.php:557
/www/wwwroot/jobportal.prus.dev/vendor/laravel/framework/src/Illuminate/Database/Connection.php:521
/www/wwwroot/jobportal.prus.dev/vendor/laravel/framework/src/Illuminate/Database/Query/Processors/Processor.php:32
/www/wwwroot/jobportal.prus.dev/vendor/laravel/framework/src/Illuminate/Database/Query/Builder.php:3796
/www/wwwroot/jobportal.prus.dev/vendor/laravel/framework/src/Illuminate/Database/Eloquent/Builder.php:2205
/www/wwwroot/jobportal.prus.dev/vendor/laravel/framework/src/Illuminate/Database/Eloquent/Model.php:1408
/www/wwwroot/jobportal.prus.dev/vendor/laravel/framework/src/Illuminate/Database/Eloquent/Model.php:1373
/www/wwwroot/jobportal.prus.dev/vendor/laravel/framework/src/Illuminate/Database/Eloquent/Model.php:1212
/www/wwwroot/jobportal.prus.dev/vendor/laravel/framework/src/Illuminate/Database/Eloquent/Factories/Factory.php:351
/www/wwwroot/jobportal.prus.dev/vendor/laravel/framework/src/Illuminate/Collections/Traits/EnumeratesValues.php:271
/www/wwwroot/jobportal.prus.dev/vendor/laravel/framework/src/Illuminate/Database/Eloquent/Factories/Factory.php:346
/www/wwwroot/jobportal.prus.dev/vendor/laravel/framework/src/Illuminate/Database/Eloquent/Factories/Factory.php:302
/www/wwwroot/jobportal.prus.dev/vendor/laravel/framework/src/Illuminate/Database/Eloquent/Factories/Factory.php:296
/www/wwwroot/jobportal.prus.dev/tests/Unit/Models/StateTest.php:38</error>
        </testcase>
        <testcase name="it_has_proper_casts" file="/www/wwwroot/jobportal.prus.dev/tests/Unit/Models/StateTest.php" line="73" class="Tests\Unit\Models\StateTest" classname="Tests.Unit.Models.StateTest" assertions="0" time="0.000000">
          <error type="Illuminate\Database\QueryException">Tests\Unit\Models\StateTest::it_has_proper_casts
Illuminate\Database\QueryException: SQLSTATE[HY000]: General error: 1 table states has no column named code (Connection: sqlite, SQL: insert into "states" ("country_id", "name", "code", "is_active", "is_featured", "latitude", "longitude", "timezone", "population", "updated_at", "created_at") values (6, Test State, TS, 1, 1, 40.7128, -74.006, America/New_York, 8000000, 2025-08-09 10:54:25, 2025-08-09 10:54:25))

/www/wwwroot/jobportal.prus.dev/vendor/laravel/framework/src/Illuminate/Database/Connection.php:822
/www/wwwroot/jobportal.prus.dev/vendor/laravel/framework/src/Illuminate/Database/Connection.php:776
/www/wwwroot/jobportal.prus.dev/vendor/laravel/framework/src/Illuminate/Database/Connection.php:557
/www/wwwroot/jobportal.prus.dev/vendor/laravel/framework/src/Illuminate/Database/Connection.php:521
/www/wwwroot/jobportal.prus.dev/vendor/laravel/framework/src/Illuminate/Database/Query/Processors/Processor.php:32
/www/wwwroot/jobportal.prus.dev/vendor/laravel/framework/src/Illuminate/Database/Query/Builder.php:3796
/www/wwwroot/jobportal.prus.dev/vendor/laravel/framework/src/Illuminate/Database/Eloquent/Builder.php:2205
/www/wwwroot/jobportal.prus.dev/vendor/laravel/framework/src/Illuminate/Database/Eloquent/Model.php:1408
/www/wwwroot/jobportal.prus.dev/vendor/laravel/framework/src/Illuminate/Database/Eloquent/Model.php:1373
/www/wwwroot/jobportal.prus.dev/vendor/laravel/framework/src/Illuminate/Database/Eloquent/Model.php:1212
/www/wwwroot/jobportal.prus.dev/vendor/laravel/framework/src/Illuminate/Database/Eloquent/Factories/Factory.php:351
/www/wwwroot/jobportal.prus.dev/vendor/laravel/framework/src/Illuminate/Collections/Traits/EnumeratesValues.php:271
/www/wwwroot/jobportal.prus.dev/vendor/laravel/framework/src/Illuminate/Database/Eloquent/Factories/Factory.php:346
/www/wwwroot/jobportal.prus.dev/vendor/laravel/framework/src/Illuminate/Database/Eloquent/Factories/Factory.php:302
/www/wwwroot/jobportal.prus.dev/vendor/laravel/framework/src/Illuminate/Database/Eloquent/Factories/Factory.php:296
/www/wwwroot/jobportal.prus.dev/tests/Unit/Models/StateTest.php:38</error>
        </testcase>
        <testcase name="it_can_be_updated" file="/www/wwwroot/jobportal.prus.dev/tests/Unit/Models/StateTest.php" line="83" class="Tests\Unit\Models\StateTest" classname="Tests.Unit.Models.StateTest" assertions="0" time="0.000000">
          <error type="Illuminate\Database\QueryException">Tests\Unit\Models\StateTest::it_can_be_updated
Illuminate\Database\QueryException: SQLSTATE[HY000]: General error: 1 table states has no column named code (Connection: sqlite, SQL: insert into "states" ("country_id", "name", "code", "is_active", "is_featured", "latitude", "longitude", "timezone", "population", "updated_at", "created_at") values (6, Test State, TS, 1, 1, 40.7128, -74.006, America/New_York, 8000000, 2025-08-09 10:54:26, 2025-08-09 10:54:26))

/www/wwwroot/jobportal.prus.dev/vendor/laravel/framework/src/Illuminate/Database/Connection.php:822
/www/wwwroot/jobportal.prus.dev/vendor/laravel/framework/src/Illuminate/Database/Connection.php:776
/www/wwwroot/jobportal.prus.dev/vendor/laravel/framework/src/Illuminate/Database/Connection.php:557
/www/wwwroot/jobportal.prus.dev/vendor/laravel/framework/src/Illuminate/Database/Connection.php:521
/www/wwwroot/jobportal.prus.dev/vendor/laravel/framework/src/Illuminate/Database/Query/Processors/Processor.php:32
/www/wwwroot/jobportal.prus.dev/vendor/laravel/framework/src/Illuminate/Database/Query/Builder.php:3796
/www/wwwroot/jobportal.prus.dev/vendor/laravel/framework/src/Illuminate/Database/Eloquent/Builder.php:2205
/www/wwwroot/jobportal.prus.dev/vendor/laravel/framework/src/Illuminate/Database/Eloquent/Model.php:1408
/www/wwwroot/jobportal.prus.dev/vendor/laravel/framework/src/Illuminate/Database/Eloquent/Model.php:1373
/www/wwwroot/jobportal.prus.dev/vendor/laravel/framework/src/Illuminate/Database/Eloquent/Model.php:1212
/www/wwwroot/jobportal.prus.dev/vendor/laravel/framework/src/Illuminate/Database/Eloquent/Factories/Factory.php:351
/www/wwwroot/jobportal.prus.dev/vendor/laravel/framework/src/Illuminate/Collections/Traits/EnumeratesValues.php:271
/www/wwwroot/jobportal.prus.dev/vendor/laravel/framework/src/Illuminate/Database/Eloquent/Factories/Factory.php:346
/www/wwwroot/jobportal.prus.dev/vendor/laravel/framework/src/Illuminate/Database/Eloquent/Factories/Factory.php:302
/www/wwwroot/jobportal.prus.dev/vendor/laravel/framework/src/Illuminate/Database/Eloquent/Factories/Factory.php:296
/www/wwwroot/jobportal.prus.dev/tests/Unit/Models/StateTest.php:38</error>
        </testcase>
        <testcase name="it_can_be_deleted" file="/www/wwwroot/jobportal.prus.dev/tests/Unit/Models/StateTest.php" line="98" class="Tests\Unit\Models\StateTest" classname="Tests.Unit.Models.StateTest" assertions="0" time="0.000000">
          <error type="Illuminate\Database\QueryException">Tests\Unit\Models\StateTest::it_can_be_deleted
Illuminate\Database\QueryException: SQLSTATE[HY000]: General error: 1 table states has no column named code (Connection: sqlite, SQL: insert into "states" ("country_id", "name", "code", "is_active", "is_featured", "latitude", "longitude", "timezone", "population", "updated_at", "created_at") values (6, Test State, TS, 1, 1, 40.7128, -74.006, America/New_York, 8000000, 2025-08-09 10:54:27, 2025-08-09 10:54:27))

/www/wwwroot/jobportal.prus.dev/vendor/laravel/framework/src/Illuminate/Database/Connection.php:822
/www/wwwroot/jobportal.prus.dev/vendor/laravel/framework/src/Illuminate/Database/Connection.php:776
/www/wwwroot/jobportal.prus.dev/vendor/laravel/framework/src/Illuminate/Database/Connection.php:557
/www/wwwroot/jobportal.prus.dev/vendor/laravel/framework/src/Illuminate/Database/Connection.php:521
/www/wwwroot/jobportal.prus.dev/vendor/laravel/framework/src/Illuminate/Database/Query/Processors/Processor.php:32
/www/wwwroot/jobportal.prus.dev/vendor/laravel/framework/src/Illuminate/Database/Query/Builder.php:3796
/www/wwwroot/jobportal.prus.dev/vendor/laravel/framework/src/Illuminate/Database/Eloquent/Builder.php:2205
/www/wwwroot/jobportal.prus.dev/vendor/laravel/framework/src/Illuminate/Database/Eloquent/Model.php:1408
/www/wwwroot/jobportal.prus.dev/vendor/laravel/framework/src/Illuminate/Database/Eloquent/Model.php:1373
/www/wwwroot/jobportal.prus.dev/vendor/laravel/framework/src/Illuminate/Database/Eloquent/Model.php:1212
/www/wwwroot/jobportal.prus.dev/vendor/laravel/framework/src/Illuminate/Database/Eloquent/Factories/Factory.php:351
/www/wwwroot/jobportal.prus.dev/vendor/laravel/framework/src/Illuminate/Collections/Traits/EnumeratesValues.php:271
/www/wwwroot/jobportal.prus.dev/vendor/laravel/framework/src/Illuminate/Database/Eloquent/Factories/Factory.php:346
/www/wwwroot/jobportal.prus.dev/vendor/laravel/framework/src/Illuminate/Database/Eloquent/Factories/Factory.php:302
/www/wwwroot/jobportal.prus.dev/vendor/laravel/framework/src/Illuminate/Database/Eloquent/Factories/Factory.php:296
/www/wwwroot/jobportal.prus.dev/tests/Unit/Models/StateTest.php:38</error>
        </testcase>
        <testcase name="it_has_correct_fillable_attributes" file="/www/wwwroot/jobportal.prus.dev/tests/Unit/Models/StateTest.php" line="111" class="Tests\Unit\Models\StateTest" classname="Tests.Unit.Models.StateTest" assertions="0" time="0.000000">
          <error type="Illuminate\Database\QueryException">Tests\Unit\Models\StateTest::it_has_correct_fillable_attributes
Illuminate\Database\QueryException: SQLSTATE[HY000]: General error: 1 table states has no column named code (Connection: sqlite, SQL: insert into "states" ("country_id", "name", "code", "is_active", "is_featured", "latitude", "longitude", "timezone", "population", "updated_at", "created_at") values (6, Test State, TS, 1, 1, 40.7128, -74.006, America/New_York, 8000000, 2025-08-09 10:54:28, 2025-08-09 10:54:28))

/www/wwwroot/jobportal.prus.dev/vendor/laravel/framework/src/Illuminate/Database/Connection.php:822
/www/wwwroot/jobportal.prus.dev/vendor/laravel/framework/src/Illuminate/Database/Connection.php:776
/www/wwwroot/jobportal.prus.dev/vendor/laravel/framework/src/Illuminate/Database/Connection.php:557
/www/wwwroot/jobportal.prus.dev/vendor/laravel/framework/src/Illuminate/Database/Connection.php:521
/www/wwwroot/jobportal.prus.dev/vendor/laravel/framework/src/Illuminate/Database/Query/Processors/Processor.php:32
/www/wwwroot/jobportal.prus.dev/vendor/laravel/framework/src/Illuminate/Database/Query/Builder.php:3796
/www/wwwroot/jobportal.prus.dev/vendor/laravel/framework/src/Illuminate/Database/Eloquent/Builder.php:2205
/www/wwwroot/jobportal.prus.dev/vendor/laravel/framework/src/Illuminate/Database/Eloquent/Model.php:1408
/www/wwwroot/jobportal.prus.dev/vendor/laravel/framework/src/Illuminate/Database/Eloquent/Model.php:1373
/www/wwwroot/jobportal.prus.dev/vendor/laravel/framework/src/Illuminate/Database/Eloquent/Model.php:1212
/www/wwwroot/jobportal.prus.dev/vendor/laravel/framework/src/Illuminate/Database/Eloquent/Factories/Factory.php:351
/www/wwwroot/jobportal.prus.dev/vendor/laravel/framework/src/Illuminate/Collections/Traits/EnumeratesValues.php:271
/www/wwwroot/jobportal.prus.dev/vendor/laravel/framework/src/Illuminate/Database/Eloquent/Factories/Factory.php:346
/www/wwwroot/jobportal.prus.dev/vendor/laravel/framework/src/Illuminate/Database/Eloquent/Factories/Factory.php:302
/www/wwwroot/jobportal.prus.dev/vendor/laravel/framework/src/Illuminate/Database/Eloquent/Factories/Factory.php:296
/www/wwwroot/jobportal.prus.dev/tests/Unit/Models/StateTest.php:38</error>
        </testcase>
        <testcase name="it_has_correct_casts" file="/www/wwwroot/jobportal.prus.dev/tests/Unit/Models/StateTest.php" line="129" class="Tests\Unit\Models\StateTest" classname="Tests.Unit.Models.StateTest" assertions="0" time="0.000000">
          <error type="Illuminate\Database\QueryException">Tests\Unit\Models\StateTest::it_has_correct_casts
Illuminate\Database\QueryException: SQLSTATE[HY000]: General error: 1 table states has no column named code (Connection: sqlite, SQL: insert into "states" ("country_id", "name", "code", "is_active", "is_featured", "latitude", "longitude", "timezone", "population", "updated_at", "created_at") values (6, Test State, TS, 1, 1, 40.7128, -74.006, America/New_York, 8000000, 2025-08-09 10:54:29, 2025-08-09 10:54:29))

/www/wwwroot/jobportal.prus.dev/vendor/laravel/framework/src/Illuminate/Database/Connection.php:822
/www/wwwroot/jobportal.prus.dev/vendor/laravel/framework/src/Illuminate/Database/Connection.php:776
/www/wwwroot/jobportal.prus.dev/vendor/laravel/framework/src/Illuminate/Database/Connection.php:557
/www/wwwroot/jobportal.prus.dev/vendor/laravel/framework/src/Illuminate/Database/Connection.php:521
/www/wwwroot/jobportal.prus.dev/vendor/laravel/framework/src/Illuminate/Database/Query/Processors/Processor.php:32
/www/wwwroot/jobportal.prus.dev/vendor/laravel/framework/src/Illuminate/Database/Query/Builder.php:3796
/www/wwwroot/jobportal.prus.dev/vendor/laravel/framework/src/Illuminate/Database/Eloquent/Builder.php:2205
/www/wwwroot/jobportal.prus.dev/vendor/laravel/framework/src/Illuminate/Database/Eloquent/Model.php:1408
/www/wwwroot/jobportal.prus.dev/vendor/laravel/framework/src/Illuminate/Database/Eloquent/Model.php:1373
/www/wwwroot/jobportal.prus.dev/vendor/laravel/framework/src/Illuminate/Database/Eloquent/Model.php:1212
/www/wwwroot/jobportal.prus.dev/vendor/laravel/framework/src/Illuminate/Database/Eloquent/Factories/Factory.php:351
/www/wwwroot/jobportal.prus.dev/vendor/laravel/framework/src/Illuminate/Collections/Traits/EnumeratesValues.php:271
/www/wwwroot/jobportal.prus.dev/vendor/laravel/framework/src/Illuminate/Database/Eloquent/Factories/Factory.php:346
/www/wwwroot/jobportal.prus.dev/vendor/laravel/framework/src/Illuminate/Database/Eloquent/Factories/Factory.php:302
/www/wwwroot/jobportal.prus.dev/vendor/laravel/framework/src/Illuminate/Database/Eloquent/Factories/Factory.php:296
/www/wwwroot/jobportal.prus.dev/tests/Unit/Models/StateTest.php:38</error>
        </testcase>
        <testcase name="it_has_validation_rules" file="/www/wwwroot/jobportal.prus.dev/tests/Unit/Models/StateTest.php" line="146" class="Tests\Unit\Models\StateTest" classname="Tests.Unit.Models.StateTest" assertions="0" time="0.000000">
          <error type="Illuminate\Database\QueryException">Tests\Unit\Models\StateTest::it_has_validation_rules
Illuminate\Database\QueryException: SQLSTATE[HY000]: General error: 1 table states has no column named code (Connection: sqlite, SQL: insert into "states" ("country_id", "name", "code", "is_active", "is_featured", "latitude", "longitude", "timezone", "population", "updated_at", "created_at") values (6, Test State, TS, 1, 1, 40.7128, -74.006, America/New_York, 8000000, 2025-08-09 10:54:30, 2025-08-09 10:54:30))

/www/wwwroot/jobportal.prus.dev/vendor/laravel/framework/src/Illuminate/Database/Connection.php:822
/www/wwwroot/jobportal.prus.dev/vendor/laravel/framework/src/Illuminate/Database/Connection.php:776
/www/wwwroot/jobportal.prus.dev/vendor/laravel/framework/src/Illuminate/Database/Connection.php:557
/www/wwwroot/jobportal.prus.dev/vendor/laravel/framework/src/Illuminate/Database/Connection.php:521
/www/wwwroot/jobportal.prus.dev/vendor/laravel/framework/src/Illuminate/Database/Query/Processors/Processor.php:32
/www/wwwroot/jobportal.prus.dev/vendor/laravel/framework/src/Illuminate/Database/Query/Builder.php:3796
/www/wwwroot/jobportal.prus.dev/vendor/laravel/framework/src/Illuminate/Database/Eloquent/Builder.php:2205
/www/wwwroot/jobportal.prus.dev/vendor/laravel/framework/src/Illuminate/Database/Eloquent/Model.php:1408
/www/wwwroot/jobportal.prus.dev/vendor/laravel/framework/src/Illuminate/Database/Eloquent/Model.php:1373
/www/wwwroot/jobportal.prus.dev/vendor/laravel/framework/src/Illuminate/Database/Eloquent/Model.php:1212
/www/wwwroot/jobportal.prus.dev/vendor/laravel/framework/src/Illuminate/Database/Eloquent/Factories/Factory.php:351
/www/wwwroot/jobportal.prus.dev/vendor/laravel/framework/src/Illuminate/Collections/Traits/EnumeratesValues.php:271
/www/wwwroot/jobportal.prus.dev/vendor/laravel/framework/src/Illuminate/Database/Eloquent/Factories/Factory.php:346
/www/wwwroot/jobportal.prus.dev/vendor/laravel/framework/src/Illuminate/Database/Eloquent/Factories/Factory.php:302
/www/wwwroot/jobportal.prus.dev/vendor/laravel/framework/src/Illuminate/Database/Eloquent/Factories/Factory.php:296
/www/wwwroot/jobportal.prus.dev/tests/Unit/Models/StateTest.php:38</error>
        </testcase>
        <testcase name="it_has_update_validation_rules" file="/www/wwwroot/jobportal.prus.dev/tests/Unit/Models/StateTest.php" line="161" class="Tests\Unit\Models\StateTest" classname="Tests.Unit.Models.StateTest" assertions="0" time="0.000000">
          <error type="Illuminate\Database\QueryException">Tests\Unit\Models\StateTest::it_has_update_validation_rules
Illuminate\Database\QueryException: SQLSTATE[HY000]: General error: 1 table states has no column named code (Connection: sqlite, SQL: insert into "states" ("country_id", "name", "code", "is_active", "is_featured", "latitude", "longitude", "timezone", "population", "updated_at", "created_at") values (6, Test State, TS, 1, 1, 40.7128, -74.006, America/New_York, 8000000, 2025-08-09 10:54:31, 2025-08-09 10:54:31))

/www/wwwroot/jobportal.prus.dev/vendor/laravel/framework/src/Illuminate/Database/Connection.php:822
/www/wwwroot/jobportal.prus.dev/vendor/laravel/framework/src/Illuminate/Database/Connection.php:776
/www/wwwroot/jobportal.prus.dev/vendor/laravel/framework/src/Illuminate/Database/Connection.php:557
/www/wwwroot/jobportal.prus.dev/vendor/laravel/framework/src/Illuminate/Database/Connection.php:521
/www/wwwroot/jobportal.prus.dev/vendor/laravel/framework/src/Illuminate/Database/Query/Processors/Processor.php:32
/www/wwwroot/jobportal.prus.dev/vendor/laravel/framework/src/Illuminate/Database/Query/Builder.php:3796
/www/wwwroot/jobportal.prus.dev/vendor/laravel/framework/src/Illuminate/Database/Eloquent/Builder.php:2205
/www/wwwroot/jobportal.prus.dev/vendor/laravel/framework/src/Illuminate/Database/Eloquent/Model.php:1408
/www/wwwroot/jobportal.prus.dev/vendor/laravel/framework/src/Illuminate/Database/Eloquent/Model.php:1373
/www/wwwroot/jobportal.prus.dev/vendor/laravel/framework/src/Illuminate/Database/Eloquent/Model.php:1212
/www/wwwroot/jobportal.prus.dev/vendor/laravel/framework/src/Illuminate/Database/Eloquent/Factories/Factory.php:351
/www/wwwroot/jobportal.prus.dev/vendor/laravel/framework/src/Illuminate/Collections/Traits/EnumeratesValues.php:271
/www/wwwroot/jobportal.prus.dev/vendor/laravel/framework/src/Illuminate/Database/Eloquent/Factories/Factory.php:346
/www/wwwroot/jobportal.prus.dev/vendor/laravel/framework/src/Illuminate/Database/Eloquent/Factories/Factory.php:302
/www/wwwroot/jobportal.prus.dev/vendor/laravel/framework/src/Illuminate/Database/Eloquent/Factories/Factory.php:296
/www/wwwroot/jobportal.prus.dev/tests/Unit/Models/StateTest.php:38</error>
        </testcase>
        <testcase name="it_belongs_to_country" file="/www/wwwroot/jobportal.prus.dev/tests/Unit/Models/StateTest.php" line="173" class="Tests\Unit\Models\StateTest" classname="Tests.Unit.Models.StateTest" assertions="0" time="0.000000">
          <error type="Illuminate\Database\QueryException">Tests\Unit\Models\StateTest::it_belongs_to_country
Illuminate\Database\QueryException: SQLSTATE[HY000]: General error: 1 table states has no column named code (Connection: sqlite, SQL: insert into "states" ("country_id", "name", "code", "is_active", "is_featured", "latitude", "longitude", "timezone", "population", "updated_at", "created_at") values (6, Test State, TS, 1, 1, 40.7128, -74.006, America/New_York, 8000000, 2025-08-09 10:54:32, 2025-08-09 10:54:32))

/www/wwwroot/jobportal.prus.dev/vendor/laravel/framework/src/Illuminate/Database/Connection.php:822
/www/wwwroot/jobportal.prus.dev/vendor/laravel/framework/src/Illuminate/Database/Connection.php:776
/www/wwwroot/jobportal.prus.dev/vendor/laravel/framework/src/Illuminate/Database/Connection.php:557
/www/wwwroot/jobportal.prus.dev/vendor/laravel/framework/src/Illuminate/Database/Connection.php:521
/www/wwwroot/jobportal.prus.dev/vendor/laravel/framework/src/Illuminate/Database/Query/Processors/Processor.php:32
/www/wwwroot/jobportal.prus.dev/vendor/laravel/framework/src/Illuminate/Database/Query/Builder.php:3796
/www/wwwroot/jobportal.prus.dev/vendor/laravel/framework/src/Illuminate/Database/Eloquent/Builder.php:2205
/www/wwwroot/jobportal.prus.dev/vendor/laravel/framework/src/Illuminate/Database/Eloquent/Model.php:1408
/www/wwwroot/jobportal.prus.dev/vendor/laravel/framework/src/Illuminate/Database/Eloquent/Model.php:1373
/www/wwwroot/jobportal.prus.dev/vendor/laravel/framework/src/Illuminate/Database/Eloquent/Model.php:1212
/www/wwwroot/jobportal.prus.dev/vendor/laravel/framework/src/Illuminate/Database/Eloquent/Factories/Factory.php:351
/www/wwwroot/jobportal.prus.dev/vendor/laravel/framework/src/Illuminate/Collections/Traits/EnumeratesValues.php:271
/www/wwwroot/jobportal.prus.dev/vendor/laravel/framework/src/Illuminate/Database/Eloquent/Factories/Factory.php:346
/www/wwwroot/jobportal.prus.dev/vendor/laravel/framework/src/Illuminate/Database/Eloquent/Factories/Factory.php:302
/www/wwwroot/jobportal.prus.dev/vendor/laravel/framework/src/Illuminate/Database/Eloquent/Factories/Factory.php:296
/www/wwwroot/jobportal.prus.dev/tests/Unit/Models/StateTest.php:38</error>
        </testcase>
        <testcase name="it_has_many_cities" file="/www/wwwroot/jobportal.prus.dev/tests/Unit/Models/StateTest.php" line="180" class="Tests\Unit\Models\StateTest" classname="Tests.Unit.Models.StateTest" assertions="0" time="0.000000">
          <error type="Illuminate\Database\QueryException">Tests\Unit\Models\StateTest::it_has_many_cities
Illuminate\Database\QueryException: SQLSTATE[HY000]: General error: 1 table states has no column named code (Connection: sqlite, SQL: insert into "states" ("country_id", "name", "code", "is_active", "is_featured", "latitude", "longitude", "timezone", "population", "updated_at", "created_at") values (6, Test State, TS, 1, 1, 40.7128, -74.006, America/New_York, 8000000, 2025-08-09 10:54:33, 2025-08-09 10:54:33))

/www/wwwroot/jobportal.prus.dev/vendor/laravel/framework/src/Illuminate/Database/Connection.php:822
/www/wwwroot/jobportal.prus.dev/vendor/laravel/framework/src/Illuminate/Database/Connection.php:776
/www/wwwroot/jobportal.prus.dev/vendor/laravel/framework/src/Illuminate/Database/Connection.php:557
/www/wwwroot/jobportal.prus.dev/vendor/laravel/framework/src/Illuminate/Database/Connection.php:521
/www/wwwroot/jobportal.prus.dev/vendor/laravel/framework/src/Illuminate/Database/Query/Processors/Processor.php:32
/www/wwwroot/jobportal.prus.dev/vendor/laravel/framework/src/Illuminate/Database/Query/Builder.php:3796
/www/wwwroot/jobportal.prus.dev/vendor/laravel/framework/src/Illuminate/Database/Eloquent/Builder.php:2205
/www/wwwroot/jobportal.prus.dev/vendor/laravel/framework/src/Illuminate/Database/Eloquent/Model.php:1408
/www/wwwroot/jobportal.prus.dev/vendor/laravel/framework/src/Illuminate/Database/Eloquent/Model.php:1373
/www/wwwroot/jobportal.prus.dev/vendor/laravel/framework/src/Illuminate/Database/Eloquent/Model.php:1212
/www/wwwroot/jobportal.prus.dev/vendor/laravel/framework/src/Illuminate/Database/Eloquent/Factories/Factory.php:351
/www/wwwroot/jobportal.prus.dev/vendor/laravel/framework/src/Illuminate/Collections/Traits/EnumeratesValues.php:271
/www/wwwroot/jobportal.prus.dev/vendor/laravel/framework/src/Illuminate/Database/Eloquent/Factories/Factory.php:346
/www/wwwroot/jobportal.prus.dev/vendor/laravel/framework/src/Illuminate/Database/Eloquent/Factories/Factory.php:302
/www/wwwroot/jobportal.prus.dev/vendor/laravel/framework/src/Illuminate/Database/Eloquent/Factories/Factory.php:296
/www/wwwroot/jobportal.prus.dev/tests/Unit/Models/StateTest.php:38</error>
        </testcase>
        <testcase name="it_has_many_users" file="/www/wwwroot/jobportal.prus.dev/tests/Unit/Models/StateTest.php" line="189" class="Tests\Unit\Models\StateTest" classname="Tests.Unit.Models.StateTest" assertions="0" time="0.000000">
          <error type="Illuminate\Database\QueryException">Tests\Unit\Models\StateTest::it_has_many_users
Illuminate\Database\QueryException: SQLSTATE[HY000]: General error: 1 table states has no column named code (Connection: sqlite, SQL: insert into "states" ("country_id", "name", "code", "is_active", "is_featured", "latitude", "longitude", "timezone", "population", "updated_at", "created_at") values (6, Test State, TS, 1, 1, 40.7128, -74.006, America/New_York, 8000000, 2025-08-09 10:54:34, 2025-08-09 10:54:34))

/www/wwwroot/jobportal.prus.dev/vendor/laravel/framework/src/Illuminate/Database/Connection.php:822
/www/wwwroot/jobportal.prus.dev/vendor/laravel/framework/src/Illuminate/Database/Connection.php:776
/www/wwwroot/jobportal.prus.dev/vendor/laravel/framework/src/Illuminate/Database/Connection.php:557
/www/wwwroot/jobportal.prus.dev/vendor/laravel/framework/src/Illuminate/Database/Connection.php:521
/www/wwwroot/jobportal.prus.dev/vendor/laravel/framework/src/Illuminate/Database/Query/Processors/Processor.php:32
/www/wwwroot/jobportal.prus.dev/vendor/laravel/framework/src/Illuminate/Database/Query/Builder.php:3796
/www/wwwroot/jobportal.prus.dev/vendor/laravel/framework/src/Illuminate/Database/Eloquent/Builder.php:2205
/www/wwwroot/jobportal.prus.dev/vendor/laravel/framework/src/Illuminate/Database/Eloquent/Model.php:1408
/www/wwwroot/jobportal.prus.dev/vendor/laravel/framework/src/Illuminate/Database/Eloquent/Model.php:1373
/www/wwwroot/jobportal.prus.dev/vendor/laravel/framework/src/Illuminate/Database/Eloquent/Model.php:1212
/www/wwwroot/jobportal.prus.dev/vendor/laravel/framework/src/Illuminate/Database/Eloquent/Factories/Factory.php:351
/www/wwwroot/jobportal.prus.dev/vendor/laravel/framework/src/Illuminate/Collections/Traits/EnumeratesValues.php:271
/www/wwwroot/jobportal.prus.dev/vendor/laravel/framework/src/Illuminate/Database/Eloquent/Factories/Factory.php:346
/www/wwwroot/jobportal.prus.dev/vendor/laravel/framework/src/Illuminate/Database/Eloquent/Factories/Factory.php:302
/www/wwwroot/jobportal.prus.dev/vendor/laravel/framework/src/Illuminate/Database/Eloquent/Factories/Factory.php:296
/www/wwwroot/jobportal.prus.dev/tests/Unit/Models/StateTest.php:38</error>
        </testcase>
        <testcase name="it_has_many_companies" file="/www/wwwroot/jobportal.prus.dev/tests/Unit/Models/StateTest.php" line="198" class="Tests\Unit\Models\StateTest" classname="Tests.Unit.Models.StateTest" assertions="0" time="0.000000">
          <error type="Illuminate\Database\QueryException">Tests\Unit\Models\StateTest::it_has_many_companies
Illuminate\Database\QueryException: SQLSTATE[HY000]: General error: 1 table states has no column named code (Connection: sqlite, SQL: insert into "states" ("country_id", "name", "code", "is_active", "is_featured", "latitude", "longitude", "timezone", "population", "updated_at", "created_at") values (6, Test State, TS, 1, 1, 40.7128, -74.006, America/New_York, 8000000, 2025-08-09 10:54:34, 2025-08-09 10:54:34))

/www/wwwroot/jobportal.prus.dev/vendor/laravel/framework/src/Illuminate/Database/Connection.php:822
/www/wwwroot/jobportal.prus.dev/vendor/laravel/framework/src/Illuminate/Database/Connection.php:776
/www/wwwroot/jobportal.prus.dev/vendor/laravel/framework/src/Illuminate/Database/Connection.php:557
/www/wwwroot/jobportal.prus.dev/vendor/laravel/framework/src/Illuminate/Database/Connection.php:521
/www/wwwroot/jobportal.prus.dev/vendor/laravel/framework/src/Illuminate/Database/Query/Processors/Processor.php:32
/www/wwwroot/jobportal.prus.dev/vendor/laravel/framework/src/Illuminate/Database/Query/Builder.php:3796
/www/wwwroot/jobportal.prus.dev/vendor/laravel/framework/src/Illuminate/Database/Eloquent/Builder.php:2205
/www/wwwroot/jobportal.prus.dev/vendor/laravel/framework/src/Illuminate/Database/Eloquent/Model.php:1408
/www/wwwroot/jobportal.prus.dev/vendor/laravel/framework/src/Illuminate/Database/Eloquent/Model.php:1373
/www/wwwroot/jobportal.prus.dev/vendor/laravel/framework/src/Illuminate/Database/Eloquent/Model.php:1212
/www/wwwroot/jobportal.prus.dev/vendor/laravel/framework/src/Illuminate/Database/Eloquent/Factories/Factory.php:351
/www/wwwroot/jobportal.prus.dev/vendor/laravel/framework/src/Illuminate/Collections/Traits/EnumeratesValues.php:271
/www/wwwroot/jobportal.prus.dev/vendor/laravel/framework/src/Illuminate/Database/Eloquent/Factories/Factory.php:346
/www/wwwroot/jobportal.prus.dev/vendor/laravel/framework/src/Illuminate/Database/Eloquent/Factories/Factory.php:302
/www/wwwroot/jobportal.prus.dev/vendor/laravel/framework/src/Illuminate/Database/Eloquent/Factories/Factory.php:296
/www/wwwroot/jobportal.prus.dev/tests/Unit/Models/StateTest.php:38</error>
        </testcase>
        <testcase name="it_can_get_jobs_relationship" file="/www/wwwroot/jobportal.prus.dev/tests/Unit/Models/StateTest.php" line="207" class="Tests\Unit\Models\StateTest" classname="Tests.Unit.Models.StateTest" assertions="0" time="0.000000">
          <error type="Illuminate\Database\QueryException">Tests\Unit\Models\StateTest::it_can_get_jobs_relationship
Illuminate\Database\QueryException: SQLSTATE[HY000]: General error: 1 table states has no column named code (Connection: sqlite, SQL: insert into "states" ("country_id", "name", "code", "is_active", "is_featured", "latitude", "longitude", "timezone", "population", "updated_at", "created_at") values (6, Test State, TS, 1, 1, 40.7128, -74.006, America/New_York, 8000000, 2025-08-09 10:54:35, 2025-08-09 10:54:35))

/www/wwwroot/jobportal.prus.dev/vendor/laravel/framework/src/Illuminate/Database/Connection.php:822
/www/wwwroot/jobportal.prus.dev/vendor/laravel/framework/src/Illuminate/Database/Connection.php:776
/www/wwwroot/jobportal.prus.dev/vendor/laravel/framework/src/Illuminate/Database/Connection.php:557
/www/wwwroot/jobportal.prus.dev/vendor/laravel/framework/src/Illuminate/Database/Connection.php:521
/www/wwwroot/jobportal.prus.dev/vendor/laravel/framework/src/Illuminate/Database/Query/Processors/Processor.php:32
/www/wwwroot/jobportal.prus.dev/vendor/laravel/framework/src/Illuminate/Database/Query/Builder.php:3796
/www/wwwroot/jobportal.prus.dev/vendor/laravel/framework/src/Illuminate/Database/Eloquent/Builder.php:2205
/www/wwwroot/jobportal.prus.dev/vendor/laravel/framework/src/Illuminate/Database/Eloquent/Model.php:1408
/www/wwwroot/jobportal.prus.dev/vendor/laravel/framework/src/Illuminate/Database/Eloquent/Model.php:1373
/www/wwwroot/jobportal.prus.dev/vendor/laravel/framework/src/Illuminate/Database/Eloquent/Model.php:1212
/www/wwwroot/jobportal.prus.dev/vendor/laravel/framework/src/Illuminate/Database/Eloquent/Factories/Factory.php:351
/www/wwwroot/jobportal.prus.dev/vendor/laravel/framework/src/Illuminate/Collections/Traits/EnumeratesValues.php:271
/www/wwwroot/jobportal.prus.dev/vendor/laravel/framework/src/Illuminate/Database/Eloquent/Factories/Factory.php:346
/www/wwwroot/jobportal.prus.dev/vendor/laravel/framework/src/Illuminate/Database/Eloquent/Factories/Factory.php:302
/www/wwwroot/jobportal.prus.dev/vendor/laravel/framework/src/Illuminate/Database/Eloquent/Factories/Factory.php:296
/www/wwwroot/jobportal.prus.dev/tests/Unit/Models/StateTest.php:38</error>
        </testcase>
        <testcase name="it_can_get_candidates_relationship" file="/www/wwwroot/jobportal.prus.dev/tests/Unit/Models/StateTest.php" line="214" class="Tests\Unit\Models\StateTest" classname="Tests.Unit.Models.StateTest" assertions="0" time="0.000000">
          <error type="Illuminate\Database\QueryException">Tests\Unit\Models\StateTest::it_can_get_candidates_relationship
Illuminate\Database\QueryException: SQLSTATE[HY000]: General error: 1 table states has no column named code (Connection: sqlite, SQL: insert into "states" ("country_id", "name", "code", "is_active", "is_featured", "latitude", "longitude", "timezone", "population", "updated_at", "created_at") values (6, Test State, TS, 1, 1, 40.7128, -74.006, America/New_York, 8000000, 2025-08-09 10:54:36, 2025-08-09 10:54:36))

/www/wwwroot/jobportal.prus.dev/vendor/laravel/framework/src/Illuminate/Database/Connection.php:822
/www/wwwroot/jobportal.prus.dev/vendor/laravel/framework/src/Illuminate/Database/Connection.php:776
/www/wwwroot/jobportal.prus.dev/vendor/laravel/framework/src/Illuminate/Database/Connection.php:557
/www/wwwroot/jobportal.prus.dev/vendor/laravel/framework/src/Illuminate/Database/Connection.php:521
/www/wwwroot/jobportal.prus.dev/vendor/laravel/framework/src/Illuminate/Database/Query/Processors/Processor.php:32
/www/wwwroot/jobportal.prus.dev/vendor/laravel/framework/src/Illuminate/Database/Query/Builder.php:3796
/www/wwwroot/jobportal.prus.dev/vendor/laravel/framework/src/Illuminate/Database/Eloquent/Builder.php:2205
/www/wwwroot/jobportal.prus.dev/vendor/laravel/framework/src/Illuminate/Database/Eloquent/Model.php:1408
/www/wwwroot/jobportal.prus.dev/vendor/laravel/framework/src/Illuminate/Database/Eloquent/Model.php:1373
/www/wwwroot/jobportal.prus.dev/vendor/laravel/framework/src/Illuminate/Database/Eloquent/Model.php:1212
/www/wwwroot/jobportal.prus.dev/vendor/laravel/framework/src/Illuminate/Database/Eloquent/Factories/Factory.php:351
/www/wwwroot/jobportal.prus.dev/vendor/laravel/framework/src/Illuminate/Collections/Traits/EnumeratesValues.php:271
/www/wwwroot/jobportal.prus.dev/vendor/laravel/framework/src/Illuminate/Database/Eloquent/Factories/Factory.php:346
/www/wwwroot/jobportal.prus.dev/vendor/laravel/framework/src/Illuminate/Database/Eloquent/Factories/Factory.php:302
/www/wwwroot/jobportal.prus.dev/vendor/laravel/framework/src/Illuminate/Database/Eloquent/Factories/Factory.php:296
/www/wwwroot/jobportal.prus.dev/tests/Unit/Models/StateTest.php:38</error>
        </testcase>
        <testcase name="scope_active_returns_only_active_states" file="/www/wwwroot/jobportal.prus.dev/tests/Unit/Models/StateTest.php" line="223" class="Tests\Unit\Models\StateTest" classname="Tests.Unit.Models.StateTest" assertions="0" time="0.000000">
          <error type="Illuminate\Database\QueryException">Tests\Unit\Models\StateTest::scope_active_returns_only_active_states
Illuminate\Database\QueryException: SQLSTATE[HY000]: General error: 1 table states has no column named code (Connection: sqlite, SQL: insert into "states" ("country_id", "name", "code", "is_active", "is_featured", "latitude", "longitude", "timezone", "population", "updated_at", "created_at") values (6, Test State, TS, 1, 1, 40.7128, -74.006, America/New_York, 8000000, 2025-08-09 10:54:37, 2025-08-09 10:54:37))

/www/wwwroot/jobportal.prus.dev/vendor/laravel/framework/src/Illuminate/Database/Connection.php:822
/www/wwwroot/jobportal.prus.dev/vendor/laravel/framework/src/Illuminate/Database/Connection.php:776
/www/wwwroot/jobportal.prus.dev/vendor/laravel/framework/src/Illuminate/Database/Connection.php:557
/www/wwwroot/jobportal.prus.dev/vendor/laravel/framework/src/Illuminate/Database/Connection.php:521
/www/wwwroot/jobportal.prus.dev/vendor/laravel/framework/src/Illuminate/Database/Query/Processors/Processor.php:32
/www/wwwroot/jobportal.prus.dev/vendor/laravel/framework/src/Illuminate/Database/Query/Builder.php:3796
/www/wwwroot/jobportal.prus.dev/vendor/laravel/framework/src/Illuminate/Database/Eloquent/Builder.php:2205
/www/wwwroot/jobportal.prus.dev/vendor/laravel/framework/src/Illuminate/Database/Eloquent/Model.php:1408
/www/wwwroot/jobportal.prus.dev/vendor/laravel/framework/src/Illuminate/Database/Eloquent/Model.php:1373
/www/wwwroot/jobportal.prus.dev/vendor/laravel/framework/src/Illuminate/Database/Eloquent/Model.php:1212
/www/wwwroot/jobportal.prus.dev/vendor/laravel/framework/src/Illuminate/Database/Eloquent/Factories/Factory.php:351
/www/wwwroot/jobportal.prus.dev/vendor/laravel/framework/src/Illuminate/Collections/Traits/EnumeratesValues.php:271
/www/wwwroot/jobportal.prus.dev/vendor/laravel/framework/src/Illuminate/Database/Eloquent/Factories/Factory.php:346
/www/wwwroot/jobportal.prus.dev/vendor/laravel/framework/src/Illuminate/Database/Eloquent/Factories/Factory.php:302
/www/wwwroot/jobportal.prus.dev/vendor/laravel/framework/src/Illuminate/Database/Eloquent/Factories/Factory.php:296
/www/wwwroot/jobportal.prus.dev/tests/Unit/Models/StateTest.php:38</error>
        </testcase>
        <testcase name="scope_inactive_returns_only_inactive_states" file="/www/wwwroot/jobportal.prus.dev/tests/Unit/Models/StateTest.php" line="237" class="Tests\Unit\Models\StateTest" classname="Tests.Unit.Models.StateTest" assertions="0" time="0.000000">
          <error type="Illuminate\Database\QueryException">Tests\Unit\Models\StateTest::scope_inactive_returns_only_inactive_states
Illuminate\Database\QueryException: SQLSTATE[HY000]: General error: 1 table states has no column named code (Connection: sqlite, SQL: insert into "states" ("country_id", "name", "code", "is_active", "is_featured", "latitude", "longitude", "timezone", "population", "updated_at", "created_at") values (6, Test State, TS, 1, 1, 40.7128, -74.006, America/New_York, 8000000, 2025-08-09 10:54:38, 2025-08-09 10:54:38))

/www/wwwroot/jobportal.prus.dev/vendor/laravel/framework/src/Illuminate/Database/Connection.php:822
/www/wwwroot/jobportal.prus.dev/vendor/laravel/framework/src/Illuminate/Database/Connection.php:776
/www/wwwroot/jobportal.prus.dev/vendor/laravel/framework/src/Illuminate/Database/Connection.php:557
/www/wwwroot/jobportal.prus.dev/vendor/laravel/framework/src/Illuminate/Database/Connection.php:521
/www/wwwroot/jobportal.prus.dev/vendor/laravel/framework/src/Illuminate/Database/Query/Processors/Processor.php:32
/www/wwwroot/jobportal.prus.dev/vendor/laravel/framework/src/Illuminate/Database/Query/Builder.php:3796
/www/wwwroot/jobportal.prus.dev/vendor/laravel/framework/src/Illuminate/Database/Eloquent/Builder.php:2205
/www/wwwroot/jobportal.prus.dev/vendor/laravel/framework/src/Illuminate/Database/Eloquent/Model.php:1408
/www/wwwroot/jobportal.prus.dev/vendor/laravel/framework/src/Illuminate/Database/Eloquent/Model.php:1373
/www/wwwroot/jobportal.prus.dev/vendor/laravel/framework/src/Illuminate/Database/Eloquent/Model.php:1212
/www/wwwroot/jobportal.prus.dev/vendor/laravel/framework/src/Illuminate/Database/Eloquent/Factories/Factory.php:351
/www/wwwroot/jobportal.prus.dev/vendor/laravel/framework/src/Illuminate/Collections/Traits/EnumeratesValues.php:271
/www/wwwroot/jobportal.prus.dev/vendor/laravel/framework/src/Illuminate/Database/Eloquent/Factories/Factory.php:346
/www/wwwroot/jobportal.prus.dev/vendor/laravel/framework/src/Illuminate/Database/Eloquent/Factories/Factory.php:302
/www/wwwroot/jobportal.prus.dev/vendor/laravel/framework/src/Illuminate/Database/Eloquent/Factories/Factory.php:296
/www/wwwroot/jobportal.prus.dev/tests/Unit/Models/StateTest.php:38</error>
        </testcase>
        <testcase name="scope_featured_returns_only_featured_states" file="/www/wwwroot/jobportal.prus.dev/tests/Unit/Models/StateTest.php" line="251" class="Tests\Unit\Models\StateTest" classname="Tests.Unit.Models.StateTest" assertions="0" time="0.000000">
          <error type="Illuminate\Database\QueryException">Tests\Unit\Models\StateTest::scope_featured_returns_only_featured_states
Illuminate\Database\QueryException: SQLSTATE[HY000]: General error: 1 table states has no column named code (Connection: sqlite, SQL: insert into "states" ("country_id", "name", "code", "is_active", "is_featured", "latitude", "longitude", "timezone", "population", "updated_at", "created_at") values (6, Test State, TS, 1, 1, 40.7128, -74.006, America/New_York, 8000000, 2025-08-09 10:54:39, 2025-08-09 10:54:39))

/www/wwwroot/jobportal.prus.dev/vendor/laravel/framework/src/Illuminate/Database/Connection.php:822
/www/wwwroot/jobportal.prus.dev/vendor/laravel/framework/src/Illuminate/Database/Connection.php:776
/www/wwwroot/jobportal.prus.dev/vendor/laravel/framework/src/Illuminate/Database/Connection.php:557
/www/wwwroot/jobportal.prus.dev/vendor/laravel/framework/src/Illuminate/Database/Connection.php:521
/www/wwwroot/jobportal.prus.dev/vendor/laravel/framework/src/Illuminate/Database/Query/Processors/Processor.php:32
/www/wwwroot/jobportal.prus.dev/vendor/laravel/framework/src/Illuminate/Database/Query/Builder.php:3796
/www/wwwroot/jobportal.prus.dev/vendor/laravel/framework/src/Illuminate/Database/Eloquent/Builder.php:2205
/www/wwwroot/jobportal.prus.dev/vendor/laravel/framework/src/Illuminate/Database/Eloquent/Model.php:1408
/www/wwwroot/jobportal.prus.dev/vendor/laravel/framework/src/Illuminate/Database/Eloquent/Model.php:1373
/www/wwwroot/jobportal.prus.dev/vendor/laravel/framework/src/Illuminate/Database/Eloquent/Model.php:1212
/www/wwwroot/jobportal.prus.dev/vendor/laravel/framework/src/Illuminate/Database/Eloquent/Factories/Factory.php:351
/www/wwwroot/jobportal.prus.dev/vendor/laravel/framework/src/Illuminate/Collections/Traits/EnumeratesValues.php:271
/www/wwwroot/jobportal.prus.dev/vendor/laravel/framework/src/Illuminate/Database/Eloquent/Factories/Factory.php:346
/www/wwwroot/jobportal.prus.dev/vendor/laravel/framework/src/Illuminate/Database/Eloquent/Factories/Factory.php:302
/www/wwwroot/jobportal.prus.dev/vendor/laravel/framework/src/Illuminate/Database/Eloquent/Factories/Factory.php:296
/www/wwwroot/jobportal.prus.dev/tests/Unit/Models/StateTest.php:38</error>
        </testcase>
        <testcase name="scope_non_featured_returns_only_non_featured_states" file="/www/wwwroot/jobportal.prus.dev/tests/Unit/Models/StateTest.php" line="265" class="Tests\Unit\Models\StateTest" classname="Tests.Unit.Models.StateTest" assertions="0" time="0.000000">
          <error type="Illuminate\Database\QueryException">Tests\Unit\Models\StateTest::scope_non_featured_returns_only_non_featured_states
Illuminate\Database\QueryException: SQLSTATE[HY000]: General error: 1 table states has no column named code (Connection: sqlite, SQL: insert into "states" ("country_id", "name", "code", "is_active", "is_featured", "latitude", "longitude", "timezone", "population", "updated_at", "created_at") values (6, Test State, TS, 1, 1, 40.7128, -74.006, America/New_York, 8000000, 2025-08-09 10:54:39, 2025-08-09 10:54:39))

/www/wwwroot/jobportal.prus.dev/vendor/laravel/framework/src/Illuminate/Database/Connection.php:822
/www/wwwroot/jobportal.prus.dev/vendor/laravel/framework/src/Illuminate/Database/Connection.php:776
/www/wwwroot/jobportal.prus.dev/vendor/laravel/framework/src/Illuminate/Database/Connection.php:557
/www/wwwroot/jobportal.prus.dev/vendor/laravel/framework/src/Illuminate/Database/Connection.php:521
/www/wwwroot/jobportal.prus.dev/vendor/laravel/framework/src/Illuminate/Database/Query/Processors/Processor.php:32
/www/wwwroot/jobportal.prus.dev/vendor/laravel/framework/src/Illuminate/Database/Query/Builder.php:3796
/www/wwwroot/jobportal.prus.dev/vendor/laravel/framework/src/Illuminate/Database/Eloquent/Builder.php:2205
/www/wwwroot/jobportal.prus.dev/vendor/laravel/framework/src/Illuminate/Database/Eloquent/Model.php:1408
/www/wwwroot/jobportal.prus.dev/vendor/laravel/framework/src/Illuminate/Database/Eloquent/Model.php:1373
/www/wwwroot/jobportal.prus.dev/vendor/laravel/framework/src/Illuminate/Database/Eloquent/Model.php:1212
/www/wwwroot/jobportal.prus.dev/vendor/laravel/framework/src/Illuminate/Database/Eloquent/Factories/Factory.php:351
/www/wwwroot/jobportal.prus.dev/vendor/laravel/framework/src/Illuminate/Collections/Traits/EnumeratesValues.php:271
/www/wwwroot/jobportal.prus.dev/vendor/laravel/framework/src/Illuminate/Database/Eloquent/Factories/Factory.php:346
/www/wwwroot/jobportal.prus.dev/vendor/laravel/framework/src/Illuminate/Database/Eloquent/Factories/Factory.php:302
/www/wwwroot/jobportal.prus.dev/vendor/laravel/framework/src/Illuminate/Database/Eloquent/Factories/Factory.php:296
/www/wwwroot/jobportal.prus.dev/tests/Unit/Models/StateTest.php:38</error>
        </testcase>
        <testcase name="scope_by_country_filters_by_country_id" file="/www/wwwroot/jobportal.prus.dev/tests/Unit/Models/StateTest.php" line="279" class="Tests\Unit\Models\StateTest" classname="Tests.Unit.Models.StateTest" assertions="0" time="0.000000">
          <error type="Illuminate\Database\QueryException">Tests\Unit\Models\StateTest::scope_by_country_filters_by_country_id
Illuminate\Database\QueryException: SQLSTATE[HY000]: General error: 1 table states has no column named code (Connection: sqlite, SQL: insert into "states" ("country_id", "name", "code", "is_active", "is_featured", "latitude", "longitude", "timezone", "population", "updated_at", "created_at") values (6, Test State, TS, 1, 1, 40.7128, -74.006, America/New_York, 8000000, 2025-08-09 10:54:40, 2025-08-09 10:54:40))

/www/wwwroot/jobportal.prus.dev/vendor/laravel/framework/src/Illuminate/Database/Connection.php:822
/www/wwwroot/jobportal.prus.dev/vendor/laravel/framework/src/Illuminate/Database/Connection.php:776
/www/wwwroot/jobportal.prus.dev/vendor/laravel/framework/src/Illuminate/Database/Connection.php:557
/www/wwwroot/jobportal.prus.dev/vendor/laravel/framework/src/Illuminate/Database/Connection.php:521
/www/wwwroot/jobportal.prus.dev/vendor/laravel/framework/src/Illuminate/Database/Query/Processors/Processor.php:32
/www/wwwroot/jobportal.prus.dev/vendor/laravel/framework/src/Illuminate/Database/Query/Builder.php:3796
/www/wwwroot/jobportal.prus.dev/vendor/laravel/framework/src/Illuminate/Database/Eloquent/Builder.php:2205
/www/wwwroot/jobportal.prus.dev/vendor/laravel/framework/src/Illuminate/Database/Eloquent/Model.php:1408
/www/wwwroot/jobportal.prus.dev/vendor/laravel/framework/src/Illuminate/Database/Eloquent/Model.php:1373
/www/wwwroot/jobportal.prus.dev/vendor/laravel/framework/src/Illuminate/Database/Eloquent/Model.php:1212
/www/wwwroot/jobportal.prus.dev/vendor/laravel/framework/src/Illuminate/Database/Eloquent/Factories/Factory.php:351
/www/wwwroot/jobportal.prus.dev/vendor/laravel/framework/src/Illuminate/Collections/Traits/EnumeratesValues.php:271
/www/wwwroot/jobportal.prus.dev/vendor/laravel/framework/src/Illuminate/Database/Eloquent/Factories/Factory.php:346
/www/wwwroot/jobportal.prus.dev/vendor/laravel/framework/src/Illuminate/Database/Eloquent/Factories/Factory.php:302
/www/wwwroot/jobportal.prus.dev/vendor/laravel/framework/src/Illuminate/Database/Eloquent/Factories/Factory.php:296
/www/wwwroot/jobportal.prus.dev/tests/Unit/Models/StateTest.php:38</error>
        </testcase>
        <testcase name="scope_in_countries_filters_by_multiple_country_ids" file="/www/wwwroot/jobportal.prus.dev/tests/Unit/Models/StateTest.php" line="291" class="Tests\Unit\Models\StateTest" classname="Tests.Unit.Models.StateTest" assertions="0" time="0.000000">
          <error type="Illuminate\Database\QueryException">Tests\Unit\Models\StateTest::scope_in_countries_filters_by_multiple_country_ids
Illuminate\Database\QueryException: SQLSTATE[HY000]: General error: 1 table states has no column named code (Connection: sqlite, SQL: insert into "states" ("country_id", "name", "code", "is_active", "is_featured", "latitude", "longitude", "timezone", "population", "updated_at", "created_at") values (6, Test State, TS, 1, 1, 40.7128, -74.006, America/New_York, 8000000, 2025-08-09 10:54:41, 2025-08-09 10:54:41))

/www/wwwroot/jobportal.prus.dev/vendor/laravel/framework/src/Illuminate/Database/Connection.php:822
/www/wwwroot/jobportal.prus.dev/vendor/laravel/framework/src/Illuminate/Database/Connection.php:776
/www/wwwroot/jobportal.prus.dev/vendor/laravel/framework/src/Illuminate/Database/Connection.php:557
/www/wwwroot/jobportal.prus.dev/vendor/laravel/framework/src/Illuminate/Database/Connection.php:521
/www/wwwroot/jobportal.prus.dev/vendor/laravel/framework/src/Illuminate/Database/Query/Processors/Processor.php:32
/www/wwwroot/jobportal.prus.dev/vendor/laravel/framework/src/Illuminate/Database/Query/Builder.php:3796
/www/wwwroot/jobportal.prus.dev/vendor/laravel/framework/src/Illuminate/Database/Eloquent/Builder.php:2205
/www/wwwroot/jobportal.prus.dev/vendor/laravel/framework/src/Illuminate/Database/Eloquent/Model.php:1408
/www/wwwroot/jobportal.prus.dev/vendor/laravel/framework/src/Illuminate/Database/Eloquent/Model.php:1373
/www/wwwroot/jobportal.prus.dev/vendor/laravel/framework/src/Illuminate/Database/Eloquent/Model.php:1212
/www/wwwroot/jobportal.prus.dev/vendor/laravel/framework/src/Illuminate/Database/Eloquent/Factories/Factory.php:351
/www/wwwroot/jobportal.prus.dev/vendor/laravel/framework/src/Illuminate/Collections/Traits/EnumeratesValues.php:271
/www/wwwroot/jobportal.prus.dev/vendor/laravel/framework/src/Illuminate/Database/Eloquent/Factories/Factory.php:346
/www/wwwroot/jobportal.prus.dev/vendor/laravel/framework/src/Illuminate/Database/Eloquent/Factories/Factory.php:302
/www/wwwroot/jobportal.prus.dev/vendor/laravel/framework/src/Illuminate/Database/Eloquent/Factories/Factory.php:296
/www/wwwroot/jobportal.prus.dev/tests/Unit/Models/StateTest.php:38</error>
        </testcase>
        <testcase name="scope_by_code_filters_by_state_code" file="/www/wwwroot/jobportal.prus.dev/tests/Unit/Models/StateTest.php" line="307" class="Tests\Unit\Models\StateTest" classname="Tests.Unit.Models.StateTest" assertions="0" time="0.000000">
          <error type="Illuminate\Database\QueryException">Tests\Unit\Models\StateTest::scope_by_code_filters_by_state_code
Illuminate\Database\QueryException: SQLSTATE[HY000]: General error: 1 table states has no column named code (Connection: sqlite, SQL: insert into "states" ("country_id", "name", "code", "is_active", "is_featured", "latitude", "longitude", "timezone", "population", "updated_at", "created_at") values (6, Test State, TS, 1, 1, 40.7128, -74.006, America/New_York, 8000000, 2025-08-09 10:54:42, 2025-08-09 10:54:42))

/www/wwwroot/jobportal.prus.dev/vendor/laravel/framework/src/Illuminate/Database/Connection.php:822
/www/wwwroot/jobportal.prus.dev/vendor/laravel/framework/src/Illuminate/Database/Connection.php:776
/www/wwwroot/jobportal.prus.dev/vendor/laravel/framework/src/Illuminate/Database/Connection.php:557
/www/wwwroot/jobportal.prus.dev/vendor/laravel/framework/src/Illuminate/Database/Connection.php:521
/www/wwwroot/jobportal.prus.dev/vendor/laravel/framework/src/Illuminate/Database/Query/Processors/Processor.php:32
/www/wwwroot/jobportal.prus.dev/vendor/laravel/framework/src/Illuminate/Database/Query/Builder.php:3796
/www/wwwroot/jobportal.prus.dev/vendor/laravel/framework/src/Illuminate/Database/Eloquent/Builder.php:2205
/www/wwwroot/jobportal.prus.dev/vendor/laravel/framework/src/Illuminate/Database/Eloquent/Model.php:1408
/www/wwwroot/jobportal.prus.dev/vendor/laravel/framework/src/Illuminate/Database/Eloquent/Model.php:1373
/www/wwwroot/jobportal.prus.dev/vendor/laravel/framework/src/Illuminate/Database/Eloquent/Model.php:1212
/www/wwwroot/jobportal.prus.dev/vendor/laravel/framework/src/Illuminate/Database/Eloquent/Factories/Factory.php:351
/www/wwwroot/jobportal.prus.dev/vendor/laravel/framework/src/Illuminate/Collections/Traits/EnumeratesValues.php:271
/www/wwwroot/jobportal.prus.dev/vendor/laravel/framework/src/Illuminate/Database/Eloquent/Factories/Factory.php:346
/www/wwwroot/jobportal.prus.dev/vendor/laravel/framework/src/Illuminate/Database/Eloquent/Factories/Factory.php:302
/www/wwwroot/jobportal.prus.dev/vendor/laravel/framework/src/Illuminate/Database/Eloquent/Factories/Factory.php:296
/www/wwwroot/jobportal.prus.dev/tests/Unit/Models/StateTest.php:38</error>
        </testcase>
        <testcase name="scope_search_finds_states_by_name_or_code" file="/www/wwwroot/jobportal.prus.dev/tests/Unit/Models/StateTest.php" line="321" class="Tests\Unit\Models\StateTest" classname="Tests.Unit.Models.StateTest" assertions="0" time="0.000000">
          <error type="Illuminate\Database\QueryException">Tests\Unit\Models\StateTest::scope_search_finds_states_by_name_or_code
Illuminate\Database\QueryException: SQLSTATE[HY000]: General error: 1 table states has no column named code (Connection: sqlite, SQL: insert into "states" ("country_id", "name", "code", "is_active", "is_featured", "latitude", "longitude", "timezone", "population", "updated_at", "created_at") values (6, Test State, TS, 1, 1, 40.7128, -74.006, America/New_York, 8000000, 2025-08-09 10:54:43, 2025-08-09 10:54:43))

/www/wwwroot/jobportal.prus.dev/vendor/laravel/framework/src/Illuminate/Database/Connection.php:822
/www/wwwroot/jobportal.prus.dev/vendor/laravel/framework/src/Illuminate/Database/Connection.php:776
/www/wwwroot/jobportal.prus.dev/vendor/laravel/framework/src/Illuminate/Database/Connection.php:557
/www/wwwroot/jobportal.prus.dev/vendor/laravel/framework/src/Illuminate/Database/Connection.php:521
/www/wwwroot/jobportal.prus.dev/vendor/laravel/framework/src/Illuminate/Database/Query/Processors/Processor.php:32
/www/wwwroot/jobportal.prus.dev/vendor/laravel/framework/src/Illuminate/Database/Query/Builder.php:3796
/www/wwwroot/jobportal.prus.dev/vendor/laravel/framework/src/Illuminate/Database/Eloquent/Builder.php:2205
/www/wwwroot/jobportal.prus.dev/vendor/laravel/framework/src/Illuminate/Database/Eloquent/Model.php:1408
/www/wwwroot/jobportal.prus.dev/vendor/laravel/framework/src/Illuminate/Database/Eloquent/Model.php:1373
/www/wwwroot/jobportal.prus.dev/vendor/laravel/framework/src/Illuminate/Database/Eloquent/Model.php:1212
/www/wwwroot/jobportal.prus.dev/vendor/laravel/framework/src/Illuminate/Database/Eloquent/Factories/Factory.php:351
/www/wwwroot/jobportal.prus.dev/vendor/laravel/framework/src/Illuminate/Collections/Traits/EnumeratesValues.php:271
/www/wwwroot/jobportal.prus.dev/vendor/laravel/framework/src/Illuminate/Database/Eloquent/Factories/Factory.php:346
/www/wwwroot/jobportal.prus.dev/vendor/laravel/framework/src/Illuminate/Database/Eloquent/Factories/Factory.php:302
/www/wwwroot/jobportal.prus.dev/vendor/laravel/framework/src/Illuminate/Database/Eloquent/Factories/Factory.php:296
/www/wwwroot/jobportal.prus.dev/tests/Unit/Models/StateTest.php:38</error>
        </testcase>
        <testcase name="scope_recent_returns_states_created_within_days" file="/www/wwwroot/jobportal.prus.dev/tests/Unit/Models/StateTest.php" line="334" class="Tests\Unit\Models\StateTest" classname="Tests.Unit.Models.StateTest" assertions="0" time="0.000000">
          <error type="Illuminate\Database\QueryException">Tests\Unit\Models\StateTest::scope_recent_returns_states_created_within_days
Illuminate\Database\QueryException: SQLSTATE[HY000]: General error: 1 table states has no column named code (Connection: sqlite, SQL: insert into "states" ("country_id", "name", "code", "is_active", "is_featured", "latitude", "longitude", "timezone", "population", "updated_at", "created_at") values (6, Test State, TS, 1, 1, 40.7128, -74.006, America/New_York, 8000000, 2025-08-09 10:54:44, 2025-08-09 10:54:44))

/www/wwwroot/jobportal.prus.dev/vendor/laravel/framework/src/Illuminate/Database/Connection.php:822
/www/wwwroot/jobportal.prus.dev/vendor/laravel/framework/src/Illuminate/Database/Connection.php:776
/www/wwwroot/jobportal.prus.dev/vendor/laravel/framework/src/Illuminate/Database/Connection.php:557
/www/wwwroot/jobportal.prus.dev/vendor/laravel/framework/src/Illuminate/Database/Connection.php:521
/www/wwwroot/jobportal.prus.dev/vendor/laravel/framework/src/Illuminate/Database/Query/Processors/Processor.php:32
/www/wwwroot/jobportal.prus.dev/vendor/laravel/framework/src/Illuminate/Database/Query/Builder.php:3796
/www/wwwroot/jobportal.prus.dev/vendor/laravel/framework/src/Illuminate/Database/Eloquent/Builder.php:2205
/www/wwwroot/jobportal.prus.dev/vendor/laravel/framework/src/Illuminate/Database/Eloquent/Model.php:1408
/www/wwwroot/jobportal.prus.dev/vendor/laravel/framework/src/Illuminate/Database/Eloquent/Model.php:1373
/www/wwwroot/jobportal.prus.dev/vendor/laravel/framework/src/Illuminate/Database/Eloquent/Model.php:1212
/www/wwwroot/jobportal.prus.dev/vendor/laravel/framework/src/Illuminate/Database/Eloquent/Factories/Factory.php:351
/www/wwwroot/jobportal.prus.dev/vendor/laravel/framework/src/Illuminate/Collections/Traits/EnumeratesValues.php:271
/www/wwwroot/jobportal.prus.dev/vendor/laravel/framework/src/Illuminate/Database/Eloquent/Factories/Factory.php:346
/www/wwwroot/jobportal.prus.dev/vendor/laravel/framework/src/Illuminate/Database/Eloquent/Factories/Factory.php:302
/www/wwwroot/jobportal.prus.dev/vendor/laravel/framework/src/Illuminate/Database/Eloquent/Factories/Factory.php:296
/www/wwwroot/jobportal.prus.dev/tests/Unit/Models/StateTest.php:38</error>
        </testcase>
        <testcase name="scope_old_returns_states_created_before_days" file="/www/wwwroot/jobportal.prus.dev/tests/Unit/Models/StateTest.php" line="348" class="Tests\Unit\Models\StateTest" classname="Tests.Unit.Models.StateTest" assertions="0" time="0.000000">
          <error type="Illuminate\Database\QueryException">Tests\Unit\Models\StateTest::scope_old_returns_states_created_before_days
Illuminate\Database\QueryException: SQLSTATE[HY000]: General error: 1 table states has no column named code (Connection: sqlite, SQL: insert into "states" ("country_id", "name", "code", "is_active", "is_featured", "latitude", "longitude", "timezone", "population", "updated_at", "created_at") values (6, Test State, TS, 1, 1, 40.7128, -74.006, America/New_York, 8000000, 2025-08-09 10:54:45, 2025-08-09 10:54:45))

/www/wwwroot/jobportal.prus.dev/vendor/laravel/framework/src/Illuminate/Database/Connection.php:822
/www/wwwroot/jobportal.prus.dev/vendor/laravel/framework/src/Illuminate/Database/Connection.php:776
/www/wwwroot/jobportal.prus.dev/vendor/laravel/framework/src/Illuminate/Database/Connection.php:557
/www/wwwroot/jobportal.prus.dev/vendor/laravel/framework/src/Illuminate/Database/Connection.php:521
/www/wwwroot/jobportal.prus.dev/vendor/laravel/framework/src/Illuminate/Database/Query/Processors/Processor.php:32
/www/wwwroot/jobportal.prus.dev/vendor/laravel/framework/src/Illuminate/Database/Query/Builder.php:3796
/www/wwwroot/jobportal.prus.dev/vendor/laravel/framework/src/Illuminate/Database/Eloquent/Builder.php:2205
/www/wwwroot/jobportal.prus.dev/vendor/laravel/framework/src/Illuminate/Database/Eloquent/Model.php:1408
/www/wwwroot/jobportal.prus.dev/vendor/laravel/framework/src/Illuminate/Database/Eloquent/Model.php:1373
/www/wwwroot/jobportal.prus.dev/vendor/laravel/framework/src/Illuminate/Database/Eloquent/Model.php:1212
/www/wwwroot/jobportal.prus.dev/vendor/laravel/framework/src/Illuminate/Database/Eloquent/Factories/Factory.php:351
/www/wwwroot/jobportal.prus.dev/vendor/laravel/framework/src/Illuminate/Collections/Traits/EnumeratesValues.php:271
/www/wwwroot/jobportal.prus.dev/vendor/laravel/framework/src/Illuminate/Database/Eloquent/Factories/Factory.php:346
/www/wwwroot/jobportal.prus.dev/vendor/laravel/framework/src/Illuminate/Database/Eloquent/Factories/Factory.php:302
/www/wwwroot/jobportal.prus.dev/vendor/laravel/framework/src/Illuminate/Database/Eloquent/Factories/Factory.php:296
/www/wwwroot/jobportal.prus.dev/tests/Unit/Models/StateTest.php:38</error>
        </testcase>
        <testcase name="scope_alphabetical_orders_states_by_name" file="/www/wwwroot/jobportal.prus.dev/tests/Unit/Models/StateTest.php" line="362" class="Tests\Unit\Models\StateTest" classname="Tests.Unit.Models.StateTest" assertions="0" time="0.000000">
          <error type="Illuminate\Database\QueryException">Tests\Unit\Models\StateTest::scope_alphabetical_orders_states_by_name
Illuminate\Database\QueryException: SQLSTATE[HY000]: General error: 1 table states has no column named code (Connection: sqlite, SQL: insert into "states" ("country_id", "name", "code", "is_active", "is_featured", "latitude", "longitude", "timezone", "population", "updated_at", "created_at") values (6, Test State, TS, 1, 1, 40.7128, -74.006, America/New_York, 8000000, 2025-08-09 10:54:46, 2025-08-09 10:54:46))

/www/wwwroot/jobportal.prus.dev/vendor/laravel/framework/src/Illuminate/Database/Connection.php:822
/www/wwwroot/jobportal.prus.dev/vendor/laravel/framework/src/Illuminate/Database/Connection.php:776
/www/wwwroot/jobportal.prus.dev/vendor/laravel/framework/src/Illuminate/Database/Connection.php:557
/www/wwwroot/jobportal.prus.dev/vendor/laravel/framework/src/Illuminate/Database/Connection.php:521
/www/wwwroot/jobportal.prus.dev/vendor/laravel/framework/src/Illuminate/Database/Query/Processors/Processor.php:32
/www/wwwroot/jobportal.prus.dev/vendor/laravel/framework/src/Illuminate/Database/Query/Builder.php:3796
/www/wwwroot/jobportal.prus.dev/vendor/laravel/framework/src/Illuminate/Database/Eloquent/Builder.php:2205
/www/wwwroot/jobportal.prus.dev/vendor/laravel/framework/src/Illuminate/Database/Eloquent/Model.php:1408
/www/wwwroot/jobportal.prus.dev/vendor/laravel/framework/src/Illuminate/Database/Eloquent/Model.php:1373
/www/wwwroot/jobportal.prus.dev/vendor/laravel/framework/src/Illuminate/Database/Eloquent/Model.php:1212
/www/wwwroot/jobportal.prus.dev/vendor/laravel/framework/src/Illuminate/Database/Eloquent/Factories/Factory.php:351
/www/wwwroot/jobportal.prus.dev/vendor/laravel/framework/src/Illuminate/Collections/Traits/EnumeratesValues.php:271
/www/wwwroot/jobportal.prus.dev/vendor/laravel/framework/src/Illuminate/Database/Eloquent/Factories/Factory.php:346
/www/wwwroot/jobportal.prus.dev/vendor/laravel/framework/src/Illuminate/Database/Eloquent/Factories/Factory.php:302
/www/wwwroot/jobportal.prus.dev/vendor/laravel/framework/src/Illuminate/Database/Eloquent/Factories/Factory.php:296
/www/wwwroot/jobportal.prus.dev/tests/Unit/Models/StateTest.php:38</error>
        </testcase>
        <testcase name="scope_with_cities_returns_states_that_have_cities" file="/www/wwwroot/jobportal.prus.dev/tests/Unit/Models/StateTest.php" line="380" class="Tests\Unit\Models\StateTest" classname="Tests.Unit.Models.StateTest" assertions="0" time="0.000000">
          <error type="Illuminate\Database\QueryException">Tests\Unit\Models\StateTest::scope_with_cities_returns_states_that_have_cities
Illuminate\Database\QueryException: SQLSTATE[HY000]: General error: 1 table states has no column named code (Connection: sqlite, SQL: insert into "states" ("country_id", "name", "code", "is_active", "is_featured", "latitude", "longitude", "timezone", "population", "updated_at", "created_at") values (6, Test State, TS, 1, 1, 40.7128, -74.006, America/New_York, 8000000, 2025-08-09 10:54:47, 2025-08-09 10:54:47))

/www/wwwroot/jobportal.prus.dev/vendor/laravel/framework/src/Illuminate/Database/Connection.php:822
/www/wwwroot/jobportal.prus.dev/vendor/laravel/framework/src/Illuminate/Database/Connection.php:776
/www/wwwroot/jobportal.prus.dev/vendor/laravel/framework/src/Illuminate/Database/Connection.php:557
/www/wwwroot/jobportal.prus.dev/vendor/laravel/framework/src/Illuminate/Database/Connection.php:521
/www/wwwroot/jobportal.prus.dev/vendor/laravel/framework/src/Illuminate/Database/Query/Processors/Processor.php:32
/www/wwwroot/jobportal.prus.dev/vendor/laravel/framework/src/Illuminate/Database/Query/Builder.php:3796
/www/wwwroot/jobportal.prus.dev/vendor/laravel/framework/src/Illuminate/Database/Eloquent/Builder.php:2205
/www/wwwroot/jobportal.prus.dev/vendor/laravel/framework/src/Illuminate/Database/Eloquent/Model.php:1408
/www/wwwroot/jobportal.prus.dev/vendor/laravel/framework/src/Illuminate/Database/Eloquent/Model.php:1373
/www/wwwroot/jobportal.prus.dev/vendor/laravel/framework/src/Illuminate/Database/Eloquent/Model.php:1212
/www/wwwroot/jobportal.prus.dev/vendor/laravel/framework/src/Illuminate/Database/Eloquent/Factories/Factory.php:351
/www/wwwroot/jobportal.prus.dev/vendor/laravel/framework/src/Illuminate/Collections/Traits/EnumeratesValues.php:271
/www/wwwroot/jobportal.prus.dev/vendor/laravel/framework/src/Illuminate/Database/Eloquent/Factories/Factory.php:346
/www/wwwroot/jobportal.prus.dev/vendor/laravel/framework/src/Illuminate/Database/Eloquent/Factories/Factory.php:302
/www/wwwroot/jobportal.prus.dev/vendor/laravel/framework/src/Illuminate/Database/Eloquent/Factories/Factory.php:296
/www/wwwroot/jobportal.prus.dev/tests/Unit/Models/StateTest.php:38</error>
        </testcase>
        <testcase name="scope_without_cities_returns_states_that_have_no_cities" file="/www/wwwroot/jobportal.prus.dev/tests/Unit/Models/StateTest.php" line="392" class="Tests\Unit\Models\StateTest" classname="Tests.Unit.Models.StateTest" assertions="0" time="0.000000">
          <error type="Illuminate\Database\QueryException">Tests\Unit\Models\StateTest::scope_without_cities_returns_states_that_have_no_cities
Illuminate\Database\QueryException: SQLSTATE[HY000]: General error: 1 table states has no column named code (Connection: sqlite, SQL: insert into "states" ("country_id", "name", "code", "is_active", "is_featured", "latitude", "longitude", "timezone", "population", "updated_at", "created_at") values (6, Test State, TS, 1, 1, 40.7128, -74.006, America/New_York, 8000000, 2025-08-09 10:54:48, 2025-08-09 10:54:48))

/www/wwwroot/jobportal.prus.dev/vendor/laravel/framework/src/Illuminate/Database/Connection.php:822
/www/wwwroot/jobportal.prus.dev/vendor/laravel/framework/src/Illuminate/Database/Connection.php:776
/www/wwwroot/jobportal.prus.dev/vendor/laravel/framework/src/Illuminate/Database/Connection.php:557
/www/wwwroot/jobportal.prus.dev/vendor/laravel/framework/src/Illuminate/Database/Connection.php:521
/www/wwwroot/jobportal.prus.dev/vendor/laravel/framework/src/Illuminate/Database/Query/Processors/Processor.php:32
/www/wwwroot/jobportal.prus.dev/vendor/laravel/framework/src/Illuminate/Database/Query/Builder.php:3796
/www/wwwroot/jobportal.prus.dev/vendor/laravel/framework/src/Illuminate/Database/Eloquent/Builder.php:2205
/www/wwwroot/jobportal.prus.dev/vendor/laravel/framework/src/Illuminate/Database/Eloquent/Model.php:1408
/www/wwwroot/jobportal.prus.dev/vendor/laravel/framework/src/Illuminate/Database/Eloquent/Model.php:1373
/www/wwwroot/jobportal.prus.dev/vendor/laravel/framework/src/Illuminate/Database/Eloquent/Model.php:1212
/www/wwwroot/jobportal.prus.dev/vendor/laravel/framework/src/Illuminate/Database/Eloquent/Factories/Factory.php:351
/www/wwwroot/jobportal.prus.dev/vendor/laravel/framework/src/Illuminate/Collections/Traits/EnumeratesValues.php:271
/www/wwwroot/jobportal.prus.dev/vendor/laravel/framework/src/Illuminate/Database/Eloquent/Factories/Factory.php:346
/www/wwwroot/jobportal.prus.dev/vendor/laravel/framework/src/Illuminate/Database/Eloquent/Factories/Factory.php:302
/www/wwwroot/jobportal.prus.dev/vendor/laravel/framework/src/Illuminate/Database/Eloquent/Factories/Factory.php:296
/www/wwwroot/jobportal.prus.dev/tests/Unit/Models/StateTest.php:38</error>
        </testcase>
        <testcase name="scope_with_coordinates_returns_states_with_lat_lng" file="/www/wwwroot/jobportal.prus.dev/tests/Unit/Models/StateTest.php" line="404" class="Tests\Unit\Models\StateTest" classname="Tests.Unit.Models.StateTest" assertions="0" time="0.000000">
          <error type="Illuminate\Database\QueryException">Tests\Unit\Models\StateTest::scope_with_coordinates_returns_states_with_lat_lng
Illuminate\Database\QueryException: SQLSTATE[HY000]: General error: 1 table states has no column named code (Connection: sqlite, SQL: insert into "states" ("country_id", "name", "code", "is_active", "is_featured", "latitude", "longitude", "timezone", "population", "updated_at", "created_at") values (6, Test State, TS, 1, 1, 40.7128, -74.006, America/New_York, 8000000, 2025-08-09 10:54:49, 2025-08-09 10:54:49))

/www/wwwroot/jobportal.prus.dev/vendor/laravel/framework/src/Illuminate/Database/Connection.php:822
/www/wwwroot/jobportal.prus.dev/vendor/laravel/framework/src/Illuminate/Database/Connection.php:776
/www/wwwroot/jobportal.prus.dev/vendor/laravel/framework/src/Illuminate/Database/Connection.php:557
/www/wwwroot/jobportal.prus.dev/vendor/laravel/framework/src/Illuminate/Database/Connection.php:521
/www/wwwroot/jobportal.prus.dev/vendor/laravel/framework/src/Illuminate/Database/Query/Processors/Processor.php:32
/www/wwwroot/jobportal.prus.dev/vendor/laravel/framework/src/Illuminate/Database/Query/Builder.php:3796
/www/wwwroot/jobportal.prus.dev/vendor/laravel/framework/src/Illuminate/Database/Eloquent/Builder.php:2205
/www/wwwroot/jobportal.prus.dev/vendor/laravel/framework/src/Illuminate/Database/Eloquent/Model.php:1408
/www/wwwroot/jobportal.prus.dev/vendor/laravel/framework/src/Illuminate/Database/Eloquent/Model.php:1373
/www/wwwroot/jobportal.prus.dev/vendor/laravel/framework/src/Illuminate/Database/Eloquent/Model.php:1212
/www/wwwroot/jobportal.prus.dev/vendor/laravel/framework/src/Illuminate/Database/Eloquent/Factories/Factory.php:351
/www/wwwroot/jobportal.prus.dev/vendor/laravel/framework/src/Illuminate/Collections/Traits/EnumeratesValues.php:271
/www/wwwroot/jobportal.prus.dev/vendor/laravel/framework/src/Illuminate/Database/Eloquent/Factories/Factory.php:346
/www/wwwroot/jobportal.prus.dev/vendor/laravel/framework/src/Illuminate/Database/Eloquent/Factories/Factory.php:302
/www/wwwroot/jobportal.prus.dev/vendor/laravel/framework/src/Illuminate/Database/Eloquent/Factories/Factory.php:296
/www/wwwroot/jobportal.prus.dev/tests/Unit/Models/StateTest.php:38</error>
        </testcase>
        <testcase name="scope_without_coordinates_returns_states_without_lat_lng" file="/www/wwwroot/jobportal.prus.dev/tests/Unit/Models/StateTest.php" line="419" class="Tests\Unit\Models\StateTest" classname="Tests.Unit.Models.StateTest" assertions="0" time="0.000000">
          <error type="Illuminate\Database\QueryException">Tests\Unit\Models\StateTest::scope_without_coordinates_returns_states_without_lat_lng
Illuminate\Database\QueryException: SQLSTATE[HY000]: General error: 1 table states has no column named code (Connection: sqlite, SQL: insert into "states" ("country_id", "name", "code", "is_active", "is_featured", "latitude", "longitude", "timezone", "population", "updated_at", "created_at") values (6, Test State, TS, 1, 1, 40.7128, -74.006, America/New_York, 8000000, 2025-08-09 10:54:50, 2025-08-09 10:54:50))

/www/wwwroot/jobportal.prus.dev/vendor/laravel/framework/src/Illuminate/Database/Connection.php:822
/www/wwwroot/jobportal.prus.dev/vendor/laravel/framework/src/Illuminate/Database/Connection.php:776
/www/wwwroot/jobportal.prus.dev/vendor/laravel/framework/src/Illuminate/Database/Connection.php:557
/www/wwwroot/jobportal.prus.dev/vendor/laravel/framework/src/Illuminate/Database/Connection.php:521
/www/wwwroot/jobportal.prus.dev/vendor/laravel/framework/src/Illuminate/Database/Query/Processors/Processor.php:32
/www/wwwroot/jobportal.prus.dev/vendor/laravel/framework/src/Illuminate/Database/Query/Builder.php:3796
/www/wwwroot/jobportal.prus.dev/vendor/laravel/framework/src/Illuminate/Database/Eloquent/Builder.php:2205
/www/wwwroot/jobportal.prus.dev/vendor/laravel/framework/src/Illuminate/Database/Eloquent/Model.php:1408
/www/wwwroot/jobportal.prus.dev/vendor/laravel/framework/src/Illuminate/Database/Eloquent/Model.php:1373
/www/wwwroot/jobportal.prus.dev/vendor/laravel/framework/src/Illuminate/Database/Eloquent/Model.php:1212
/www/wwwroot/jobportal.prus.dev/vendor/laravel/framework/src/Illuminate/Database/Eloquent/Factories/Factory.php:351
/www/wwwroot/jobportal.prus.dev/vendor/laravel/framework/src/Illuminate/Collections/Traits/EnumeratesValues.php:271
/www/wwwroot/jobportal.prus.dev/vendor/laravel/framework/src/Illuminate/Database/Eloquent/Factories/Factory.php:346
/www/wwwroot/jobportal.prus.dev/vendor/laravel/framework/src/Illuminate/Database/Eloquent/Factories/Factory.php:302
/www/wwwroot/jobportal.prus.dev/vendor/laravel/framework/src/Illuminate/Database/Eloquent/Factories/Factory.php:296
/www/wwwroot/jobportal.prus.dev/tests/Unit/Models/StateTest.php:38</error>
        </testcase>
        <testcase name="scope_population_greater_than_filters_by_population" file="/www/wwwroot/jobportal.prus.dev/tests/Unit/Models/StateTest.php" line="434" class="Tests\Unit\Models\StateTest" classname="Tests.Unit.Models.StateTest" assertions="0" time="0.000000">
          <error type="Illuminate\Database\QueryException">Tests\Unit\Models\StateTest::scope_population_greater_than_filters_by_population
Illuminate\Database\QueryException: SQLSTATE[HY000]: General error: 1 table states has no column named code (Connection: sqlite, SQL: insert into "states" ("country_id", "name", "code", "is_active", "is_featured", "latitude", "longitude", "timezone", "population", "updated_at", "created_at") values (6, Test State, TS, 1, 1, 40.7128, -74.006, America/New_York, 8000000, 2025-08-09 10:54:51, 2025-08-09 10:54:51))

/www/wwwroot/jobportal.prus.dev/vendor/laravel/framework/src/Illuminate/Database/Connection.php:822
/www/wwwroot/jobportal.prus.dev/vendor/laravel/framework/src/Illuminate/Database/Connection.php:776
/www/wwwroot/jobportal.prus.dev/vendor/laravel/framework/src/Illuminate/Database/Connection.php:557
/www/wwwroot/jobportal.prus.dev/vendor/laravel/framework/src/Illuminate/Database/Connection.php:521
/www/wwwroot/jobportal.prus.dev/vendor/laravel/framework/src/Illuminate/Database/Query/Processors/Processor.php:32
/www/wwwroot/jobportal.prus.dev/vendor/laravel/framework/src/Illuminate/Database/Query/Builder.php:3796
/www/wwwroot/jobportal.prus.dev/vendor/laravel/framework/src/Illuminate/Database/Eloquent/Builder.php:2205
/www/wwwroot/jobportal.prus.dev/vendor/laravel/framework/src/Illuminate/Database/Eloquent/Model.php:1408
/www/wwwroot/jobportal.prus.dev/vendor/laravel/framework/src/Illuminate/Database/Eloquent/Model.php:1373
/www/wwwroot/jobportal.prus.dev/vendor/laravel/framework/src/Illuminate/Database/Eloquent/Model.php:1212
/www/wwwroot/jobportal.prus.dev/vendor/laravel/framework/src/Illuminate/Database/Eloquent/Factories/Factory.php:351
/www/wwwroot/jobportal.prus.dev/vendor/laravel/framework/src/Illuminate/Collections/Traits/EnumeratesValues.php:271
/www/wwwroot/jobportal.prus.dev/vendor/laravel/framework/src/Illuminate/Database/Eloquent/Factories/Factory.php:346
/www/wwwroot/jobportal.prus.dev/vendor/laravel/framework/src/Illuminate/Database/Eloquent/Factories/Factory.php:302
/www/wwwroot/jobportal.prus.dev/vendor/laravel/framework/src/Illuminate/Database/Eloquent/Factories/Factory.php:296
/www/wwwroot/jobportal.prus.dev/tests/Unit/Models/StateTest.php:38</error>
        </testcase>
        <testcase name="scope_population_less_than_filters_by_population" file="/www/wwwroot/jobportal.prus.dev/tests/Unit/Models/StateTest.php" line="448" class="Tests\Unit\Models\StateTest" classname="Tests.Unit.Models.StateTest" assertions="0" time="0.000000">
          <error type="Illuminate\Database\QueryException">Tests\Unit\Models\StateTest::scope_population_less_than_filters_by_population
Illuminate\Database\QueryException: SQLSTATE[HY000]: General error: 1 table states has no column named code (Connection: sqlite, SQL: insert into "states" ("country_id", "name", "code", "is_active", "is_featured", "latitude", "longitude", "timezone", "population", "updated_at", "created_at") values (6, Test State, TS, 1, 1, 40.7128, -74.006, America/New_York, 8000000, 2025-08-09 10:54:52, 2025-08-09 10:54:52))

/www/wwwroot/jobportal.prus.dev/vendor/laravel/framework/src/Illuminate/Database/Connection.php:822
/www/wwwroot/jobportal.prus.dev/vendor/laravel/framework/src/Illuminate/Database/Connection.php:776
/www/wwwroot/jobportal.prus.dev/vendor/laravel/framework/src/Illuminate/Database/Connection.php:557
/www/wwwroot/jobportal.prus.dev/vendor/laravel/framework/src/Illuminate/Database/Connection.php:521
/www/wwwroot/jobportal.prus.dev/vendor/laravel/framework/src/Illuminate/Database/Query/Processors/Processor.php:32
/www/wwwroot/jobportal.prus.dev/vendor/laravel/framework/src/Illuminate/Database/Query/Builder.php:3796
/www/wwwroot/jobportal.prus.dev/vendor/laravel/framework/src/Illuminate/Database/Eloquent/Builder.php:2205
/www/wwwroot/jobportal.prus.dev/vendor/laravel/framework/src/Illuminate/Database/Eloquent/Model.php:1408
/www/wwwroot/jobportal.prus.dev/vendor/laravel/framework/src/Illuminate/Database/Eloquent/Model.php:1373
/www/wwwroot/jobportal.prus.dev/vendor/laravel/framework/src/Illuminate/Database/Eloquent/Model.php:1212
/www/wwwroot/jobportal.prus.dev/vendor/laravel/framework/src/Illuminate/Database/Eloquent/Factories/Factory.php:351
/www/wwwroot/jobportal.prus.dev/vendor/laravel/framework/src/Illuminate/Collections/Traits/EnumeratesValues.php:271
/www/wwwroot/jobportal.prus.dev/vendor/laravel/framework/src/Illuminate/Database/Eloquent/Factories/Factory.php:346
/www/wwwroot/jobportal.prus.dev/vendor/laravel/framework/src/Illuminate/Database/Eloquent/Factories/Factory.php:302
/www/wwwroot/jobportal.prus.dev/vendor/laravel/framework/src/Illuminate/Database/Eloquent/Factories/Factory.php:296
/www/wwwroot/jobportal.prus.dev/tests/Unit/Models/StateTest.php:38</error>
        </testcase>
        <testcase name="scope_population_between_filters_by_population_range" file="/www/wwwroot/jobportal.prus.dev/tests/Unit/Models/StateTest.php" line="462" class="Tests\Unit\Models\StateTest" classname="Tests.Unit.Models.StateTest" assertions="0" time="0.000000">
          <error type="Illuminate\Database\QueryException">Tests\Unit\Models\StateTest::scope_population_between_filters_by_population_range
Illuminate\Database\QueryException: SQLSTATE[HY000]: General error: 1 table states has no column named code (Connection: sqlite, SQL: insert into "states" ("country_id", "name", "code", "is_active", "is_featured", "latitude", "longitude", "timezone", "population", "updated_at", "created_at") values (6, Test State, TS, 1, 1, 40.7128, -74.006, America/New_York, 8000000, 2025-08-09 10:54:52, 2025-08-09 10:54:52))

/www/wwwroot/jobportal.prus.dev/vendor/laravel/framework/src/Illuminate/Database/Connection.php:822
/www/wwwroot/jobportal.prus.dev/vendor/laravel/framework/src/Illuminate/Database/Connection.php:776
/www/wwwroot/jobportal.prus.dev/vendor/laravel/framework/src/Illuminate/Database/Connection.php:557
/www/wwwroot/jobportal.prus.dev/vendor/laravel/framework/src/Illuminate/Database/Connection.php:521
/www/wwwroot/jobportal.prus.dev/vendor/laravel/framework/src/Illuminate/Database/Query/Processors/Processor.php:32
/www/wwwroot/jobportal.prus.dev/vendor/laravel/framework/src/Illuminate/Database/Query/Builder.php:3796
/www/wwwroot/jobportal.prus.dev/vendor/laravel/framework/src/Illuminate/Database/Eloquent/Builder.php:2205
/www/wwwroot/jobportal.prus.dev/vendor/laravel/framework/src/Illuminate/Database/Eloquent/Model.php:1408
/www/wwwroot/jobportal.prus.dev/vendor/laravel/framework/src/Illuminate/Database/Eloquent/Model.php:1373
/www/wwwroot/jobportal.prus.dev/vendor/laravel/framework/src/Illuminate/Database/Eloquent/Model.php:1212
/www/wwwroot/jobportal.prus.dev/vendor/laravel/framework/src/Illuminate/Database/Eloquent/Factories/Factory.php:351
/www/wwwroot/jobportal.prus.dev/vendor/laravel/framework/src/Illuminate/Collections/Traits/EnumeratesValues.php:271
/www/wwwroot/jobportal.prus.dev/vendor/laravel/framework/src/Illuminate/Database/Eloquent/Factories/Factory.php:346
/www/wwwroot/jobportal.prus.dev/vendor/laravel/framework/src/Illuminate/Database/Eloquent/Factories/Factory.php:302
/www/wwwroot/jobportal.prus.dev/vendor/laravel/framework/src/Illuminate/Database/Eloquent/Factories/Factory.php:296
/www/wwwroot/jobportal.prus.dev/tests/Unit/Models/StateTest.php:38</error>
        </testcase>
        <testcase name="scope_by_timezone_filters_by_timezone" file="/www/wwwroot/jobportal.prus.dev/tests/Unit/Models/StateTest.php" line="470" class="Tests\Unit\Models\StateTest" classname="Tests.Unit.Models.StateTest" assertions="0" time="0.000000">
          <error type="Illuminate\Database\QueryException">Tests\Unit\Models\StateTest::scope_by_timezone_filters_by_timezone
Illuminate\Database\QueryException: SQLSTATE[HY000]: General error: 1 table states has no column named code (Connection: sqlite, SQL: insert into "states" ("country_id", "name", "code", "is_active", "is_featured", "latitude", "longitude", "timezone", "population", "updated_at", "created_at") values (6, Test State, TS, 1, 1, 40.7128, -74.006, America/New_York, 8000000, 2025-08-09 10:54:53, 2025-08-09 10:54:53))

/www/wwwroot/jobportal.prus.dev/vendor/laravel/framework/src/Illuminate/Database/Connection.php:822
/www/wwwroot/jobportal.prus.dev/vendor/laravel/framework/src/Illuminate/Database/Connection.php:776
/www/wwwroot/jobportal.prus.dev/vendor/laravel/framework/src/Illuminate/Database/Connection.php:557
/www/wwwroot/jobportal.prus.dev/vendor/laravel/framework/src/Illuminate/Database/Connection.php:521
/www/wwwroot/jobportal.prus.dev/vendor/laravel/framework/src/Illuminate/Database/Query/Processors/Processor.php:32
/www/wwwroot/jobportal.prus.dev/vendor/laravel/framework/src/Illuminate/Database/Query/Builder.php:3796
/www/wwwroot/jobportal.prus.dev/vendor/laravel/framework/src/Illuminate/Database/Eloquent/Builder.php:2205
/www/wwwroot/jobportal.prus.dev/vendor/laravel/framework/src/Illuminate/Database/Eloquent/Model.php:1408
/www/wwwroot/jobportal.prus.dev/vendor/laravel/framework/src/Illuminate/Database/Eloquent/Model.php:1373
/www/wwwroot/jobportal.prus.dev/vendor/laravel/framework/src/Illuminate/Database/Eloquent/Model.php:1212
/www/wwwroot/jobportal.prus.dev/vendor/laravel/framework/src/Illuminate/Database/Eloquent/Factories/Factory.php:351
/www/wwwroot/jobportal.prus.dev/vendor/laravel/framework/src/Illuminate/Collections/Traits/EnumeratesValues.php:271
/www/wwwroot/jobportal.prus.dev/vendor/laravel/framework/src/Illuminate/Database/Eloquent/Factories/Factory.php:346
/www/wwwroot/jobportal.prus.dev/vendor/laravel/framework/src/Illuminate/Database/Eloquent/Factories/Factory.php:302
/www/wwwroot/jobportal.prus.dev/vendor/laravel/framework/src/Illuminate/Database/Eloquent/Factories/Factory.php:296
/www/wwwroot/jobportal.prus.dev/tests/Unit/Models/StateTest.php:38</error>
        </testcase>
        <testcase name="it_can_get_full_name_attribute" file="/www/wwwroot/jobportal.prus.dev/tests/Unit/Models/StateTest.php" line="486" class="Tests\Unit\Models\StateTest" classname="Tests.Unit.Models.StateTest" assertions="0" time="0.000000">
          <error type="Illuminate\Database\QueryException">Tests\Unit\Models\StateTest::it_can_get_full_name_attribute
Illuminate\Database\QueryException: SQLSTATE[HY000]: General error: 1 table states has no column named code (Connection: sqlite, SQL: insert into "states" ("country_id", "name", "code", "is_active", "is_featured", "latitude", "longitude", "timezone", "population", "updated_at", "created_at") values (6, Test State, TS, 1, 1, 40.7128, -74.006, America/New_York, 8000000, 2025-08-09 10:54:54, 2025-08-09 10:54:54))

/www/wwwroot/jobportal.prus.dev/vendor/laravel/framework/src/Illuminate/Database/Connection.php:822
/www/wwwroot/jobportal.prus.dev/vendor/laravel/framework/src/Illuminate/Database/Connection.php:776
/www/wwwroot/jobportal.prus.dev/vendor/laravel/framework/src/Illuminate/Database/Connection.php:557
/www/wwwroot/jobportal.prus.dev/vendor/laravel/framework/src/Illuminate/Database/Connection.php:521
/www/wwwroot/jobportal.prus.dev/vendor/laravel/framework/src/Illuminate/Database/Query/Processors/Processor.php:32
/www/wwwroot/jobportal.prus.dev/vendor/laravel/framework/src/Illuminate/Database/Query/Builder.php:3796
/www/wwwroot/jobportal.prus.dev/vendor/laravel/framework/src/Illuminate/Database/Eloquent/Builder.php:2205
/www/wwwroot/jobportal.prus.dev/vendor/laravel/framework/src/Illuminate/Database/Eloquent/Model.php:1408
/www/wwwroot/jobportal.prus.dev/vendor/laravel/framework/src/Illuminate/Database/Eloquent/Model.php:1373
/www/wwwroot/jobportal.prus.dev/vendor/laravel/framework/src/Illuminate/Database/Eloquent/Model.php:1212
/www/wwwroot/jobportal.prus.dev/vendor/laravel/framework/src/Illuminate/Database/Eloquent/Factories/Factory.php:351
/www/wwwroot/jobportal.prus.dev/vendor/laravel/framework/src/Illuminate/Collections/Traits/EnumeratesValues.php:271
/www/wwwroot/jobportal.prus.dev/vendor/laravel/framework/src/Illuminate/Database/Eloquent/Factories/Factory.php:346
/www/wwwroot/jobportal.prus.dev/vendor/laravel/framework/src/Illuminate/Database/Eloquent/Factories/Factory.php:302
/www/wwwroot/jobportal.prus.dev/vendor/laravel/framework/src/Illuminate/Database/Eloquent/Factories/Factory.php:296
/www/wwwroot/jobportal.prus.dev/tests/Unit/Models/StateTest.php:38</error>
        </testcase>
        <testcase name="it_can_get_display_name_attribute" file="/www/wwwroot/jobportal.prus.dev/tests/Unit/Models/StateTest.php" line="494" class="Tests\Unit\Models\StateTest" classname="Tests.Unit.Models.StateTest" assertions="0" time="0.000000">
          <error type="Illuminate\Database\QueryException">Tests\Unit\Models\StateTest::it_can_get_display_name_attribute
Illuminate\Database\QueryException: SQLSTATE[HY000]: General error: 1 table states has no column named code (Connection: sqlite, SQL: insert into "states" ("country_id", "name", "code", "is_active", "is_featured", "latitude", "longitude", "timezone", "population", "updated_at", "created_at") values (6, Test State, TS, 1, 1, 40.7128, -74.006, America/New_York, 8000000, 2025-08-09 10:54:55, 2025-08-09 10:54:55))

/www/wwwroot/jobportal.prus.dev/vendor/laravel/framework/src/Illuminate/Database/Connection.php:822
/www/wwwroot/jobportal.prus.dev/vendor/laravel/framework/src/Illuminate/Database/Connection.php:776
/www/wwwroot/jobportal.prus.dev/vendor/laravel/framework/src/Illuminate/Database/Connection.php:557
/www/wwwroot/jobportal.prus.dev/vendor/laravel/framework/src/Illuminate/Database/Connection.php:521
/www/wwwroot/jobportal.prus.dev/vendor/laravel/framework/src/Illuminate/Database/Query/Processors/Processor.php:32
/www/wwwroot/jobportal.prus.dev/vendor/laravel/framework/src/Illuminate/Database/Query/Builder.php:3796
/www/wwwroot/jobportal.prus.dev/vendor/laravel/framework/src/Illuminate/Database/Eloquent/Builder.php:2205
/www/wwwroot/jobportal.prus.dev/vendor/laravel/framework/src/Illuminate/Database/Eloquent/Model.php:1408
/www/wwwroot/jobportal.prus.dev/vendor/laravel/framework/src/Illuminate/Database/Eloquent/Model.php:1373
/www/wwwroot/jobportal.prus.dev/vendor/laravel/framework/src/Illuminate/Database/Eloquent/Model.php:1212
/www/wwwroot/jobportal.prus.dev/vendor/laravel/framework/src/Illuminate/Database/Eloquent/Factories/Factory.php:351
/www/wwwroot/jobportal.prus.dev/vendor/laravel/framework/src/Illuminate/Collections/Traits/EnumeratesValues.php:271
/www/wwwroot/jobportal.prus.dev/vendor/laravel/framework/src/Illuminate/Database/Eloquent/Factories/Factory.php:346
/www/wwwroot/jobportal.prus.dev/vendor/laravel/framework/src/Illuminate/Database/Eloquent/Factories/Factory.php:302
/www/wwwroot/jobportal.prus.dev/vendor/laravel/framework/src/Illuminate/Database/Eloquent/Factories/Factory.php:296
/www/wwwroot/jobportal.prus.dev/tests/Unit/Models/StateTest.php:38</error>
        </testcase>
        <testcase name="it_can_check_if_has_coordinates" file="/www/wwwroot/jobportal.prus.dev/tests/Unit/Models/StateTest.php" line="502" class="Tests\Unit\Models\StateTest" classname="Tests.Unit.Models.StateTest" assertions="0" time="0.000000">
          <error type="Illuminate\Database\QueryException">Tests\Unit\Models\StateTest::it_can_check_if_has_coordinates
Illuminate\Database\QueryException: SQLSTATE[HY000]: General error: 1 table states has no column named code (Connection: sqlite, SQL: insert into "states" ("country_id", "name", "code", "is_active", "is_featured", "latitude", "longitude", "timezone", "population", "updated_at", "created_at") values (6, Test State, TS, 1, 1, 40.7128, -74.006, America/New_York, 8000000, 2025-08-09 10:54:56, 2025-08-09 10:54:56))

/www/wwwroot/jobportal.prus.dev/vendor/laravel/framework/src/Illuminate/Database/Connection.php:822
/www/wwwroot/jobportal.prus.dev/vendor/laravel/framework/src/Illuminate/Database/Connection.php:776
/www/wwwroot/jobportal.prus.dev/vendor/laravel/framework/src/Illuminate/Database/Connection.php:557
/www/wwwroot/jobportal.prus.dev/vendor/laravel/framework/src/Illuminate/Database/Connection.php:521
/www/wwwroot/jobportal.prus.dev/vendor/laravel/framework/src/Illuminate/Database/Query/Processors/Processor.php:32
/www/wwwroot/jobportal.prus.dev/vendor/laravel/framework/src/Illuminate/Database/Query/Builder.php:3796
/www/wwwroot/jobportal.prus.dev/vendor/laravel/framework/src/Illuminate/Database/Eloquent/Builder.php:2205
/www/wwwroot/jobportal.prus.dev/vendor/laravel/framework/src/Illuminate/Database/Eloquent/Model.php:1408
/www/wwwroot/jobportal.prus.dev/vendor/laravel/framework/src/Illuminate/Database/Eloquent/Model.php:1373
/www/wwwroot/jobportal.prus.dev/vendor/laravel/framework/src/Illuminate/Database/Eloquent/Model.php:1212
/www/wwwroot/jobportal.prus.dev/vendor/laravel/framework/src/Illuminate/Database/Eloquent/Factories/Factory.php:351
/www/wwwroot/jobportal.prus.dev/vendor/laravel/framework/src/Illuminate/Collections/Traits/EnumeratesValues.php:271
/www/wwwroot/jobportal.prus.dev/vendor/laravel/framework/src/Illuminate/Database/Eloquent/Factories/Factory.php:346
/www/wwwroot/jobportal.prus.dev/vendor/laravel/framework/src/Illuminate/Database/Eloquent/Factories/Factory.php:302
/www/wwwroot/jobportal.prus.dev/vendor/laravel/framework/src/Illuminate/Database/Eloquent/Factories/Factory.php:296
/www/wwwroot/jobportal.prus.dev/tests/Unit/Models/StateTest.php:38</error>
        </testcase>
        <testcase name="it_can_get_coordinates_attribute" file="/www/wwwroot/jobportal.prus.dev/tests/Unit/Models/StateTest.php" line="516" class="Tests\Unit\Models\StateTest" classname="Tests.Unit.Models.StateTest" assertions="0" time="0.000000">
          <error type="Illuminate\Database\QueryException">Tests\Unit\Models\StateTest::it_can_get_coordinates_attribute
Illuminate\Database\QueryException: SQLSTATE[HY000]: General error: 1 table states has no column named code (Connection: sqlite, SQL: insert into "states" ("country_id", "name", "code", "is_active", "is_featured", "latitude", "longitude", "timezone", "population", "updated_at", "created_at") values (6, Test State, TS, 1, 1, 40.7128, -74.006, America/New_York, 8000000, 2025-08-09 10:54:57, 2025-08-09 10:54:57))

/www/wwwroot/jobportal.prus.dev/vendor/laravel/framework/src/Illuminate/Database/Connection.php:822
/www/wwwroot/jobportal.prus.dev/vendor/laravel/framework/src/Illuminate/Database/Connection.php:776
/www/wwwroot/jobportal.prus.dev/vendor/laravel/framework/src/Illuminate/Database/Connection.php:557
/www/wwwroot/jobportal.prus.dev/vendor/laravel/framework/src/Illuminate/Database/Connection.php:521
/www/wwwroot/jobportal.prus.dev/vendor/laravel/framework/src/Illuminate/Database/Query/Processors/Processor.php:32
/www/wwwroot/jobportal.prus.dev/vendor/laravel/framework/src/Illuminate/Database/Query/Builder.php:3796
/www/wwwroot/jobportal.prus.dev/vendor/laravel/framework/src/Illuminate/Database/Eloquent/Builder.php:2205
/www/wwwroot/jobportal.prus.dev/vendor/laravel/framework/src/Illuminate/Database/Eloquent/Model.php:1408
/www/wwwroot/jobportal.prus.dev/vendor/laravel/framework/src/Illuminate/Database/Eloquent/Model.php:1373
/www/wwwroot/jobportal.prus.dev/vendor/laravel/framework/src/Illuminate/Database/Eloquent/Model.php:1212
/www/wwwroot/jobportal.prus.dev/vendor/laravel/framework/src/Illuminate/Database/Eloquent/Factories/Factory.php:351
/www/wwwroot/jobportal.prus.dev/vendor/laravel/framework/src/Illuminate/Collections/Traits/EnumeratesValues.php:271
/www/wwwroot/jobportal.prus.dev/vendor/laravel/framework/src/Illuminate/Database/Eloquent/Factories/Factory.php:346
/www/wwwroot/jobportal.prus.dev/vendor/laravel/framework/src/Illuminate/Database/Eloquent/Factories/Factory.php:302
/www/wwwroot/jobportal.prus.dev/vendor/laravel/framework/src/Illuminate/Database/Eloquent/Factories/Factory.php:296
/www/wwwroot/jobportal.prus.dev/tests/Unit/Models/StateTest.php:38</error>
        </testcase>
        <testcase name="it_can_get_cities_count_attribute" file="/www/wwwroot/jobportal.prus.dev/tests/Unit/Models/StateTest.php" line="524" class="Tests\Unit\Models\StateTest" classname="Tests.Unit.Models.StateTest" assertions="0" time="0.000000">
          <error type="Illuminate\Database\QueryException">Tests\Unit\Models\StateTest::it_can_get_cities_count_attribute
Illuminate\Database\QueryException: SQLSTATE[HY000]: General error: 1 table states has no column named code (Connection: sqlite, SQL: insert into "states" ("country_id", "name", "code", "is_active", "is_featured", "latitude", "longitude", "timezone", "population", "updated_at", "created_at") values (6, Test State, TS, 1, 1, 40.7128, -74.006, America/New_York, 8000000, 2025-08-09 10:54:58, 2025-08-09 10:54:58))

/www/wwwroot/jobportal.prus.dev/vendor/laravel/framework/src/Illuminate/Database/Connection.php:822
/www/wwwroot/jobportal.prus.dev/vendor/laravel/framework/src/Illuminate/Database/Connection.php:776
/www/wwwroot/jobportal.prus.dev/vendor/laravel/framework/src/Illuminate/Database/Connection.php:557
/www/wwwroot/jobportal.prus.dev/vendor/laravel/framework/src/Illuminate/Database/Connection.php:521
/www/wwwroot/jobportal.prus.dev/vendor/laravel/framework/src/Illuminate/Database/Query/Processors/Processor.php:32
/www/wwwroot/jobportal.prus.dev/vendor/laravel/framework/src/Illuminate/Database/Query/Builder.php:3796
/www/wwwroot/jobportal.prus.dev/vendor/laravel/framework/src/Illuminate/Database/Eloquent/Builder.php:2205
/www/wwwroot/jobportal.prus.dev/vendor/laravel/framework/src/Illuminate/Database/Eloquent/Model.php:1408
/www/wwwroot/jobportal.prus.dev/vendor/laravel/framework/src/Illuminate/Database/Eloquent/Model.php:1373
/www/wwwroot/jobportal.prus.dev/vendor/laravel/framework/src/Illuminate/Database/Eloquent/Model.php:1212
/www/wwwroot/jobportal.prus.dev/vendor/laravel/framework/src/Illuminate/Database/Eloquent/Factories/Factory.php:351
/www/wwwroot/jobportal.prus.dev/vendor/laravel/framework/src/Illuminate/Collections/Traits/EnumeratesValues.php:271
/www/wwwroot/jobportal.prus.dev/vendor/laravel/framework/src/Illuminate/Database/Eloquent/Factories/Factory.php:346
/www/wwwroot/jobportal.prus.dev/vendor/laravel/framework/src/Illuminate/Database/Eloquent/Factories/Factory.php:302
/www/wwwroot/jobportal.prus.dev/vendor/laravel/framework/src/Illuminate/Database/Eloquent/Factories/Factory.php:296
/www/wwwroot/jobportal.prus.dev/tests/Unit/Models/StateTest.php:38</error>
        </testcase>
        <testcase name="it_can_get_active_cities_count_attribute" file="/www/wwwroot/jobportal.prus.dev/tests/Unit/Models/StateTest.php" line="532" class="Tests\Unit\Models\StateTest" classname="Tests.Unit.Models.StateTest" assertions="0" time="0.000000">
          <error type="Illuminate\Database\QueryException">Tests\Unit\Models\StateTest::it_can_get_active_cities_count_attribute
Illuminate\Database\QueryException: SQLSTATE[HY000]: General error: 1 table states has no column named code (Connection: sqlite, SQL: insert into "states" ("country_id", "name", "code", "is_active", "is_featured", "latitude", "longitude", "timezone", "population", "updated_at", "created_at") values (6, Test State, TS, 1, 1, 40.7128, -74.006, America/New_York, 8000000, 2025-08-09 10:54:58, 2025-08-09 10:54:58))

/www/wwwroot/jobportal.prus.dev/vendor/laravel/framework/src/Illuminate/Database/Connection.php:822
/www/wwwroot/jobportal.prus.dev/vendor/laravel/framework/src/Illuminate/Database/Connection.php:776
/www/wwwroot/jobportal.prus.dev/vendor/laravel/framework/src/Illuminate/Database/Connection.php:557
/www/wwwroot/jobportal.prus.dev/vendor/laravel/framework/src/Illuminate/Database/Connection.php:521
/www/wwwroot/jobportal.prus.dev/vendor/laravel/framework/src/Illuminate/Database/Query/Processors/Processor.php:32
/www/wwwroot/jobportal.prus.dev/vendor/laravel/framework/src/Illuminate/Database/Query/Builder.php:3796
/www/wwwroot/jobportal.prus.dev/vendor/laravel/framework/src/Illuminate/Database/Eloquent/Builder.php:2205
/www/wwwroot/jobportal.prus.dev/vendor/laravel/framework/src/Illuminate/Database/Eloquent/Model.php:1408
/www/wwwroot/jobportal.prus.dev/vendor/laravel/framework/src/Illuminate/Database/Eloquent/Model.php:1373
/www/wwwroot/jobportal.prus.dev/vendor/laravel/framework/src/Illuminate/Database/Eloquent/Model.php:1212
/www/wwwroot/jobportal.prus.dev/vendor/laravel/framework/src/Illuminate/Database/Eloquent/Factories/Factory.php:351
/www/wwwroot/jobportal.prus.dev/vendor/laravel/framework/src/Illuminate/Collections/Traits/EnumeratesValues.php:271
/www/wwwroot/jobportal.prus.dev/vendor/laravel/framework/src/Illuminate/Database/Eloquent/Factories/Factory.php:346
/www/wwwroot/jobportal.prus.dev/vendor/laravel/framework/src/Illuminate/Database/Eloquent/Factories/Factory.php:302
/www/wwwroot/jobportal.prus.dev/vendor/laravel/framework/src/Illuminate/Database/Eloquent/Factories/Factory.php:296
/www/wwwroot/jobportal.prus.dev/tests/Unit/Models/StateTest.php:38</error>
        </testcase>
        <testcase name="it_can_get_cached_states_by_country" file="/www/wwwroot/jobportal.prus.dev/tests/Unit/Models/StateTest.php" line="549" class="Tests\Unit\Models\StateTest" classname="Tests.Unit.Models.StateTest" assertions="0" time="0.000000">
          <error type="Illuminate\Database\QueryException">Tests\Unit\Models\StateTest::it_can_get_cached_states_by_country
Illuminate\Database\QueryException: SQLSTATE[HY000]: General error: 1 table states has no column named code (Connection: sqlite, SQL: insert into "states" ("country_id", "name", "code", "is_active", "is_featured", "latitude", "longitude", "timezone", "population", "updated_at", "created_at") values (6, Test State, TS, 1, 1, 40.7128, -74.006, America/New_York, 8000000, 2025-08-09 10:54:59, 2025-08-09 10:54:59))

/www/wwwroot/jobportal.prus.dev/vendor/laravel/framework/src/Illuminate/Database/Connection.php:822
/www/wwwroot/jobportal.prus.dev/vendor/laravel/framework/src/Illuminate/Database/Connection.php:776
/www/wwwroot/jobportal.prus.dev/vendor/laravel/framework/src/Illuminate/Database/Connection.php:557
/www/wwwroot/jobportal.prus.dev/vendor/laravel/framework/src/Illuminate/Database/Connection.php:521
/www/wwwroot/jobportal.prus.dev/vendor/laravel/framework/src/Illuminate/Database/Query/Processors/Processor.php:32
/www/wwwroot/jobportal.prus.dev/vendor/laravel/framework/src/Illuminate/Database/Query/Builder.php:3796
/www/wwwroot/jobportal.prus.dev/vendor/laravel/framework/src/Illuminate/Database/Eloquent/Builder.php:2205
/www/wwwroot/jobportal.prus.dev/vendor/laravel/framework/src/Illuminate/Database/Eloquent/Model.php:1408
/www/wwwroot/jobportal.prus.dev/vendor/laravel/framework/src/Illuminate/Database/Eloquent/Model.php:1373
/www/wwwroot/jobportal.prus.dev/vendor/laravel/framework/src/Illuminate/Database/Eloquent/Model.php:1212
/www/wwwroot/jobportal.prus.dev/vendor/laravel/framework/src/Illuminate/Database/Eloquent/Factories/Factory.php:351
/www/wwwroot/jobportal.prus.dev/vendor/laravel/framework/src/Illuminate/Collections/Traits/EnumeratesValues.php:271
/www/wwwroot/jobportal.prus.dev/vendor/laravel/framework/src/Illuminate/Database/Eloquent/Factories/Factory.php:346
/www/wwwroot/jobportal.prus.dev/vendor/laravel/framework/src/Illuminate/Database/Eloquent/Factories/Factory.php:302
/www/wwwroot/jobportal.prus.dev/vendor/laravel/framework/src/Illuminate/Database/Eloquent/Factories/Factory.php:296
/www/wwwroot/jobportal.prus.dev/tests/Unit/Models/StateTest.php:38</error>
        </testcase>
        <testcase name="it_can_get_cached_active_states" file="/www/wwwroot/jobportal.prus.dev/tests/Unit/Models/StateTest.php" line="563" class="Tests\Unit\Models\StateTest" classname="Tests.Unit.Models.StateTest" assertions="0" time="0.000000">
          <error type="Illuminate\Database\QueryException">Tests\Unit\Models\StateTest::it_can_get_cached_active_states
Illuminate\Database\QueryException: SQLSTATE[HY000]: General error: 1 table states has no column named code (Connection: sqlite, SQL: insert into "states" ("country_id", "name", "code", "is_active", "is_featured", "latitude", "longitude", "timezone", "population", "updated_at", "created_at") values (6, Test State, TS, 1, 1, 40.7128, -74.006, America/New_York, 8000000, 2025-08-09 10:55:00, 2025-08-09 10:55:00))

/www/wwwroot/jobportal.prus.dev/vendor/laravel/framework/src/Illuminate/Database/Connection.php:822
/www/wwwroot/jobportal.prus.dev/vendor/laravel/framework/src/Illuminate/Database/Connection.php:776
/www/wwwroot/jobportal.prus.dev/vendor/laravel/framework/src/Illuminate/Database/Connection.php:557
/www/wwwroot/jobportal.prus.dev/vendor/laravel/framework/src/Illuminate/Database/Connection.php:521
/www/wwwroot/jobportal.prus.dev/vendor/laravel/framework/src/Illuminate/Database/Query/Processors/Processor.php:32
/www/wwwroot/jobportal.prus.dev/vendor/laravel/framework/src/Illuminate/Database/Query/Builder.php:3796
/www/wwwroot/jobportal.prus.dev/vendor/laravel/framework/src/Illuminate/Database/Eloquent/Builder.php:2205
/www/wwwroot/jobportal.prus.dev/vendor/laravel/framework/src/Illuminate/Database/Eloquent/Model.php:1408
/www/wwwroot/jobportal.prus.dev/vendor/laravel/framework/src/Illuminate/Database/Eloquent/Model.php:1373
/www/wwwroot/jobportal.prus.dev/vendor/laravel/framework/src/Illuminate/Database/Eloquent/Model.php:1212
/www/wwwroot/jobportal.prus.dev/vendor/laravel/framework/src/Illuminate/Database/Eloquent/Factories/Factory.php:351
/www/wwwroot/jobportal.prus.dev/vendor/laravel/framework/src/Illuminate/Collections/Traits/EnumeratesValues.php:271
/www/wwwroot/jobportal.prus.dev/vendor/laravel/framework/src/Illuminate/Database/Eloquent/Factories/Factory.php:346
/www/wwwroot/jobportal.prus.dev/vendor/laravel/framework/src/Illuminate/Database/Eloquent/Factories/Factory.php:302
/www/wwwroot/jobportal.prus.dev/vendor/laravel/framework/src/Illuminate/Database/Eloquent/Factories/Factory.php:296
/www/wwwroot/jobportal.prus.dev/tests/Unit/Models/StateTest.php:38</error>
        </testcase>
        <testcase name="it_can_get_cached_featured_states" file="/www/wwwroot/jobportal.prus.dev/tests/Unit/Models/StateTest.php" line="577" class="Tests\Unit\Models\StateTest" classname="Tests.Unit.Models.StateTest" assertions="0" time="0.000000">
          <error type="Illuminate\Database\QueryException">Tests\Unit\Models\StateTest::it_can_get_cached_featured_states
Illuminate\Database\QueryException: SQLSTATE[HY000]: General error: 1 table states has no column named code (Connection: sqlite, SQL: insert into "states" ("country_id", "name", "code", "is_active", "is_featured", "latitude", "longitude", "timezone", "population", "updated_at", "created_at") values (6, Test State, TS, 1, 1, 40.7128, -74.006, America/New_York, 8000000, 2025-08-09 10:55:01, 2025-08-09 10:55:01))

/www/wwwroot/jobportal.prus.dev/vendor/laravel/framework/src/Illuminate/Database/Connection.php:822
/www/wwwroot/jobportal.prus.dev/vendor/laravel/framework/src/Illuminate/Database/Connection.php:776
/www/wwwroot/jobportal.prus.dev/vendor/laravel/framework/src/Illuminate/Database/Connection.php:557
/www/wwwroot/jobportal.prus.dev/vendor/laravel/framework/src/Illuminate/Database/Connection.php:521
/www/wwwroot/jobportal.prus.dev/vendor/laravel/framework/src/Illuminate/Database/Query/Processors/Processor.php:32
/www/wwwroot/jobportal.prus.dev/vendor/laravel/framework/src/Illuminate/Database/Query/Builder.php:3796
/www/wwwroot/jobportal.prus.dev/vendor/laravel/framework/src/Illuminate/Database/Eloquent/Builder.php:2205
/www/wwwroot/jobportal.prus.dev/vendor/laravel/framework/src/Illuminate/Database/Eloquent/Model.php:1408
/www/wwwroot/jobportal.prus.dev/vendor/laravel/framework/src/Illuminate/Database/Eloquent/Model.php:1373
/www/wwwroot/jobportal.prus.dev/vendor/laravel/framework/src/Illuminate/Database/Eloquent/Model.php:1212
/www/wwwroot/jobportal.prus.dev/vendor/laravel/framework/src/Illuminate/Database/Eloquent/Factories/Factory.php:351
/www/wwwroot/jobportal.prus.dev/vendor/laravel/framework/src/Illuminate/Collections/Traits/EnumeratesValues.php:271
/www/wwwroot/jobportal.prus.dev/vendor/laravel/framework/src/Illuminate/Database/Eloquent/Factories/Factory.php:346
/www/wwwroot/jobportal.prus.dev/vendor/laravel/framework/src/Illuminate/Database/Eloquent/Factories/Factory.php:302
/www/wwwroot/jobportal.prus.dev/vendor/laravel/framework/src/Illuminate/Database/Eloquent/Factories/Factory.php:296
/www/wwwroot/jobportal.prus.dev/tests/Unit/Models/StateTest.php:38</error>
        </testcase>
        <testcase name="it_clears_caches_when_state_is_saved" file="/www/wwwroot/jobportal.prus.dev/tests/Unit/Models/StateTest.php" line="591" class="Tests\Unit\Models\StateTest" classname="Tests.Unit.Models.StateTest" assertions="0" time="0.000000">
          <error type="Illuminate\Database\QueryException">Tests\Unit\Models\StateTest::it_clears_caches_when_state_is_saved
Illuminate\Database\QueryException: SQLSTATE[HY000]: General error: 1 table states has no column named code (Connection: sqlite, SQL: insert into "states" ("country_id", "name", "code", "is_active", "is_featured", "latitude", "longitude", "timezone", "population", "updated_at", "created_at") values (6, Test State, TS, 1, 1, 40.7128, -74.006, America/New_York, 8000000, 2025-08-09 10:55:02, 2025-08-09 10:55:02))

/www/wwwroot/jobportal.prus.dev/vendor/laravel/framework/src/Illuminate/Database/Connection.php:822
/www/wwwroot/jobportal.prus.dev/vendor/laravel/framework/src/Illuminate/Database/Connection.php:776
/www/wwwroot/jobportal.prus.dev/vendor/laravel/framework/src/Illuminate/Database/Connection.php:557
/www/wwwroot/jobportal.prus.dev/vendor/laravel/framework/src/Illuminate/Database/Connection.php:521
/www/wwwroot/jobportal.prus.dev/vendor/laravel/framework/src/Illuminate/Database/Query/Processors/Processor.php:32
/www/wwwroot/jobportal.prus.dev/vendor/laravel/framework/src/Illuminate/Database/Query/Builder.php:3796
/www/wwwroot/jobportal.prus.dev/vendor/laravel/framework/src/Illuminate/Database/Eloquent/Builder.php:2205
/www/wwwroot/jobportal.prus.dev/vendor/laravel/framework/src/Illuminate/Database/Eloquent/Model.php:1408
/www/wwwroot/jobportal.prus.dev/vendor/laravel/framework/src/Illuminate/Database/Eloquent/Model.php:1373
/www/wwwroot/jobportal.prus.dev/vendor/laravel/framework/src/Illuminate/Database/Eloquent/Model.php:1212
/www/wwwroot/jobportal.prus.dev/vendor/laravel/framework/src/Illuminate/Database/Eloquent/Factories/Factory.php:351
/www/wwwroot/jobportal.prus.dev/vendor/laravel/framework/src/Illuminate/Collections/Traits/EnumeratesValues.php:271
/www/wwwroot/jobportal.prus.dev/vendor/laravel/framework/src/Illuminate/Database/Eloquent/Factories/Factory.php:346
/www/wwwroot/jobportal.prus.dev/vendor/laravel/framework/src/Illuminate/Database/Eloquent/Factories/Factory.php:302
/www/wwwroot/jobportal.prus.dev/vendor/laravel/framework/src/Illuminate/Database/Eloquent/Factories/Factory.php:296
/www/wwwroot/jobportal.prus.dev/tests/Unit/Models/StateTest.php:38</error>
        </testcase>
        <testcase name="it_clears_caches_when_state_is_deleted" file="/www/wwwroot/jobportal.prus.dev/tests/Unit/Models/StateTest.php" line="612" class="Tests\Unit\Models\StateTest" classname="Tests.Unit.Models.StateTest" assertions="0" time="0.000000">
          <error type="Illuminate\Database\QueryException">Tests\Unit\Models\StateTest::it_clears_caches_when_state_is_deleted
Illuminate\Database\QueryException: SQLSTATE[HY000]: General error: 1 table states has no column named code (Connection: sqlite, SQL: insert into "states" ("country_id", "name", "code", "is_active", "is_featured", "latitude", "longitude", "timezone", "population", "updated_at", "created_at") values (6, Test State, TS, 1, 1, 40.7128, -74.006, America/New_York, 8000000, 2025-08-09 10:55:03, 2025-08-09 10:55:03))

/www/wwwroot/jobportal.prus.dev/vendor/laravel/framework/src/Illuminate/Database/Connection.php:822
/www/wwwroot/jobportal.prus.dev/vendor/laravel/framework/src/Illuminate/Database/Connection.php:776
/www/wwwroot/jobportal.prus.dev/vendor/laravel/framework/src/Illuminate/Database/Connection.php:557
/www/wwwroot/jobportal.prus.dev/vendor/laravel/framework/src/Illuminate/Database/Connection.php:521
/www/wwwroot/jobportal.prus.dev/vendor/laravel/framework/src/Illuminate/Database/Query/Processors/Processor.php:32
/www/wwwroot/jobportal.prus.dev/vendor/laravel/framework/src/Illuminate/Database/Query/Builder.php:3796
/www/wwwroot/jobportal.prus.dev/vendor/laravel/framework/src/Illuminate/Database/Eloquent/Builder.php:2205
/www/wwwroot/jobportal.prus.dev/vendor/laravel/framework/src/Illuminate/Database/Eloquent/Model.php:1408
/www/wwwroot/jobportal.prus.dev/vendor/laravel/framework/src/Illuminate/Database/Eloquent/Model.php:1373
/www/wwwroot/jobportal.prus.dev/vendor/laravel/framework/src/Illuminate/Database/Eloquent/Model.php:1212
/www/wwwroot/jobportal.prus.dev/vendor/laravel/framework/src/Illuminate/Database/Eloquent/Factories/Factory.php:351
/www/wwwroot/jobportal.prus.dev/vendor/laravel/framework/src/Illuminate/Collections/Traits/EnumeratesValues.php:271
/www/wwwroot/jobportal.prus.dev/vendor/laravel/framework/src/Illuminate/Database/Eloquent/Factories/Factory.php:346
/www/wwwroot/jobportal.prus.dev/vendor/laravel/framework/src/Illuminate/Database/Eloquent/Factories/Factory.php:302
/www/wwwroot/jobportal.prus.dev/vendor/laravel/framework/src/Illuminate/Database/Eloquent/Factories/Factory.php:296
/www/wwwroot/jobportal.prus.dev/tests/Unit/Models/StateTest.php:38</error>
        </testcase>
        <testcase name="it_uses_soft_deletes" file="/www/wwwroot/jobportal.prus.dev/tests/Unit/Models/StateTest.php" line="633" class="Tests\Unit\Models\StateTest" classname="Tests.Unit.Models.StateTest" assertions="0" time="0.000000">
          <error type="Illuminate\Database\QueryException">Tests\Unit\Models\StateTest::it_uses_soft_deletes
Illuminate\Database\QueryException: SQLSTATE[HY000]: General error: 1 table states has no column named code (Connection: sqlite, SQL: insert into "states" ("country_id", "name", "code", "is_active", "is_featured", "latitude", "longitude", "timezone", "population", "updated_at", "created_at") values (6, Test State, TS, 1, 1, 40.7128, -74.006, America/New_York, 8000000, 2025-08-09 10:55:04, 2025-08-09 10:55:04))

/www/wwwroot/jobportal.prus.dev/vendor/laravel/framework/src/Illuminate/Database/Connection.php:822
/www/wwwroot/jobportal.prus.dev/vendor/laravel/framework/src/Illuminate/Database/Connection.php:776
/www/wwwroot/jobportal.prus.dev/vendor/laravel/framework/src/Illuminate/Database/Connection.php:557
/www/wwwroot/jobportal.prus.dev/vendor/laravel/framework/src/Illuminate/Database/Connection.php:521
/www/wwwroot/jobportal.prus.dev/vendor/laravel/framework/src/Illuminate/Database/Query/Processors/Processor.php:32
/www/wwwroot/jobportal.prus.dev/vendor/laravel/framework/src/Illuminate/Database/Query/Builder.php:3796
/www/wwwroot/jobportal.prus.dev/vendor/laravel/framework/src/Illuminate/Database/Eloquent/Builder.php:2205
/www/wwwroot/jobportal.prus.dev/vendor/laravel/framework/src/Illuminate/Database/Eloquent/Model.php:1408
/www/wwwroot/jobportal.prus.dev/vendor/laravel/framework/src/Illuminate/Database/Eloquent/Model.php:1373
/www/wwwroot/jobportal.prus.dev/vendor/laravel/framework/src/Illuminate/Database/Eloquent/Model.php:1212
/www/wwwroot/jobportal.prus.dev/vendor/laravel/framework/src/Illuminate/Database/Eloquent/Factories/Factory.php:351
/www/wwwroot/jobportal.prus.dev/vendor/laravel/framework/src/Illuminate/Collections/Traits/EnumeratesValues.php:271
/www/wwwroot/jobportal.prus.dev/vendor/laravel/framework/src/Illuminate/Database/Eloquent/Factories/Factory.php:346
/www/wwwroot/jobportal.prus.dev/vendor/laravel/framework/src/Illuminate/Database/Eloquent/Factories/Factory.php:302
/www/wwwroot/jobportal.prus.dev/vendor/laravel/framework/src/Illuminate/Database/Eloquent/Factories/Factory.php:296
/www/wwwroot/jobportal.prus.dev/tests/Unit/Models/StateTest.php:38</error>
        </testcase>
        <testcase name="it_logs_activity_when_state_changes" file="/www/wwwroot/jobportal.prus.dev/tests/Unit/Models/StateTest.php" line="642" class="Tests\Unit\Models\StateTest" classname="Tests.Unit.Models.StateTest" assertions="0" time="0.000000">
          <error type="Illuminate\Database\QueryException">Tests\Unit\Models\StateTest::it_logs_activity_when_state_changes
Illuminate\Database\QueryException: SQLSTATE[HY000]: General error: 1 table states has no column named code (Connection: sqlite, SQL: insert into "states" ("country_id", "name", "code", "is_active", "is_featured", "latitude", "longitude", "timezone", "population", "updated_at", "created_at") values (6, Test State, TS, 1, 1, 40.7128, -74.006, America/New_York, 8000000, 2025-08-09 10:55:05, 2025-08-09 10:55:05))

/www/wwwroot/jobportal.prus.dev/vendor/laravel/framework/src/Illuminate/Database/Connection.php:822
/www/wwwroot/jobportal.prus.dev/vendor/laravel/framework/src/Illuminate/Database/Connection.php:776
/www/wwwroot/jobportal.prus.dev/vendor/laravel/framework/src/Illuminate/Database/Connection.php:557
/www/wwwroot/jobportal.prus.dev/vendor/laravel/framework/src/Illuminate/Database/Connection.php:521
/www/wwwroot/jobportal.prus.dev/vendor/laravel/framework/src/Illuminate/Database/Query/Processors/Processor.php:32
/www/wwwroot/jobportal.prus.dev/vendor/laravel/framework/src/Illuminate/Database/Query/Builder.php:3796
/www/wwwroot/jobportal.prus.dev/vendor/laravel/framework/src/Illuminate/Database/Eloquent/Builder.php:2205
/www/wwwroot/jobportal.prus.dev/vendor/laravel/framework/src/Illuminate/Database/Eloquent/Model.php:1408
/www/wwwroot/jobportal.prus.dev/vendor/laravel/framework/src/Illuminate/Database/Eloquent/Model.php:1373
/www/wwwroot/jobportal.prus.dev/vendor/laravel/framework/src/Illuminate/Database/Eloquent/Model.php:1212
/www/wwwroot/jobportal.prus.dev/vendor/laravel/framework/src/Illuminate/Database/Eloquent/Factories/Factory.php:351
/www/wwwroot/jobportal.prus.dev/vendor/laravel/framework/src/Illuminate/Collections/Traits/EnumeratesValues.php:271
/www/wwwroot/jobportal.prus.dev/vendor/laravel/framework/src/Illuminate/Database/Eloquent/Factories/Factory.php:346
/www/wwwroot/jobportal.prus.dev/vendor/laravel/framework/src/Illuminate/Database/Eloquent/Factories/Factory.php:302
/www/wwwroot/jobportal.prus.dev/vendor/laravel/framework/src/Illuminate/Database/Eloquent/Factories/Factory.php:296
/www/wwwroot/jobportal.prus.dev/tests/Unit/Models/StateTest.php:38</error>
        </testcase>
        <testcase name="it_has_proper_model_factory" file="/www/wwwroot/jobportal.prus.dev/tests/Unit/Models/StateTest.php" line="657" class="Tests\Unit\Models\StateTest" classname="Tests.Unit.Models.StateTest" assertions="0" time="0.000000">
          <error type="Illuminate\Database\QueryException">Tests\Unit\Models\StateTest::it_has_proper_model_factory
Illuminate\Database\QueryException: SQLSTATE[HY000]: General error: 1 table states has no column named code (Connection: sqlite, SQL: insert into "states" ("country_id", "name", "code", "is_active", "is_featured", "latitude", "longitude", "timezone", "population", "updated_at", "created_at") values (6, Test State, TS, 1, 1, 40.7128, -74.006, America/New_York, 8000000, 2025-08-09 10:55:06, 2025-08-09 10:55:06))

/www/wwwroot/jobportal.prus.dev/vendor/laravel/framework/src/Illuminate/Database/Connection.php:822
/www/wwwroot/jobportal.prus.dev/vendor/laravel/framework/src/Illuminate/Database/Connection.php:776
/www/wwwroot/jobportal.prus.dev/vendor/laravel/framework/src/Illuminate/Database/Connection.php:557
/www/wwwroot/jobportal.prus.dev/vendor/laravel/framework/src/Illuminate/Database/Connection.php:521
/www/wwwroot/jobportal.prus.dev/vendor/laravel/framework/src/Illuminate/Database/Query/Processors/Processor.php:32
/www/wwwroot/jobportal.prus.dev/vendor/laravel/framework/src/Illuminate/Database/Query/Builder.php:3796
/www/wwwroot/jobportal.prus.dev/vendor/laravel/framework/src/Illuminate/Database/Eloquent/Builder.php:2205
/www/wwwroot/jobportal.prus.dev/vendor/laravel/framework/src/Illuminate/Database/Eloquent/Model.php:1408
/www/wwwroot/jobportal.prus.dev/vendor/laravel/framework/src/Illuminate/Database/Eloquent/Model.php:1373
/www/wwwroot/jobportal.prus.dev/vendor/laravel/framework/src/Illuminate/Database/Eloquent/Model.php:1212
/www/wwwroot/jobportal.prus.dev/vendor/laravel/framework/src/Illuminate/Database/Eloquent/Factories/Factory.php:351
/www/wwwroot/jobportal.prus.dev/vendor/laravel/framework/src/Illuminate/Collections/Traits/EnumeratesValues.php:271
/www/wwwroot/jobportal.prus.dev/vendor/laravel/framework/src/Illuminate/Database/Eloquent/Factories/Factory.php:346
/www/wwwroot/jobportal.prus.dev/vendor/laravel/framework/src/Illuminate/Database/Eloquent/Factories/Factory.php:302
/www/wwwroot/jobportal.prus.dev/vendor/laravel/framework/src/Illuminate/Database/Eloquent/Factories/Factory.php:296
/www/wwwroot/jobportal.prus.dev/tests/Unit/Models/StateTest.php:38</error>
        </testcase>
      </testsuite>
      <testsuite name="Tests\Unit\Models\SubscriptionTest" file="/www/wwwroot/jobportal.prus.dev/tests/Unit/Models/SubscriptionTest.php" tests="5" assertions="0" errors="5" failures="0" skipped="0" time="4.249660">
        <testcase name="it_can_be_created" file="/www/wwwroot/jobportal.prus.dev/tests/Unit/Models/SubscriptionTest.php" line="19" class="Tests\Unit\Models\SubscriptionTest" classname="Tests.Unit.Models.SubscriptionTest" assertions="0" time="0.772089">
          <error type="Error">Tests\Unit\Models\SubscriptionTest::it_can_be_created
Error: Class "App\Models\Subscription" not found

/www/wwwroot/jobportal.prus.dev/tests/Unit/Models/SubscriptionTest.php:21</error>
        </testcase>
        <testcase name="it_has_fillable_attributes" file="/www/wwwroot/jobportal.prus.dev/tests/Unit/Models/SubscriptionTest.php" line="30" class="Tests\Unit\Models\SubscriptionTest" classname="Tests.Unit.Models.SubscriptionTest" assertions="0" time="0.753325">
          <error type="Error">Tests\Unit\Models\SubscriptionTest::it_has_fillable_attributes
Error: Class "App\Models\Subscription" not found

/www/wwwroot/jobportal.prus.dev/tests/Unit/Models/SubscriptionTest.php:32</error>
        </testcase>
        <testcase name="it_has_proper_casts" file="/www/wwwroot/jobportal.prus.dev/tests/Unit/Models/SubscriptionTest.php" line="40" class="Tests\Unit\Models\SubscriptionTest" classname="Tests.Unit.Models.SubscriptionTest" assertions="0" time="0.672273">
          <error type="Error">Tests\Unit\Models\SubscriptionTest::it_has_proper_casts
Error: Class "App\Models\Subscription" not found

/www/wwwroot/jobportal.prus.dev/tests/Unit/Models/SubscriptionTest.php:42</error>
        </testcase>
        <testcase name="it_can_be_updated" file="/www/wwwroot/jobportal.prus.dev/tests/Unit/Models/SubscriptionTest.php" line="50" class="Tests\Unit\Models\SubscriptionTest" classname="Tests.Unit.Models.SubscriptionTest" assertions="0" time="1.016103">
          <error type="Error">Tests\Unit\Models\SubscriptionTest::it_can_be_updated
Error: Class "App\Models\Subscription" not found

/www/wwwroot/jobportal.prus.dev/tests/Unit/Models/SubscriptionTest.php:52</error>
        </testcase>
        <testcase name="it_can_be_deleted" file="/www/wwwroot/jobportal.prus.dev/tests/Unit/Models/SubscriptionTest.php" line="65" class="Tests\Unit\Models\SubscriptionTest" classname="Tests.Unit.Models.SubscriptionTest" assertions="0" time="1.035870">
          <error type="Error">Tests\Unit\Models\SubscriptionTest::it_can_be_deleted
Error: Class "App\Models\Subscription" not found

/www/wwwroot/jobportal.prus.dev/tests/Unit/Models/SubscriptionTest.php:67</error>
        </testcase>
      </testsuite>
      <testsuite name="Tests\Unit\Models\TagTest" file="/www/wwwroot/jobportal.prus.dev/tests/Unit/Models/TagTest.php" tests="5" assertions="3" errors="3" failures="0" skipped="0" time="3.478785">
        <testcase name="it_can_be_created" file="/www/wwwroot/jobportal.prus.dev/tests/Unit/Models/TagTest.php" line="19" class="Tests\Unit\Models\TagTest" classname="Tests.Unit.Models.TagTest" assertions="0" time="0.967497">
          <error type="Illuminate\Database\QueryException">Tests\Unit\Models\TagTest::it_can_be_created
Illuminate\Database\QueryException: SQLSTATE[HY000]: General error: 1 table tags has no column named slug (Connection: sqlite, SQL: insert into "tags" ("name", "description", "is_default", "slug", "updated_at", "created_at") values (sed laudantium, Sequi aliquam consequuntur quam aliquid quos. Tenetur eveniet ut reprehenderit quibusdam nam et praesentium. Repudiandae minus accusamus molestias ex sed. Ut dolor pariatur quas adipisci aspernatur beatae., minima, sed-laudantium, 2025-08-09 10:55:11, 2025-08-09 10:55:11))

/www/wwwroot/jobportal.prus.dev/vendor/laravel/framework/src/Illuminate/Database/Connection.php:822
/www/wwwroot/jobportal.prus.dev/vendor/laravel/framework/src/Illuminate/Database/Connection.php:776
/www/wwwroot/jobportal.prus.dev/vendor/laravel/framework/src/Illuminate/Database/Connection.php:557
/www/wwwroot/jobportal.prus.dev/vendor/laravel/framework/src/Illuminate/Database/Connection.php:521
/www/wwwroot/jobportal.prus.dev/vendor/laravel/framework/src/Illuminate/Database/Query/Processors/Processor.php:32
/www/wwwroot/jobportal.prus.dev/vendor/laravel/framework/src/Illuminate/Database/Query/Builder.php:3796
/www/wwwroot/jobportal.prus.dev/vendor/laravel/framework/src/Illuminate/Database/Eloquent/Builder.php:2205
/www/wwwroot/jobportal.prus.dev/vendor/laravel/framework/src/Illuminate/Database/Eloquent/Model.php:1408
/www/wwwroot/jobportal.prus.dev/vendor/laravel/framework/src/Illuminate/Database/Eloquent/Model.php:1373
/www/wwwroot/jobportal.prus.dev/vendor/laravel/framework/src/Illuminate/Database/Eloquent/Model.php:1212
/www/wwwroot/jobportal.prus.dev/vendor/laravel/framework/src/Illuminate/Database/Eloquent/Factories/Factory.php:351
/www/wwwroot/jobportal.prus.dev/vendor/laravel/framework/src/Illuminate/Collections/Traits/EnumeratesValues.php:271
/www/wwwroot/jobportal.prus.dev/vendor/laravel/framework/src/Illuminate/Database/Eloquent/Factories/Factory.php:346
/www/wwwroot/jobportal.prus.dev/vendor/laravel/framework/src/Illuminate/Database/Eloquent/Factories/Factory.php:302
/www/wwwroot/jobportal.prus.dev/tests/Unit/Models/TagTest.php:21</error>
        </testcase>
        <testcase name="it_has_fillable_attributes" file="/www/wwwroot/jobportal.prus.dev/tests/Unit/Models/TagTest.php" line="30" class="Tests\Unit\Models\TagTest" classname="Tests.Unit.Models.TagTest" assertions="2" time="0.558438"/>
        <testcase name="it_has_proper_casts" file="/www/wwwroot/jobportal.prus.dev/tests/Unit/Models/TagTest.php" line="40" class="Tests\Unit\Models\TagTest" classname="Tests.Unit.Models.TagTest" assertions="1" time="0.608523"/>
        <testcase name="it_can_be_updated" file="/www/wwwroot/jobportal.prus.dev/tests/Unit/Models/TagTest.php" line="50" class="Tests\Unit\Models\TagTest" classname="Tests.Unit.Models.TagTest" assertions="0" time="0.635134">
          <error type="Illuminate\Database\QueryException">Tests\Unit\Models\TagTest::it_can_be_updated
Illuminate\Database\QueryException: SQLSTATE[HY000]: General error: 1 table tags has no column named slug (Connection: sqlite, SQL: insert into "tags" ("name", "description", "is_default", "slug", "updated_at", "created_at") values (molestiae similique, Voluptatem reprehenderit voluptas dolorem adipisci ipsa et nisi. Nam in sit repellendus iure autem. Ipsam officiis id blanditiis recusandae sed alias et. Laudantium enim laudantium distinctio quis et exercitationem. Totam ipsam autem qui eius natus aperiam eum., quibusdam, molestiae-similique, 2025-08-09 10:55:13, 2025-08-09 10:55:13))

/www/wwwroot/jobportal.prus.dev/vendor/laravel/framework/src/Illuminate/Database/Connection.php:822
/www/wwwroot/jobportal.prus.dev/vendor/laravel/framework/src/Illuminate/Database/Connection.php:776
/www/wwwroot/jobportal.prus.dev/vendor/laravel/framework/src/Illuminate/Database/Connection.php:557
/www/wwwroot/jobportal.prus.dev/vendor/laravel/framework/src/Illuminate/Database/Connection.php:521
/www/wwwroot/jobportal.prus.dev/vendor/laravel/framework/src/Illuminate/Database/Query/Processors/Processor.php:32
/www/wwwroot/jobportal.prus.dev/vendor/laravel/framework/src/Illuminate/Database/Query/Builder.php:3796
/www/wwwroot/jobportal.prus.dev/vendor/laravel/framework/src/Illuminate/Database/Eloquent/Builder.php:2205
/www/wwwroot/jobportal.prus.dev/vendor/laravel/framework/src/Illuminate/Database/Eloquent/Model.php:1408
/www/wwwroot/jobportal.prus.dev/vendor/laravel/framework/src/Illuminate/Database/Eloquent/Model.php:1373
/www/wwwroot/jobportal.prus.dev/vendor/laravel/framework/src/Illuminate/Database/Eloquent/Model.php:1212
/www/wwwroot/jobportal.prus.dev/vendor/laravel/framework/src/Illuminate/Database/Eloquent/Factories/Factory.php:351
/www/wwwroot/jobportal.prus.dev/vendor/laravel/framework/src/Illuminate/Collections/Traits/EnumeratesValues.php:271
/www/wwwroot/jobportal.prus.dev/vendor/laravel/framework/src/Illuminate/Database/Eloquent/Factories/Factory.php:346
/www/wwwroot/jobportal.prus.dev/vendor/laravel/framework/src/Illuminate/Database/Eloquent/Factories/Factory.php:302
/www/wwwroot/jobportal.prus.dev/tests/Unit/Models/TagTest.php:52</error>
        </testcase>
        <testcase name="it_can_be_deleted" file="/www/wwwroot/jobportal.prus.dev/tests/Unit/Models/TagTest.php" line="65" class="Tests\Unit\Models\TagTest" classname="Tests.Unit.Models.TagTest" assertions="0" time="0.709193">
          <error type="Illuminate\Database\QueryException">Tests\Unit\Models\TagTest::it_can_be_deleted
Illuminate\Database\QueryException: SQLSTATE[HY000]: General error: 1 table tags has no column named slug (Connection: sqlite, SQL: insert into "tags" ("name", "description", "is_default", "slug", "updated_at", "created_at") values (aut autem, Sunt voluptatem culpa rem eum. Natus aut praesentium aut repudiandae. Ipsa et esse ut voluptate accusamus eligendi ea. Eum sit voluptatem et possimus id quis nihil., corrupti, aut-autem, 2025-08-09 10:55:14, 2025-08-09 10:55:14))

/www/wwwroot/jobportal.prus.dev/vendor/laravel/framework/src/Illuminate/Database/Connection.php:822
/www/wwwroot/jobportal.prus.dev/vendor/laravel/framework/src/Illuminate/Database/Connection.php:776
/www/wwwroot/jobportal.prus.dev/vendor/laravel/framework/src/Illuminate/Database/Connection.php:557
/www/wwwroot/jobportal.prus.dev/vendor/laravel/framework/src/Illuminate/Database/Connection.php:521
/www/wwwroot/jobportal.prus.dev/vendor/laravel/framework/src/Illuminate/Database/Query/Processors/Processor.php:32
/www/wwwroot/jobportal.prus.dev/vendor/laravel/framework/src/Illuminate/Database/Query/Builder.php:3796
/www/wwwroot/jobportal.prus.dev/vendor/laravel/framework/src/Illuminate/Database/Eloquent/Builder.php:2205
/www/wwwroot/jobportal.prus.dev/vendor/laravel/framework/src/Illuminate/Database/Eloquent/Model.php:1408
/www/wwwroot/jobportal.prus.dev/vendor/laravel/framework/src/Illuminate/Database/Eloquent/Model.php:1373
/www/wwwroot/jobportal.prus.dev/vendor/laravel/framework/src/Illuminate/Database/Eloquent/Model.php:1212
/www/wwwroot/jobportal.prus.dev/vendor/laravel/framework/src/Illuminate/Database/Eloquent/Factories/Factory.php:351
/www/wwwroot/jobportal.prus.dev/vendor/laravel/framework/src/Illuminate/Collections/Traits/EnumeratesValues.php:271
/www/wwwroot/jobportal.prus.dev/vendor/laravel/framework/src/Illuminate/Database/Eloquent/Factories/Factory.php:346
/www/wwwroot/jobportal.prus.dev/vendor/laravel/framework/src/Illuminate/Database/Eloquent/Factories/Factory.php:302
/www/wwwroot/jobportal.prus.dev/tests/Unit/Models/TagTest.php:67</error>
        </testcase>
      </testsuite>
      <testsuite name="Tests\Unit\Models\TodoTest" file="/www/wwwroot/jobportal.prus.dev/tests/Unit/Models/TodoTest.php" tests="5" assertions="3" errors="3" failures="0" skipped="0" time="4.566236">
        <testcase name="it_can_be_created" file="/www/wwwroot/jobportal.prus.dev/tests/Unit/Models/TodoTest.php" line="19" class="Tests\Unit\Models\TodoTest" classname="Tests.Unit.Models.TodoTest" assertions="0" time="0.742249">
          <error type="Illuminate\Database\QueryException">Tests\Unit\Models\TodoTest::it_can_be_created
Illuminate\Database\QueryException: SQLSTATE[23000]: Integrity constraint violation: 19 NOT NULL constraint failed: todos.user_id (Connection: sqlite, SQL: insert into "todos" ("user_id", "title", "description", "due_date", "is_completed", "priority", "updated_at", "created_at") values (?, Harum debitis accusamus facere., Repellat earum beatae accusamus commodi nemo itaque laborum. Delectus perspiciatis provident sit assumenda. Facilis cum nihil veniam labore accusamus facilis eos. Mollitia necessitatibus atque et itaque molestiae ut., 2025-08-12 14:06:15, 0, high, 2025-08-09 10:55:15, 2025-08-09 10:55:15))

/www/wwwroot/jobportal.prus.dev/vendor/laravel/framework/src/Illuminate/Database/Connection.php:822
/www/wwwroot/jobportal.prus.dev/vendor/laravel/framework/src/Illuminate/Database/Connection.php:776
/www/wwwroot/jobportal.prus.dev/vendor/laravel/framework/src/Illuminate/Database/Connection.php:557
/www/wwwroot/jobportal.prus.dev/vendor/laravel/framework/src/Illuminate/Database/Connection.php:521
/www/wwwroot/jobportal.prus.dev/vendor/laravel/framework/src/Illuminate/Database/Query/Processors/Processor.php:32
/www/wwwroot/jobportal.prus.dev/vendor/laravel/framework/src/Illuminate/Database/Query/Builder.php:3796
/www/wwwroot/jobportal.prus.dev/vendor/laravel/framework/src/Illuminate/Database/Eloquent/Builder.php:2205
/www/wwwroot/jobportal.prus.dev/vendor/laravel/framework/src/Illuminate/Database/Eloquent/Model.php:1408
/www/wwwroot/jobportal.prus.dev/vendor/laravel/framework/src/Illuminate/Database/Eloquent/Model.php:1373
/www/wwwroot/jobportal.prus.dev/vendor/laravel/framework/src/Illuminate/Database/Eloquent/Model.php:1212
/www/wwwroot/jobportal.prus.dev/vendor/laravel/framework/src/Illuminate/Database/Eloquent/Factories/Factory.php:351
/www/wwwroot/jobportal.prus.dev/vendor/laravel/framework/src/Illuminate/Collections/Traits/EnumeratesValues.php:271
/www/wwwroot/jobportal.prus.dev/vendor/laravel/framework/src/Illuminate/Database/Eloquent/Factories/Factory.php:346
/www/wwwroot/jobportal.prus.dev/vendor/laravel/framework/src/Illuminate/Database/Eloquent/Factories/Factory.php:302
/www/wwwroot/jobportal.prus.dev/tests/Unit/Models/TodoTest.php:21</error>
        </testcase>
        <testcase name="it_has_fillable_attributes" file="/www/wwwroot/jobportal.prus.dev/tests/Unit/Models/TodoTest.php" line="30" class="Tests\Unit\Models\TodoTest" classname="Tests.Unit.Models.TodoTest" assertions="2" time="0.983278"/>
        <testcase name="it_has_proper_casts" file="/www/wwwroot/jobportal.prus.dev/tests/Unit/Models/TodoTest.php" line="40" class="Tests\Unit\Models\TodoTest" classname="Tests.Unit.Models.TodoTest" assertions="1" time="0.729944"/>
        <testcase name="it_can_be_updated" file="/www/wwwroot/jobportal.prus.dev/tests/Unit/Models/TodoTest.php" line="50" class="Tests\Unit\Models\TodoTest" classname="Tests.Unit.Models.TodoTest" assertions="0" time="0.988450">
          <error type="Illuminate\Database\QueryException">Tests\Unit\Models\TodoTest::it_can_be_updated
Illuminate\Database\QueryException: SQLSTATE[23000]: Integrity constraint violation: 19 NOT NULL constraint failed: todos.user_id (Connection: sqlite, SQL: insert into "todos" ("user_id", "title", "description", "due_date", "is_completed", "priority", "updated_at", "created_at") values (?, Delectus voluptas occaecati iure facilis et., Laudantium necessitatibus a repellendus aperiam et nam. Vitae voluptatem adipisci facere et enim eaque. Sed molestias deleniti dignissimos nihil., 2025-08-11 23:02:05, 0, high, 2025-08-09 10:55:17, 2025-08-09 10:55:17))

/www/wwwroot/jobportal.prus.dev/vendor/laravel/framework/src/Illuminate/Database/Connection.php:822
/www/wwwroot/jobportal.prus.dev/vendor/laravel/framework/src/Illuminate/Database/Connection.php:776
/www/wwwroot/jobportal.prus.dev/vendor/laravel/framework/src/Illuminate/Database/Connection.php:557
/www/wwwroot/jobportal.prus.dev/vendor/laravel/framework/src/Illuminate/Database/Connection.php:521
/www/wwwroot/jobportal.prus.dev/vendor/laravel/framework/src/Illuminate/Database/Query/Processors/Processor.php:32
/www/wwwroot/jobportal.prus.dev/vendor/laravel/framework/src/Illuminate/Database/Query/Builder.php:3796
/www/wwwroot/jobportal.prus.dev/vendor/laravel/framework/src/Illuminate/Database/Eloquent/Builder.php:2205
/www/wwwroot/jobportal.prus.dev/vendor/laravel/framework/src/Illuminate/Database/Eloquent/Model.php:1408
/www/wwwroot/jobportal.prus.dev/vendor/laravel/framework/src/Illuminate/Database/Eloquent/Model.php:1373
/www/wwwroot/jobportal.prus.dev/vendor/laravel/framework/src/Illuminate/Database/Eloquent/Model.php:1212
/www/wwwroot/jobportal.prus.dev/vendor/laravel/framework/src/Illuminate/Database/Eloquent/Factories/Factory.php:351
/www/wwwroot/jobportal.prus.dev/vendor/laravel/framework/src/Illuminate/Collections/Traits/EnumeratesValues.php:271
/www/wwwroot/jobportal.prus.dev/vendor/laravel/framework/src/Illuminate/Database/Eloquent/Factories/Factory.php:346
/www/wwwroot/jobportal.prus.dev/vendor/laravel/framework/src/Illuminate/Database/Eloquent/Factories/Factory.php:302
/www/wwwroot/jobportal.prus.dev/tests/Unit/Models/TodoTest.php:52</error>
        </testcase>
        <testcase name="it_can_be_deleted" file="/www/wwwroot/jobportal.prus.dev/tests/Unit/Models/TodoTest.php" line="65" class="Tests\Unit\Models\TodoTest" classname="Tests.Unit.Models.TodoTest" assertions="0" time="1.122315">
          <error type="Illuminate\Database\QueryException">Tests\Unit\Models\TodoTest::it_can_be_deleted
Illuminate\Database\QueryException: SQLSTATE[23000]: Integrity constraint violation: 19 NOT NULL constraint failed: todos.user_id (Connection: sqlite, SQL: insert into "todos" ("user_id", "title", "description", "due_date", "is_completed", "priority", "updated_at", "created_at") values (?, Et architecto et., Alias voluptates laborum minus enim ratione porro placeat. Doloremque quidem similique ipsam ad quia deserunt expedita. Omnis error omnis fugit est. Blanditiis quia dignissimos sed voluptas ex qui., 2025-08-29 04:47:37, 0, low, 2025-08-09 10:55:18, 2025-08-09 10:55:18))

/www/wwwroot/jobportal.prus.dev/vendor/laravel/framework/src/Illuminate/Database/Connection.php:822
/www/wwwroot/jobportal.prus.dev/vendor/laravel/framework/src/Illuminate/Database/Connection.php:776
/www/wwwroot/jobportal.prus.dev/vendor/laravel/framework/src/Illuminate/Database/Connection.php:557
/www/wwwroot/jobportal.prus.dev/vendor/laravel/framework/src/Illuminate/Database/Connection.php:521
/www/wwwroot/jobportal.prus.dev/vendor/laravel/framework/src/Illuminate/Database/Query/Processors/Processor.php:32
/www/wwwroot/jobportal.prus.dev/vendor/laravel/framework/src/Illuminate/Database/Query/Builder.php:3796
/www/wwwroot/jobportal.prus.dev/vendor/laravel/framework/src/Illuminate/Database/Eloquent/Builder.php:2205
/www/wwwroot/jobportal.prus.dev/vendor/laravel/framework/src/Illuminate/Database/Eloquent/Model.php:1408
/www/wwwroot/jobportal.prus.dev/vendor/laravel/framework/src/Illuminate/Database/Eloquent/Model.php:1373
/www/wwwroot/jobportal.prus.dev/vendor/laravel/framework/src/Illuminate/Database/Eloquent/Model.php:1212
/www/wwwroot/jobportal.prus.dev/vendor/laravel/framework/src/Illuminate/Database/Eloquent/Factories/Factory.php:351
/www/wwwroot/jobportal.prus.dev/vendor/laravel/framework/src/Illuminate/Collections/Traits/EnumeratesValues.php:271
/www/wwwroot/jobportal.prus.dev/vendor/laravel/framework/src/Illuminate/Database/Eloquent/Factories/Factory.php:346
/www/wwwroot/jobportal.prus.dev/vendor/laravel/framework/src/Illuminate/Database/Eloquent/Factories/Factory.php:302
/www/wwwroot/jobportal.prus.dev/tests/Unit/Models/TodoTest.php:67</error>
        </testcase>
      </testsuite>
      <testsuite name="Tests\Unit\Models\TransactionTest" file="/www/wwwroot/jobportal.prus.dev/tests/Unit/Models/TransactionTest.php" tests="5" assertions="0" errors="5" failures="0" skipped="0" time="4.161211">
        <testcase name="it_can_be_created" file="/www/wwwroot/jobportal.prus.dev/tests/Unit/Models/TransactionTest.php" line="19" class="Tests\Unit\Models\TransactionTest" classname="Tests.Unit.Models.TransactionTest" assertions="0" time="0.967649">
          <error type="Error">Tests\Unit\Models\TransactionTest::it_can_be_created
Error: Class "App\Models\Transaction" not found

/www/wwwroot/jobportal.prus.dev/tests/Unit/Models/TransactionTest.php:21</error>
        </testcase>
        <testcase name="it_has_fillable_attributes" file="/www/wwwroot/jobportal.prus.dev/tests/Unit/Models/TransactionTest.php" line="30" class="Tests\Unit\Models\TransactionTest" classname="Tests.Unit.Models.TransactionTest" assertions="0" time="1.116390">
          <error type="Error">Tests\Unit\Models\TransactionTest::it_has_fillable_attributes
Error: Class "App\Models\Transaction" not found

/www/wwwroot/jobportal.prus.dev/tests/Unit/Models/TransactionTest.php:32</error>
        </testcase>
        <testcase name="it_has_proper_casts" file="/www/wwwroot/jobportal.prus.dev/tests/Unit/Models/TransactionTest.php" line="40" class="Tests\Unit\Models\TransactionTest" classname="Tests.Unit.Models.TransactionTest" assertions="0" time="0.625601">
          <error type="Error">Tests\Unit\Models\TransactionTest::it_has_proper_casts
Error: Class "App\Models\Transaction" not found

/www/wwwroot/jobportal.prus.dev/tests/Unit/Models/TransactionTest.php:42</error>
        </testcase>
        <testcase name="it_can_be_updated" file="/www/wwwroot/jobportal.prus.dev/tests/Unit/Models/TransactionTest.php" line="50" class="Tests\Unit\Models\TransactionTest" classname="Tests.Unit.Models.TransactionTest" assertions="0" time="0.790594">
          <error type="Error">Tests\Unit\Models\TransactionTest::it_can_be_updated
Error: Class "App\Models\Transaction" not found

/www/wwwroot/jobportal.prus.dev/tests/Unit/Models/TransactionTest.php:52</error>
        </testcase>
        <testcase name="it_can_be_deleted" file="/www/wwwroot/jobportal.prus.dev/tests/Unit/Models/TransactionTest.php" line="65" class="Tests\Unit\Models\TransactionTest" classname="Tests.Unit.Models.TransactionTest" assertions="0" time="0.660976">
          <error type="Error">Tests\Unit\Models\TransactionTest::it_can_be_deleted
Error: Class "App\Models\Transaction" not found

/www/wwwroot/jobportal.prus.dev/tests/Unit/Models/TransactionTest.php:67</error>
        </testcase>
      </testsuite>
      <testsuite name="Tests\Unit\Models\UserModelDatabaseTest" file="/www/wwwroot/jobportal.prus.dev/tests/Unit/Models/UserModelDatabaseTest.php" tests="9" assertions="0" errors="9" failures="0" skipped="0" time="7.053691">
        <testcase name="it_can_create_user_via_factory" file="/www/wwwroot/jobportal.prus.dev/tests/Unit/Models/UserModelDatabaseTest.php" line="24" class="Tests\Unit\Models\UserModelDatabaseTest" classname="Tests.Unit.Models.UserModelDatabaseTest" assertions="0" time="0.914761">
          <error type="Error">Tests\Unit\Models\UserModelDatabaseTest::it_can_create_user_via_factory
Error: Class "App\Models\User" not found

/www/wwwroot/jobportal.prus.dev/tests/Unit/Models/UserModelDatabaseTest.php:26</error>
        </testcase>
        <testcase name="it_generates_full_name_attribute_from_database" file="/www/wwwroot/jobportal.prus.dev/tests/Unit/Models/UserModelDatabaseTest.php" line="42" class="Tests\Unit\Models\UserModelDatabaseTest" classname="Tests.Unit.Models.UserModelDatabaseTest" assertions="0" time="0.893279">
          <error type="Error">Tests\Unit\Models\UserModelDatabaseTest::it_generates_full_name_attribute_from_database
Error: Class "App\Models\User" not found

/www/wwwroot/jobportal.prus.dev/tests/Unit/Models/UserModelDatabaseTest.php:44</error>
        </testcase>
        <testcase name="it_can_create_different_user_types" file="/www/wwwroot/jobportal.prus.dev/tests/Unit/Models/UserModelDatabaseTest.php" line="53" class="Tests\Unit\Models\UserModelDatabaseTest" classname="Tests.Unit.Models.UserModelDatabaseTest" assertions="0" time="0.999388">
          <error type="Error">Tests\Unit\Models\UserModelDatabaseTest::it_can_create_different_user_types
Error: Class "App\Models\User" not found

/www/wwwroot/jobportal.prus.dev/tests/Unit/Models/UserModelDatabaseTest.php:55</error>
        </testcase>
        <testcase name="it_hashes_passwords_when_created" file="/www/wwwroot/jobportal.prus.dev/tests/Unit/Models/UserModelDatabaseTest.php" line="65" class="Tests\Unit\Models\UserModelDatabaseTest" classname="Tests.Unit.Models.UserModelDatabaseTest" assertions="0" time="0.748405">
          <error type="Error">Tests\Unit\Models\UserModelDatabaseTest::it_hashes_passwords_when_created
Error: Class "App\Models\User" not found

/www/wwwroot/jobportal.prus.dev/tests/Unit/Models/UserModelDatabaseTest.php:67</error>
        </testcase>
        <testcase name="it_can_update_user_attributes" file="/www/wwwroot/jobportal.prus.dev/tests/Unit/Models/UserModelDatabaseTest.php" line="76" class="Tests\Unit\Models\UserModelDatabaseTest" classname="Tests.Unit.Models.UserModelDatabaseTest" assertions="0" time="0.774255">
          <error type="Error">Tests\Unit\Models\UserModelDatabaseTest::it_can_update_user_attributes
Error: Class "App\Models\User" not found

/www/wwwroot/jobportal.prus.dev/tests/Unit/Models/UserModelDatabaseTest.php:78</error>
        </testcase>
        <testcase name="it_has_relationship_methods_that_return_correct_types" file="/www/wwwroot/jobportal.prus.dev/tests/Unit/Models/UserModelDatabaseTest.php" line="91" class="Tests\Unit\Models\UserModelDatabaseTest" classname="Tests.Unit.Models.UserModelDatabaseTest" assertions="0" time="0.708176">
          <error type="Error">Tests\Unit\Models\UserModelDatabaseTest::it_has_relationship_methods_that_return_correct_types
Error: Class "App\Models\User" not found

/www/wwwroot/jobportal.prus.dev/tests/Unit/Models/UserModelDatabaseTest.php:93</error>
        </testcase>
        <testcase name="it_handles_boolean_casting_correctly" file="/www/wwwroot/jobportal.prus.dev/tests/Unit/Models/UserModelDatabaseTest.php" line="107" class="Tests\Unit\Models\UserModelDatabaseTest" classname="Tests.Unit.Models.UserModelDatabaseTest" assertions="0" time="0.572156">
          <error type="Error">Tests\Unit\Models\UserModelDatabaseTest::it_handles_boolean_casting_correctly
Error: Class "App\Models\User" not found

/www/wwwroot/jobportal.prus.dev/tests/Unit/Models/UserModelDatabaseTest.php:109</error>
        </testcase>
        <testcase name="it_handles_date_casting_correctly" file="/www/wwwroot/jobportal.prus.dev/tests/Unit/Models/UserModelDatabaseTest.php" line="124" class="Tests\Unit\Models\UserModelDatabaseTest" classname="Tests.Unit.Models.UserModelDatabaseTest" assertions="0" time="0.894340">
          <error type="Error">Tests\Unit\Models\UserModelDatabaseTest::it_handles_date_casting_correctly
Error: Class "App\Models\User" not found

/www/wwwroot/jobportal.prus.dev/tests/Unit/Models/UserModelDatabaseTest.php:126</error>
        </testcase>
        <testcase name="it_filters_sensitive_data_in_array_conversion" file="/www/wwwroot/jobportal.prus.dev/tests/Unit/Models/UserModelDatabaseTest.php" line="137" class="Tests\Unit\Models\UserModelDatabaseTest" classname="Tests.Unit.Models.UserModelDatabaseTest" assertions="0" time="0.548931">
          <error type="Error">Tests\Unit\Models\UserModelDatabaseTest::it_filters_sensitive_data_in_array_conversion
Error: Class "App\Models\User" not found

/www/wwwroot/jobportal.prus.dev/tests/Unit/Models/UserModelDatabaseTest.php:139</error>
        </testcase>
      </testsuite>
      <testsuite name="Tests\Unit\Models\UserModelOptimizedTest" file="/www/wwwroot/jobportal.prus.dev/tests/Unit/Models/UserModelOptimizedTest.php" tests="5" assertions="0" errors="5" failures="0" skipped="0" time="4.321162">
        <testcase name="test_user_can_be_created" file="/www/wwwroot/jobportal.prus.dev/tests/Unit/Models/UserModelOptimizedTest.php" line="19" class="Tests\Unit\Models\UserModelOptimizedTest" classname="Tests.Unit.Models.UserModelOptimizedTest" assertions="0" time="1.177390">
          <error type="Error">Tests\Unit\Models\UserModelOptimizedTest::test_user_can_be_created
Error: Class "Tests\Helpers\TestHelpers" not found

/www/wwwroot/jobportal.prus.dev/tests/Unit/Models/UserModelOptimizedTest.php:21</error>
        </testcase>
        <testcase name="test_user_has_correct_fillable_attributes" file="/www/wwwroot/jobportal.prus.dev/tests/Unit/Models/UserModelOptimizedTest.php" line="31" class="Tests\Unit\Models\UserModelOptimizedTest" classname="Tests.Unit.Models.UserModelOptimizedTest" assertions="0" time="0.912410">
          <error type="Error">Tests\Unit\Models\UserModelOptimizedTest::test_user_has_correct_fillable_attributes
Error: Class "App\Models\User" not found

/www/wwwroot/jobportal.prus.dev/tests/Unit/Models/UserModelOptimizedTest.php:33</error>
        </testcase>
        <testcase name="test_user_has_correct_hidden_attributes" file="/www/wwwroot/jobportal.prus.dev/tests/Unit/Models/UserModelOptimizedTest.php" line="46" class="Tests\Unit\Models\UserModelOptimizedTest" classname="Tests.Unit.Models.UserModelOptimizedTest" assertions="0" time="0.896600">
          <error type="Error">Tests\Unit\Models\UserModelOptimizedTest::test_user_has_correct_hidden_attributes
Error: Class "App\Models\User" not found

/www/wwwroot/jobportal.prus.dev/tests/Unit/Models/UserModelOptimizedTest.php:48</error>
        </testcase>
        <testcase name="test_password_is_hashed" file="/www/wwwroot/jobportal.prus.dev/tests/Unit/Models/UserModelOptimizedTest.php" line="55" class="Tests\Unit\Models\UserModelOptimizedTest" classname="Tests.Unit.Models.UserModelOptimizedTest" assertions="0" time="0.605236">
          <error type="Error">Tests\Unit\Models\UserModelOptimizedTest::test_password_is_hashed
Error: Class "Tests\Helpers\TestHelpers" not found

/www/wwwroot/jobportal.prus.dev/tests/Unit/Models/UserModelOptimizedTest.php:57</error>
        </testcase>
        <testcase name="test_user_relationships" file="/www/wwwroot/jobportal.prus.dev/tests/Unit/Models/UserModelOptimizedTest.php" line="65" class="Tests\Unit\Models\UserModelOptimizedTest" classname="Tests.Unit.Models.UserModelOptimizedTest" assertions="0" time="0.729526">
          <error type="Error">Tests\Unit\Models\UserModelOptimizedTest::test_user_relationships
Error: Class "Tests\Helpers\TestHelpers" not found

/www/wwwroot/jobportal.prus.dev/tests/Unit/Models/UserModelOptimizedTest.php:67</error>
        </testcase>
      </testsuite>
      <testsuite name="Tests\Unit\Models\UserModelSimpleTest" file="/www/wwwroot/jobportal.prus.dev/tests/Unit/Models/UserModelSimpleTest.php" tests="11" assertions="0" errors="11" failures="0" skipped="0" time="0.003840">
        <testcase name="it_has_user_type_constants" file="/www/wwwroot/jobportal.prus.dev/tests/Unit/Models/UserModelSimpleTest.php" line="16" class="Tests\Unit\Models\UserModelSimpleTest" classname="Tests.Unit.Models.UserModelSimpleTest" assertions="0" time="0.000457">
          <error type="Error">Tests\Unit\Models\UserModelSimpleTest::it_has_user_type_constants
Error: Class "App\Models\User" not found

/www/wwwroot/jobportal.prus.dev/tests/Unit/Models/UserModelSimpleTest.php:18</error>
        </testcase>
        <testcase name="it_has_correct_fillable_attributes" file="/www/wwwroot/jobportal.prus.dev/tests/Unit/Models/UserModelSimpleTest.php" line="24" class="Tests\Unit\Models\UserModelSimpleTest" classname="Tests.Unit.Models.UserModelSimpleTest" assertions="0" time="0.000379">
          <error type="Error">Tests\Unit\Models\UserModelSimpleTest::it_has_correct_fillable_attributes
Error: Class "App\Models\User" not found

/www/wwwroot/jobportal.prus.dev/tests/Unit/Models/UserModelSimpleTest.php:26</error>
        </testcase>
        <testcase name="it_has_correct_hidden_attributes" file="/www/wwwroot/jobportal.prus.dev/tests/Unit/Models/UserModelSimpleTest.php" line="63" class="Tests\Unit\Models\UserModelSimpleTest" classname="Tests.Unit.Models.UserModelSimpleTest" assertions="0" time="0.000337">
          <error type="Error">Tests\Unit\Models\UserModelSimpleTest::it_has_correct_hidden_attributes
Error: Class "App\Models\User" not found

/www/wwwroot/jobportal.prus.dev/tests/Unit/Models/UserModelSimpleTest.php:65</error>
        </testcase>
        <testcase name="it_has_correct_casts" file="/www/wwwroot/jobportal.prus.dev/tests/Unit/Models/UserModelSimpleTest.php" line="73" class="Tests\Unit\Models\UserModelSimpleTest" classname="Tests.Unit.Models.UserModelSimpleTest" assertions="0" time="0.000326">
          <error type="Error">Tests\Unit\Models\UserModelSimpleTest::it_has_correct_casts
Error: Class "App\Models\User" not found

/www/wwwroot/jobportal.prus.dev/tests/Unit/Models/UserModelSimpleTest.php:75</error>
        </testcase>
        <testcase name="it_generates_full_name_attribute" file="/www/wwwroot/jobportal.prus.dev/tests/Unit/Models/UserModelSimpleTest.php" line="93" class="Tests\Unit\Models\UserModelSimpleTest" classname="Tests.Unit.Models.UserModelSimpleTest" assertions="0" time="0.000314">
          <error type="Error">Tests\Unit\Models\UserModelSimpleTest::it_generates_full_name_attribute
Error: Class "App\Models\User" not found

/www/wwwroot/jobportal.prus.dev/tests/Unit/Models/UserModelSimpleTest.php:95</error>
        </testcase>
        <testcase name="it_has_language_constants" file="/www/wwwroot/jobportal.prus.dev/tests/Unit/Models/UserModelSimpleTest.php" line="104" class="Tests\Unit\Models\UserModelSimpleTest" classname="Tests.Unit.Models.UserModelSimpleTest" assertions="0" time="0.000300">
          <error type="Error">Tests\Unit\Models\UserModelSimpleTest::it_has_language_constants
Error: Class "App\Models\User" not found

/www/wwwroot/jobportal.prus.dev/tests/Unit/Models/UserModelSimpleTest.php:118</error>
        </testcase>
        <testcase name="it_has_profile_constant" file="/www/wwwroot/jobportal.prus.dev/tests/Unit/Models/UserModelSimpleTest.php" line="122" class="Tests\Unit\Models\UserModelSimpleTest" classname="Tests.Unit.Models.UserModelSimpleTest" assertions="0" time="0.000304">
          <error type="Error">Tests\Unit\Models\UserModelSimpleTest::it_has_profile_constant
Error: Class "App\Models\User" not found

/www/wwwroot/jobportal.prus.dev/tests/Unit/Models/UserModelSimpleTest.php:124</error>
        </testcase>
        <testcase name="it_has_mode_constants" file="/www/wwwroot/jobportal.prus.dev/tests/Unit/Models/UserModelSimpleTest.php" line="128" class="Tests\Unit\Models\UserModelSimpleTest" classname="Tests.Unit.Models.UserModelSimpleTest" assertions="0" time="0.000299">
          <error type="Error">Tests\Unit\Models\UserModelSimpleTest::it_has_mode_constants
Error: Class "App\Models\User" not found

/www/wwwroot/jobportal.prus.dev/tests/Unit/Models/UserModelSimpleTest.php:130</error>
        </testcase>
        <testcase name="it_checks_online_profile_availability_when_no_social_urls" file="/www/wwwroot/jobportal.prus.dev/tests/Unit/Models/UserModelSimpleTest.php" line="136" class="Tests\Unit\Models\UserModelSimpleTest" classname="Tests.Unit.Models.UserModelSimpleTest" assertions="0" time="0.000299">
          <error type="Error">Tests\Unit\Models\UserModelSimpleTest::it_checks_online_profile_availability_when_no_social_urls
Error: Class "App\Models\User" not found

/www/wwwroot/jobportal.prus.dev/tests/Unit/Models/UserModelSimpleTest.php:138</error>
        </testcase>
        <testcase name="it_checks_online_profile_availability_when_has_social_urls" file="/www/wwwroot/jobportal.prus.dev/tests/Unit/Models/UserModelSimpleTest.php" line="151" class="Tests\Unit\Models\UserModelSimpleTest" classname="Tests.Unit.Models.UserModelSimpleTest" assertions="0" time="0.000303">
          <error type="Error">Tests\Unit\Models\UserModelSimpleTest::it_checks_online_profile_availability_when_has_social_urls
Error: Class "App\Models\User" not found

/www/wwwroot/jobportal.prus.dev/tests/Unit/Models/UserModelSimpleTest.php:153</error>
        </testcase>
        <testcase name="it_has_relationship_methods" file="/www/wwwroot/jobportal.prus.dev/tests/Unit/Models/UserModelSimpleTest.php" line="162" class="Tests\Unit\Models\UserModelSimpleTest" classname="Tests.Unit.Models.UserModelSimpleTest" assertions="0" time="0.000521">
          <error type="Error">Tests\Unit\Models\UserModelSimpleTest::it_has_relationship_methods
Error: Class "App\Models\User" not found

/www/wwwroot/jobportal.prus.dev/tests/Unit/Models/UserModelSimpleTest.php:164</error>
        </testcase>
      </testsuite>
      <testsuite name="Tests\Unit\Models\UserModelTest" file="/www/wwwroot/jobportal.prus.dev/tests/Unit/Models/UserModelTest.php" tests="3" assertions="0" errors="3" failures="0" skipped="0" time="2.116233">
        <testcase name="it_can_be_created" file="/www/wwwroot/jobportal.prus.dev/tests/Unit/Models/UserModelTest.php" line="19" class="Tests\Unit\Models\UserModelTest" classname="Tests.Unit.Models.UserModelTest" assertions="0" time="0.613607">
          <error type="Error">Tests\Unit\Models\UserModelTest::it_can_be_created
Error: Class "App\Models\User" not found

/www/wwwroot/jobportal.prus.dev/tests/Unit/Models/UserModelTest.php:21</error>
        </testcase>
        <testcase name="it_has_required_fillable_fields" file="/www/wwwroot/jobportal.prus.dev/tests/Unit/Models/UserModelTest.php" line="28" class="Tests\Unit\Models\UserModelTest" classname="Tests.Unit.Models.UserModelTest" assertions="0" time="1.010802">
          <error type="Error">Tests\Unit\Models\UserModelTest::it_has_required_fillable_fields
Error: Class "App\Models\User" not found

/www/wwwroot/jobportal.prus.dev/tests/Unit/Models/UserModelTest.php:30</error>
        </testcase>
        <testcase name="it_can_be_soft_deleted" file="/www/wwwroot/jobportal.prus.dev/tests/Unit/Models/UserModelTest.php" line="38" class="Tests\Unit\Models\UserModelTest" classname="Tests.Unit.Models.UserModelTest" assertions="0" time="0.491824">
          <error type="Error">Tests\Unit\Models\UserModelTest::it_can_be_soft_deleted
Error: Class "App\Models\User" not found

/www/wwwroot/jobportal.prus.dev/tests/Unit/Models/UserModelTest.php:40</error>
        </testcase>
      </testsuite>
      <testsuite name="Tests\Unit\PostCategoryTest" file="/www/wwwroot/jobportal.prus.dev/tests/Unit/PostCategoryTest.php" tests="34" assertions="45" errors="12" failures="2" skipped="0" time="31.129414">
        <testcase name="it_has_fillable_attributes" file="/www/wwwroot/jobportal.prus.dev/tests/Unit/PostCategoryTest.php" line="38" class="Tests\Unit\PostCategoryTest" classname="Tests.Unit.PostCategoryTest" assertions="1" time="0.558555">
          <failure type="PHPUnit\Framework\ExpectationFailedException">Tests\Unit\PostCategoryTest::it_has_fillable_attributes
Failed asserting that two arrays are equal.
--- Expected
+++ Actual
@@ @@
     1 =&gt; 'description'
     2 =&gt; 'is_default'
     3 =&gt; 'is_active'
-    4 =&gt; 'sort_order'
-    5 =&gt; 'color'
-    6 =&gt; 'icon'
+    4 =&gt; 'is_featured'
+    5 =&gt; 'sort_order'
+    6 =&gt; 'color'
+    7 =&gt; 'icon'
 )

/www/wwwroot/jobportal.prus.dev/tests/Unit/PostCategoryTest.php:45</failure>
        </testcase>
        <testcase name="it_casts_attributes_correctly" file="/www/wwwroot/jobportal.prus.dev/tests/Unit/PostCategoryTest.php" line="49" class="Tests\Unit\PostCategoryTest" classname="Tests.Unit.PostCategoryTest" assertions="5" time="0.580376"/>
        <testcase name="it_can_scope_active_categories" file="/www/wwwroot/jobportal.prus.dev/tests/Unit/PostCategoryTest.php" line="59" class="Tests\Unit\PostCategoryTest" classname="Tests.Unit.PostCategoryTest" assertions="2" time="0.699252"/>
        <testcase name="it_can_scope_inactive_categories" file="/www/wwwroot/jobportal.prus.dev/tests/Unit/PostCategoryTest.php" line="70" class="Tests\Unit\PostCategoryTest" classname="Tests.Unit.PostCategoryTest" assertions="2" time="0.581901"/>
        <testcase name="it_can_scope_default_categories" file="/www/wwwroot/jobportal.prus.dev/tests/Unit/PostCategoryTest.php" line="81" class="Tests\Unit\PostCategoryTest" classname="Tests.Unit.PostCategoryTest" assertions="2" time="0.868763"/>
        <testcase name="it_can_scope_custom_categories" file="/www/wwwroot/jobportal.prus.dev/tests/Unit/PostCategoryTest.php" line="92" class="Tests\Unit\PostCategoryTest" classname="Tests.Unit.PostCategoryTest" assertions="2" time="1.210701"/>
        <testcase name="it_can_search_categories" file="/www/wwwroot/jobportal.prus.dev/tests/Unit/PostCategoryTest.php" line="101" class="Tests\Unit\PostCategoryTest" classname="Tests.Unit.PostCategoryTest" assertions="2" time="0.973429"/>
        <testcase name="it_can_scope_recent_categories" file="/www/wwwroot/jobportal.prus.dev/tests/Unit/PostCategoryTest.php" line="114" class="Tests\Unit\PostCategoryTest" classname="Tests.Unit.PostCategoryTest" assertions="1" time="0.949307"/>
        <testcase name="it_can_scope_popular_categories" file="/www/wwwroot/jobportal.prus.dev/tests/Unit/PostCategoryTest.php" line="124" class="Tests\Unit\PostCategoryTest" classname="Tests.Unit.PostCategoryTest" assertions="0" time="0.561970">
          <error type="Illuminate\Database\QueryException">Tests\Unit\PostCategoryTest::it_can_scope_popular_categories
Illuminate\Database\QueryException: SQLSTATE[HY000]: General error: 1 table posts has no column named is_active (Connection: sqlite, SQL: insert into "posts" ("title", "description", "created_by", "is_default", "is_active", "slug", "updated_at", "created_at") values (Consectetur dolor voluptatum., Soluta laudantium rerum inventore minus nulla expedita. Omnis consequatur quo fuga est voluptatum voluptas quia. Eos voluptatibus illum dolores ducimus veritatis., 2, 0, 1, consectetur-dolor-voluptatum, 2025-08-09 10:55:43, 2025-08-09 10:55:43))

/www/wwwroot/jobportal.prus.dev/vendor/laravel/framework/src/Illuminate/Database/Connection.php:822
/www/wwwroot/jobportal.prus.dev/vendor/laravel/framework/src/Illuminate/Database/Connection.php:776
/www/wwwroot/jobportal.prus.dev/vendor/laravel/framework/src/Illuminate/Database/Connection.php:557
/www/wwwroot/jobportal.prus.dev/vendor/laravel/framework/src/Illuminate/Database/Connection.php:521
/www/wwwroot/jobportal.prus.dev/vendor/laravel/framework/src/Illuminate/Database/Query/Processors/Processor.php:32
/www/wwwroot/jobportal.prus.dev/vendor/laravel/framework/src/Illuminate/Database/Query/Builder.php:3796
/www/wwwroot/jobportal.prus.dev/vendor/laravel/framework/src/Illuminate/Database/Eloquent/Builder.php:2205
/www/wwwroot/jobportal.prus.dev/vendor/laravel/framework/src/Illuminate/Database/Eloquent/Model.php:1408
/www/wwwroot/jobportal.prus.dev/vendor/laravel/framework/src/Illuminate/Database/Eloquent/Model.php:1373
/www/wwwroot/jobportal.prus.dev/vendor/laravel/framework/src/Illuminate/Database/Eloquent/Model.php:1212
/www/wwwroot/jobportal.prus.dev/vendor/laravel/framework/src/Illuminate/Database/Eloquent/Factories/Factory.php:351
/www/wwwroot/jobportal.prus.dev/vendor/laravel/framework/src/Illuminate/Collections/Traits/EnumeratesValues.php:271
/www/wwwroot/jobportal.prus.dev/vendor/laravel/framework/src/Illuminate/Database/Eloquent/Factories/Factory.php:346
/www/wwwroot/jobportal.prus.dev/vendor/laravel/framework/src/Illuminate/Database/Eloquent/Factories/Factory.php:302
/www/wwwroot/jobportal.prus.dev/vendor/laravel/framework/src/Illuminate/Database/Eloquent/Factories/Factory.php:296
/www/wwwroot/jobportal.prus.dev/tests/Unit/PostCategoryTest.php:126</error>
        </testcase>
        <testcase name="it_can_scope_alphabetical_categories" file="/www/wwwroot/jobportal.prus.dev/tests/Unit/PostCategoryTest.php" line="137" class="Tests\Unit\PostCategoryTest" classname="Tests.Unit.PostCategoryTest" assertions="1" time="0.955721"/>
        <testcase name="it_can_scope_ordered_categories" file="/www/wwwroot/jobportal.prus.dev/tests/Unit/PostCategoryTest.php" line="148" class="Tests\Unit\PostCategoryTest" classname="Tests.Unit.PostCategoryTest" assertions="1" time="1.174170"/>
        <testcase name="it_can_scope_categories_with_posts" file="/www/wwwroot/jobportal.prus.dev/tests/Unit/PostCategoryTest.php" line="159" class="Tests\Unit\PostCategoryTest" classname="Tests.Unit.PostCategoryTest" assertions="0" time="1.182670">
          <error type="Illuminate\Database\QueryException">Tests\Unit\PostCategoryTest::it_can_scope_categories_with_posts
Illuminate\Database\QueryException: SQLSTATE[HY000]: General error: 1 table posts has no column named slug (Connection: sqlite, SQL: insert into "posts" ("title", "description", "created_by", "is_default", "slug", "updated_at", "created_at") values (Consequatur rem., Repudiandae et asperiores in error. Qui eum non ipsam earum. Laudantium perferendis ipsa est iure odio quisquam., 3, 0, consequatur-rem, 2025-08-09 10:55:46, 2025-08-09 10:55:46))

/www/wwwroot/jobportal.prus.dev/vendor/laravel/framework/src/Illuminate/Database/Connection.php:822
/www/wwwroot/jobportal.prus.dev/vendor/laravel/framework/src/Illuminate/Database/Connection.php:776
/www/wwwroot/jobportal.prus.dev/vendor/laravel/framework/src/Illuminate/Database/Connection.php:557
/www/wwwroot/jobportal.prus.dev/vendor/laravel/framework/src/Illuminate/Database/Connection.php:521
/www/wwwroot/jobportal.prus.dev/vendor/laravel/framework/src/Illuminate/Database/Query/Processors/Processor.php:32
/www/wwwroot/jobportal.prus.dev/vendor/laravel/framework/src/Illuminate/Database/Query/Builder.php:3796
/www/wwwroot/jobportal.prus.dev/vendor/laravel/framework/src/Illuminate/Database/Eloquent/Builder.php:2205
/www/wwwroot/jobportal.prus.dev/vendor/laravel/framework/src/Illuminate/Database/Eloquent/Model.php:1408
/www/wwwroot/jobportal.prus.dev/vendor/laravel/framework/src/Illuminate/Database/Eloquent/Model.php:1373
/www/wwwroot/jobportal.prus.dev/vendor/laravel/framework/src/Illuminate/Database/Eloquent/Model.php:1212
/www/wwwroot/jobportal.prus.dev/vendor/laravel/framework/src/Illuminate/Database/Eloquent/Factories/Factory.php:351
/www/wwwroot/jobportal.prus.dev/vendor/laravel/framework/src/Illuminate/Collections/Traits/EnumeratesValues.php:271
/www/wwwroot/jobportal.prus.dev/vendor/laravel/framework/src/Illuminate/Database/Eloquent/Factories/Factory.php:346
/www/wwwroot/jobportal.prus.dev/vendor/laravel/framework/src/Illuminate/Database/Eloquent/Factories/Factory.php:302
/www/wwwroot/jobportal.prus.dev/tests/Unit/PostCategoryTest.php:161</error>
        </testcase>
        <testcase name="it_can_scope_categories_without_posts" file="/www/wwwroot/jobportal.prus.dev/tests/Unit/PostCategoryTest.php" line="170" class="Tests\Unit\PostCategoryTest" classname="Tests.Unit.PostCategoryTest" assertions="1" time="0.942107"/>
        <testcase name="it_can_scope_empty_categories" file="/www/wwwroot/jobportal.prus.dev/tests/Unit/PostCategoryTest.php" line="178" class="Tests\Unit\PostCategoryTest" classname="Tests.Unit.PostCategoryTest" assertions="0" time="0.899127">
          <error type="Illuminate\Database\QueryException">Tests\Unit\PostCategoryTest::it_can_scope_empty_categories
Illuminate\Database\QueryException: SQLSTATE[HY000]: General error: 1 a GROUP BY clause is required before HAVING (Connection: sqlite, SQL: select "post_categories".*, (select count(*) from "posts" inner join "post_assigned_categories" on "posts"."id" = "post_assigned_categories"."post_id" where "post_categories"."id" = "post_assigned_categories"."post_categories_id" and "posts"."deleted_at" is null) as "posts_count" from "post_categories" where "post_categories"."deleted_at" is null having "posts_count" = 0)

/www/wwwroot/jobportal.prus.dev/vendor/laravel/framework/src/Illuminate/Database/Connection.php:822
/www/wwwroot/jobportal.prus.dev/vendor/laravel/framework/src/Illuminate/Database/Connection.php:776
/www/wwwroot/jobportal.prus.dev/vendor/laravel/framework/src/Illuminate/Database/Connection.php:395
/www/wwwroot/jobportal.prus.dev/vendor/laravel/framework/src/Illuminate/Database/Query/Builder.php:3131
/www/wwwroot/jobportal.prus.dev/vendor/laravel/framework/src/Illuminate/Database/Query/Builder.php:3116
/www/wwwroot/jobportal.prus.dev/vendor/laravel/framework/src/Illuminate/Database/Query/Builder.php:3706
/www/wwwroot/jobportal.prus.dev/vendor/laravel/framework/src/Illuminate/Database/Query/Builder.php:3115
/www/wwwroot/jobportal.prus.dev/vendor/laravel/framework/src/Illuminate/Database/Eloquent/Builder.php:872
/www/wwwroot/jobportal.prus.dev/vendor/laravel/framework/src/Illuminate/Database/Eloquent/Builder.php:854
/www/wwwroot/jobportal.prus.dev/tests/Unit/PostCategoryTest.php:180</error>
        </testcase>
        <testcase name="it_has_posts_relationship" file="/www/wwwroot/jobportal.prus.dev/tests/Unit/PostCategoryTest.php" line="186" class="Tests\Unit\PostCategoryTest" classname="Tests.Unit.PostCategoryTest" assertions="0" time="0.949961">
          <error type="Illuminate\Database\QueryException">Tests\Unit\PostCategoryTest::it_has_posts_relationship
Illuminate\Database\QueryException: SQLSTATE[HY000]: General error: 1 table posts has no column named slug (Connection: sqlite, SQL: insert into "posts" ("title", "description", "created_by", "is_default", "slug", "updated_at", "created_at") values (Alias dolores atque laborum., Voluptatum aspernatur ut tempore placeat. Doloribus suscipit cupiditate quis non repellendus. Nulla porro et eaque ut et. Soluta sed sequi assumenda excepturi sequi ipsa corporis ipsum., 1, 0, alias-dolores-atque-laborum, 2025-08-09 10:55:49, 2025-08-09 10:55:49))

/www/wwwroot/jobportal.prus.dev/vendor/laravel/framework/src/Illuminate/Database/Connection.php:822
/www/wwwroot/jobportal.prus.dev/vendor/laravel/framework/src/Illuminate/Database/Connection.php:776
/www/wwwroot/jobportal.prus.dev/vendor/laravel/framework/src/Illuminate/Database/Connection.php:557
/www/wwwroot/jobportal.prus.dev/vendor/laravel/framework/src/Illuminate/Database/Connection.php:521
/www/wwwroot/jobportal.prus.dev/vendor/laravel/framework/src/Illuminate/Database/Query/Processors/Processor.php:32
/www/wwwroot/jobportal.prus.dev/vendor/laravel/framework/src/Illuminate/Database/Query/Builder.php:3796
/www/wwwroot/jobportal.prus.dev/vendor/laravel/framework/src/Illuminate/Database/Eloquent/Builder.php:2205
/www/wwwroot/jobportal.prus.dev/vendor/laravel/framework/src/Illuminate/Database/Eloquent/Model.php:1408
/www/wwwroot/jobportal.prus.dev/vendor/laravel/framework/src/Illuminate/Database/Eloquent/Model.php:1373
/www/wwwroot/jobportal.prus.dev/vendor/laravel/framework/src/Illuminate/Database/Eloquent/Model.php:1212
/www/wwwroot/jobportal.prus.dev/vendor/laravel/framework/src/Illuminate/Database/Eloquent/Factories/Factory.php:351
/www/wwwroot/jobportal.prus.dev/vendor/laravel/framework/src/Illuminate/Collections/Traits/EnumeratesValues.php:271
/www/wwwroot/jobportal.prus.dev/vendor/laravel/framework/src/Illuminate/Database/Eloquent/Factories/Factory.php:346
/www/wwwroot/jobportal.prus.dev/vendor/laravel/framework/src/Illuminate/Database/Eloquent/Factories/Factory.php:302
/www/wwwroot/jobportal.prus.dev/tests/Unit/PostCategoryTest.php:188</error>
        </testcase>
        <testcase name="it_has_active_posts_relationship" file="/www/wwwroot/jobportal.prus.dev/tests/Unit/PostCategoryTest.php" line="196" class="Tests\Unit\PostCategoryTest" classname="Tests.Unit.PostCategoryTest" assertions="0" time="1.258913">
          <error type="Illuminate\Database\QueryException">Tests\Unit\PostCategoryTest::it_has_active_posts_relationship
Illuminate\Database\QueryException: SQLSTATE[HY000]: General error: 1 table posts has no column named is_active (Connection: sqlite, SQL: insert into "posts" ("title", "description", "created_by", "is_default", "is_active", "slug", "updated_at", "created_at") values (Eius minima voluptas adipisci., Et qui accusantium voluptas ducimus quis illo. Quia reprehenderit inventore autem aut debitis., 3, 0, 1, eius-minima-voluptas-adipisci, 2025-08-09 10:55:50, 2025-08-09 10:55:50))

/www/wwwroot/jobportal.prus.dev/vendor/laravel/framework/src/Illuminate/Database/Connection.php:822
/www/wwwroot/jobportal.prus.dev/vendor/laravel/framework/src/Illuminate/Database/Connection.php:776
/www/wwwroot/jobportal.prus.dev/vendor/laravel/framework/src/Illuminate/Database/Connection.php:557
/www/wwwroot/jobportal.prus.dev/vendor/laravel/framework/src/Illuminate/Database/Connection.php:521
/www/wwwroot/jobportal.prus.dev/vendor/laravel/framework/src/Illuminate/Database/Query/Processors/Processor.php:32
/www/wwwroot/jobportal.prus.dev/vendor/laravel/framework/src/Illuminate/Database/Query/Builder.php:3796
/www/wwwroot/jobportal.prus.dev/vendor/laravel/framework/src/Illuminate/Database/Eloquent/Builder.php:2205
/www/wwwroot/jobportal.prus.dev/vendor/laravel/framework/src/Illuminate/Database/Eloquent/Model.php:1408
/www/wwwroot/jobportal.prus.dev/vendor/laravel/framework/src/Illuminate/Database/Eloquent/Model.php:1373
/www/wwwroot/jobportal.prus.dev/vendor/laravel/framework/src/Illuminate/Database/Eloquent/Model.php:1212
/www/wwwroot/jobportal.prus.dev/vendor/laravel/framework/src/Illuminate/Database/Eloquent/Factories/Factory.php:351
/www/wwwroot/jobportal.prus.dev/vendor/laravel/framework/src/Illuminate/Collections/Traits/EnumeratesValues.php:271
/www/wwwroot/jobportal.prus.dev/vendor/laravel/framework/src/Illuminate/Database/Eloquent/Factories/Factory.php:346
/www/wwwroot/jobportal.prus.dev/vendor/laravel/framework/src/Illuminate/Database/Eloquent/Factories/Factory.php:302
/www/wwwroot/jobportal.prus.dev/vendor/laravel/framework/src/Illuminate/Database/Eloquent/Factories/Factory.php:296
/www/wwwroot/jobportal.prus.dev/tests/Unit/PostCategoryTest.php:198</error>
        </testcase>
        <testcase name="it_can_check_if_default" file="/www/wwwroot/jobportal.prus.dev/tests/Unit/PostCategoryTest.php" line="207" class="Tests\Unit\PostCategoryTest" classname="Tests.Unit.PostCategoryTest" assertions="2" time="1.182939"/>
        <testcase name="it_can_check_if_custom" file="/www/wwwroot/jobportal.prus.dev/tests/Unit/PostCategoryTest.php" line="216" class="Tests\Unit\PostCategoryTest" classname="Tests.Unit.PostCategoryTest" assertions="2" time="1.067395"/>
        <testcase name="it_can_check_if_active" file="/www/wwwroot/jobportal.prus.dev/tests/Unit/PostCategoryTest.php" line="225" class="Tests\Unit\PostCategoryTest" classname="Tests.Unit.PostCategoryTest" assertions="2" time="1.071210"/>
        <testcase name="it_generates_display_name_attribute" file="/www/wwwroot/jobportal.prus.dev/tests/Unit/PostCategoryTest.php" line="234" class="Tests\Unit\PostCategoryTest" classname="Tests.Unit.PostCategoryTest" assertions="1" time="1.424804">
          <failure type="PHPUnit\Framework\ExpectationFailedException">Tests\Unit\PostCategoryTest::it_generates_display_name_attribute
Failed asserting that two strings are equal.
--- Expected
+++ Actual
@@ @@
-'Test Category'
+'Test Category (0)'

/www/wwwroot/jobportal.prus.dev/tests/Unit/PostCategoryTest.php:238</failure>
        </testcase>
        <testcase name="it_generates_badge_html_attribute" file="/www/wwwroot/jobportal.prus.dev/tests/Unit/PostCategoryTest.php" line="242" class="Tests\Unit\PostCategoryTest" classname="Tests.Unit.PostCategoryTest" assertions="3" time="1.134645"/>
        <testcase name="it_generates_icon_html_attribute" file="/www/wwwroot/jobportal.prus.dev/tests/Unit/PostCategoryTest.php" line="252" class="Tests\Unit\PostCategoryTest" classname="Tests.Unit.PostCategoryTest" assertions="1" time="0.883583"/>
        <testcase name="it_generates_slug_attribute" file="/www/wwwroot/jobportal.prus.dev/tests/Unit/PostCategoryTest.php" line="260" class="Tests\Unit\PostCategoryTest" classname="Tests.Unit.PostCategoryTest" assertions="1" time="0.673962"/>
        <testcase name="it_can_check_if_has_posts" file="/www/wwwroot/jobportal.prus.dev/tests/Unit/PostCategoryTest.php" line="268" class="Tests\Unit\PostCategoryTest" classname="Tests.Unit.PostCategoryTest" assertions="1" time="0.889640">
          <error type="Illuminate\Database\QueryException">Tests\Unit\PostCategoryTest::it_can_check_if_has_posts
Illuminate\Database\QueryException: SQLSTATE[HY000]: General error: 1 table posts has no column named slug (Connection: sqlite, SQL: insert into "posts" ("title", "description", "created_by", "is_default", "slug", "updated_at", "created_at") values (Incidunt reiciendis., Architecto sed tempore excepturi deleniti eum deserunt. Iste excepturi aut vitae magni et sit., 3, 1, incidunt-reiciendis, 2025-08-09 10:55:59, 2025-08-09 10:55:59))

/www/wwwroot/jobportal.prus.dev/vendor/laravel/framework/src/Illuminate/Database/Connection.php:822
/www/wwwroot/jobportal.prus.dev/vendor/laravel/framework/src/Illuminate/Database/Connection.php:776
/www/wwwroot/jobportal.prus.dev/vendor/laravel/framework/src/Illuminate/Database/Connection.php:557
/www/wwwroot/jobportal.prus.dev/vendor/laravel/framework/src/Illuminate/Database/Connection.php:521
/www/wwwroot/jobportal.prus.dev/vendor/laravel/framework/src/Illuminate/Database/Query/Processors/Processor.php:32
/www/wwwroot/jobportal.prus.dev/vendor/laravel/framework/src/Illuminate/Database/Query/Builder.php:3796
/www/wwwroot/jobportal.prus.dev/vendor/laravel/framework/src/Illuminate/Database/Eloquent/Builder.php:2205
/www/wwwroot/jobportal.prus.dev/vendor/laravel/framework/src/Illuminate/Database/Eloquent/Model.php:1408
/www/wwwroot/jobportal.prus.dev/vendor/laravel/framework/src/Illuminate/Database/Eloquent/Model.php:1373
/www/wwwroot/jobportal.prus.dev/vendor/laravel/framework/src/Illuminate/Database/Eloquent/Model.php:1212
/www/wwwroot/jobportal.prus.dev/vendor/laravel/framework/src/Illuminate/Database/Eloquent/Factories/Factory.php:351
/www/wwwroot/jobportal.prus.dev/vendor/laravel/framework/src/Illuminate/Collections/Traits/EnumeratesValues.php:271
/www/wwwroot/jobportal.prus.dev/vendor/laravel/framework/src/Illuminate/Database/Eloquent/Factories/Factory.php:346
/www/wwwroot/jobportal.prus.dev/vendor/laravel/framework/src/Illuminate/Database/Eloquent/Factories/Factory.php:302
/www/wwwroot/jobportal.prus.dev/tests/Unit/PostCategoryTest.php:272</error>
        </testcase>
        <testcase name="it_can_check_if_has_active_posts" file="/www/wwwroot/jobportal.prus.dev/tests/Unit/PostCategoryTest.php" line="279" class="Tests\Unit\PostCategoryTest" classname="Tests.Unit.PostCategoryTest" assertions="0" time="0.606725">
          <error type="Illuminate\Database\QueryException">Tests\Unit\PostCategoryTest::it_can_check_if_has_active_posts
Illuminate\Database\QueryException: SQLSTATE[HY000]: General error: 1 no such column: posts.is_active (Connection: sqlite, SQL: select count(*) as aggregate from "posts" inner join "post_assigned_categories" on "posts"."id" = "post_assigned_categories"."post_id" where "post_assigned_categories"."post_categories_id" = 1 and "posts"."is_active" = 1 and "posts"."deleted_at" is null)

/www/wwwroot/jobportal.prus.dev/vendor/laravel/framework/src/Illuminate/Database/Connection.php:822
/www/wwwroot/jobportal.prus.dev/vendor/laravel/framework/src/Illuminate/Database/Connection.php:776
/www/wwwroot/jobportal.prus.dev/vendor/laravel/framework/src/Illuminate/Database/Connection.php:395
/www/wwwroot/jobportal.prus.dev/vendor/laravel/framework/src/Illuminate/Database/Query/Builder.php:3131
/www/wwwroot/jobportal.prus.dev/vendor/laravel/framework/src/Illuminate/Database/Query/Builder.php:3116
/www/wwwroot/jobportal.prus.dev/vendor/laravel/framework/src/Illuminate/Database/Query/Builder.php:3706
/www/wwwroot/jobportal.prus.dev/vendor/laravel/framework/src/Illuminate/Database/Query/Builder.php:3115
/www/wwwroot/jobportal.prus.dev/vendor/laravel/framework/src/Illuminate/Database/Query/Builder.php:3630
/www/wwwroot/jobportal.prus.dev/vendor/laravel/framework/src/Illuminate/Database/Query/Builder.php:3558
/www/wwwroot/jobportal.prus.dev/vendor/laravel/framework/src/Illuminate/Database/Eloquent/Builder.php:2205
/www/wwwroot/jobportal.prus.dev/vendor/laravel/framework/src/Illuminate/Support/Traits/ForwardsCalls.php:23
/www/wwwroot/jobportal.prus.dev/vendor/laravel/framework/src/Illuminate/Support/Traits/ForwardsCalls.php:52
/www/wwwroot/jobportal.prus.dev/vendor/laravel/framework/src/Illuminate/Database/Eloquent/Relations/Relation.php:538
/www/wwwroot/jobportal.prus.dev/app/Models/PostCategory.php:384
/www/wwwroot/jobportal.prus.dev/tests/Unit/PostCategoryTest.php:281</error>
        </testcase>
        <testcase name="it_can_check_if_has_icon" file="/www/wwwroot/jobportal.prus.dev/tests/Unit/PostCategoryTest.php" line="290" class="Tests\Unit\PostCategoryTest" classname="Tests.Unit.PostCategoryTest" assertions="2" time="1.137834"/>
        <testcase name="it_can_check_if_has_color" file="/www/wwwroot/jobportal.prus.dev/tests/Unit/PostCategoryTest.php" line="299" class="Tests\Unit\PostCategoryTest" classname="Tests.Unit.PostCategoryTest" assertions="2" time="0.808614"/>
        <testcase name="it_generates_stats_attribute" file="/www/wwwroot/jobportal.prus.dev/tests/Unit/PostCategoryTest.php" line="308" class="Tests\Unit\PostCategoryTest" classname="Tests.Unit.PostCategoryTest" assertions="0" time="0.554983">
          <error type="Illuminate\Database\QueryException">Tests\Unit\PostCategoryTest::it_generates_stats_attribute
Illuminate\Database\QueryException: SQLSTATE[HY000]: General error: 1 no such column: posts.is_active (Connection: sqlite, SQL: select count(*) as aggregate from "posts" inner join "post_assigned_categories" on "posts"."id" = "post_assigned_categories"."post_id" where "post_assigned_categories"."post_categories_id" = 1 and "posts"."is_active" = 1 and "posts"."deleted_at" is null)

/www/wwwroot/jobportal.prus.dev/vendor/laravel/framework/src/Illuminate/Database/Connection.php:822
/www/wwwroot/jobportal.prus.dev/vendor/laravel/framework/src/Illuminate/Database/Connection.php:776
/www/wwwroot/jobportal.prus.dev/vendor/laravel/framework/src/Illuminate/Database/Connection.php:395
/www/wwwroot/jobportal.prus.dev/vendor/laravel/framework/src/Illuminate/Database/Query/Builder.php:3131
/www/wwwroot/jobportal.prus.dev/vendor/laravel/framework/src/Illuminate/Database/Query/Builder.php:3116
/www/wwwroot/jobportal.prus.dev/vendor/laravel/framework/src/Illuminate/Database/Query/Builder.php:3706
/www/wwwroot/jobportal.prus.dev/vendor/laravel/framework/src/Illuminate/Database/Query/Builder.php:3115
/www/wwwroot/jobportal.prus.dev/vendor/laravel/framework/src/Illuminate/Database/Query/Builder.php:3630
/www/wwwroot/jobportal.prus.dev/vendor/laravel/framework/src/Illuminate/Database/Query/Builder.php:3558
/www/wwwroot/jobportal.prus.dev/vendor/laravel/framework/src/Illuminate/Database/Eloquent/Builder.php:2205
/www/wwwroot/jobportal.prus.dev/vendor/laravel/framework/src/Illuminate/Support/Traits/ForwardsCalls.php:23
/www/wwwroot/jobportal.prus.dev/vendor/laravel/framework/src/Illuminate/Support/Traits/ForwardsCalls.php:52
/www/wwwroot/jobportal.prus.dev/vendor/laravel/framework/src/Illuminate/Database/Eloquent/Relations/Relation.php:538
/www/wwwroot/jobportal.prus.dev/app/Models/PostCategory.php:406
/www/wwwroot/jobportal.prus.dev/vendor/laravel/framework/src/Illuminate/Database/Eloquent/Concerns/HasAttributes.php:712
/www/wwwroot/jobportal.prus.dev/vendor/laravel/framework/src/Illuminate/Database/Eloquent/Concerns/HasAttributes.php:2317
/www/wwwroot/jobportal.prus.dev/vendor/laravel/framework/src/Illuminate/Database/Eloquent/Concerns/HasAttributes.php:528
/www/wwwroot/jobportal.prus.dev/vendor/laravel/framework/src/Illuminate/Database/Eloquent/Concerns/HasAttributes.php:482
/www/wwwroot/jobportal.prus.dev/vendor/laravel/framework/src/Illuminate/Database/Eloquent/Model.php:2337
/www/wwwroot/jobportal.prus.dev/tests/Unit/PostCategoryTest.php:310</error>
        </testcase>
        <testcase name="it_caches_active_categories" file="/www/wwwroot/jobportal.prus.dev/tests/Unit/PostCategoryTest.php" line="320" class="Tests\Unit\PostCategoryTest" classname="Tests.Unit.PostCategoryTest" assertions="1" time="0.768577">
          <error type="TypeError">Tests\Unit\PostCategoryTest::it_caches_active_categories
TypeError: App\Models\PostCategory::getCachedActive(): Return value must be of type Illuminate\Database\Eloquent\Collection, Illuminate\Support\Collection returned

/www/wwwroot/jobportal.prus.dev/app/Models/PostCategory.php:270
/www/wwwroot/jobportal.prus.dev/tests/Unit/PostCategoryTest.php:327</error>
        </testcase>
        <testcase name="it_caches_default_categories" file="/www/wwwroot/jobportal.prus.dev/tests/Unit/PostCategoryTest.php" line="333" class="Tests\Unit\PostCategoryTest" classname="Tests.Unit.PostCategoryTest" assertions="1" time="0.839366">
          <error type="TypeError">Tests\Unit\PostCategoryTest::it_caches_default_categories
TypeError: App\Models\PostCategory::getCachedDefault(): Return value must be of type Illuminate\Database\Eloquent\Collection, Illuminate\Support\Collection returned

/www/wwwroot/jobportal.prus.dev/app/Models/PostCategory.php:277
/www/wwwroot/jobportal.prus.dev/tests/Unit/PostCategoryTest.php:340</error>
        </testcase>
        <testcase name="it_caches_popular_categories" file="/www/wwwroot/jobportal.prus.dev/tests/Unit/PostCategoryTest.php" line="346" class="Tests\Unit\PostCategoryTest" classname="Tests.Unit.PostCategoryTest" assertions="1" time="0.807505">
          <error type="TypeError">Tests\Unit\PostCategoryTest::it_caches_popular_categories
TypeError: App\Models\PostCategory::getCachedPopular(): Return value must be of type Illuminate\Database\Eloquent\Collection, Illuminate\Support\Collection returned

/www/wwwroot/jobportal.prus.dev/app/Models/PostCategory.php:291
/www/wwwroot/jobportal.prus.dev/tests/Unit/PostCategoryTest.php:353</error>
        </testcase>
        <testcase name="it_clears_caches_when_model_changes" file="/www/wwwroot/jobportal.prus.dev/tests/Unit/PostCategoryTest.php" line="359" class="Tests\Unit\PostCategoryTest" classname="Tests.Unit.PostCategoryTest" assertions="2" time="1.002657">
          <error type="Mockery\Exception\InvalidCountException">Tests\Unit\PostCategoryTest::it_clears_caches_when_model_changes
Mockery\Exception\InvalidCountException: Method forget(&lt;Any Arguments&gt;) from Mockery_2_Illuminate_Cache_CacheManager should be called
 exactly 8 times but called 7 times.

/www/wwwroot/jobportal.prus.dev/vendor/mockery/mockery/library/Mockery/CountValidator/Exact.php:32
/www/wwwroot/jobportal.prus.dev/vendor/mockery/mockery/library/Mockery/Expectation.php:739
/www/wwwroot/jobportal.prus.dev/vendor/mockery/mockery/library/Mockery/ExpectationDirector.php:202
/www/wwwroot/jobportal.prus.dev/vendor/mockery/mockery/library/Mockery/Container.php:583
/www/wwwroot/jobportal.prus.dev/vendor/mockery/mockery/library/Mockery/Container.php:519
/www/wwwroot/jobportal.prus.dev/vendor/mockery/mockery/library/Mockery.php:176
/www/wwwroot/jobportal.prus.dev/vendor/laravel/framework/src/Illuminate/Foundation/Testing/Concerns/InteractsWithTestCaseLifecycle.php:142
/www/wwwroot/jobportal.prus.dev/vendor/laravel/framework/src/Illuminate/Foundation/Testing/TestCase.php:66
/www/wwwroot/jobportal.prus.dev/tests/TestCase.php:74</error>
        </testcase>
        <testcase name="it_uses_soft_deletes" file="/www/wwwroot/jobportal.prus.dev/tests/Unit/PostCategoryTest.php" line="369" class="Tests\Unit\PostCategoryTest" classname="Tests.Unit.PostCategoryTest" assertions="2" time="1.036571"/>
        <testcase name="it_logs_activity" file="/www/wwwroot/jobportal.prus.dev/tests/Unit/PostCategoryTest.php" line="378" class="Tests\Unit\PostCategoryTest" classname="Tests.Unit.PostCategoryTest" assertions="1" time="0.891483"/>
      </testsuite>
      <testsuite name="Tests\Unit\Requests\Financial\DeleteSalaryCurrencyRequestTest" file="/www/wwwroot/jobportal.prus.dev/tests/Unit/Requests/Financial/DeleteSalaryCurrencyRequestTest.php" tests="8" assertions="0" errors="8" failures="0" skipped="0" time="0.000000">
        <testcase name="admin_is_authorized" file="/www/wwwroot/jobportal.prus.dev/tests/Unit/Requests/Financial/DeleteSalaryCurrencyRequestTest.php" line="49" class="Tests\Unit\Requests\Financial\DeleteSalaryCurrencyRequestTest" classname="Tests.Unit.Requests.Financial.DeleteSalaryCurrencyRequestTest" assertions="0" time="0.000000">
          <error type="Error">Tests\Unit\Requests\Financial\DeleteSalaryCurrencyRequestTest::admin_is_authorized
Error: Class "App\Models\User" not found

/www/wwwroot/jobportal.prus.dev/tests/Unit/Requests/Financial/DeleteSalaryCurrencyRequestTest.php:38</error>
        </testcase>
        <testcase name="employer_is_authorized" file="/www/wwwroot/jobportal.prus.dev/tests/Unit/Requests/Financial/DeleteSalaryCurrencyRequestTest.php" line="60" class="Tests\Unit\Requests\Financial\DeleteSalaryCurrencyRequestTest" classname="Tests.Unit.Requests.Financial.DeleteSalaryCurrencyRequestTest" assertions="0" time="0.000000">
          <error type="Error">Tests\Unit\Requests\Financial\DeleteSalaryCurrencyRequestTest::employer_is_authorized
Error: Class "App\Models\User" not found

/www/wwwroot/jobportal.prus.dev/tests/Unit/Requests/Financial/DeleteSalaryCurrencyRequestTest.php:38</error>
        </testcase>
        <testcase name="candidate_is_not_authorized" file="/www/wwwroot/jobportal.prus.dev/tests/Unit/Requests/Financial/DeleteSalaryCurrencyRequestTest.php" line="71" class="Tests\Unit\Requests\Financial\DeleteSalaryCurrencyRequestTest" classname="Tests.Unit.Requests.Financial.DeleteSalaryCurrencyRequestTest" assertions="0" time="0.000000">
          <error type="Error">Tests\Unit\Requests\Financial\DeleteSalaryCurrencyRequestTest::candidate_is_not_authorized
Error: Class "App\Models\User" not found

/www/wwwroot/jobportal.prus.dev/tests/Unit/Requests/Financial/DeleteSalaryCurrencyRequestTest.php:38</error>
        </testcase>
        <testcase name="validation_passes_with_valid_data" file="/www/wwwroot/jobportal.prus.dev/tests/Unit/Requests/Financial/DeleteSalaryCurrencyRequestTest.php" line="82" class="Tests\Unit\Requests\Financial\DeleteSalaryCurrencyRequestTest" classname="Tests.Unit.Requests.Financial.DeleteSalaryCurrencyRequestTest" assertions="0" time="0.000000">
          <error type="Error">Tests\Unit\Requests\Financial\DeleteSalaryCurrencyRequestTest::validation_passes_with_valid_data
Error: Class "App\Models\User" not found

/www/wwwroot/jobportal.prus.dev/tests/Unit/Requests/Financial/DeleteSalaryCurrencyRequestTest.php:38</error>
        </testcase>
        <testcase name="validation_fails_with_invalid_data" file="/www/wwwroot/jobportal.prus.dev/tests/Unit/Requests/Financial/DeleteSalaryCurrencyRequestTest.php" line="98" class="Tests\Unit\Requests\Financial\DeleteSalaryCurrencyRequestTest" classname="Tests.Unit.Requests.Financial.DeleteSalaryCurrencyRequestTest" assertions="0" time="0.000000">
          <error type="Error">Tests\Unit\Requests\Financial\DeleteSalaryCurrencyRequestTest::validation_fails_with_invalid_data
Error: Class "App\Models\User" not found

/www/wwwroot/jobportal.prus.dev/tests/Unit/Requests/Financial/DeleteSalaryCurrencyRequestTest.php:38</error>
        </testcase>
        <testcase name="validation_sanitizes_data" file="/www/wwwroot/jobportal.prus.dev/tests/Unit/Requests/Financial/DeleteSalaryCurrencyRequestTest.php" line="112" class="Tests\Unit\Requests\Financial\DeleteSalaryCurrencyRequestTest" classname="Tests.Unit.Requests.Financial.DeleteSalaryCurrencyRequestTest" assertions="0" time="0.000000">
          <error type="Error">Tests\Unit\Requests\Financial\DeleteSalaryCurrencyRequestTest::validation_sanitizes_data
Error: Class "App\Models\User" not found

/www/wwwroot/jobportal.prus.dev/tests/Unit/Requests/Financial/DeleteSalaryCurrencyRequestTest.php:38</error>
        </testcase>
        <testcase name="has_proper_error_messages" file="/www/wwwroot/jobportal.prus.dev/tests/Unit/Requests/Financial/DeleteSalaryCurrencyRequestTest.php" line="127" class="Tests\Unit\Requests\Financial\DeleteSalaryCurrencyRequestTest" classname="Tests.Unit.Requests.Financial.DeleteSalaryCurrencyRequestTest" assertions="0" time="0.000000">
          <error type="Error">Tests\Unit\Requests\Financial\DeleteSalaryCurrencyRequestTest::has_proper_error_messages
Error: Class "App\Models\User" not found

/www/wwwroot/jobportal.prus.dev/tests/Unit/Requests/Financial/DeleteSalaryCurrencyRequestTest.php:38</error>
        </testcase>
        <testcase name="has_proper_field_attributes" file="/www/wwwroot/jobportal.prus.dev/tests/Unit/Requests/Financial/DeleteSalaryCurrencyRequestTest.php" line="137" class="Tests\Unit\Requests\Financial\DeleteSalaryCurrencyRequestTest" classname="Tests.Unit.Requests.Financial.DeleteSalaryCurrencyRequestTest" assertions="0" time="0.000000">
          <error type="Error">Tests\Unit\Requests\Financial\DeleteSalaryCurrencyRequestTest::has_proper_field_attributes
Error: Class "App\Models\User" not found

/www/wwwroot/jobportal.prus.dev/tests/Unit/Requests/Financial/DeleteSalaryCurrencyRequestTest.php:38</error>
        </testcase>
      </testsuite>
      <testsuite name="Tests\Unit\Requests\Financial\FinancialRequestTest" file="/www/wwwroot/jobportal.prus.dev/tests/Unit/Requests/Financial/FinancialRequestTest.php" tests="17" assertions="49" errors="0" failures="0" skipped="0" time="13.804816">
        <testcase name="it_has_critical_security_level" file="/www/wwwroot/jobportal.prus.dev/tests/Unit/Requests/Financial/FinancialRequestTest.php" line="42" class="Tests\Unit\Requests\Financial\FinancialRequestTest" classname="Tests.Unit.Requests.Financial.FinancialRequestTest" assertions="1" time="0.856265"/>
        <testcase name="it_has_performance_tracking_enabled" file="/www/wwwroot/jobportal.prus.dev/tests/Unit/Requests/Financial/FinancialRequestTest.php" line="52" class="Tests\Unit\Requests\Financial\FinancialRequestTest" classname="Tests.Unit.Requests.Financial.FinancialRequestTest" assertions="1" time="0.872847"/>
        <testcase name="it_has_audit_logging_enabled" file="/www/wwwroot/jobportal.prus.dev/tests/Unit/Requests/Financial/FinancialRequestTest.php" line="62" class="Tests\Unit\Requests\Financial\FinancialRequestTest" classname="Tests.Unit.Requests.Financial.FinancialRequestTest" assertions="1" time="0.622387"/>
        <testcase name="it_includes_financial_validation_modules" file="/www/wwwroot/jobportal.prus.dev/tests/Unit/Requests/Financial/FinancialRequestTest.php" line="72" class="Tests\Unit\Requests\Financial\FinancialRequestTest" classname="Tests.Unit.Requests.Financial.FinancialRequestTest" assertions="4" time="0.715143"/>
        <testcase name="it_provides_payment_validation_rules" file="/www/wwwroot/jobportal.prus.dev/tests/Unit/Requests/Financial/FinancialRequestTest.php" line="87" class="Tests\Unit\Requests\Financial\FinancialRequestTest" classname="Tests.Unit.Requests.Financial.FinancialRequestTest" assertions="5" time="0.678217"/>
        <testcase name="it_provides_subscription_validation_rules" file="/www/wwwroot/jobportal.prus.dev/tests/Unit/Requests/Financial/FinancialRequestTest.php" line="102" class="Tests\Unit\Requests\Financial\FinancialRequestTest" classname="Tests.Unit.Requests.Financial.FinancialRequestTest" assertions="4" time="0.567872"/>
        <testcase name="it_validates_valid_payment_amount" file="/www/wwwroot/jobportal.prus.dev/tests/Unit/Requests/Financial/FinancialRequestTest.php" line="116" class="Tests\Unit\Requests\Financial\FinancialRequestTest" classname="Tests.Unit.Requests.Financial.FinancialRequestTest" assertions="1" time="0.949645"/>
        <testcase name="it_fails_validation_for_negative_amount" file="/www/wwwroot/jobportal.prus.dev/tests/Unit/Requests/Financial/FinancialRequestTest.php" line="139" class="Tests\Unit\Requests\Financial\FinancialRequestTest" classname="Tests.Unit.Requests.Financial.FinancialRequestTest" assertions="2" time="0.955883"/>
        <testcase name="it_validates_card_number_format" file="/www/wwwroot/jobportal.prus.dev/tests/Unit/Requests/Financial/FinancialRequestTest.php" line="163" class="Tests\Unit\Requests\Financial\FinancialRequestTest" classname="Tests.Unit.Requests.Financial.FinancialRequestTest" assertions="2" time="1.010886"/>
        <testcase name="it_validates_cvv_format" file="/www/wwwroot/jobportal.prus.dev/tests/Unit/Requests/Financial/FinancialRequestTest.php" line="180" class="Tests\Unit\Requests\Financial\FinancialRequestTest" classname="Tests.Unit.Requests.Financial.FinancialRequestTest" assertions="2" time="0.770975"/>
        <testcase name="it_validates_billing_cycle_options" file="/www/wwwroot/jobportal.prus.dev/tests/Unit/Requests/Financial/FinancialRequestTest.php" line="197" class="Tests\Unit\Requests\Financial\FinancialRequestTest" classname="Tests.Unit.Requests.Financial.FinancialRequestTest" assertions="2" time="0.758563"/>
        <testcase name="it_gets_correct_amount_limits_for_transaction_types" file="/www/wwwroot/jobportal.prus.dev/tests/Unit/Requests/Financial/FinancialRequestTest.php" line="213" class="Tests\Unit\Requests\Financial\FinancialRequestTest" classname="Tests.Unit.Requests.Financial.FinancialRequestTest" assertions="3" time="0.709378"/>
        <testcase name="it_gets_supported_currencies_for_payment_methods" file="/www/wwwroot/jobportal.prus.dev/tests/Unit/Requests/Financial/FinancialRequestTest.php" line="228" class="Tests\Unit\Requests\Financial\FinancialRequestTest" classname="Tests.Unit.Requests.Financial.FinancialRequestTest" assertions="3" time="0.708829"/>
        <testcase name="it_applies_financial_sanitization" file="/www/wwwroot/jobportal.prus.dev/tests/Unit/Requests/Financial/FinancialRequestTest.php" line="242" class="Tests\Unit\Requests\Financial\FinancialRequestTest" classname="Tests.Unit.Requests.Financial.FinancialRequestTest" assertions="3" time="0.873020"/>
        <testcase name="it_has_domain_specific_error_messages" file="/www/wwwroot/jobportal.prus.dev/tests/Unit/Requests/Financial/FinancialRequestTest.php" line="261" class="Tests\Unit\Requests\Financial\FinancialRequestTest" classname="Tests.Unit.Requests.Financial.FinancialRequestTest" assertions="4" time="0.978133"/>
        <testcase name="it_provides_billing_address_rules" file="/www/wwwroot/jobportal.prus.dev/tests/Unit/Requests/Financial/FinancialRequestTest.php" line="275" class="Tests\Unit\Requests\Financial\FinancialRequestTest" classname="Tests.Unit.Requests.Financial.FinancialRequestTest" assertions="6" time="0.900230"/>
        <testcase name="it_provides_currency_operation_rules" file="/www/wwwroot/jobportal.prus.dev/tests/Unit/Requests/Financial/FinancialRequestTest.php" line="291" class="Tests\Unit\Requests\Financial\FinancialRequestTest" classname="Tests.Unit.Requests.Financial.FinancialRequestTest" assertions="5" time="0.876543"/>
      </testsuite>
      <testsuite name="Tests\Unit\Requests\Financial\StoreSalaryCurrencyRequestTest" file="/www/wwwroot/jobportal.prus.dev/tests/Unit/Requests/Financial/StoreSalaryCurrencyRequestTest.php" tests="8" assertions="0" errors="8" failures="0" skipped="0" time="0.000000">
        <testcase name="admin_is_authorized" file="/www/wwwroot/jobportal.prus.dev/tests/Unit/Requests/Financial/StoreSalaryCurrencyRequestTest.php" line="49" class="Tests\Unit\Requests\Financial\StoreSalaryCurrencyRequestTest" classname="Tests.Unit.Requests.Financial.StoreSalaryCurrencyRequestTest" assertions="0" time="0.000000">
          <error type="Error">Tests\Unit\Requests\Financial\StoreSalaryCurrencyRequestTest::admin_is_authorized
Error: Class "App\Models\User" not found

/www/wwwroot/jobportal.prus.dev/tests/Unit/Requests/Financial/StoreSalaryCurrencyRequestTest.php:38</error>
        </testcase>
        <testcase name="employer_is_authorized" file="/www/wwwroot/jobportal.prus.dev/tests/Unit/Requests/Financial/StoreSalaryCurrencyRequestTest.php" line="60" class="Tests\Unit\Requests\Financial\StoreSalaryCurrencyRequestTest" classname="Tests.Unit.Requests.Financial.StoreSalaryCurrencyRequestTest" assertions="0" time="0.000000">
          <error type="Error">Tests\Unit\Requests\Financial\StoreSalaryCurrencyRequestTest::employer_is_authorized
Error: Class "App\Models\User" not found

/www/wwwroot/jobportal.prus.dev/tests/Unit/Requests/Financial/StoreSalaryCurrencyRequestTest.php:38</error>
        </testcase>
        <testcase name="candidate_is_not_authorized" file="/www/wwwroot/jobportal.prus.dev/tests/Unit/Requests/Financial/StoreSalaryCurrencyRequestTest.php" line="71" class="Tests\Unit\Requests\Financial\StoreSalaryCurrencyRequestTest" classname="Tests.Unit.Requests.Financial.StoreSalaryCurrencyRequestTest" assertions="0" time="0.000000">
          <error type="Error">Tests\Unit\Requests\Financial\StoreSalaryCurrencyRequestTest::candidate_is_not_authorized
Error: Class "App\Models\User" not found

/www/wwwroot/jobportal.prus.dev/tests/Unit/Requests/Financial/StoreSalaryCurrencyRequestTest.php:38</error>
        </testcase>
        <testcase name="validation_passes_with_valid_data" file="/www/wwwroot/jobportal.prus.dev/tests/Unit/Requests/Financial/StoreSalaryCurrencyRequestTest.php" line="82" class="Tests\Unit\Requests\Financial\StoreSalaryCurrencyRequestTest" classname="Tests.Unit.Requests.Financial.StoreSalaryCurrencyRequestTest" assertions="0" time="0.000000">
          <error type="Error">Tests\Unit\Requests\Financial\StoreSalaryCurrencyRequestTest::validation_passes_with_valid_data
Error: Class "App\Models\User" not found

/www/wwwroot/jobportal.prus.dev/tests/Unit/Requests/Financial/StoreSalaryCurrencyRequestTest.php:38</error>
        </testcase>
        <testcase name="validation_fails_with_invalid_data" file="/www/wwwroot/jobportal.prus.dev/tests/Unit/Requests/Financial/StoreSalaryCurrencyRequestTest.php" line="98" class="Tests\Unit\Requests\Financial\StoreSalaryCurrencyRequestTest" classname="Tests.Unit.Requests.Financial.StoreSalaryCurrencyRequestTest" assertions="0" time="0.000000">
          <error type="Error">Tests\Unit\Requests\Financial\StoreSalaryCurrencyRequestTest::validation_fails_with_invalid_data
Error: Class "App\Models\User" not found

/www/wwwroot/jobportal.prus.dev/tests/Unit/Requests/Financial/StoreSalaryCurrencyRequestTest.php:38</error>
        </testcase>
        <testcase name="validation_sanitizes_data" file="/www/wwwroot/jobportal.prus.dev/tests/Unit/Requests/Financial/StoreSalaryCurrencyRequestTest.php" line="112" class="Tests\Unit\Requests\Financial\StoreSalaryCurrencyRequestTest" classname="Tests.Unit.Requests.Financial.StoreSalaryCurrencyRequestTest" assertions="0" time="0.000000">
          <error type="Error">Tests\Unit\Requests\Financial\StoreSalaryCurrencyRequestTest::validation_sanitizes_data
Error: Class "App\Models\User" not found

/www/wwwroot/jobportal.prus.dev/tests/Unit/Requests/Financial/StoreSalaryCurrencyRequestTest.php:38</error>
        </testcase>
        <testcase name="has_proper_error_messages" file="/www/wwwroot/jobportal.prus.dev/tests/Unit/Requests/Financial/StoreSalaryCurrencyRequestTest.php" line="127" class="Tests\Unit\Requests\Financial\StoreSalaryCurrencyRequestTest" classname="Tests.Unit.Requests.Financial.StoreSalaryCurrencyRequestTest" assertions="0" time="0.000000">
          <error type="Error">Tests\Unit\Requests\Financial\StoreSalaryCurrencyRequestTest::has_proper_error_messages
Error: Class "App\Models\User" not found

/www/wwwroot/jobportal.prus.dev/tests/Unit/Requests/Financial/StoreSalaryCurrencyRequestTest.php:38</error>
        </testcase>
        <testcase name="has_proper_field_attributes" file="/www/wwwroot/jobportal.prus.dev/tests/Unit/Requests/Financial/StoreSalaryCurrencyRequestTest.php" line="137" class="Tests\Unit\Requests\Financial\StoreSalaryCurrencyRequestTest" classname="Tests.Unit.Requests.Financial.StoreSalaryCurrencyRequestTest" assertions="0" time="0.000000">
          <error type="Error">Tests\Unit\Requests\Financial\StoreSalaryCurrencyRequestTest::has_proper_field_attributes
Error: Class "App\Models\User" not found

/www/wwwroot/jobportal.prus.dev/tests/Unit/Requests/Financial/StoreSalaryCurrencyRequestTest.php:38</error>
        </testcase>
      </testsuite>
      <testsuite name="Tests\Unit\Requests\Financial\UpdateSalaryCurrencyRequestTest" file="/www/wwwroot/jobportal.prus.dev/tests/Unit/Requests/Financial/UpdateSalaryCurrencyRequestTest.php" tests="8" assertions="0" errors="8" failures="0" skipped="0" time="0.000000">
        <testcase name="admin_is_authorized" file="/www/wwwroot/jobportal.prus.dev/tests/Unit/Requests/Financial/UpdateSalaryCurrencyRequestTest.php" line="49" class="Tests\Unit\Requests\Financial\UpdateSalaryCurrencyRequestTest" classname="Tests.Unit.Requests.Financial.UpdateSalaryCurrencyRequestTest" assertions="0" time="0.000000">
          <error type="Error">Tests\Unit\Requests\Financial\UpdateSalaryCurrencyRequestTest::admin_is_authorized
Error: Class "App\Models\User" not found

/www/wwwroot/jobportal.prus.dev/tests/Unit/Requests/Financial/UpdateSalaryCurrencyRequestTest.php:38</error>
        </testcase>
        <testcase name="employer_is_authorized" file="/www/wwwroot/jobportal.prus.dev/tests/Unit/Requests/Financial/UpdateSalaryCurrencyRequestTest.php" line="60" class="Tests\Unit\Requests\Financial\UpdateSalaryCurrencyRequestTest" classname="Tests.Unit.Requests.Financial.UpdateSalaryCurrencyRequestTest" assertions="0" time="0.000000">
          <error type="Error">Tests\Unit\Requests\Financial\UpdateSalaryCurrencyRequestTest::employer_is_authorized
Error: Class "App\Models\User" not found

/www/wwwroot/jobportal.prus.dev/tests/Unit/Requests/Financial/UpdateSalaryCurrencyRequestTest.php:38</error>
        </testcase>
        <testcase name="candidate_is_not_authorized" file="/www/wwwroot/jobportal.prus.dev/tests/Unit/Requests/Financial/UpdateSalaryCurrencyRequestTest.php" line="71" class="Tests\Unit\Requests\Financial\UpdateSalaryCurrencyRequestTest" classname="Tests.Unit.Requests.Financial.UpdateSalaryCurrencyRequestTest" assertions="0" time="0.000000">
          <error type="Error">Tests\Unit\Requests\Financial\UpdateSalaryCurrencyRequestTest::candidate_is_not_authorized
Error: Class "App\Models\User" not found

/www/wwwroot/jobportal.prus.dev/tests/Unit/Requests/Financial/UpdateSalaryCurrencyRequestTest.php:38</error>
        </testcase>
        <testcase name="validation_passes_with_valid_data" file="/www/wwwroot/jobportal.prus.dev/tests/Unit/Requests/Financial/UpdateSalaryCurrencyRequestTest.php" line="82" class="Tests\Unit\Requests\Financial\UpdateSalaryCurrencyRequestTest" classname="Tests.Unit.Requests.Financial.UpdateSalaryCurrencyRequestTest" assertions="0" time="0.000000">
          <error type="Error">Tests\Unit\Requests\Financial\UpdateSalaryCurrencyRequestTest::validation_passes_with_valid_data
Error: Class "App\Models\User" not found

/www/wwwroot/jobportal.prus.dev/tests/Unit/Requests/Financial/UpdateSalaryCurrencyRequestTest.php:38</error>
        </testcase>
        <testcase name="validation_fails_with_invalid_data" file="/www/wwwroot/jobportal.prus.dev/tests/Unit/Requests/Financial/UpdateSalaryCurrencyRequestTest.php" line="98" class="Tests\Unit\Requests\Financial\UpdateSalaryCurrencyRequestTest" classname="Tests.Unit.Requests.Financial.UpdateSalaryCurrencyRequestTest" assertions="0" time="0.000000">
          <error type="Error">Tests\Unit\Requests\Financial\UpdateSalaryCurrencyRequestTest::validation_fails_with_invalid_data
Error: Class "App\Models\User" not found

/www/wwwroot/jobportal.prus.dev/tests/Unit/Requests/Financial/UpdateSalaryCurrencyRequestTest.php:38</error>
        </testcase>
        <testcase name="validation_sanitizes_data" file="/www/wwwroot/jobportal.prus.dev/tests/Unit/Requests/Financial/UpdateSalaryCurrencyRequestTest.php" line="112" class="Tests\Unit\Requests\Financial\UpdateSalaryCurrencyRequestTest" classname="Tests.Unit.Requests.Financial.UpdateSalaryCurrencyRequestTest" assertions="0" time="0.000000">
          <error type="Error">Tests\Unit\Requests\Financial\UpdateSalaryCurrencyRequestTest::validation_sanitizes_data
Error: Class "App\Models\User" not found

/www/wwwroot/jobportal.prus.dev/tests/Unit/Requests/Financial/UpdateSalaryCurrencyRequestTest.php:38</error>
        </testcase>
        <testcase name="has_proper_error_messages" file="/www/wwwroot/jobportal.prus.dev/tests/Unit/Requests/Financial/UpdateSalaryCurrencyRequestTest.php" line="127" class="Tests\Unit\Requests\Financial\UpdateSalaryCurrencyRequestTest" classname="Tests.Unit.Requests.Financial.UpdateSalaryCurrencyRequestTest" assertions="0" time="0.000000">
          <error type="Error">Tests\Unit\Requests\Financial\UpdateSalaryCurrencyRequestTest::has_proper_error_messages
Error: Class "App\Models\User" not found

/www/wwwroot/jobportal.prus.dev/tests/Unit/Requests/Financial/UpdateSalaryCurrencyRequestTest.php:38</error>
        </testcase>
        <testcase name="has_proper_field_attributes" file="/www/wwwroot/jobportal.prus.dev/tests/Unit/Requests/Financial/UpdateSalaryCurrencyRequestTest.php" line="137" class="Tests\Unit\Requests\Financial\UpdateSalaryCurrencyRequestTest" classname="Tests.Unit.Requests.Financial.UpdateSalaryCurrencyRequestTest" assertions="0" time="0.000000">
          <error type="Error">Tests\Unit\Requests\Financial\UpdateSalaryCurrencyRequestTest::has_proper_field_attributes
Error: Class "App\Models\User" not found

/www/wwwroot/jobportal.prus.dev/tests/Unit/Requests/Financial/UpdateSalaryCurrencyRequestTest.php:38</error>
        </testcase>
      </testsuite>
      <testsuite name="Tests\Unit\Requests\Foundation\AbstractBaseRequestTest" file="/www/wwwroot/jobportal.prus.dev/tests/Unit/Requests/Foundation/AbstractBaseRequestTest.php" tests="13" assertions="26" errors="0" failures="0" skipped="0" time="13.308858">
        <testcase name="it_extends_laravel_form_request" file="/www/wwwroot/jobportal.prus.dev/tests/Unit/Requests/Foundation/AbstractBaseRequestTest.php" line="58" class="Tests\Unit\Requests\Foundation\AbstractBaseRequestTest" classname="Tests.Unit.Requests.Foundation.AbstractBaseRequestTest" assertions="1" time="0.952879"/>
        <testcase name="it_has_default_security_level" file="/www/wwwroot/jobportal.prus.dev/tests/Unit/Requests/Foundation/AbstractBaseRequestTest.php" line="64" class="Tests\Unit\Requests\Foundation\AbstractBaseRequestTest" classname="Tests.Unit.Requests.Foundation.AbstractBaseRequestTest" assertions="1" time="0.927834"/>
        <testcase name="it_combines_common_and_domain_rules" file="/www/wwwroot/jobportal.prus.dev/tests/Unit/Requests/Foundation/AbstractBaseRequestTest.php" line="74" class="Tests\Unit\Requests\Foundation\AbstractBaseRequestTest" classname="Tests.Unit.Requests.Foundation.AbstractBaseRequestTest" assertions="4" time="0.667830"/>
        <testcase name="it_validates_successfully_with_valid_data" file="/www/wwwroot/jobportal.prus.dev/tests/Unit/Requests/Foundation/AbstractBaseRequestTest.php" line="90" class="Tests\Unit\Requests\Foundation\AbstractBaseRequestTest" classname="Tests.Unit.Requests.Foundation.AbstractBaseRequestTest" assertions="1" time="0.967488"/>
        <testcase name="it_fails_validation_with_invalid_data" file="/www/wwwroot/jobportal.prus.dev/tests/Unit/Requests/Foundation/AbstractBaseRequestTest.php" line="103" class="Tests\Unit\Requests\Foundation\AbstractBaseRequestTest" classname="Tests.Unit.Requests.Foundation.AbstractBaseRequestTest" assertions="3" time="0.991004"/>
        <testcase name="it_applies_custom_messages" file="/www/wwwroot/jobportal.prus.dev/tests/Unit/Requests/Foundation/AbstractBaseRequestTest.php" line="118" class="Tests\Unit\Requests\Foundation\AbstractBaseRequestTest" classname="Tests.Unit.Requests.Foundation.AbstractBaseRequestTest" assertions="3" time="1.318381"/>
        <testcase name="it_applies_custom_attributes" file="/www/wwwroot/jobportal.prus.dev/tests/Unit/Requests/Foundation/AbstractBaseRequestTest.php" line="137" class="Tests\Unit\Requests\Foundation\AbstractBaseRequestTest" classname="Tests.Unit.Requests.Foundation.AbstractBaseRequestTest" assertions="4" time="1.020827"/>
        <testcase name="it_has_performance_tracking_enabled_by_default" file="/www/wwwroot/jobportal.prus.dev/tests/Unit/Requests/Foundation/AbstractBaseRequestTest.php" line="148" class="Tests\Unit\Requests\Foundation\AbstractBaseRequestTest" classname="Tests.Unit.Requests.Foundation.AbstractBaseRequestTest" assertions="1" time="1.056374"/>
        <testcase name="it_can_check_performance_tracking_status" file="/www/wwwroot/jobportal.prus.dev/tests/Unit/Requests/Foundation/AbstractBaseRequestTest.php" line="158" class="Tests\Unit\Requests\Foundation\AbstractBaseRequestTest" classname="Tests.Unit.Requests.Foundation.AbstractBaseRequestTest" assertions="1" time="0.960751"/>
        <testcase name="it_generates_unique_request_id" file="/www/wwwroot/jobportal.prus.dev/tests/Unit/Requests/Foundation/AbstractBaseRequestTest.php" line="164" class="Tests\Unit\Requests\Foundation\AbstractBaseRequestTest" classname="Tests.Unit.Requests.Foundation.AbstractBaseRequestTest" assertions="3" time="1.157969"/>
        <testcase name="it_can_get_security_level" file="/www/wwwroot/jobportal.prus.dev/tests/Unit/Requests/Foundation/AbstractBaseRequestTest.php" line="178" class="Tests\Unit\Requests\Foundation\AbstractBaseRequestTest" classname="Tests.Unit.Requests.Foundation.AbstractBaseRequestTest" assertions="1" time="1.730699"/>
        <testcase name="it_applies_sanitization_to_data" file="/www/wwwroot/jobportal.prus.dev/tests/Unit/Requests/Foundation/AbstractBaseRequestTest.php" line="189" class="Tests\Unit\Requests\Foundation\AbstractBaseRequestTest" classname="Tests.Unit.Requests.Foundation.AbstractBaseRequestTest" assertions="2" time="0.847137"/>
        <testcase name="it_has_validation_modules_array" file="/www/wwwroot/jobportal.prus.dev/tests/Unit/Requests/Foundation/AbstractBaseRequestTest.php" line="206" class="Tests\Unit\Requests\Foundation\AbstractBaseRequestTest" classname="Tests.Unit.Requests.Foundation.AbstractBaseRequestTest" assertions="1" time="0.709684"/>
      </testsuite>
      <testsuite name="Tests\Unit\Requests\Job\DeleteJobShiftRequestTest" file="/www/wwwroot/jobportal.prus.dev/tests/Unit/Requests/Job/DeleteJobShiftRequestTest.php" tests="8" assertions="0" errors="8" failures="0" skipped="0" time="0.000000">
        <testcase name="admin_is_authorized" file="/www/wwwroot/jobportal.prus.dev/tests/Unit/Requests/Job/DeleteJobShiftRequestTest.php" line="49" class="Tests\Unit\Requests\Job\DeleteJobShiftRequestTest" classname="Tests.Unit.Requests.Job.DeleteJobShiftRequestTest" assertions="0" time="0.000000">
          <error type="Error">Tests\Unit\Requests\Job\DeleteJobShiftRequestTest::admin_is_authorized
Error: Class "App\Models\User" not found

/www/wwwroot/jobportal.prus.dev/tests/Unit/Requests/Job/DeleteJobShiftRequestTest.php:38</error>
        </testcase>
        <testcase name="employer_is_authorized" file="/www/wwwroot/jobportal.prus.dev/tests/Unit/Requests/Job/DeleteJobShiftRequestTest.php" line="60" class="Tests\Unit\Requests\Job\DeleteJobShiftRequestTest" classname="Tests.Unit.Requests.Job.DeleteJobShiftRequestTest" assertions="0" time="0.000000">
          <error type="Error">Tests\Unit\Requests\Job\DeleteJobShiftRequestTest::employer_is_authorized
Error: Class "App\Models\User" not found

/www/wwwroot/jobportal.prus.dev/tests/Unit/Requests/Job/DeleteJobShiftRequestTest.php:38</error>
        </testcase>
        <testcase name="candidate_is_not_authorized" file="/www/wwwroot/jobportal.prus.dev/tests/Unit/Requests/Job/DeleteJobShiftRequestTest.php" line="71" class="Tests\Unit\Requests\Job\DeleteJobShiftRequestTest" classname="Tests.Unit.Requests.Job.DeleteJobShiftRequestTest" assertions="0" time="0.000000">
          <error type="Error">Tests\Unit\Requests\Job\DeleteJobShiftRequestTest::candidate_is_not_authorized
Error: Class "App\Models\User" not found

/www/wwwroot/jobportal.prus.dev/tests/Unit/Requests/Job/DeleteJobShiftRequestTest.php:38</error>
        </testcase>
        <testcase name="validation_passes_with_valid_data" file="/www/wwwroot/jobportal.prus.dev/tests/Unit/Requests/Job/DeleteJobShiftRequestTest.php" line="82" class="Tests\Unit\Requests\Job\DeleteJobShiftRequestTest" classname="Tests.Unit.Requests.Job.DeleteJobShiftRequestTest" assertions="0" time="0.000000">
          <error type="Error">Tests\Unit\Requests\Job\DeleteJobShiftRequestTest::validation_passes_with_valid_data
Error: Class "App\Models\User" not found

/www/wwwroot/jobportal.prus.dev/tests/Unit/Requests/Job/DeleteJobShiftRequestTest.php:38</error>
        </testcase>
        <testcase name="validation_fails_with_invalid_data" file="/www/wwwroot/jobportal.prus.dev/tests/Unit/Requests/Job/DeleteJobShiftRequestTest.php" line="98" class="Tests\Unit\Requests\Job\DeleteJobShiftRequestTest" classname="Tests.Unit.Requests.Job.DeleteJobShiftRequestTest" assertions="0" time="0.000000">
          <error type="Error">Tests\Unit\Requests\Job\DeleteJobShiftRequestTest::validation_fails_with_invalid_data
Error: Class "App\Models\User" not found

/www/wwwroot/jobportal.prus.dev/tests/Unit/Requests/Job/DeleteJobShiftRequestTest.php:38</error>
        </testcase>
        <testcase name="validation_sanitizes_data" file="/www/wwwroot/jobportal.prus.dev/tests/Unit/Requests/Job/DeleteJobShiftRequestTest.php" line="112" class="Tests\Unit\Requests\Job\DeleteJobShiftRequestTest" classname="Tests.Unit.Requests.Job.DeleteJobShiftRequestTest" assertions="0" time="0.000000">
          <error type="Error">Tests\Unit\Requests\Job\DeleteJobShiftRequestTest::validation_sanitizes_data
Error: Class "App\Models\User" not found

/www/wwwroot/jobportal.prus.dev/tests/Unit/Requests/Job/DeleteJobShiftRequestTest.php:38</error>
        </testcase>
        <testcase name="has_proper_error_messages" file="/www/wwwroot/jobportal.prus.dev/tests/Unit/Requests/Job/DeleteJobShiftRequestTest.php" line="127" class="Tests\Unit\Requests\Job\DeleteJobShiftRequestTest" classname="Tests.Unit.Requests.Job.DeleteJobShiftRequestTest" assertions="0" time="0.000000">
          <error type="Error">Tests\Unit\Requests\Job\DeleteJobShiftRequestTest::has_proper_error_messages
Error: Class "App\Models\User" not found

/www/wwwroot/jobportal.prus.dev/tests/Unit/Requests/Job/DeleteJobShiftRequestTest.php:38</error>
        </testcase>
        <testcase name="has_proper_field_attributes" file="/www/wwwroot/jobportal.prus.dev/tests/Unit/Requests/Job/DeleteJobShiftRequestTest.php" line="137" class="Tests\Unit\Requests\Job\DeleteJobShiftRequestTest" classname="Tests.Unit.Requests.Job.DeleteJobShiftRequestTest" assertions="0" time="0.000000">
          <error type="Error">Tests\Unit\Requests\Job\DeleteJobShiftRequestTest::has_proper_field_attributes
Error: Class "App\Models\User" not found

/www/wwwroot/jobportal.prus.dev/tests/Unit/Requests/Job/DeleteJobShiftRequestTest.php:38</error>
        </testcase>
      </testsuite>
      <testsuite name="Tests\Unit\Requests\Job\DeleteJobTypeRequestTest" file="/www/wwwroot/jobportal.prus.dev/tests/Unit/Requests/Job/DeleteJobTypeRequestTest.php" tests="8" assertions="0" errors="8" failures="0" skipped="0" time="0.000000">
        <testcase name="admin_is_authorized" file="/www/wwwroot/jobportal.prus.dev/tests/Unit/Requests/Job/DeleteJobTypeRequestTest.php" line="49" class="Tests\Unit\Requests\Job\DeleteJobTypeRequestTest" classname="Tests.Unit.Requests.Job.DeleteJobTypeRequestTest" assertions="0" time="0.000000">
          <error type="Error">Tests\Unit\Requests\Job\DeleteJobTypeRequestTest::admin_is_authorized
Error: Class "App\Models\User" not found

/www/wwwroot/jobportal.prus.dev/tests/Unit/Requests/Job/DeleteJobTypeRequestTest.php:38</error>
        </testcase>
        <testcase name="employer_is_authorized" file="/www/wwwroot/jobportal.prus.dev/tests/Unit/Requests/Job/DeleteJobTypeRequestTest.php" line="60" class="Tests\Unit\Requests\Job\DeleteJobTypeRequestTest" classname="Tests.Unit.Requests.Job.DeleteJobTypeRequestTest" assertions="0" time="0.000000">
          <error type="Error">Tests\Unit\Requests\Job\DeleteJobTypeRequestTest::employer_is_authorized
Error: Class "App\Models\User" not found

/www/wwwroot/jobportal.prus.dev/tests/Unit/Requests/Job/DeleteJobTypeRequestTest.php:38</error>
        </testcase>
        <testcase name="candidate_is_not_authorized" file="/www/wwwroot/jobportal.prus.dev/tests/Unit/Requests/Job/DeleteJobTypeRequestTest.php" line="71" class="Tests\Unit\Requests\Job\DeleteJobTypeRequestTest" classname="Tests.Unit.Requests.Job.DeleteJobTypeRequestTest" assertions="0" time="0.000000">
          <error type="Error">Tests\Unit\Requests\Job\DeleteJobTypeRequestTest::candidate_is_not_authorized
Error: Class "App\Models\User" not found

/www/wwwroot/jobportal.prus.dev/tests/Unit/Requests/Job/DeleteJobTypeRequestTest.php:38</error>
        </testcase>
        <testcase name="validation_passes_with_valid_data" file="/www/wwwroot/jobportal.prus.dev/tests/Unit/Requests/Job/DeleteJobTypeRequestTest.php" line="82" class="Tests\Unit\Requests\Job\DeleteJobTypeRequestTest" classname="Tests.Unit.Requests.Job.DeleteJobTypeRequestTest" assertions="0" time="0.000000">
          <error type="Error">Tests\Unit\Requests\Job\DeleteJobTypeRequestTest::validation_passes_with_valid_data
Error: Class "App\Models\User" not found

/www/wwwroot/jobportal.prus.dev/tests/Unit/Requests/Job/DeleteJobTypeRequestTest.php:38</error>
        </testcase>
        <testcase name="validation_fails_with_invalid_data" file="/www/wwwroot/jobportal.prus.dev/tests/Unit/Requests/Job/DeleteJobTypeRequestTest.php" line="97" class="Tests\Unit\Requests\Job\DeleteJobTypeRequestTest" classname="Tests.Unit.Requests.Job.DeleteJobTypeRequestTest" assertions="0" time="0.000000">
          <error type="Error">Tests\Unit\Requests\Job\DeleteJobTypeRequestTest::validation_fails_with_invalid_data
Error: Class "App\Models\User" not found

/www/wwwroot/jobportal.prus.dev/tests/Unit/Requests/Job/DeleteJobTypeRequestTest.php:38</error>
        </testcase>
        <testcase name="validation_sanitizes_data" file="/www/wwwroot/jobportal.prus.dev/tests/Unit/Requests/Job/DeleteJobTypeRequestTest.php" line="111" class="Tests\Unit\Requests\Job\DeleteJobTypeRequestTest" classname="Tests.Unit.Requests.Job.DeleteJobTypeRequestTest" assertions="0" time="0.000000">
          <error type="Error">Tests\Unit\Requests\Job\DeleteJobTypeRequestTest::validation_sanitizes_data
Error: Class "App\Models\User" not found

/www/wwwroot/jobportal.prus.dev/tests/Unit/Requests/Job/DeleteJobTypeRequestTest.php:38</error>
        </testcase>
        <testcase name="has_proper_error_messages" file="/www/wwwroot/jobportal.prus.dev/tests/Unit/Requests/Job/DeleteJobTypeRequestTest.php" line="126" class="Tests\Unit\Requests\Job\DeleteJobTypeRequestTest" classname="Tests.Unit.Requests.Job.DeleteJobTypeRequestTest" assertions="0" time="0.000000">
          <error type="Error">Tests\Unit\Requests\Job\DeleteJobTypeRequestTest::has_proper_error_messages
Error: Class "App\Models\User" not found

/www/wwwroot/jobportal.prus.dev/tests/Unit/Requests/Job/DeleteJobTypeRequestTest.php:38</error>
        </testcase>
        <testcase name="has_proper_field_attributes" file="/www/wwwroot/jobportal.prus.dev/tests/Unit/Requests/Job/DeleteJobTypeRequestTest.php" line="136" class="Tests\Unit\Requests\Job\DeleteJobTypeRequestTest" classname="Tests.Unit.Requests.Job.DeleteJobTypeRequestTest" assertions="0" time="0.000000">
          <error type="Error">Tests\Unit\Requests\Job\DeleteJobTypeRequestTest::has_proper_field_attributes
Error: Class "App\Models\User" not found

/www/wwwroot/jobportal.prus.dev/tests/Unit/Requests/Job/DeleteJobTypeRequestTest.php:38</error>
        </testcase>
      </testsuite>
      <testsuite name="Tests\Unit\Requests\Job\StoreJobShiftRequestTest" file="/www/wwwroot/jobportal.prus.dev/tests/Unit/Requests/Job/StoreJobShiftRequestTest.php" tests="8" assertions="0" errors="8" failures="0" skipped="0" time="0.000000">
        <testcase name="admin_is_authorized" file="/www/wwwroot/jobportal.prus.dev/tests/Unit/Requests/Job/StoreJobShiftRequestTest.php" line="49" class="Tests\Unit\Requests\Job\StoreJobShiftRequestTest" classname="Tests.Unit.Requests.Job.StoreJobShiftRequestTest" assertions="0" time="0.000000">
          <error type="Error">Tests\Unit\Requests\Job\StoreJobShiftRequestTest::admin_is_authorized
Error: Class "App\Models\User" not found

/www/wwwroot/jobportal.prus.dev/tests/Unit/Requests/Job/StoreJobShiftRequestTest.php:38</error>
        </testcase>
        <testcase name="employer_is_authorized" file="/www/wwwroot/jobportal.prus.dev/tests/Unit/Requests/Job/StoreJobShiftRequestTest.php" line="60" class="Tests\Unit\Requests\Job\StoreJobShiftRequestTest" classname="Tests.Unit.Requests.Job.StoreJobShiftRequestTest" assertions="0" time="0.000000">
          <error type="Error">Tests\Unit\Requests\Job\StoreJobShiftRequestTest::employer_is_authorized
Error: Class "App\Models\User" not found

/www/wwwroot/jobportal.prus.dev/tests/Unit/Requests/Job/StoreJobShiftRequestTest.php:38</error>
        </testcase>
        <testcase name="candidate_is_not_authorized" file="/www/wwwroot/jobportal.prus.dev/tests/Unit/Requests/Job/StoreJobShiftRequestTest.php" line="71" class="Tests\Unit\Requests\Job\StoreJobShiftRequestTest" classname="Tests.Unit.Requests.Job.StoreJobShiftRequestTest" assertions="0" time="0.000000">
          <error type="Error">Tests\Unit\Requests\Job\StoreJobShiftRequestTest::candidate_is_not_authorized
Error: Class "App\Models\User" not found

/www/wwwroot/jobportal.prus.dev/tests/Unit/Requests/Job/StoreJobShiftRequestTest.php:38</error>
        </testcase>
        <testcase name="validation_passes_with_valid_data" file="/www/wwwroot/jobportal.prus.dev/tests/Unit/Requests/Job/StoreJobShiftRequestTest.php" line="82" class="Tests\Unit\Requests\Job\StoreJobShiftRequestTest" classname="Tests.Unit.Requests.Job.StoreJobShiftRequestTest" assertions="0" time="0.000000">
          <error type="Error">Tests\Unit\Requests\Job\StoreJobShiftRequestTest::validation_passes_with_valid_data
Error: Class "App\Models\User" not found

/www/wwwroot/jobportal.prus.dev/tests/Unit/Requests/Job/StoreJobShiftRequestTest.php:38</error>
        </testcase>
        <testcase name="validation_fails_with_invalid_data" file="/www/wwwroot/jobportal.prus.dev/tests/Unit/Requests/Job/StoreJobShiftRequestTest.php" line="98" class="Tests\Unit\Requests\Job\StoreJobShiftRequestTest" classname="Tests.Unit.Requests.Job.StoreJobShiftRequestTest" assertions="0" time="0.000000">
          <error type="Error">Tests\Unit\Requests\Job\StoreJobShiftRequestTest::validation_fails_with_invalid_data
Error: Class "App\Models\User" not found

/www/wwwroot/jobportal.prus.dev/tests/Unit/Requests/Job/StoreJobShiftRequestTest.php:38</error>
        </testcase>
        <testcase name="validation_sanitizes_data" file="/www/wwwroot/jobportal.prus.dev/tests/Unit/Requests/Job/StoreJobShiftRequestTest.php" line="112" class="Tests\Unit\Requests\Job\StoreJobShiftRequestTest" classname="Tests.Unit.Requests.Job.StoreJobShiftRequestTest" assertions="0" time="0.000000">
          <error type="Error">Tests\Unit\Requests\Job\StoreJobShiftRequestTest::validation_sanitizes_data
Error: Class "App\Models\User" not found

/www/wwwroot/jobportal.prus.dev/tests/Unit/Requests/Job/StoreJobShiftRequestTest.php:38</error>
        </testcase>
        <testcase name="has_proper_error_messages" file="/www/wwwroot/jobportal.prus.dev/tests/Unit/Requests/Job/StoreJobShiftRequestTest.php" line="127" class="Tests\Unit\Requests\Job\StoreJobShiftRequestTest" classname="Tests.Unit.Requests.Job.StoreJobShiftRequestTest" assertions="0" time="0.000000">
          <error type="Error">Tests\Unit\Requests\Job\StoreJobShiftRequestTest::has_proper_error_messages
Error: Class "App\Models\User" not found

/www/wwwroot/jobportal.prus.dev/tests/Unit/Requests/Job/StoreJobShiftRequestTest.php:38</error>
        </testcase>
        <testcase name="has_proper_field_attributes" file="/www/wwwroot/jobportal.prus.dev/tests/Unit/Requests/Job/StoreJobShiftRequestTest.php" line="137" class="Tests\Unit\Requests\Job\StoreJobShiftRequestTest" classname="Tests.Unit.Requests.Job.StoreJobShiftRequestTest" assertions="0" time="0.000000">
          <error type="Error">Tests\Unit\Requests\Job\StoreJobShiftRequestTest::has_proper_field_attributes
Error: Class "App\Models\User" not found

/www/wwwroot/jobportal.prus.dev/tests/Unit/Requests/Job/StoreJobShiftRequestTest.php:38</error>
        </testcase>
      </testsuite>
      <testsuite name="Tests\Unit\Requests\Job\StoreJobTypeRequestTest" file="/www/wwwroot/jobportal.prus.dev/tests/Unit/Requests/Job/StoreJobTypeRequestTest.php" tests="8" assertions="0" errors="8" failures="0" skipped="0" time="0.000000">
        <testcase name="admin_is_authorized" file="/www/wwwroot/jobportal.prus.dev/tests/Unit/Requests/Job/StoreJobTypeRequestTest.php" line="49" class="Tests\Unit\Requests\Job\StoreJobTypeRequestTest" classname="Tests.Unit.Requests.Job.StoreJobTypeRequestTest" assertions="0" time="0.000000">
          <error type="Error">Tests\Unit\Requests\Job\StoreJobTypeRequestTest::admin_is_authorized
Error: Class "App\Models\User" not found

/www/wwwroot/jobportal.prus.dev/tests/Unit/Requests/Job/StoreJobTypeRequestTest.php:38</error>
        </testcase>
        <testcase name="employer_is_authorized" file="/www/wwwroot/jobportal.prus.dev/tests/Unit/Requests/Job/StoreJobTypeRequestTest.php" line="60" class="Tests\Unit\Requests\Job\StoreJobTypeRequestTest" classname="Tests.Unit.Requests.Job.StoreJobTypeRequestTest" assertions="0" time="0.000000">
          <error type="Error">Tests\Unit\Requests\Job\StoreJobTypeRequestTest::employer_is_authorized
Error: Class "App\Models\User" not found

/www/wwwroot/jobportal.prus.dev/tests/Unit/Requests/Job/StoreJobTypeRequestTest.php:38</error>
        </testcase>
        <testcase name="candidate_is_not_authorized" file="/www/wwwroot/jobportal.prus.dev/tests/Unit/Requests/Job/StoreJobTypeRequestTest.php" line="71" class="Tests\Unit\Requests\Job\StoreJobTypeRequestTest" classname="Tests.Unit.Requests.Job.StoreJobTypeRequestTest" assertions="0" time="0.000000">
          <error type="Error">Tests\Unit\Requests\Job\StoreJobTypeRequestTest::candidate_is_not_authorized
Error: Class "App\Models\User" not found

/www/wwwroot/jobportal.prus.dev/tests/Unit/Requests/Job/StoreJobTypeRequestTest.php:38</error>
        </testcase>
        <testcase name="validation_passes_with_valid_data" file="/www/wwwroot/jobportal.prus.dev/tests/Unit/Requests/Job/StoreJobTypeRequestTest.php" line="82" class="Tests\Unit\Requests\Job\StoreJobTypeRequestTest" classname="Tests.Unit.Requests.Job.StoreJobTypeRequestTest" assertions="0" time="0.000000">
          <error type="Error">Tests\Unit\Requests\Job\StoreJobTypeRequestTest::validation_passes_with_valid_data
Error: Class "App\Models\User" not found

/www/wwwroot/jobportal.prus.dev/tests/Unit/Requests/Job/StoreJobTypeRequestTest.php:38</error>
        </testcase>
        <testcase name="validation_fails_with_invalid_data" file="/www/wwwroot/jobportal.prus.dev/tests/Unit/Requests/Job/StoreJobTypeRequestTest.php" line="97" class="Tests\Unit\Requests\Job\StoreJobTypeRequestTest" classname="Tests.Unit.Requests.Job.StoreJobTypeRequestTest" assertions="0" time="0.000000">
          <error type="Error">Tests\Unit\Requests\Job\StoreJobTypeRequestTest::validation_fails_with_invalid_data
Error: Class "App\Models\User" not found

/www/wwwroot/jobportal.prus.dev/tests/Unit/Requests/Job/StoreJobTypeRequestTest.php:38</error>
        </testcase>
        <testcase name="validation_sanitizes_data" file="/www/wwwroot/jobportal.prus.dev/tests/Unit/Requests/Job/StoreJobTypeRequestTest.php" line="111" class="Tests\Unit\Requests\Job\StoreJobTypeRequestTest" classname="Tests.Unit.Requests.Job.StoreJobTypeRequestTest" assertions="0" time="0.000000">
          <error type="Error">Tests\Unit\Requests\Job\StoreJobTypeRequestTest::validation_sanitizes_data
Error: Class "App\Models\User" not found

/www/wwwroot/jobportal.prus.dev/tests/Unit/Requests/Job/StoreJobTypeRequestTest.php:38</error>
        </testcase>
        <testcase name="has_proper_error_messages" file="/www/wwwroot/jobportal.prus.dev/tests/Unit/Requests/Job/StoreJobTypeRequestTest.php" line="126" class="Tests\Unit\Requests\Job\StoreJobTypeRequestTest" classname="Tests.Unit.Requests.Job.StoreJobTypeRequestTest" assertions="0" time="0.000000">
          <error type="Error">Tests\Unit\Requests\Job\StoreJobTypeRequestTest::has_proper_error_messages
Error: Class "App\Models\User" not found

/www/wwwroot/jobportal.prus.dev/tests/Unit/Requests/Job/StoreJobTypeRequestTest.php:38</error>
        </testcase>
        <testcase name="has_proper_field_attributes" file="/www/wwwroot/jobportal.prus.dev/tests/Unit/Requests/Job/StoreJobTypeRequestTest.php" line="136" class="Tests\Unit\Requests\Job\StoreJobTypeRequestTest" classname="Tests.Unit.Requests.Job.StoreJobTypeRequestTest" assertions="0" time="0.000000">
          <error type="Error">Tests\Unit\Requests\Job\StoreJobTypeRequestTest::has_proper_field_attributes
Error: Class "App\Models\User" not found

/www/wwwroot/jobportal.prus.dev/tests/Unit/Requests/Job/StoreJobTypeRequestTest.php:38</error>
        </testcase>
      </testsuite>
      <testsuite name="Tests\Unit\Requests\Job\UpdateJobShiftRequestTest" file="/www/wwwroot/jobportal.prus.dev/tests/Unit/Requests/Job/UpdateJobShiftRequestTest.php" tests="8" assertions="0" errors="8" failures="0" skipped="0" time="0.000000">
        <testcase name="admin_is_authorized" file="/www/wwwroot/jobportal.prus.dev/tests/Unit/Requests/Job/UpdateJobShiftRequestTest.php" line="49" class="Tests\Unit\Requests\Job\UpdateJobShiftRequestTest" classname="Tests.Unit.Requests.Job.UpdateJobShiftRequestTest" assertions="0" time="0.000000">
          <error type="Error">Tests\Unit\Requests\Job\UpdateJobShiftRequestTest::admin_is_authorized
Error: Class "App\Models\User" not found

/www/wwwroot/jobportal.prus.dev/tests/Unit/Requests/Job/UpdateJobShiftRequestTest.php:38</error>
        </testcase>
        <testcase name="employer_is_authorized" file="/www/wwwroot/jobportal.prus.dev/tests/Unit/Requests/Job/UpdateJobShiftRequestTest.php" line="60" class="Tests\Unit\Requests\Job\UpdateJobShiftRequestTest" classname="Tests.Unit.Requests.Job.UpdateJobShiftRequestTest" assertions="0" time="0.000000">
          <error type="Error">Tests\Unit\Requests\Job\UpdateJobShiftRequestTest::employer_is_authorized
Error: Class "App\Models\User" not found

/www/wwwroot/jobportal.prus.dev/tests/Unit/Requests/Job/UpdateJobShiftRequestTest.php:38</error>
        </testcase>
        <testcase name="candidate_is_not_authorized" file="/www/wwwroot/jobportal.prus.dev/tests/Unit/Requests/Job/UpdateJobShiftRequestTest.php" line="71" class="Tests\Unit\Requests\Job\UpdateJobShiftRequestTest" classname="Tests.Unit.Requests.Job.UpdateJobShiftRequestTest" assertions="0" time="0.000000">
          <error type="Error">Tests\Unit\Requests\Job\UpdateJobShiftRequestTest::candidate_is_not_authorized
Error: Class "App\Models\User" not found

/www/wwwroot/jobportal.prus.dev/tests/Unit/Requests/Job/UpdateJobShiftRequestTest.php:38</error>
        </testcase>
        <testcase name="validation_passes_with_valid_data" file="/www/wwwroot/jobportal.prus.dev/tests/Unit/Requests/Job/UpdateJobShiftRequestTest.php" line="82" class="Tests\Unit\Requests\Job\UpdateJobShiftRequestTest" classname="Tests.Unit.Requests.Job.UpdateJobShiftRequestTest" assertions="0" time="0.000000">
          <error type="Error">Tests\Unit\Requests\Job\UpdateJobShiftRequestTest::validation_passes_with_valid_data
Error: Class "App\Models\User" not found

/www/wwwroot/jobportal.prus.dev/tests/Unit/Requests/Job/UpdateJobShiftRequestTest.php:38</error>
        </testcase>
        <testcase name="validation_fails_with_invalid_data" file="/www/wwwroot/jobportal.prus.dev/tests/Unit/Requests/Job/UpdateJobShiftRequestTest.php" line="98" class="Tests\Unit\Requests\Job\UpdateJobShiftRequestTest" classname="Tests.Unit.Requests.Job.UpdateJobShiftRequestTest" assertions="0" time="0.000000">
          <error type="Error">Tests\Unit\Requests\Job\UpdateJobShiftRequestTest::validation_fails_with_invalid_data
Error: Class "App\Models\User" not found

/www/wwwroot/jobportal.prus.dev/tests/Unit/Requests/Job/UpdateJobShiftRequestTest.php:38</error>
        </testcase>
        <testcase name="validation_sanitizes_data" file="/www/wwwroot/jobportal.prus.dev/tests/Unit/Requests/Job/UpdateJobShiftRequestTest.php" line="112" class="Tests\Unit\Requests\Job\UpdateJobShiftRequestTest" classname="Tests.Unit.Requests.Job.UpdateJobShiftRequestTest" assertions="0" time="0.000000">
          <error type="Error">Tests\Unit\Requests\Job\UpdateJobShiftRequestTest::validation_sanitizes_data
Error: Class "App\Models\User" not found

/www/wwwroot/jobportal.prus.dev/tests/Unit/Requests/Job/UpdateJobShiftRequestTest.php:38</error>
        </testcase>
        <testcase name="has_proper_error_messages" file="/www/wwwroot/jobportal.prus.dev/tests/Unit/Requests/Job/UpdateJobShiftRequestTest.php" line="127" class="Tests\Unit\Requests\Job\UpdateJobShiftRequestTest" classname="Tests.Unit.Requests.Job.UpdateJobShiftRequestTest" assertions="0" time="0.000000">
          <error type="Error">Tests\Unit\Requests\Job\UpdateJobShiftRequestTest::has_proper_error_messages
Error: Class "App\Models\User" not found

/www/wwwroot/jobportal.prus.dev/tests/Unit/Requests/Job/UpdateJobShiftRequestTest.php:38</error>
        </testcase>
        <testcase name="has_proper_field_attributes" file="/www/wwwroot/jobportal.prus.dev/tests/Unit/Requests/Job/UpdateJobShiftRequestTest.php" line="137" class="Tests\Unit\Requests\Job\UpdateJobShiftRequestTest" classname="Tests.Unit.Requests.Job.UpdateJobShiftRequestTest" assertions="0" time="0.000000">
          <error type="Error">Tests\Unit\Requests\Job\UpdateJobShiftRequestTest::has_proper_field_attributes
Error: Class "App\Models\User" not found

/www/wwwroot/jobportal.prus.dev/tests/Unit/Requests/Job/UpdateJobShiftRequestTest.php:38</error>
        </testcase>
      </testsuite>
      <testsuite name="Tests\Unit\Requests\Job\UpdateJobTypeRequestTest" file="/www/wwwroot/jobportal.prus.dev/tests/Unit/Requests/Job/UpdateJobTypeRequestTest.php" tests="8" assertions="0" errors="8" failures="0" skipped="0" time="0.000000">
        <testcase name="admin_is_authorized" file="/www/wwwroot/jobportal.prus.dev/tests/Unit/Requests/Job/UpdateJobTypeRequestTest.php" line="49" class="Tests\Unit\Requests\Job\UpdateJobTypeRequestTest" classname="Tests.Unit.Requests.Job.UpdateJobTypeRequestTest" assertions="0" time="0.000000">
          <error type="Error">Tests\Unit\Requests\Job\UpdateJobTypeRequestTest::admin_is_authorized
Error: Class "App\Models\User" not found

/www/wwwroot/jobportal.prus.dev/tests/Unit/Requests/Job/UpdateJobTypeRequestTest.php:38</error>
        </testcase>
        <testcase name="employer_is_authorized" file="/www/wwwroot/jobportal.prus.dev/tests/Unit/Requests/Job/UpdateJobTypeRequestTest.php" line="60" class="Tests\Unit\Requests\Job\UpdateJobTypeRequestTest" classname="Tests.Unit.Requests.Job.UpdateJobTypeRequestTest" assertions="0" time="0.000000">
          <error type="Error">Tests\Unit\Requests\Job\UpdateJobTypeRequestTest::employer_is_authorized
Error: Class "App\Models\User" not found

/www/wwwroot/jobportal.prus.dev/tests/Unit/Requests/Job/UpdateJobTypeRequestTest.php:38</error>
        </testcase>
        <testcase name="candidate_is_not_authorized" file="/www/wwwroot/jobportal.prus.dev/tests/Unit/Requests/Job/UpdateJobTypeRequestTest.php" line="71" class="Tests\Unit\Requests\Job\UpdateJobTypeRequestTest" classname="Tests.Unit.Requests.Job.UpdateJobTypeRequestTest" assertions="0" time="0.000000">
          <error type="Error">Tests\Unit\Requests\Job\UpdateJobTypeRequestTest::candidate_is_not_authorized
Error: Class "App\Models\User" not found

/www/wwwroot/jobportal.prus.dev/tests/Unit/Requests/Job/UpdateJobTypeRequestTest.php:38</error>
        </testcase>
        <testcase name="validation_passes_with_valid_data" file="/www/wwwroot/jobportal.prus.dev/tests/Unit/Requests/Job/UpdateJobTypeRequestTest.php" line="82" class="Tests\Unit\Requests\Job\UpdateJobTypeRequestTest" classname="Tests.Unit.Requests.Job.UpdateJobTypeRequestTest" assertions="0" time="0.000000">
          <error type="Error">Tests\Unit\Requests\Job\UpdateJobTypeRequestTest::validation_passes_with_valid_data
Error: Class "App\Models\User" not found

/www/wwwroot/jobportal.prus.dev/tests/Unit/Requests/Job/UpdateJobTypeRequestTest.php:38</error>
        </testcase>
        <testcase name="validation_fails_with_invalid_data" file="/www/wwwroot/jobportal.prus.dev/tests/Unit/Requests/Job/UpdateJobTypeRequestTest.php" line="97" class="Tests\Unit\Requests\Job\UpdateJobTypeRequestTest" classname="Tests.Unit.Requests.Job.UpdateJobTypeRequestTest" assertions="0" time="0.000000">
          <error type="Error">Tests\Unit\Requests\Job\UpdateJobTypeRequestTest::validation_fails_with_invalid_data
Error: Class "App\Models\User" not found

/www/wwwroot/jobportal.prus.dev/tests/Unit/Requests/Job/UpdateJobTypeRequestTest.php:38</error>
        </testcase>
        <testcase name="validation_sanitizes_data" file="/www/wwwroot/jobportal.prus.dev/tests/Unit/Requests/Job/UpdateJobTypeRequestTest.php" line="111" class="Tests\Unit\Requests\Job\UpdateJobTypeRequestTest" classname="Tests.Unit.Requests.Job.UpdateJobTypeRequestTest" assertions="0" time="0.000000">
          <error type="Error">Tests\Unit\Requests\Job\UpdateJobTypeRequestTest::validation_sanitizes_data
Error: Class "App\Models\User" not found

/www/wwwroot/jobportal.prus.dev/tests/Unit/Requests/Job/UpdateJobTypeRequestTest.php:38</error>
        </testcase>
        <testcase name="has_proper_error_messages" file="/www/wwwroot/jobportal.prus.dev/tests/Unit/Requests/Job/UpdateJobTypeRequestTest.php" line="126" class="Tests\Unit\Requests\Job\UpdateJobTypeRequestTest" classname="Tests.Unit.Requests.Job.UpdateJobTypeRequestTest" assertions="0" time="0.000000">
          <error type="Error">Tests\Unit\Requests\Job\UpdateJobTypeRequestTest::has_proper_error_messages
Error: Class "App\Models\User" not found

/www/wwwroot/jobportal.prus.dev/tests/Unit/Requests/Job/UpdateJobTypeRequestTest.php:38</error>
        </testcase>
        <testcase name="has_proper_field_attributes" file="/www/wwwroot/jobportal.prus.dev/tests/Unit/Requests/Job/UpdateJobTypeRequestTest.php" line="136" class="Tests\Unit\Requests\Job\UpdateJobTypeRequestTest" classname="Tests.Unit.Requests.Job.UpdateJobTypeRequestTest" assertions="0" time="0.000000">
          <error type="Error">Tests\Unit\Requests\Job\UpdateJobTypeRequestTest::has_proper_field_attributes
Error: Class "App\Models\User" not found

/www/wwwroot/jobportal.prus.dev/tests/Unit/Requests/Job/UpdateJobTypeRequestTest.php:38</error>
        </testcase>
      </testsuite>
      <testsuite name="Tests\Unit\Requests\Location\DeleteCityRequestTest" file="/www/wwwroot/jobportal.prus.dev/tests/Unit/Requests/Location/DeleteCityRequestTest.php" tests="8" assertions="0" errors="8" failures="0" skipped="0" time="0.000000">
        <testcase name="admin_is_authorized" file="/www/wwwroot/jobportal.prus.dev/tests/Unit/Requests/Location/DeleteCityRequestTest.php" line="51" class="Tests\Unit\Requests\Location\DeleteCityRequestTest" classname="Tests.Unit.Requests.Location.DeleteCityRequestTest" assertions="0" time="0.000000">
          <error type="Error">Tests\Unit\Requests\Location\DeleteCityRequestTest::admin_is_authorized
Error: Class "App\Models\User" not found

/www/wwwroot/jobportal.prus.dev/tests/Unit/Requests/Location/DeleteCityRequestTest.php:40</error>
        </testcase>
        <testcase name="employer_is_authorized" file="/www/wwwroot/jobportal.prus.dev/tests/Unit/Requests/Location/DeleteCityRequestTest.php" line="62" class="Tests\Unit\Requests\Location\DeleteCityRequestTest" classname="Tests.Unit.Requests.Location.DeleteCityRequestTest" assertions="0" time="0.000000">
          <error type="Error">Tests\Unit\Requests\Location\DeleteCityRequestTest::employer_is_authorized
Error: Class "App\Models\User" not found

/www/wwwroot/jobportal.prus.dev/tests/Unit/Requests/Location/DeleteCityRequestTest.php:40</error>
        </testcase>
        <testcase name="candidate_is_not_authorized" file="/www/wwwroot/jobportal.prus.dev/tests/Unit/Requests/Location/DeleteCityRequestTest.php" line="73" class="Tests\Unit\Requests\Location\DeleteCityRequestTest" classname="Tests.Unit.Requests.Location.DeleteCityRequestTest" assertions="0" time="0.000000">
          <error type="Error">Tests\Unit\Requests\Location\DeleteCityRequestTest::candidate_is_not_authorized
Error: Class "App\Models\User" not found

/www/wwwroot/jobportal.prus.dev/tests/Unit/Requests/Location/DeleteCityRequestTest.php:40</error>
        </testcase>
        <testcase name="validation_passes_with_valid_data" file="/www/wwwroot/jobportal.prus.dev/tests/Unit/Requests/Location/DeleteCityRequestTest.php" line="84" class="Tests\Unit\Requests\Location\DeleteCityRequestTest" classname="Tests.Unit.Requests.Location.DeleteCityRequestTest" assertions="0" time="0.000000">
          <error type="Error">Tests\Unit\Requests\Location\DeleteCityRequestTest::validation_passes_with_valid_data
Error: Class "App\Models\User" not found

/www/wwwroot/jobportal.prus.dev/tests/Unit/Requests/Location/DeleteCityRequestTest.php:40</error>
        </testcase>
        <testcase name="validation_fails_with_invalid_data" file="/www/wwwroot/jobportal.prus.dev/tests/Unit/Requests/Location/DeleteCityRequestTest.php" line="108" class="Tests\Unit\Requests\Location\DeleteCityRequestTest" classname="Tests.Unit.Requests.Location.DeleteCityRequestTest" assertions="0" time="0.000000">
          <error type="Error">Tests\Unit\Requests\Location\DeleteCityRequestTest::validation_fails_with_invalid_data
Error: Class "App\Models\User" not found

/www/wwwroot/jobportal.prus.dev/tests/Unit/Requests/Location/DeleteCityRequestTest.php:40</error>
        </testcase>
        <testcase name="validation_sanitizes_data" file="/www/wwwroot/jobportal.prus.dev/tests/Unit/Requests/Location/DeleteCityRequestTest.php" line="122" class="Tests\Unit\Requests\Location\DeleteCityRequestTest" classname="Tests.Unit.Requests.Location.DeleteCityRequestTest" assertions="0" time="0.000000">
          <error type="Error">Tests\Unit\Requests\Location\DeleteCityRequestTest::validation_sanitizes_data
Error: Class "App\Models\User" not found

/www/wwwroot/jobportal.prus.dev/tests/Unit/Requests/Location/DeleteCityRequestTest.php:40</error>
        </testcase>
        <testcase name="has_proper_error_messages" file="/www/wwwroot/jobportal.prus.dev/tests/Unit/Requests/Location/DeleteCityRequestTest.php" line="137" class="Tests\Unit\Requests\Location\DeleteCityRequestTest" classname="Tests.Unit.Requests.Location.DeleteCityRequestTest" assertions="0" time="0.000000">
          <error type="Error">Tests\Unit\Requests\Location\DeleteCityRequestTest::has_proper_error_messages
Error: Class "App\Models\User" not found

/www/wwwroot/jobportal.prus.dev/tests/Unit/Requests/Location/DeleteCityRequestTest.php:40</error>
        </testcase>
        <testcase name="has_proper_field_attributes" file="/www/wwwroot/jobportal.prus.dev/tests/Unit/Requests/Location/DeleteCityRequestTest.php" line="147" class="Tests\Unit\Requests\Location\DeleteCityRequestTest" classname="Tests.Unit.Requests.Location.DeleteCityRequestTest" assertions="0" time="0.000000">
          <error type="Error">Tests\Unit\Requests\Location\DeleteCityRequestTest::has_proper_field_attributes
Error: Class "App\Models\User" not found

/www/wwwroot/jobportal.prus.dev/tests/Unit/Requests/Location/DeleteCityRequestTest.php:40</error>
        </testcase>
      </testsuite>
      <testsuite name="Tests\Unit\Requests\Location\DeleteCountryRequestTest" file="/www/wwwroot/jobportal.prus.dev/tests/Unit/Requests/Location/DeleteCountryRequestTest.php" tests="8" assertions="0" errors="8" failures="0" skipped="0" time="0.000000">
        <testcase name="admin_is_authorized" file="/www/wwwroot/jobportal.prus.dev/tests/Unit/Requests/Location/DeleteCountryRequestTest.php" line="49" class="Tests\Unit\Requests\Location\DeleteCountryRequestTest" classname="Tests.Unit.Requests.Location.DeleteCountryRequestTest" assertions="0" time="0.000000">
          <error type="Error">Tests\Unit\Requests\Location\DeleteCountryRequestTest::admin_is_authorized
Error: Class "App\Models\User" not found

/www/wwwroot/jobportal.prus.dev/tests/Unit/Requests/Location/DeleteCountryRequestTest.php:38</error>
        </testcase>
        <testcase name="employer_is_authorized" file="/www/wwwroot/jobportal.prus.dev/tests/Unit/Requests/Location/DeleteCountryRequestTest.php" line="60" class="Tests\Unit\Requests\Location\DeleteCountryRequestTest" classname="Tests.Unit.Requests.Location.DeleteCountryRequestTest" assertions="0" time="0.000000">
          <error type="Error">Tests\Unit\Requests\Location\DeleteCountryRequestTest::employer_is_authorized
Error: Class "App\Models\User" not found

/www/wwwroot/jobportal.prus.dev/tests/Unit/Requests/Location/DeleteCountryRequestTest.php:38</error>
        </testcase>
        <testcase name="candidate_is_not_authorized" file="/www/wwwroot/jobportal.prus.dev/tests/Unit/Requests/Location/DeleteCountryRequestTest.php" line="71" class="Tests\Unit\Requests\Location\DeleteCountryRequestTest" classname="Tests.Unit.Requests.Location.DeleteCountryRequestTest" assertions="0" time="0.000000">
          <error type="Error">Tests\Unit\Requests\Location\DeleteCountryRequestTest::candidate_is_not_authorized
Error: Class "App\Models\User" not found

/www/wwwroot/jobportal.prus.dev/tests/Unit/Requests/Location/DeleteCountryRequestTest.php:38</error>
        </testcase>
        <testcase name="validation_passes_with_valid_data" file="/www/wwwroot/jobportal.prus.dev/tests/Unit/Requests/Location/DeleteCountryRequestTest.php" line="82" class="Tests\Unit\Requests\Location\DeleteCountryRequestTest" classname="Tests.Unit.Requests.Location.DeleteCountryRequestTest" assertions="0" time="0.000000">
          <error type="Error">Tests\Unit\Requests\Location\DeleteCountryRequestTest::validation_passes_with_valid_data
Error: Class "App\Models\User" not found

/www/wwwroot/jobportal.prus.dev/tests/Unit/Requests/Location/DeleteCountryRequestTest.php:38</error>
        </testcase>
        <testcase name="validation_fails_with_invalid_data" file="/www/wwwroot/jobportal.prus.dev/tests/Unit/Requests/Location/DeleteCountryRequestTest.php" line="98" class="Tests\Unit\Requests\Location\DeleteCountryRequestTest" classname="Tests.Unit.Requests.Location.DeleteCountryRequestTest" assertions="0" time="0.000000">
          <error type="Error">Tests\Unit\Requests\Location\DeleteCountryRequestTest::validation_fails_with_invalid_data
Error: Class "App\Models\User" not found

/www/wwwroot/jobportal.prus.dev/tests/Unit/Requests/Location/DeleteCountryRequestTest.php:38</error>
        </testcase>
        <testcase name="validation_sanitizes_data" file="/www/wwwroot/jobportal.prus.dev/tests/Unit/Requests/Location/DeleteCountryRequestTest.php" line="112" class="Tests\Unit\Requests\Location\DeleteCountryRequestTest" classname="Tests.Unit.Requests.Location.DeleteCountryRequestTest" assertions="0" time="0.000000">
          <error type="Error">Tests\Unit\Requests\Location\DeleteCountryRequestTest::validation_sanitizes_data
Error: Class "App\Models\User" not found

/www/wwwroot/jobportal.prus.dev/tests/Unit/Requests/Location/DeleteCountryRequestTest.php:38</error>
        </testcase>
        <testcase name="has_proper_error_messages" file="/www/wwwroot/jobportal.prus.dev/tests/Unit/Requests/Location/DeleteCountryRequestTest.php" line="127" class="Tests\Unit\Requests\Location\DeleteCountryRequestTest" classname="Tests.Unit.Requests.Location.DeleteCountryRequestTest" assertions="0" time="0.000000">
          <error type="Error">Tests\Unit\Requests\Location\DeleteCountryRequestTest::has_proper_error_messages
Error: Class "App\Models\User" not found

/www/wwwroot/jobportal.prus.dev/tests/Unit/Requests/Location/DeleteCountryRequestTest.php:38</error>
        </testcase>
        <testcase name="has_proper_field_attributes" file="/www/wwwroot/jobportal.prus.dev/tests/Unit/Requests/Location/DeleteCountryRequestTest.php" line="137" class="Tests\Unit\Requests\Location\DeleteCountryRequestTest" classname="Tests.Unit.Requests.Location.DeleteCountryRequestTest" assertions="0" time="0.000000">
          <error type="Error">Tests\Unit\Requests\Location\DeleteCountryRequestTest::has_proper_field_attributes
Error: Class "App\Models\User" not found

/www/wwwroot/jobportal.prus.dev/tests/Unit/Requests/Location/DeleteCountryRequestTest.php:38</error>
        </testcase>
      </testsuite>
      <testsuite name="Tests\Unit\Requests\Location\DeleteStateRequestTest" file="/www/wwwroot/jobportal.prus.dev/tests/Unit/Requests/Location/DeleteStateRequestTest.php" tests="8" assertions="0" errors="8" failures="0" skipped="0" time="0.000000">
        <testcase name="admin_is_authorized" file="/www/wwwroot/jobportal.prus.dev/tests/Unit/Requests/Location/DeleteStateRequestTest.php" line="50" class="Tests\Unit\Requests\Location\DeleteStateRequestTest" classname="Tests.Unit.Requests.Location.DeleteStateRequestTest" assertions="0" time="0.000000">
          <error type="Error">Tests\Unit\Requests\Location\DeleteStateRequestTest::admin_is_authorized
Error: Class "App\Models\User" not found

/www/wwwroot/jobportal.prus.dev/tests/Unit/Requests/Location/DeleteStateRequestTest.php:39</error>
        </testcase>
        <testcase name="employer_is_authorized" file="/www/wwwroot/jobportal.prus.dev/tests/Unit/Requests/Location/DeleteStateRequestTest.php" line="61" class="Tests\Unit\Requests\Location\DeleteStateRequestTest" classname="Tests.Unit.Requests.Location.DeleteStateRequestTest" assertions="0" time="0.000000">
          <error type="Error">Tests\Unit\Requests\Location\DeleteStateRequestTest::employer_is_authorized
Error: Class "App\Models\User" not found

/www/wwwroot/jobportal.prus.dev/tests/Unit/Requests/Location/DeleteStateRequestTest.php:39</error>
        </testcase>
        <testcase name="candidate_is_not_authorized" file="/www/wwwroot/jobportal.prus.dev/tests/Unit/Requests/Location/DeleteStateRequestTest.php" line="72" class="Tests\Unit\Requests\Location\DeleteStateRequestTest" classname="Tests.Unit.Requests.Location.DeleteStateRequestTest" assertions="0" time="0.000000">
          <error type="Error">Tests\Unit\Requests\Location\DeleteStateRequestTest::candidate_is_not_authorized
Error: Class "App\Models\User" not found

/www/wwwroot/jobportal.prus.dev/tests/Unit/Requests/Location/DeleteStateRequestTest.php:39</error>
        </testcase>
        <testcase name="validation_passes_with_valid_data" file="/www/wwwroot/jobportal.prus.dev/tests/Unit/Requests/Location/DeleteStateRequestTest.php" line="83" class="Tests\Unit\Requests\Location\DeleteStateRequestTest" classname="Tests.Unit.Requests.Location.DeleteStateRequestTest" assertions="0" time="0.000000">
          <error type="Error">Tests\Unit\Requests\Location\DeleteStateRequestTest::validation_passes_with_valid_data
Error: Class "App\Models\User" not found

/www/wwwroot/jobportal.prus.dev/tests/Unit/Requests/Location/DeleteStateRequestTest.php:39</error>
        </testcase>
        <testcase name="validation_fails_with_invalid_data" file="/www/wwwroot/jobportal.prus.dev/tests/Unit/Requests/Location/DeleteStateRequestTest.php" line="103" class="Tests\Unit\Requests\Location\DeleteStateRequestTest" classname="Tests.Unit.Requests.Location.DeleteStateRequestTest" assertions="0" time="0.000000">
          <error type="Error">Tests\Unit\Requests\Location\DeleteStateRequestTest::validation_fails_with_invalid_data
Error: Class "App\Models\User" not found

/www/wwwroot/jobportal.prus.dev/tests/Unit/Requests/Location/DeleteStateRequestTest.php:39</error>
        </testcase>
        <testcase name="validation_sanitizes_data" file="/www/wwwroot/jobportal.prus.dev/tests/Unit/Requests/Location/DeleteStateRequestTest.php" line="117" class="Tests\Unit\Requests\Location\DeleteStateRequestTest" classname="Tests.Unit.Requests.Location.DeleteStateRequestTest" assertions="0" time="0.000000">
          <error type="Error">Tests\Unit\Requests\Location\DeleteStateRequestTest::validation_sanitizes_data
Error: Class "App\Models\User" not found

/www/wwwroot/jobportal.prus.dev/tests/Unit/Requests/Location/DeleteStateRequestTest.php:39</error>
        </testcase>
        <testcase name="has_proper_error_messages" file="/www/wwwroot/jobportal.prus.dev/tests/Unit/Requests/Location/DeleteStateRequestTest.php" line="132" class="Tests\Unit\Requests\Location\DeleteStateRequestTest" classname="Tests.Unit.Requests.Location.DeleteStateRequestTest" assertions="0" time="0.000000">
          <error type="Error">Tests\Unit\Requests\Location\DeleteStateRequestTest::has_proper_error_messages
Error: Class "App\Models\User" not found

/www/wwwroot/jobportal.prus.dev/tests/Unit/Requests/Location/DeleteStateRequestTest.php:39</error>
        </testcase>
        <testcase name="has_proper_field_attributes" file="/www/wwwroot/jobportal.prus.dev/tests/Unit/Requests/Location/DeleteStateRequestTest.php" line="142" class="Tests\Unit\Requests\Location\DeleteStateRequestTest" classname="Tests.Unit.Requests.Location.DeleteStateRequestTest" assertions="0" time="0.000000">
          <error type="Error">Tests\Unit\Requests\Location\DeleteStateRequestTest::has_proper_field_attributes
Error: Class "App\Models\User" not found

/www/wwwroot/jobportal.prus.dev/tests/Unit/Requests/Location/DeleteStateRequestTest.php:39</error>
        </testcase>
      </testsuite>
      <testsuite name="Tests\Unit\Requests\Location\StoreCityRequestTest" file="/www/wwwroot/jobportal.prus.dev/tests/Unit/Requests/Location/StoreCityRequestTest.php" tests="8" assertions="0" errors="8" failures="0" skipped="0" time="0.000000">
        <testcase name="admin_is_authorized" file="/www/wwwroot/jobportal.prus.dev/tests/Unit/Requests/Location/StoreCityRequestTest.php" line="51" class="Tests\Unit\Requests\Location\StoreCityRequestTest" classname="Tests.Unit.Requests.Location.StoreCityRequestTest" assertions="0" time="0.000000">
          <error type="Error">Tests\Unit\Requests\Location\StoreCityRequestTest::admin_is_authorized
Error: Class "App\Models\User" not found

/www/wwwroot/jobportal.prus.dev/tests/Unit/Requests/Location/StoreCityRequestTest.php:40</error>
        </testcase>
        <testcase name="employer_is_authorized" file="/www/wwwroot/jobportal.prus.dev/tests/Unit/Requests/Location/StoreCityRequestTest.php" line="62" class="Tests\Unit\Requests\Location\StoreCityRequestTest" classname="Tests.Unit.Requests.Location.StoreCityRequestTest" assertions="0" time="0.000000">
          <error type="Error">Tests\Unit\Requests\Location\StoreCityRequestTest::employer_is_authorized
Error: Class "App\Models\User" not found

/www/wwwroot/jobportal.prus.dev/tests/Unit/Requests/Location/StoreCityRequestTest.php:40</error>
        </testcase>
        <testcase name="candidate_is_not_authorized" file="/www/wwwroot/jobportal.prus.dev/tests/Unit/Requests/Location/StoreCityRequestTest.php" line="73" class="Tests\Unit\Requests\Location\StoreCityRequestTest" classname="Tests.Unit.Requests.Location.StoreCityRequestTest" assertions="0" time="0.000000">
          <error type="Error">Tests\Unit\Requests\Location\StoreCityRequestTest::candidate_is_not_authorized
Error: Class "App\Models\User" not found

/www/wwwroot/jobportal.prus.dev/tests/Unit/Requests/Location/StoreCityRequestTest.php:40</error>
        </testcase>
        <testcase name="validation_passes_with_valid_data" file="/www/wwwroot/jobportal.prus.dev/tests/Unit/Requests/Location/StoreCityRequestTest.php" line="84" class="Tests\Unit\Requests\Location\StoreCityRequestTest" classname="Tests.Unit.Requests.Location.StoreCityRequestTest" assertions="0" time="0.000000">
          <error type="Error">Tests\Unit\Requests\Location\StoreCityRequestTest::validation_passes_with_valid_data
Error: Class "App\Models\User" not found

/www/wwwroot/jobportal.prus.dev/tests/Unit/Requests/Location/StoreCityRequestTest.php:40</error>
        </testcase>
        <testcase name="validation_fails_with_invalid_data" file="/www/wwwroot/jobportal.prus.dev/tests/Unit/Requests/Location/StoreCityRequestTest.php" line="108" class="Tests\Unit\Requests\Location\StoreCityRequestTest" classname="Tests.Unit.Requests.Location.StoreCityRequestTest" assertions="0" time="0.000000">
          <error type="Error">Tests\Unit\Requests\Location\StoreCityRequestTest::validation_fails_with_invalid_data
Error: Class "App\Models\User" not found

/www/wwwroot/jobportal.prus.dev/tests/Unit/Requests/Location/StoreCityRequestTest.php:40</error>
        </testcase>
        <testcase name="validation_sanitizes_data" file="/www/wwwroot/jobportal.prus.dev/tests/Unit/Requests/Location/StoreCityRequestTest.php" line="122" class="Tests\Unit\Requests\Location\StoreCityRequestTest" classname="Tests.Unit.Requests.Location.StoreCityRequestTest" assertions="0" time="0.000000">
          <error type="Error">Tests\Unit\Requests\Location\StoreCityRequestTest::validation_sanitizes_data
Error: Class "App\Models\User" not found

/www/wwwroot/jobportal.prus.dev/tests/Unit/Requests/Location/StoreCityRequestTest.php:40</error>
        </testcase>
        <testcase name="has_proper_error_messages" file="/www/wwwroot/jobportal.prus.dev/tests/Unit/Requests/Location/StoreCityRequestTest.php" line="137" class="Tests\Unit\Requests\Location\StoreCityRequestTest" classname="Tests.Unit.Requests.Location.StoreCityRequestTest" assertions="0" time="0.000000">
          <error type="Error">Tests\Unit\Requests\Location\StoreCityRequestTest::has_proper_error_messages
Error: Class "App\Models\User" not found

/www/wwwroot/jobportal.prus.dev/tests/Unit/Requests/Location/StoreCityRequestTest.php:40</error>
        </testcase>
        <testcase name="has_proper_field_attributes" file="/www/wwwroot/jobportal.prus.dev/tests/Unit/Requests/Location/StoreCityRequestTest.php" line="147" class="Tests\Unit\Requests\Location\StoreCityRequestTest" classname="Tests.Unit.Requests.Location.StoreCityRequestTest" assertions="0" time="0.000000">
          <error type="Error">Tests\Unit\Requests\Location\StoreCityRequestTest::has_proper_field_attributes
Error: Class "App\Models\User" not found

/www/wwwroot/jobportal.prus.dev/tests/Unit/Requests/Location/StoreCityRequestTest.php:40</error>
        </testcase>
      </testsuite>
      <testsuite name="Tests\Unit\Requests\Location\StoreCountryRequestTest" file="/www/wwwroot/jobportal.prus.dev/tests/Unit/Requests/Location/StoreCountryRequestTest.php" tests="8" assertions="0" errors="8" failures="0" skipped="0" time="0.000000">
        <testcase name="admin_is_authorized" file="/www/wwwroot/jobportal.prus.dev/tests/Unit/Requests/Location/StoreCountryRequestTest.php" line="49" class="Tests\Unit\Requests\Location\StoreCountryRequestTest" classname="Tests.Unit.Requests.Location.StoreCountryRequestTest" assertions="0" time="0.000000">
          <error type="Error">Tests\Unit\Requests\Location\StoreCountryRequestTest::admin_is_authorized
Error: Class "App\Models\User" not found

/www/wwwroot/jobportal.prus.dev/tests/Unit/Requests/Location/StoreCountryRequestTest.php:38</error>
        </testcase>
        <testcase name="employer_is_authorized" file="/www/wwwroot/jobportal.prus.dev/tests/Unit/Requests/Location/StoreCountryRequestTest.php" line="60" class="Tests\Unit\Requests\Location\StoreCountryRequestTest" classname="Tests.Unit.Requests.Location.StoreCountryRequestTest" assertions="0" time="0.000000">
          <error type="Error">Tests\Unit\Requests\Location\StoreCountryRequestTest::employer_is_authorized
Error: Class "App\Models\User" not found

/www/wwwroot/jobportal.prus.dev/tests/Unit/Requests/Location/StoreCountryRequestTest.php:38</error>
        </testcase>
        <testcase name="candidate_is_not_authorized" file="/www/wwwroot/jobportal.prus.dev/tests/Unit/Requests/Location/StoreCountryRequestTest.php" line="71" class="Tests\Unit\Requests\Location\StoreCountryRequestTest" classname="Tests.Unit.Requests.Location.StoreCountryRequestTest" assertions="0" time="0.000000">
          <error type="Error">Tests\Unit\Requests\Location\StoreCountryRequestTest::candidate_is_not_authorized
Error: Class "App\Models\User" not found

/www/wwwroot/jobportal.prus.dev/tests/Unit/Requests/Location/StoreCountryRequestTest.php:38</error>
        </testcase>
        <testcase name="validation_passes_with_valid_data" file="/www/wwwroot/jobportal.prus.dev/tests/Unit/Requests/Location/StoreCountryRequestTest.php" line="82" class="Tests\Unit\Requests\Location\StoreCountryRequestTest" classname="Tests.Unit.Requests.Location.StoreCountryRequestTest" assertions="0" time="0.000000">
          <error type="Error">Tests\Unit\Requests\Location\StoreCountryRequestTest::validation_passes_with_valid_data
Error: Class "App\Models\User" not found

/www/wwwroot/jobportal.prus.dev/tests/Unit/Requests/Location/StoreCountryRequestTest.php:38</error>
        </testcase>
        <testcase name="validation_fails_with_invalid_data" file="/www/wwwroot/jobportal.prus.dev/tests/Unit/Requests/Location/StoreCountryRequestTest.php" line="98" class="Tests\Unit\Requests\Location\StoreCountryRequestTest" classname="Tests.Unit.Requests.Location.StoreCountryRequestTest" assertions="0" time="0.000000">
          <error type="Error">Tests\Unit\Requests\Location\StoreCountryRequestTest::validation_fails_with_invalid_data
Error: Class "App\Models\User" not found

/www/wwwroot/jobportal.prus.dev/tests/Unit/Requests/Location/StoreCountryRequestTest.php:38</error>
        </testcase>
        <testcase name="validation_sanitizes_data" file="/www/wwwroot/jobportal.prus.dev/tests/Unit/Requests/Location/StoreCountryRequestTest.php" line="112" class="Tests\Unit\Requests\Location\StoreCountryRequestTest" classname="Tests.Unit.Requests.Location.StoreCountryRequestTest" assertions="0" time="0.000000">
          <error type="Error">Tests\Unit\Requests\Location\StoreCountryRequestTest::validation_sanitizes_data
Error: Class "App\Models\User" not found

/www/wwwroot/jobportal.prus.dev/tests/Unit/Requests/Location/StoreCountryRequestTest.php:38</error>
        </testcase>
        <testcase name="has_proper_error_messages" file="/www/wwwroot/jobportal.prus.dev/tests/Unit/Requests/Location/StoreCountryRequestTest.php" line="127" class="Tests\Unit\Requests\Location\StoreCountryRequestTest" classname="Tests.Unit.Requests.Location.StoreCountryRequestTest" assertions="0" time="0.000000">
          <error type="Error">Tests\Unit\Requests\Location\StoreCountryRequestTest::has_proper_error_messages
Error: Class "App\Models\User" not found

/www/wwwroot/jobportal.prus.dev/tests/Unit/Requests/Location/StoreCountryRequestTest.php:38</error>
        </testcase>
        <testcase name="has_proper_field_attributes" file="/www/wwwroot/jobportal.prus.dev/tests/Unit/Requests/Location/StoreCountryRequestTest.php" line="137" class="Tests\Unit\Requests\Location\StoreCountryRequestTest" classname="Tests.Unit.Requests.Location.StoreCountryRequestTest" assertions="0" time="0.000000">
          <error type="Error">Tests\Unit\Requests\Location\StoreCountryRequestTest::has_proper_field_attributes
Error: Class "App\Models\User" not found

/www/wwwroot/jobportal.prus.dev/tests/Unit/Requests/Location/StoreCountryRequestTest.php:38</error>
        </testcase>
      </testsuite>
      <testsuite name="Tests\Unit\Requests\Location\StoreStateRequestTest" file="/www/wwwroot/jobportal.prus.dev/tests/Unit/Requests/Location/StoreStateRequestTest.php" tests="8" assertions="0" errors="8" failures="0" skipped="0" time="0.000000">
        <testcase name="admin_is_authorized" file="/www/wwwroot/jobportal.prus.dev/tests/Unit/Requests/Location/StoreStateRequestTest.php" line="50" class="Tests\Unit\Requests\Location\StoreStateRequestTest" classname="Tests.Unit.Requests.Location.StoreStateRequestTest" assertions="0" time="0.000000">
          <error type="Error">Tests\Unit\Requests\Location\StoreStateRequestTest::admin_is_authorized
Error: Class "App\Models\User" not found

/www/wwwroot/jobportal.prus.dev/tests/Unit/Requests/Location/StoreStateRequestTest.php:39</error>
        </testcase>
        <testcase name="employer_is_authorized" file="/www/wwwroot/jobportal.prus.dev/tests/Unit/Requests/Location/StoreStateRequestTest.php" line="61" class="Tests\Unit\Requests\Location\StoreStateRequestTest" classname="Tests.Unit.Requests.Location.StoreStateRequestTest" assertions="0" time="0.000000">
          <error type="Error">Tests\Unit\Requests\Location\StoreStateRequestTest::employer_is_authorized
Error: Class "App\Models\User" not found

/www/wwwroot/jobportal.prus.dev/tests/Unit/Requests/Location/StoreStateRequestTest.php:39</error>
        </testcase>
        <testcase name="candidate_is_not_authorized" file="/www/wwwroot/jobportal.prus.dev/tests/Unit/Requests/Location/StoreStateRequestTest.php" line="72" class="Tests\Unit\Requests\Location\StoreStateRequestTest" classname="Tests.Unit.Requests.Location.StoreStateRequestTest" assertions="0" time="0.000000">
          <error type="Error">Tests\Unit\Requests\Location\StoreStateRequestTest::candidate_is_not_authorized
Error: Class "App\Models\User" not found

/www/wwwroot/jobportal.prus.dev/tests/Unit/Requests/Location/StoreStateRequestTest.php:39</error>
        </testcase>
        <testcase name="validation_passes_with_valid_data" file="/www/wwwroot/jobportal.prus.dev/tests/Unit/Requests/Location/StoreStateRequestTest.php" line="83" class="Tests\Unit\Requests\Location\StoreStateRequestTest" classname="Tests.Unit.Requests.Location.StoreStateRequestTest" assertions="0" time="0.000000">
          <error type="Error">Tests\Unit\Requests\Location\StoreStateRequestTest::validation_passes_with_valid_data
Error: Class "App\Models\User" not found

/www/wwwroot/jobportal.prus.dev/tests/Unit/Requests/Location/StoreStateRequestTest.php:39</error>
        </testcase>
        <testcase name="validation_fails_with_invalid_data" file="/www/wwwroot/jobportal.prus.dev/tests/Unit/Requests/Location/StoreStateRequestTest.php" line="103" class="Tests\Unit\Requests\Location\StoreStateRequestTest" classname="Tests.Unit.Requests.Location.StoreStateRequestTest" assertions="0" time="0.000000">
          <error type="Error">Tests\Unit\Requests\Location\StoreStateRequestTest::validation_fails_with_invalid_data
Error: Class "App\Models\User" not found

/www/wwwroot/jobportal.prus.dev/tests/Unit/Requests/Location/StoreStateRequestTest.php:39</error>
        </testcase>
        <testcase name="validation_sanitizes_data" file="/www/wwwroot/jobportal.prus.dev/tests/Unit/Requests/Location/StoreStateRequestTest.php" line="117" class="Tests\Unit\Requests\Location\StoreStateRequestTest" classname="Tests.Unit.Requests.Location.StoreStateRequestTest" assertions="0" time="0.000000">
          <error type="Error">Tests\Unit\Requests\Location\StoreStateRequestTest::validation_sanitizes_data
Error: Class "App\Models\User" not found

/www/wwwroot/jobportal.prus.dev/tests/Unit/Requests/Location/StoreStateRequestTest.php:39</error>
        </testcase>
        <testcase name="has_proper_error_messages" file="/www/wwwroot/jobportal.prus.dev/tests/Unit/Requests/Location/StoreStateRequestTest.php" line="132" class="Tests\Unit\Requests\Location\StoreStateRequestTest" classname="Tests.Unit.Requests.Location.StoreStateRequestTest" assertions="0" time="0.000000">
          <error type="Error">Tests\Unit\Requests\Location\StoreStateRequestTest::has_proper_error_messages
Error: Class "App\Models\User" not found

/www/wwwroot/jobportal.prus.dev/tests/Unit/Requests/Location/StoreStateRequestTest.php:39</error>
        </testcase>
        <testcase name="has_proper_field_attributes" file="/www/wwwroot/jobportal.prus.dev/tests/Unit/Requests/Location/StoreStateRequestTest.php" line="142" class="Tests\Unit\Requests\Location\StoreStateRequestTest" classname="Tests.Unit.Requests.Location.StoreStateRequestTest" assertions="0" time="0.000000">
          <error type="Error">Tests\Unit\Requests\Location\StoreStateRequestTest::has_proper_field_attributes
Error: Class "App\Models\User" not found

/www/wwwroot/jobportal.prus.dev/tests/Unit/Requests/Location/StoreStateRequestTest.php:39</error>
        </testcase>
      </testsuite>
      <testsuite name="Tests\Unit\Requests\Location\UpdateCityRequestTest" file="/www/wwwroot/jobportal.prus.dev/tests/Unit/Requests/Location/UpdateCityRequestTest.php" tests="8" assertions="0" errors="8" failures="0" skipped="0" time="0.000000">
        <testcase name="admin_is_authorized" file="/www/wwwroot/jobportal.prus.dev/tests/Unit/Requests/Location/UpdateCityRequestTest.php" line="51" class="Tests\Unit\Requests\Location\UpdateCityRequestTest" classname="Tests.Unit.Requests.Location.UpdateCityRequestTest" assertions="0" time="0.000000">
          <error type="Error">Tests\Unit\Requests\Location\UpdateCityRequestTest::admin_is_authorized
Error: Class "App\Models\User" not found

/www/wwwroot/jobportal.prus.dev/tests/Unit/Requests/Location/UpdateCityRequestTest.php:40</error>
        </testcase>
        <testcase name="employer_is_authorized" file="/www/wwwroot/jobportal.prus.dev/tests/Unit/Requests/Location/UpdateCityRequestTest.php" line="62" class="Tests\Unit\Requests\Location\UpdateCityRequestTest" classname="Tests.Unit.Requests.Location.UpdateCityRequestTest" assertions="0" time="0.000000">
          <error type="Error">Tests\Unit\Requests\Location\UpdateCityRequestTest::employer_is_authorized
Error: Class "App\Models\User" not found

/www/wwwroot/jobportal.prus.dev/tests/Unit/Requests/Location/UpdateCityRequestTest.php:40</error>
        </testcase>
        <testcase name="candidate_is_not_authorized" file="/www/wwwroot/jobportal.prus.dev/tests/Unit/Requests/Location/UpdateCityRequestTest.php" line="73" class="Tests\Unit\Requests\Location\UpdateCityRequestTest" classname="Tests.Unit.Requests.Location.UpdateCityRequestTest" assertions="0" time="0.000000">
          <error type="Error">Tests\Unit\Requests\Location\UpdateCityRequestTest::candidate_is_not_authorized
Error: Class "App\Models\User" not found

/www/wwwroot/jobportal.prus.dev/tests/Unit/Requests/Location/UpdateCityRequestTest.php:40</error>
        </testcase>
        <testcase name="validation_passes_with_valid_data" file="/www/wwwroot/jobportal.prus.dev/tests/Unit/Requests/Location/UpdateCityRequestTest.php" line="84" class="Tests\Unit\Requests\Location\UpdateCityRequestTest" classname="Tests.Unit.Requests.Location.UpdateCityRequestTest" assertions="0" time="0.000000">
          <error type="Error">Tests\Unit\Requests\Location\UpdateCityRequestTest::validation_passes_with_valid_data
Error: Class "App\Models\User" not found

/www/wwwroot/jobportal.prus.dev/tests/Unit/Requests/Location/UpdateCityRequestTest.php:40</error>
        </testcase>
        <testcase name="validation_fails_with_invalid_data" file="/www/wwwroot/jobportal.prus.dev/tests/Unit/Requests/Location/UpdateCityRequestTest.php" line="108" class="Tests\Unit\Requests\Location\UpdateCityRequestTest" classname="Tests.Unit.Requests.Location.UpdateCityRequestTest" assertions="0" time="0.000000">
          <error type="Error">Tests\Unit\Requests\Location\UpdateCityRequestTest::validation_fails_with_invalid_data
Error: Class "App\Models\User" not found

/www/wwwroot/jobportal.prus.dev/tests/Unit/Requests/Location/UpdateCityRequestTest.php:40</error>
        </testcase>
        <testcase name="validation_sanitizes_data" file="/www/wwwroot/jobportal.prus.dev/tests/Unit/Requests/Location/UpdateCityRequestTest.php" line="122" class="Tests\Unit\Requests\Location\UpdateCityRequestTest" classname="Tests.Unit.Requests.Location.UpdateCityRequestTest" assertions="0" time="0.000000">
          <error type="Error">Tests\Unit\Requests\Location\UpdateCityRequestTest::validation_sanitizes_data
Error: Class "App\Models\User" not found

/www/wwwroot/jobportal.prus.dev/tests/Unit/Requests/Location/UpdateCityRequestTest.php:40</error>
        </testcase>
        <testcase name="has_proper_error_messages" file="/www/wwwroot/jobportal.prus.dev/tests/Unit/Requests/Location/UpdateCityRequestTest.php" line="137" class="Tests\Unit\Requests\Location\UpdateCityRequestTest" classname="Tests.Unit.Requests.Location.UpdateCityRequestTest" assertions="0" time="0.000000">
          <error type="Error">Tests\Unit\Requests\Location\UpdateCityRequestTest::has_proper_error_messages
Error: Class "App\Models\User" not found

/www/wwwroot/jobportal.prus.dev/tests/Unit/Requests/Location/UpdateCityRequestTest.php:40</error>
        </testcase>
        <testcase name="has_proper_field_attributes" file="/www/wwwroot/jobportal.prus.dev/tests/Unit/Requests/Location/UpdateCityRequestTest.php" line="147" class="Tests\Unit\Requests\Location\UpdateCityRequestTest" classname="Tests.Unit.Requests.Location.UpdateCityRequestTest" assertions="0" time="0.000000">
          <error type="Error">Tests\Unit\Requests\Location\UpdateCityRequestTest::has_proper_field_attributes
Error: Class "App\Models\User" not found

/www/wwwroot/jobportal.prus.dev/tests/Unit/Requests/Location/UpdateCityRequestTest.php:40</error>
        </testcase>
      </testsuite>
      <testsuite name="Tests\Unit\Requests\Location\UpdateCountryRequestTest" file="/www/wwwroot/jobportal.prus.dev/tests/Unit/Requests/Location/UpdateCountryRequestTest.php" tests="8" assertions="0" errors="8" failures="0" skipped="0" time="0.000000">
        <testcase name="admin_is_authorized" file="/www/wwwroot/jobportal.prus.dev/tests/Unit/Requests/Location/UpdateCountryRequestTest.php" line="49" class="Tests\Unit\Requests\Location\UpdateCountryRequestTest" classname="Tests.Unit.Requests.Location.UpdateCountryRequestTest" assertions="0" time="0.000000">
          <error type="Error">Tests\Unit\Requests\Location\UpdateCountryRequestTest::admin_is_authorized
Error: Class "App\Models\User" not found

/www/wwwroot/jobportal.prus.dev/tests/Unit/Requests/Location/UpdateCountryRequestTest.php:38</error>
        </testcase>
        <testcase name="employer_is_authorized" file="/www/wwwroot/jobportal.prus.dev/tests/Unit/Requests/Location/UpdateCountryRequestTest.php" line="60" class="Tests\Unit\Requests\Location\UpdateCountryRequestTest" classname="Tests.Unit.Requests.Location.UpdateCountryRequestTest" assertions="0" time="0.000000">
          <error type="Error">Tests\Unit\Requests\Location\UpdateCountryRequestTest::employer_is_authorized
Error: Class "App\Models\User" not found

/www/wwwroot/jobportal.prus.dev/tests/Unit/Requests/Location/UpdateCountryRequestTest.php:38</error>
        </testcase>
        <testcase name="candidate_is_not_authorized" file="/www/wwwroot/jobportal.prus.dev/tests/Unit/Requests/Location/UpdateCountryRequestTest.php" line="71" class="Tests\Unit\Requests\Location\UpdateCountryRequestTest" classname="Tests.Unit.Requests.Location.UpdateCountryRequestTest" assertions="0" time="0.000000">
          <error type="Error">Tests\Unit\Requests\Location\UpdateCountryRequestTest::candidate_is_not_authorized
Error: Class "App\Models\User" not found

/www/wwwroot/jobportal.prus.dev/tests/Unit/Requests/Location/UpdateCountryRequestTest.php:38</error>
        </testcase>
        <testcase name="validation_passes_with_valid_data" file="/www/wwwroot/jobportal.prus.dev/tests/Unit/Requests/Location/UpdateCountryRequestTest.php" line="82" class="Tests\Unit\Requests\Location\UpdateCountryRequestTest" classname="Tests.Unit.Requests.Location.UpdateCountryRequestTest" assertions="0" time="0.000000">
          <error type="Error">Tests\Unit\Requests\Location\UpdateCountryRequestTest::validation_passes_with_valid_data
Error: Class "App\Models\User" not found

/www/wwwroot/jobportal.prus.dev/tests/Unit/Requests/Location/UpdateCountryRequestTest.php:38</error>
        </testcase>
        <testcase name="validation_fails_with_invalid_data" file="/www/wwwroot/jobportal.prus.dev/tests/Unit/Requests/Location/UpdateCountryRequestTest.php" line="98" class="Tests\Unit\Requests\Location\UpdateCountryRequestTest" classname="Tests.Unit.Requests.Location.UpdateCountryRequestTest" assertions="0" time="0.000000">
          <error type="Error">Tests\Unit\Requests\Location\UpdateCountryRequestTest::validation_fails_with_invalid_data
Error: Class "App\Models\User" not found

/www/wwwroot/jobportal.prus.dev/tests/Unit/Requests/Location/UpdateCountryRequestTest.php:38</error>
        </testcase>
        <testcase name="validation_sanitizes_data" file="/www/wwwroot/jobportal.prus.dev/tests/Unit/Requests/Location/UpdateCountryRequestTest.php" line="112" class="Tests\Unit\Requests\Location\UpdateCountryRequestTest" classname="Tests.Unit.Requests.Location.UpdateCountryRequestTest" assertions="0" time="0.000000">
          <error type="Error">Tests\Unit\Requests\Location\UpdateCountryRequestTest::validation_sanitizes_data
Error: Class "App\Models\User" not found

/www/wwwroot/jobportal.prus.dev/tests/Unit/Requests/Location/UpdateCountryRequestTest.php:38</error>
        </testcase>
        <testcase name="has_proper_error_messages" file="/www/wwwroot/jobportal.prus.dev/tests/Unit/Requests/Location/UpdateCountryRequestTest.php" line="127" class="Tests\Unit\Requests\Location\UpdateCountryRequestTest" classname="Tests.Unit.Requests.Location.UpdateCountryRequestTest" assertions="0" time="0.000000">
          <error type="Error">Tests\Unit\Requests\Location\UpdateCountryRequestTest::has_proper_error_messages
Error: Class "App\Models\User" not found

/www/wwwroot/jobportal.prus.dev/tests/Unit/Requests/Location/UpdateCountryRequestTest.php:38</error>
        </testcase>
        <testcase name="has_proper_field_attributes" file="/www/wwwroot/jobportal.prus.dev/tests/Unit/Requests/Location/UpdateCountryRequestTest.php" line="137" class="Tests\Unit\Requests\Location\UpdateCountryRequestTest" classname="Tests.Unit.Requests.Location.UpdateCountryRequestTest" assertions="0" time="0.000000">
          <error type="Error">Tests\Unit\Requests\Location\UpdateCountryRequestTest::has_proper_field_attributes
Error: Class "App\Models\User" not found

/www/wwwroot/jobportal.prus.dev/tests/Unit/Requests/Location/UpdateCountryRequestTest.php:38</error>
        </testcase>
      </testsuite>
      <testsuite name="Tests\Unit\Requests\Location\UpdateStateRequestTest" file="/www/wwwroot/jobportal.prus.dev/tests/Unit/Requests/Location/UpdateStateRequestTest.php" tests="8" assertions="0" errors="8" failures="0" skipped="0" time="0.000000">
        <testcase name="admin_is_authorized" file="/www/wwwroot/jobportal.prus.dev/tests/Unit/Requests/Location/UpdateStateRequestTest.php" line="50" class="Tests\Unit\Requests\Location\UpdateStateRequestTest" classname="Tests.Unit.Requests.Location.UpdateStateRequestTest" assertions="0" time="0.000000">
          <error type="Error">Tests\Unit\Requests\Location\UpdateStateRequestTest::admin_is_authorized
Error: Class "App\Models\User" not found

/www/wwwroot/jobportal.prus.dev/tests/Unit/Requests/Location/UpdateStateRequestTest.php:39</error>
        </testcase>
        <testcase name="employer_is_authorized" file="/www/wwwroot/jobportal.prus.dev/tests/Unit/Requests/Location/UpdateStateRequestTest.php" line="61" class="Tests\Unit\Requests\Location\UpdateStateRequestTest" classname="Tests.Unit.Requests.Location.UpdateStateRequestTest" assertions="0" time="0.000000">
          <error type="Error">Tests\Unit\Requests\Location\UpdateStateRequestTest::employer_is_authorized
Error: Class "App\Models\User" not found

/www/wwwroot/jobportal.prus.dev/tests/Unit/Requests/Location/UpdateStateRequestTest.php:39</error>
        </testcase>
        <testcase name="candidate_is_not_authorized" file="/www/wwwroot/jobportal.prus.dev/tests/Unit/Requests/Location/UpdateStateRequestTest.php" line="72" class="Tests\Unit\Requests\Location\UpdateStateRequestTest" classname="Tests.Unit.Requests.Location.UpdateStateRequestTest" assertions="0" time="0.000000">
          <error type="Error">Tests\Unit\Requests\Location\UpdateStateRequestTest::candidate_is_not_authorized
Error: Class "App\Models\User" not found

/www/wwwroot/jobportal.prus.dev/tests/Unit/Requests/Location/UpdateStateRequestTest.php:39</error>
        </testcase>
        <testcase name="validation_passes_with_valid_data" file="/www/wwwroot/jobportal.prus.dev/tests/Unit/Requests/Location/UpdateStateRequestTest.php" line="83" class="Tests\Unit\Requests\Location\UpdateStateRequestTest" classname="Tests.Unit.Requests.Location.UpdateStateRequestTest" assertions="0" time="0.000000">
          <error type="Error">Tests\Unit\Requests\Location\UpdateStateRequestTest::validation_passes_with_valid_data
Error: Class "App\Models\User" not found

/www/wwwroot/jobportal.prus.dev/tests/Unit/Requests/Location/UpdateStateRequestTest.php:39</error>
        </testcase>
        <testcase name="validation_fails_with_invalid_data" file="/www/wwwroot/jobportal.prus.dev/tests/Unit/Requests/Location/UpdateStateRequestTest.php" line="103" class="Tests\Unit\Requests\Location\UpdateStateRequestTest" classname="Tests.Unit.Requests.Location.UpdateStateRequestTest" assertions="0" time="0.000000">
          <error type="Error">Tests\Unit\Requests\Location\UpdateStateRequestTest::validation_fails_with_invalid_data
Error: Class "App\Models\User" not found

/www/wwwroot/jobportal.prus.dev/tests/Unit/Requests/Location/UpdateStateRequestTest.php:39</error>
        </testcase>
        <testcase name="validation_sanitizes_data" file="/www/wwwroot/jobportal.prus.dev/tests/Unit/Requests/Location/UpdateStateRequestTest.php" line="117" class="Tests\Unit\Requests\Location\UpdateStateRequestTest" classname="Tests.Unit.Requests.Location.UpdateStateRequestTest" assertions="0" time="0.000000">
          <error type="Error">Tests\Unit\Requests\Location\UpdateStateRequestTest::validation_sanitizes_data
Error: Class "App\Models\User" not found

/www/wwwroot/jobportal.prus.dev/tests/Unit/Requests/Location/UpdateStateRequestTest.php:39</error>
        </testcase>
        <testcase name="has_proper_error_messages" file="/www/wwwroot/jobportal.prus.dev/tests/Unit/Requests/Location/UpdateStateRequestTest.php" line="132" class="Tests\Unit\Requests\Location\UpdateStateRequestTest" classname="Tests.Unit.Requests.Location.UpdateStateRequestTest" assertions="0" time="0.000000">
          <error type="Error">Tests\Unit\Requests\Location\UpdateStateRequestTest::has_proper_error_messages
Error: Class "App\Models\User" not found

/www/wwwroot/jobportal.prus.dev/tests/Unit/Requests/Location/UpdateStateRequestTest.php:39</error>
        </testcase>
        <testcase name="has_proper_field_attributes" file="/www/wwwroot/jobportal.prus.dev/tests/Unit/Requests/Location/UpdateStateRequestTest.php" line="142" class="Tests\Unit\Requests\Location\UpdateStateRequestTest" classname="Tests.Unit.Requests.Location.UpdateStateRequestTest" assertions="0" time="0.000000">
          <error type="Error">Tests\Unit\Requests\Location\UpdateStateRequestTest::has_proper_field_attributes
Error: Class "App\Models\User" not found

/www/wwwroot/jobportal.prus.dev/tests/Unit/Requests/Location/UpdateStateRequestTest.php:39</error>
        </testcase>
      </testsuite>
      <testsuite name="Tests\Unit\Requests\MasterData\DeleteCareerLevelRequestTest" file="/www/wwwroot/jobportal.prus.dev/tests/Unit/Requests/MasterData/DeleteCareerLevelRequestTest.php" tests="8" assertions="0" errors="8" failures="0" skipped="0" time="0.000000">
        <testcase name="admin_is_authorized" file="/www/wwwroot/jobportal.prus.dev/tests/Unit/Requests/MasterData/DeleteCareerLevelRequestTest.php" line="49" class="Tests\Unit\Requests\MasterData\DeleteCareerLevelRequestTest" classname="Tests.Unit.Requests.MasterData.DeleteCareerLevelRequestTest" assertions="0" time="0.000000">
          <error type="Error">Tests\Unit\Requests\MasterData\DeleteCareerLevelRequestTest::admin_is_authorized
Error: Class "App\Models\User" not found

/www/wwwroot/jobportal.prus.dev/tests/Unit/Requests/MasterData/DeleteCareerLevelRequestTest.php:38</error>
        </testcase>
        <testcase name="employer_is_authorized" file="/www/wwwroot/jobportal.prus.dev/tests/Unit/Requests/MasterData/DeleteCareerLevelRequestTest.php" line="60" class="Tests\Unit\Requests\MasterData\DeleteCareerLevelRequestTest" classname="Tests.Unit.Requests.MasterData.DeleteCareerLevelRequestTest" assertions="0" time="0.000000">
          <error type="Error">Tests\Unit\Requests\MasterData\DeleteCareerLevelRequestTest::employer_is_authorized
Error: Class "App\Models\User" not found

/www/wwwroot/jobportal.prus.dev/tests/Unit/Requests/MasterData/DeleteCareerLevelRequestTest.php:38</error>
        </testcase>
        <testcase name="candidate_is_not_authorized" file="/www/wwwroot/jobportal.prus.dev/tests/Unit/Requests/MasterData/DeleteCareerLevelRequestTest.php" line="71" class="Tests\Unit\Requests\MasterData\DeleteCareerLevelRequestTest" classname="Tests.Unit.Requests.MasterData.DeleteCareerLevelRequestTest" assertions="0" time="0.000000">
          <error type="Error">Tests\Unit\Requests\MasterData\DeleteCareerLevelRequestTest::candidate_is_not_authorized
Error: Class "App\Models\User" not found

/www/wwwroot/jobportal.prus.dev/tests/Unit/Requests/MasterData/DeleteCareerLevelRequestTest.php:38</error>
        </testcase>
        <testcase name="validation_passes_with_valid_data" file="/www/wwwroot/jobportal.prus.dev/tests/Unit/Requests/MasterData/DeleteCareerLevelRequestTest.php" line="82" class="Tests\Unit\Requests\MasterData\DeleteCareerLevelRequestTest" classname="Tests.Unit.Requests.MasterData.DeleteCareerLevelRequestTest" assertions="0" time="0.000000">
          <error type="Error">Tests\Unit\Requests\MasterData\DeleteCareerLevelRequestTest::validation_passes_with_valid_data
Error: Class "App\Models\User" not found

/www/wwwroot/jobportal.prus.dev/tests/Unit/Requests/MasterData/DeleteCareerLevelRequestTest.php:38</error>
        </testcase>
        <testcase name="validation_fails_with_invalid_data" file="/www/wwwroot/jobportal.prus.dev/tests/Unit/Requests/MasterData/DeleteCareerLevelRequestTest.php" line="98" class="Tests\Unit\Requests\MasterData\DeleteCareerLevelRequestTest" classname="Tests.Unit.Requests.MasterData.DeleteCareerLevelRequestTest" assertions="0" time="0.000000">
          <error type="Error">Tests\Unit\Requests\MasterData\DeleteCareerLevelRequestTest::validation_fails_with_invalid_data
Error: Class "App\Models\User" not found

/www/wwwroot/jobportal.prus.dev/tests/Unit/Requests/MasterData/DeleteCareerLevelRequestTest.php:38</error>
        </testcase>
        <testcase name="validation_sanitizes_data" file="/www/wwwroot/jobportal.prus.dev/tests/Unit/Requests/MasterData/DeleteCareerLevelRequestTest.php" line="112" class="Tests\Unit\Requests\MasterData\DeleteCareerLevelRequestTest" classname="Tests.Unit.Requests.MasterData.DeleteCareerLevelRequestTest" assertions="0" time="0.000000">
          <error type="Error">Tests\Unit\Requests\MasterData\DeleteCareerLevelRequestTest::validation_sanitizes_data
Error: Class "App\Models\User" not found

/www/wwwroot/jobportal.prus.dev/tests/Unit/Requests/MasterData/DeleteCareerLevelRequestTest.php:38</error>
        </testcase>
        <testcase name="has_proper_error_messages" file="/www/wwwroot/jobportal.prus.dev/tests/Unit/Requests/MasterData/DeleteCareerLevelRequestTest.php" line="127" class="Tests\Unit\Requests\MasterData\DeleteCareerLevelRequestTest" classname="Tests.Unit.Requests.MasterData.DeleteCareerLevelRequestTest" assertions="0" time="0.000000">
          <error type="Error">Tests\Unit\Requests\MasterData\DeleteCareerLevelRequestTest::has_proper_error_messages
Error: Class "App\Models\User" not found

/www/wwwroot/jobportal.prus.dev/tests/Unit/Requests/MasterData/DeleteCareerLevelRequestTest.php:38</error>
        </testcase>
        <testcase name="has_proper_field_attributes" file="/www/wwwroot/jobportal.prus.dev/tests/Unit/Requests/MasterData/DeleteCareerLevelRequestTest.php" line="137" class="Tests\Unit\Requests\MasterData\DeleteCareerLevelRequestTest" classname="Tests.Unit.Requests.MasterData.DeleteCareerLevelRequestTest" assertions="0" time="0.000000">
          <error type="Error">Tests\Unit\Requests\MasterData\DeleteCareerLevelRequestTest::has_proper_field_attributes
Error: Class "App\Models\User" not found

/www/wwwroot/jobportal.prus.dev/tests/Unit/Requests/MasterData/DeleteCareerLevelRequestTest.php:38</error>
        </testcase>
      </testsuite>
      <testsuite name="Tests\Unit\Requests\MasterData\DeleteCompanySizeRequestTest" file="/www/wwwroot/jobportal.prus.dev/tests/Unit/Requests/MasterData/DeleteCompanySizeRequestTest.php" tests="8" assertions="0" errors="8" failures="0" skipped="0" time="0.000000">
        <testcase name="admin_is_authorized" file="/www/wwwroot/jobportal.prus.dev/tests/Unit/Requests/MasterData/DeleteCompanySizeRequestTest.php" line="49" class="Tests\Unit\Requests\MasterData\DeleteCompanySizeRequestTest" classname="Tests.Unit.Requests.MasterData.DeleteCompanySizeRequestTest" assertions="0" time="0.000000">
          <error type="Error">Tests\Unit\Requests\MasterData\DeleteCompanySizeRequestTest::admin_is_authorized
Error: Class "App\Models\User" not found

/www/wwwroot/jobportal.prus.dev/tests/Unit/Requests/MasterData/DeleteCompanySizeRequestTest.php:38</error>
        </testcase>
        <testcase name="employer_is_authorized" file="/www/wwwroot/jobportal.prus.dev/tests/Unit/Requests/MasterData/DeleteCompanySizeRequestTest.php" line="60" class="Tests\Unit\Requests\MasterData\DeleteCompanySizeRequestTest" classname="Tests.Unit.Requests.MasterData.DeleteCompanySizeRequestTest" assertions="0" time="0.000000">
          <error type="Error">Tests\Unit\Requests\MasterData\DeleteCompanySizeRequestTest::employer_is_authorized
Error: Class "App\Models\User" not found

/www/wwwroot/jobportal.prus.dev/tests/Unit/Requests/MasterData/DeleteCompanySizeRequestTest.php:38</error>
        </testcase>
        <testcase name="candidate_is_not_authorized" file="/www/wwwroot/jobportal.prus.dev/tests/Unit/Requests/MasterData/DeleteCompanySizeRequestTest.php" line="71" class="Tests\Unit\Requests\MasterData\DeleteCompanySizeRequestTest" classname="Tests.Unit.Requests.MasterData.DeleteCompanySizeRequestTest" assertions="0" time="0.000000">
          <error type="Error">Tests\Unit\Requests\MasterData\DeleteCompanySizeRequestTest::candidate_is_not_authorized
Error: Class "App\Models\User" not found

/www/wwwroot/jobportal.prus.dev/tests/Unit/Requests/MasterData/DeleteCompanySizeRequestTest.php:38</error>
        </testcase>
        <testcase name="validation_passes_with_valid_data" file="/www/wwwroot/jobportal.prus.dev/tests/Unit/Requests/MasterData/DeleteCompanySizeRequestTest.php" line="82" class="Tests\Unit\Requests\MasterData\DeleteCompanySizeRequestTest" classname="Tests.Unit.Requests.MasterData.DeleteCompanySizeRequestTest" assertions="0" time="0.000000">
          <error type="Error">Tests\Unit\Requests\MasterData\DeleteCompanySizeRequestTest::validation_passes_with_valid_data
Error: Class "App\Models\User" not found

/www/wwwroot/jobportal.prus.dev/tests/Unit/Requests/MasterData/DeleteCompanySizeRequestTest.php:38</error>
        </testcase>
        <testcase name="validation_fails_with_invalid_data" file="/www/wwwroot/jobportal.prus.dev/tests/Unit/Requests/MasterData/DeleteCompanySizeRequestTest.php" line="98" class="Tests\Unit\Requests\MasterData\DeleteCompanySizeRequestTest" classname="Tests.Unit.Requests.MasterData.DeleteCompanySizeRequestTest" assertions="0" time="0.000000">
          <error type="Error">Tests\Unit\Requests\MasterData\DeleteCompanySizeRequestTest::validation_fails_with_invalid_data
Error: Class "App\Models\User" not found

/www/wwwroot/jobportal.prus.dev/tests/Unit/Requests/MasterData/DeleteCompanySizeRequestTest.php:38</error>
        </testcase>
        <testcase name="validation_sanitizes_data" file="/www/wwwroot/jobportal.prus.dev/tests/Unit/Requests/MasterData/DeleteCompanySizeRequestTest.php" line="112" class="Tests\Unit\Requests\MasterData\DeleteCompanySizeRequestTest" classname="Tests.Unit.Requests.MasterData.DeleteCompanySizeRequestTest" assertions="0" time="0.000000">
          <error type="Error">Tests\Unit\Requests\MasterData\DeleteCompanySizeRequestTest::validation_sanitizes_data
Error: Class "App\Models\User" not found

/www/wwwroot/jobportal.prus.dev/tests/Unit/Requests/MasterData/DeleteCompanySizeRequestTest.php:38</error>
        </testcase>
        <testcase name="has_proper_error_messages" file="/www/wwwroot/jobportal.prus.dev/tests/Unit/Requests/MasterData/DeleteCompanySizeRequestTest.php" line="127" class="Tests\Unit\Requests\MasterData\DeleteCompanySizeRequestTest" classname="Tests.Unit.Requests.MasterData.DeleteCompanySizeRequestTest" assertions="0" time="0.000000">
          <error type="Error">Tests\Unit\Requests\MasterData\DeleteCompanySizeRequestTest::has_proper_error_messages
Error: Class "App\Models\User" not found

/www/wwwroot/jobportal.prus.dev/tests/Unit/Requests/MasterData/DeleteCompanySizeRequestTest.php:38</error>
        </testcase>
        <testcase name="has_proper_field_attributes" file="/www/wwwroot/jobportal.prus.dev/tests/Unit/Requests/MasterData/DeleteCompanySizeRequestTest.php" line="137" class="Tests\Unit\Requests\MasterData\DeleteCompanySizeRequestTest" classname="Tests.Unit.Requests.MasterData.DeleteCompanySizeRequestTest" assertions="0" time="0.000000">
          <error type="Error">Tests\Unit\Requests\MasterData\DeleteCompanySizeRequestTest::has_proper_field_attributes
Error: Class "App\Models\User" not found

/www/wwwroot/jobportal.prus.dev/tests/Unit/Requests/MasterData/DeleteCompanySizeRequestTest.php:38</error>
        </testcase>
      </testsuite>
      <testsuite name="Tests\Unit\Requests\MasterData\DeleteFunctionalAreaRequestTest" file="/www/wwwroot/jobportal.prus.dev/tests/Unit/Requests/MasterData/DeleteFunctionalAreaRequestTest.php" tests="8" assertions="0" errors="8" failures="0" skipped="0" time="0.000000">
        <testcase name="admin_is_authorized" file="/www/wwwroot/jobportal.prus.dev/tests/Unit/Requests/MasterData/DeleteFunctionalAreaRequestTest.php" line="49" class="Tests\Unit\Requests\MasterData\DeleteFunctionalAreaRequestTest" classname="Tests.Unit.Requests.MasterData.DeleteFunctionalAreaRequestTest" assertions="0" time="0.000000">
          <error type="Error">Tests\Unit\Requests\MasterData\DeleteFunctionalAreaRequestTest::admin_is_authorized
Error: Class "App\Models\User" not found

/www/wwwroot/jobportal.prus.dev/tests/Unit/Requests/MasterData/DeleteFunctionalAreaRequestTest.php:38</error>
        </testcase>
        <testcase name="employer_is_authorized" file="/www/wwwroot/jobportal.prus.dev/tests/Unit/Requests/MasterData/DeleteFunctionalAreaRequestTest.php" line="60" class="Tests\Unit\Requests\MasterData\DeleteFunctionalAreaRequestTest" classname="Tests.Unit.Requests.MasterData.DeleteFunctionalAreaRequestTest" assertions="0" time="0.000000">
          <error type="Error">Tests\Unit\Requests\MasterData\DeleteFunctionalAreaRequestTest::employer_is_authorized
Error: Class "App\Models\User" not found

/www/wwwroot/jobportal.prus.dev/tests/Unit/Requests/MasterData/DeleteFunctionalAreaRequestTest.php:38</error>
        </testcase>
        <testcase name="candidate_is_not_authorized" file="/www/wwwroot/jobportal.prus.dev/tests/Unit/Requests/MasterData/DeleteFunctionalAreaRequestTest.php" line="71" class="Tests\Unit\Requests\MasterData\DeleteFunctionalAreaRequestTest" classname="Tests.Unit.Requests.MasterData.DeleteFunctionalAreaRequestTest" assertions="0" time="0.000000">
          <error type="Error">Tests\Unit\Requests\MasterData\DeleteFunctionalAreaRequestTest::candidate_is_not_authorized
Error: Class "App\Models\User" not found

/www/wwwroot/jobportal.prus.dev/tests/Unit/Requests/MasterData/DeleteFunctionalAreaRequestTest.php:38</error>
        </testcase>
        <testcase name="validation_passes_with_valid_data" file="/www/wwwroot/jobportal.prus.dev/tests/Unit/Requests/MasterData/DeleteFunctionalAreaRequestTest.php" line="82" class="Tests\Unit\Requests\MasterData\DeleteFunctionalAreaRequestTest" classname="Tests.Unit.Requests.MasterData.DeleteFunctionalAreaRequestTest" assertions="0" time="0.000000">
          <error type="Error">Tests\Unit\Requests\MasterData\DeleteFunctionalAreaRequestTest::validation_passes_with_valid_data
Error: Class "App\Models\User" not found

/www/wwwroot/jobportal.prus.dev/tests/Unit/Requests/MasterData/DeleteFunctionalAreaRequestTest.php:38</error>
        </testcase>
        <testcase name="validation_fails_with_invalid_data" file="/www/wwwroot/jobportal.prus.dev/tests/Unit/Requests/MasterData/DeleteFunctionalAreaRequestTest.php" line="97" class="Tests\Unit\Requests\MasterData\DeleteFunctionalAreaRequestTest" classname="Tests.Unit.Requests.MasterData.DeleteFunctionalAreaRequestTest" assertions="0" time="0.000000">
          <error type="Error">Tests\Unit\Requests\MasterData\DeleteFunctionalAreaRequestTest::validation_fails_with_invalid_data
Error: Class "App\Models\User" not found

/www/wwwroot/jobportal.prus.dev/tests/Unit/Requests/MasterData/DeleteFunctionalAreaRequestTest.php:38</error>
        </testcase>
        <testcase name="validation_sanitizes_data" file="/www/wwwroot/jobportal.prus.dev/tests/Unit/Requests/MasterData/DeleteFunctionalAreaRequestTest.php" line="111" class="Tests\Unit\Requests\MasterData\DeleteFunctionalAreaRequestTest" classname="Tests.Unit.Requests.MasterData.DeleteFunctionalAreaRequestTest" assertions="0" time="0.000000">
          <error type="Error">Tests\Unit\Requests\MasterData\DeleteFunctionalAreaRequestTest::validation_sanitizes_data
Error: Class "App\Models\User" not found

/www/wwwroot/jobportal.prus.dev/tests/Unit/Requests/MasterData/DeleteFunctionalAreaRequestTest.php:38</error>
        </testcase>
        <testcase name="has_proper_error_messages" file="/www/wwwroot/jobportal.prus.dev/tests/Unit/Requests/MasterData/DeleteFunctionalAreaRequestTest.php" line="126" class="Tests\Unit\Requests\MasterData\DeleteFunctionalAreaRequestTest" classname="Tests.Unit.Requests.MasterData.DeleteFunctionalAreaRequestTest" assertions="0" time="0.000000">
          <error type="Error">Tests\Unit\Requests\MasterData\DeleteFunctionalAreaRequestTest::has_proper_error_messages
Error: Class "App\Models\User" not found

/www/wwwroot/jobportal.prus.dev/tests/Unit/Requests/MasterData/DeleteFunctionalAreaRequestTest.php:38</error>
        </testcase>
        <testcase name="has_proper_field_attributes" file="/www/wwwroot/jobportal.prus.dev/tests/Unit/Requests/MasterData/DeleteFunctionalAreaRequestTest.php" line="136" class="Tests\Unit\Requests\MasterData\DeleteFunctionalAreaRequestTest" classname="Tests.Unit.Requests.MasterData.DeleteFunctionalAreaRequestTest" assertions="0" time="0.000000">
          <error type="Error">Tests\Unit\Requests\MasterData\DeleteFunctionalAreaRequestTest::has_proper_field_attributes
Error: Class "App\Models\User" not found

/www/wwwroot/jobportal.prus.dev/tests/Unit/Requests/MasterData/DeleteFunctionalAreaRequestTest.php:38</error>
        </testcase>
      </testsuite>
      <testsuite name="Tests\Unit\Requests\MasterData\DeleteIndustryRequestTest" file="/www/wwwroot/jobportal.prus.dev/tests/Unit/Requests/MasterData/DeleteIndustryRequestTest.php" tests="8" assertions="0" errors="8" failures="0" skipped="0" time="0.000000">
        <testcase name="admin_is_authorized" file="/www/wwwroot/jobportal.prus.dev/tests/Unit/Requests/MasterData/DeleteIndustryRequestTest.php" line="49" class="Tests\Unit\Requests\MasterData\DeleteIndustryRequestTest" classname="Tests.Unit.Requests.MasterData.DeleteIndustryRequestTest" assertions="0" time="0.000000">
          <error type="Error">Tests\Unit\Requests\MasterData\DeleteIndustryRequestTest::admin_is_authorized
Error: Class "App\Models\User" not found

/www/wwwroot/jobportal.prus.dev/tests/Unit/Requests/MasterData/DeleteIndustryRequestTest.php:38</error>
        </testcase>
        <testcase name="employer_is_authorized" file="/www/wwwroot/jobportal.prus.dev/tests/Unit/Requests/MasterData/DeleteIndustryRequestTest.php" line="60" class="Tests\Unit\Requests\MasterData\DeleteIndustryRequestTest" classname="Tests.Unit.Requests.MasterData.DeleteIndustryRequestTest" assertions="0" time="0.000000">
          <error type="Error">Tests\Unit\Requests\MasterData\DeleteIndustryRequestTest::employer_is_authorized
Error: Class "App\Models\User" not found

/www/wwwroot/jobportal.prus.dev/tests/Unit/Requests/MasterData/DeleteIndustryRequestTest.php:38</error>
        </testcase>
        <testcase name="candidate_is_not_authorized" file="/www/wwwroot/jobportal.prus.dev/tests/Unit/Requests/MasterData/DeleteIndustryRequestTest.php" line="71" class="Tests\Unit\Requests\MasterData\DeleteIndustryRequestTest" classname="Tests.Unit.Requests.MasterData.DeleteIndustryRequestTest" assertions="0" time="0.000000">
          <error type="Error">Tests\Unit\Requests\MasterData\DeleteIndustryRequestTest::candidate_is_not_authorized
Error: Class "App\Models\User" not found

/www/wwwroot/jobportal.prus.dev/tests/Unit/Requests/MasterData/DeleteIndustryRequestTest.php:38</error>
        </testcase>
        <testcase name="validation_passes_with_valid_data" file="/www/wwwroot/jobportal.prus.dev/tests/Unit/Requests/MasterData/DeleteIndustryRequestTest.php" line="82" class="Tests\Unit\Requests\MasterData\DeleteIndustryRequestTest" classname="Tests.Unit.Requests.MasterData.DeleteIndustryRequestTest" assertions="0" time="0.000000">
          <error type="Error">Tests\Unit\Requests\MasterData\DeleteIndustryRequestTest::validation_passes_with_valid_data
Error: Class "App\Models\User" not found

/www/wwwroot/jobportal.prus.dev/tests/Unit/Requests/MasterData/DeleteIndustryRequestTest.php:38</error>
        </testcase>
        <testcase name="validation_fails_with_invalid_data" file="/www/wwwroot/jobportal.prus.dev/tests/Unit/Requests/MasterData/DeleteIndustryRequestTest.php" line="98" class="Tests\Unit\Requests\MasterData\DeleteIndustryRequestTest" classname="Tests.Unit.Requests.MasterData.DeleteIndustryRequestTest" assertions="0" time="0.000000">
          <error type="Error">Tests\Unit\Requests\MasterData\DeleteIndustryRequestTest::validation_fails_with_invalid_data
Error: Class "App\Models\User" not found

/www/wwwroot/jobportal.prus.dev/tests/Unit/Requests/MasterData/DeleteIndustryRequestTest.php:38</error>
        </testcase>
        <testcase name="validation_sanitizes_data" file="/www/wwwroot/jobportal.prus.dev/tests/Unit/Requests/MasterData/DeleteIndustryRequestTest.php" line="112" class="Tests\Unit\Requests\MasterData\DeleteIndustryRequestTest" classname="Tests.Unit.Requests.MasterData.DeleteIndustryRequestTest" assertions="0" time="0.000000">
          <error type="Error">Tests\Unit\Requests\MasterData\DeleteIndustryRequestTest::validation_sanitizes_data
Error: Class "App\Models\User" not found

/www/wwwroot/jobportal.prus.dev/tests/Unit/Requests/MasterData/DeleteIndustryRequestTest.php:38</error>
        </testcase>
        <testcase name="has_proper_error_messages" file="/www/wwwroot/jobportal.prus.dev/tests/Unit/Requests/MasterData/DeleteIndustryRequestTest.php" line="127" class="Tests\Unit\Requests\MasterData\DeleteIndustryRequestTest" classname="Tests.Unit.Requests.MasterData.DeleteIndustryRequestTest" assertions="0" time="0.000000">
          <error type="Error">Tests\Unit\Requests\MasterData\DeleteIndustryRequestTest::has_proper_error_messages
Error: Class "App\Models\User" not found

/www/wwwroot/jobportal.prus.dev/tests/Unit/Requests/MasterData/DeleteIndustryRequestTest.php:38</error>
        </testcase>
        <testcase name="has_proper_field_attributes" file="/www/wwwroot/jobportal.prus.dev/tests/Unit/Requests/MasterData/DeleteIndustryRequestTest.php" line="137" class="Tests\Unit\Requests\MasterData\DeleteIndustryRequestTest" classname="Tests.Unit.Requests.MasterData.DeleteIndustryRequestTest" assertions="0" time="0.000000">
          <error type="Error">Tests\Unit\Requests\MasterData\DeleteIndustryRequestTest::has_proper_field_attributes
Error: Class "App\Models\User" not found

/www/wwwroot/jobportal.prus.dev/tests/Unit/Requests/MasterData/DeleteIndustryRequestTest.php:38</error>
        </testcase>
      </testsuite>
      <testsuite name="Tests\Unit\Requests\MasterData\MasterDataRequestTest" file="/www/wwwroot/jobportal.prus.dev/tests/Unit/Requests/MasterData/MasterDataRequestTest.php" tests="14" assertions="38" errors="0" failures="1" skipped="0" time="10.146485">
        <testcase name="it_has_low_security_level" file="/www/wwwroot/jobportal.prus.dev/tests/Unit/Requests/MasterData/MasterDataRequestTest.php" line="42" class="Tests\Unit\Requests\MasterData\MasterDataRequestTest" classname="Tests.Unit.Requests.MasterData.MasterDataRequestTest" assertions="1" time="0.539989">
          <failure type="PHPUnit\Framework\ExpectationFailedException">Tests\Unit\Requests\MasterData\MasterDataRequestTest::it_has_low_security_level
Failed asserting that two strings are equal.
--- Expected
+++ Actual
@@ @@
-'low'
+'high'

/www/wwwroot/jobportal.prus.dev/tests/Unit/Requests/MasterData/MasterDataRequestTest.php:48</failure>
        </testcase>
        <testcase name="it_has_performance_tracking_enabled" file="/www/wwwroot/jobportal.prus.dev/tests/Unit/Requests/MasterData/MasterDataRequestTest.php" line="52" class="Tests\Unit\Requests\MasterData\MasterDataRequestTest" classname="Tests.Unit.Requests.MasterData.MasterDataRequestTest" assertions="1" time="0.809837"/>
        <testcase name="it_includes_master_data_validation_modules" file="/www/wwwroot/jobportal.prus.dev/tests/Unit/Requests/MasterData/MasterDataRequestTest.php" line="62" class="Tests\Unit\Requests\MasterData\MasterDataRequestTest" classname="Tests.Unit.Requests.MasterData.MasterDataRequestTest" assertions="4" time="0.571491"/>
        <testcase name="it_provides_location_validation_rules" file="/www/wwwroot/jobportal.prus.dev/tests/Unit/Requests/MasterData/MasterDataRequestTest.php" line="77" class="Tests\Unit\Requests\MasterData\MasterDataRequestTest" classname="Tests.Unit.Requests.MasterData.MasterDataRequestTest" assertions="5" time="0.826695"/>
        <testcase name="it_provides_company_validation_rules" file="/www/wwwroot/jobportal.prus.dev/tests/Unit/Requests/MasterData/MasterDataRequestTest.php" line="92" class="Tests\Unit\Requests\MasterData\MasterDataRequestTest" classname="Tests.Unit.Requests.MasterData.MasterDataRequestTest" assertions="4" time="0.650892"/>
        <testcase name="it_provides_job_classification_rules" file="/www/wwwroot/jobportal.prus.dev/tests/Unit/Requests/MasterData/MasterDataRequestTest.php" line="106" class="Tests\Unit\Requests\MasterData\MasterDataRequestTest" classname="Tests.Unit.Requests.MasterData.MasterDataRequestTest" assertions="6" time="0.625779"/>
        <testcase name="it_validates_location_data_successfully" file="/www/wwwroot/jobportal.prus.dev/tests/Unit/Requests/MasterData/MasterDataRequestTest.php" line="122" class="Tests\Unit\Requests\MasterData\MasterDataRequestTest" classname="Tests.Unit.Requests.MasterData.MasterDataRequestTest" assertions="1" time="0.745488"/>
        <testcase name="it_fails_validation_for_invalid_latitude" file="/www/wwwroot/jobportal.prus.dev/tests/Unit/Requests/MasterData/MasterDataRequestTest.php" line="141" class="Tests\Unit\Requests\MasterData\MasterDataRequestTest" classname="Tests.Unit.Requests.MasterData.MasterDataRequestTest" assertions="2" time="0.641904"/>
        <testcase name="it_validates_company_data_successfully" file="/www/wwwroot/jobportal.prus.dev/tests/Unit/Requests/MasterData/MasterDataRequestTest.php" line="161" class="Tests\Unit\Requests\MasterData\MasterDataRequestTest" classname="Tests.Unit.Requests.MasterData.MasterDataRequestTest" assertions="1" time="0.744757"/>
        <testcase name="it_fails_validation_for_invalid_experience_range" file="/www/wwwroot/jobportal.prus.dev/tests/Unit/Requests/MasterData/MasterDataRequestTest.php" line="180" class="Tests\Unit\Requests\MasterData\MasterDataRequestTest" classname="Tests.Unit.Requests.MasterData.MasterDataRequestTest" assertions="2" time="0.898764"/>
        <testcase name="it_validates_job_classification_successfully" file="/www/wwwroot/jobportal.prus.dev/tests/Unit/Requests/MasterData/MasterDataRequestTest.php" line="200" class="Tests\Unit\Requests\MasterData\MasterDataRequestTest" classname="Tests.Unit.Requests.MasterData.MasterDataRequestTest" assertions="1" time="0.879373"/>
        <testcase name="it_applies_master_data_sanitization" file="/www/wwwroot/jobportal.prus.dev/tests/Unit/Requests/MasterData/MasterDataRequestTest.php" line="219" class="Tests\Unit\Requests\MasterData\MasterDataRequestTest" classname="Tests.Unit.Requests.MasterData.MasterDataRequestTest" assertions="2" time="0.725406"/>
        <testcase name="it_has_domain_specific_error_messages" file="/www/wwwroot/jobportal.prus.dev/tests/Unit/Requests/MasterData/MasterDataRequestTest.php" line="236" class="Tests\Unit\Requests\MasterData\MasterDataRequestTest" classname="Tests.Unit.Requests.MasterData.MasterDataRequestTest" assertions="4" time="0.852967"/>
        <testcase name="it_has_domain_specific_attribute_names" file="/www/wwwroot/jobportal.prus.dev/tests/Unit/Requests/MasterData/MasterDataRequestTest.php" line="250" class="Tests\Unit\Requests\MasterData\MasterDataRequestTest" classname="Tests.Unit.Requests.MasterData.MasterDataRequestTest" assertions="4" time="0.633143"/>
      </testsuite>
      <testsuite name="Tests\Unit\Requests\MasterData\StoreCareerLevelRequestTest" file="/www/wwwroot/jobportal.prus.dev/tests/Unit/Requests/MasterData/StoreCareerLevelRequestTest.php" tests="8" assertions="0" errors="8" failures="0" skipped="0" time="0.000000">
        <testcase name="admin_is_authorized" file="/www/wwwroot/jobportal.prus.dev/tests/Unit/Requests/MasterData/StoreCareerLevelRequestTest.php" line="49" class="Tests\Unit\Requests\MasterData\StoreCareerLevelRequestTest" classname="Tests.Unit.Requests.MasterData.StoreCareerLevelRequestTest" assertions="0" time="0.000000">
          <error type="Error">Tests\Unit\Requests\MasterData\StoreCareerLevelRequestTest::admin_is_authorized
Error: Class "App\Models\User" not found

/www/wwwroot/jobportal.prus.dev/tests/Unit/Requests/MasterData/StoreCareerLevelRequestTest.php:38</error>
        </testcase>
        <testcase name="employer_is_authorized" file="/www/wwwroot/jobportal.prus.dev/tests/Unit/Requests/MasterData/StoreCareerLevelRequestTest.php" line="60" class="Tests\Unit\Requests\MasterData\StoreCareerLevelRequestTest" classname="Tests.Unit.Requests.MasterData.StoreCareerLevelRequestTest" assertions="0" time="0.000000">
          <error type="Error">Tests\Unit\Requests\MasterData\StoreCareerLevelRequestTest::employer_is_authorized
Error: Class "App\Models\User" not found

/www/wwwroot/jobportal.prus.dev/tests/Unit/Requests/MasterData/StoreCareerLevelRequestTest.php:38</error>
        </testcase>
        <testcase name="candidate_is_not_authorized" file="/www/wwwroot/jobportal.prus.dev/tests/Unit/Requests/MasterData/StoreCareerLevelRequestTest.php" line="71" class="Tests\Unit\Requests\MasterData\StoreCareerLevelRequestTest" classname="Tests.Unit.Requests.MasterData.StoreCareerLevelRequestTest" assertions="0" time="0.000000">
          <error type="Error">Tests\Unit\Requests\MasterData\StoreCareerLevelRequestTest::candidate_is_not_authorized
Error: Class "App\Models\User" not found

/www/wwwroot/jobportal.prus.dev/tests/Unit/Requests/MasterData/StoreCareerLevelRequestTest.php:38</error>
        </testcase>
        <testcase name="validation_passes_with_valid_data" file="/www/wwwroot/jobportal.prus.dev/tests/Unit/Requests/MasterData/StoreCareerLevelRequestTest.php" line="82" class="Tests\Unit\Requests\MasterData\StoreCareerLevelRequestTest" classname="Tests.Unit.Requests.MasterData.StoreCareerLevelRequestTest" assertions="0" time="0.000000">
          <error type="Error">Tests\Unit\Requests\MasterData\StoreCareerLevelRequestTest::validation_passes_with_valid_data
Error: Class "App\Models\User" not found

/www/wwwroot/jobportal.prus.dev/tests/Unit/Requests/MasterData/StoreCareerLevelRequestTest.php:38</error>
        </testcase>
        <testcase name="validation_fails_with_invalid_data" file="/www/wwwroot/jobportal.prus.dev/tests/Unit/Requests/MasterData/StoreCareerLevelRequestTest.php" line="98" class="Tests\Unit\Requests\MasterData\StoreCareerLevelRequestTest" classname="Tests.Unit.Requests.MasterData.StoreCareerLevelRequestTest" assertions="0" time="0.000000">
          <error type="Error">Tests\Unit\Requests\MasterData\StoreCareerLevelRequestTest::validation_fails_with_invalid_data
Error: Class "App\Models\User" not found

/www/wwwroot/jobportal.prus.dev/tests/Unit/Requests/MasterData/StoreCareerLevelRequestTest.php:38</error>
        </testcase>
        <testcase name="validation_sanitizes_data" file="/www/wwwroot/jobportal.prus.dev/tests/Unit/Requests/MasterData/StoreCareerLevelRequestTest.php" line="112" class="Tests\Unit\Requests\MasterData\StoreCareerLevelRequestTest" classname="Tests.Unit.Requests.MasterData.StoreCareerLevelRequestTest" assertions="0" time="0.000000">
          <error type="Error">Tests\Unit\Requests\MasterData\StoreCareerLevelRequestTest::validation_sanitizes_data
Error: Class "App\Models\User" not found

/www/wwwroot/jobportal.prus.dev/tests/Unit/Requests/MasterData/StoreCareerLevelRequestTest.php:38</error>
        </testcase>
        <testcase name="has_proper_error_messages" file="/www/wwwroot/jobportal.prus.dev/tests/Unit/Requests/MasterData/StoreCareerLevelRequestTest.php" line="127" class="Tests\Unit\Requests\MasterData\StoreCareerLevelRequestTest" classname="Tests.Unit.Requests.MasterData.StoreCareerLevelRequestTest" assertions="0" time="0.000000">
          <error type="Error">Tests\Unit\Requests\MasterData\StoreCareerLevelRequestTest::has_proper_error_messages
Error: Class "App\Models\User" not found

/www/wwwroot/jobportal.prus.dev/tests/Unit/Requests/MasterData/StoreCareerLevelRequestTest.php:38</error>
        </testcase>
        <testcase name="has_proper_field_attributes" file="/www/wwwroot/jobportal.prus.dev/tests/Unit/Requests/MasterData/StoreCareerLevelRequestTest.php" line="137" class="Tests\Unit\Requests\MasterData\StoreCareerLevelRequestTest" classname="Tests.Unit.Requests.MasterData.StoreCareerLevelRequestTest" assertions="0" time="0.000000">
          <error type="Error">Tests\Unit\Requests\MasterData\StoreCareerLevelRequestTest::has_proper_field_attributes
Error: Class "App\Models\User" not found

/www/wwwroot/jobportal.prus.dev/tests/Unit/Requests/MasterData/StoreCareerLevelRequestTest.php:38</error>
        </testcase>
      </testsuite>
      <testsuite name="Tests\Unit\Requests\MasterData\StoreCompanySizeRequestTest" file="/www/wwwroot/jobportal.prus.dev/tests/Unit/Requests/MasterData/StoreCompanySizeRequestTest.php" tests="8" assertions="0" errors="8" failures="0" skipped="0" time="0.000000">
        <testcase name="admin_is_authorized" file="/www/wwwroot/jobportal.prus.dev/tests/Unit/Requests/MasterData/StoreCompanySizeRequestTest.php" line="49" class="Tests\Unit\Requests\MasterData\StoreCompanySizeRequestTest" classname="Tests.Unit.Requests.MasterData.StoreCompanySizeRequestTest" assertions="0" time="0.000000">
          <error type="Error">Tests\Unit\Requests\MasterData\StoreCompanySizeRequestTest::admin_is_authorized
Error: Class "App\Models\User" not found

/www/wwwroot/jobportal.prus.dev/tests/Unit/Requests/MasterData/StoreCompanySizeRequestTest.php:38</error>
        </testcase>
        <testcase name="employer_is_authorized" file="/www/wwwroot/jobportal.prus.dev/tests/Unit/Requests/MasterData/StoreCompanySizeRequestTest.php" line="60" class="Tests\Unit\Requests\MasterData\StoreCompanySizeRequestTest" classname="Tests.Unit.Requests.MasterData.StoreCompanySizeRequestTest" assertions="0" time="0.000000">
          <error type="Error">Tests\Unit\Requests\MasterData\StoreCompanySizeRequestTest::employer_is_authorized
Error: Class "App\Models\User" not found

/www/wwwroot/jobportal.prus.dev/tests/Unit/Requests/MasterData/StoreCompanySizeRequestTest.php:38</error>
        </testcase>
        <testcase name="candidate_is_not_authorized" file="/www/wwwroot/jobportal.prus.dev/tests/Unit/Requests/MasterData/StoreCompanySizeRequestTest.php" line="71" class="Tests\Unit\Requests\MasterData\StoreCompanySizeRequestTest" classname="Tests.Unit.Requests.MasterData.StoreCompanySizeRequestTest" assertions="0" time="0.000000">
          <error type="Error">Tests\Unit\Requests\MasterData\StoreCompanySizeRequestTest::candidate_is_not_authorized
Error: Class "App\Models\User" not found

/www/wwwroot/jobportal.prus.dev/tests/Unit/Requests/MasterData/StoreCompanySizeRequestTest.php:38</error>
        </testcase>
        <testcase name="validation_passes_with_valid_data" file="/www/wwwroot/jobportal.prus.dev/tests/Unit/Requests/MasterData/StoreCompanySizeRequestTest.php" line="82" class="Tests\Unit\Requests\MasterData\StoreCompanySizeRequestTest" classname="Tests.Unit.Requests.MasterData.StoreCompanySizeRequestTest" assertions="0" time="0.000000">
          <error type="Error">Tests\Unit\Requests\MasterData\StoreCompanySizeRequestTest::validation_passes_with_valid_data
Error: Class "App\Models\User" not found

/www/wwwroot/jobportal.prus.dev/tests/Unit/Requests/MasterData/StoreCompanySizeRequestTest.php:38</error>
        </testcase>
        <testcase name="validation_fails_with_invalid_data" file="/www/wwwroot/jobportal.prus.dev/tests/Unit/Requests/MasterData/StoreCompanySizeRequestTest.php" line="98" class="Tests\Unit\Requests\MasterData\StoreCompanySizeRequestTest" classname="Tests.Unit.Requests.MasterData.StoreCompanySizeRequestTest" assertions="0" time="0.000000">
          <error type="Error">Tests\Unit\Requests\MasterData\StoreCompanySizeRequestTest::validation_fails_with_invalid_data
Error: Class "App\Models\User" not found

/www/wwwroot/jobportal.prus.dev/tests/Unit/Requests/MasterData/StoreCompanySizeRequestTest.php:38</error>
        </testcase>
        <testcase name="validation_sanitizes_data" file="/www/wwwroot/jobportal.prus.dev/tests/Unit/Requests/MasterData/StoreCompanySizeRequestTest.php" line="112" class="Tests\Unit\Requests\MasterData\StoreCompanySizeRequestTest" classname="Tests.Unit.Requests.MasterData.StoreCompanySizeRequestTest" assertions="0" time="0.000000">
          <error type="Error">Tests\Unit\Requests\MasterData\StoreCompanySizeRequestTest::validation_sanitizes_data
Error: Class "App\Models\User" not found

/www/wwwroot/jobportal.prus.dev/tests/Unit/Requests/MasterData/StoreCompanySizeRequestTest.php:38</error>
        </testcase>
        <testcase name="has_proper_error_messages" file="/www/wwwroot/jobportal.prus.dev/tests/Unit/Requests/MasterData/StoreCompanySizeRequestTest.php" line="127" class="Tests\Unit\Requests\MasterData\StoreCompanySizeRequestTest" classname="Tests.Unit.Requests.MasterData.StoreCompanySizeRequestTest" assertions="0" time="0.000000">
          <error type="Error">Tests\Unit\Requests\MasterData\StoreCompanySizeRequestTest::has_proper_error_messages
Error: Class "App\Models\User" not found

/www/wwwroot/jobportal.prus.dev/tests/Unit/Requests/MasterData/StoreCompanySizeRequestTest.php:38</error>
        </testcase>
        <testcase name="has_proper_field_attributes" file="/www/wwwroot/jobportal.prus.dev/tests/Unit/Requests/MasterData/StoreCompanySizeRequestTest.php" line="137" class="Tests\Unit\Requests\MasterData\StoreCompanySizeRequestTest" classname="Tests.Unit.Requests.MasterData.StoreCompanySizeRequestTest" assertions="0" time="0.000000">
          <error type="Error">Tests\Unit\Requests\MasterData\StoreCompanySizeRequestTest::has_proper_field_attributes
Error: Class "App\Models\User" not found

/www/wwwroot/jobportal.prus.dev/tests/Unit/Requests/MasterData/StoreCompanySizeRequestTest.php:38</error>
        </testcase>
      </testsuite>
      <testsuite name="Tests\Unit\Requests\MasterData\StoreFunctionalAreaRequestTest" file="/www/wwwroot/jobportal.prus.dev/tests/Unit/Requests/MasterData/StoreFunctionalAreaRequestTest.php" tests="8" assertions="0" errors="8" failures="0" skipped="0" time="0.000000">
        <testcase name="admin_is_authorized" file="/www/wwwroot/jobportal.prus.dev/tests/Unit/Requests/MasterData/StoreFunctionalAreaRequestTest.php" line="49" class="Tests\Unit\Requests\MasterData\StoreFunctionalAreaRequestTest" classname="Tests.Unit.Requests.MasterData.StoreFunctionalAreaRequestTest" assertions="0" time="0.000000">
          <error type="Error">Tests\Unit\Requests\MasterData\StoreFunctionalAreaRequestTest::admin_is_authorized
Error: Class "App\Models\User" not found

/www/wwwroot/jobportal.prus.dev/tests/Unit/Requests/MasterData/StoreFunctionalAreaRequestTest.php:38</error>
        </testcase>
        <testcase name="employer_is_authorized" file="/www/wwwroot/jobportal.prus.dev/tests/Unit/Requests/MasterData/StoreFunctionalAreaRequestTest.php" line="60" class="Tests\Unit\Requests\MasterData\StoreFunctionalAreaRequestTest" classname="Tests.Unit.Requests.MasterData.StoreFunctionalAreaRequestTest" assertions="0" time="0.000000">
          <error type="Error">Tests\Unit\Requests\MasterData\StoreFunctionalAreaRequestTest::employer_is_authorized
Error: Class "App\Models\User" not found

/www/wwwroot/jobportal.prus.dev/tests/Unit/Requests/MasterData/StoreFunctionalAreaRequestTest.php:38</error>
        </testcase>
        <testcase name="candidate_is_not_authorized" file="/www/wwwroot/jobportal.prus.dev/tests/Unit/Requests/MasterData/StoreFunctionalAreaRequestTest.php" line="71" class="Tests\Unit\Requests\MasterData\StoreFunctionalAreaRequestTest" classname="Tests.Unit.Requests.MasterData.StoreFunctionalAreaRequestTest" assertions="0" time="0.000000">
          <error type="Error">Tests\Unit\Requests\MasterData\StoreFunctionalAreaRequestTest::candidate_is_not_authorized
Error: Class "App\Models\User" not found

/www/wwwroot/jobportal.prus.dev/tests/Unit/Requests/MasterData/StoreFunctionalAreaRequestTest.php:38</error>
        </testcase>
        <testcase name="validation_passes_with_valid_data" file="/www/wwwroot/jobportal.prus.dev/tests/Unit/Requests/MasterData/StoreFunctionalAreaRequestTest.php" line="82" class="Tests\Unit\Requests\MasterData\StoreFunctionalAreaRequestTest" classname="Tests.Unit.Requests.MasterData.StoreFunctionalAreaRequestTest" assertions="0" time="0.000000">
          <error type="Error">Tests\Unit\Requests\MasterData\StoreFunctionalAreaRequestTest::validation_passes_with_valid_data
Error: Class "App\Models\User" not found

/www/wwwroot/jobportal.prus.dev/tests/Unit/Requests/MasterData/StoreFunctionalAreaRequestTest.php:38</error>
        </testcase>
        <testcase name="validation_fails_with_invalid_data" file="/www/wwwroot/jobportal.prus.dev/tests/Unit/Requests/MasterData/StoreFunctionalAreaRequestTest.php" line="97" class="Tests\Unit\Requests\MasterData\StoreFunctionalAreaRequestTest" classname="Tests.Unit.Requests.MasterData.StoreFunctionalAreaRequestTest" assertions="0" time="0.000000">
          <error type="Error">Tests\Unit\Requests\MasterData\StoreFunctionalAreaRequestTest::validation_fails_with_invalid_data
Error: Class "App\Models\User" not found

/www/wwwroot/jobportal.prus.dev/tests/Unit/Requests/MasterData/StoreFunctionalAreaRequestTest.php:38</error>
        </testcase>
        <testcase name="validation_sanitizes_data" file="/www/wwwroot/jobportal.prus.dev/tests/Unit/Requests/MasterData/StoreFunctionalAreaRequestTest.php" line="111" class="Tests\Unit\Requests\MasterData\StoreFunctionalAreaRequestTest" classname="Tests.Unit.Requests.MasterData.StoreFunctionalAreaRequestTest" assertions="0" time="0.000000">
          <error type="Error">Tests\Unit\Requests\MasterData\StoreFunctionalAreaRequestTest::validation_sanitizes_data
Error: Class "App\Models\User" not found

/www/wwwroot/jobportal.prus.dev/tests/Unit/Requests/MasterData/StoreFunctionalAreaRequestTest.php:38</error>
        </testcase>
        <testcase name="has_proper_error_messages" file="/www/wwwroot/jobportal.prus.dev/tests/Unit/Requests/MasterData/StoreFunctionalAreaRequestTest.php" line="126" class="Tests\Unit\Requests\MasterData\StoreFunctionalAreaRequestTest" classname="Tests.Unit.Requests.MasterData.StoreFunctionalAreaRequestTest" assertions="0" time="0.000000">
          <error type="Error">Tests\Unit\Requests\MasterData\StoreFunctionalAreaRequestTest::has_proper_error_messages
Error: Class "App\Models\User" not found

/www/wwwroot/jobportal.prus.dev/tests/Unit/Requests/MasterData/StoreFunctionalAreaRequestTest.php:38</error>
        </testcase>
        <testcase name="has_proper_field_attributes" file="/www/wwwroot/jobportal.prus.dev/tests/Unit/Requests/MasterData/StoreFunctionalAreaRequestTest.php" line="136" class="Tests\Unit\Requests\MasterData\StoreFunctionalAreaRequestTest" classname="Tests.Unit.Requests.MasterData.StoreFunctionalAreaRequestTest" assertions="0" time="0.000000">
          <error type="Error">Tests\Unit\Requests\MasterData\StoreFunctionalAreaRequestTest::has_proper_field_attributes
Error: Class "App\Models\User" not found

/www/wwwroot/jobportal.prus.dev/tests/Unit/Requests/MasterData/StoreFunctionalAreaRequestTest.php:38</error>
        </testcase>
      </testsuite>
      <testsuite name="Tests\Unit\Requests\MasterData\StoreIndustryRequestTest" file="/www/wwwroot/jobportal.prus.dev/tests/Unit/Requests/MasterData/StoreIndustryRequestTest.php" tests="8" assertions="0" errors="8" failures="0" skipped="0" time="0.000000">
        <testcase name="admin_is_authorized" file="/www/wwwroot/jobportal.prus.dev/tests/Unit/Requests/MasterData/StoreIndustryRequestTest.php" line="49" class="Tests\Unit\Requests\MasterData\StoreIndustryRequestTest" classname="Tests.Unit.Requests.MasterData.StoreIndustryRequestTest" assertions="0" time="0.000000">
          <error type="Error">Tests\Unit\Requests\MasterData\StoreIndustryRequestTest::admin_is_authorized
Error: Class "App\Models\User" not found

/www/wwwroot/jobportal.prus.dev/tests/Unit/Requests/MasterData/StoreIndustryRequestTest.php:38</error>
        </testcase>
        <testcase name="employer_is_authorized" file="/www/wwwroot/jobportal.prus.dev/tests/Unit/Requests/MasterData/StoreIndustryRequestTest.php" line="60" class="Tests\Unit\Requests\MasterData\StoreIndustryRequestTest" classname="Tests.Unit.Requests.MasterData.StoreIndustryRequestTest" assertions="0" time="0.000000">
          <error type="Error">Tests\Unit\Requests\MasterData\StoreIndustryRequestTest::employer_is_authorized
Error: Class "App\Models\User" not found

/www/wwwroot/jobportal.prus.dev/tests/Unit/Requests/MasterData/StoreIndustryRequestTest.php:38</error>
        </testcase>
        <testcase name="candidate_is_not_authorized" file="/www/wwwroot/jobportal.prus.dev/tests/Unit/Requests/MasterData/StoreIndustryRequestTest.php" line="71" class="Tests\Unit\Requests\MasterData\StoreIndustryRequestTest" classname="Tests.Unit.Requests.MasterData.StoreIndustryRequestTest" assertions="0" time="0.000000">
          <error type="Error">Tests\Unit\Requests\MasterData\StoreIndustryRequestTest::candidate_is_not_authorized
Error: Class "App\Models\User" not found

/www/wwwroot/jobportal.prus.dev/tests/Unit/Requests/MasterData/StoreIndustryRequestTest.php:38</error>
        </testcase>
        <testcase name="validation_passes_with_valid_data" file="/www/wwwroot/jobportal.prus.dev/tests/Unit/Requests/MasterData/StoreIndustryRequestTest.php" line="82" class="Tests\Unit\Requests\MasterData\StoreIndustryRequestTest" classname="Tests.Unit.Requests.MasterData.StoreIndustryRequestTest" assertions="0" time="0.000000">
          <error type="Error">Tests\Unit\Requests\MasterData\StoreIndustryRequestTest::validation_passes_with_valid_data
Error: Class "App\Models\User" not found

/www/wwwroot/jobportal.prus.dev/tests/Unit/Requests/MasterData/StoreIndustryRequestTest.php:38</error>
        </testcase>
        <testcase name="validation_fails_with_invalid_data" file="/www/wwwroot/jobportal.prus.dev/tests/Unit/Requests/MasterData/StoreIndustryRequestTest.php" line="98" class="Tests\Unit\Requests\MasterData\StoreIndustryRequestTest" classname="Tests.Unit.Requests.MasterData.StoreIndustryRequestTest" assertions="0" time="0.000000">
          <error type="Error">Tests\Unit\Requests\MasterData\StoreIndustryRequestTest::validation_fails_with_invalid_data
Error: Class "App\Models\User" not found

/www/wwwroot/jobportal.prus.dev/tests/Unit/Requests/MasterData/StoreIndustryRequestTest.php:38</error>
        </testcase>
        <testcase name="validation_sanitizes_data" file="/www/wwwroot/jobportal.prus.dev/tests/Unit/Requests/MasterData/StoreIndustryRequestTest.php" line="112" class="Tests\Unit\Requests\MasterData\StoreIndustryRequestTest" classname="Tests.Unit.Requests.MasterData.StoreIndustryRequestTest" assertions="0" time="0.000000">
          <error type="Error">Tests\Unit\Requests\MasterData\StoreIndustryRequestTest::validation_sanitizes_data
Error: Class "App\Models\User" not found

/www/wwwroot/jobportal.prus.dev/tests/Unit/Requests/MasterData/StoreIndustryRequestTest.php:38</error>
        </testcase>
        <testcase name="has_proper_error_messages" file="/www/wwwroot/jobportal.prus.dev/tests/Unit/Requests/MasterData/StoreIndustryRequestTest.php" line="127" class="Tests\Unit\Requests\MasterData\StoreIndustryRequestTest" classname="Tests.Unit.Requests.MasterData.StoreIndustryRequestTest" assertions="0" time="0.000000">
          <error type="Error">Tests\Unit\Requests\MasterData\StoreIndustryRequestTest::has_proper_error_messages
Error: Class "App\Models\User" not found

/www/wwwroot/jobportal.prus.dev/tests/Unit/Requests/MasterData/StoreIndustryRequestTest.php:38</error>
        </testcase>
        <testcase name="has_proper_field_attributes" file="/www/wwwroot/jobportal.prus.dev/tests/Unit/Requests/MasterData/StoreIndustryRequestTest.php" line="137" class="Tests\Unit\Requests\MasterData\StoreIndustryRequestTest" classname="Tests.Unit.Requests.MasterData.StoreIndustryRequestTest" assertions="0" time="0.000000">
          <error type="Error">Tests\Unit\Requests\MasterData\StoreIndustryRequestTest::has_proper_field_attributes
Error: Class "App\Models\User" not found

/www/wwwroot/jobportal.prus.dev/tests/Unit/Requests/MasterData/StoreIndustryRequestTest.php:38</error>
        </testcase>
      </testsuite>
      <testsuite name="Tests\Unit\Requests\MasterData\UpdateCareerLevelRequestTest" file="/www/wwwroot/jobportal.prus.dev/tests/Unit/Requests/MasterData/UpdateCareerLevelRequestTest.php" tests="8" assertions="0" errors="8" failures="0" skipped="0" time="0.000000">
        <testcase name="admin_is_authorized" file="/www/wwwroot/jobportal.prus.dev/tests/Unit/Requests/MasterData/UpdateCareerLevelRequestTest.php" line="49" class="Tests\Unit\Requests\MasterData\UpdateCareerLevelRequestTest" classname="Tests.Unit.Requests.MasterData.UpdateCareerLevelRequestTest" assertions="0" time="0.000000">
          <error type="Error">Tests\Unit\Requests\MasterData\UpdateCareerLevelRequestTest::admin_is_authorized
Error: Class "App\Models\User" not found

/www/wwwroot/jobportal.prus.dev/tests/Unit/Requests/MasterData/UpdateCareerLevelRequestTest.php:38</error>
        </testcase>
        <testcase name="employer_is_authorized" file="/www/wwwroot/jobportal.prus.dev/tests/Unit/Requests/MasterData/UpdateCareerLevelRequestTest.php" line="60" class="Tests\Unit\Requests\MasterData\UpdateCareerLevelRequestTest" classname="Tests.Unit.Requests.MasterData.UpdateCareerLevelRequestTest" assertions="0" time="0.000000">
          <error type="Error">Tests\Unit\Requests\MasterData\UpdateCareerLevelRequestTest::employer_is_authorized
Error: Class "App\Models\User" not found

/www/wwwroot/jobportal.prus.dev/tests/Unit/Requests/MasterData/UpdateCareerLevelRequestTest.php:38</error>
        </testcase>
        <testcase name="candidate_is_not_authorized" file="/www/wwwroot/jobportal.prus.dev/tests/Unit/Requests/MasterData/UpdateCareerLevelRequestTest.php" line="71" class="Tests\Unit\Requests\MasterData\UpdateCareerLevelRequestTest" classname="Tests.Unit.Requests.MasterData.UpdateCareerLevelRequestTest" assertions="0" time="0.000000">
          <error type="Error">Tests\Unit\Requests\MasterData\UpdateCareerLevelRequestTest::candidate_is_not_authorized
Error: Class "App\Models\User" not found

/www/wwwroot/jobportal.prus.dev/tests/Unit/Requests/MasterData/UpdateCareerLevelRequestTest.php:38</error>
        </testcase>
        <testcase name="validation_passes_with_valid_data" file="/www/wwwroot/jobportal.prus.dev/tests/Unit/Requests/MasterData/UpdateCareerLevelRequestTest.php" line="82" class="Tests\Unit\Requests\MasterData\UpdateCareerLevelRequestTest" classname="Tests.Unit.Requests.MasterData.UpdateCareerLevelRequestTest" assertions="0" time="0.000000">
          <error type="Error">Tests\Unit\Requests\MasterData\UpdateCareerLevelRequestTest::validation_passes_with_valid_data
Error: Class "App\Models\User" not found

/www/wwwroot/jobportal.prus.dev/tests/Unit/Requests/MasterData/UpdateCareerLevelRequestTest.php:38</error>
        </testcase>
        <testcase name="validation_fails_with_invalid_data" file="/www/wwwroot/jobportal.prus.dev/tests/Unit/Requests/MasterData/UpdateCareerLevelRequestTest.php" line="98" class="Tests\Unit\Requests\MasterData\UpdateCareerLevelRequestTest" classname="Tests.Unit.Requests.MasterData.UpdateCareerLevelRequestTest" assertions="0" time="0.000000">
          <error type="Error">Tests\Unit\Requests\MasterData\UpdateCareerLevelRequestTest::validation_fails_with_invalid_data
Error: Class "App\Models\User" not found

/www/wwwroot/jobportal.prus.dev/tests/Unit/Requests/MasterData/UpdateCareerLevelRequestTest.php:38</error>
        </testcase>
        <testcase name="validation_sanitizes_data" file="/www/wwwroot/jobportal.prus.dev/tests/Unit/Requests/MasterData/UpdateCareerLevelRequestTest.php" line="112" class="Tests\Unit\Requests\MasterData\UpdateCareerLevelRequestTest" classname="Tests.Unit.Requests.MasterData.UpdateCareerLevelRequestTest" assertions="0" time="0.000000">
          <error type="Error">Tests\Unit\Requests\MasterData\UpdateCareerLevelRequestTest::validation_sanitizes_data
Error: Class "App\Models\User" not found

/www/wwwroot/jobportal.prus.dev/tests/Unit/Requests/MasterData/UpdateCareerLevelRequestTest.php:38</error>
        </testcase>
        <testcase name="has_proper_error_messages" file="/www/wwwroot/jobportal.prus.dev/tests/Unit/Requests/MasterData/UpdateCareerLevelRequestTest.php" line="127" class="Tests\Unit\Requests\MasterData\UpdateCareerLevelRequestTest" classname="Tests.Unit.Requests.MasterData.UpdateCareerLevelRequestTest" assertions="0" time="0.000000">
          <error type="Error">Tests\Unit\Requests\MasterData\UpdateCareerLevelRequestTest::has_proper_error_messages
Error: Class "App\Models\User" not found

/www/wwwroot/jobportal.prus.dev/tests/Unit/Requests/MasterData/UpdateCareerLevelRequestTest.php:38</error>
        </testcase>
        <testcase name="has_proper_field_attributes" file="/www/wwwroot/jobportal.prus.dev/tests/Unit/Requests/MasterData/UpdateCareerLevelRequestTest.php" line="137" class="Tests\Unit\Requests\MasterData\UpdateCareerLevelRequestTest" classname="Tests.Unit.Requests.MasterData.UpdateCareerLevelRequestTest" assertions="0" time="0.000000">
          <error type="Error">Tests\Unit\Requests\MasterData\UpdateCareerLevelRequestTest::has_proper_field_attributes
Error: Class "App\Models\User" not found

/www/wwwroot/jobportal.prus.dev/tests/Unit/Requests/MasterData/UpdateCareerLevelRequestTest.php:38</error>
        </testcase>
      </testsuite>
      <testsuite name="Tests\Unit\Requests\MasterData\UpdateCompanySizeRequestTest" file="/www/wwwroot/jobportal.prus.dev/tests/Unit/Requests/MasterData/UpdateCompanySizeRequestTest.php" tests="8" assertions="0" errors="8" failures="0" skipped="0" time="0.000000">
        <testcase name="admin_is_authorized" file="/www/wwwroot/jobportal.prus.dev/tests/Unit/Requests/MasterData/UpdateCompanySizeRequestTest.php" line="49" class="Tests\Unit\Requests\MasterData\UpdateCompanySizeRequestTest" classname="Tests.Unit.Requests.MasterData.UpdateCompanySizeRequestTest" assertions="0" time="0.000000">
          <error type="Error">Tests\Unit\Requests\MasterData\UpdateCompanySizeRequestTest::admin_is_authorized
Error: Class "App\Models\User" not found

/www/wwwroot/jobportal.prus.dev/tests/Unit/Requests/MasterData/UpdateCompanySizeRequestTest.php:38</error>
        </testcase>
        <testcase name="employer_is_authorized" file="/www/wwwroot/jobportal.prus.dev/tests/Unit/Requests/MasterData/UpdateCompanySizeRequestTest.php" line="60" class="Tests\Unit\Requests\MasterData\UpdateCompanySizeRequestTest" classname="Tests.Unit.Requests.MasterData.UpdateCompanySizeRequestTest" assertions="0" time="0.000000">
          <error type="Error">Tests\Unit\Requests\MasterData\UpdateCompanySizeRequestTest::employer_is_authorized
Error: Class "App\Models\User" not found

/www/wwwroot/jobportal.prus.dev/tests/Unit/Requests/MasterData/UpdateCompanySizeRequestTest.php:38</error>
        </testcase>
        <testcase name="candidate_is_not_authorized" file="/www/wwwroot/jobportal.prus.dev/tests/Unit/Requests/MasterData/UpdateCompanySizeRequestTest.php" line="71" class="Tests\Unit\Requests\MasterData\UpdateCompanySizeRequestTest" classname="Tests.Unit.Requests.MasterData.UpdateCompanySizeRequestTest" assertions="0" time="0.000000">
          <error type="Error">Tests\Unit\Requests\MasterData\UpdateCompanySizeRequestTest::candidate_is_not_authorized
Error: Class "App\Models\User" not found

/www/wwwroot/jobportal.prus.dev/tests/Unit/Requests/MasterData/UpdateCompanySizeRequestTest.php:38</error>
        </testcase>
        <testcase name="validation_passes_with_valid_data" file="/www/wwwroot/jobportal.prus.dev/tests/Unit/Requests/MasterData/UpdateCompanySizeRequestTest.php" line="82" class="Tests\Unit\Requests\MasterData\UpdateCompanySizeRequestTest" classname="Tests.Unit.Requests.MasterData.UpdateCompanySizeRequestTest" assertions="0" time="0.000000">
          <error type="Error">Tests\Unit\Requests\MasterData\UpdateCompanySizeRequestTest::validation_passes_with_valid_data
Error: Class "App\Models\User" not found

/www/wwwroot/jobportal.prus.dev/tests/Unit/Requests/MasterData/UpdateCompanySizeRequestTest.php:38</error>
        </testcase>
        <testcase name="validation_fails_with_invalid_data" file="/www/wwwroot/jobportal.prus.dev/tests/Unit/Requests/MasterData/UpdateCompanySizeRequestTest.php" line="98" class="Tests\Unit\Requests\MasterData\UpdateCompanySizeRequestTest" classname="Tests.Unit.Requests.MasterData.UpdateCompanySizeRequestTest" assertions="0" time="0.000000">
          <error type="Error">Tests\Unit\Requests\MasterData\UpdateCompanySizeRequestTest::validation_fails_with_invalid_data
Error: Class "App\Models\User" not found

/www/wwwroot/jobportal.prus.dev/tests/Unit/Requests/MasterData/UpdateCompanySizeRequestTest.php:38</error>
        </testcase>
        <testcase name="validation_sanitizes_data" file="/www/wwwroot/jobportal.prus.dev/tests/Unit/Requests/MasterData/UpdateCompanySizeRequestTest.php" line="112" class="Tests\Unit\Requests\MasterData\UpdateCompanySizeRequestTest" classname="Tests.Unit.Requests.MasterData.UpdateCompanySizeRequestTest" assertions="0" time="0.000000">
          <error type="Error">Tests\Unit\Requests\MasterData\UpdateCompanySizeRequestTest::validation_sanitizes_data
Error: Class "App\Models\User" not found

/www/wwwroot/jobportal.prus.dev/tests/Unit/Requests/MasterData/UpdateCompanySizeRequestTest.php:38</error>
        </testcase>
        <testcase name="has_proper_error_messages" file="/www/wwwroot/jobportal.prus.dev/tests/Unit/Requests/MasterData/UpdateCompanySizeRequestTest.php" line="127" class="Tests\Unit\Requests\MasterData\UpdateCompanySizeRequestTest" classname="Tests.Unit.Requests.MasterData.UpdateCompanySizeRequestTest" assertions="0" time="0.000000">
          <error type="Error">Tests\Unit\Requests\MasterData\UpdateCompanySizeRequestTest::has_proper_error_messages
Error: Class "App\Models\User" not found

/www/wwwroot/jobportal.prus.dev/tests/Unit/Requests/MasterData/UpdateCompanySizeRequestTest.php:38</error>
        </testcase>
        <testcase name="has_proper_field_attributes" file="/www/wwwroot/jobportal.prus.dev/tests/Unit/Requests/MasterData/UpdateCompanySizeRequestTest.php" line="137" class="Tests\Unit\Requests\MasterData\UpdateCompanySizeRequestTest" classname="Tests.Unit.Requests.MasterData.UpdateCompanySizeRequestTest" assertions="0" time="0.000000">
          <error type="Error">Tests\Unit\Requests\MasterData\UpdateCompanySizeRequestTest::has_proper_field_attributes
Error: Class "App\Models\User" not found

/www/wwwroot/jobportal.prus.dev/tests/Unit/Requests/MasterData/UpdateCompanySizeRequestTest.php:38</error>
        </testcase>
      </testsuite>
      <testsuite name="Tests\Unit\Requests\MasterData\UpdateFunctionalAreaRequestTest" file="/www/wwwroot/jobportal.prus.dev/tests/Unit/Requests/MasterData/UpdateFunctionalAreaRequestTest.php" tests="8" assertions="0" errors="8" failures="0" skipped="0" time="0.000000">
        <testcase name="admin_is_authorized" file="/www/wwwroot/jobportal.prus.dev/tests/Unit/Requests/MasterData/UpdateFunctionalAreaRequestTest.php" line="49" class="Tests\Unit\Requests\MasterData\UpdateFunctionalAreaRequestTest" classname="Tests.Unit.Requests.MasterData.UpdateFunctionalAreaRequestTest" assertions="0" time="0.000000">
          <error type="Error">Tests\Unit\Requests\MasterData\UpdateFunctionalAreaRequestTest::admin_is_authorized
Error: Class "App\Models\User" not found

/www/wwwroot/jobportal.prus.dev/tests/Unit/Requests/MasterData/UpdateFunctionalAreaRequestTest.php:38</error>
        </testcase>
        <testcase name="employer_is_authorized" file="/www/wwwroot/jobportal.prus.dev/tests/Unit/Requests/MasterData/UpdateFunctionalAreaRequestTest.php" line="60" class="Tests\Unit\Requests\MasterData\UpdateFunctionalAreaRequestTest" classname="Tests.Unit.Requests.MasterData.UpdateFunctionalAreaRequestTest" assertions="0" time="0.000000">
          <error type="Error">Tests\Unit\Requests\MasterData\UpdateFunctionalAreaRequestTest::employer_is_authorized
Error: Class "App\Models\User" not found

/www/wwwroot/jobportal.prus.dev/tests/Unit/Requests/MasterData/UpdateFunctionalAreaRequestTest.php:38</error>
        </testcase>
        <testcase name="candidate_is_not_authorized" file="/www/wwwroot/jobportal.prus.dev/tests/Unit/Requests/MasterData/UpdateFunctionalAreaRequestTest.php" line="71" class="Tests\Unit\Requests\MasterData\UpdateFunctionalAreaRequestTest" classname="Tests.Unit.Requests.MasterData.UpdateFunctionalAreaRequestTest" assertions="0" time="0.000000">
          <error type="Error">Tests\Unit\Requests\MasterData\UpdateFunctionalAreaRequestTest::candidate_is_not_authorized
Error: Class "App\Models\User" not found

/www/wwwroot/jobportal.prus.dev/tests/Unit/Requests/MasterData/UpdateFunctionalAreaRequestTest.php:38</error>
        </testcase>
        <testcase name="validation_passes_with_valid_data" file="/www/wwwroot/jobportal.prus.dev/tests/Unit/Requests/MasterData/UpdateFunctionalAreaRequestTest.php" line="82" class="Tests\Unit\Requests\MasterData\UpdateFunctionalAreaRequestTest" classname="Tests.Unit.Requests.MasterData.UpdateFunctionalAreaRequestTest" assertions="0" time="0.000000">
          <error type="Error">Tests\Unit\Requests\MasterData\UpdateFunctionalAreaRequestTest::validation_passes_with_valid_data
Error: Class "App\Models\User" not found

/www/wwwroot/jobportal.prus.dev/tests/Unit/Requests/MasterData/UpdateFunctionalAreaRequestTest.php:38</error>
        </testcase>
        <testcase name="validation_fails_with_invalid_data" file="/www/wwwroot/jobportal.prus.dev/tests/Unit/Requests/MasterData/UpdateFunctionalAreaRequestTest.php" line="97" class="Tests\Unit\Requests\MasterData\UpdateFunctionalAreaRequestTest" classname="Tests.Unit.Requests.MasterData.UpdateFunctionalAreaRequestTest" assertions="0" time="0.000000">
          <error type="Error">Tests\Unit\Requests\MasterData\UpdateFunctionalAreaRequestTest::validation_fails_with_invalid_data
Error: Class "App\Models\User" not found

/www/wwwroot/jobportal.prus.dev/tests/Unit/Requests/MasterData/UpdateFunctionalAreaRequestTest.php:38</error>
        </testcase>
        <testcase name="validation_sanitizes_data" file="/www/wwwroot/jobportal.prus.dev/tests/Unit/Requests/MasterData/UpdateFunctionalAreaRequestTest.php" line="111" class="Tests\Unit\Requests\MasterData\UpdateFunctionalAreaRequestTest" classname="Tests.Unit.Requests.MasterData.UpdateFunctionalAreaRequestTest" assertions="0" time="0.000000">
          <error type="Error">Tests\Unit\Requests\MasterData\UpdateFunctionalAreaRequestTest::validation_sanitizes_data
Error: Class "App\Models\User" not found

/www/wwwroot/jobportal.prus.dev/tests/Unit/Requests/MasterData/UpdateFunctionalAreaRequestTest.php:38</error>
        </testcase>
        <testcase name="has_proper_error_messages" file="/www/wwwroot/jobportal.prus.dev/tests/Unit/Requests/MasterData/UpdateFunctionalAreaRequestTest.php" line="126" class="Tests\Unit\Requests\MasterData\UpdateFunctionalAreaRequestTest" classname="Tests.Unit.Requests.MasterData.UpdateFunctionalAreaRequestTest" assertions="0" time="0.000000">
          <error type="Error">Tests\Unit\Requests\MasterData\UpdateFunctionalAreaRequestTest::has_proper_error_messages
Error: Class "App\Models\User" not found

/www/wwwroot/jobportal.prus.dev/tests/Unit/Requests/MasterData/UpdateFunctionalAreaRequestTest.php:38</error>
        </testcase>
        <testcase name="has_proper_field_attributes" file="/www/wwwroot/jobportal.prus.dev/tests/Unit/Requests/MasterData/UpdateFunctionalAreaRequestTest.php" line="136" class="Tests\Unit\Requests\MasterData\UpdateFunctionalAreaRequestTest" classname="Tests.Unit.Requests.MasterData.UpdateFunctionalAreaRequestTest" assertions="0" time="0.000000">
          <error type="Error">Tests\Unit\Requests\MasterData\UpdateFunctionalAreaRequestTest::has_proper_field_attributes
Error: Class "App\Models\User" not found

/www/wwwroot/jobportal.prus.dev/tests/Unit/Requests/MasterData/UpdateFunctionalAreaRequestTest.php:38</error>
        </testcase>
      </testsuite>
      <testsuite name="Tests\Unit\Requests\MasterData\UpdateIndustryRequestTest" file="/www/wwwroot/jobportal.prus.dev/tests/Unit/Requests/MasterData/UpdateIndustryRequestTest.php" tests="8" assertions="0" errors="8" failures="0" skipped="0" time="0.000000">
        <testcase name="admin_is_authorized" file="/www/wwwroot/jobportal.prus.dev/tests/Unit/Requests/MasterData/UpdateIndustryRequestTest.php" line="49" class="Tests\Unit\Requests\MasterData\UpdateIndustryRequestTest" classname="Tests.Unit.Requests.MasterData.UpdateIndustryRequestTest" assertions="0" time="0.000000">
          <error type="Error">Tests\Unit\Requests\MasterData\UpdateIndustryRequestTest::admin_is_authorized
Error: Class "App\Models\User" not found

/www/wwwroot/jobportal.prus.dev/tests/Unit/Requests/MasterData/UpdateIndustryRequestTest.php:38</error>
        </testcase>
        <testcase name="employer_is_authorized" file="/www/wwwroot/jobportal.prus.dev/tests/Unit/Requests/MasterData/UpdateIndustryRequestTest.php" line="60" class="Tests\Unit\Requests\MasterData\UpdateIndustryRequestTest" classname="Tests.Unit.Requests.MasterData.UpdateIndustryRequestTest" assertions="0" time="0.000000">
          <error type="Error">Tests\Unit\Requests\MasterData\UpdateIndustryRequestTest::employer_is_authorized
Error: Class "App\Models\User" not found

/www/wwwroot/jobportal.prus.dev/tests/Unit/Requests/MasterData/UpdateIndustryRequestTest.php:38</error>
        </testcase>
        <testcase name="candidate_is_not_authorized" file="/www/wwwroot/jobportal.prus.dev/tests/Unit/Requests/MasterData/UpdateIndustryRequestTest.php" line="71" class="Tests\Unit\Requests\MasterData\UpdateIndustryRequestTest" classname="Tests.Unit.Requests.MasterData.UpdateIndustryRequestTest" assertions="0" time="0.000000">
          <error type="Error">Tests\Unit\Requests\MasterData\UpdateIndustryRequestTest::candidate_is_not_authorized
Error: Class "App\Models\User" not found

/www/wwwroot/jobportal.prus.dev/tests/Unit/Requests/MasterData/UpdateIndustryRequestTest.php:38</error>
        </testcase>
        <testcase name="validation_passes_with_valid_data" file="/www/wwwroot/jobportal.prus.dev/tests/Unit/Requests/MasterData/UpdateIndustryRequestTest.php" line="82" class="Tests\Unit\Requests\MasterData\UpdateIndustryRequestTest" classname="Tests.Unit.Requests.MasterData.UpdateIndustryRequestTest" assertions="0" time="0.000000">
          <error type="Error">Tests\Unit\Requests\MasterData\UpdateIndustryRequestTest::validation_passes_with_valid_data
Error: Class "App\Models\User" not found

/www/wwwroot/jobportal.prus.dev/tests/Unit/Requests/MasterData/UpdateIndustryRequestTest.php:38</error>
        </testcase>
        <testcase name="validation_fails_with_invalid_data" file="/www/wwwroot/jobportal.prus.dev/tests/Unit/Requests/MasterData/UpdateIndustryRequestTest.php" line="98" class="Tests\Unit\Requests\MasterData\UpdateIndustryRequestTest" classname="Tests.Unit.Requests.MasterData.UpdateIndustryRequestTest" assertions="0" time="0.000000">
          <error type="Error">Tests\Unit\Requests\MasterData\UpdateIndustryRequestTest::validation_fails_with_invalid_data
Error: Class "App\Models\User" not found

/www/wwwroot/jobportal.prus.dev/tests/Unit/Requests/MasterData/UpdateIndustryRequestTest.php:38</error>
        </testcase>
        <testcase name="validation_sanitizes_data" file="/www/wwwroot/jobportal.prus.dev/tests/Unit/Requests/MasterData/UpdateIndustryRequestTest.php" line="112" class="Tests\Unit\Requests\MasterData\UpdateIndustryRequestTest" classname="Tests.Unit.Requests.MasterData.UpdateIndustryRequestTest" assertions="0" time="0.000000">
          <error type="Error">Tests\Unit\Requests\MasterData\UpdateIndustryRequestTest::validation_sanitizes_data
Error: Class "App\Models\User" not found

/www/wwwroot/jobportal.prus.dev/tests/Unit/Requests/MasterData/UpdateIndustryRequestTest.php:38</error>
        </testcase>
        <testcase name="has_proper_error_messages" file="/www/wwwroot/jobportal.prus.dev/tests/Unit/Requests/MasterData/UpdateIndustryRequestTest.php" line="127" class="Tests\Unit\Requests\MasterData\UpdateIndustryRequestTest" classname="Tests.Unit.Requests.MasterData.UpdateIndustryRequestTest" assertions="0" time="0.000000">
          <error type="Error">Tests\Unit\Requests\MasterData\UpdateIndustryRequestTest::has_proper_error_messages
Error: Class "App\Models\User" not found

/www/wwwroot/jobportal.prus.dev/tests/Unit/Requests/MasterData/UpdateIndustryRequestTest.php:38</error>
        </testcase>
        <testcase name="has_proper_field_attributes" file="/www/wwwroot/jobportal.prus.dev/tests/Unit/Requests/MasterData/UpdateIndustryRequestTest.php" line="137" class="Tests\Unit\Requests\MasterData\UpdateIndustryRequestTest" classname="Tests.Unit.Requests.MasterData.UpdateIndustryRequestTest" assertions="0" time="0.000000">
          <error type="Error">Tests\Unit\Requests\MasterData\UpdateIndustryRequestTest::has_proper_field_attributes
Error: Class "App\Models\User" not found

/www/wwwroot/jobportal.prus.dev/tests/Unit/Requests/MasterData/UpdateIndustryRequestTest.php:38</error>
        </testcase>
      </testsuite>
      <testsuite name="Tests\Unit\RouteOptimizedTest" file="/www/wwwroot/jobportal.prus.dev/tests/Unit/RouteOptimizedTest.php" tests="6" assertions="14" errors="0" failures="1" skipped="0" time="0.127340">
        <testcase name="it_has_route_files" file="/www/wwwroot/jobportal.prus.dev/tests/Unit/RouteOptimizedTest.php" line="15" class="Tests\Unit\RouteOptimizedTest" classname="Tests.Unit.RouteOptimizedTest" assertions="2" time="0.060158"/>
        <testcase name="it_has_valid_route_file_syntax" file="/www/wwwroot/jobportal.prus.dev/tests/Unit/RouteOptimizedTest.php" line="26" class="Tests\Unit\RouteOptimizedTest" classname="Tests.Unit.RouteOptimizedTest" assertions="4" time="0.010857"/>
        <testcase name="it_has_controller_namespace_structure" file="/www/wwwroot/jobportal.prus.dev/tests/Unit/RouteOptimizedTest.php" line="44" class="Tests\Unit\RouteOptimizedTest" classname="Tests.Unit.RouteOptimizedTest" assertions="2" time="0.021141">
          <failure type="PHPUnit\Framework\ExpectationFailedException">Tests\Unit\RouteOptimizedTest::it_has_controller_namespace_structure
Failed asserting that directory "/www/wwwroot/jobportal.prus.dev/tests/Unit/../../app/Http/Controllers/Auth" exists.

/www/wwwroot/jobportal.prus.dev/tests/Unit/RouteOptimizedTest.php:52</failure>
        </testcase>
        <testcase name="it_has_middleware_structure" file="/www/wwwroot/jobportal.prus.dev/tests/Unit/RouteOptimizedTest.php" line="56" class="Tests\Unit\RouteOptimizedTest" classname="Tests.Unit.RouteOptimizedTest" assertions="2" time="0.009898"/>
        <testcase name="it_has_basic_route_patterns" file="/www/wwwroot/jobportal.prus.dev/tests/Unit/RouteOptimizedTest.php" line="68" class="Tests\Unit\RouteOptimizedTest" classname="Tests.Unit.RouteOptimizedTest" assertions="2" time="0.010283"/>
        <testcase name="it_has_api_route_structure" file="/www/wwwroot/jobportal.prus.dev/tests/Unit/RouteOptimizedTest.php" line="83" class="Tests\Unit\RouteOptimizedTest" classname="Tests.Unit.RouteOptimizedTest" assertions="2" time="0.015003"/>
      </testsuite>
      <testsuite name="Tests\Unit\RouteTest" file="/www/wwwroot/jobportal.prus.dev/tests/Unit/RouteTest.php" tests="4" assertions="4" errors="0" failures="4" skipped="0" time="2.900671">
        <testcase name="it_has_welcome_route" file="/www/wwwroot/jobportal.prus.dev/tests/Unit/RouteTest.php" line="16" class="Tests\Unit\RouteTest" classname="Tests.Unit.RouteTest" assertions="1" time="0.506637">
          <failure type="PHPUnit\Framework\ExpectationFailedException">Tests\Unit\RouteTest::it_has_welcome_route
Failed asserting that an array contains 'login'.

/www/wwwroot/jobportal.prus.dev/tests/Unit/RouteTest.php:28</failure>
        </testcase>
        <testcase name="it_has_auth_routes" file="/www/wwwroot/jobportal.prus.dev/tests/Unit/RouteTest.php" line="35" class="Tests\Unit\RouteTest" classname="Tests.Unit.RouteTest" assertions="1" time="0.711541">
          <failure type="PHPUnit\Framework\ExpectationFailedException">Tests\Unit\RouteTest::it_has_auth_routes
Failed asserting that an array contains 'login'.

/www/wwwroot/jobportal.prus.dev/tests/Unit/RouteTest.php:47</failure>
        </testcase>
        <testcase name="it_has_candidate_routes" file="/www/wwwroot/jobportal.prus.dev/tests/Unit/RouteTest.php" line="53" class="Tests\Unit\RouteTest" classname="Tests.Unit.RouteTest" assertions="1" time="0.621078">
          <failure type="PHPUnit\Framework\ExpectationFailedException">Tests\Unit\RouteTest::it_has_candidate_routes
Failed asserting that an array contains 'candidate.profile'.

/www/wwwroot/jobportal.prus.dev/tests/Unit/RouteTest.php:65</failure>
        </testcase>
        <testcase name="it_has_employer_routes" file="/www/wwwroot/jobportal.prus.dev/tests/Unit/RouteTest.php" line="73" class="Tests\Unit\RouteTest" classname="Tests.Unit.RouteTest" assertions="1" time="1.061415">
          <failure type="PHPUnit\Framework\ExpectationFailedException">Tests\Unit\RouteTest::it_has_employer_routes
Failed asserting that an array contains 'employer.company'.

/www/wwwroot/jobportal.prus.dev/tests/Unit/RouteTest.php:85</failure>
        </testcase>
      </testsuite>
      <testsuite name="Tests\Unit\Services\JobServiceTest" file="/www/wwwroot/jobportal.prus.dev/tests/Unit/Services/JobServiceTest.php" tests="3" assertions="3" errors="0" failures="0" skipped="0" time="1.740434">
        <testcase name="it_can_search_jobs" file="/www/wwwroot/jobportal.prus.dev/tests/Unit/Services/JobServiceTest.php" line="18" class="Tests\Unit\Services\JobServiceTest" classname="Tests.Unit.Services.JobServiceTest" assertions="1" time="0.679492"/>
        <testcase name="it_can_filter_jobs_by_category" file="/www/wwwroot/jobportal.prus.dev/tests/Unit/Services/JobServiceTest.php" line="25" class="Tests\Unit\Services\JobServiceTest" classname="Tests.Unit.Services.JobServiceTest" assertions="1" time="0.483984"/>
        <testcase name="it_can_calculate_job_statistics" file="/www/wwwroot/jobportal.prus.dev/tests/Unit/Services/JobServiceTest.php" line="32" class="Tests\Unit\Services\JobServiceTest" classname="Tests.Unit.Services.JobServiceTest" assertions="1" time="0.576958"/>
      </testsuite>
      <testsuite name="Tests\Unit\SimpleModelTest" file="/www/wwwroot/jobportal.prus.dev/tests/Unit/SimpleModelTest.php" tests="5" assertions="29" errors="0" failures="0" skipped="0" time="0.001502">
        <testcase name="it_can_instantiate_candidate_model" file="/www/wwwroot/jobportal.prus.dev/tests/Unit/SimpleModelTest.php" line="16" class="Tests\Unit\SimpleModelTest" classname="Tests.Unit.SimpleModelTest" assertions="1" time="0.000576"/>
        <testcase name="it_has_correct_fillable_attributes" file="/www/wwwroot/jobportal.prus.dev/tests/Unit/SimpleModelTest.php" line="24" class="Tests\Unit\SimpleModelTest" classname="Tests.Unit.SimpleModelTest" assertions="17" time="0.000265"/>
        <testcase name="it_has_correct_casts" file="/www/wwwroot/jobportal.prus.dev/tests/Unit/SimpleModelTest.php" line="55" class="Tests\Unit\SimpleModelTest" classname="Tests.Unit.SimpleModelTest" assertions="5" time="0.000241"/>
        <testcase name="it_has_status_constants" file="/www/wwwroot/jobportal.prus.dev/tests/Unit/SimpleModelTest.php" line="71" class="Tests\Unit\SimpleModelTest" classname="Tests.Unit.SimpleModelTest" assertions="5" time="0.000198"/>
        <testcase name="it_has_table_name" file="/www/wwwroot/jobportal.prus.dev/tests/Unit/SimpleModelTest.php" line="81" class="Tests\Unit\SimpleModelTest" classname="Tests.Unit.SimpleModelTest" assertions="1" time="0.000221"/>
      </testsuite>
      <testsuite name="Tests\Unit\SimpleTest" file="/www/wwwroot/jobportal.prus.dev/tests/Unit/SimpleTest.php" tests="2" assertions="2" errors="0" failures="0" skipped="0" time="0.000426">
        <testcase name="it_can_run_basic_test" file="/www/wwwroot/jobportal.prus.dev/tests/Unit/SimpleTest.php" line="15" class="Tests\Unit\SimpleTest" classname="Tests.Unit.SimpleTest" assertions="1" time="0.000226"/>
        <testcase name="it_can_perform_basic_math" file="/www/wwwroot/jobportal.prus.dev/tests/Unit/SimpleTest.php" line="21" class="Tests\Unit\SimpleTest" classname="Tests.Unit.SimpleTest" assertions="1" time="0.000200"/>
      </testsuite>
      <testsuite name="Tests\Unit\Universal\UniversalAISecurityServiceTest" file="/www/wwwroot/jobportal.prus.dev/tests/Unit/Universal/UniversalAISecurityServiceTest.php" tests="17" assertions="0" errors="17" failures="0" skipped="0" time="14.057703">
        <testcase name="test_analyze_threat_level_returns_proper_structure" file="/www/wwwroot/jobportal.prus.dev/tests/Unit/Universal/UniversalAISecurityServiceTest.php" line="34" class="Tests\Unit\Universal\UniversalAISecurityServiceTest" classname="Tests.Unit.Universal.UniversalAISecurityServiceTest" assertions="0" time="0.670749">
          <error type="Error">Tests\Unit\Universal\UniversalAISecurityServiceTest::test_analyze_threat_level_returns_proper_structure
Error: Typed property Symfony\Component\HttpFoundation\Request::$headers must not be accessed before initialization

/www/wwwroot/jobportal.prus.dev/app/Services/Universal/UniversalAISecurityService.php:305
/www/wwwroot/jobportal.prus.dev/app/Services/Universal/UniversalAISecurityService.php:261
/www/wwwroot/jobportal.prus.dev/app/Services/Universal/UniversalAISecurityService.php:46
/www/wwwroot/jobportal.prus.dev/tests/Unit/Universal/UniversalAISecurityServiceTest.php:44</error>
        </testcase>
        <testcase name="test_threat_score_is_numeric_and_within_bounds" file="/www/wwwroot/jobportal.prus.dev/tests/Unit/Universal/UniversalAISecurityServiceTest.php" line="55" class="Tests\Unit\Universal\UniversalAISecurityServiceTest" classname="Tests.Unit.Universal.UniversalAISecurityServiceTest" assertions="0" time="1.088408">
          <error type="Error">Tests\Unit\Universal\UniversalAISecurityServiceTest::test_threat_score_is_numeric_and_within_bounds
Error: Typed property Symfony\Component\HttpFoundation\Request::$headers must not be accessed before initialization

/www/wwwroot/jobportal.prus.dev/app/Services/Universal/UniversalAISecurityService.php:305
/www/wwwroot/jobportal.prus.dev/app/Services/Universal/UniversalAISecurityService.php:261
/www/wwwroot/jobportal.prus.dev/app/Services/Universal/UniversalAISecurityService.php:46
/www/wwwroot/jobportal.prus.dev/tests/Unit/Universal/UniversalAISecurityServiceTest.php:65</error>
        </testcase>
        <testcase name="test_risk_level_calculation_for_different_scores" file="/www/wwwroot/jobportal.prus.dev/tests/Unit/Universal/UniversalAISecurityServiceTest.php" line="73" class="Tests\Unit\Universal\UniversalAISecurityServiceTest" classname="Tests.Unit.Universal.UniversalAISecurityServiceTest" assertions="0" time="0.979078">
          <error type="Error">Tests\Unit\Universal\UniversalAISecurityServiceTest::test_risk_level_calculation_for_different_scores
Error: Call to undefined method App\Services\Universal\UniversalAISecurityService@anonymous::testCalculateRiskLevel()

/www/wwwroot/jobportal.prus.dev/tests/Unit/Universal/UniversalAISecurityServiceTest.php:92</error>
        </testcase>
        <testcase name="test_behavioral_analysis_detects_high_request_frequency" file="/www/wwwroot/jobportal.prus.dev/tests/Unit/Universal/UniversalAISecurityServiceTest.php" line="100" class="Tests\Unit\Universal\UniversalAISecurityServiceTest" classname="Tests.Unit.Universal.UniversalAISecurityServiceTest" assertions="0" time="1.002531">
          <error type="Error">Tests\Unit\Universal\UniversalAISecurityServiceTest::test_behavioral_analysis_detects_high_request_frequency
Error: Typed property Symfony\Component\HttpFoundation\Request::$headers must not be accessed before initialization

/www/wwwroot/jobportal.prus.dev/app/Services/Universal/UniversalAISecurityService.php:305
/www/wwwroot/jobportal.prus.dev/app/Services/Universal/UniversalAISecurityService.php:261
/www/wwwroot/jobportal.prus.dev/app/Services/Universal/UniversalAISecurityService.php:46
/www/wwwroot/jobportal.prus.dev/tests/Unit/Universal/UniversalAISecurityServiceTest.php:117</error>
        </testcase>
        <testcase name="test_sql_injection_pattern_detection" file="/www/wwwroot/jobportal.prus.dev/tests/Unit/Universal/UniversalAISecurityServiceTest.php" line="124" class="Tests\Unit\Universal\UniversalAISecurityServiceTest" classname="Tests.Unit.Universal.UniversalAISecurityServiceTest" assertions="0" time="0.889853">
          <error type="Error">Tests\Unit\Universal\UniversalAISecurityServiceTest::test_sql_injection_pattern_detection
Error: Typed property Symfony\Component\HttpFoundation\Request::$headers must not be accessed before initialization

/www/wwwroot/jobportal.prus.dev/app/Services/Universal/UniversalAISecurityService.php:305
/www/wwwroot/jobportal.prus.dev/app/Services/Universal/UniversalAISecurityService.php:261
/www/wwwroot/jobportal.prus.dev/app/Services/Universal/UniversalAISecurityService.php:46
/www/wwwroot/jobportal.prus.dev/tests/Unit/Universal/UniversalAISecurityServiceTest.php:136</error>
        </testcase>
        <testcase name="test_xss_pattern_detection" file="/www/wwwroot/jobportal.prus.dev/tests/Unit/Universal/UniversalAISecurityServiceTest.php" line="143" class="Tests\Unit\Universal\UniversalAISecurityServiceTest" classname="Tests.Unit.Universal.UniversalAISecurityServiceTest" assertions="0" time="0.730665">
          <error type="Error">Tests\Unit\Universal\UniversalAISecurityServiceTest::test_xss_pattern_detection
Error: Typed property Symfony\Component\HttpFoundation\Request::$headers must not be accessed before initialization

/www/wwwroot/jobportal.prus.dev/app/Services/Universal/UniversalAISecurityService.php:305
/www/wwwroot/jobportal.prus.dev/app/Services/Universal/UniversalAISecurityService.php:261
/www/wwwroot/jobportal.prus.dev/app/Services/Universal/UniversalAISecurityService.php:46
/www/wwwroot/jobportal.prus.dev/tests/Unit/Universal/UniversalAISecurityServiceTest.php:155</error>
        </testcase>
        <testcase name="test_machine_learning_prediction_integration" file="/www/wwwroot/jobportal.prus.dev/tests/Unit/Universal/UniversalAISecurityServiceTest.php" line="162" class="Tests\Unit\Universal\UniversalAISecurityServiceTest" classname="Tests.Unit.Universal.UniversalAISecurityServiceTest" assertions="0" time="0.632131">
          <error type="Error">Tests\Unit\Universal\UniversalAISecurityServiceTest::test_machine_learning_prediction_integration
Error: Typed property Symfony\Component\HttpFoundation\Request::$headers must not be accessed before initialization

/www/wwwroot/jobportal.prus.dev/app/Services/Universal/UniversalAISecurityService.php:305
/www/wwwroot/jobportal.prus.dev/app/Services/Universal/UniversalAISecurityService.php:261
/www/wwwroot/jobportal.prus.dev/app/Services/Universal/UniversalAISecurityService.php:46
/www/wwwroot/jobportal.prus.dev/tests/Unit/Universal/UniversalAISecurityServiceTest.php:173</error>
        </testcase>
        <testcase name="test_feature_extraction_for_ml_model" file="/www/wwwroot/jobportal.prus.dev/tests/Unit/Universal/UniversalAISecurityServiceTest.php" line="181" class="Tests\Unit\Universal\UniversalAISecurityServiceTest" classname="Tests.Unit.Universal.UniversalAISecurityServiceTest" assertions="0" time="0.719929">
          <error type="Error">Tests\Unit\Universal\UniversalAISecurityServiceTest::test_feature_extraction_for_ml_model
Error: Call to undefined method App\Services\Universal\UniversalAISecurityService@anonymous::testExtractMLFeatures()

/www/wwwroot/jobportal.prus.dev/tests/Unit/Universal/UniversalAISecurityServiceTest.php:204</error>
        </testcase>
        <testcase name="test_decision_tree_model_prediction" file="/www/wwwroot/jobportal.prus.dev/tests/Unit/Universal/UniversalAISecurityServiceTest.php" line="215" class="Tests\Unit\Universal\UniversalAISecurityServiceTest" classname="Tests.Unit.Universal.UniversalAISecurityServiceTest" assertions="0" time="0.896567">
          <error type="Error">Tests\Unit\Universal\UniversalAISecurityServiceTest::test_decision_tree_model_prediction
Error: Call to undefined method App\Services\Universal\UniversalAISecurityService@anonymous::testSimpleDecisionTree()

/www/wwwroot/jobportal.prus.dev/tests/Unit/Universal/UniversalAISecurityServiceTest.php:234</error>
        </testcase>
        <testcase name="test_ensemble_voting_combines_multiple_models" file="/www/wwwroot/jobportal.prus.dev/tests/Unit/Universal/UniversalAISecurityServiceTest.php" line="244" class="Tests\Unit\Universal\UniversalAISecurityServiceTest" classname="Tests.Unit.Universal.UniversalAISecurityServiceTest" assertions="0" time="1.184546">
          <error type="Error">Tests\Unit\Universal\UniversalAISecurityServiceTest::test_ensemble_voting_combines_multiple_models
Error: Call to undefined method App\Services\Universal\UniversalAISecurityService@anonymous::testEnsembleVoting()

/www/wwwroot/jobportal.prus.dev/tests/Unit/Universal/UniversalAISecurityServiceTest.php:260</error>
        </testcase>
        <testcase name="test_security_recommendations_generation" file="/www/wwwroot/jobportal.prus.dev/tests/Unit/Universal/UniversalAISecurityServiceTest.php" line="270" class="Tests\Unit\Universal\UniversalAISecurityServiceTest" classname="Tests.Unit.Universal.UniversalAISecurityServiceTest" assertions="0" time="0.710479">
          <error type="Error">Tests\Unit\Universal\UniversalAISecurityServiceTest::test_security_recommendations_generation
Error: Call to undefined method App\Services\Universal\UniversalAISecurityService@anonymous::testGenerateSecurityRecommendations()

/www/wwwroot/jobportal.prus.dev/tests/Unit/Universal/UniversalAISecurityServiceTest.php:292</error>
        </testcase>
        <testcase name="test_handles_analysis_errors_gracefully" file="/www/wwwroot/jobportal.prus.dev/tests/Unit/Universal/UniversalAISecurityServiceTest.php" line="301" class="Tests\Unit\Universal\UniversalAISecurityServiceTest" classname="Tests.Unit.Universal.UniversalAISecurityServiceTest" assertions="0" time="0.575367">
          <error type="Exception">Tests\Unit\Universal\UniversalAISecurityServiceTest::test_handles_analysis_errors_gracefully
Exception: Network error

/www/wwwroot/jobportal.prus.dev/tests/Unit/Universal/UniversalAISecurityServiceTest.php:305</error>
        </testcase>
        <testcase name="test_private_ip_detection" file="/www/wwwroot/jobportal.prus.dev/tests/Unit/Universal/UniversalAISecurityServiceTest.php" line="316" class="Tests\Unit\Universal\UniversalAISecurityServiceTest" classname="Tests.Unit.Universal.UniversalAISecurityServiceTest" assertions="0" time="0.496199">
          <error type="Error">Tests\Unit\Universal\UniversalAISecurityServiceTest::test_private_ip_detection
Error: Call to undefined method App\Services\Universal\UniversalAISecurityService@anonymous::testIsPrivateIP()

/www/wwwroot/jobportal.prus.dev/tests/Unit/Universal/UniversalAISecurityServiceTest.php:326</error>
        </testcase>
        <testcase name="test_proxy_header_detection" file="/www/wwwroot/jobportal.prus.dev/tests/Unit/Universal/UniversalAISecurityServiceTest.php" line="335" class="Tests\Unit\Universal\UniversalAISecurityServiceTest" classname="Tests.Unit.Universal.UniversalAISecurityServiceTest" assertions="0" time="0.641639">
          <error type="Error">Tests\Unit\Universal\UniversalAISecurityServiceTest::test_proxy_header_detection
Error: Call to undefined method App\Services\Universal\UniversalAISecurityService@anonymous::testHasProxyHeaders()

/www/wwwroot/jobportal.prus.dev/tests/Unit/Universal/UniversalAISecurityServiceTest.php:349</error>
        </testcase>
        <testcase name="test_threat_analysis_with_authenticated_user" file="/www/wwwroot/jobportal.prus.dev/tests/Unit/Universal/UniversalAISecurityServiceTest.php" line="353" class="Tests\Unit\Universal\UniversalAISecurityServiceTest" classname="Tests.Unit.Universal.UniversalAISecurityServiceTest" assertions="0" time="0.995012">
          <error type="Error">Tests\Unit\Universal\UniversalAISecurityServiceTest::test_threat_analysis_with_authenticated_user
Error: Class "App\Models\User" not found

/www/wwwroot/jobportal.prus.dev/tests/Unit/Universal/UniversalAISecurityServiceTest.php:355</error>
        </testcase>
        <testcase name="test_sql_injection_pattern_scoring" file="/www/wwwroot/jobportal.prus.dev/tests/Unit/Universal/UniversalAISecurityServiceTest.php" line="373" class="Tests\Unit\Universal\UniversalAISecurityServiceTest" classname="Tests.Unit.Universal.UniversalAISecurityServiceTest" assertions="0" time="0.936379">
          <error type="Error">Tests\Unit\Universal\UniversalAISecurityServiceTest::test_sql_injection_pattern_scoring
Error: Call to undefined method App\Services\Universal\UniversalAISecurityService@anonymous::testDetectSQLInjectionPatterns()

/www/wwwroot/jobportal.prus.dev/tests/Unit/Universal/UniversalAISecurityServiceTest.php:389</error>
        </testcase>
        <testcase name="test_threat_score_capping" file="/www/wwwroot/jobportal.prus.dev/tests/Unit/Universal/UniversalAISecurityServiceTest.php" line="403" class="Tests\Unit\Universal\UniversalAISecurityServiceTest" classname="Tests.Unit.Universal.UniversalAISecurityServiceTest" assertions="0" time="0.908171">
          <error type="Error">Tests\Unit\Universal\UniversalAISecurityServiceTest::test_threat_score_capping
Error: Typed property Symfony\Component\HttpFoundation\Request::$headers must not be accessed before initialization

/www/wwwroot/jobportal.prus.dev/app/Services/Universal/UniversalAISecurityService.php:305
/www/wwwroot/jobportal.prus.dev/app/Services/Universal/UniversalAISecurityService.php:261
/www/wwwroot/jobportal.prus.dev/app/Services/Universal/UniversalAISecurityService.php:46
/www/wwwroot/jobportal.prus.dev/tests/Unit/Universal/UniversalAISecurityServiceTest.php:417</error>
        </testcase>
      </testsuite>
    </testsuite>
    <testsuite name="Feature" tests="1823" assertions="1453" errors="1662" failures="62" skipped="5" time="187.927527">
      <testsuite name="Tests\Feature\ActionableIntegrationTest" file="/www/wwwroot/jobportal.prus.dev/tests/Feature/ActionableIntegrationTest.php" tests="8" assertions="0" errors="8" failures="0" skipped="0" time="0.000000">
        <testcase name="it_can_create_job_using_actionable_architecture" file="/www/wwwroot/jobportal.prus.dev/tests/Feature/ActionableIntegrationTest.php" line="59" class="Tests\Feature\ActionableIntegrationTest" classname="Tests.Feature.ActionableIntegrationTest" assertions="0" time="0.000000">
          <error type="Error">Tests\Feature\ActionableIntegrationTest::it_can_create_job_using_actionable_architecture
Error: Class "App\Models\User" not found

/www/wwwroot/jobportal.prus.dev/tests/Feature/ActionableIntegrationTest.php:53</error>
        </testcase>
        <testcase name="it_can_process_job_application_with_comprehensive_business_logic" file="/www/wwwroot/jobportal.prus.dev/tests/Feature/ActionableIntegrationTest.php" line="119" class="Tests\Feature\ActionableIntegrationTest" classname="Tests.Feature.ActionableIntegrationTest" assertions="0" time="0.000000">
          <error type="Error">Tests\Feature\ActionableIntegrationTest::it_can_process_job_application_with_comprehensive_business_logic
Error: Class "App\Models\User" not found

/www/wwwroot/jobportal.prus.dev/tests/Feature/ActionableIntegrationTest.php:53</error>
        </testcase>
        <testcase name="it_prevents_duplicate_job_applications" file="/www/wwwroot/jobportal.prus.dev/tests/Feature/ActionableIntegrationTest.php" line="195" class="Tests\Feature\ActionableIntegrationTest" classname="Tests.Feature.ActionableIntegrationTest" assertions="0" time="0.000000">
          <error type="Error">Tests\Feature\ActionableIntegrationTest::it_prevents_duplicate_job_applications
Error: Class "App\Models\User" not found

/www/wwwroot/jobportal.prus.dev/tests/Feature/ActionableIntegrationTest.php:53</error>
        </testcase>
        <testcase name="it_respects_job_application_limits" file="/www/wwwroot/jobportal.prus.dev/tests/Feature/ActionableIntegrationTest.php" line="224" class="Tests\Feature\ActionableIntegrationTest" classname="Tests.Feature.ActionableIntegrationTest" assertions="0" time="0.000000">
          <error type="Error">Tests\Feature\ActionableIntegrationTest::it_respects_job_application_limits
Error: Class "App\Models\User" not found

/www/wwwroot/jobportal.prus.dev/tests/Feature/ActionableIntegrationTest.php:53</error>
        </testcase>
        <testcase name="dto_transformations_work_with_smart_attributes" file="/www/wwwroot/jobportal.prus.dev/tests/Feature/ActionableIntegrationTest.php" line="252" class="Tests\Feature\ActionableIntegrationTest" classname="Tests.Feature.ActionableIntegrationTest" assertions="0" time="0.000000">
          <error type="Error">Tests\Feature\ActionableIntegrationTest::dto_transformations_work_with_smart_attributes
Error: Class "App\Models\User" not found

/www/wwwroot/jobportal.prus.dev/tests/Feature/ActionableIntegrationTest.php:53</error>
        </testcase>
        <testcase name="actions_can_be_dispatched_to_queue" file="/www/wwwroot/jobportal.prus.dev/tests/Feature/ActionableIntegrationTest.php" line="300" class="Tests\Feature\ActionableIntegrationTest" classname="Tests.Feature.ActionableIntegrationTest" assertions="0" time="0.000000">
          <error type="Error">Tests\Feature\ActionableIntegrationTest::actions_can_be_dispatched_to_queue
Error: Class "App\Models\User" not found

/www/wwwroot/jobportal.prus.dev/tests/Feature/ActionableIntegrationTest.php:53</error>
        </testcase>
        <testcase name="laravel_model_settings_integration_works_seamlessly" file="/www/wwwroot/jobportal.prus.dev/tests/Feature/ActionableIntegrationTest.php" line="320" class="Tests\Feature\ActionableIntegrationTest" classname="Tests.Feature.ActionableIntegrationTest" assertions="0" time="0.000000">
          <error type="Error">Tests\Feature\ActionableIntegrationTest::laravel_model_settings_integration_works_seamlessly
Error: Class "App\Models\User" not found

/www/wwwroot/jobportal.prus.dev/tests/Feature/ActionableIntegrationTest.php:53</error>
        </testcase>
        <testcase name="business_logic_is_reusable_across_contexts" file="/www/wwwroot/jobportal.prus.dev/tests/Feature/ActionableIntegrationTest.php" line="362" class="Tests\Feature\ActionableIntegrationTest" classname="Tests.Feature.ActionableIntegrationTest" assertions="0" time="0.000000">
          <error type="Error">Tests\Feature\ActionableIntegrationTest::business_logic_is_reusable_across_contexts
Error: Class "App\Models\User" not found

/www/wwwroot/jobportal.prus.dev/tests/Feature/ActionableIntegrationTest.php:53</error>
        </testcase>
      </testsuite>
      <testsuite name="Tests\Feature\Admin\MasterDataControllerTest" file="/www/wwwroot/jobportal.prus.dev/tests/Feature/Admin/MasterDataControllerTest.php" tests="17" assertions="0" errors="17" failures="0" skipped="0" time="0.000000">
        <testcase name="test_index_displays_correctly" file="/www/wwwroot/jobportal.prus.dev/tests/Feature/Admin/MasterDataControllerTest.php" line="36" class="Tests\Feature\Admin\MasterDataControllerTest" classname="Tests.Feature.Admin.MasterDataControllerTest" assertions="0" time="0.000000">
          <error type="Error">Tests\Feature\Admin\MasterDataControllerTest::test_index_displays_correctly
Error: Class "App\Models\User" not found

/www/wwwroot/jobportal.prus.dev/tests/Feature/Admin/MasterDataControllerTest.php:30</error>
        </testcase>
        <testcase name="test_guest_can_access_public_pages" file="/www/wwwroot/jobportal.prus.dev/tests/Feature/Admin/MasterDataControllerTest.php" line="48" class="Tests\Feature\Admin\MasterDataControllerTest" classname="Tests.Feature.Admin.MasterDataControllerTest" assertions="0" time="0.000000">
          <error type="Error">Tests\Feature\Admin\MasterDataControllerTest::test_guest_can_access_public_pages
Error: Class "App\Models\User" not found

/www/wwwroot/jobportal.prus.dev/tests/Feature/Admin/MasterDataControllerTest.php:30</error>
        </testcase>
        <testcase name="test_authenticated_user_access" file="/www/wwwroot/jobportal.prus.dev/tests/Feature/Admin/MasterDataControllerTest.php" line="59" class="Tests\Feature\Admin\MasterDataControllerTest" classname="Tests.Feature.Admin.MasterDataControllerTest" assertions="0" time="0.000000">
          <error type="Error">Tests\Feature\Admin\MasterDataControllerTest::test_authenticated_user_access
Error: Class "App\Models\User" not found

/www/wwwroot/jobportal.prus.dev/tests/Feature/Admin/MasterDataControllerTest.php:30</error>
        </testcase>
        <testcase name="test_create_displays_form" file="/www/wwwroot/jobportal.prus.dev/tests/Feature/Admin/MasterDataControllerTest.php" line="71" class="Tests\Feature\Admin\MasterDataControllerTest" classname="Tests.Feature.Admin.MasterDataControllerTest" assertions="0" time="0.000000">
          <error type="Error">Tests\Feature\Admin\MasterDataControllerTest::test_create_displays_form
Error: Class "App\Models\User" not found

/www/wwwroot/jobportal.prus.dev/tests/Feature/Admin/MasterDataControllerTest.php:30</error>
        </testcase>
        <testcase name="test_store_creates_new_record" file="/www/wwwroot/jobportal.prus.dev/tests/Feature/Admin/MasterDataControllerTest.php" line="83" class="Tests\Feature\Admin\MasterDataControllerTest" classname="Tests.Feature.Admin.MasterDataControllerTest" assertions="0" time="0.000000">
          <error type="Error">Tests\Feature\Admin\MasterDataControllerTest::test_store_creates_new_record
Error: Class "App\Models\User" not found

/www/wwwroot/jobportal.prus.dev/tests/Feature/Admin/MasterDataControllerTest.php:30</error>
        </testcase>
        <testcase name="test_store_validates_required_fields" file="/www/wwwroot/jobportal.prus.dev/tests/Feature/Admin/MasterDataControllerTest.php" line="102" class="Tests\Feature\Admin\MasterDataControllerTest" classname="Tests.Feature.Admin.MasterDataControllerTest" assertions="0" time="0.000000">
          <error type="Error">Tests\Feature\Admin\MasterDataControllerTest::test_store_validates_required_fields
Error: Class "App\Models\User" not found

/www/wwwroot/jobportal.prus.dev/tests/Feature/Admin/MasterDataControllerTest.php:30</error>
        </testcase>
        <testcase name="test_show_displays_record" file="/www/wwwroot/jobportal.prus.dev/tests/Feature/Admin/MasterDataControllerTest.php" line="114" class="Tests\Feature\Admin\MasterDataControllerTest" classname="Tests.Feature.Admin.MasterDataControllerTest" assertions="0" time="0.000000">
          <error type="Error">Tests\Feature\Admin\MasterDataControllerTest::test_show_displays_record
Error: Class "App\Models\User" not found

/www/wwwroot/jobportal.prus.dev/tests/Feature/Admin/MasterDataControllerTest.php:30</error>
        </testcase>
        <testcase name="test_edit_displays_form" file="/www/wwwroot/jobportal.prus.dev/tests/Feature/Admin/MasterDataControllerTest.php" line="128" class="Tests\Feature\Admin\MasterDataControllerTest" classname="Tests.Feature.Admin.MasterDataControllerTest" assertions="0" time="0.000000">
          <error type="Error">Tests\Feature\Admin\MasterDataControllerTest::test_edit_displays_form
Error: Class "App\Models\User" not found

/www/wwwroot/jobportal.prus.dev/tests/Feature/Admin/MasterDataControllerTest.php:30</error>
        </testcase>
        <testcase name="test_update_modifies_record" file="/www/wwwroot/jobportal.prus.dev/tests/Feature/Admin/MasterDataControllerTest.php" line="139" class="Tests\Feature\Admin\MasterDataControllerTest" classname="Tests.Feature.Admin.MasterDataControllerTest" assertions="0" time="0.000000">
          <error type="Error">Tests\Feature\Admin\MasterDataControllerTest::test_update_modifies_record
Error: Class "App\Models\User" not found

/www/wwwroot/jobportal.prus.dev/tests/Feature/Admin/MasterDataControllerTest.php:30</error>
        </testcase>
        <testcase name="test_destroy_deletes_record" file="/www/wwwroot/jobportal.prus.dev/tests/Feature/Admin/MasterDataControllerTest.php" line="156" class="Tests\Feature\Admin\MasterDataControllerTest" classname="Tests.Feature.Admin.MasterDataControllerTest" assertions="0" time="0.000000">
          <error type="Error">Tests\Feature\Admin\MasterDataControllerTest::test_destroy_deletes_record
Error: Class "App\Models\User" not found

/www/wwwroot/jobportal.prus.dev/tests/Feature/Admin/MasterDataControllerTest.php:30</error>
        </testcase>
        <testcase name="test_unauthorized_access_is_prevented" file="/www/wwwroot/jobportal.prus.dev/tests/Feature/Admin/MasterDataControllerTest.php" line="168" class="Tests\Feature\Admin\MasterDataControllerTest" classname="Tests.Feature.Admin.MasterDataControllerTest" assertions="0" time="0.000000">
          <error type="Error">Tests\Feature\Admin\MasterDataControllerTest::test_unauthorized_access_is_prevented
Error: Class "App\Models\User" not found

/www/wwwroot/jobportal.prus.dev/tests/Feature/Admin/MasterDataControllerTest.php:30</error>
        </testcase>
        <testcase name="test_handles_invalid_input_gracefully" file="/www/wwwroot/jobportal.prus.dev/tests/Feature/Admin/MasterDataControllerTest.php" line="179" class="Tests\Feature\Admin\MasterDataControllerTest" classname="Tests.Feature.Admin.MasterDataControllerTest" assertions="0" time="0.000000">
          <error type="Error">Tests\Feature\Admin\MasterDataControllerTest::test_handles_invalid_input_gracefully
Error: Class "App\Models\User" not found

/www/wwwroot/jobportal.prus.dev/tests/Feature/Admin/MasterDataControllerTest.php:30</error>
        </testcase>
        <testcase name="test_search_functionality" file="/www/wwwroot/jobportal.prus.dev/tests/Feature/Admin/MasterDataControllerTest.php" line="196" class="Tests\Feature\Admin\MasterDataControllerTest" classname="Tests.Feature.Admin.MasterDataControllerTest" assertions="0" time="0.000000">
          <error type="Error">Tests\Feature\Admin\MasterDataControllerTest::test_search_functionality
Error: Class "App\Models\User" not found

/www/wwwroot/jobportal.prus.dev/tests/Feature/Admin/MasterDataControllerTest.php:30</error>
        </testcase>
        <testcase name="test_pagination_works_correctly" file="/www/wwwroot/jobportal.prus.dev/tests/Feature/Admin/MasterDataControllerTest.php" line="210" class="Tests\Feature\Admin\MasterDataControllerTest" classname="Tests.Feature.Admin.MasterDataControllerTest" assertions="0" time="0.000000">
          <error type="Error">Tests\Feature\Admin\MasterDataControllerTest::test_pagination_works_correctly
Error: Class "App\Models\User" not found

/www/wwwroot/jobportal.prus.dev/tests/Feature/Admin/MasterDataControllerTest.php:30</error>
        </testcase>
        <testcase name="test_csrf_protection_is_enforced" file="/www/wwwroot/jobportal.prus.dev/tests/Feature/Admin/MasterDataControllerTest.php" line="221" class="Tests\Feature\Admin\MasterDataControllerTest" classname="Tests.Feature.Admin.MasterDataControllerTest" assertions="0" time="0.000000">
          <error type="Error">Tests\Feature\Admin\MasterDataControllerTest::test_csrf_protection_is_enforced
Error: Class "App\Models\User" not found

/www/wwwroot/jobportal.prus.dev/tests/Feature/Admin/MasterDataControllerTest.php:30</error>
        </testcase>
        <testcase name="test_rate_limiting_prevents_abuse" file="/www/wwwroot/jobportal.prus.dev/tests/Feature/Admin/MasterDataControllerTest.php" line="233" class="Tests\Feature\Admin\MasterDataControllerTest" classname="Tests.Feature.Admin.MasterDataControllerTest" assertions="0" time="0.000000">
          <error type="Error">Tests\Feature\Admin\MasterDataControllerTest::test_rate_limiting_prevents_abuse
Error: Class "App\Models\User" not found

/www/wwwroot/jobportal.prus.dev/tests/Feature/Admin/MasterDataControllerTest.php:30</error>
        </testcase>
        <testcase name="test_handles_server_errors_gracefully" file="/www/wwwroot/jobportal.prus.dev/tests/Feature/Admin/MasterDataControllerTest.php" line="248" class="Tests\Feature\Admin\MasterDataControllerTest" classname="Tests.Feature.Admin.MasterDataControllerTest" assertions="0" time="0.000000">
          <error type="Error">Tests\Feature\Admin\MasterDataControllerTest::test_handles_server_errors_gracefully
Error: Class "App\Models\User" not found

/www/wwwroot/jobportal.prus.dev/tests/Feature/Admin/MasterDataControllerTest.php:30</error>
        </testcase>
      </testsuite>
      <testsuite name="Tests\Feature\Admin\OwnershipTypeControllerTest" file="/www/wwwroot/jobportal.prus.dev/tests/Feature/Admin/OwnershipTypeControllerTest.php" tests="17" assertions="0" errors="17" failures="0" skipped="0" time="0.000000">
        <testcase name="test_index_displays_correctly" file="/www/wwwroot/jobportal.prus.dev/tests/Feature/Admin/OwnershipTypeControllerTest.php" line="36" class="Tests\Feature\Admin\OwnershipTypeControllerTest" classname="Tests.Feature.Admin.OwnershipTypeControllerTest" assertions="0" time="0.000000">
          <error type="Error">Tests\Feature\Admin\OwnershipTypeControllerTest::test_index_displays_correctly
Error: Class "App\Models\User" not found

/www/wwwroot/jobportal.prus.dev/tests/Feature/Admin/OwnershipTypeControllerTest.php:30</error>
        </testcase>
        <testcase name="test_guest_can_access_public_pages" file="/www/wwwroot/jobportal.prus.dev/tests/Feature/Admin/OwnershipTypeControllerTest.php" line="48" class="Tests\Feature\Admin\OwnershipTypeControllerTest" classname="Tests.Feature.Admin.OwnershipTypeControllerTest" assertions="0" time="0.000000">
          <error type="Error">Tests\Feature\Admin\OwnershipTypeControllerTest::test_guest_can_access_public_pages
Error: Class "App\Models\User" not found

/www/wwwroot/jobportal.prus.dev/tests/Feature/Admin/OwnershipTypeControllerTest.php:30</error>
        </testcase>
        <testcase name="test_authenticated_user_access" file="/www/wwwroot/jobportal.prus.dev/tests/Feature/Admin/OwnershipTypeControllerTest.php" line="59" class="Tests\Feature\Admin\OwnershipTypeControllerTest" classname="Tests.Feature.Admin.OwnershipTypeControllerTest" assertions="0" time="0.000000">
          <error type="Error">Tests\Feature\Admin\OwnershipTypeControllerTest::test_authenticated_user_access
Error: Class "App\Models\User" not found

/www/wwwroot/jobportal.prus.dev/tests/Feature/Admin/OwnershipTypeControllerTest.php:30</error>
        </testcase>
        <testcase name="test_create_displays_form" file="/www/wwwroot/jobportal.prus.dev/tests/Feature/Admin/OwnershipTypeControllerTest.php" line="71" class="Tests\Feature\Admin\OwnershipTypeControllerTest" classname="Tests.Feature.Admin.OwnershipTypeControllerTest" assertions="0" time="0.000000">
          <error type="Error">Tests\Feature\Admin\OwnershipTypeControllerTest::test_create_displays_form
Error: Class "App\Models\User" not found

/www/wwwroot/jobportal.prus.dev/tests/Feature/Admin/OwnershipTypeControllerTest.php:30</error>
        </testcase>
        <testcase name="test_store_creates_new_record" file="/www/wwwroot/jobportal.prus.dev/tests/Feature/Admin/OwnershipTypeControllerTest.php" line="83" class="Tests\Feature\Admin\OwnershipTypeControllerTest" classname="Tests.Feature.Admin.OwnershipTypeControllerTest" assertions="0" time="0.000000">
          <error type="Error">Tests\Feature\Admin\OwnershipTypeControllerTest::test_store_creates_new_record
Error: Class "App\Models\User" not found

/www/wwwroot/jobportal.prus.dev/tests/Feature/Admin/OwnershipTypeControllerTest.php:30</error>
        </testcase>
        <testcase name="test_store_validates_required_fields" file="/www/wwwroot/jobportal.prus.dev/tests/Feature/Admin/OwnershipTypeControllerTest.php" line="102" class="Tests\Feature\Admin\OwnershipTypeControllerTest" classname="Tests.Feature.Admin.OwnershipTypeControllerTest" assertions="0" time="0.000000">
          <error type="Error">Tests\Feature\Admin\OwnershipTypeControllerTest::test_store_validates_required_fields
Error: Class "App\Models\User" not found

/www/wwwroot/jobportal.prus.dev/tests/Feature/Admin/OwnershipTypeControllerTest.php:30</error>
        </testcase>
        <testcase name="test_show_displays_record" file="/www/wwwroot/jobportal.prus.dev/tests/Feature/Admin/OwnershipTypeControllerTest.php" line="114" class="Tests\Feature\Admin\OwnershipTypeControllerTest" classname="Tests.Feature.Admin.OwnershipTypeControllerTest" assertions="0" time="0.000000">
          <error type="Error">Tests\Feature\Admin\OwnershipTypeControllerTest::test_show_displays_record
Error: Class "App\Models\User" not found

/www/wwwroot/jobportal.prus.dev/tests/Feature/Admin/OwnershipTypeControllerTest.php:30</error>
        </testcase>
        <testcase name="test_edit_displays_form" file="/www/wwwroot/jobportal.prus.dev/tests/Feature/Admin/OwnershipTypeControllerTest.php" line="128" class="Tests\Feature\Admin\OwnershipTypeControllerTest" classname="Tests.Feature.Admin.OwnershipTypeControllerTest" assertions="0" time="0.000000">
          <error type="Error">Tests\Feature\Admin\OwnershipTypeControllerTest::test_edit_displays_form
Error: Class "App\Models\User" not found

/www/wwwroot/jobportal.prus.dev/tests/Feature/Admin/OwnershipTypeControllerTest.php:30</error>
        </testcase>
        <testcase name="test_update_modifies_record" file="/www/wwwroot/jobportal.prus.dev/tests/Feature/Admin/OwnershipTypeControllerTest.php" line="139" class="Tests\Feature\Admin\OwnershipTypeControllerTest" classname="Tests.Feature.Admin.OwnershipTypeControllerTest" assertions="0" time="0.000000">
          <error type="Error">Tests\Feature\Admin\OwnershipTypeControllerTest::test_update_modifies_record
Error: Class "App\Models\User" not found

/www/wwwroot/jobportal.prus.dev/tests/Feature/Admin/OwnershipTypeControllerTest.php:30</error>
        </testcase>
        <testcase name="test_destroy_deletes_record" file="/www/wwwroot/jobportal.prus.dev/tests/Feature/Admin/OwnershipTypeControllerTest.php" line="156" class="Tests\Feature\Admin\OwnershipTypeControllerTest" classname="Tests.Feature.Admin.OwnershipTypeControllerTest" assertions="0" time="0.000000">
          <error type="Error">Tests\Feature\Admin\OwnershipTypeControllerTest::test_destroy_deletes_record
Error: Class "App\Models\User" not found

/www/wwwroot/jobportal.prus.dev/tests/Feature/Admin/OwnershipTypeControllerTest.php:30</error>
        </testcase>
        <testcase name="test_unauthorized_access_is_prevented" file="/www/wwwroot/jobportal.prus.dev/tests/Feature/Admin/OwnershipTypeControllerTest.php" line="168" class="Tests\Feature\Admin\OwnershipTypeControllerTest" classname="Tests.Feature.Admin.OwnershipTypeControllerTest" assertions="0" time="0.000000">
          <error type="Error">Tests\Feature\Admin\OwnershipTypeControllerTest::test_unauthorized_access_is_prevented
Error: Class "App\Models\User" not found

/www/wwwroot/jobportal.prus.dev/tests/Feature/Admin/OwnershipTypeControllerTest.php:30</error>
        </testcase>
        <testcase name="test_handles_invalid_input_gracefully" file="/www/wwwroot/jobportal.prus.dev/tests/Feature/Admin/OwnershipTypeControllerTest.php" line="179" class="Tests\Feature\Admin\OwnershipTypeControllerTest" classname="Tests.Feature.Admin.OwnershipTypeControllerTest" assertions="0" time="0.000000">
          <error type="Error">Tests\Feature\Admin\OwnershipTypeControllerTest::test_handles_invalid_input_gracefully
Error: Class "App\Models\User" not found

/www/wwwroot/jobportal.prus.dev/tests/Feature/Admin/OwnershipTypeControllerTest.php:30</error>
        </testcase>
        <testcase name="test_search_functionality" file="/www/wwwroot/jobportal.prus.dev/tests/Feature/Admin/OwnershipTypeControllerTest.php" line="196" class="Tests\Feature\Admin\OwnershipTypeControllerTest" classname="Tests.Feature.Admin.OwnershipTypeControllerTest" assertions="0" time="0.000000">
          <error type="Error">Tests\Feature\Admin\OwnershipTypeControllerTest::test_search_functionality
Error: Class "App\Models\User" not found

/www/wwwroot/jobportal.prus.dev/tests/Feature/Admin/OwnershipTypeControllerTest.php:30</error>
        </testcase>
        <testcase name="test_pagination_works_correctly" file="/www/wwwroot/jobportal.prus.dev/tests/Feature/Admin/OwnershipTypeControllerTest.php" line="210" class="Tests\Feature\Admin\OwnershipTypeControllerTest" classname="Tests.Feature.Admin.OwnershipTypeControllerTest" assertions="0" time="0.000000">
          <error type="Error">Tests\Feature\Admin\OwnershipTypeControllerTest::test_pagination_works_correctly
Error: Class "App\Models\User" not found

/www/wwwroot/jobportal.prus.dev/tests/Feature/Admin/OwnershipTypeControllerTest.php:30</error>
        </testcase>
        <testcase name="test_csrf_protection_is_enforced" file="/www/wwwroot/jobportal.prus.dev/tests/Feature/Admin/OwnershipTypeControllerTest.php" line="221" class="Tests\Feature\Admin\OwnershipTypeControllerTest" classname="Tests.Feature.Admin.OwnershipTypeControllerTest" assertions="0" time="0.000000">
          <error type="Error">Tests\Feature\Admin\OwnershipTypeControllerTest::test_csrf_protection_is_enforced
Error: Class "App\Models\User" not found

/www/wwwroot/jobportal.prus.dev/tests/Feature/Admin/OwnershipTypeControllerTest.php:30</error>
        </testcase>
        <testcase name="test_rate_limiting_prevents_abuse" file="/www/wwwroot/jobportal.prus.dev/tests/Feature/Admin/OwnershipTypeControllerTest.php" line="233" class="Tests\Feature\Admin\OwnershipTypeControllerTest" classname="Tests.Feature.Admin.OwnershipTypeControllerTest" assertions="0" time="0.000000">
          <error type="Error">Tests\Feature\Admin\OwnershipTypeControllerTest::test_rate_limiting_prevents_abuse
Error: Class "App\Models\User" not found

/www/wwwroot/jobportal.prus.dev/tests/Feature/Admin/OwnershipTypeControllerTest.php:30</error>
        </testcase>
        <testcase name="test_handles_server_errors_gracefully" file="/www/wwwroot/jobportal.prus.dev/tests/Feature/Admin/OwnershipTypeControllerTest.php" line="248" class="Tests\Feature\Admin\OwnershipTypeControllerTest" classname="Tests.Feature.Admin.OwnershipTypeControllerTest" assertions="0" time="0.000000">
          <error type="Error">Tests\Feature\Admin\OwnershipTypeControllerTest::test_handles_server_errors_gracefully
Error: Class "App\Models\User" not found

/www/wwwroot/jobportal.prus.dev/tests/Feature/Admin/OwnershipTypeControllerTest.php:30</error>
        </testcase>
      </testsuite>
      <testsuite name="Tests\Feature\Api\JobApiTest" file="/www/wwwroot/jobportal.prus.dev/tests/Feature/Api/JobApiTest.php" tests="5" assertions="0" errors="5" failures="0" skipped="0" time="0.000000">
        <testcase name="it_can_list_jobs_via_api" file="/www/wwwroot/jobportal.prus.dev/tests/Feature/Api/JobApiTest.php" line="28" class="Tests\Feature\Api\JobApiTest" classname="Tests.Feature.Api.JobApiTest" assertions="0" time="0.000000">
          <error type="Error">Tests\Feature\Api\JobApiTest::it_can_list_jobs_via_api
Error: Class "App\Models\User" not found

/www/wwwroot/jobportal.prus.dev/tests/Feature/Api/JobApiTest.php:24</error>
        </testcase>
        <testcase name="it_can_create_job_via_api" file="/www/wwwroot/jobportal.prus.dev/tests/Feature/Api/JobApiTest.php" line="44" class="Tests\Feature\Api\JobApiTest" classname="Tests.Feature.Api.JobApiTest" assertions="0" time="0.000000">
          <error type="Error">Tests\Feature\Api\JobApiTest::it_can_create_job_via_api
Error: Class "App\Models\User" not found

/www/wwwroot/jobportal.prus.dev/tests/Feature/Api/JobApiTest.php:24</error>
        </testcase>
        <testcase name="it_can_show_job_via_api" file="/www/wwwroot/jobportal.prus.dev/tests/Feature/Api/JobApiTest.php" line="64" class="Tests\Feature\Api\JobApiTest" classname="Tests.Feature.Api.JobApiTest" assertions="0" time="0.000000">
          <error type="Error">Tests\Feature\Api\JobApiTest::it_can_show_job_via_api
Error: Class "App\Models\User" not found

/www/wwwroot/jobportal.prus.dev/tests/Feature/Api/JobApiTest.php:24</error>
        </testcase>
        <testcase name="it_requires_authentication_for_protected_endpoints" file="/www/wwwroot/jobportal.prus.dev/tests/Feature/Api/JobApiTest.php" line="76" class="Tests\Feature\Api\JobApiTest" classname="Tests.Feature.Api.JobApiTest" assertions="0" time="0.000000">
          <error type="Error">Tests\Feature\Api\JobApiTest::it_requires_authentication_for_protected_endpoints
Error: Class "App\Models\User" not found

/www/wwwroot/jobportal.prus.dev/tests/Feature/Api/JobApiTest.php:24</error>
        </testcase>
        <testcase name="it_validates_required_fields" file="/www/wwwroot/jobportal.prus.dev/tests/Feature/Api/JobApiTest.php" line="84" class="Tests\Feature\Api\JobApiTest" classname="Tests.Feature.Api.JobApiTest" assertions="0" time="0.000000">
          <error type="Error">Tests\Feature\Api\JobApiTest::it_validates_required_fields
Error: Class "App\Models\User" not found

/www/wwwroot/jobportal.prus.dev/tests/Feature/Api/JobApiTest.php:24</error>
        </testcase>
      </testsuite>
      <testsuite name="Tests\Feature\Api\SettingsManagementApiTest" file="/www/wwwroot/jobportal.prus.dev/tests/Feature/Api/SettingsManagementApiTest.php" tests="20" assertions="0" errors="20" failures="0" skipped="0" time="0.000000">
        <testcase name="it_can_retrieve_model_settings_using_actionable_action" file="/www/wwwroot/jobportal.prus.dev/tests/Feature/Api/SettingsManagementApiTest.php" line="59" class="Tests\Feature\Api\SettingsManagementApiTest" classname="Tests.Feature.Api.SettingsManagementApiTest" assertions="0" time="0.000000">
          <error type="Error">Tests\Feature\Api\SettingsManagementApiTest::it_can_retrieve_model_settings_using_actionable_action
Error: Class "App\Models\User" not found

/www/wwwroot/jobportal.prus.dev/tests/Feature/Api/SettingsManagementApiTest.php:45</error>
        </testcase>
        <testcase name="it_can_update_model_settings_using_actionable_action" file="/www/wwwroot/jobportal.prus.dev/tests/Feature/Api/SettingsManagementApiTest.php" line="83" class="Tests\Feature\Api\SettingsManagementApiTest" classname="Tests.Feature.Api.SettingsManagementApiTest" assertions="0" time="0.000000">
          <error type="Error">Tests\Feature\Api\SettingsManagementApiTest::it_can_update_model_settings_using_actionable_action
Error: Class "App\Models\User" not found

/www/wwwroot/jobportal.prus.dev/tests/Feature/Api/SettingsManagementApiTest.php:45</error>
        </testcase>
        <testcase name="it_properly_tracks_changes_in_settings_update_data" file="/www/wwwroot/jobportal.prus.dev/tests/Feature/Api/SettingsManagementApiTest.php" line="114" class="Tests\Feature\Api\SettingsManagementApiTest" classname="Tests.Feature.Api.SettingsManagementApiTest" assertions="0" time="0.000000">
          <error type="Error">Tests\Feature\Api\SettingsManagementApiTest::it_properly_tracks_changes_in_settings_update_data
Error: Class "App\Models\User" not found

/www/wwwroot/jobportal.prus.dev/tests/Feature/Api/SettingsManagementApiTest.php:45</error>
        </testcase>
        <testcase name="it_can_get_available_models_via_api" file="/www/wwwroot/jobportal.prus.dev/tests/Feature/Api/SettingsManagementApiTest.php" line="147" class="Tests\Feature\Api\SettingsManagementApiTest" classname="Tests.Feature.Api.SettingsManagementApiTest" assertions="0" time="0.000000">
          <error type="Error">Tests\Feature\Api\SettingsManagementApiTest::it_can_get_available_models_via_api
Error: Class "App\Models\User" not found

/www/wwwroot/jobportal.prus.dev/tests/Feature/Api/SettingsManagementApiTest.php:45</error>
        </testcase>
        <testcase name="it_can_get_settings_schema_for_model_type" file="/www/wwwroot/jobportal.prus.dev/tests/Feature/Api/SettingsManagementApiTest.php" line="169" class="Tests\Feature\Api\SettingsManagementApiTest" classname="Tests.Feature.Api.SettingsManagementApiTest" assertions="0" time="0.000000">
          <error type="Error">Tests\Feature\Api\SettingsManagementApiTest::it_can_get_settings_schema_for_model_type
Error: Class "App\Models\User" not found

/www/wwwroot/jobportal.prus.dev/tests/Feature/Api/SettingsManagementApiTest.php:45</error>
        </testcase>
        <testcase name="it_can_get_model_settings_via_api" file="/www/wwwroot/jobportal.prus.dev/tests/Feature/Api/SettingsManagementApiTest.php" line="192" class="Tests\Feature\Api\SettingsManagementApiTest" classname="Tests.Feature.Api.SettingsManagementApiTest" assertions="0" time="0.000000">
          <error type="Error">Tests\Feature\Api\SettingsManagementApiTest::it_can_get_model_settings_via_api
Error: Class "App\Models\User" not found

/www/wwwroot/jobportal.prus.dev/tests/Feature/Api/SettingsManagementApiTest.php:45</error>
        </testcase>
        <testcase name="it_can_get_specific_settings_keys_via_api" file="/www/wwwroot/jobportal.prus.dev/tests/Feature/Api/SettingsManagementApiTest.php" line="220" class="Tests\Feature\Api\SettingsManagementApiTest" classname="Tests.Feature.Api.SettingsManagementApiTest" assertions="0" time="0.000000">
          <error type="Error">Tests\Feature\Api\SettingsManagementApiTest::it_can_get_specific_settings_keys_via_api
Error: Class "App\Models\User" not found

/www/wwwroot/jobportal.prus.dev/tests/Feature/Api/SettingsManagementApiTest.php:45</error>
        </testcase>
        <testcase name="it_can_update_model_settings_via_api" file="/www/wwwroot/jobportal.prus.dev/tests/Feature/Api/SettingsManagementApiTest.php" line="245" class="Tests\Feature\Api\SettingsManagementApiTest" classname="Tests.Feature.Api.SettingsManagementApiTest" assertions="0" time="0.000000">
          <error type="Error">Tests\Feature\Api\SettingsManagementApiTest::it_can_update_model_settings_via_api
Error: Class "App\Models\User" not found

/www/wwwroot/jobportal.prus.dev/tests/Feature/Api/SettingsManagementApiTest.php:45</error>
        </testcase>
        <testcase name="it_can_perform_bulk_updates_via_api" file="/www/wwwroot/jobportal.prus.dev/tests/Feature/Api/SettingsManagementApiTest.php" line="279" class="Tests\Feature\Api\SettingsManagementApiTest" classname="Tests.Feature.Api.SettingsManagementApiTest" assertions="0" time="0.000000">
          <error type="Error">Tests\Feature\Api\SettingsManagementApiTest::it_can_perform_bulk_updates_via_api
Error: Class "App\Models\User" not found

/www/wwwroot/jobportal.prus.dev/tests/Feature/Api/SettingsManagementApiTest.php:45</error>
        </testcase>
        <testcase name="it_caches_settings_retrieval_properly" file="/www/wwwroot/jobportal.prus.dev/tests/Feature/Api/SettingsManagementApiTest.php" line="330" class="Tests\Feature\Api\SettingsManagementApiTest" classname="Tests.Feature.Api.SettingsManagementApiTest" assertions="0" time="0.000000">
          <error type="Error">Tests\Feature\Api\SettingsManagementApiTest::it_caches_settings_retrieval_properly
Error: Class "App\Models\User" not found

/www/wwwroot/jobportal.prus.dev/tests/Feature/Api/SettingsManagementApiTest.php:45</error>
        </testcase>
        <testcase name="it_clears_cache_after_settings_update" file="/www/wwwroot/jobportal.prus.dev/tests/Feature/Api/SettingsManagementApiTest.php" line="350" class="Tests\Feature\Api\SettingsManagementApiTest" classname="Tests.Feature.Api.SettingsManagementApiTest" assertions="0" time="0.000000">
          <error type="Error">Tests\Feature\Api\SettingsManagementApiTest::it_clears_cache_after_settings_update
Error: Class "App\Models\User" not found

/www/wwwroot/jobportal.prus.dev/tests/Feature/Api/SettingsManagementApiTest.php:45</error>
        </testcase>
        <testcase name="it_validates_required_fields_in_update_request" file="/www/wwwroot/jobportal.prus.dev/tests/Feature/Api/SettingsManagementApiTest.php" line="372" class="Tests\Feature\Api\SettingsManagementApiTest" classname="Tests.Feature.Api.SettingsManagementApiTest" assertions="0" time="0.000000">
          <error type="Error">Tests\Feature\Api\SettingsManagementApiTest::it_validates_required_fields_in_update_request
Error: Class "App\Models\User" not found

/www/wwwroot/jobportal.prus.dev/tests/Feature/Api/SettingsManagementApiTest.php:45</error>
        </testcase>
        <testcase name="it_validates_update_strategy_values" file="/www/wwwroot/jobportal.prus.dev/tests/Feature/Api/SettingsManagementApiTest.php" line="384" class="Tests\Feature\Api\SettingsManagementApiTest" classname="Tests.Feature.Api.SettingsManagementApiTest" assertions="0" time="0.000000">
          <error type="Error">Tests\Feature\Api\SettingsManagementApiTest::it_validates_update_strategy_values
Error: Class "App\Models\User" not found

/www/wwwroot/jobportal.prus.dev/tests/Feature/Api/SettingsManagementApiTest.php:45</error>
        </testcase>
        <testcase name="it_handles_non_existent_model_gracefully" file="/www/wwwroot/jobportal.prus.dev/tests/Feature/Api/SettingsManagementApiTest.php" line="396" class="Tests\Feature\Api\SettingsManagementApiTest" classname="Tests.Feature.Api.SettingsManagementApiTest" assertions="0" time="0.000000">
          <error type="Error">Tests\Feature\Api\SettingsManagementApiTest::it_handles_non_existent_model_gracefully
Error: Class "App\Models\User" not found

/www/wwwroot/jobportal.prus.dev/tests/Feature/Api/SettingsManagementApiTest.php:45</error>
        </testcase>
        <testcase name="it_validates_bulk_update_model_ids_limit" file="/www/wwwroot/jobportal.prus.dev/tests/Feature/Api/SettingsManagementApiTest.php" line="410" class="Tests\Feature\Api\SettingsManagementApiTest" classname="Tests.Feature.Api.SettingsManagementApiTest" assertions="0" time="0.000000">
          <error type="Error">Tests\Feature\Api\SettingsManagementApiTest::it_validates_bulk_update_model_ids_limit
Error: Class "App\Models\User" not found

/www/wwwroot/jobportal.prus.dev/tests/Feature/Api/SettingsManagementApiTest.php:45</error>
        </testcase>
        <testcase name="it_works_with_different_model_types" file="/www/wwwroot/jobportal.prus.dev/tests/Feature/Api/SettingsManagementApiTest.php" line="428" class="Tests\Feature\Api\SettingsManagementApiTest" classname="Tests.Feature.Api.SettingsManagementApiTest" assertions="0" time="0.000000">
          <error type="Error">Tests\Feature\Api\SettingsManagementApiTest::it_works_with_different_model_types
Error: Class "App\Models\User" not found

/www/wwwroot/jobportal.prus.dev/tests/Feature/Api/SettingsManagementApiTest.php:45</error>
        </testcase>
        <testcase name="it_provides_public_api_information_without_authentication" file="/www/wwwroot/jobportal.prus.dev/tests/Feature/Api/SettingsManagementApiTest.php" line="463" class="Tests\Feature\Api\SettingsManagementApiTest" classname="Tests.Feature.Api.SettingsManagementApiTest" assertions="0" time="0.000000">
          <error type="Error">Tests\Feature\Api\SettingsManagementApiTest::it_provides_public_api_information_without_authentication
Error: Class "App\Models\User" not found

/www/wwwroot/jobportal.prus.dev/tests/Feature/Api/SettingsManagementApiTest.php:45</error>
        </testcase>
        <testcase name="it_provides_public_schema_information" file="/www/wwwroot/jobportal.prus.dev/tests/Feature/Api/SettingsManagementApiTest.php" line="487" class="Tests\Feature\Api\SettingsManagementApiTest" classname="Tests.Feature.Api.SettingsManagementApiTest" assertions="0" time="0.000000">
          <error type="Error">Tests\Feature\Api\SettingsManagementApiTest::it_provides_public_schema_information
Error: Class "App\Models\User" not found

/www/wwwroot/jobportal.prus.dev/tests/Feature/Api/SettingsManagementApiTest.php:45</error>
        </testcase>
        <testcase name="it_provides_api_documentation" file="/www/wwwroot/jobportal.prus.dev/tests/Feature/Api/SettingsManagementApiTest.php" line="517" class="Tests\Feature\Api\SettingsManagementApiTest" classname="Tests.Feature.Api.SettingsManagementApiTest" assertions="0" time="0.000000">
          <error type="Error">Tests\Feature\Api\SettingsManagementApiTest::it_provides_api_documentation
Error: Class "App\Models\User" not found

/www/wwwroot/jobportal.prus.dev/tests/Feature/Api/SettingsManagementApiTest.php:45</error>
        </testcase>
        <testcase name="it_provides_api_examples" file="/www/wwwroot/jobportal.prus.dev/tests/Feature/Api/SettingsManagementApiTest.php" line="544" class="Tests\Feature\Api\SettingsManagementApiTest" classname="Tests.Feature.Api.SettingsManagementApiTest" assertions="0" time="0.000000">
          <error type="Error">Tests\Feature\Api\SettingsManagementApiTest::it_provides_api_examples
Error: Class "App\Models\User" not found

/www/wwwroot/jobportal.prus.dev/tests/Feature/Api/SettingsManagementApiTest.php:45</error>
        </testcase>
      </testsuite>
      <testsuite name="Tests\Feature\Api\SimpleSettingsTest" file="/www/wwwroot/jobportal.prus.dev/tests/Feature/Api/SimpleSettingsTest.php" tests="5" assertions="0" errors="5" failures="0" skipped="0" time="0.000000">
        <testcase name="it_can_access_public_settings_info_without_auth" file="/www/wwwroot/jobportal.prus.dev/tests/Feature/Api/SimpleSettingsTest.php" line="33" class="Tests\Feature\Api\SimpleSettingsTest" classname="Tests.Feature.Api.SimpleSettingsTest" assertions="0" time="0.000000">
          <error type="Error">Tests\Feature\Api\SimpleSettingsTest::it_can_access_public_settings_info_without_auth
Error: Class "App\Models\User" not found

/www/wwwroot/jobportal.prus.dev/tests/Feature/Api/SimpleSettingsTest.php:26</error>
        </testcase>
        <testcase name="it_can_access_settings_docs" file="/www/wwwroot/jobportal.prus.dev/tests/Feature/Api/SimpleSettingsTest.php" line="52" class="Tests\Feature\Api\SimpleSettingsTest" classname="Tests.Feature.Api.SimpleSettingsTest" assertions="0" time="0.000000">
          <error type="Error">Tests\Feature\Api\SimpleSettingsTest::it_can_access_settings_docs
Error: Class "App\Models\User" not found

/www/wwwroot/jobportal.prus.dev/tests/Feature/Api/SimpleSettingsTest.php:26</error>
        </testcase>
        <testcase name="it_can_get_available_models" file="/www/wwwroot/jobportal.prus.dev/tests/Feature/Api/SimpleSettingsTest.php" line="71" class="Tests\Feature\Api\SimpleSettingsTest" classname="Tests.Feature.Api.SimpleSettingsTest" assertions="0" time="0.000000">
          <error type="Error">Tests\Feature\Api\SimpleSettingsTest::it_can_get_available_models
Error: Class "App\Models\User" not found

/www/wwwroot/jobportal.prus.dev/tests/Feature/Api/SimpleSettingsTest.php:26</error>
        </testcase>
        <testcase name="it_can_get_user_schema" file="/www/wwwroot/jobportal.prus.dev/tests/Feature/Api/SimpleSettingsTest.php" line="89" class="Tests\Feature\Api\SimpleSettingsTest" classname="Tests.Feature.Api.SimpleSettingsTest" assertions="0" time="0.000000">
          <error type="Error">Tests\Feature\Api\SimpleSettingsTest::it_can_get_user_schema
Error: Class "App\Models\User" not found

/www/wwwroot/jobportal.prus.dev/tests/Feature/Api/SimpleSettingsTest.php:26</error>
        </testcase>
        <testcase name="it_can_set_and_get_user_settings" file="/www/wwwroot/jobportal.prus.dev/tests/Feature/Api/SimpleSettingsTest.php" line="109" class="Tests\Feature\Api\SimpleSettingsTest" classname="Tests.Feature.Api.SimpleSettingsTest" assertions="0" time="0.000000">
          <error type="Error">Tests\Feature\Api\SimpleSettingsTest::it_can_set_and_get_user_settings
Error: Class "App\Models\User" not found

/www/wwwroot/jobportal.prus.dev/tests/Feature/Api/SimpleSettingsTest.php:26</error>
        </testcase>
      </testsuite>
      <testsuite name="Tests\Feature\Api\Universal\CandidateApiControllerTest" file="/www/wwwroot/jobportal.prus.dev/tests/Feature/Api/Universal/CandidateApiControllerTest.php" tests="21" assertions="0" errors="21" failures="0" skipped="0" time="0.000000">
        <testcase name="it_can_list_candidates_with_pagination" file="/www/wwwroot/jobportal.prus.dev/tests/Feature/Api/Universal/CandidateApiControllerTest.php" line="76" class="Tests\Feature\Api\Universal\CandidateApiControllerTest" classname="Tests.Feature.Api.Universal.CandidateApiControllerTest" assertions="0" time="0.000000">
          <error type="Error">Tests\Feature\Api\Universal\CandidateApiControllerTest::it_can_list_candidates_with_pagination
Error: Class "App\Models\User" not found

/www/wwwroot/jobportal.prus.dev/tests/Feature/Api/Universal/CandidateApiControllerTest.php:43</error>
        </testcase>
        <testcase name="it_can_search_candidates_by_keyword" file="/www/wwwroot/jobportal.prus.dev/tests/Feature/Api/Universal/CandidateApiControllerTest.php" line="110" class="Tests\Feature\Api\Universal\CandidateApiControllerTest" classname="Tests.Feature.Api.Universal.CandidateApiControllerTest" assertions="0" time="0.000000">
          <error type="Error">Tests\Feature\Api\Universal\CandidateApiControllerTest::it_can_search_candidates_by_keyword
Error: Class "App\Models\User" not found

/www/wwwroot/jobportal.prus.dev/tests/Feature/Api/Universal/CandidateApiControllerTest.php:43</error>
        </testcase>
        <testcase name="it_can_filter_candidates_by_location" file="/www/wwwroot/jobportal.prus.dev/tests/Feature/Api/Universal/CandidateApiControllerTest.php" line="125" class="Tests\Feature\Api\Universal\CandidateApiControllerTest" classname="Tests.Feature.Api.Universal.CandidateApiControllerTest" assertions="0" time="0.000000">
          <error type="Error">Tests\Feature\Api\Universal\CandidateApiControllerTest::it_can_filter_candidates_by_location
Error: Class "App\Models\User" not found

/www/wwwroot/jobportal.prus.dev/tests/Feature/Api/Universal/CandidateApiControllerTest.php:43</error>
        </testcase>
        <testcase name="it_can_show_specific_candidate" file="/www/wwwroot/jobportal.prus.dev/tests/Feature/Api/Universal/CandidateApiControllerTest.php" line="139" class="Tests\Feature\Api\Universal\CandidateApiControllerTest" classname="Tests.Feature.Api.Universal.CandidateApiControllerTest" assertions="0" time="0.000000">
          <error type="Error">Tests\Feature\Api\Universal\CandidateApiControllerTest::it_can_show_specific_candidate
Error: Class "App\Models\User" not found

/www/wwwroot/jobportal.prus.dev/tests/Feature/Api/Universal/CandidateApiControllerTest.php:43</error>
        </testcase>
        <testcase name="it_can_show_candidate_with_relationships" file="/www/wwwroot/jobportal.prus.dev/tests/Feature/Api/Universal/CandidateApiControllerTest.php" line="188" class="Tests\Feature\Api\Universal\CandidateApiControllerTest" classname="Tests.Feature.Api.Universal.CandidateApiControllerTest" assertions="0" time="0.000000">
          <error type="Error">Tests\Feature\Api\Universal\CandidateApiControllerTest::it_can_show_candidate_with_relationships
Error: Class "App\Models\User" not found

/www/wwwroot/jobportal.prus.dev/tests/Feature/Api/Universal/CandidateApiControllerTest.php:43</error>
        </testcase>
        <testcase name="it_requires_authentication_to_create_candidate" file="/www/wwwroot/jobportal.prus.dev/tests/Feature/Api/Universal/CandidateApiControllerTest.php" line="205" class="Tests\Feature\Api\Universal\CandidateApiControllerTest" classname="Tests.Feature.Api.Universal.CandidateApiControllerTest" assertions="0" time="0.000000">
          <error type="Error">Tests\Feature\Api\Universal\CandidateApiControllerTest::it_requires_authentication_to_create_candidate
Error: Class "App\Models\User" not found

/www/wwwroot/jobportal.prus.dev/tests/Feature/Api/Universal/CandidateApiControllerTest.php:43</error>
        </testcase>
        <testcase name="authenticated_user_can_create_candidate" file="/www/wwwroot/jobportal.prus.dev/tests/Feature/Api/Universal/CandidateApiControllerTest.php" line="219" class="Tests\Feature\Api\Universal\CandidateApiControllerTest" classname="Tests.Feature.Api.Universal.CandidateApiControllerTest" assertions="0" time="0.000000">
          <error type="Error">Tests\Feature\Api\Universal\CandidateApiControllerTest::authenticated_user_can_create_candidate
Error: Class "App\Models\User" not found

/www/wwwroot/jobportal.prus.dev/tests/Feature/Api/Universal/CandidateApiControllerTest.php:43</error>
        </testcase>
        <testcase name="it_validates_required_fields_when_creating_candidate" file="/www/wwwroot/jobportal.prus.dev/tests/Feature/Api/Universal/CandidateApiControllerTest.php" line="259" class="Tests\Feature\Api\Universal\CandidateApiControllerTest" classname="Tests.Feature.Api.Universal.CandidateApiControllerTest" assertions="0" time="0.000000">
          <error type="Error">Tests\Feature\Api\Universal\CandidateApiControllerTest::it_validates_required_fields_when_creating_candidate
Error: Class "App\Models\User" not found

/www/wwwroot/jobportal.prus.dev/tests/Feature/Api/Universal/CandidateApiControllerTest.php:43</error>
        </testcase>
        <testcase name="user_can_update_their_own_candidate_profile" file="/www/wwwroot/jobportal.prus.dev/tests/Feature/Api/Universal/CandidateApiControllerTest.php" line="270" class="Tests\Feature\Api\Universal\CandidateApiControllerTest" classname="Tests.Feature.Api.Universal.CandidateApiControllerTest" assertions="0" time="0.000000">
          <error type="Error">Tests\Feature\Api\Universal\CandidateApiControllerTest::user_can_update_their_own_candidate_profile
Error: Class "App\Models\User" not found

/www/wwwroot/jobportal.prus.dev/tests/Feature/Api/Universal/CandidateApiControllerTest.php:43</error>
        </testcase>
        <testcase name="user_cannot_update_other_users_candidate_profile" file="/www/wwwroot/jobportal.prus.dev/tests/Feature/Api/Universal/CandidateApiControllerTest.php" line="291" class="Tests\Feature\Api\Universal\CandidateApiControllerTest" classname="Tests.Feature.Api.Universal.CandidateApiControllerTest" assertions="0" time="0.000000">
          <error type="Error">Tests\Feature\Api\Universal\CandidateApiControllerTest::user_cannot_update_other_users_candidate_profile
Error: Class "App\Models\User" not found

/www/wwwroot/jobportal.prus.dev/tests/Feature/Api/Universal/CandidateApiControllerTest.php:43</error>
        </testcase>
        <testcase name="admin_can_update_any_candidate_profile" file="/www/wwwroot/jobportal.prus.dev/tests/Feature/Api/Universal/CandidateApiControllerTest.php" line="306" class="Tests\Feature\Api\Universal\CandidateApiControllerTest" classname="Tests.Feature.Api.Universal.CandidateApiControllerTest" assertions="0" time="0.000000">
          <error type="Error">Tests\Feature\Api\Universal\CandidateApiControllerTest::admin_can_update_any_candidate_profile
Error: Class "App\Models\User" not found

/www/wwwroot/jobportal.prus.dev/tests/Feature/Api/Universal/CandidateApiControllerTest.php:43</error>
        </testcase>
        <testcase name="user_can_delete_their_own_candidate_profile" file="/www/wwwroot/jobportal.prus.dev/tests/Feature/Api/Universal/CandidateApiControllerTest.php" line="321" class="Tests\Feature\Api\Universal\CandidateApiControllerTest" classname="Tests.Feature.Api.Universal.CandidateApiControllerTest" assertions="0" time="0.000000">
          <error type="Error">Tests\Feature\Api\Universal\CandidateApiControllerTest::user_can_delete_their_own_candidate_profile
Error: Class "App\Models\User" not found

/www/wwwroot/jobportal.prus.dev/tests/Feature/Api/Universal/CandidateApiControllerTest.php:43</error>
        </testcase>
        <testcase name="deletion_requires_confirmation" file="/www/wwwroot/jobportal.prus.dev/tests/Feature/Api/Universal/CandidateApiControllerTest.php" line="347" class="Tests\Feature\Api\Universal\CandidateApiControllerTest" classname="Tests.Feature.Api.Universal.CandidateApiControllerTest" assertions="0" time="0.000000">
          <error type="Error">Tests\Feature\Api\Universal\CandidateApiControllerTest::deletion_requires_confirmation
Error: Class "App\Models\User" not found

/www/wwwroot/jobportal.prus.dev/tests/Feature/Api/Universal/CandidateApiControllerTest.php:43</error>
        </testcase>
        <testcase name="admin_can_force_delete_candidate" file="/www/wwwroot/jobportal.prus.dev/tests/Feature/Api/Universal/CandidateApiControllerTest.php" line="360" class="Tests\Feature\Api\Universal\CandidateApiControllerTest" classname="Tests.Feature.Api.Universal.CandidateApiControllerTest" assertions="0" time="0.000000">
          <error type="Error">Tests\Feature\Api\Universal\CandidateApiControllerTest::admin_can_force_delete_candidate
Error: Class "App\Models\User" not found

/www/wwwroot/jobportal.prus.dev/tests/Feature/Api/Universal/CandidateApiControllerTest.php:43</error>
        </testcase>
        <testcase name="it_handles_rate_limiting_on_creation" file="/www/wwwroot/jobportal.prus.dev/tests/Feature/Api/Universal/CandidateApiControllerTest.php" line="374" class="Tests\Feature\Api\Universal\CandidateApiControllerTest" classname="Tests.Feature.Api.Universal.CandidateApiControllerTest" assertions="0" time="0.000000">
          <error type="Error">Tests\Feature\Api\Universal\CandidateApiControllerTest::it_handles_rate_limiting_on_creation
Error: Class "App\Models\User" not found

/www/wwwroot/jobportal.prus.dev/tests/Feature/Api/Universal/CandidateApiControllerTest.php:43</error>
        </testcase>
        <testcase name="it_includes_statistics_when_requested" file="/www/wwwroot/jobportal.prus.dev/tests/Feature/Api/Universal/CandidateApiControllerTest.php" line="397" class="Tests\Feature\Api\Universal\CandidateApiControllerTest" classname="Tests.Feature.Api.Universal.CandidateApiControllerTest" assertions="0" time="0.000000">
          <error type="Error">Tests\Feature\Api\Universal\CandidateApiControllerTest::it_includes_statistics_when_requested
Error: Class "App\Models\User" not found

/www/wwwroot/jobportal.prus.dev/tests/Feature/Api/Universal/CandidateApiControllerTest.php:43</error>
        </testcase>
        <testcase name="it_validates_salary_range_consistency" file="/www/wwwroot/jobportal.prus.dev/tests/Feature/Api/Universal/CandidateApiControllerTest.php" line="420" class="Tests\Feature\Api\Universal\CandidateApiControllerTest" classname="Tests.Feature.Api.Universal.CandidateApiControllerTest" assertions="0" time="0.000000">
          <error type="Error">Tests\Feature\Api\Universal\CandidateApiControllerTest::it_validates_salary_range_consistency
Error: Class "App\Models\User" not found

/www/wwwroot/jobportal.prus.dev/tests/Feature/Api/Universal/CandidateApiControllerTest.php:43</error>
        </testcase>
        <testcase name="it_handles_concurrent_updates_gracefully" file="/www/wwwroot/jobportal.prus.dev/tests/Feature/Api/Universal/CandidateApiControllerTest.php" line="437" class="Tests\Feature\Api\Universal\CandidateApiControllerTest" classname="Tests.Feature.Api.Universal.CandidateApiControllerTest" assertions="0" time="0.000000">
          <error type="Error">Tests\Feature\Api\Universal\CandidateApiControllerTest::it_handles_concurrent_updates_gracefully
Error: Class "App\Models\User" not found

/www/wwwroot/jobportal.prus.dev/tests/Feature/Api/Universal/CandidateApiControllerTest.php:43</error>
        </testcase>
        <testcase name="it_validates_phone_number_format" file="/www/wwwroot/jobportal.prus.dev/tests/Feature/Api/Universal/CandidateApiControllerTest.php" line="453" class="Tests\Feature\Api\Universal\CandidateApiControllerTest" classname="Tests.Feature.Api.Universal.CandidateApiControllerTest" assertions="0" time="0.000000">
          <error type="Error">Tests\Feature\Api\Universal\CandidateApiControllerTest::it_validates_phone_number_format
Error: Class "App\Models\User" not found

/www/wwwroot/jobportal.prus.dev/tests/Feature/Api/Universal/CandidateApiControllerTest.php:43</error>
        </testcase>
        <testcase name="it_handles_file_upload_for_avatar" file="/www/wwwroot/jobportal.prus.dev/tests/Feature/Api/Universal/CandidateApiControllerTest.php" line="470" class="Tests\Feature\Api\Universal\CandidateApiControllerTest" classname="Tests.Feature.Api.Universal.CandidateApiControllerTest" assertions="0" time="0.000000">
          <error type="Error">Tests\Feature\Api\Universal\CandidateApiControllerTest::it_handles_file_upload_for_avatar
Error: Class "App\Models\User" not found

/www/wwwroot/jobportal.prus.dev/tests/Feature/Api/Universal/CandidateApiControllerTest.php:43</error>
        </testcase>
        <testcase name="it_returns_proper_error_for_nonexistent_candidate" file="/www/wwwroot/jobportal.prus.dev/tests/Feature/Api/Universal/CandidateApiControllerTest.php" line="485" class="Tests\Feature\Api\Universal\CandidateApiControllerTest" classname="Tests.Feature.Api.Universal.CandidateApiControllerTest" assertions="0" time="0.000000">
          <error type="Error">Tests\Feature\Api\Universal\CandidateApiControllerTest::it_returns_proper_error_for_nonexistent_candidate
Error: Class "App\Models\User" not found

/www/wwwroot/jobportal.prus.dev/tests/Feature/Api/Universal/CandidateApiControllerTest.php:43</error>
        </testcase>
      </testsuite>
      <testsuite name="Tests\Feature\Api\Universal\CompanyApiControllerTest" file="/www/wwwroot/jobportal.prus.dev/tests/Feature/Api/Universal/CompanyApiControllerTest.php" tests="24" assertions="0" errors="24" failures="0" skipped="0" time="0.000000">
        <testcase name="it_can_list_companies_with_pagination" file="/www/wwwroot/jobportal.prus.dev/tests/Feature/Api/Universal/CompanyApiControllerTest.php" line="73" class="Tests\Feature\Api\Universal\CompanyApiControllerTest" classname="Tests.Feature.Api.Universal.CompanyApiControllerTest" assertions="0" time="0.000000">
          <error type="Error">Tests\Feature\Api\Universal\CompanyApiControllerTest::it_can_list_companies_with_pagination
Error: Class "App\Models\User" not found

/www/wwwroot/jobportal.prus.dev/tests/Feature/Api/Universal/CompanyApiControllerTest.php:42</error>
        </testcase>
        <testcase name="it_can_search_companies_by_name" file="/www/wwwroot/jobportal.prus.dev/tests/Feature/Api/Universal/CompanyApiControllerTest.php" line="108" class="Tests\Feature\Api\Universal\CompanyApiControllerTest" classname="Tests.Feature.Api.Universal.CompanyApiControllerTest" assertions="0" time="0.000000">
          <error type="Error">Tests\Feature\Api\Universal\CompanyApiControllerTest::it_can_search_companies_by_name
Error: Class "App\Models\User" not found

/www/wwwroot/jobportal.prus.dev/tests/Feature/Api/Universal/CompanyApiControllerTest.php:42</error>
        </testcase>
        <testcase name="it_can_filter_companies_by_industry" file="/www/wwwroot/jobportal.prus.dev/tests/Feature/Api/Universal/CompanyApiControllerTest.php" line="121" class="Tests\Feature\Api\Universal\CompanyApiControllerTest" classname="Tests.Feature.Api.Universal.CompanyApiControllerTest" assertions="0" time="0.000000">
          <error type="Error">Tests\Feature\Api\Universal\CompanyApiControllerTest::it_can_filter_companies_by_industry
Error: Class "App\Models\User" not found

/www/wwwroot/jobportal.prus.dev/tests/Feature/Api/Universal/CompanyApiControllerTest.php:42</error>
        </testcase>
        <testcase name="it_can_filter_companies_by_size" file="/www/wwwroot/jobportal.prus.dev/tests/Feature/Api/Universal/CompanyApiControllerTest.php" line="135" class="Tests\Feature\Api\Universal\CompanyApiControllerTest" classname="Tests.Feature.Api.Universal.CompanyApiControllerTest" assertions="0" time="0.000000">
          <error type="Error">Tests\Feature\Api\Universal\CompanyApiControllerTest::it_can_filter_companies_by_size
Error: Class "App\Models\User" not found

/www/wwwroot/jobportal.prus.dev/tests/Feature/Api/Universal/CompanyApiControllerTest.php:42</error>
        </testcase>
        <testcase name="it_can_show_specific_company" file="/www/wwwroot/jobportal.prus.dev/tests/Feature/Api/Universal/CompanyApiControllerTest.php" line="143" class="Tests\Feature\Api\Universal\CompanyApiControllerTest" classname="Tests.Feature.Api.Universal.CompanyApiControllerTest" assertions="0" time="0.000000">
          <error type="Error">Tests\Feature\Api\Universal\CompanyApiControllerTest::it_can_show_specific_company
Error: Class "App\Models\User" not found

/www/wwwroot/jobportal.prus.dev/tests/Feature/Api/Universal/CompanyApiControllerTest.php:42</error>
        </testcase>
        <testcase name="it_can_show_company_with_relationships" file="/www/wwwroot/jobportal.prus.dev/tests/Feature/Api/Universal/CompanyApiControllerTest.php" line="198" class="Tests\Feature\Api\Universal\CompanyApiControllerTest" classname="Tests.Feature.Api.Universal.CompanyApiControllerTest" assertions="0" time="0.000000">
          <error type="Error">Tests\Feature\Api\Universal\CompanyApiControllerTest::it_can_show_company_with_relationships
Error: Class "App\Models\User" not found

/www/wwwroot/jobportal.prus.dev/tests/Feature/Api/Universal/CompanyApiControllerTest.php:42</error>
        </testcase>
        <testcase name="it_requires_authentication_to_create_company" file="/www/wwwroot/jobportal.prus.dev/tests/Feature/Api/Universal/CompanyApiControllerTest.php" line="215" class="Tests\Feature\Api\Universal\CompanyApiControllerTest" classname="Tests.Feature.Api.Universal.CompanyApiControllerTest" assertions="0" time="0.000000">
          <error type="Error">Tests\Feature\Api\Universal\CompanyApiControllerTest::it_requires_authentication_to_create_company
Error: Class "App\Models\User" not found

/www/wwwroot/jobportal.prus.dev/tests/Feature/Api/Universal/CompanyApiControllerTest.php:42</error>
        </testcase>
        <testcase name="authenticated_user_can_create_company" file="/www/wwwroot/jobportal.prus.dev/tests/Feature/Api/Universal/CompanyApiControllerTest.php" line="228" class="Tests\Feature\Api\Universal\CompanyApiControllerTest" classname="Tests.Feature.Api.Universal.CompanyApiControllerTest" assertions="0" time="0.000000">
          <error type="Error">Tests\Feature\Api\Universal\CompanyApiControllerTest::authenticated_user_can_create_company
Error: Class "App\Models\User" not found

/www/wwwroot/jobportal.prus.dev/tests/Feature/Api/Universal/CompanyApiControllerTest.php:42</error>
        </testcase>
        <testcase name="it_validates_required_fields_when_creating_company" file="/www/wwwroot/jobportal.prus.dev/tests/Feature/Api/Universal/CompanyApiControllerTest.php" line="269" class="Tests\Feature\Api\Universal\CompanyApiControllerTest" classname="Tests.Feature.Api.Universal.CompanyApiControllerTest" assertions="0" time="0.000000">
          <error type="Error">Tests\Feature\Api\Universal\CompanyApiControllerTest::it_validates_required_fields_when_creating_company
Error: Class "App\Models\User" not found

/www/wwwroot/jobportal.prus.dev/tests/Feature/Api/Universal/CompanyApiControllerTest.php:42</error>
        </testcase>
        <testcase name="it_validates_unique_company_name" file="/www/wwwroot/jobportal.prus.dev/tests/Feature/Api/Universal/CompanyApiControllerTest.php" line="280" class="Tests\Feature\Api\Universal\CompanyApiControllerTest" classname="Tests.Feature.Api.Universal.CompanyApiControllerTest" assertions="0" time="0.000000">
          <error type="Error">Tests\Feature\Api\Universal\CompanyApiControllerTest::it_validates_unique_company_name
Error: Class "App\Models\User" not found

/www/wwwroot/jobportal.prus.dev/tests/Feature/Api/Universal/CompanyApiControllerTest.php:42</error>
        </testcase>
        <testcase name="user_can_update_their_own_company" file="/www/wwwroot/jobportal.prus.dev/tests/Feature/Api/Universal/CompanyApiControllerTest.php" line="296" class="Tests\Feature\Api\Universal\CompanyApiControllerTest" classname="Tests.Feature.Api.Universal.CompanyApiControllerTest" assertions="0" time="0.000000">
          <error type="Error">Tests\Feature\Api\Universal\CompanyApiControllerTest::user_can_update_their_own_company
Error: Class "App\Models\User" not found

/www/wwwroot/jobportal.prus.dev/tests/Feature/Api/Universal/CompanyApiControllerTest.php:42</error>
        </testcase>
        <testcase name="user_cannot_update_other_users_company" file="/www/wwwroot/jobportal.prus.dev/tests/Feature/Api/Universal/CompanyApiControllerTest.php" line="318" class="Tests\Feature\Api\Universal\CompanyApiControllerTest" classname="Tests.Feature.Api.Universal.CompanyApiControllerTest" assertions="0" time="0.000000">
          <error type="Error">Tests\Feature\Api\Universal\CompanyApiControllerTest::user_cannot_update_other_users_company
Error: Class "App\Models\User" not found

/www/wwwroot/jobportal.prus.dev/tests/Feature/Api/Universal/CompanyApiControllerTest.php:42</error>
        </testcase>
        <testcase name="admin_can_update_any_company" file="/www/wwwroot/jobportal.prus.dev/tests/Feature/Api/Universal/CompanyApiControllerTest.php" line="333" class="Tests\Feature\Api\Universal\CompanyApiControllerTest" classname="Tests.Feature.Api.Universal.CompanyApiControllerTest" assertions="0" time="0.000000">
          <error type="Error">Tests\Feature\Api\Universal\CompanyApiControllerTest::admin_can_update_any_company
Error: Class "App\Models\User" not found

/www/wwwroot/jobportal.prus.dev/tests/Feature/Api/Universal/CompanyApiControllerTest.php:42</error>
        </testcase>
        <testcase name="user_can_delete_their_own_company" file="/www/wwwroot/jobportal.prus.dev/tests/Feature/Api/Universal/CompanyApiControllerTest.php" line="349" class="Tests\Feature\Api\Universal\CompanyApiControllerTest" classname="Tests.Feature.Api.Universal.CompanyApiControllerTest" assertions="0" time="0.000000">
          <error type="Error">Tests\Feature\Api\Universal\CompanyApiControllerTest::user_can_delete_their_own_company
Error: Class "App\Models\User" not found

/www/wwwroot/jobportal.prus.dev/tests/Feature/Api/Universal/CompanyApiControllerTest.php:42</error>
        </testcase>
        <testcase name="deletion_requires_confirmation" file="/www/wwwroot/jobportal.prus.dev/tests/Feature/Api/Universal/CompanyApiControllerTest.php" line="375" class="Tests\Feature\Api\Universal\CompanyApiControllerTest" classname="Tests.Feature.Api.Universal.CompanyApiControllerTest" assertions="0" time="0.000000">
          <error type="Error">Tests\Feature\Api\Universal\CompanyApiControllerTest::deletion_requires_confirmation
Error: Class "App\Models\User" not found

/www/wwwroot/jobportal.prus.dev/tests/Feature/Api/Universal/CompanyApiControllerTest.php:42</error>
        </testcase>
        <testcase name="it_validates_website_url_format" file="/www/wwwroot/jobportal.prus.dev/tests/Feature/Api/Universal/CompanyApiControllerTest.php" line="388" class="Tests\Feature\Api\Universal\CompanyApiControllerTest" classname="Tests.Feature.Api.Universal.CompanyApiControllerTest" assertions="0" time="0.000000">
          <error type="Error">Tests\Feature\Api\Universal\CompanyApiControllerTest::it_validates_website_url_format
Error: Class "App\Models\User" not found

/www/wwwroot/jobportal.prus.dev/tests/Feature/Api/Universal/CompanyApiControllerTest.php:42</error>
        </testcase>
        <testcase name="it_validates_email_format" file="/www/wwwroot/jobportal.prus.dev/tests/Feature/Api/Universal/CompanyApiControllerTest.php" line="405" class="Tests\Feature\Api\Universal\CompanyApiControllerTest" classname="Tests.Feature.Api.Universal.CompanyApiControllerTest" assertions="0" time="0.000000">
          <error type="Error">Tests\Feature\Api\Universal\CompanyApiControllerTest::it_validates_email_format
Error: Class "App\Models\User" not found

/www/wwwroot/jobportal.prus.dev/tests/Feature/Api/Universal/CompanyApiControllerTest.php:42</error>
        </testcase>
        <testcase name="it_handles_logo_upload" file="/www/wwwroot/jobportal.prus.dev/tests/Feature/Api/Universal/CompanyApiControllerTest.php" line="421" class="Tests\Feature\Api\Universal\CompanyApiControllerTest" classname="Tests.Feature.Api.Universal.CompanyApiControllerTest" assertions="0" time="0.000000">
          <error type="Error">Tests\Feature\Api\Universal\CompanyApiControllerTest::it_handles_logo_upload
Error: Class "App\Models\User" not found

/www/wwwroot/jobportal.prus.dev/tests/Feature/Api/Universal/CompanyApiControllerTest.php:42</error>
        </testcase>
        <testcase name="it_includes_statistics_when_requested" file="/www/wwwroot/jobportal.prus.dev/tests/Feature/Api/Universal/CompanyApiControllerTest.php" line="436" class="Tests\Feature\Api\Universal\CompanyApiControllerTest" classname="Tests.Feature.Api.Universal.CompanyApiControllerTest" assertions="0" time="0.000000">
          <error type="Error">Tests\Feature\Api\Universal\CompanyApiControllerTest::it_includes_statistics_when_requested
Error: Class "App\Models\User" not found

/www/wwwroot/jobportal.prus.dev/tests/Feature/Api/Universal/CompanyApiControllerTest.php:42</error>
        </testcase>
        <testcase name="it_validates_founded_year_range" file="/www/wwwroot/jobportal.prus.dev/tests/Feature/Api/Universal/CompanyApiControllerTest.php" line="459" class="Tests\Feature\Api\Universal\CompanyApiControllerTest" classname="Tests.Feature.Api.Universal.CompanyApiControllerTest" assertions="0" time="0.000000">
          <error type="Error">Tests\Feature\Api\Universal\CompanyApiControllerTest::it_validates_founded_year_range
Error: Class "App\Models\User" not found

/www/wwwroot/jobportal.prus.dev/tests/Feature/Api/Universal/CompanyApiControllerTest.php:42</error>
        </testcase>
        <testcase name="it_handles_rate_limiting_on_creation" file="/www/wwwroot/jobportal.prus.dev/tests/Feature/Api/Universal/CompanyApiControllerTest.php" line="476" class="Tests\Feature\Api\Universal\CompanyApiControllerTest" classname="Tests.Feature.Api.Universal.CompanyApiControllerTest" assertions="0" time="0.000000">
          <error type="Error">Tests\Feature\Api\Universal\CompanyApiControllerTest::it_handles_rate_limiting_on_creation
Error: Class "App\Models\User" not found

/www/wwwroot/jobportal.prus.dev/tests/Feature/Api/Universal/CompanyApiControllerTest.php:42</error>
        </testcase>
        <testcase name="it_returns_proper_error_for_nonexistent_company" file="/www/wwwroot/jobportal.prus.dev/tests/Feature/Api/Universal/CompanyApiControllerTest.php" line="498" class="Tests\Feature\Api\Universal\CompanyApiControllerTest" classname="Tests.Feature.Api.Universal.CompanyApiControllerTest" assertions="0" time="0.000000">
          <error type="Error">Tests\Feature\Api\Universal\CompanyApiControllerTest::it_returns_proper_error_for_nonexistent_company
Error: Class "App\Models\User" not found

/www/wwwroot/jobportal.prus.dev/tests/Feature/Api/Universal/CompanyApiControllerTest.php:42</error>
        </testcase>
        <testcase name="it_can_filter_by_verification_status" file="/www/wwwroot/jobportal.prus.dev/tests/Feature/Api/Universal/CompanyApiControllerTest.php" line="510" class="Tests\Feature\Api\Universal\CompanyApiControllerTest" classname="Tests.Feature.Api.Universal.CompanyApiControllerTest" assertions="0" time="0.000000">
          <error type="Error">Tests\Feature\Api\Universal\CompanyApiControllerTest::it_can_filter_by_verification_status
Error: Class "App\Models\User" not found

/www/wwwroot/jobportal.prus.dev/tests/Feature/Api/Universal/CompanyApiControllerTest.php:42</error>
        </testcase>
        <testcase name="it_validates_employee_count_range" file="/www/wwwroot/jobportal.prus.dev/tests/Feature/Api/Universal/CompanyApiControllerTest.php" line="521" class="Tests\Feature\Api\Universal\CompanyApiControllerTest" classname="Tests.Feature.Api.Universal.CompanyApiControllerTest" assertions="0" time="0.000000">
          <error type="Error">Tests\Feature\Api\Universal\CompanyApiControllerTest::it_validates_employee_count_range
Error: Class "App\Models\User" not found

/www/wwwroot/jobportal.prus.dev/tests/Feature/Api/Universal/CompanyApiControllerTest.php:42</error>
        </testcase>
      </testsuite>
      <testsuite name="Tests\Feature\Api\Universal\JobApiControllerTest" file="/www/wwwroot/jobportal.prus.dev/tests/Feature/Api/Universal/JobApiControllerTest.php" tests="11" assertions="0" errors="11" failures="0" skipped="0" time="0.000000">
        <testcase name="test_index_returns_paginated_results" file="/www/wwwroot/jobportal.prus.dev/tests/Feature/Api/Universal/JobApiControllerTest.php" line="43" class="Tests\Feature\Api\Universal\JobApiControllerTest" classname="Tests.Feature.Api.Universal.JobApiControllerTest" assertions="0" time="0.000000">
          <error type="Error">Tests\Feature\Api\Universal\JobApiControllerTest::test_index_returns_paginated_results
Error: Class "App\Models\User" not found

/www/wwwroot/jobportal.prus.dev/tests/Feature/Api/Universal/JobApiControllerTest.php:31</error>
        </testcase>
        <testcase name="test_store_creates_new_resource" file="/www/wwwroot/jobportal.prus.dev/tests/Feature/Api/Universal/JobApiControllerTest.php" line="67" class="Tests\Feature\Api\Universal\JobApiControllerTest" classname="Tests.Feature.Api.Universal.JobApiControllerTest" assertions="0" time="0.000000">
          <error type="Error">Tests\Feature\Api\Universal\JobApiControllerTest::test_store_creates_new_resource
Error: Class "App\Models\User" not found

/www/wwwroot/jobportal.prus.dev/tests/Feature/Api/Universal/JobApiControllerTest.php:31</error>
        </testcase>
        <testcase name="test_store_validates_required_fields" file="/www/wwwroot/jobportal.prus.dev/tests/Feature/Api/Universal/JobApiControllerTest.php" line="100" class="Tests\Feature\Api\Universal\JobApiControllerTest" classname="Tests.Feature.Api.Universal.JobApiControllerTest" assertions="0" time="0.000000">
          <error type="Error">Tests\Feature\Api\Universal\JobApiControllerTest::test_store_validates_required_fields
Error: Class "App\Models\User" not found

/www/wwwroot/jobportal.prus.dev/tests/Feature/Api/Universal/JobApiControllerTest.php:31</error>
        </testcase>
        <testcase name="test_show_returns_single_resource" file="/www/wwwroot/jobportal.prus.dev/tests/Feature/Api/Universal/JobApiControllerTest.php" line="115" class="Tests\Feature\Api\Universal\JobApiControllerTest" classname="Tests.Feature.Api.Universal.JobApiControllerTest" assertions="0" time="0.000000">
          <error type="Error">Tests\Feature\Api\Universal\JobApiControllerTest::test_show_returns_single_resource
Error: Class "App\Models\User" not found

/www/wwwroot/jobportal.prus.dev/tests/Feature/Api/Universal/JobApiControllerTest.php:31</error>
        </testcase>
        <testcase name="test_update_modifies_existing_resource" file="/www/wwwroot/jobportal.prus.dev/tests/Feature/Api/Universal/JobApiControllerTest.php" line="134" class="Tests\Feature\Api\Universal\JobApiControllerTest" classname="Tests.Feature.Api.Universal.JobApiControllerTest" assertions="0" time="0.000000">
          <error type="Error">Tests\Feature\Api\Universal\JobApiControllerTest::test_update_modifies_existing_resource
Error: Class "App\Models\User" not found

/www/wwwroot/jobportal.prus.dev/tests/Feature/Api/Universal/JobApiControllerTest.php:31</error>
        </testcase>
        <testcase name="test_destroy_deletes_resource" file="/www/wwwroot/jobportal.prus.dev/tests/Feature/Api/Universal/JobApiControllerTest.php" line="159" class="Tests\Feature\Api\Universal\JobApiControllerTest" classname="Tests.Feature.Api.Universal.JobApiControllerTest" assertions="0" time="0.000000">
          <error type="Error">Tests\Feature\Api\Universal\JobApiControllerTest::test_destroy_deletes_resource
Error: Class "App\Models\User" not found

/www/wwwroot/jobportal.prus.dev/tests/Feature/Api/Universal/JobApiControllerTest.php:31</error>
        </testcase>
        <testcase name="test_unauthorized_access_returns401" file="/www/wwwroot/jobportal.prus.dev/tests/Feature/Api/Universal/JobApiControllerTest.php" line="177" class="Tests\Feature\Api\Universal\JobApiControllerTest" classname="Tests.Feature.Api.Universal.JobApiControllerTest" assertions="0" time="0.000000">
          <error type="Error">Tests\Feature\Api\Universal\JobApiControllerTest::test_unauthorized_access_returns401
Error: Class "App\Models\User" not found

/www/wwwroot/jobportal.prus.dev/tests/Feature/Api/Universal/JobApiControllerTest.php:31</error>
        </testcase>
        <testcase name="test_rate_limiting_prevents_excessive_requests" file="/www/wwwroot/jobportal.prus.dev/tests/Feature/Api/Universal/JobApiControllerTest.php" line="192" class="Tests\Feature\Api\Universal\JobApiControllerTest" classname="Tests.Feature.Api.Universal.JobApiControllerTest" assertions="0" time="0.000000">
          <error type="Error">Tests\Feature\Api\Universal\JobApiControllerTest::test_rate_limiting_prevents_excessive_requests
Error: Class "App\Models\User" not found

/www/wwwroot/jobportal.prus.dev/tests/Feature/Api/Universal/JobApiControllerTest.php:31</error>
        </testcase>
        <testcase name="test_index_can_search_resources" file="/www/wwwroot/jobportal.prus.dev/tests/Feature/Api/Universal/JobApiControllerTest.php" line="207" class="Tests\Feature\Api\Universal\JobApiControllerTest" classname="Tests.Feature.Api.Universal.JobApiControllerTest" assertions="0" time="0.000000">
          <error type="Error">Tests\Feature\Api\Universal\JobApiControllerTest::test_index_can_search_resources
Error: Class "App\Models\User" not found

/www/wwwroot/jobportal.prus.dev/tests/Feature/Api/Universal/JobApiControllerTest.php:31</error>
        </testcase>
        <testcase name="test_show_returns404_for_nonexistent_resource" file="/www/wwwroot/jobportal.prus.dev/tests/Feature/Api/Universal/JobApiControllerTest.php" line="221" class="Tests\Feature\Api\Universal\JobApiControllerTest" classname="Tests.Feature.Api.Universal.JobApiControllerTest" assertions="0" time="0.000000">
          <error type="Error">Tests\Feature\Api\Universal\JobApiControllerTest::test_show_returns404_for_nonexistent_resource
Error: Class "App\Models\User" not found

/www/wwwroot/jobportal.prus.dev/tests/Feature/Api/Universal/JobApiControllerTest.php:31</error>
        </testcase>
        <testcase name="test_store_handles_invalid_json" file="/www/wwwroot/jobportal.prus.dev/tests/Feature/Api/Universal/JobApiControllerTest.php" line="235" class="Tests\Feature\Api\Universal\JobApiControllerTest" classname="Tests.Feature.Api.Universal.JobApiControllerTest" assertions="0" time="0.000000">
          <error type="Error">Tests\Feature\Api\Universal\JobApiControllerTest::test_store_handles_invalid_json
Error: Class "App\Models\User" not found

/www/wwwroot/jobportal.prus.dev/tests/Feature/Api/Universal/JobApiControllerTest.php:31</error>
        </testcase>
      </testsuite>
      <testsuite name="Tests\Feature\Api\Universal\JobApplicationApiControllerTest" file="/www/wwwroot/jobportal.prus.dev/tests/Feature/Api/Universal/JobApplicationApiControllerTest.php" tests="11" assertions="0" errors="11" failures="0" skipped="0" time="0.000000">
        <testcase name="test_index_returns_paginated_results" file="/www/wwwroot/jobportal.prus.dev/tests/Feature/Api/Universal/JobApplicationApiControllerTest.php" line="43" class="Tests\Feature\Api\Universal\JobApplicationApiControllerTest" classname="Tests.Feature.Api.Universal.JobApplicationApiControllerTest" assertions="0" time="0.000000">
          <error type="Error">Tests\Feature\Api\Universal\JobApplicationApiControllerTest::test_index_returns_paginated_results
Error: Class "App\Models\User" not found

/www/wwwroot/jobportal.prus.dev/tests/Feature/Api/Universal/JobApplicationApiControllerTest.php:31</error>
        </testcase>
        <testcase name="test_store_creates_new_resource" file="/www/wwwroot/jobportal.prus.dev/tests/Feature/Api/Universal/JobApplicationApiControllerTest.php" line="67" class="Tests\Feature\Api\Universal\JobApplicationApiControllerTest" classname="Tests.Feature.Api.Universal.JobApplicationApiControllerTest" assertions="0" time="0.000000">
          <error type="Error">Tests\Feature\Api\Universal\JobApplicationApiControllerTest::test_store_creates_new_resource
Error: Class "App\Models\User" not found

/www/wwwroot/jobportal.prus.dev/tests/Feature/Api/Universal/JobApplicationApiControllerTest.php:31</error>
        </testcase>
        <testcase name="test_store_validates_required_fields" file="/www/wwwroot/jobportal.prus.dev/tests/Feature/Api/Universal/JobApplicationApiControllerTest.php" line="100" class="Tests\Feature\Api\Universal\JobApplicationApiControllerTest" classname="Tests.Feature.Api.Universal.JobApplicationApiControllerTest" assertions="0" time="0.000000">
          <error type="Error">Tests\Feature\Api\Universal\JobApplicationApiControllerTest::test_store_validates_required_fields
Error: Class "App\Models\User" not found

/www/wwwroot/jobportal.prus.dev/tests/Feature/Api/Universal/JobApplicationApiControllerTest.php:31</error>
        </testcase>
        <testcase name="test_show_returns_single_resource" file="/www/wwwroot/jobportal.prus.dev/tests/Feature/Api/Universal/JobApplicationApiControllerTest.php" line="115" class="Tests\Feature\Api\Universal\JobApplicationApiControllerTest" classname="Tests.Feature.Api.Universal.JobApplicationApiControllerTest" assertions="0" time="0.000000">
          <error type="Error">Tests\Feature\Api\Universal\JobApplicationApiControllerTest::test_show_returns_single_resource
Error: Class "App\Models\User" not found

/www/wwwroot/jobportal.prus.dev/tests/Feature/Api/Universal/JobApplicationApiControllerTest.php:31</error>
        </testcase>
        <testcase name="test_update_modifies_existing_resource" file="/www/wwwroot/jobportal.prus.dev/tests/Feature/Api/Universal/JobApplicationApiControllerTest.php" line="134" class="Tests\Feature\Api\Universal\JobApplicationApiControllerTest" classname="Tests.Feature.Api.Universal.JobApplicationApiControllerTest" assertions="0" time="0.000000">
          <error type="Error">Tests\Feature\Api\Universal\JobApplicationApiControllerTest::test_update_modifies_existing_resource
Error: Class "App\Models\User" not found

/www/wwwroot/jobportal.prus.dev/tests/Feature/Api/Universal/JobApplicationApiControllerTest.php:31</error>
        </testcase>
        <testcase name="test_destroy_deletes_resource" file="/www/wwwroot/jobportal.prus.dev/tests/Feature/Api/Universal/JobApplicationApiControllerTest.php" line="159" class="Tests\Feature\Api\Universal\JobApplicationApiControllerTest" classname="Tests.Feature.Api.Universal.JobApplicationApiControllerTest" assertions="0" time="0.000000">
          <error type="Error">Tests\Feature\Api\Universal\JobApplicationApiControllerTest::test_destroy_deletes_resource
Error: Class "App\Models\User" not found

/www/wwwroot/jobportal.prus.dev/tests/Feature/Api/Universal/JobApplicationApiControllerTest.php:31</error>
        </testcase>
        <testcase name="test_unauthorized_access_returns401" file="/www/wwwroot/jobportal.prus.dev/tests/Feature/Api/Universal/JobApplicationApiControllerTest.php" line="177" class="Tests\Feature\Api\Universal\JobApplicationApiControllerTest" classname="Tests.Feature.Api.Universal.JobApplicationApiControllerTest" assertions="0" time="0.000000">
          <error type="Error">Tests\Feature\Api\Universal\JobApplicationApiControllerTest::test_unauthorized_access_returns401
Error: Class "App\Models\User" not found

/www/wwwroot/jobportal.prus.dev/tests/Feature/Api/Universal/JobApplicationApiControllerTest.php:31</error>
        </testcase>
        <testcase name="test_rate_limiting_prevents_excessive_requests" file="/www/wwwroot/jobportal.prus.dev/tests/Feature/Api/Universal/JobApplicationApiControllerTest.php" line="192" class="Tests\Feature\Api\Universal\JobApplicationApiControllerTest" classname="Tests.Feature.Api.Universal.JobApplicationApiControllerTest" assertions="0" time="0.000000">
          <error type="Error">Tests\Feature\Api\Universal\JobApplicationApiControllerTest::test_rate_limiting_prevents_excessive_requests
Error: Class "App\Models\User" not found

/www/wwwroot/jobportal.prus.dev/tests/Feature/Api/Universal/JobApplicationApiControllerTest.php:31</error>
        </testcase>
        <testcase name="test_index_can_search_resources" file="/www/wwwroot/jobportal.prus.dev/tests/Feature/Api/Universal/JobApplicationApiControllerTest.php" line="207" class="Tests\Feature\Api\Universal\JobApplicationApiControllerTest" classname="Tests.Feature.Api.Universal.JobApplicationApiControllerTest" assertions="0" time="0.000000">
          <error type="Error">Tests\Feature\Api\Universal\JobApplicationApiControllerTest::test_index_can_search_resources
Error: Class "App\Models\User" not found

/www/wwwroot/jobportal.prus.dev/tests/Feature/Api/Universal/JobApplicationApiControllerTest.php:31</error>
        </testcase>
        <testcase name="test_show_returns404_for_nonexistent_resource" file="/www/wwwroot/jobportal.prus.dev/tests/Feature/Api/Universal/JobApplicationApiControllerTest.php" line="221" class="Tests\Feature\Api\Universal\JobApplicationApiControllerTest" classname="Tests.Feature.Api.Universal.JobApplicationApiControllerTest" assertions="0" time="0.000000">
          <error type="Error">Tests\Feature\Api\Universal\JobApplicationApiControllerTest::test_show_returns404_for_nonexistent_resource
Error: Class "App\Models\User" not found

/www/wwwroot/jobportal.prus.dev/tests/Feature/Api/Universal/JobApplicationApiControllerTest.php:31</error>
        </testcase>
        <testcase name="test_store_handles_invalid_json" file="/www/wwwroot/jobportal.prus.dev/tests/Feature/Api/Universal/JobApplicationApiControllerTest.php" line="235" class="Tests\Feature\Api\Universal\JobApplicationApiControllerTest" classname="Tests.Feature.Api.Universal.JobApplicationApiControllerTest" assertions="0" time="0.000000">
          <error type="Error">Tests\Feature\Api\Universal\JobApplicationApiControllerTest::test_store_handles_invalid_json
Error: Class "App\Models\User" not found

/www/wwwroot/jobportal.prus.dev/tests/Feature/Api/Universal/JobApplicationApiControllerTest.php:31</error>
        </testcase>
      </testsuite>
      <testsuite name="Tests\Feature\Api\Universal\SkillApiControllerTest" file="/www/wwwroot/jobportal.prus.dev/tests/Feature/Api/Universal/SkillApiControllerTest.php" tests="11" assertions="0" errors="11" failures="0" skipped="0" time="0.000000">
        <testcase name="test_index_returns_paginated_results" file="/www/wwwroot/jobportal.prus.dev/tests/Feature/Api/Universal/SkillApiControllerTest.php" line="43" class="Tests\Feature\Api\Universal\SkillApiControllerTest" classname="Tests.Feature.Api.Universal.SkillApiControllerTest" assertions="0" time="0.000000">
          <error type="Error">Tests\Feature\Api\Universal\SkillApiControllerTest::test_index_returns_paginated_results
Error: Class "App\Models\User" not found

/www/wwwroot/jobportal.prus.dev/tests/Feature/Api/Universal/SkillApiControllerTest.php:31</error>
        </testcase>
        <testcase name="test_store_creates_new_resource" file="/www/wwwroot/jobportal.prus.dev/tests/Feature/Api/Universal/SkillApiControllerTest.php" line="67" class="Tests\Feature\Api\Universal\SkillApiControllerTest" classname="Tests.Feature.Api.Universal.SkillApiControllerTest" assertions="0" time="0.000000">
          <error type="Error">Tests\Feature\Api\Universal\SkillApiControllerTest::test_store_creates_new_resource
Error: Class "App\Models\User" not found

/www/wwwroot/jobportal.prus.dev/tests/Feature/Api/Universal/SkillApiControllerTest.php:31</error>
        </testcase>
        <testcase name="test_store_validates_required_fields" file="/www/wwwroot/jobportal.prus.dev/tests/Feature/Api/Universal/SkillApiControllerTest.php" line="100" class="Tests\Feature\Api\Universal\SkillApiControllerTest" classname="Tests.Feature.Api.Universal.SkillApiControllerTest" assertions="0" time="0.000000">
          <error type="Error">Tests\Feature\Api\Universal\SkillApiControllerTest::test_store_validates_required_fields
Error: Class "App\Models\User" not found

/www/wwwroot/jobportal.prus.dev/tests/Feature/Api/Universal/SkillApiControllerTest.php:31</error>
        </testcase>
        <testcase name="test_show_returns_single_resource" file="/www/wwwroot/jobportal.prus.dev/tests/Feature/Api/Universal/SkillApiControllerTest.php" line="115" class="Tests\Feature\Api\Universal\SkillApiControllerTest" classname="Tests.Feature.Api.Universal.SkillApiControllerTest" assertions="0" time="0.000000">
          <error type="Error">Tests\Feature\Api\Universal\SkillApiControllerTest::test_show_returns_single_resource
Error: Class "App\Models\User" not found

/www/wwwroot/jobportal.prus.dev/tests/Feature/Api/Universal/SkillApiControllerTest.php:31</error>
        </testcase>
        <testcase name="test_update_modifies_existing_resource" file="/www/wwwroot/jobportal.prus.dev/tests/Feature/Api/Universal/SkillApiControllerTest.php" line="134" class="Tests\Feature\Api\Universal\SkillApiControllerTest" classname="Tests.Feature.Api.Universal.SkillApiControllerTest" assertions="0" time="0.000000">
          <error type="Error">Tests\Feature\Api\Universal\SkillApiControllerTest::test_update_modifies_existing_resource
Error: Class "App\Models\User" not found

/www/wwwroot/jobportal.prus.dev/tests/Feature/Api/Universal/SkillApiControllerTest.php:31</error>
        </testcase>
        <testcase name="test_destroy_deletes_resource" file="/www/wwwroot/jobportal.prus.dev/tests/Feature/Api/Universal/SkillApiControllerTest.php" line="159" class="Tests\Feature\Api\Universal\SkillApiControllerTest" classname="Tests.Feature.Api.Universal.SkillApiControllerTest" assertions="0" time="0.000000">
          <error type="Error">Tests\Feature\Api\Universal\SkillApiControllerTest::test_destroy_deletes_resource
Error: Class "App\Models\User" not found

/www/wwwroot/jobportal.prus.dev/tests/Feature/Api/Universal/SkillApiControllerTest.php:31</error>
        </testcase>
        <testcase name="test_unauthorized_access_returns401" file="/www/wwwroot/jobportal.prus.dev/tests/Feature/Api/Universal/SkillApiControllerTest.php" line="177" class="Tests\Feature\Api\Universal\SkillApiControllerTest" classname="Tests.Feature.Api.Universal.SkillApiControllerTest" assertions="0" time="0.000000">
          <error type="Error">Tests\Feature\Api\Universal\SkillApiControllerTest::test_unauthorized_access_returns401
Error: Class "App\Models\User" not found

/www/wwwroot/jobportal.prus.dev/tests/Feature/Api/Universal/SkillApiControllerTest.php:31</error>
        </testcase>
        <testcase name="test_rate_limiting_prevents_excessive_requests" file="/www/wwwroot/jobportal.prus.dev/tests/Feature/Api/Universal/SkillApiControllerTest.php" line="192" class="Tests\Feature\Api\Universal\SkillApiControllerTest" classname="Tests.Feature.Api.Universal.SkillApiControllerTest" assertions="0" time="0.000000">
          <error type="Error">Tests\Feature\Api\Universal\SkillApiControllerTest::test_rate_limiting_prevents_excessive_requests
Error: Class "App\Models\User" not found

/www/wwwroot/jobportal.prus.dev/tests/Feature/Api/Universal/SkillApiControllerTest.php:31</error>
        </testcase>
        <testcase name="test_index_can_search_resources" file="/www/wwwroot/jobportal.prus.dev/tests/Feature/Api/Universal/SkillApiControllerTest.php" line="207" class="Tests\Feature\Api\Universal\SkillApiControllerTest" classname="Tests.Feature.Api.Universal.SkillApiControllerTest" assertions="0" time="0.000000">
          <error type="Error">Tests\Feature\Api\Universal\SkillApiControllerTest::test_index_can_search_resources
Error: Class "App\Models\User" not found

/www/wwwroot/jobportal.prus.dev/tests/Feature/Api/Universal/SkillApiControllerTest.php:31</error>
        </testcase>
        <testcase name="test_show_returns404_for_nonexistent_resource" file="/www/wwwroot/jobportal.prus.dev/tests/Feature/Api/Universal/SkillApiControllerTest.php" line="221" class="Tests\Feature\Api\Universal\SkillApiControllerTest" classname="Tests.Feature.Api.Universal.SkillApiControllerTest" assertions="0" time="0.000000">
          <error type="Error">Tests\Feature\Api\Universal\SkillApiControllerTest::test_show_returns404_for_nonexistent_resource
Error: Class "App\Models\User" not found

/www/wwwroot/jobportal.prus.dev/tests/Feature/Api/Universal/SkillApiControllerTest.php:31</error>
        </testcase>
        <testcase name="test_store_handles_invalid_json" file="/www/wwwroot/jobportal.prus.dev/tests/Feature/Api/Universal/SkillApiControllerTest.php" line="235" class="Tests\Feature\Api\Universal\SkillApiControllerTest" classname="Tests.Feature.Api.Universal.SkillApiControllerTest" assertions="0" time="0.000000">
          <error type="Error">Tests\Feature\Api\Universal\SkillApiControllerTest::test_store_handles_invalid_json
Error: Class "App\Models\User" not found

/www/wwwroot/jobportal.prus.dev/tests/Feature/Api/Universal/SkillApiControllerTest.php:31</error>
        </testcase>
      </testsuite>
      <testsuite name="Tests\Feature\Api\Universal\TokenControllerTest" file="/www/wwwroot/jobportal.prus.dev/tests/Feature/Api/Universal/TokenControllerTest.php" tests="25" assertions="0" errors="25" failures="0" skipped="0" time="0.000000">
        <testcase name="test_index_returns_paginated_results" file="/www/wwwroot/jobportal.prus.dev/tests/Feature/Api/Universal/TokenControllerTest.php" line="43" class="Tests\Feature\Api\Universal\TokenControllerTest" classname="Tests.Feature.Api.Universal.TokenControllerTest" assertions="0" time="0.000000">
          <error type="Error">Tests\Feature\Api\Universal\TokenControllerTest::test_index_returns_paginated_results
Error: Class "App\Models\User" not found

/www/wwwroot/jobportal.prus.dev/tests/Feature/Api/Universal/TokenControllerTest.php:31</error>
        </testcase>
        <testcase name="test_store_creates_new_resource" file="/www/wwwroot/jobportal.prus.dev/tests/Feature/Api/Universal/TokenControllerTest.php" line="67" class="Tests\Feature\Api\Universal\TokenControllerTest" classname="Tests.Feature.Api.Universal.TokenControllerTest" assertions="0" time="0.000000">
          <error type="Error">Tests\Feature\Api\Universal\TokenControllerTest::test_store_creates_new_resource
Error: Class "App\Models\User" not found

/www/wwwroot/jobportal.prus.dev/tests/Feature/Api/Universal/TokenControllerTest.php:31</error>
        </testcase>
        <testcase name="test_store_validates_required_fields" file="/www/wwwroot/jobportal.prus.dev/tests/Feature/Api/Universal/TokenControllerTest.php" line="100" class="Tests\Feature\Api\Universal\TokenControllerTest" classname="Tests.Feature.Api.Universal.TokenControllerTest" assertions="0" time="0.000000">
          <error type="Error">Tests\Feature\Api\Universal\TokenControllerTest::test_store_validates_required_fields
Error: Class "App\Models\User" not found

/www/wwwroot/jobportal.prus.dev/tests/Feature/Api/Universal/TokenControllerTest.php:31</error>
        </testcase>
        <testcase name="test_show_returns_single_resource" file="/www/wwwroot/jobportal.prus.dev/tests/Feature/Api/Universal/TokenControllerTest.php" line="115" class="Tests\Feature\Api\Universal\TokenControllerTest" classname="Tests.Feature.Api.Universal.TokenControllerTest" assertions="0" time="0.000000">
          <error type="Error">Tests\Feature\Api\Universal\TokenControllerTest::test_show_returns_single_resource
Error: Class "App\Models\User" not found

/www/wwwroot/jobportal.prus.dev/tests/Feature/Api/Universal/TokenControllerTest.php:31</error>
        </testcase>
        <testcase name="test_update_modifies_existing_resource" file="/www/wwwroot/jobportal.prus.dev/tests/Feature/Api/Universal/TokenControllerTest.php" line="134" class="Tests\Feature\Api\Universal\TokenControllerTest" classname="Tests.Feature.Api.Universal.TokenControllerTest" assertions="0" time="0.000000">
          <error type="Error">Tests\Feature\Api\Universal\TokenControllerTest::test_update_modifies_existing_resource
Error: Class "App\Models\User" not found

/www/wwwroot/jobportal.prus.dev/tests/Feature/Api/Universal/TokenControllerTest.php:31</error>
        </testcase>
        <testcase name="test_destroy_deletes_resource" file="/www/wwwroot/jobportal.prus.dev/tests/Feature/Api/Universal/TokenControllerTest.php" line="159" class="Tests\Feature\Api\Universal\TokenControllerTest" classname="Tests.Feature.Api.Universal.TokenControllerTest" assertions="0" time="0.000000">
          <error type="Error">Tests\Feature\Api\Universal\TokenControllerTest::test_destroy_deletes_resource
Error: Class "App\Models\User" not found

/www/wwwroot/jobportal.prus.dev/tests/Feature/Api/Universal/TokenControllerTest.php:31</error>
        </testcase>
        <testcase name="test_unauthorized_access_returns401" file="/www/wwwroot/jobportal.prus.dev/tests/Feature/Api/Universal/TokenControllerTest.php" line="177" class="Tests\Feature\Api\Universal\TokenControllerTest" classname="Tests.Feature.Api.Universal.TokenControllerTest" assertions="0" time="0.000000">
          <error type="Error">Tests\Feature\Api\Universal\TokenControllerTest::test_unauthorized_access_returns401
Error: Class "App\Models\User" not found

/www/wwwroot/jobportal.prus.dev/tests/Feature/Api/Universal/TokenControllerTest.php:31</error>
        </testcase>
        <testcase name="test_rate_limiting_prevents_excessive_requests" file="/www/wwwroot/jobportal.prus.dev/tests/Feature/Api/Universal/TokenControllerTest.php" line="192" class="Tests\Feature\Api\Universal\TokenControllerTest" classname="Tests.Feature.Api.Universal.TokenControllerTest" assertions="0" time="0.000000">
          <error type="Error">Tests\Feature\Api\Universal\TokenControllerTest::test_rate_limiting_prevents_excessive_requests
Error: Class "App\Models\User" not found

/www/wwwroot/jobportal.prus.dev/tests/Feature/Api/Universal/TokenControllerTest.php:31</error>
        </testcase>
        <testcase name="test_index_can_search_resources" file="/www/wwwroot/jobportal.prus.dev/tests/Feature/Api/Universal/TokenControllerTest.php" line="207" class="Tests\Feature\Api\Universal\TokenControllerTest" classname="Tests.Feature.Api.Universal.TokenControllerTest" assertions="0" time="0.000000">
          <error type="Error">Tests\Feature\Api\Universal\TokenControllerTest::test_index_can_search_resources
Error: Class "App\Models\User" not found

/www/wwwroot/jobportal.prus.dev/tests/Feature/Api/Universal/TokenControllerTest.php:31</error>
        </testcase>
        <testcase name="test_show_returns404_for_nonexistent_resource" file="/www/wwwroot/jobportal.prus.dev/tests/Feature/Api/Universal/TokenControllerTest.php" line="221" class="Tests\Feature\Api\Universal\TokenControllerTest" classname="Tests.Feature.Api.Universal.TokenControllerTest" assertions="0" time="0.000000">
          <error type="Error">Tests\Feature\Api\Universal\TokenControllerTest::test_show_returns404_for_nonexistent_resource
Error: Class "App\Models\User" not found

/www/wwwroot/jobportal.prus.dev/tests/Feature/Api/Universal/TokenControllerTest.php:31</error>
        </testcase>
        <testcase name="test_store_handles_invalid_json" file="/www/wwwroot/jobportal.prus.dev/tests/Feature/Api/Universal/TokenControllerTest.php" line="235" class="Tests\Feature\Api\Universal\TokenControllerTest" classname="Tests.Feature.Api.Universal.TokenControllerTest" assertions="0" time="0.000000">
          <error type="Error">Tests\Feature\Api\Universal\TokenControllerTest::test_store_handles_invalid_json
Error: Class "App\Models\User" not found

/www/wwwroot/jobportal.prus.dev/tests/Feature/Api/Universal/TokenControllerTest.php:31</error>
        </testcase>
        <testcase name="it_can_login_with_valid_credentials" file="/www/wwwroot/jobportal.prus.dev/tests/Feature/Api/Universal/TokenControllerTest.php" line="245" class="Tests\Feature\Api\Universal\TokenControllerTest" classname="Tests.Feature.Api.Universal.TokenControllerTest" assertions="0" time="0.000000">
          <error type="Error">Tests\Feature\Api\Universal\TokenControllerTest::it_can_login_with_valid_credentials
Error: Class "App\Models\User" not found

/www/wwwroot/jobportal.prus.dev/tests/Feature/Api/Universal/TokenControllerTest.php:31</error>
        </testcase>
        <testcase name="it_cannot_login_with_invalid_credentials" file="/www/wwwroot/jobportal.prus.dev/tests/Feature/Api/Universal/TokenControllerTest.php" line="283" class="Tests\Feature\Api\Universal\TokenControllerTest" classname="Tests.Feature.Api.Universal.TokenControllerTest" assertions="0" time="0.000000">
          <error type="Error">Tests\Feature\Api\Universal\TokenControllerTest::it_cannot_login_with_invalid_credentials
Error: Class "App\Models\User" not found

/www/wwwroot/jobportal.prus.dev/tests/Feature/Api/Universal/TokenControllerTest.php:31</error>
        </testcase>
        <testcase name="it_validates_login_request_data" file="/www/wwwroot/jobportal.prus.dev/tests/Feature/Api/Universal/TokenControllerTest.php" line="299" class="Tests\Feature\Api\Universal\TokenControllerTest" classname="Tests.Feature.Api.Universal.TokenControllerTest" assertions="0" time="0.000000">
          <error type="Error">Tests\Feature\Api\Universal\TokenControllerTest::it_validates_login_request_data
Error: Class "App\Models\User" not found

/www/wwwroot/jobportal.prus.dev/tests/Feature/Api/Universal/TokenControllerTest.php:31</error>
        </testcase>
        <testcase name="it_can_get_authenticated_user_details" file="/www/wwwroot/jobportal.prus.dev/tests/Feature/Api/Universal/TokenControllerTest.php" line="332" class="Tests\Feature\Api\Universal\TokenControllerTest" classname="Tests.Feature.Api.Universal.TokenControllerTest" assertions="0" time="0.000000">
          <error type="Error">Tests\Feature\Api\Universal\TokenControllerTest::it_can_get_authenticated_user_details
Error: Class "App\Models\User" not found

/www/wwwroot/jobportal.prus.dev/tests/Feature/Api/Universal/TokenControllerTest.php:31</error>
        </testcase>
        <testcase name="it_cannot_get_user_details_without_authentication" file="/www/wwwroot/jobportal.prus.dev/tests/Feature/Api/Universal/TokenControllerTest.php" line="366" class="Tests\Feature\Api\Universal\TokenControllerTest" classname="Tests.Feature.Api.Universal.TokenControllerTest" assertions="0" time="0.000000">
          <error type="Error">Tests\Feature\Api\Universal\TokenControllerTest::it_cannot_get_user_details_without_authentication
Error: Class "App\Models\User" not found

/www/wwwroot/jobportal.prus.dev/tests/Feature/Api/Universal/TokenControllerTest.php:31</error>
        </testcase>
        <testcase name="it_can_logout_authenticated_user" file="/www/wwwroot/jobportal.prus.dev/tests/Feature/Api/Universal/TokenControllerTest.php" line="374" class="Tests\Feature\Api\Universal\TokenControllerTest" classname="Tests.Feature.Api.Universal.TokenControllerTest" assertions="0" time="0.000000">
          <error type="Error">Tests\Feature\Api\Universal\TokenControllerTest::it_can_logout_authenticated_user
Error: Class "App\Models\User" not found

/www/wwwroot/jobportal.prus.dev/tests/Feature/Api/Universal/TokenControllerTest.php:31</error>
        </testcase>
        <testcase name="it_cannot_logout_without_authentication" file="/www/wwwroot/jobportal.prus.dev/tests/Feature/Api/Universal/TokenControllerTest.php" line="395" class="Tests\Feature\Api\Universal\TokenControllerTest" classname="Tests.Feature.Api.Universal.TokenControllerTest" assertions="0" time="0.000000">
          <error type="Error">Tests\Feature\Api\Universal\TokenControllerTest::it_cannot_logout_without_authentication
Error: Class "App\Models\User" not found

/www/wwwroot/jobportal.prus.dev/tests/Feature/Api/Universal/TokenControllerTest.php:31</error>
        </testcase>
        <testcase name="it_can_logout_all_tokens" file="/www/wwwroot/jobportal.prus.dev/tests/Feature/Api/Universal/TokenControllerTest.php" line="403" class="Tests\Feature\Api\Universal\TokenControllerTest" classname="Tests.Feature.Api.Universal.TokenControllerTest" assertions="0" time="0.000000">
          <error type="Error">Tests\Feature\Api\Universal\TokenControllerTest::it_can_logout_all_tokens
Error: Class "App\Models\User" not found

/www/wwwroot/jobportal.prus.dev/tests/Feature/Api/Universal/TokenControllerTest.php:31</error>
        </testcase>
        <testcase name="it_can_list_user_tokens" file="/www/wwwroot/jobportal.prus.dev/tests/Feature/Api/Universal/TokenControllerTest.php" line="436" class="Tests\Feature\Api\Universal\TokenControllerTest" classname="Tests.Feature.Api.Universal.TokenControllerTest" assertions="0" time="0.000000">
          <error type="Error">Tests\Feature\Api\Universal\TokenControllerTest::it_can_list_user_tokens
Error: Class "App\Models\User" not found

/www/wwwroot/jobportal.prus.dev/tests/Feature/Api/Universal/TokenControllerTest.php:31</error>
        </testcase>
        <testcase name="it_can_filter_tokens_with_query_parameters" file="/www/wwwroot/jobportal.prus.dev/tests/Feature/Api/Universal/TokenControllerTest.php" line="475" class="Tests\Feature\Api\Universal\TokenControllerTest" classname="Tests.Feature.Api.Universal.TokenControllerTest" assertions="0" time="0.000000">
          <error type="Error">Tests\Feature\Api\Universal\TokenControllerTest::it_can_filter_tokens_with_query_parameters
Error: Class "App\Models\User" not found

/www/wwwroot/jobportal.prus.dev/tests/Feature/Api/Universal/TokenControllerTest.php:31</error>
        </testcase>
        <testcase name="it_validates_tokens_request_parameters" file="/www/wwwroot/jobportal.prus.dev/tests/Feature/Api/Universal/TokenControllerTest.php" line="502" class="Tests\Feature\Api\Universal\TokenControllerTest" classname="Tests.Feature.Api.Universal.TokenControllerTest" assertions="0" time="0.000000">
          <error type="Error">Tests\Feature\Api\Universal\TokenControllerTest::it_validates_tokens_request_parameters
Error: Class "App\Models\User" not found

/www/wwwroot/jobportal.prus.dev/tests/Feature/Api/Universal/TokenControllerTest.php:31</error>
        </testcase>
        <testcase name="it_cannot_access_tokens_without_authentication" file="/www/wwwroot/jobportal.prus.dev/tests/Feature/Api/Universal/TokenControllerTest.php" line="520" class="Tests\Feature\Api\Universal\TokenControllerTest" classname="Tests.Feature.Api.Universal.TokenControllerTest" assertions="0" time="0.000000">
          <error type="Error">Tests\Feature\Api\Universal\TokenControllerTest::it_cannot_access_tokens_without_authentication
Error: Class "App\Models\User" not found

/www/wwwroot/jobportal.prus.dev/tests/Feature/Api/Universal/TokenControllerTest.php:31</error>
        </testcase>
        <testcase name="it_handles_rate_limiting_on_login" file="/www/wwwroot/jobportal.prus.dev/tests/Feature/Api/Universal/TokenControllerTest.php" line="528" class="Tests\Feature\Api\Universal\TokenControllerTest" classname="Tests.Feature.Api.Universal.TokenControllerTest" assertions="0" time="0.000000">
          <error type="Error">Tests\Feature\Api\Universal\TokenControllerTest::it_handles_rate_limiting_on_login
Error: Class "App\Models\User" not found

/www/wwwroot/jobportal.prus.dev/tests/Feature/Api/Universal/TokenControllerTest.php:31</error>
        </testcase>
        <testcase name="it_sets_default_device_name_when_not_provided" file="/www/wwwroot/jobportal.prus.dev/tests/Feature/Api/Universal/TokenControllerTest.php" line="550" class="Tests\Feature\Api\Universal\TokenControllerTest" classname="Tests.Feature.Api.Universal.TokenControllerTest" assertions="0" time="0.000000">
          <error type="Error">Tests\Feature\Api\Universal\TokenControllerTest::it_sets_default_device_name_when_not_provided
Error: Class "App\Models\User" not found

/www/wwwroot/jobportal.prus.dev/tests/Feature/Api/Universal/TokenControllerTest.php:31</error>
        </testcase>
      </testsuite>
      <testsuite name="Tests\Feature\Api\Universal\UserApiControllerTest" file="/www/wwwroot/jobportal.prus.dev/tests/Feature/Api/Universal/UserApiControllerTest.php" tests="11" assertions="0" errors="11" failures="0" skipped="0" time="0.000000">
        <testcase name="test_index_returns_paginated_results" file="/www/wwwroot/jobportal.prus.dev/tests/Feature/Api/Universal/UserApiControllerTest.php" line="43" class="Tests\Feature\Api\Universal\UserApiControllerTest" classname="Tests.Feature.Api.Universal.UserApiControllerTest" assertions="0" time="0.000000">
          <error type="Error">Tests\Feature\Api\Universal\UserApiControllerTest::test_index_returns_paginated_results
Error: Class "App\Models\User" not found

/www/wwwroot/jobportal.prus.dev/tests/Feature/Api/Universal/UserApiControllerTest.php:31</error>
        </testcase>
        <testcase name="test_store_creates_new_resource" file="/www/wwwroot/jobportal.prus.dev/tests/Feature/Api/Universal/UserApiControllerTest.php" line="67" class="Tests\Feature\Api\Universal\UserApiControllerTest" classname="Tests.Feature.Api.Universal.UserApiControllerTest" assertions="0" time="0.000000">
          <error type="Error">Tests\Feature\Api\Universal\UserApiControllerTest::test_store_creates_new_resource
Error: Class "App\Models\User" not found

/www/wwwroot/jobportal.prus.dev/tests/Feature/Api/Universal/UserApiControllerTest.php:31</error>
        </testcase>
        <testcase name="test_store_validates_required_fields" file="/www/wwwroot/jobportal.prus.dev/tests/Feature/Api/Universal/UserApiControllerTest.php" line="100" class="Tests\Feature\Api\Universal\UserApiControllerTest" classname="Tests.Feature.Api.Universal.UserApiControllerTest" assertions="0" time="0.000000">
          <error type="Error">Tests\Feature\Api\Universal\UserApiControllerTest::test_store_validates_required_fields
Error: Class "App\Models\User" not found

/www/wwwroot/jobportal.prus.dev/tests/Feature/Api/Universal/UserApiControllerTest.php:31</error>
        </testcase>
        <testcase name="test_show_returns_single_resource" file="/www/wwwroot/jobportal.prus.dev/tests/Feature/Api/Universal/UserApiControllerTest.php" line="115" class="Tests\Feature\Api\Universal\UserApiControllerTest" classname="Tests.Feature.Api.Universal.UserApiControllerTest" assertions="0" time="0.000000">
          <error type="Error">Tests\Feature\Api\Universal\UserApiControllerTest::test_show_returns_single_resource
Error: Class "App\Models\User" not found

/www/wwwroot/jobportal.prus.dev/tests/Feature/Api/Universal/UserApiControllerTest.php:31</error>
        </testcase>
        <testcase name="test_update_modifies_existing_resource" file="/www/wwwroot/jobportal.prus.dev/tests/Feature/Api/Universal/UserApiControllerTest.php" line="134" class="Tests\Feature\Api\Universal\UserApiControllerTest" classname="Tests.Feature.Api.Universal.UserApiControllerTest" assertions="0" time="0.000000">
          <error type="Error">Tests\Feature\Api\Universal\UserApiControllerTest::test_update_modifies_existing_resource
Error: Class "App\Models\User" not found

/www/wwwroot/jobportal.prus.dev/tests/Feature/Api/Universal/UserApiControllerTest.php:31</error>
        </testcase>
        <testcase name="test_destroy_deletes_resource" file="/www/wwwroot/jobportal.prus.dev/tests/Feature/Api/Universal/UserApiControllerTest.php" line="159" class="Tests\Feature\Api\Universal\UserApiControllerTest" classname="Tests.Feature.Api.Universal.UserApiControllerTest" assertions="0" time="0.000000">
          <error type="Error">Tests\Feature\Api\Universal\UserApiControllerTest::test_destroy_deletes_resource
Error: Class "App\Models\User" not found

/www/wwwroot/jobportal.prus.dev/tests/Feature/Api/Universal/UserApiControllerTest.php:31</error>
        </testcase>
        <testcase name="test_unauthorized_access_returns401" file="/www/wwwroot/jobportal.prus.dev/tests/Feature/Api/Universal/UserApiControllerTest.php" line="177" class="Tests\Feature\Api\Universal\UserApiControllerTest" classname="Tests.Feature.Api.Universal.UserApiControllerTest" assertions="0" time="0.000000">
          <error type="Error">Tests\Feature\Api\Universal\UserApiControllerTest::test_unauthorized_access_returns401
Error: Class "App\Models\User" not found

/www/wwwroot/jobportal.prus.dev/tests/Feature/Api/Universal/UserApiControllerTest.php:31</error>
        </testcase>
        <testcase name="test_rate_limiting_prevents_excessive_requests" file="/www/wwwroot/jobportal.prus.dev/tests/Feature/Api/Universal/UserApiControllerTest.php" line="192" class="Tests\Feature\Api\Universal\UserApiControllerTest" classname="Tests.Feature.Api.Universal.UserApiControllerTest" assertions="0" time="0.000000">
          <error type="Error">Tests\Feature\Api\Universal\UserApiControllerTest::test_rate_limiting_prevents_excessive_requests
Error: Class "App\Models\User" not found

/www/wwwroot/jobportal.prus.dev/tests/Feature/Api/Universal/UserApiControllerTest.php:31</error>
        </testcase>
        <testcase name="test_index_can_search_resources" file="/www/wwwroot/jobportal.prus.dev/tests/Feature/Api/Universal/UserApiControllerTest.php" line="207" class="Tests\Feature\Api\Universal\UserApiControllerTest" classname="Tests.Feature.Api.Universal.UserApiControllerTest" assertions="0" time="0.000000">
          <error type="Error">Tests\Feature\Api\Universal\UserApiControllerTest::test_index_can_search_resources
Error: Class "App\Models\User" not found

/www/wwwroot/jobportal.prus.dev/tests/Feature/Api/Universal/UserApiControllerTest.php:31</error>
        </testcase>
        <testcase name="test_show_returns404_for_nonexistent_resource" file="/www/wwwroot/jobportal.prus.dev/tests/Feature/Api/Universal/UserApiControllerTest.php" line="221" class="Tests\Feature\Api\Universal\UserApiControllerTest" classname="Tests.Feature.Api.Universal.UserApiControllerTest" assertions="0" time="0.000000">
          <error type="Error">Tests\Feature\Api\Universal\UserApiControllerTest::test_show_returns404_for_nonexistent_resource
Error: Class "App\Models\User" not found

/www/wwwroot/jobportal.prus.dev/tests/Feature/Api/Universal/UserApiControllerTest.php:31</error>
        </testcase>
        <testcase name="test_store_handles_invalid_json" file="/www/wwwroot/jobportal.prus.dev/tests/Feature/Api/Universal/UserApiControllerTest.php" line="235" class="Tests\Feature\Api\Universal\UserApiControllerTest" classname="Tests.Feature.Api.Universal.UserApiControllerTest" assertions="0" time="0.000000">
          <error type="Error">Tests\Feature\Api\Universal\UserApiControllerTest::test_store_handles_invalid_json
Error: Class "App\Models\User" not found

/www/wwwroot/jobportal.prus.dev/tests/Feature/Api/Universal/UserApiControllerTest.php:31</error>
        </testcase>
      </testsuite>
      <testsuite name="Tests\Feature\Api\UniversalJobApiTest" file="/www/wwwroot/jobportal.prus.dev/tests/Feature/Api/UniversalJobApiTest.php" tests="1" assertions="1" errors="0" failures="0" skipped="0" time="0.080605">
        <testcase name="test_placeholder_skipped_due_to_removed_auth" file="/www/wwwroot/jobportal.prus.dev/tests/Feature/Api/UniversalJobApiTest.php" line="9" class="Tests\Feature\Api\UniversalJobApiTest" classname="Tests.Feature.Api.UniversalJobApiTest" assertions="1" time="0.080605"/>
      </testsuite>
      <testsuite name="Tests\Feature\ApiRoutesTest" file="/www/wwwroot/jobportal.prus.dev/tests/Feature/ApiRoutesTest.php" tests="11" assertions="7" errors="4" failures="7" skipped="0" time="8.676431">
        <testcase name="unauthenticated_users_cannot_access_protected_api_routes" file="/www/wwwroot/jobportal.prus.dev/tests/Feature/ApiRoutesTest.php" line="24" class="Tests\Feature\ApiRoutesTest" classname="Tests.Feature.ApiRoutesTest" assertions="1" time="1.139952">
          <failure type="PHPUnit\Framework\ExpectationFailedException">Tests\Feature\ApiRoutesTest::unauthenticated_users_cannot_access_protected_api_routes
Expected response status code [401] but received 200.
Failed asserting that 200 is identical to 401.

/www/wwwroot/jobportal.prus.dev/vendor/laravel/framework/src/Illuminate/Testing/TestResponseAssert.php:45
/www/wwwroot/jobportal.prus.dev/vendor/laravel/framework/src/Illuminate/Testing/TestResponse.php:174
/www/wwwroot/jobportal.prus.dev/tests/Feature/ApiRoutesTest.php:28</failure>
        </testcase>
        <testcase name="authenticated_users_can_fetch_their_profile" file="/www/wwwroot/jobportal.prus.dev/tests/Feature/ApiRoutesTest.php" line="32" class="Tests\Feature\ApiRoutesTest" classname="Tests.Feature.ApiRoutesTest" assertions="0" time="0.604113">
          <error type="Error">Tests\Feature\ApiRoutesTest::authenticated_users_can_fetch_their_profile
Error: Class "App\Models\User" not found

/www/wwwroot/jobportal.prus.dev/tests/Feature/ApiRoutesTest.php:34</error>
        </testcase>
        <testcase name="api_can_list_jobs" file="/www/wwwroot/jobportal.prus.dev/tests/Feature/ApiRoutesTest.php" line="48" class="Tests\Feature\ApiRoutesTest" classname="Tests.Feature.ApiRoutesTest" assertions="1" time="0.702468">
          <failure type="PHPUnit\Framework\ExpectationFailedException">Tests\Feature\ApiRoutesTest::api_can_list_jobs
Expected response status code [200] but received 401.
Failed asserting that 401 is identical to 200.

/www/wwwroot/jobportal.prus.dev/vendor/laravel/framework/src/Illuminate/Testing/TestResponseAssert.php:45
/www/wwwroot/jobportal.prus.dev/vendor/laravel/framework/src/Illuminate/Testing/TestResponse.php:174
/www/wwwroot/jobportal.prus.dev/tests/Feature/ApiRoutesTest.php:54</failure>
        </testcase>
        <testcase name="api_can_show_job_details" file="/www/wwwroot/jobportal.prus.dev/tests/Feature/ApiRoutesTest.php" line="59" class="Tests\Feature\ApiRoutesTest" classname="Tests.Feature.ApiRoutesTest" assertions="1" time="0.749298">
          <failure type="PHPUnit\Framework\ExpectationFailedException">Tests\Feature\ApiRoutesTest::api_can_show_job_details
Expected response status code [200] but received 500.
Failed asserting that 500 is identical to 200.

/www/wwwroot/jobportal.prus.dev/vendor/laravel/framework/src/Illuminate/Testing/TestResponseAssert.php:45
/www/wwwroot/jobportal.prus.dev/vendor/laravel/framework/src/Illuminate/Testing/TestResponse.php:174
/www/wwwroot/jobportal.prus.dev/tests/Feature/ApiRoutesTest.php:67</failure>
        </testcase>
        <testcase name="api_can_list_companies" file="/www/wwwroot/jobportal.prus.dev/tests/Feature/ApiRoutesTest.php" line="77" class="Tests\Feature\ApiRoutesTest" classname="Tests.Feature.ApiRoutesTest" assertions="1" time="0.651858">
          <failure type="PHPUnit\Framework\ExpectationFailedException">Tests\Feature\ApiRoutesTest::api_can_list_companies
Expected response status code [200] but received 500.
Failed asserting that 500 is identical to 200.

/www/wwwroot/jobportal.prus.dev/vendor/laravel/framework/src/Illuminate/Testing/TestResponseAssert.php:45
/www/wwwroot/jobportal.prus.dev/vendor/laravel/framework/src/Illuminate/Testing/TestResponse.php:174
/www/wwwroot/jobportal.prus.dev/tests/Feature/ApiRoutesTest.php:83</failure>
        </testcase>
        <testcase name="api_can_show_company_details" file="/www/wwwroot/jobportal.prus.dev/tests/Feature/ApiRoutesTest.php" line="88" class="Tests\Feature\ApiRoutesTest" classname="Tests.Feature.ApiRoutesTest" assertions="1" time="0.525711">
          <failure type="PHPUnit\Framework\ExpectationFailedException">Tests\Feature\ApiRoutesTest::api_can_show_company_details
Expected response status code [200] but received 500.
Failed asserting that 500 is identical to 200.

/www/wwwroot/jobportal.prus.dev/vendor/laravel/framework/src/Illuminate/Testing/TestResponseAssert.php:45
/www/wwwroot/jobportal.prus.dev/vendor/laravel/framework/src/Illuminate/Testing/TestResponse.php:174
/www/wwwroot/jobportal.prus.dev/tests/Feature/ApiRoutesTest.php:97</failure>
        </testcase>
        <testcase name="api_can_filter_jobs_by_category" file="/www/wwwroot/jobportal.prus.dev/tests/Feature/ApiRoutesTest.php" line="107" class="Tests\Feature\ApiRoutesTest" classname="Tests.Feature.ApiRoutesTest" assertions="1" time="0.743369">
          <failure type="PHPUnit\Framework\ExpectationFailedException">Tests\Feature\ApiRoutesTest::api_can_filter_jobs_by_category
Expected response status code [200] but received 401.
Failed asserting that 401 is identical to 200.

/www/wwwroot/jobportal.prus.dev/vendor/laravel/framework/src/Illuminate/Testing/TestResponseAssert.php:45
/www/wwwroot/jobportal.prus.dev/vendor/laravel/framework/src/Illuminate/Testing/TestResponse.php:174
/www/wwwroot/jobportal.prus.dev/tests/Feature/ApiRoutesTest.php:115</failure>
        </testcase>
        <testcase name="api_can_search_jobs_by_title" file="/www/wwwroot/jobportal.prus.dev/tests/Feature/ApiRoutesTest.php" line="120" class="Tests\Feature\ApiRoutesTest" classname="Tests.Feature.ApiRoutesTest" assertions="1" time="1.011748">
          <failure type="PHPUnit\Framework\ExpectationFailedException">Tests\Feature\ApiRoutesTest::api_can_search_jobs_by_title
Expected response status code [200] but received 401.
Failed asserting that 401 is identical to 200.

/www/wwwroot/jobportal.prus.dev/vendor/laravel/framework/src/Illuminate/Testing/TestResponseAssert.php:45
/www/wwwroot/jobportal.prus.dev/vendor/laravel/framework/src/Illuminate/Testing/TestResponse.php:174
/www/wwwroot/jobportal.prus.dev/tests/Feature/ApiRoutesTest.php:128</failure>
        </testcase>
        <testcase name="api_can_list_candidates" file="/www/wwwroot/jobportal.prus.dev/tests/Feature/ApiRoutesTest.php" line="133" class="Tests\Feature\ApiRoutesTest" classname="Tests.Feature.ApiRoutesTest" assertions="0" time="0.929110">
          <error type="Error">Tests\Feature\ApiRoutesTest::api_can_list_candidates
Error: Class "App\Models\User" not found

/www/wwwroot/jobportal.prus.dev/tests/Feature/ApiRoutesTest.php:135</error>
        </testcase>
        <testcase name="api_can_filter_candidates_by_experience" file="/www/wwwroot/jobportal.prus.dev/tests/Feature/ApiRoutesTest.php" line="146" class="Tests\Feature\ApiRoutesTest" classname="Tests.Feature.ApiRoutesTest" assertions="0" time="0.778023">
          <error type="Error">Tests\Feature\ApiRoutesTest::api_can_filter_candidates_by_experience
Error: Class "App\Models\User" not found

/www/wwwroot/jobportal.prus.dev/tests/Feature/ApiRoutesTest.php:148</error>
        </testcase>
        <testcase name="authenticated_users_can_apply_for_jobs" file="/www/wwwroot/jobportal.prus.dev/tests/Feature/ApiRoutesTest.php" line="166" class="Tests\Feature\ApiRoutesTest" classname="Tests.Feature.ApiRoutesTest" assertions="0" time="0.840780">
          <error type="Error">Tests\Feature\ApiRoutesTest::authenticated_users_can_apply_for_jobs
Error: Class "App\Models\User" not found

/www/wwwroot/jobportal.prus.dev/tests/Feature/ApiRoutesTest.php:168</error>
        </testcase>
      </testsuite>
      <testsuite name="Tests\Feature\ApplicationTest" file="/www/wwwroot/jobportal.prus.dev/tests/Feature/ApplicationTest.php" tests="1" assertions="1" errors="0" failures="0" skipped="0" time="0.892437">
        <testcase name="basic_application_loads" file="/www/wwwroot/jobportal.prus.dev/tests/Feature/ApplicationTest.php" line="15" class="Tests\Feature\ApplicationTest" classname="Tests.Feature.ApplicationTest" assertions="1" time="0.892437"/>
      </testsuite>
      <testsuite name="Tests\Feature\Auth\AuthenticationTest" file="/www/wwwroot/jobportal.prus.dev/tests/Feature/Auth/AuthenticationTest.php" tests="4" assertions="1" errors="3" failures="1" skipped="0" time="3.257756">
        <testcase name="users_can_login_with_valid_credentials" file="/www/wwwroot/jobportal.prus.dev/tests/Feature/Auth/AuthenticationTest.php" line="20" class="Tests\Feature\Auth\AuthenticationTest" classname="Tests.Feature.Auth.AuthenticationTest" assertions="0" time="0.567123">
          <error type="Error">Tests\Feature\Auth\AuthenticationTest::users_can_login_with_valid_credentials
Error: Class "App\Models\User" not found

/www/wwwroot/jobportal.prus.dev/tests/Feature/Auth/AuthenticationTest.php:22</error>
        </testcase>
        <testcase name="users_cannot_login_with_invalid_credentials" file="/www/wwwroot/jobportal.prus.dev/tests/Feature/Auth/AuthenticationTest.php" line="36" class="Tests\Feature\Auth\AuthenticationTest" classname="Tests.Feature.Auth.AuthenticationTest" assertions="0" time="0.470108">
          <error type="Error">Tests\Feature\Auth\AuthenticationTest::users_cannot_login_with_invalid_credentials
Error: Class "App\Models\User" not found

/www/wwwroot/jobportal.prus.dev/tests/Feature/Auth/AuthenticationTest.php:38</error>
        </testcase>
        <testcase name="users_can_register_with_valid_data" file="/www/wwwroot/jobportal.prus.dev/tests/Feature/Auth/AuthenticationTest.php" line="52" class="Tests\Feature\Auth\AuthenticationTest" classname="Tests.Feature.Auth.AuthenticationTest" assertions="1" time="1.568126">
          <failure type="PHPUnit\Framework\ExpectationFailedException">Tests\Feature\Auth\AuthenticationTest::users_can_register_with_valid_data
Failed asserting that a row in the table [users] matches the attributes {
    "email": "test@example.com"
}.

The table is empty.

/www/wwwroot/jobportal.prus.dev/vendor/laravel/framework/src/Illuminate/Foundation/Testing/Concerns/InteractsWithDatabase.php:36
/www/wwwroot/jobportal.prus.dev/tests/Feature/Auth/AuthenticationTest.php:61</failure>
        </testcase>
        <testcase name="authenticated_users_can_logout" file="/www/wwwroot/jobportal.prus.dev/tests/Feature/Auth/AuthenticationTest.php" line="67" class="Tests\Feature\Auth\AuthenticationTest" classname="Tests.Feature.Auth.AuthenticationTest" assertions="0" time="0.652399">
          <error type="Error">Tests\Feature\Auth\AuthenticationTest::authenticated_users_can_logout
Error: Class "App\Models\User" not found

/www/wwwroot/jobportal.prus.dev/tests/Feature/Auth/AuthenticationTest.php:69</error>
        </testcase>
      </testsuite>
      <testsuite name="Tests\Feature\Auth\ConfirmPasswordControllerTest" file="/www/wwwroot/jobportal.prus.dev/tests/Feature/Auth/ConfirmPasswordControllerTest.php" tests="11" assertions="0" errors="11" failures="0" skipped="0" time="0.000000">
        <testcase name="test_index_displays_correctly" file="/www/wwwroot/jobportal.prus.dev/tests/Feature/Auth/ConfirmPasswordControllerTest.php" line="34" class="Tests\Feature\Auth\ConfirmPasswordControllerTest" classname="Tests.Feature.Auth.ConfirmPasswordControllerTest" assertions="0" time="0.000000">
          <error type="Error">Tests\Feature\Auth\ConfirmPasswordControllerTest::test_index_displays_correctly
Error: Class "App\Models\User" not found

/www/wwwroot/jobportal.prus.dev/tests/Feature/Auth/ConfirmPasswordControllerTest.php:28</error>
        </testcase>
        <testcase name="test_create_displays_form" file="/www/wwwroot/jobportal.prus.dev/tests/Feature/Auth/ConfirmPasswordControllerTest.php" line="45" class="Tests\Feature\Auth\ConfirmPasswordControllerTest" classname="Tests.Feature.Auth.ConfirmPasswordControllerTest" assertions="0" time="0.000000">
          <error type="Error">Tests\Feature\Auth\ConfirmPasswordControllerTest::test_create_displays_form
Error: Class "App\Models\User" not found

/www/wwwroot/jobportal.prus.dev/tests/Feature/Auth/ConfirmPasswordControllerTest.php:28</error>
        </testcase>
        <testcase name="test_store_creates_new_record" file="/www/wwwroot/jobportal.prus.dev/tests/Feature/Auth/ConfirmPasswordControllerTest.php" line="56" class="Tests\Feature\Auth\ConfirmPasswordControllerTest" classname="Tests.Feature.Auth.ConfirmPasswordControllerTest" assertions="0" time="0.000000">
          <error type="Error">Tests\Feature\Auth\ConfirmPasswordControllerTest::test_store_creates_new_record
Error: Class "App\Models\User" not found

/www/wwwroot/jobportal.prus.dev/tests/Feature/Auth/ConfirmPasswordControllerTest.php:28</error>
        </testcase>
        <testcase name="test_store_validates_required_fields" file="/www/wwwroot/jobportal.prus.dev/tests/Feature/Auth/ConfirmPasswordControllerTest.php" line="78" class="Tests\Feature\Auth\ConfirmPasswordControllerTest" classname="Tests.Feature.Auth.ConfirmPasswordControllerTest" assertions="0" time="0.000000">
          <error type="Error">Tests\Feature\Auth\ConfirmPasswordControllerTest::test_store_validates_required_fields
Error: Class "App\Models\User" not found

/www/wwwroot/jobportal.prus.dev/tests/Feature/Auth/ConfirmPasswordControllerTest.php:28</error>
        </testcase>
        <testcase name="test_show_displays_record" file="/www/wwwroot/jobportal.prus.dev/tests/Feature/Auth/ConfirmPasswordControllerTest.php" line="89" class="Tests\Feature\Auth\ConfirmPasswordControllerTest" classname="Tests.Feature.Auth.ConfirmPasswordControllerTest" assertions="0" time="0.000000">
          <error type="Error">Tests\Feature\Auth\ConfirmPasswordControllerTest::test_show_displays_record
Error: Class "App\Models\User" not found

/www/wwwroot/jobportal.prus.dev/tests/Feature/Auth/ConfirmPasswordControllerTest.php:28</error>
        </testcase>
        <testcase name="test_edit_displays_form" file="/www/wwwroot/jobportal.prus.dev/tests/Feature/Auth/ConfirmPasswordControllerTest.php" line="102" class="Tests\Feature\Auth\ConfirmPasswordControllerTest" classname="Tests.Feature.Auth.ConfirmPasswordControllerTest" assertions="0" time="0.000000">
          <error type="Error">Tests\Feature\Auth\ConfirmPasswordControllerTest::test_edit_displays_form
Error: Class "App\Models\User" not found

/www/wwwroot/jobportal.prus.dev/tests/Feature/Auth/ConfirmPasswordControllerTest.php:28</error>
        </testcase>
        <testcase name="test_update_modifies_record" file="/www/wwwroot/jobportal.prus.dev/tests/Feature/Auth/ConfirmPasswordControllerTest.php" line="115" class="Tests\Feature\Auth\ConfirmPasswordControllerTest" classname="Tests.Feature.Auth.ConfirmPasswordControllerTest" assertions="0" time="0.000000">
          <error type="Error">Tests\Feature\Auth\ConfirmPasswordControllerTest::test_update_modifies_record
Error: Class "App\Models\User" not found

/www/wwwroot/jobportal.prus.dev/tests/Feature/Auth/ConfirmPasswordControllerTest.php:28</error>
        </testcase>
        <testcase name="test_destroy_deletes_record" file="/www/wwwroot/jobportal.prus.dev/tests/Feature/Auth/ConfirmPasswordControllerTest.php" line="136" class="Tests\Feature\Auth\ConfirmPasswordControllerTest" classname="Tests.Feature.Auth.ConfirmPasswordControllerTest" assertions="0" time="0.000000">
          <error type="Error">Tests\Feature\Auth\ConfirmPasswordControllerTest::test_destroy_deletes_record
Error: Class "App\Models\User" not found

/www/wwwroot/jobportal.prus.dev/tests/Feature/Auth/ConfirmPasswordControllerTest.php:28</error>
        </testcase>
        <testcase name="test_unauthorized_access_is_prevented" file="/www/wwwroot/jobportal.prus.dev/tests/Feature/Auth/ConfirmPasswordControllerTest.php" line="150" class="Tests\Feature\Auth\ConfirmPasswordControllerTest" classname="Tests.Feature.Auth.ConfirmPasswordControllerTest" assertions="0" time="0.000000">
          <error type="Error">Tests\Feature\Auth\ConfirmPasswordControllerTest::test_unauthorized_access_is_prevented
Error: Class "App\Models\User" not found

/www/wwwroot/jobportal.prus.dev/tests/Feature/Auth/ConfirmPasswordControllerTest.php:28</error>
        </testcase>
        <testcase name="test_store_with_invalid_email" file="/www/wwwroot/jobportal.prus.dev/tests/Feature/Auth/ConfirmPasswordControllerTest.php" line="160" class="Tests\Feature\Auth\ConfirmPasswordControllerTest" classname="Tests.Feature.Auth.ConfirmPasswordControllerTest" assertions="0" time="0.000000">
          <error type="Error">Tests\Feature\Auth\ConfirmPasswordControllerTest::test_store_with_invalid_email
Error: Class "App\Models\User" not found

/www/wwwroot/jobportal.prus.dev/tests/Feature/Auth/ConfirmPasswordControllerTest.php:28</error>
        </testcase>
        <testcase name="test_store_prevents_duplicate_names" file="/www/wwwroot/jobportal.prus.dev/tests/Feature/Auth/ConfirmPasswordControllerTest.php" line="177" class="Tests\Feature\Auth\ConfirmPasswordControllerTest" classname="Tests.Feature.Auth.ConfirmPasswordControllerTest" assertions="0" time="0.000000">
          <error type="Error">Tests\Feature\Auth\ConfirmPasswordControllerTest::test_store_prevents_duplicate_names
Error: Class "App\Models\User" not found

/www/wwwroot/jobportal.prus.dev/tests/Feature/Auth/ConfirmPasswordControllerTest.php:28</error>
        </testcase>
      </testsuite>
      <testsuite name="Tests\Feature\Auth\ForgotPasswordControllerTest" file="/www/wwwroot/jobportal.prus.dev/tests/Feature/Auth/ForgotPasswordControllerTest.php" tests="11" assertions="0" errors="11" failures="0" skipped="0" time="0.000000">
        <testcase name="test_index_displays_correctly" file="/www/wwwroot/jobportal.prus.dev/tests/Feature/Auth/ForgotPasswordControllerTest.php" line="34" class="Tests\Feature\Auth\ForgotPasswordControllerTest" classname="Tests.Feature.Auth.ForgotPasswordControllerTest" assertions="0" time="0.000000">
          <error type="Error">Tests\Feature\Auth\ForgotPasswordControllerTest::test_index_displays_correctly
Error: Class "App\Models\User" not found

/www/wwwroot/jobportal.prus.dev/tests/Feature/Auth/ForgotPasswordControllerTest.php:28</error>
        </testcase>
        <testcase name="test_create_displays_form" file="/www/wwwroot/jobportal.prus.dev/tests/Feature/Auth/ForgotPasswordControllerTest.php" line="45" class="Tests\Feature\Auth\ForgotPasswordControllerTest" classname="Tests.Feature.Auth.ForgotPasswordControllerTest" assertions="0" time="0.000000">
          <error type="Error">Tests\Feature\Auth\ForgotPasswordControllerTest::test_create_displays_form
Error: Class "App\Models\User" not found

/www/wwwroot/jobportal.prus.dev/tests/Feature/Auth/ForgotPasswordControllerTest.php:28</error>
        </testcase>
        <testcase name="test_store_creates_new_record" file="/www/wwwroot/jobportal.prus.dev/tests/Feature/Auth/ForgotPasswordControllerTest.php" line="56" class="Tests\Feature\Auth\ForgotPasswordControllerTest" classname="Tests.Feature.Auth.ForgotPasswordControllerTest" assertions="0" time="0.000000">
          <error type="Error">Tests\Feature\Auth\ForgotPasswordControllerTest::test_store_creates_new_record
Error: Class "App\Models\User" not found

/www/wwwroot/jobportal.prus.dev/tests/Feature/Auth/ForgotPasswordControllerTest.php:28</error>
        </testcase>
        <testcase name="test_store_validates_required_fields" file="/www/wwwroot/jobportal.prus.dev/tests/Feature/Auth/ForgotPasswordControllerTest.php" line="78" class="Tests\Feature\Auth\ForgotPasswordControllerTest" classname="Tests.Feature.Auth.ForgotPasswordControllerTest" assertions="0" time="0.000000">
          <error type="Error">Tests\Feature\Auth\ForgotPasswordControllerTest::test_store_validates_required_fields
Error: Class "App\Models\User" not found

/www/wwwroot/jobportal.prus.dev/tests/Feature/Auth/ForgotPasswordControllerTest.php:28</error>
        </testcase>
        <testcase name="test_show_displays_record" file="/www/wwwroot/jobportal.prus.dev/tests/Feature/Auth/ForgotPasswordControllerTest.php" line="89" class="Tests\Feature\Auth\ForgotPasswordControllerTest" classname="Tests.Feature.Auth.ForgotPasswordControllerTest" assertions="0" time="0.000000">
          <error type="Error">Tests\Feature\Auth\ForgotPasswordControllerTest::test_show_displays_record
Error: Class "App\Models\User" not found

/www/wwwroot/jobportal.prus.dev/tests/Feature/Auth/ForgotPasswordControllerTest.php:28</error>
        </testcase>
        <testcase name="test_edit_displays_form" file="/www/wwwroot/jobportal.prus.dev/tests/Feature/Auth/ForgotPasswordControllerTest.php" line="102" class="Tests\Feature\Auth\ForgotPasswordControllerTest" classname="Tests.Feature.Auth.ForgotPasswordControllerTest" assertions="0" time="0.000000">
          <error type="Error">Tests\Feature\Auth\ForgotPasswordControllerTest::test_edit_displays_form
Error: Class "App\Models\User" not found

/www/wwwroot/jobportal.prus.dev/tests/Feature/Auth/ForgotPasswordControllerTest.php:28</error>
        </testcase>
        <testcase name="test_update_modifies_record" file="/www/wwwroot/jobportal.prus.dev/tests/Feature/Auth/ForgotPasswordControllerTest.php" line="115" class="Tests\Feature\Auth\ForgotPasswordControllerTest" classname="Tests.Feature.Auth.ForgotPasswordControllerTest" assertions="0" time="0.000000">
          <error type="Error">Tests\Feature\Auth\ForgotPasswordControllerTest::test_update_modifies_record
Error: Class "App\Models\User" not found

/www/wwwroot/jobportal.prus.dev/tests/Feature/Auth/ForgotPasswordControllerTest.php:28</error>
        </testcase>
        <testcase name="test_destroy_deletes_record" file="/www/wwwroot/jobportal.prus.dev/tests/Feature/Auth/ForgotPasswordControllerTest.php" line="136" class="Tests\Feature\Auth\ForgotPasswordControllerTest" classname="Tests.Feature.Auth.ForgotPasswordControllerTest" assertions="0" time="0.000000">
          <error type="Error">Tests\Feature\Auth\ForgotPasswordControllerTest::test_destroy_deletes_record
Error: Class "App\Models\User" not found

/www/wwwroot/jobportal.prus.dev/tests/Feature/Auth/ForgotPasswordControllerTest.php:28</error>
        </testcase>
        <testcase name="test_unauthorized_access_is_prevented" file="/www/wwwroot/jobportal.prus.dev/tests/Feature/Auth/ForgotPasswordControllerTest.php" line="150" class="Tests\Feature\Auth\ForgotPasswordControllerTest" classname="Tests.Feature.Auth.ForgotPasswordControllerTest" assertions="0" time="0.000000">
          <error type="Error">Tests\Feature\Auth\ForgotPasswordControllerTest::test_unauthorized_access_is_prevented
Error: Class "App\Models\User" not found

/www/wwwroot/jobportal.prus.dev/tests/Feature/Auth/ForgotPasswordControllerTest.php:28</error>
        </testcase>
        <testcase name="test_store_with_invalid_email" file="/www/wwwroot/jobportal.prus.dev/tests/Feature/Auth/ForgotPasswordControllerTest.php" line="160" class="Tests\Feature\Auth\ForgotPasswordControllerTest" classname="Tests.Feature.Auth.ForgotPasswordControllerTest" assertions="0" time="0.000000">
          <error type="Error">Tests\Feature\Auth\ForgotPasswordControllerTest::test_store_with_invalid_email
Error: Class "App\Models\User" not found

/www/wwwroot/jobportal.prus.dev/tests/Feature/Auth/ForgotPasswordControllerTest.php:28</error>
        </testcase>
        <testcase name="test_store_prevents_duplicate_names" file="/www/wwwroot/jobportal.prus.dev/tests/Feature/Auth/ForgotPasswordControllerTest.php" line="177" class="Tests\Feature\Auth\ForgotPasswordControllerTest" classname="Tests.Feature.Auth.ForgotPasswordControllerTest" assertions="0" time="0.000000">
          <error type="Error">Tests\Feature\Auth\ForgotPasswordControllerTest::test_store_prevents_duplicate_names
Error: Class "App\Models\User" not found

/www/wwwroot/jobportal.prus.dev/tests/Feature/Auth/ForgotPasswordControllerTest.php:28</error>
        </testcase>
      </testsuite>
      <testsuite name="Tests\Feature\Auth\LoginControllerTest" file="/www/wwwroot/jobportal.prus.dev/tests/Feature/Auth/LoginControllerTest.php" tests="11" assertions="0" errors="11" failures="0" skipped="0" time="0.000000">
        <testcase name="test_index_displays_correctly" file="/www/wwwroot/jobportal.prus.dev/tests/Feature/Auth/LoginControllerTest.php" line="34" class="Tests\Feature\Auth\LoginControllerTest" classname="Tests.Feature.Auth.LoginControllerTest" assertions="0" time="0.000000">
          <error type="Error">Tests\Feature\Auth\LoginControllerTest::test_index_displays_correctly
Error: Class "App\Models\User" not found

/www/wwwroot/jobportal.prus.dev/tests/Feature/Auth/LoginControllerTest.php:28</error>
        </testcase>
        <testcase name="test_create_displays_form" file="/www/wwwroot/jobportal.prus.dev/tests/Feature/Auth/LoginControllerTest.php" line="45" class="Tests\Feature\Auth\LoginControllerTest" classname="Tests.Feature.Auth.LoginControllerTest" assertions="0" time="0.000000">
          <error type="Error">Tests\Feature\Auth\LoginControllerTest::test_create_displays_form
Error: Class "App\Models\User" not found

/www/wwwroot/jobportal.prus.dev/tests/Feature/Auth/LoginControllerTest.php:28</error>
        </testcase>
        <testcase name="test_store_creates_new_record" file="/www/wwwroot/jobportal.prus.dev/tests/Feature/Auth/LoginControllerTest.php" line="56" class="Tests\Feature\Auth\LoginControllerTest" classname="Tests.Feature.Auth.LoginControllerTest" assertions="0" time="0.000000">
          <error type="Error">Tests\Feature\Auth\LoginControllerTest::test_store_creates_new_record
Error: Class "App\Models\User" not found

/www/wwwroot/jobportal.prus.dev/tests/Feature/Auth/LoginControllerTest.php:28</error>
        </testcase>
        <testcase name="test_store_validates_required_fields" file="/www/wwwroot/jobportal.prus.dev/tests/Feature/Auth/LoginControllerTest.php" line="78" class="Tests\Feature\Auth\LoginControllerTest" classname="Tests.Feature.Auth.LoginControllerTest" assertions="0" time="0.000000">
          <error type="Error">Tests\Feature\Auth\LoginControllerTest::test_store_validates_required_fields
Error: Class "App\Models\User" not found

/www/wwwroot/jobportal.prus.dev/tests/Feature/Auth/LoginControllerTest.php:28</error>
        </testcase>
        <testcase name="test_show_displays_record" file="/www/wwwroot/jobportal.prus.dev/tests/Feature/Auth/LoginControllerTest.php" line="89" class="Tests\Feature\Auth\LoginControllerTest" classname="Tests.Feature.Auth.LoginControllerTest" assertions="0" time="0.000000">
          <error type="Error">Tests\Feature\Auth\LoginControllerTest::test_show_displays_record
Error: Class "App\Models\User" not found

/www/wwwroot/jobportal.prus.dev/tests/Feature/Auth/LoginControllerTest.php:28</error>
        </testcase>
        <testcase name="test_edit_displays_form" file="/www/wwwroot/jobportal.prus.dev/tests/Feature/Auth/LoginControllerTest.php" line="102" class="Tests\Feature\Auth\LoginControllerTest" classname="Tests.Feature.Auth.LoginControllerTest" assertions="0" time="0.000000">
          <error type="Error">Tests\Feature\Auth\LoginControllerTest::test_edit_displays_form
Error: Class "App\Models\User" not found

/www/wwwroot/jobportal.prus.dev/tests/Feature/Auth/LoginControllerTest.php:28</error>
        </testcase>
        <testcase name="test_update_modifies_record" file="/www/wwwroot/jobportal.prus.dev/tests/Feature/Auth/LoginControllerTest.php" line="115" class="Tests\Feature\Auth\LoginControllerTest" classname="Tests.Feature.Auth.LoginControllerTest" assertions="0" time="0.000000">
          <error type="Error">Tests\Feature\Auth\LoginControllerTest::test_update_modifies_record
Error: Class "App\Models\User" not found

/www/wwwroot/jobportal.prus.dev/tests/Feature/Auth/LoginControllerTest.php:28</error>
        </testcase>
        <testcase name="test_destroy_deletes_record" file="/www/wwwroot/jobportal.prus.dev/tests/Feature/Auth/LoginControllerTest.php" line="136" class="Tests\Feature\Auth\LoginControllerTest" classname="Tests.Feature.Auth.LoginControllerTest" assertions="0" time="0.000000">
          <error type="Error">Tests\Feature\Auth\LoginControllerTest::test_destroy_deletes_record
Error: Class "App\Models\User" not found

/www/wwwroot/jobportal.prus.dev/tests/Feature/Auth/LoginControllerTest.php:28</error>
        </testcase>
        <testcase name="test_unauthorized_access_is_prevented" file="/www/wwwroot/jobportal.prus.dev/tests/Feature/Auth/LoginControllerTest.php" line="150" class="Tests\Feature\Auth\LoginControllerTest" classname="Tests.Feature.Auth.LoginControllerTest" assertions="0" time="0.000000">
          <error type="Error">Tests\Feature\Auth\LoginControllerTest::test_unauthorized_access_is_prevented
Error: Class "App\Models\User" not found

/www/wwwroot/jobportal.prus.dev/tests/Feature/Auth/LoginControllerTest.php:28</error>
        </testcase>
        <testcase name="test_store_with_invalid_email" file="/www/wwwroot/jobportal.prus.dev/tests/Feature/Auth/LoginControllerTest.php" line="160" class="Tests\Feature\Auth\LoginControllerTest" classname="Tests.Feature.Auth.LoginControllerTest" assertions="0" time="0.000000">
          <error type="Error">Tests\Feature\Auth\LoginControllerTest::test_store_with_invalid_email
Error: Class "App\Models\User" not found

/www/wwwroot/jobportal.prus.dev/tests/Feature/Auth/LoginControllerTest.php:28</error>
        </testcase>
        <testcase name="test_store_prevents_duplicate_names" file="/www/wwwroot/jobportal.prus.dev/tests/Feature/Auth/LoginControllerTest.php" line="177" class="Tests\Feature\Auth\LoginControllerTest" classname="Tests.Feature.Auth.LoginControllerTest" assertions="0" time="0.000000">
          <error type="Error">Tests\Feature\Auth\LoginControllerTest::test_store_prevents_duplicate_names
Error: Class "App\Models\User" not found

/www/wwwroot/jobportal.prus.dev/tests/Feature/Auth/LoginControllerTest.php:28</error>
        </testcase>
      </testsuite>
      <testsuite name="Tests\Feature\Auth\RegisterControllerTest" file="/www/wwwroot/jobportal.prus.dev/tests/Feature/Auth/RegisterControllerTest.php" tests="11" assertions="0" errors="11" failures="0" skipped="0" time="0.000000">
        <testcase name="test_index_displays_correctly" file="/www/wwwroot/jobportal.prus.dev/tests/Feature/Auth/RegisterControllerTest.php" line="34" class="Tests\Feature\Auth\RegisterControllerTest" classname="Tests.Feature.Auth.RegisterControllerTest" assertions="0" time="0.000000">
          <error type="Error">Tests\Feature\Auth\RegisterControllerTest::test_index_displays_correctly
Error: Class "App\Models\User" not found

/www/wwwroot/jobportal.prus.dev/tests/Feature/Auth/RegisterControllerTest.php:28</error>
        </testcase>
        <testcase name="test_create_displays_form" file="/www/wwwroot/jobportal.prus.dev/tests/Feature/Auth/RegisterControllerTest.php" line="45" class="Tests\Feature\Auth\RegisterControllerTest" classname="Tests.Feature.Auth.RegisterControllerTest" assertions="0" time="0.000000">
          <error type="Error">Tests\Feature\Auth\RegisterControllerTest::test_create_displays_form
Error: Class "App\Models\User" not found

/www/wwwroot/jobportal.prus.dev/tests/Feature/Auth/RegisterControllerTest.php:28</error>
        </testcase>
        <testcase name="test_store_creates_new_record" file="/www/wwwroot/jobportal.prus.dev/tests/Feature/Auth/RegisterControllerTest.php" line="56" class="Tests\Feature\Auth\RegisterControllerTest" classname="Tests.Feature.Auth.RegisterControllerTest" assertions="0" time="0.000000">
          <error type="Error">Tests\Feature\Auth\RegisterControllerTest::test_store_creates_new_record
Error: Class "App\Models\User" not found

/www/wwwroot/jobportal.prus.dev/tests/Feature/Auth/RegisterControllerTest.php:28</error>
        </testcase>
        <testcase name="test_store_validates_required_fields" file="/www/wwwroot/jobportal.prus.dev/tests/Feature/Auth/RegisterControllerTest.php" line="78" class="Tests\Feature\Auth\RegisterControllerTest" classname="Tests.Feature.Auth.RegisterControllerTest" assertions="0" time="0.000000">
          <error type="Error">Tests\Feature\Auth\RegisterControllerTest::test_store_validates_required_fields
Error: Class "App\Models\User" not found

/www/wwwroot/jobportal.prus.dev/tests/Feature/Auth/RegisterControllerTest.php:28</error>
        </testcase>
        <testcase name="test_show_displays_record" file="/www/wwwroot/jobportal.prus.dev/tests/Feature/Auth/RegisterControllerTest.php" line="89" class="Tests\Feature\Auth\RegisterControllerTest" classname="Tests.Feature.Auth.RegisterControllerTest" assertions="0" time="0.000000">
          <error type="Error">Tests\Feature\Auth\RegisterControllerTest::test_show_displays_record
Error: Class "App\Models\User" not found

/www/wwwroot/jobportal.prus.dev/tests/Feature/Auth/RegisterControllerTest.php:28</error>
        </testcase>
        <testcase name="test_edit_displays_form" file="/www/wwwroot/jobportal.prus.dev/tests/Feature/Auth/RegisterControllerTest.php" line="102" class="Tests\Feature\Auth\RegisterControllerTest" classname="Tests.Feature.Auth.RegisterControllerTest" assertions="0" time="0.000000">
          <error type="Error">Tests\Feature\Auth\RegisterControllerTest::test_edit_displays_form
Error: Class "App\Models\User" not found

/www/wwwroot/jobportal.prus.dev/tests/Feature/Auth/RegisterControllerTest.php:28</error>
        </testcase>
        <testcase name="test_update_modifies_record" file="/www/wwwroot/jobportal.prus.dev/tests/Feature/Auth/RegisterControllerTest.php" line="115" class="Tests\Feature\Auth\RegisterControllerTest" classname="Tests.Feature.Auth.RegisterControllerTest" assertions="0" time="0.000000">
          <error type="Error">Tests\Feature\Auth\RegisterControllerTest::test_update_modifies_record
Error: Class "App\Models\User" not found

/www/wwwroot/jobportal.prus.dev/tests/Feature/Auth/RegisterControllerTest.php:28</error>
        </testcase>
        <testcase name="test_destroy_deletes_record" file="/www/wwwroot/jobportal.prus.dev/tests/Feature/Auth/RegisterControllerTest.php" line="136" class="Tests\Feature\Auth\RegisterControllerTest" classname="Tests.Feature.Auth.RegisterControllerTest" assertions="0" time="0.000000">
          <error type="Error">Tests\Feature\Auth\RegisterControllerTest::test_destroy_deletes_record
Error: Class "App\Models\User" not found

/www/wwwroot/jobportal.prus.dev/tests/Feature/Auth/RegisterControllerTest.php:28</error>
        </testcase>
        <testcase name="test_unauthorized_access_is_prevented" file="/www/wwwroot/jobportal.prus.dev/tests/Feature/Auth/RegisterControllerTest.php" line="150" class="Tests\Feature\Auth\RegisterControllerTest" classname="Tests.Feature.Auth.RegisterControllerTest" assertions="0" time="0.000000">
          <error type="Error">Tests\Feature\Auth\RegisterControllerTest::test_unauthorized_access_is_prevented
Error: Class "App\Models\User" not found

/www/wwwroot/jobportal.prus.dev/tests/Feature/Auth/RegisterControllerTest.php:28</error>
        </testcase>
        <testcase name="test_store_with_invalid_email" file="/www/wwwroot/jobportal.prus.dev/tests/Feature/Auth/RegisterControllerTest.php" line="160" class="Tests\Feature\Auth\RegisterControllerTest" classname="Tests.Feature.Auth.RegisterControllerTest" assertions="0" time="0.000000">
          <error type="Error">Tests\Feature\Auth\RegisterControllerTest::test_store_with_invalid_email
Error: Class "App\Models\User" not found

/www/wwwroot/jobportal.prus.dev/tests/Feature/Auth/RegisterControllerTest.php:28</error>
        </testcase>
        <testcase name="test_store_prevents_duplicate_names" file="/www/wwwroot/jobportal.prus.dev/tests/Feature/Auth/RegisterControllerTest.php" line="177" class="Tests\Feature\Auth\RegisterControllerTest" classname="Tests.Feature.Auth.RegisterControllerTest" assertions="0" time="0.000000">
          <error type="Error">Tests\Feature\Auth\RegisterControllerTest::test_store_prevents_duplicate_names
Error: Class "App\Models\User" not found

/www/wwwroot/jobportal.prus.dev/tests/Feature/Auth/RegisterControllerTest.php:28</error>
        </testcase>
      </testsuite>
      <testsuite name="Tests\Feature\Auth\ResetPasswordControllerTest" file="/www/wwwroot/jobportal.prus.dev/tests/Feature/Auth/ResetPasswordControllerTest.php" tests="11" assertions="0" errors="11" failures="0" skipped="0" time="0.000000">
        <testcase name="test_index_displays_correctly" file="/www/wwwroot/jobportal.prus.dev/tests/Feature/Auth/ResetPasswordControllerTest.php" line="34" class="Tests\Feature\Auth\ResetPasswordControllerTest" classname="Tests.Feature.Auth.ResetPasswordControllerTest" assertions="0" time="0.000000">
          <error type="Error">Tests\Feature\Auth\ResetPasswordControllerTest::test_index_displays_correctly
Error: Class "App\Models\User" not found

/www/wwwroot/jobportal.prus.dev/tests/Feature/Auth/ResetPasswordControllerTest.php:28</error>
        </testcase>
        <testcase name="test_create_displays_form" file="/www/wwwroot/jobportal.prus.dev/tests/Feature/Auth/ResetPasswordControllerTest.php" line="45" class="Tests\Feature\Auth\ResetPasswordControllerTest" classname="Tests.Feature.Auth.ResetPasswordControllerTest" assertions="0" time="0.000000">
          <error type="Error">Tests\Feature\Auth\ResetPasswordControllerTest::test_create_displays_form
Error: Class "App\Models\User" not found

/www/wwwroot/jobportal.prus.dev/tests/Feature/Auth/ResetPasswordControllerTest.php:28</error>
        </testcase>
        <testcase name="test_store_creates_new_record" file="/www/wwwroot/jobportal.prus.dev/tests/Feature/Auth/ResetPasswordControllerTest.php" line="56" class="Tests\Feature\Auth\ResetPasswordControllerTest" classname="Tests.Feature.Auth.ResetPasswordControllerTest" assertions="0" time="0.000000">
          <error type="Error">Tests\Feature\Auth\ResetPasswordControllerTest::test_store_creates_new_record
Error: Class "App\Models\User" not found

/www/wwwroot/jobportal.prus.dev/tests/Feature/Auth/ResetPasswordControllerTest.php:28</error>
        </testcase>
        <testcase name="test_store_validates_required_fields" file="/www/wwwroot/jobportal.prus.dev/tests/Feature/Auth/ResetPasswordControllerTest.php" line="78" class="Tests\Feature\Auth\ResetPasswordControllerTest" classname="Tests.Feature.Auth.ResetPasswordControllerTest" assertions="0" time="0.000000">
          <error type="Error">Tests\Feature\Auth\ResetPasswordControllerTest::test_store_validates_required_fields
Error: Class "App\Models\User" not found

/www/wwwroot/jobportal.prus.dev/tests/Feature/Auth/ResetPasswordControllerTest.php:28</error>
        </testcase>
        <testcase name="test_show_displays_record" file="/www/wwwroot/jobportal.prus.dev/tests/Feature/Auth/ResetPasswordControllerTest.php" line="89" class="Tests\Feature\Auth\ResetPasswordControllerTest" classname="Tests.Feature.Auth.ResetPasswordControllerTest" assertions="0" time="0.000000">
          <error type="Error">Tests\Feature\Auth\ResetPasswordControllerTest::test_show_displays_record
Error: Class "App\Models\User" not found

/www/wwwroot/jobportal.prus.dev/tests/Feature/Auth/ResetPasswordControllerTest.php:28</error>
        </testcase>
        <testcase name="test_edit_displays_form" file="/www/wwwroot/jobportal.prus.dev/tests/Feature/Auth/ResetPasswordControllerTest.php" line="102" class="Tests\Feature\Auth\ResetPasswordControllerTest" classname="Tests.Feature.Auth.ResetPasswordControllerTest" assertions="0" time="0.000000">
          <error type="Error">Tests\Feature\Auth\ResetPasswordControllerTest::test_edit_displays_form
Error: Class "App\Models\User" not found

/www/wwwroot/jobportal.prus.dev/tests/Feature/Auth/ResetPasswordControllerTest.php:28</error>
        </testcase>
        <testcase name="test_update_modifies_record" file="/www/wwwroot/jobportal.prus.dev/tests/Feature/Auth/ResetPasswordControllerTest.php" line="115" class="Tests\Feature\Auth\ResetPasswordControllerTest" classname="Tests.Feature.Auth.ResetPasswordControllerTest" assertions="0" time="0.000000">
          <error type="Error">Tests\Feature\Auth\ResetPasswordControllerTest::test_update_modifies_record
Error: Class "App\Models\User" not found

/www/wwwroot/jobportal.prus.dev/tests/Feature/Auth/ResetPasswordControllerTest.php:28</error>
        </testcase>
        <testcase name="test_destroy_deletes_record" file="/www/wwwroot/jobportal.prus.dev/tests/Feature/Auth/ResetPasswordControllerTest.php" line="136" class="Tests\Feature\Auth\ResetPasswordControllerTest" classname="Tests.Feature.Auth.ResetPasswordControllerTest" assertions="0" time="0.000000">
          <error type="Error">Tests\Feature\Auth\ResetPasswordControllerTest::test_destroy_deletes_record
Error: Class "App\Models\User" not found

/www/wwwroot/jobportal.prus.dev/tests/Feature/Auth/ResetPasswordControllerTest.php:28</error>
        </testcase>
        <testcase name="test_unauthorized_access_is_prevented" file="/www/wwwroot/jobportal.prus.dev/tests/Feature/Auth/ResetPasswordControllerTest.php" line="150" class="Tests\Feature\Auth\ResetPasswordControllerTest" classname="Tests.Feature.Auth.ResetPasswordControllerTest" assertions="0" time="0.000000">
          <error type="Error">Tests\Feature\Auth\ResetPasswordControllerTest::test_unauthorized_access_is_prevented
Error: Class "App\Models\User" not found

/www/wwwroot/jobportal.prus.dev/tests/Feature/Auth/ResetPasswordControllerTest.php:28</error>
        </testcase>
        <testcase name="test_store_with_invalid_email" file="/www/wwwroot/jobportal.prus.dev/tests/Feature/Auth/ResetPasswordControllerTest.php" line="160" class="Tests\Feature\Auth\ResetPasswordControllerTest" classname="Tests.Feature.Auth.ResetPasswordControllerTest" assertions="0" time="0.000000">
          <error type="Error">Tests\Feature\Auth\ResetPasswordControllerTest::test_store_with_invalid_email
Error: Class "App\Models\User" not found

/www/wwwroot/jobportal.prus.dev/tests/Feature/Auth/ResetPasswordControllerTest.php:28</error>
        </testcase>
        <testcase name="test_store_prevents_duplicate_names" file="/www/wwwroot/jobportal.prus.dev/tests/Feature/Auth/ResetPasswordControllerTest.php" line="177" class="Tests\Feature\Auth\ResetPasswordControllerTest" classname="Tests.Feature.Auth.ResetPasswordControllerTest" assertions="0" time="0.000000">
          <error type="Error">Tests\Feature\Auth\ResetPasswordControllerTest::test_store_prevents_duplicate_names
Error: Class "App\Models\User" not found

/www/wwwroot/jobportal.prus.dev/tests/Feature/Auth/ResetPasswordControllerTest.php:28</error>
        </testcase>
      </testsuite>
      <testsuite name="Tests\Feature\Auth\VerificationControllerTest" file="/www/wwwroot/jobportal.prus.dev/tests/Feature/Auth/VerificationControllerTest.php" tests="11" assertions="0" errors="11" failures="0" skipped="0" time="0.000000">
        <testcase name="test_index_displays_correctly" file="/www/wwwroot/jobportal.prus.dev/tests/Feature/Auth/VerificationControllerTest.php" line="34" class="Tests\Feature\Auth\VerificationControllerTest" classname="Tests.Feature.Auth.VerificationControllerTest" assertions="0" time="0.000000">
          <error type="Error">Tests\Feature\Auth\VerificationControllerTest::test_index_displays_correctly
Error: Class "App\Models\User" not found

/www/wwwroot/jobportal.prus.dev/tests/Feature/Auth/VerificationControllerTest.php:28</error>
        </testcase>
        <testcase name="test_create_displays_form" file="/www/wwwroot/jobportal.prus.dev/tests/Feature/Auth/VerificationControllerTest.php" line="45" class="Tests\Feature\Auth\VerificationControllerTest" classname="Tests.Feature.Auth.VerificationControllerTest" assertions="0" time="0.000000">
          <error type="Error">Tests\Feature\Auth\VerificationControllerTest::test_create_displays_form
Error: Class "App\Models\User" not found

/www/wwwroot/jobportal.prus.dev/tests/Feature/Auth/VerificationControllerTest.php:28</error>
        </testcase>
        <testcase name="test_store_creates_new_record" file="/www/wwwroot/jobportal.prus.dev/tests/Feature/Auth/VerificationControllerTest.php" line="56" class="Tests\Feature\Auth\VerificationControllerTest" classname="Tests.Feature.Auth.VerificationControllerTest" assertions="0" time="0.000000">
          <error type="Error">Tests\Feature\Auth\VerificationControllerTest::test_store_creates_new_record
Error: Class "App\Models\User" not found

/www/wwwroot/jobportal.prus.dev/tests/Feature/Auth/VerificationControllerTest.php:28</error>
        </testcase>
        <testcase name="test_store_validates_required_fields" file="/www/wwwroot/jobportal.prus.dev/tests/Feature/Auth/VerificationControllerTest.php" line="78" class="Tests\Feature\Auth\VerificationControllerTest" classname="Tests.Feature.Auth.VerificationControllerTest" assertions="0" time="0.000000">
          <error type="Error">Tests\Feature\Auth\VerificationControllerTest::test_store_validates_required_fields
Error: Class "App\Models\User" not found

/www/wwwroot/jobportal.prus.dev/tests/Feature/Auth/VerificationControllerTest.php:28</error>
        </testcase>
        <testcase name="test_show_displays_record" file="/www/wwwroot/jobportal.prus.dev/tests/Feature/Auth/VerificationControllerTest.php" line="89" class="Tests\Feature\Auth\VerificationControllerTest" classname="Tests.Feature.Auth.VerificationControllerTest" assertions="0" time="0.000000">
          <error type="Error">Tests\Feature\Auth\VerificationControllerTest::test_show_displays_record
Error: Class "App\Models\User" not found

/www/wwwroot/jobportal.prus.dev/tests/Feature/Auth/VerificationControllerTest.php:28</error>
        </testcase>
        <testcase name="test_edit_displays_form" file="/www/wwwroot/jobportal.prus.dev/tests/Feature/Auth/VerificationControllerTest.php" line="102" class="Tests\Feature\Auth\VerificationControllerTest" classname="Tests.Feature.Auth.VerificationControllerTest" assertions="0" time="0.000000">
          <error type="Error">Tests\Feature\Auth\VerificationControllerTest::test_edit_displays_form
Error: Class "App\Models\User" not found

/www/wwwroot/jobportal.prus.dev/tests/Feature/Auth/VerificationControllerTest.php:28</error>
        </testcase>
        <testcase name="test_update_modifies_record" file="/www/wwwroot/jobportal.prus.dev/tests/Feature/Auth/VerificationControllerTest.php" line="115" class="Tests\Feature\Auth\VerificationControllerTest" classname="Tests.Feature.Auth.VerificationControllerTest" assertions="0" time="0.000000">
          <error type="Error">Tests\Feature\Auth\VerificationControllerTest::test_update_modifies_record
Error: Class "App\Models\User" not found

/www/wwwroot/jobportal.prus.dev/tests/Feature/Auth/VerificationControllerTest.php:28</error>
        </testcase>
        <testcase name="test_destroy_deletes_record" file="/www/wwwroot/jobportal.prus.dev/tests/Feature/Auth/VerificationControllerTest.php" line="136" class="Tests\Feature\Auth\VerificationControllerTest" classname="Tests.Feature.Auth.VerificationControllerTest" assertions="0" time="0.000000">
          <error type="Error">Tests\Feature\Auth\VerificationControllerTest::test_destroy_deletes_record
Error: Class "App\Models\User" not found

/www/wwwroot/jobportal.prus.dev/tests/Feature/Auth/VerificationControllerTest.php:28</error>
        </testcase>
        <testcase name="test_unauthorized_access_is_prevented" file="/www/wwwroot/jobportal.prus.dev/tests/Feature/Auth/VerificationControllerTest.php" line="150" class="Tests\Feature\Auth\VerificationControllerTest" classname="Tests.Feature.Auth.VerificationControllerTest" assertions="0" time="0.000000">
          <error type="Error">Tests\Feature\Auth\VerificationControllerTest::test_unauthorized_access_is_prevented
Error: Class "App\Models\User" not found

/www/wwwroot/jobportal.prus.dev/tests/Feature/Auth/VerificationControllerTest.php:28</error>
        </testcase>
        <testcase name="test_store_with_invalid_email" file="/www/wwwroot/jobportal.prus.dev/tests/Feature/Auth/VerificationControllerTest.php" line="160" class="Tests\Feature\Auth\VerificationControllerTest" classname="Tests.Feature.Auth.VerificationControllerTest" assertions="0" time="0.000000">
          <error type="Error">Tests\Feature\Auth\VerificationControllerTest::test_store_with_invalid_email
Error: Class "App\Models\User" not found

/www/wwwroot/jobportal.prus.dev/tests/Feature/Auth/VerificationControllerTest.php:28</error>
        </testcase>
        <testcase name="test_store_prevents_duplicate_names" file="/www/wwwroot/jobportal.prus.dev/tests/Feature/Auth/VerificationControllerTest.php" line="177" class="Tests\Feature\Auth\VerificationControllerTest" classname="Tests.Feature.Auth.VerificationControllerTest" assertions="0" time="0.000000">
          <error type="Error">Tests\Feature\Auth\VerificationControllerTest::test_store_prevents_duplicate_names
Error: Class "App\Models\User" not found

/www/wwwroot/jobportal.prus.dev/tests/Feature/Auth/VerificationControllerTest.php:28</error>
        </testcase>
      </testsuite>
      <testsuite name="Tests\Feature\AuthTest" file="/www/wwwroot/jobportal.prus.dev/tests/Feature/AuthTest.php" tests="16" assertions="2" errors="14" failures="2" skipped="0" time="10.821730">
        <testcase name="users_can_register_as_candidate" file="/www/wwwroot/jobportal.prus.dev/tests/Feature/AuthTest.php" line="22" class="Tests\Feature\AuthTest" classname="Tests.Feature.AuthTest" assertions="0" time="0.484493">
          <error type="Error">Tests\Feature\AuthTest::users_can_register_as_candidate
Error: Class "App\Models\User" not found

/www/wwwroot/jobportal.prus.dev/tests/Feature/AuthTest.php:29</error>
        </testcase>
        <testcase name="users_can_register_as_employer" file="/www/wwwroot/jobportal.prus.dev/tests/Feature/AuthTest.php" line="43" class="Tests\Feature\AuthTest" classname="Tests.Feature.AuthTest" assertions="0" time="0.485847">
          <error type="Error">Tests\Feature\AuthTest::users_can_register_as_employer
Error: Class "App\Models\User" not found

/www/wwwroot/jobportal.prus.dev/tests/Feature/AuthTest.php:50</error>
        </testcase>
        <testcase name="users_can_login_with_correct_credentials" file="/www/wwwroot/jobportal.prus.dev/tests/Feature/AuthTest.php" line="64" class="Tests\Feature\AuthTest" classname="Tests.Feature.AuthTest" assertions="0" time="0.465767">
          <error type="Error">Tests\Feature\AuthTest::users_can_login_with_correct_credentials
Error: Class "App\Models\User" not found

/www/wwwroot/jobportal.prus.dev/tests/Feature/AuthTest.php:66</error>
        </testcase>
        <testcase name="users_cannot_login_with_incorrect_credentials" file="/www/wwwroot/jobportal.prus.dev/tests/Feature/AuthTest.php" line="82" class="Tests\Feature\AuthTest" classname="Tests.Feature.AuthTest" assertions="0" time="0.575904">
          <error type="Error">Tests\Feature\AuthTest::users_cannot_login_with_incorrect_credentials
Error: Class "App\Models\User" not found

/www/wwwroot/jobportal.prus.dev/tests/Feature/AuthTest.php:84</error>
        </testcase>
        <testcase name="inactive_users_cannot_login" file="/www/wwwroot/jobportal.prus.dev/tests/Feature/AuthTest.php" line="100" class="Tests\Feature\AuthTest" classname="Tests.Feature.AuthTest" assertions="0" time="0.613686">
          <error type="Error">Tests\Feature\AuthTest::inactive_users_cannot_login
Error: Class "App\Models\User" not found

/www/wwwroot/jobportal.prus.dev/tests/Feature/AuthTest.php:102</error>
        </testcase>
        <testcase name="user_can_logout" file="/www/wwwroot/jobportal.prus.dev/tests/Feature/AuthTest.php" line="118" class="Tests\Feature\AuthTest" classname="Tests.Feature.AuthTest" assertions="0" time="0.742757">
          <error type="Error">Tests\Feature\AuthTest::user_can_logout
Error: Class "App\Models\User" not found

/www/wwwroot/jobportal.prus.dev/tests/Feature/AuthTest.php:120</error>
        </testcase>
        <testcase name="user_can_request_password_reset" file="/www/wwwroot/jobportal.prus.dev/tests/Feature/AuthTest.php" line="132" class="Tests\Feature\AuthTest" classname="Tests.Feature.AuthTest" assertions="0" time="0.776582">
          <error type="Error">Tests\Feature\AuthTest::user_can_request_password_reset
Error: Class "App\Models\User" not found

/www/wwwroot/jobportal.prus.dev/tests/Feature/AuthTest.php:134</error>
        </testcase>
        <testcase name="user_can_view_password_reset_form" file="/www/wwwroot/jobportal.prus.dev/tests/Feature/AuthTest.php" line="148" class="Tests\Feature\AuthTest" classname="Tests.Feature.AuthTest" assertions="1" time="1.421433">
          <failure type="PHPUnit\Framework\ExpectationFailedException">Tests\Feature\AuthTest::user_can_view_password_reset_form
Expected response status code [200] but received 500.
Failed asserting that 500 is identical to 200.

The following exception occurred during the last request:

Symfony\Component\Routing\Exception\RouteNotFoundException: Route [search] not defined. in /www/wwwroot/jobportal.prus.dev/vendor/laravel/framework/src/Illuminate/Routing/UrlGenerator.php:526
Stack trace:
#0 /www/wwwroot/jobportal.prus.dev/vendor/laravel/framework/src/Illuminate/Foundation/helpers.php(883): Illuminate\Routing\UrlGenerator-&gt;route()
#1 /www/wwwroot/jobportal.prus.dev/storage/framework/views/d69d9ccf2dc289690e52004e0568f7de.php(44): route()
#2 /www/wwwroot/jobportal.prus.dev/vendor/laravel/framework/src/Illuminate/Filesystem/Filesystem.php(123): require('...')
#3 /www/wwwroot/jobportal.prus.dev/vendor/laravel/framework/src/Illuminate/Filesystem/Filesystem.php(124): Illuminate\Filesystem\Filesystem::Illuminate\Filesystem\{closure}()
#4 /www/wwwroot/jobportal.prus.dev/vendor/laravel/framework/src/Illuminate/View/Engines/PhpEngine.php(57): Illuminate\Filesystem\Filesystem-&gt;getRequire()
#5 /www/wwwroot/jobportal.prus.dev/vendor/livewire/livewire/src/Mechanisms/ExtendBlade/ExtendedCompilerEngine.php(22): Illuminate\View\Engines\PhpEngine-&gt;evaluatePath()
#6 /www/wwwroot/jobportal.prus.dev/vendor/laravel/framework/src/Illuminate/View/Engines/CompilerEngine.php(74): Livewire\Mechanisms\ExtendBlade\ExtendedCompilerEngine-&gt;evaluatePath()
#7 /www/wwwroot/jobportal.prus.dev/vendor/livewire/livewire/src/Mechanisms/ExtendBlade/ExtendedCompilerEngine.php(10): Illuminate\View\Engines\CompilerEngine-&gt;get()
#8 /www/wwwroot/jobportal.prus.dev/vendor/laravel/framework/src/Illuminate/View/View.php(208): Livewire\Mechanisms\ExtendBlade\ExtendedCompilerEngine-&gt;get()
#9 /www/wwwroot/jobportal.prus.dev/vendor/laravel/framework/src/Illuminate/View/View.php(191): Illuminate\View\View-&gt;getContents()
#10 /www/wwwroot/jobportal.prus.dev/vendor/laravel/framework/src/Illuminate/View/View.php(160): Illuminate\View\View-&gt;renderContents()
#11 /www/wwwroot/jobportal.prus.dev/vendor/laravel/framework/src/Illuminate/Http/Response.php(78): Illuminate\View\View-&gt;render()
#12 /www/wwwroot/jobportal.prus.dev/vendor/laravel/framework/src/Illuminate/Http/Response.php(34): Illuminate\Http\Response-&gt;setContent()
#13 /www/wwwroot/jobportal.prus.dev/vendor/laravel/framework/src/Illuminate/Routing/ResponseFactory.php(61): Illuminate\Http\Response-&gt;__construct()
#14 /www/wwwroot/jobportal.prus.dev/vendor/laravel/framework/src/Illuminate/Routing/ResponseFactory.php(91): Illuminate\Routing\ResponseFactory-&gt;make()
#15 /www/wwwroot/jobportal.prus.dev/vendor/laravel/framework/src/Illuminate/Foundation/Exceptions/Handler.php(897): Illuminate\Routing\ResponseFactory-&gt;view()
#16 /www/wwwroot/jobportal.prus.dev/vendor/laravel/framework/src/Illuminate/Foundation/Exceptions/Handler.php(818): Illuminate\Foundation\Exceptions\Handler-&gt;renderHttpException()
#17 /www/wwwroot/jobportal.prus.dev/vendor/laravel/framework/src/Illuminate/Foundation/Exceptions/Handler.php(709): Illuminate\Foundation\Exceptions\Handler-&gt;prepareResponse()
#18 /www/wwwroot/jobportal.prus.dev/vendor/laravel/framework/src/Illuminate/Foundation/Exceptions/Handler.php(597): Illuminate\Foundation\Exceptions\Handler-&gt;renderExceptionResponse()
#19 /www/wwwroot/jobportal.prus.dev/app/Exceptions/Handler.php(80): Illuminate\Foundation\Exceptions\Handler-&gt;render()
#20 /www/wwwroot/jobportal.prus.dev/vendor/laravel/framework/src/Illuminate/Routing/Pipeline.php(51): App\Exceptions\Handler-&gt;render()
#21 /www/wwwroot/jobportal.prus.dev/vendor/laravel/framework/src/Illuminate/Pipeline/Pipeline.php(171): Illuminate\Routing\Pipeline-&gt;handleException()
#22 /www/wwwroot/jobportal.prus.dev/vendor/livewire/livewire/src/Features/SupportDisablingBackButtonCache/DisableBackButtonCacheMiddleware.php(19): Illuminate\Pipeline\Pipeline-&gt;Illuminate\Pipeline\{closure}()
#23 /www/wwwroot/jobportal.prus.dev/vendor/laravel/framework/src/Illuminate/Pipeline/Pipeline.php(208): Livewire\Features\SupportDisablingBackButtonCache\DisableBackButtonCacheMiddleware-&gt;handle()
#24 /www/wwwroot/jobportal.prus.dev/vendor/barryvdh/laravel-debugbar/src/Middleware/InjectDebugbar.php(59): Illuminate\Pipeline\Pipeline-&gt;Illuminate\Pipeline\{closure}()
#25 /www/wwwroot/jobportal.prus.dev/vendor/laravel/framework/src/Illuminate/Pipeline/Pipeline.php(208): Barryvdh\Debugbar\Middleware\InjectDebugbar-&gt;handle()
#26 /www/wwwroot/jobportal.prus.dev/vendor/spatie/laravel-csp/src/AddCspHeaders.php(17): Illuminate\Pipeline\Pipeline-&gt;Illuminate\Pipeline\{closure}()
#27 /www/wwwroot/jobportal.prus.dev/vendor/laravel/framework/src/Illuminate/Pipeline/Pipeline.php(208): Spatie\Csp\AddCspHeaders-&gt;handle()
#28 /www/wwwroot/jobportal.prus.dev/app/Http/Middleware/SecurityHeaders.php(11): Illuminate\Pipeline\Pipeline-&gt;Illuminate\Pipeline\{closure}()
#29 /www/wwwroot/jobportal.prus.dev/vendor/laravel/framework/src/Illuminate/Pipeline/Pipeline.php(208): App\Http\Middleware\SecurityHeaders-&gt;handle()
#30 /www/wwwroot/jobportal.prus.dev/vendor/laravel/framework/src/Illuminate/Foundation/Http/Middleware/TransformsRequest.php(21): Illuminate\Pipeline\Pipeline-&gt;Illuminate\Pipeline\{closure}()
#31 /www/wwwroot/jobportal.prus.dev/vendor/laravel/framework/src/Illuminate/Foundation/Http/Middleware/ConvertEmptyStringsToNull.php(31): Illuminate\Foundation\Http\Middleware\TransformsRequest-&gt;handle()
#32 /www/wwwroot/jobportal.prus.dev/vendor/laravel/framework/src/Illuminate/Pipeline/Pipeline.php(208): Illuminate\Foundation\Http\Middleware\ConvertEmptyStringsToNull-&gt;handle()
#33 /www/wwwroot/jobportal.prus.dev/vendor/laravel/framework/src/Illuminate/Foundation/Http/Middleware/TransformsRequest.php(21): Illuminate\Pipeline\Pipeline-&gt;Illuminate\Pipeline\{closure}()
#34 /www/wwwroot/jobportal.prus.dev/vendor/laravel/framework/src/Illuminate/Foundation/Http/Middleware/TrimStrings.php(51): Illuminate\Foundation\Http\Middleware\TransformsRequest-&gt;handle()
#35 /www/wwwroot/jobportal.prus.dev/vendor/laravel/framework/src/Illuminate/Pipeline/Pipeline.php(208): Illuminate\Foundation\Http\Middleware\TrimStrings-&gt;handle()
#36 /www/wwwroot/jobportal.prus.dev/vendor/laravel/framework/src/Illuminate/Http/Middleware/ValidatePostSize.php(27): Illuminate\Pipeline\Pipeline-&gt;Illuminate\Pipeline\{closure}()
#37 /www/wwwroot/jobportal.prus.dev/vendor/laravel/framework/src/Illuminate/Pipeline/Pipeline.php(208): Illuminate\Http\Middleware\ValidatePostSize-&gt;handle()
#38 /www/wwwroot/jobportal.prus.dev/vendor/laravel/framework/src/Illuminate/Foundation/Http/Middleware/PreventRequestsDuringMaintenance.php(109): Illuminate\Pipeline\Pipeline-&gt;Illuminate\Pipeline\{closure}()
#39 /www/wwwroot/jobportal.prus.dev/vendor/laravel/framework/src/Illuminate/Pipeline/Pipeline.php(208): Illuminate\Foundation\Http\Middleware\PreventRequestsDuringMaintenance-&gt;handle()
#40 /www/wwwroot/jobportal.prus.dev/vendor/laravel/framework/src/Illuminate/Http/Middleware/HandleCors.php(48): Illuminate\Pipeline\Pipeline-&gt;Illuminate\Pipeline\{closure}()
#41 /www/wwwroot/jobportal.prus.dev/vendor/laravel/framework/src/Illuminate/Pipeline/Pipeline.php(208): Illuminate\Http\Middleware\HandleCors-&gt;handle()
#42 /www/wwwroot/jobportal.prus.dev/vendor/laravel/framework/src/Illuminate/Http/Middleware/TrustProxies.php(58): Illuminate\Pipeline\Pipeline-&gt;Illuminate\Pipeline\{closure}()
#43 /www/wwwroot/jobportal.prus.dev/vendor/laravel/framework/src/Illuminate/Pipeline/Pipeline.php(208): Illuminate\Http\Middleware\TrustProxies-&gt;handle()
#44 /www/wwwroot/jobportal.prus.dev/vendor/laravel/framework/src/Illuminate/Pipeline/Pipeline.php(126): Illuminate\Pipeline\Pipeline-&gt;Illuminate\Pipeline\{closure}()
#45 /www/wwwroot/jobportal.prus.dev/vendor/laravel/framework/src/Illuminate/Foundation/Http/Kernel.php(175): Illuminate\Pipeline\Pipeline-&gt;then()
#46 /www/wwwroot/jobportal.prus.dev/vendor/laravel/framework/src/Illuminate/Foundation/Http/Kernel.php(144): Illuminate\Foundation\Http\Kernel-&gt;sendRequestThroughRouter()
#47 /www/wwwroot/jobportal.prus.dev/vendor/laravel/framework/src/Illuminate/Foundation/Testing/Concerns/MakesHttpRequests.php(607): Illuminate\Foundation\Http\Kernel-&gt;handle()
#48 /www/wwwroot/jobportal.prus.dev/vendor/laravel/framework/src/Illuminate/Foundation/Testing/Concerns/MakesHttpRequests.php(368): Illuminate\Foundation\Testing\TestCase-&gt;call()
#49 /www/wwwroot/jobportal.prus.dev/tests/Feature/AuthTest.php(150): Illuminate\Foundation\Testing\TestCase-&gt;get()
#50 /www/wwwroot/jobportal.prus.dev/vendor/phpunit/phpunit/src/Framework/TestCase.php(1656): Tests\Feature\AuthTest-&gt;user_can_view_password_reset_form()
#51 /www/wwwroot/jobportal.prus.dev/vendor/phpunit/phpunit/src/Framework/TestCase.php(514): PHPUnit\Framework\TestCase-&gt;runTest()
#52 /www/wwwroot/jobportal.prus.dev/vendor/phpunit/phpunit/src/Framework/TestRunner/TestRunner.php(87): PHPUnit\Framework\TestCase-&gt;runBare()
#53 /www/wwwroot/jobportal.prus.dev/vendor/phpunit/phpunit/src/Framework/TestCase.php(361): PHPUnit\Framework\TestRunner-&gt;run()
#54 /www/wwwroot/jobportal.prus.dev/vendor/phpunit/phpunit/src/Framework/TestSuite.php(369): PHPUnit\Framework\TestCase-&gt;run()
#55 /www/wwwroot/jobportal.prus.dev/vendor/phpunit/phpunit/src/Framework/TestSuite.php(369): PHPUnit\Framework\TestSuite-&gt;run()
#56 /www/wwwroot/jobportal.prus.dev/vendor/phpunit/phpunit/src/Framework/TestSuite.php(369): PHPUnit\Framework\TestSuite-&gt;run()
#57 /www/wwwroot/jobportal.prus.dev/vendor/phpunit/phpunit/src/TextUI/TestRunner.php(64): PHPUnit\Framework\TestSuite-&gt;run()
#58 /www/wwwroot/jobportal.prus.dev/vendor/phpunit/phpunit/src/TextUI/Application.php(210): PHPUnit\TextUI\TestRunner-&gt;run()
#59 /www/wwwroot/jobportal.prus.dev/vendor/phpunit/phpunit/phpunit(104): PHPUnit\TextUI\Application-&gt;run()
#60 /www/wwwroot/jobportal.prus.dev/vendor/bin/phpunit(122): include('...')
#61 {main}

Next Spatie\LaravelIgnition\Exceptions\ViewException: Route [search] not defined. in /www/wwwroot/jobportal.prus.dev/vendor/laravel/framework/src/Illuminate/Routing/UrlGenerator.php:526
Stack trace:
#0 /www/wwwroot/jobportal.prus.dev/vendor/laravel/framework/src/Illuminate/Foundation/helpers.php(883): Illuminate\Routing\UrlGenerator-&gt;route()
#1 /www/wwwroot/jobportal.prus.dev/resources/views/errors/404.blade.php(44): route()
#2 /www/wwwroot/jobportal.prus.dev/vendor/laravel/framework/src/Illuminate/Filesystem/Filesystem.php(123): require('...')
#3 /www/wwwroot/jobportal.prus.dev/vendor/laravel/framework/src/Illuminate/Filesystem/Filesystem.php(124): Illuminate\Filesystem\Filesystem::Illuminate\Filesystem\{closure}()
#4 /www/wwwroot/jobportal.prus.dev/vendor/laravel/framework/src/Illuminate/View/Engines/PhpEngine.php(57): Illuminate\Filesystem\Filesystem-&gt;getRequire()
#5 /www/wwwroot/jobportal.prus.dev/vendor/livewire/livewire/src/Mechanisms/ExtendBlade/ExtendedCompilerEngine.php(22): Illuminate\View\Engines\PhpEngine-&gt;evaluatePath()
#6 /www/wwwroot/jobportal.prus.dev/vendor/laravel/framework/src/Illuminate/View/Engines/CompilerEngine.php(74): Livewire\Mechanisms\ExtendBlade\ExtendedCompilerEngine-&gt;evaluatePath()
#7 /www/wwwroot/jobportal.prus.dev/vendor/livewire/livewire/src/Mechanisms/ExtendBlade/ExtendedCompilerEngine.php(10): Illuminate\View\Engines\CompilerEngine-&gt;get()
#8 /www/wwwroot/jobportal.prus.dev/vendor/laravel/framework/src/Illuminate/View/View.php(208): Livewire\Mechanisms\ExtendBlade\ExtendedCompilerEngine-&gt;get()
#9 /www/wwwroot/jobportal.prus.dev/vendor/laravel/framework/src/Illuminate/View/View.php(191): Illuminate\View\View-&gt;getContents()
#10 /www/wwwroot/jobportal.prus.dev/vendor/laravel/framework/src/Illuminate/View/View.php(160): Illuminate\View\View-&gt;renderContents()
#11 /www/wwwroot/jobportal.prus.dev/vendor/laravel/framework/src/Illuminate/Http/Response.php(78): Illuminate\View\View-&gt;render()
#12 /www/wwwroot/jobportal.prus.dev/vendor/laravel/framework/src/Illuminate/Http/Response.php(34): Illuminate\Http\Response-&gt;setContent()
#13 /www/wwwroot/jobportal.prus.dev/vendor/laravel/framework/src/Illuminate/Routing/ResponseFactory.php(61): Illuminate\Http\Response-&gt;__construct()
#14 /www/wwwroot/jobportal.prus.dev/vendor/laravel/framework/src/Illuminate/Routing/ResponseFactory.php(91): Illuminate\Routing\ResponseFactory-&gt;make()
#15 /www/wwwroot/jobportal.prus.dev/vendor/laravel/framework/src/Illuminate/Foundation/Exceptions/Handler.php(897): Illuminate\Routing\ResponseFactory-&gt;view()
#16 /www/wwwroot/jobportal.prus.dev/vendor/laravel/framework/src/Illuminate/Foundation/Exceptions/Handler.php(818): Illuminate\Foundation\Exceptions\Handler-&gt;renderHttpException()
#17 /www/wwwroot/jobportal.prus.dev/vendor/laravel/framework/src/Illuminate/Foundation/Exceptions/Handler.php(709): Illuminate\Foundation\Exceptions\Handler-&gt;prepareResponse()
#18 /www/wwwroot/jobportal.prus.dev/vendor/laravel/framework/src/Illuminate/Foundation/Exceptions/Handler.php(597): Illuminate\Foundation\Exceptions\Handler-&gt;renderExceptionResponse()
#19 /www/wwwroot/jobportal.prus.dev/app/Exceptions/Handler.php(80): Illuminate\Foundation\Exceptions\Handler-&gt;render()
#20 /www/wwwroot/jobportal.prus.dev/vendor/laravel/framework/src/Illuminate/Routing/Pipeline.php(51): App\Exceptions\Handler-&gt;render()
#21 /www/wwwroot/jobportal.prus.dev/vendor/laravel/framework/src/Illuminate/Pipeline/Pipeline.php(171): Illuminate\Routing\Pipeline-&gt;handleException()
#22 /www/wwwroot/jobportal.prus.dev/vendor/livewire/livewire/src/Features/SupportDisablingBackButtonCache/DisableBackButtonCacheMiddleware.php(19): Illuminate\Pipeline\Pipeline-&gt;Illuminate\Pipeline\{closure}()
#23 /www/wwwroot/jobportal.prus.dev/vendor/laravel/framework/src/Illuminate/Pipeline/Pipeline.php(208): Livewire\Features\SupportDisablingBackButtonCache\DisableBackButtonCacheMiddleware-&gt;handle()
#24 /www/wwwroot/jobportal.prus.dev/vendor/barryvdh/laravel-debugbar/src/Middleware/InjectDebugbar.php(59): Illuminate\Pipeline\Pipeline-&gt;Illuminate\Pipeline\{closure}()
#25 /www/wwwroot/jobportal.prus.dev/vendor/laravel/framework/src/Illuminate/Pipeline/Pipeline.php(208): Barryvdh\Debugbar\Middleware\InjectDebugbar-&gt;handle()
#26 /www/wwwroot/jobportal.prus.dev/vendor/spatie/laravel-csp/src/AddCspHeaders.php(17): Illuminate\Pipeline\Pipeline-&gt;Illuminate\Pipeline\{closure}()
#27 /www/wwwroot/jobportal.prus.dev/vendor/laravel/framework/src/Illuminate/Pipeline/Pipeline.php(208): Spatie\Csp\AddCspHeaders-&gt;handle()
#28 /www/wwwroot/jobportal.prus.dev/app/Http/Middleware/SecurityHeaders.php(11): Illuminate\Pipeline\Pipeline-&gt;Illuminate\Pipeline\{closure}()
#29 /www/wwwroot/jobportal.prus.dev/vendor/laravel/framework/src/Illuminate/Pipeline/Pipeline.php(208): App\Http\Middleware\SecurityHeaders-&gt;handle()
#30 /www/wwwroot/jobportal.prus.dev/vendor/laravel/framework/src/Illuminate/Foundation/Http/Middleware/TransformsRequest.php(21): Illuminate\Pipeline\Pipeline-&gt;Illuminate\Pipeline\{closure}()
#31 /www/wwwroot/jobportal.prus.dev/vendor/laravel/framework/src/Illuminate/Foundation/Http/Middleware/ConvertEmptyStringsToNull.php(31): Illuminate\Foundation\Http\Middleware\TransformsRequest-&gt;handle()
#32 /www/wwwroot/jobportal.prus.dev/vendor/laravel/framework/src/Illuminate/Pipeline/Pipeline.php(208): Illuminate\Foundation\Http\Middleware\ConvertEmptyStringsToNull-&gt;handle()
#33 /www/wwwroot/jobportal.prus.dev/vendor/laravel/framework/src/Illuminate/Foundation/Http/Middleware/TransformsRequest.php(21): Illuminate\Pipeline\Pipeline-&gt;Illuminate\Pipeline\{closure}()
#34 /www/wwwroot/jobportal.prus.dev/vendor/laravel/framework/src/Illuminate/Foundation/Http/Middleware/TrimStrings.php(51): Illuminate\Foundation\Http\Middleware\TransformsRequest-&gt;handle()
#35 /www/wwwroot/jobportal.prus.dev/vendor/laravel/framework/src/Illuminate/Pipeline/Pipeline.php(208): Illuminate\Foundation\Http\Middleware\TrimStrings-&gt;handle()
#36 /www/wwwroot/jobportal.prus.dev/vendor/laravel/framework/src/Illuminate/Http/Middleware/ValidatePostSize.php(27): Illuminate\Pipeline\Pipeline-&gt;Illuminate\Pipeline\{closure}()
#37 /www/wwwroot/jobportal.prus.dev/vendor/laravel/framework/src/Illuminate/Pipeline/Pipeline.php(208): Illuminate\Http\Middleware\ValidatePostSize-&gt;handle()
#38 /www/wwwroot/jobportal.prus.dev/vendor/laravel/framework/src/Illuminate/Foundation/Http/Middleware/PreventRequestsDuringMaintenance.php(109): Illuminate\Pipeline\Pipeline-&gt;Illuminate\Pipeline\{closure}()
#39 /www/wwwroot/jobportal.prus.dev/vendor/laravel/framework/src/Illuminate/Pipeline/Pipeline.php(208): Illuminate\Foundation\Http\Middleware\PreventRequestsDuringMaintenance-&gt;handle()
#40 /www/wwwroot/jobportal.prus.dev/vendor/laravel/framework/src/Illuminate/Http/Middleware/HandleCors.php(48): Illuminate\Pipeline\Pipeline-&gt;Illuminate\Pipeline\{closure}()
#41 /www/wwwroot/jobportal.prus.dev/vendor/laravel/framework/src/Illuminate/Pipeline/Pipeline.php(208): Illuminate\Http\Middleware\HandleCors-&gt;handle()
#42 /www/wwwroot/jobportal.prus.dev/vendor/laravel/framework/src/Illuminate/Http/Middleware/TrustProxies.php(58): Illuminate\Pipeline\Pipeline-&gt;Illuminate\Pipeline\{closure}()
#43 /www/wwwroot/jobportal.prus.dev/vendor/laravel/framework/src/Illuminate/Pipeline/Pipeline.php(208): Illuminate\Http\Middleware\TrustProxies-&gt;handle()
#44 /www/wwwroot/jobportal.prus.dev/vendor/laravel/framework/src/Illuminate/Pipeline/Pipeline.php(126): Illuminate\Pipeline\Pipeline-&gt;Illuminate\Pipeline\{closure}()
#45 /www/wwwroot/jobportal.prus.dev/vendor/laravel/framework/src/Illuminate/Foundation/Http/Kernel.php(175): Illuminate\Pipeline\Pipeline-&gt;then()
#46 /www/wwwroot/jobportal.prus.dev/vendor/laravel/framework/src/Illuminate/Foundation/Http/Kernel.php(144): Illuminate\Foundation\Http\Kernel-&gt;sendRequestThroughRouter()
#47 /www/wwwroot/jobportal.prus.dev/vendor/laravel/framework/src/Illuminate/Foundation/Testing/Concerns/MakesHttpRequests.php(607): Illuminate\Foundation\Http\Kernel-&gt;handle()
#48 /www/wwwroot/jobportal.prus.dev/vendor/laravel/framework/src/Illuminate/Foundation/Testing/Concerns/MakesHttpRequests.php(368): Illuminate\Foundation\Testing\TestCase-&gt;call()
#49 /www/wwwroot/jobportal.prus.dev/tests/Feature/AuthTest.php(150): Illuminate\Foundation\Testing\TestCase-&gt;get()
#50 /www/wwwroot/jobportal.prus.dev/vendor/phpunit/phpunit/src/Framework/TestCase.php(1656): Tests\Feature\AuthTest-&gt;user_can_view_password_reset_form()
#51 /www/wwwroot/jobportal.prus.dev/vendor/phpunit/phpunit/src/Framework/TestCase.php(514): PHPUnit\Framework\TestCase-&gt;runTest()
#52 /www/wwwroot/jobportal.prus.dev/vendor/phpunit/phpunit/src/Framework/TestRunner/TestRunner.php(87): PHPUnit\Framework\TestCase-&gt;runBare()
#53 /www/wwwroot/jobportal.prus.dev/vendor/phpunit/phpunit/src/Framework/TestCase.php(361): PHPUnit\Framework\TestRunner-&gt;run()
#54 /www/wwwroot/jobportal.prus.dev/vendor/phpunit/phpunit/src/Framework/TestSuite.php(369): PHPUnit\Framework\TestCase-&gt;run()
#55 /www/wwwroot/jobportal.prus.dev/vendor/phpunit/phpunit/src/Framework/TestSuite.php(369): PHPUnit\Framework\TestSuite-&gt;run()
#56 /www/wwwroot/jobportal.prus.dev/vendor/phpunit/phpunit/src/Framework/TestSuite.php(369): PHPUnit\Framework\TestSuite-&gt;run()
#57 /www/wwwroot/jobportal.prus.dev/vendor/phpunit/phpunit/src/TextUI/TestRunner.php(64): PHPUnit\Framework\TestSuite-&gt;run()
#58 /www/wwwroot/jobportal.prus.dev/vendor/phpunit/phpunit/src/TextUI/Application.php(210): PHPUnit\TextUI\TestRunner-&gt;run()
#59 /www/wwwroot/jobportal.prus.dev/vendor/phpunit/phpunit/phpunit(104): PHPUnit\TextUI\Application-&gt;run()
#60 /www/wwwroot/jobportal.prus.dev/vendor/bin/phpunit(122): include('...')
#61 {main}

----------------------------------------------------------------------------------

Route [search] not defined.

/www/wwwroot/jobportal.prus.dev/vendor/laravel/framework/src/Illuminate/Testing/TestResponseAssert.php:45
/www/wwwroot/jobportal.prus.dev/vendor/laravel/framework/src/Illuminate/Testing/TestResponse.php:174
/www/wwwroot/jobportal.prus.dev/tests/Feature/AuthTest.php:152</failure>
        </testcase>
        <testcase name="user_can_update_password_with_valid_token" file="/www/wwwroot/jobportal.prus.dev/tests/Feature/AuthTest.php" line="156" class="Tests\Feature\AuthTest" classname="Tests.Feature.AuthTest" assertions="0" time="0.716447">
          <error type="Error">Tests\Feature\AuthTest::user_can_update_password_with_valid_token
Error: Class "App\Models\User" not found

/www/wwwroot/jobportal.prus.dev/tests/Feature/AuthTest.php:158</error>
        </testcase>
        <testcase name="registration_requires_name_email_password" file="/www/wwwroot/jobportal.prus.dev/tests/Feature/AuthTest.php" line="176" class="Tests\Feature\AuthTest" classname="Tests.Feature.AuthTest" assertions="0" time="0.517785">
          <error type="Error">Tests\Feature\AuthTest::registration_requires_name_email_password
Error: Class "App\Models\User" not found

/www/wwwroot/jobportal.prus.dev/tests/Feature/AuthTest.php:180</error>
        </testcase>
        <testcase name="registration_requires_valid_email" file="/www/wwwroot/jobportal.prus.dev/tests/Feature/AuthTest.php" line="204" class="Tests\Feature\AuthTest" classname="Tests.Feature.AuthTest" assertions="0" time="0.508712">
          <error type="Error">Tests\Feature\AuthTest::registration_requires_valid_email
Error: Class "App\Models\User" not found

/www/wwwroot/jobportal.prus.dev/tests/Feature/AuthTest.php:211</error>
        </testcase>
        <testcase name="registration_requires_password_confirmation" file="/www/wwwroot/jobportal.prus.dev/tests/Feature/AuthTest.php" line="218" class="Tests\Feature\AuthTest" classname="Tests.Feature.AuthTest" assertions="0" time="0.618959">
          <error type="Error">Tests\Feature\AuthTest::registration_requires_password_confirmation
Error: Class "App\Models\User" not found

/www/wwwroot/jobportal.prus.dev/tests/Feature/AuthTest.php:225</error>
        </testcase>
        <testcase name="registration_requires_agreeing_to_terms" file="/www/wwwroot/jobportal.prus.dev/tests/Feature/AuthTest.php" line="232" class="Tests\Feature\AuthTest" classname="Tests.Feature.AuthTest" assertions="0" time="0.733303">
          <error type="Error">Tests\Feature\AuthTest::registration_requires_agreeing_to_terms
Error: Class "App\Models\User" not found

/www/wwwroot/jobportal.prus.dev/tests/Feature/AuthTest.php:239</error>
        </testcase>
        <testcase name="login_requires_email_and_password" file="/www/wwwroot/jobportal.prus.dev/tests/Feature/AuthTest.php" line="246" class="Tests\Feature\AuthTest" classname="Tests.Feature.AuthTest" assertions="1" time="1.107651">
          <failure type="PHPUnit\Framework\ExpectationFailedException">Tests\Feature\AuthTest::login_requires_email_and_password
Session is missing expected key [errors].
Failed asserting that false is true.

The following exception occurred during the last request:

Symfony\Component\Routing\Exception\RouteNotFoundException: Route [search] not defined. in /www/wwwroot/jobportal.prus.dev/vendor/laravel/framework/src/Illuminate/Routing/UrlGenerator.php:526
Stack trace:
#0 /www/wwwroot/jobportal.prus.dev/vendor/laravel/framework/src/Illuminate/Foundation/helpers.php(883): Illuminate\Routing\UrlGenerator-&gt;route()
#1 /www/wwwroot/jobportal.prus.dev/storage/framework/views/d69d9ccf2dc289690e52004e0568f7de.php(44): route()
#2 /www/wwwroot/jobportal.prus.dev/vendor/laravel/framework/src/Illuminate/Filesystem/Filesystem.php(123): require('...')
#3 /www/wwwroot/jobportal.prus.dev/vendor/laravel/framework/src/Illuminate/Filesystem/Filesystem.php(124): Illuminate\Filesystem\Filesystem::Illuminate\Filesystem\{closure}()
#4 /www/wwwroot/jobportal.prus.dev/vendor/laravel/framework/src/Illuminate/View/Engines/PhpEngine.php(57): Illuminate\Filesystem\Filesystem-&gt;getRequire()
#5 /www/wwwroot/jobportal.prus.dev/vendor/livewire/livewire/src/Mechanisms/ExtendBlade/ExtendedCompilerEngine.php(22): Illuminate\View\Engines\PhpEngine-&gt;evaluatePath()
#6 /www/wwwroot/jobportal.prus.dev/vendor/laravel/framework/src/Illuminate/View/Engines/CompilerEngine.php(74): Livewire\Mechanisms\ExtendBlade\ExtendedCompilerEngine-&gt;evaluatePath()
#7 /www/wwwroot/jobportal.prus.dev/vendor/livewire/livewire/src/Mechanisms/ExtendBlade/ExtendedCompilerEngine.php(10): Illuminate\View\Engines\CompilerEngine-&gt;get()
#8 /www/wwwroot/jobportal.prus.dev/vendor/laravel/framework/src/Illuminate/View/View.php(208): Livewire\Mechanisms\ExtendBlade\ExtendedCompilerEngine-&gt;get()
#9 /www/wwwroot/jobportal.prus.dev/vendor/laravel/framework/src/Illuminate/View/View.php(191): Illuminate\View\View-&gt;getContents()
#10 /www/wwwroot/jobportal.prus.dev/vendor/laravel/framework/src/Illuminate/View/View.php(160): Illuminate\View\View-&gt;renderContents()
#11 /www/wwwroot/jobportal.prus.dev/vendor/laravel/framework/src/Illuminate/Http/Response.php(78): Illuminate\View\View-&gt;render()
#12 /www/wwwroot/jobportal.prus.dev/vendor/laravel/framework/src/Illuminate/Http/Response.php(34): Illuminate\Http\Response-&gt;setContent()
#13 /www/wwwroot/jobportal.prus.dev/vendor/laravel/framework/src/Illuminate/Routing/ResponseFactory.php(61): Illuminate\Http\Response-&gt;__construct()
#14 /www/wwwroot/jobportal.prus.dev/vendor/laravel/framework/src/Illuminate/Routing/ResponseFactory.php(91): Illuminate\Routing\ResponseFactory-&gt;make()
#15 /www/wwwroot/jobportal.prus.dev/vendor/laravel/framework/src/Illuminate/Foundation/Exceptions/Handler.php(897): Illuminate\Routing\ResponseFactory-&gt;view()
#16 /www/wwwroot/jobportal.prus.dev/vendor/laravel/framework/src/Illuminate/Foundation/Exceptions/Handler.php(818): Illuminate\Foundation\Exceptions\Handler-&gt;renderHttpException()
#17 /www/wwwroot/jobportal.prus.dev/vendor/laravel/framework/src/Illuminate/Foundation/Exceptions/Handler.php(709): Illuminate\Foundation\Exceptions\Handler-&gt;prepareResponse()
#18 /www/wwwroot/jobportal.prus.dev/vendor/laravel/framework/src/Illuminate/Foundation/Exceptions/Handler.php(597): Illuminate\Foundation\Exceptions\Handler-&gt;renderExceptionResponse()
#19 /www/wwwroot/jobportal.prus.dev/app/Exceptions/Handler.php(80): Illuminate\Foundation\Exceptions\Handler-&gt;render()
#20 /www/wwwroot/jobportal.prus.dev/vendor/laravel/framework/src/Illuminate/Routing/Pipeline.php(51): App\Exceptions\Handler-&gt;render()
#21 /www/wwwroot/jobportal.prus.dev/vendor/laravel/framework/src/Illuminate/Pipeline/Pipeline.php(171): Illuminate\Routing\Pipeline-&gt;handleException()
#22 /www/wwwroot/jobportal.prus.dev/vendor/livewire/livewire/src/Features/SupportDisablingBackButtonCache/DisableBackButtonCacheMiddleware.php(19): Illuminate\Pipeline\Pipeline-&gt;Illuminate\Pipeline\{closure}()
#23 /www/wwwroot/jobportal.prus.dev/vendor/laravel/framework/src/Illuminate/Pipeline/Pipeline.php(208): Livewire\Features\SupportDisablingBackButtonCache\DisableBackButtonCacheMiddleware-&gt;handle()
#24 /www/wwwroot/jobportal.prus.dev/vendor/barryvdh/laravel-debugbar/src/Middleware/InjectDebugbar.php(59): Illuminate\Pipeline\Pipeline-&gt;Illuminate\Pipeline\{closure}()
#25 /www/wwwroot/jobportal.prus.dev/vendor/laravel/framework/src/Illuminate/Pipeline/Pipeline.php(208): Barryvdh\Debugbar\Middleware\InjectDebugbar-&gt;handle()
#26 /www/wwwroot/jobportal.prus.dev/vendor/spatie/laravel-csp/src/AddCspHeaders.php(17): Illuminate\Pipeline\Pipeline-&gt;Illuminate\Pipeline\{closure}()
#27 /www/wwwroot/jobportal.prus.dev/vendor/laravel/framework/src/Illuminate/Pipeline/Pipeline.php(208): Spatie\Csp\AddCspHeaders-&gt;handle()
#28 /www/wwwroot/jobportal.prus.dev/app/Http/Middleware/SecurityHeaders.php(11): Illuminate\Pipeline\Pipeline-&gt;Illuminate\Pipeline\{closure}()
#29 /www/wwwroot/jobportal.prus.dev/vendor/laravel/framework/src/Illuminate/Pipeline/Pipeline.php(208): App\Http\Middleware\SecurityHeaders-&gt;handle()
#30 /www/wwwroot/jobportal.prus.dev/vendor/laravel/framework/src/Illuminate/Foundation/Http/Middleware/TransformsRequest.php(21): Illuminate\Pipeline\Pipeline-&gt;Illuminate\Pipeline\{closure}()
#31 /www/wwwroot/jobportal.prus.dev/vendor/laravel/framework/src/Illuminate/Foundation/Http/Middleware/ConvertEmptyStringsToNull.php(31): Illuminate\Foundation\Http\Middleware\TransformsRequest-&gt;handle()
#32 /www/wwwroot/jobportal.prus.dev/vendor/laravel/framework/src/Illuminate/Pipeline/Pipeline.php(208): Illuminate\Foundation\Http\Middleware\ConvertEmptyStringsToNull-&gt;handle()
#33 /www/wwwroot/jobportal.prus.dev/vendor/laravel/framework/src/Illuminate/Foundation/Http/Middleware/TransformsRequest.php(21): Illuminate\Pipeline\Pipeline-&gt;Illuminate\Pipeline\{closure}()
#34 /www/wwwroot/jobportal.prus.dev/vendor/laravel/framework/src/Illuminate/Foundation/Http/Middleware/TrimStrings.php(51): Illuminate\Foundation\Http\Middleware\TransformsRequest-&gt;handle()
#35 /www/wwwroot/jobportal.prus.dev/vendor/laravel/framework/src/Illuminate/Pipeline/Pipeline.php(208): Illuminate\Foundation\Http\Middleware\TrimStrings-&gt;handle()
#36 /www/wwwroot/jobportal.prus.dev/vendor/laravel/framework/src/Illuminate/Http/Middleware/ValidatePostSize.php(27): Illuminate\Pipeline\Pipeline-&gt;Illuminate\Pipeline\{closure}()
#37 /www/wwwroot/jobportal.prus.dev/vendor/laravel/framework/src/Illuminate/Pipeline/Pipeline.php(208): Illuminate\Http\Middleware\ValidatePostSize-&gt;handle()
#38 /www/wwwroot/jobportal.prus.dev/vendor/laravel/framework/src/Illuminate/Foundation/Http/Middleware/PreventRequestsDuringMaintenance.php(109): Illuminate\Pipeline\Pipeline-&gt;Illuminate\Pipeline\{closure}()
#39 /www/wwwroot/jobportal.prus.dev/vendor/laravel/framework/src/Illuminate/Pipeline/Pipeline.php(208): Illuminate\Foundation\Http\Middleware\PreventRequestsDuringMaintenance-&gt;handle()
#40 /www/wwwroot/jobportal.prus.dev/vendor/laravel/framework/src/Illuminate/Http/Middleware/HandleCors.php(48): Illuminate\Pipeline\Pipeline-&gt;Illuminate\Pipeline\{closure}()
#41 /www/wwwroot/jobportal.prus.dev/vendor/laravel/framework/src/Illuminate/Pipeline/Pipeline.php(208): Illuminate\Http\Middleware\HandleCors-&gt;handle()
#42 /www/wwwroot/jobportal.prus.dev/vendor/laravel/framework/src/Illuminate/Http/Middleware/TrustProxies.php(58): Illuminate\Pipeline\Pipeline-&gt;Illuminate\Pipeline\{closure}()
#43 /www/wwwroot/jobportal.prus.dev/vendor/laravel/framework/src/Illuminate/Pipeline/Pipeline.php(208): Illuminate\Http\Middleware\TrustProxies-&gt;handle()
#44 /www/wwwroot/jobportal.prus.dev/vendor/laravel/framework/src/Illuminate/Pipeline/Pipeline.php(126): Illuminate\Pipeline\Pipeline-&gt;Illuminate\Pipeline\{closure}()
#45 /www/wwwroot/jobportal.prus.dev/vendor/laravel/framework/src/Illuminate/Foundation/Http/Kernel.php(175): Illuminate\Pipeline\Pipeline-&gt;then()
#46 /www/wwwroot/jobportal.prus.dev/vendor/laravel/framework/src/Illuminate/Foundation/Http/Kernel.php(144): Illuminate\Foundation\Http\Kernel-&gt;sendRequestThroughRouter()
#47 /www/wwwroot/jobportal.prus.dev/vendor/laravel/framework/src/Illuminate/Foundation/Testing/Concerns/MakesHttpRequests.php(607): Illuminate\Foundation\Http\Kernel-&gt;handle()
#48 /www/wwwroot/jobportal.prus.dev/vendor/laravel/framework/src/Illuminate/Foundation/Testing/Concerns/MakesHttpRequests.php(397): Illuminate\Foundation\Testing\TestCase-&gt;call()
#49 /www/wwwroot/jobportal.prus.dev/tests/Feature/AuthTest.php(248): Illuminate\Foundation\Testing\TestCase-&gt;post()
#50 /www/wwwroot/jobportal.prus.dev/vendor/phpunit/phpunit/src/Framework/TestCase.php(1656): Tests\Feature\AuthTest-&gt;login_requires_email_and_password()
#51 /www/wwwroot/jobportal.prus.dev/vendor/phpunit/phpunit/src/Framework/TestCase.php(514): PHPUnit\Framework\TestCase-&gt;runTest()
#52 /www/wwwroot/jobportal.prus.dev/vendor/phpunit/phpunit/src/Framework/TestRunner/TestRunner.php(87): PHPUnit\Framework\TestCase-&gt;runBare()
#53 /www/wwwroot/jobportal.prus.dev/vendor/phpunit/phpunit/src/Framework/TestCase.php(361): PHPUnit\Framework\TestRunner-&gt;run()
#54 /www/wwwroot/jobportal.prus.dev/vendor/phpunit/phpunit/src/Framework/TestSuite.php(369): PHPUnit\Framework\TestCase-&gt;run()
#55 /www/wwwroot/jobportal.prus.dev/vendor/phpunit/phpunit/src/Framework/TestSuite.php(369): PHPUnit\Framework\TestSuite-&gt;run()
#56 /www/wwwroot/jobportal.prus.dev/vendor/phpunit/phpunit/src/Framework/TestSuite.php(369): PHPUnit\Framework\TestSuite-&gt;run()
#57 /www/wwwroot/jobportal.prus.dev/vendor/phpunit/phpunit/src/TextUI/TestRunner.php(64): PHPUnit\Framework\TestSuite-&gt;run()
#58 /www/wwwroot/jobportal.prus.dev/vendor/phpunit/phpunit/src/TextUI/Application.php(210): PHPUnit\TextUI\TestRunner-&gt;run()
#59 /www/wwwroot/jobportal.prus.dev/vendor/phpunit/phpunit/phpunit(104): PHPUnit\TextUI\Application-&gt;run()
#60 /www/wwwroot/jobportal.prus.dev/vendor/bin/phpunit(122): include('...')
#61 {main}

Next Spatie\LaravelIgnition\Exceptions\ViewException: Route [search] not defined. in /www/wwwroot/jobportal.prus.dev/vendor/laravel/framework/src/Illuminate/Routing/UrlGenerator.php:526
Stack trace:
#0 /www/wwwroot/jobportal.prus.dev/vendor/laravel/framework/src/Illuminate/Foundation/helpers.php(883): Illuminate\Routing\UrlGenerator-&gt;route()
#1 /www/wwwroot/jobportal.prus.dev/resources/views/errors/404.blade.php(44): route()
#2 /www/wwwroot/jobportal.prus.dev/vendor/laravel/framework/src/Illuminate/Filesystem/Filesystem.php(123): require('...')
#3 /www/wwwroot/jobportal.prus.dev/vendor/laravel/framework/src/Illuminate/Filesystem/Filesystem.php(124): Illuminate\Filesystem\Filesystem::Illuminate\Filesystem\{closure}()
#4 /www/wwwroot/jobportal.prus.dev/vendor/laravel/framework/src/Illuminate/View/Engines/PhpEngine.php(57): Illuminate\Filesystem\Filesystem-&gt;getRequire()
#5 /www/wwwroot/jobportal.prus.dev/vendor/livewire/livewire/src/Mechanisms/ExtendBlade/ExtendedCompilerEngine.php(22): Illuminate\View\Engines\PhpEngine-&gt;evaluatePath()
#6 /www/wwwroot/jobportal.prus.dev/vendor/laravel/framework/src/Illuminate/View/Engines/CompilerEngine.php(74): Livewire\Mechanisms\ExtendBlade\ExtendedCompilerEngine-&gt;evaluatePath()
#7 /www/wwwroot/jobportal.prus.dev/vendor/livewire/livewire/src/Mechanisms/ExtendBlade/ExtendedCompilerEngine.php(10): Illuminate\View\Engines\CompilerEngine-&gt;get()
#8 /www/wwwroot/jobportal.prus.dev/vendor/laravel/framework/src/Illuminate/View/View.php(208): Livewire\Mechanisms\ExtendBlade\ExtendedCompilerEngine-&gt;get()
#9 /www/wwwroot/jobportal.prus.dev/vendor/laravel/framework/src/Illuminate/View/View.php(191): Illuminate\View\View-&gt;getContents()
#10 /www/wwwroot/jobportal.prus.dev/vendor/laravel/framework/src/Illuminate/View/View.php(160): Illuminate\View\View-&gt;renderContents()
#11 /www/wwwroot/jobportal.prus.dev/vendor/laravel/framework/src/Illuminate/Http/Response.php(78): Illuminate\View\View-&gt;render()
#12 /www/wwwroot/jobportal.prus.dev/vendor/laravel/framework/src/Illuminate/Http/Response.php(34): Illuminate\Http\Response-&gt;setContent()
#13 /www/wwwroot/jobportal.prus.dev/vendor/laravel/framework/src/Illuminate/Routing/ResponseFactory.php(61): Illuminate\Http\Response-&gt;__construct()
#14 /www/wwwroot/jobportal.prus.dev/vendor/laravel/framework/src/Illuminate/Routing/ResponseFactory.php(91): Illuminate\Routing\ResponseFactory-&gt;make()
#15 /www/wwwroot/jobportal.prus.dev/vendor/laravel/framework/src/Illuminate/Foundation/Exceptions/Handler.php(897): Illuminate\Routing\ResponseFactory-&gt;view()
#16 /www/wwwroot/jobportal.prus.dev/vendor/laravel/framework/src/Illuminate/Foundation/Exceptions/Handler.php(818): Illuminate\Foundation\Exceptions\Handler-&gt;renderHttpException()
#17 /www/wwwroot/jobportal.prus.dev/vendor/laravel/framework/src/Illuminate/Foundation/Exceptions/Handler.php(709): Illuminate\Foundation\Exceptions\Handler-&gt;prepareResponse()
#18 /www/wwwroot/jobportal.prus.dev/vendor/laravel/framework/src/Illuminate/Foundation/Exceptions/Handler.php(597): Illuminate\Foundation\Exceptions\Handler-&gt;renderExceptionResponse()
#19 /www/wwwroot/jobportal.prus.dev/app/Exceptions/Handler.php(80): Illuminate\Foundation\Exceptions\Handler-&gt;render()
#20 /www/wwwroot/jobportal.prus.dev/vendor/laravel/framework/src/Illuminate/Routing/Pipeline.php(51): App\Exceptions\Handler-&gt;render()
#21 /www/wwwroot/jobportal.prus.dev/vendor/laravel/framework/src/Illuminate/Pipeline/Pipeline.php(171): Illuminate\Routing\Pipeline-&gt;handleException()
#22 /www/wwwroot/jobportal.prus.dev/vendor/livewire/livewire/src/Features/SupportDisablingBackButtonCache/DisableBackButtonCacheMiddleware.php(19): Illuminate\Pipeline\Pipeline-&gt;Illuminate\Pipeline\{closure}()
#23 /www/wwwroot/jobportal.prus.dev/vendor/laravel/framework/src/Illuminate/Pipeline/Pipeline.php(208): Livewire\Features\SupportDisablingBackButtonCache\DisableBackButtonCacheMiddleware-&gt;handle()
#24 /www/wwwroot/jobportal.prus.dev/vendor/barryvdh/laravel-debugbar/src/Middleware/InjectDebugbar.php(59): Illuminate\Pipeline\Pipeline-&gt;Illuminate\Pipeline\{closure}()
#25 /www/wwwroot/jobportal.prus.dev/vendor/laravel/framework/src/Illuminate/Pipeline/Pipeline.php(208): Barryvdh\Debugbar\Middleware\InjectDebugbar-&gt;handle()
#26 /www/wwwroot/jobportal.prus.dev/vendor/spatie/laravel-csp/src/AddCspHeaders.php(17): Illuminate\Pipeline\Pipeline-&gt;Illuminate\Pipeline\{closure}()
#27 /www/wwwroot/jobportal.prus.dev/vendor/laravel/framework/src/Illuminate/Pipeline/Pipeline.php(208): Spatie\Csp\AddCspHeaders-&gt;handle()
#28 /www/wwwroot/jobportal.prus.dev/app/Http/Middleware/SecurityHeaders.php(11): Illuminate\Pipeline\Pipeline-&gt;Illuminate\Pipeline\{closure}()
#29 /www/wwwroot/jobportal.prus.dev/vendor/laravel/framework/src/Illuminate/Pipeline/Pipeline.php(208): App\Http\Middleware\SecurityHeaders-&gt;handle()
#30 /www/wwwroot/jobportal.prus.dev/vendor/laravel/framework/src/Illuminate/Foundation/Http/Middleware/TransformsRequest.php(21): Illuminate\Pipeline\Pipeline-&gt;Illuminate\Pipeline\{closure}()
#31 /www/wwwroot/jobportal.prus.dev/vendor/laravel/framework/src/Illuminate/Foundation/Http/Middleware/ConvertEmptyStringsToNull.php(31): Illuminate\Foundation\Http\Middleware\TransformsRequest-&gt;handle()
#32 /www/wwwroot/jobportal.prus.dev/vendor/laravel/framework/src/Illuminate/Pipeline/Pipeline.php(208): Illuminate\Foundation\Http\Middleware\ConvertEmptyStringsToNull-&gt;handle()
#33 /www/wwwroot/jobportal.prus.dev/vendor/laravel/framework/src/Illuminate/Foundation/Http/Middleware/TransformsRequest.php(21): Illuminate\Pipeline\Pipeline-&gt;Illuminate\Pipeline\{closure}()
#34 /www/wwwroot/jobportal.prus.dev/vendor/laravel/framework/src/Illuminate/Foundation/Http/Middleware/TrimStrings.php(51): Illuminate\Foundation\Http\Middleware\TransformsRequest-&gt;handle()
#35 /www/wwwroot/jobportal.prus.dev/vendor/laravel/framework/src/Illuminate/Pipeline/Pipeline.php(208): Illuminate\Foundation\Http\Middleware\TrimStrings-&gt;handle()
#36 /www/wwwroot/jobportal.prus.dev/vendor/laravel/framework/src/Illuminate/Http/Middleware/ValidatePostSize.php(27): Illuminate\Pipeline\Pipeline-&gt;Illuminate\Pipeline\{closure}()
#37 /www/wwwroot/jobportal.prus.dev/vendor/laravel/framework/src/Illuminate/Pipeline/Pipeline.php(208): Illuminate\Http\Middleware\ValidatePostSize-&gt;handle()
#38 /www/wwwroot/jobportal.prus.dev/vendor/laravel/framework/src/Illuminate/Foundation/Http/Middleware/PreventRequestsDuringMaintenance.php(109): Illuminate\Pipeline\Pipeline-&gt;Illuminate\Pipeline\{closure}()
#39 /www/wwwroot/jobportal.prus.dev/vendor/laravel/framework/src/Illuminate/Pipeline/Pipeline.php(208): Illuminate\Foundation\Http\Middleware\PreventRequestsDuringMaintenance-&gt;handle()
#40 /www/wwwroot/jobportal.prus.dev/vendor/laravel/framework/src/Illuminate/Http/Middleware/HandleCors.php(48): Illuminate\Pipeline\Pipeline-&gt;Illuminate\Pipeline\{closure}()
#41 /www/wwwroot/jobportal.prus.dev/vendor/laravel/framework/src/Illuminate/Pipeline/Pipeline.php(208): Illuminate\Http\Middleware\HandleCors-&gt;handle()
#42 /www/wwwroot/jobportal.prus.dev/vendor/laravel/framework/src/Illuminate/Http/Middleware/TrustProxies.php(58): Illuminate\Pipeline\Pipeline-&gt;Illuminate\Pipeline\{closure}()
#43 /www/wwwroot/jobportal.prus.dev/vendor/laravel/framework/src/Illuminate/Pipeline/Pipeline.php(208): Illuminate\Http\Middleware\TrustProxies-&gt;handle()
#44 /www/wwwroot/jobportal.prus.dev/vendor/laravel/framework/src/Illuminate/Pipeline/Pipeline.php(126): Illuminate\Pipeline\Pipeline-&gt;Illuminate\Pipeline\{closure}()
#45 /www/wwwroot/jobportal.prus.dev/vendor/laravel/framework/src/Illuminate/Foundation/Http/Kernel.php(175): Illuminate\Pipeline\Pipeline-&gt;then()
#46 /www/wwwroot/jobportal.prus.dev/vendor/laravel/framework/src/Illuminate/Foundation/Http/Kernel.php(144): Illuminate\Foundation\Http\Kernel-&gt;sendRequestThroughRouter()
#47 /www/wwwroot/jobportal.prus.dev/vendor/laravel/framework/src/Illuminate/Foundation/Testing/Concerns/MakesHttpRequests.php(607): Illuminate\Foundation\Http\Kernel-&gt;handle()
#48 /www/wwwroot/jobportal.prus.dev/vendor/laravel/framework/src/Illuminate/Foundation/Testing/Concerns/MakesHttpRequests.php(397): Illuminate\Foundation\Testing\TestCase-&gt;call()
#49 /www/wwwroot/jobportal.prus.dev/tests/Feature/AuthTest.php(248): Illuminate\Foundation\Testing\TestCase-&gt;post()
#50 /www/wwwroot/jobportal.prus.dev/vendor/phpunit/phpunit/src/Framework/TestCase.php(1656): Tests\Feature\AuthTest-&gt;login_requires_email_and_password()
#51 /www/wwwroot/jobportal.prus.dev/vendor/phpunit/phpunit/src/Framework/TestCase.php(514): PHPUnit\Framework\TestCase-&gt;runTest()
#52 /www/wwwroot/jobportal.prus.dev/vendor/phpunit/phpunit/src/Framework/TestRunner/TestRunner.php(87): PHPUnit\Framework\TestCase-&gt;runBare()
#53 /www/wwwroot/jobportal.prus.dev/vendor/phpunit/phpunit/src/Framework/TestCase.php(361): PHPUnit\Framework\TestRunner-&gt;run()
#54 /www/wwwroot/jobportal.prus.dev/vendor/phpunit/phpunit/src/Framework/TestSuite.php(369): PHPUnit\Framework\TestCase-&gt;run()
#55 /www/wwwroot/jobportal.prus.dev/vendor/phpunit/phpunit/src/Framework/TestSuite.php(369): PHPUnit\Framework\TestSuite-&gt;run()
#56 /www/wwwroot/jobportal.prus.dev/vendor/phpunit/phpunit/src/Framework/TestSuite.php(369): PHPUnit\Framework\TestSuite-&gt;run()
#57 /www/wwwroot/jobportal.prus.dev/vendor/phpunit/phpunit/src/TextUI/TestRunner.php(64): PHPUnit\Framework\TestSuite-&gt;run()
#58 /www/wwwroot/jobportal.prus.dev/vendor/phpunit/phpunit/src/TextUI/Application.php(210): PHPUnit\TextUI\TestRunner-&gt;run()
#59 /www/wwwroot/jobportal.prus.dev/vendor/phpunit/phpunit/phpunit(104): PHPUnit\TextUI\Application-&gt;run()
#60 /www/wwwroot/jobportal.prus.dev/vendor/bin/phpunit(122): include('...')
#61 {main}

----------------------------------------------------------------------------------

Route [search] not defined.

/www/wwwroot/jobportal.prus.dev/vendor/laravel/framework/src/Illuminate/Testing/TestResponseAssert.php:45
/www/wwwroot/jobportal.prus.dev/vendor/laravel/framework/src/Illuminate/Testing/TestResponse.php:1486
/www/wwwroot/jobportal.prus.dev/vendor/laravel/framework/src/Illuminate/Testing/TestResponse.php:1563
/www/wwwroot/jobportal.prus.dev/tests/Feature/AuthTest.php:251</failure>
        </testcase>
        <testcase name="authenticated_user_is_redirected_from_login_page" file="/www/wwwroot/jobportal.prus.dev/tests/Feature/AuthTest.php" line="260" class="Tests\Feature\AuthTest" classname="Tests.Feature.AuthTest" assertions="0" time="0.532933">
          <error type="Error">Tests\Feature\AuthTest::authenticated_user_is_redirected_from_login_page
Error: Class "App\Models\User" not found

/www/wwwroot/jobportal.prus.dev/tests/Feature/AuthTest.php:262</error>
        </testcase>
        <testcase name="authenticated_user_is_redirected_from_register_page" file="/www/wwwroot/jobportal.prus.dev/tests/Feature/AuthTest.php" line="268" class="Tests\Feature\AuthTest" classname="Tests.Feature.AuthTest" assertions="0" time="0.519470">
          <error type="Error">Tests\Feature\AuthTest::authenticated_user_is_redirected_from_register_page
Error: Class "App\Models\User" not found

/www/wwwroot/jobportal.prus.dev/tests/Feature/AuthTest.php:270</error>
        </testcase>
      </testsuite>
      <testsuite name="Tests\Feature\AuthenticationOptimizedTest" file="/www/wwwroot/jobportal.prus.dev/tests/Feature/AuthenticationOptimizedTest.php" tests="4" assertions="2" errors="2" failures="2" skipped="0" time="3.786647">
        <testcase name="test_login_page_loads" file="/www/wwwroot/jobportal.prus.dev/tests/Feature/AuthenticationOptimizedTest.php" line="18" class="Tests\Feature\AuthenticationOptimizedTest" classname="Tests.Feature.AuthenticationOptimizedTest" assertions="1" time="1.153367">
          <failure type="PHPUnit\Framework\ExpectationFailedException">Tests\Feature\AuthenticationOptimizedTest::test_login_page_loads
Expected response status code [200] but received 500.
Failed asserting that 500 is identical to 200.

The following exception occurred during the last request:

Symfony\Component\Routing\Exception\RouteNotFoundException: Route [search] not defined. in /www/wwwroot/jobportal.prus.dev/vendor/laravel/framework/src/Illuminate/Routing/UrlGenerator.php:526
Stack trace:
#0 /www/wwwroot/jobportal.prus.dev/vendor/laravel/framework/src/Illuminate/Foundation/helpers.php(883): Illuminate\Routing\UrlGenerator-&gt;route()
#1 /www/wwwroot/jobportal.prus.dev/storage/framework/views/d69d9ccf2dc289690e52004e0568f7de.php(44): route()
#2 /www/wwwroot/jobportal.prus.dev/vendor/laravel/framework/src/Illuminate/Filesystem/Filesystem.php(123): require('...')
#3 /www/wwwroot/jobportal.prus.dev/vendor/laravel/framework/src/Illuminate/Filesystem/Filesystem.php(124): Illuminate\Filesystem\Filesystem::Illuminate\Filesystem\{closure}()
#4 /www/wwwroot/jobportal.prus.dev/vendor/laravel/framework/src/Illuminate/View/Engines/PhpEngine.php(57): Illuminate\Filesystem\Filesystem-&gt;getRequire()
#5 /www/wwwroot/jobportal.prus.dev/vendor/livewire/livewire/src/Mechanisms/ExtendBlade/ExtendedCompilerEngine.php(22): Illuminate\View\Engines\PhpEngine-&gt;evaluatePath()
#6 /www/wwwroot/jobportal.prus.dev/vendor/laravel/framework/src/Illuminate/View/Engines/CompilerEngine.php(74): Livewire\Mechanisms\ExtendBlade\ExtendedCompilerEngine-&gt;evaluatePath()
#7 /www/wwwroot/jobportal.prus.dev/vendor/livewire/livewire/src/Mechanisms/ExtendBlade/ExtendedCompilerEngine.php(10): Illuminate\View\Engines\CompilerEngine-&gt;get()
#8 /www/wwwroot/jobportal.prus.dev/vendor/laravel/framework/src/Illuminate/View/View.php(208): Livewire\Mechanisms\ExtendBlade\ExtendedCompilerEngine-&gt;get()
#9 /www/wwwroot/jobportal.prus.dev/vendor/laravel/framework/src/Illuminate/View/View.php(191): Illuminate\View\View-&gt;getContents()
#10 /www/wwwroot/jobportal.prus.dev/vendor/laravel/framework/src/Illuminate/View/View.php(160): Illuminate\View\View-&gt;renderContents()
#11 /www/wwwroot/jobportal.prus.dev/vendor/laravel/framework/src/Illuminate/Http/Response.php(78): Illuminate\View\View-&gt;render()
#12 /www/wwwroot/jobportal.prus.dev/vendor/laravel/framework/src/Illuminate/Http/Response.php(34): Illuminate\Http\Response-&gt;setContent()
#13 /www/wwwroot/jobportal.prus.dev/vendor/laravel/framework/src/Illuminate/Routing/ResponseFactory.php(61): Illuminate\Http\Response-&gt;__construct()
#14 /www/wwwroot/jobportal.prus.dev/vendor/laravel/framework/src/Illuminate/Routing/ResponseFactory.php(91): Illuminate\Routing\ResponseFactory-&gt;make()
#15 /www/wwwroot/jobportal.prus.dev/vendor/laravel/framework/src/Illuminate/Foundation/Exceptions/Handler.php(897): Illuminate\Routing\ResponseFactory-&gt;view()
#16 /www/wwwroot/jobportal.prus.dev/vendor/laravel/framework/src/Illuminate/Foundation/Exceptions/Handler.php(818): Illuminate\Foundation\Exceptions\Handler-&gt;renderHttpException()
#17 /www/wwwroot/jobportal.prus.dev/vendor/laravel/framework/src/Illuminate/Foundation/Exceptions/Handler.php(709): Illuminate\Foundation\Exceptions\Handler-&gt;prepareResponse()
#18 /www/wwwroot/jobportal.prus.dev/vendor/laravel/framework/src/Illuminate/Foundation/Exceptions/Handler.php(597): Illuminate\Foundation\Exceptions\Handler-&gt;renderExceptionResponse()
#19 /www/wwwroot/jobportal.prus.dev/app/Exceptions/Handler.php(80): Illuminate\Foundation\Exceptions\Handler-&gt;render()
#20 /www/wwwroot/jobportal.prus.dev/vendor/laravel/framework/src/Illuminate/Routing/Pipeline.php(51): App\Exceptions\Handler-&gt;render()
#21 /www/wwwroot/jobportal.prus.dev/vendor/laravel/framework/src/Illuminate/Pipeline/Pipeline.php(171): Illuminate\Routing\Pipeline-&gt;handleException()
#22 /www/wwwroot/jobportal.prus.dev/vendor/livewire/livewire/src/Features/SupportDisablingBackButtonCache/DisableBackButtonCacheMiddleware.php(19): Illuminate\Pipeline\Pipeline-&gt;Illuminate\Pipeline\{closure}()
#23 /www/wwwroot/jobportal.prus.dev/vendor/laravel/framework/src/Illuminate/Pipeline/Pipeline.php(208): Livewire\Features\SupportDisablingBackButtonCache\DisableBackButtonCacheMiddleware-&gt;handle()
#24 /www/wwwroot/jobportal.prus.dev/vendor/barryvdh/laravel-debugbar/src/Middleware/InjectDebugbar.php(59): Illuminate\Pipeline\Pipeline-&gt;Illuminate\Pipeline\{closure}()
#25 /www/wwwroot/jobportal.prus.dev/vendor/laravel/framework/src/Illuminate/Pipeline/Pipeline.php(208): Barryvdh\Debugbar\Middleware\InjectDebugbar-&gt;handle()
#26 /www/wwwroot/jobportal.prus.dev/vendor/spatie/laravel-csp/src/AddCspHeaders.php(17): Illuminate\Pipeline\Pipeline-&gt;Illuminate\Pipeline\{closure}()
#27 /www/wwwroot/jobportal.prus.dev/vendor/laravel/framework/src/Illuminate/Pipeline/Pipeline.php(208): Spatie\Csp\AddCspHeaders-&gt;handle()
#28 /www/wwwroot/jobportal.prus.dev/app/Http/Middleware/SecurityHeaders.php(11): Illuminate\Pipeline\Pipeline-&gt;Illuminate\Pipeline\{closure}()
#29 /www/wwwroot/jobportal.prus.dev/vendor/laravel/framework/src/Illuminate/Pipeline/Pipeline.php(208): App\Http\Middleware\SecurityHeaders-&gt;handle()
#30 /www/wwwroot/jobportal.prus.dev/vendor/laravel/framework/src/Illuminate/Foundation/Http/Middleware/TransformsRequest.php(21): Illuminate\Pipeline\Pipeline-&gt;Illuminate\Pipeline\{closure}()
#31 /www/wwwroot/jobportal.prus.dev/vendor/laravel/framework/src/Illuminate/Foundation/Http/Middleware/ConvertEmptyStringsToNull.php(31): Illuminate\Foundation\Http\Middleware\TransformsRequest-&gt;handle()
#32 /www/wwwroot/jobportal.prus.dev/vendor/laravel/framework/src/Illuminate/Pipeline/Pipeline.php(208): Illuminate\Foundation\Http\Middleware\ConvertEmptyStringsToNull-&gt;handle()
#33 /www/wwwroot/jobportal.prus.dev/vendor/laravel/framework/src/Illuminate/Foundation/Http/Middleware/TransformsRequest.php(21): Illuminate\Pipeline\Pipeline-&gt;Illuminate\Pipeline\{closure}()
#34 /www/wwwroot/jobportal.prus.dev/vendor/laravel/framework/src/Illuminate/Foundation/Http/Middleware/TrimStrings.php(51): Illuminate\Foundation\Http\Middleware\TransformsRequest-&gt;handle()
#35 /www/wwwroot/jobportal.prus.dev/vendor/laravel/framework/src/Illuminate/Pipeline/Pipeline.php(208): Illuminate\Foundation\Http\Middleware\TrimStrings-&gt;handle()
#36 /www/wwwroot/jobportal.prus.dev/vendor/laravel/framework/src/Illuminate/Http/Middleware/ValidatePostSize.php(27): Illuminate\Pipeline\Pipeline-&gt;Illuminate\Pipeline\{closure}()
#37 /www/wwwroot/jobportal.prus.dev/vendor/laravel/framework/src/Illuminate/Pipeline/Pipeline.php(208): Illuminate\Http\Middleware\ValidatePostSize-&gt;handle()
#38 /www/wwwroot/jobportal.prus.dev/vendor/laravel/framework/src/Illuminate/Foundation/Http/Middleware/PreventRequestsDuringMaintenance.php(109): Illuminate\Pipeline\Pipeline-&gt;Illuminate\Pipeline\{closure}()
#39 /www/wwwroot/jobportal.prus.dev/vendor/laravel/framework/src/Illuminate/Pipeline/Pipeline.php(208): Illuminate\Foundation\Http\Middleware\PreventRequestsDuringMaintenance-&gt;handle()
#40 /www/wwwroot/jobportal.prus.dev/vendor/laravel/framework/src/Illuminate/Http/Middleware/HandleCors.php(48): Illuminate\Pipeline\Pipeline-&gt;Illuminate\Pipeline\{closure}()
#41 /www/wwwroot/jobportal.prus.dev/vendor/laravel/framework/src/Illuminate/Pipeline/Pipeline.php(208): Illuminate\Http\Middleware\HandleCors-&gt;handle()
#42 /www/wwwroot/jobportal.prus.dev/vendor/laravel/framework/src/Illuminate/Http/Middleware/TrustProxies.php(58): Illuminate\Pipeline\Pipeline-&gt;Illuminate\Pipeline\{closure}()
#43 /www/wwwroot/jobportal.prus.dev/vendor/laravel/framework/src/Illuminate/Pipeline/Pipeline.php(208): Illuminate\Http\Middleware\TrustProxies-&gt;handle()
#44 /www/wwwroot/jobportal.prus.dev/vendor/laravel/framework/src/Illuminate/Pipeline/Pipeline.php(126): Illuminate\Pipeline\Pipeline-&gt;Illuminate\Pipeline\{closure}()
#45 /www/wwwroot/jobportal.prus.dev/vendor/laravel/framework/src/Illuminate/Foundation/Http/Kernel.php(175): Illuminate\Pipeline\Pipeline-&gt;then()
#46 /www/wwwroot/jobportal.prus.dev/vendor/laravel/framework/src/Illuminate/Foundation/Http/Kernel.php(144): Illuminate\Foundation\Http\Kernel-&gt;sendRequestThroughRouter()
#47 /www/wwwroot/jobportal.prus.dev/vendor/laravel/framework/src/Illuminate/Foundation/Testing/Concerns/MakesHttpRequests.php(607): Illuminate\Foundation\Http\Kernel-&gt;handle()
#48 /www/wwwroot/jobportal.prus.dev/vendor/laravel/framework/src/Illuminate/Foundation/Testing/Concerns/MakesHttpRequests.php(368): Illuminate\Foundation\Testing\TestCase-&gt;call()
#49 /www/wwwroot/jobportal.prus.dev/tests/Feature/AuthenticationOptimizedTest.php(20): Illuminate\Foundation\Testing\TestCase-&gt;get()
#50 /www/wwwroot/jobportal.prus.dev/vendor/phpunit/phpunit/src/Framework/TestCase.php(1656): Tests\Feature\AuthenticationOptimizedTest-&gt;test_login_page_loads()
#51 /www/wwwroot/jobportal.prus.dev/vendor/phpunit/phpunit/src/Framework/TestCase.php(514): PHPUnit\Framework\TestCase-&gt;runTest()
#52 /www/wwwroot/jobportal.prus.dev/vendor/phpunit/phpunit/src/Framework/TestRunner/TestRunner.php(87): PHPUnit\Framework\TestCase-&gt;runBare()
#53 /www/wwwroot/jobportal.prus.dev/vendor/phpunit/phpunit/src/Framework/TestCase.php(361): PHPUnit\Framework\TestRunner-&gt;run()
#54 /www/wwwroot/jobportal.prus.dev/vendor/phpunit/phpunit/src/Framework/TestSuite.php(369): PHPUnit\Framework\TestCase-&gt;run()
#55 /www/wwwroot/jobportal.prus.dev/vendor/phpunit/phpunit/src/Framework/TestSuite.php(369): PHPUnit\Framework\TestSuite-&gt;run()
#56 /www/wwwroot/jobportal.prus.dev/vendor/phpunit/phpunit/src/Framework/TestSuite.php(369): PHPUnit\Framework\TestSuite-&gt;run()
#57 /www/wwwroot/jobportal.prus.dev/vendor/phpunit/phpunit/src/TextUI/TestRunner.php(64): PHPUnit\Framework\TestSuite-&gt;run()
#58 /www/wwwroot/jobportal.prus.dev/vendor/phpunit/phpunit/src/TextUI/Application.php(210): PHPUnit\TextUI\TestRunner-&gt;run()
#59 /www/wwwroot/jobportal.prus.dev/vendor/phpunit/phpunit/phpunit(104): PHPUnit\TextUI\Application-&gt;run()
#60 /www/wwwroot/jobportal.prus.dev/vendor/bin/phpunit(122): include('...')
#61 {main}

Next Spatie\LaravelIgnition\Exceptions\ViewException: Route [search] not defined. in /www/wwwroot/jobportal.prus.dev/vendor/laravel/framework/src/Illuminate/Routing/UrlGenerator.php:526
Stack trace:
#0 /www/wwwroot/jobportal.prus.dev/vendor/laravel/framework/src/Illuminate/Foundation/helpers.php(883): Illuminate\Routing\UrlGenerator-&gt;route()
#1 /www/wwwroot/jobportal.prus.dev/resources/views/errors/404.blade.php(44): route()
#2 /www/wwwroot/jobportal.prus.dev/vendor/laravel/framework/src/Illuminate/Filesystem/Filesystem.php(123): require('...')
#3 /www/wwwroot/jobportal.prus.dev/vendor/laravel/framework/src/Illuminate/Filesystem/Filesystem.php(124): Illuminate\Filesystem\Filesystem::Illuminate\Filesystem\{closure}()
#4 /www/wwwroot/jobportal.prus.dev/vendor/laravel/framework/src/Illuminate/View/Engines/PhpEngine.php(57): Illuminate\Filesystem\Filesystem-&gt;getRequire()
#5 /www/wwwroot/jobportal.prus.dev/vendor/livewire/livewire/src/Mechanisms/ExtendBlade/ExtendedCompilerEngine.php(22): Illuminate\View\Engines\PhpEngine-&gt;evaluatePath()
#6 /www/wwwroot/jobportal.prus.dev/vendor/laravel/framework/src/Illuminate/View/Engines/CompilerEngine.php(74): Livewire\Mechanisms\ExtendBlade\ExtendedCompilerEngine-&gt;evaluatePath()
#7 /www/wwwroot/jobportal.prus.dev/vendor/livewire/livewire/src/Mechanisms/ExtendBlade/ExtendedCompilerEngine.php(10): Illuminate\View\Engines\CompilerEngine-&gt;get()
#8 /www/wwwroot/jobportal.prus.dev/vendor/laravel/framework/src/Illuminate/View/View.php(208): Livewire\Mechanisms\ExtendBlade\ExtendedCompilerEngine-&gt;get()
#9 /www/wwwroot/jobportal.prus.dev/vendor/laravel/framework/src/Illuminate/View/View.php(191): Illuminate\View\View-&gt;getContents()
#10 /www/wwwroot/jobportal.prus.dev/vendor/laravel/framework/src/Illuminate/View/View.php(160): Illuminate\View\View-&gt;renderContents()
#11 /www/wwwroot/jobportal.prus.dev/vendor/laravel/framework/src/Illuminate/Http/Response.php(78): Illuminate\View\View-&gt;render()
#12 /www/wwwroot/jobportal.prus.dev/vendor/laravel/framework/src/Illuminate/Http/Response.php(34): Illuminate\Http\Response-&gt;setContent()
#13 /www/wwwroot/jobportal.prus.dev/vendor/laravel/framework/src/Illuminate/Routing/ResponseFactory.php(61): Illuminate\Http\Response-&gt;__construct()
#14 /www/wwwroot/jobportal.prus.dev/vendor/laravel/framework/src/Illuminate/Routing/ResponseFactory.php(91): Illuminate\Routing\ResponseFactory-&gt;make()
#15 /www/wwwroot/jobportal.prus.dev/vendor/laravel/framework/src/Illuminate/Foundation/Exceptions/Handler.php(897): Illuminate\Routing\ResponseFactory-&gt;view()
#16 /www/wwwroot/jobportal.prus.dev/vendor/laravel/framework/src/Illuminate/Foundation/Exceptions/Handler.php(818): Illuminate\Foundation\Exceptions\Handler-&gt;renderHttpException()
#17 /www/wwwroot/jobportal.prus.dev/vendor/laravel/framework/src/Illuminate/Foundation/Exceptions/Handler.php(709): Illuminate\Foundation\Exceptions\Handler-&gt;prepareResponse()
#18 /www/wwwroot/jobportal.prus.dev/vendor/laravel/framework/src/Illuminate/Foundation/Exceptions/Handler.php(597): Illuminate\Foundation\Exceptions\Handler-&gt;renderExceptionResponse()
#19 /www/wwwroot/jobportal.prus.dev/app/Exceptions/Handler.php(80): Illuminate\Foundation\Exceptions\Handler-&gt;render()
#20 /www/wwwroot/jobportal.prus.dev/vendor/laravel/framework/src/Illuminate/Routing/Pipeline.php(51): App\Exceptions\Handler-&gt;render()
#21 /www/wwwroot/jobportal.prus.dev/vendor/laravel/framework/src/Illuminate/Pipeline/Pipeline.php(171): Illuminate\Routing\Pipeline-&gt;handleException()
#22 /www/wwwroot/jobportal.prus.dev/vendor/livewire/livewire/src/Features/SupportDisablingBackButtonCache/DisableBackButtonCacheMiddleware.php(19): Illuminate\Pipeline\Pipeline-&gt;Illuminate\Pipeline\{closure}()
#23 /www/wwwroot/jobportal.prus.dev/vendor/laravel/framework/src/Illuminate/Pipeline/Pipeline.php(208): Livewire\Features\SupportDisablingBackButtonCache\DisableBackButtonCacheMiddleware-&gt;handle()
#24 /www/wwwroot/jobportal.prus.dev/vendor/barryvdh/laravel-debugbar/src/Middleware/InjectDebugbar.php(59): Illuminate\Pipeline\Pipeline-&gt;Illuminate\Pipeline\{closure}()
#25 /www/wwwroot/jobportal.prus.dev/vendor/laravel/framework/src/Illuminate/Pipeline/Pipeline.php(208): Barryvdh\Debugbar\Middleware\InjectDebugbar-&gt;handle()
#26 /www/wwwroot/jobportal.prus.dev/vendor/spatie/laravel-csp/src/AddCspHeaders.php(17): Illuminate\Pipeline\Pipeline-&gt;Illuminate\Pipeline\{closure}()
#27 /www/wwwroot/jobportal.prus.dev/vendor/laravel/framework/src/Illuminate/Pipeline/Pipeline.php(208): Spatie\Csp\AddCspHeaders-&gt;handle()
#28 /www/wwwroot/jobportal.prus.dev/app/Http/Middleware/SecurityHeaders.php(11): Illuminate\Pipeline\Pipeline-&gt;Illuminate\Pipeline\{closure}()
#29 /www/wwwroot/jobportal.prus.dev/vendor/laravel/framework/src/Illuminate/Pipeline/Pipeline.php(208): App\Http\Middleware\SecurityHeaders-&gt;handle()
#30 /www/wwwroot/jobportal.prus.dev/vendor/laravel/framework/src/Illuminate/Foundation/Http/Middleware/TransformsRequest.php(21): Illuminate\Pipeline\Pipeline-&gt;Illuminate\Pipeline\{closure}()
#31 /www/wwwroot/jobportal.prus.dev/vendor/laravel/framework/src/Illuminate/Foundation/Http/Middleware/ConvertEmptyStringsToNull.php(31): Illuminate\Foundation\Http\Middleware\TransformsRequest-&gt;handle()
#32 /www/wwwroot/jobportal.prus.dev/vendor/laravel/framework/src/Illuminate/Pipeline/Pipeline.php(208): Illuminate\Foundation\Http\Middleware\ConvertEmptyStringsToNull-&gt;handle()
#33 /www/wwwroot/jobportal.prus.dev/vendor/laravel/framework/src/Illuminate/Foundation/Http/Middleware/TransformsRequest.php(21): Illuminate\Pipeline\Pipeline-&gt;Illuminate\Pipeline\{closure}()
#34 /www/wwwroot/jobportal.prus.dev/vendor/laravel/framework/src/Illuminate/Foundation/Http/Middleware/TrimStrings.php(51): Illuminate\Foundation\Http\Middleware\TransformsRequest-&gt;handle()
#35 /www/wwwroot/jobportal.prus.dev/vendor/laravel/framework/src/Illuminate/Pipeline/Pipeline.php(208): Illuminate\Foundation\Http\Middleware\TrimStrings-&gt;handle()
#36 /www/wwwroot/jobportal.prus.dev/vendor/laravel/framework/src/Illuminate/Http/Middleware/ValidatePostSize.php(27): Illuminate\Pipeline\Pipeline-&gt;Illuminate\Pipeline\{closure}()
#37 /www/wwwroot/jobportal.prus.dev/vendor/laravel/framework/src/Illuminate/Pipeline/Pipeline.php(208): Illuminate\Http\Middleware\ValidatePostSize-&gt;handle()
#38 /www/wwwroot/jobportal.prus.dev/vendor/laravel/framework/src/Illuminate/Foundation/Http/Middleware/PreventRequestsDuringMaintenance.php(109): Illuminate\Pipeline\Pipeline-&gt;Illuminate\Pipeline\{closure}()
#39 /www/wwwroot/jobportal.prus.dev/vendor/laravel/framework/src/Illuminate/Pipeline/Pipeline.php(208): Illuminate\Foundation\Http\Middleware\PreventRequestsDuringMaintenance-&gt;handle()
#40 /www/wwwroot/jobportal.prus.dev/vendor/laravel/framework/src/Illuminate/Http/Middleware/HandleCors.php(48): Illuminate\Pipeline\Pipeline-&gt;Illuminate\Pipeline\{closure}()
#41 /www/wwwroot/jobportal.prus.dev/vendor/laravel/framework/src/Illuminate/Pipeline/Pipeline.php(208): Illuminate\Http\Middleware\HandleCors-&gt;handle()
#42 /www/wwwroot/jobportal.prus.dev/vendor/laravel/framework/src/Illuminate/Http/Middleware/TrustProxies.php(58): Illuminate\Pipeline\Pipeline-&gt;Illuminate\Pipeline\{closure}()
#43 /www/wwwroot/jobportal.prus.dev/vendor/laravel/framework/src/Illuminate/Pipeline/Pipeline.php(208): Illuminate\Http\Middleware\TrustProxies-&gt;handle()
#44 /www/wwwroot/jobportal.prus.dev/vendor/laravel/framework/src/Illuminate/Pipeline/Pipeline.php(126): Illuminate\Pipeline\Pipeline-&gt;Illuminate\Pipeline\{closure}()
#45 /www/wwwroot/jobportal.prus.dev/vendor/laravel/framework/src/Illuminate/Foundation/Http/Kernel.php(175): Illuminate\Pipeline\Pipeline-&gt;then()
#46 /www/wwwroot/jobportal.prus.dev/vendor/laravel/framework/src/Illuminate/Foundation/Http/Kernel.php(144): Illuminate\Foundation\Http\Kernel-&gt;sendRequestThroughRouter()
#47 /www/wwwroot/jobportal.prus.dev/vendor/laravel/framework/src/Illuminate/Foundation/Testing/Concerns/MakesHttpRequests.php(607): Illuminate\Foundation\Http\Kernel-&gt;handle()
#48 /www/wwwroot/jobportal.prus.dev/vendor/laravel/framework/src/Illuminate/Foundation/Testing/Concerns/MakesHttpRequests.php(368): Illuminate\Foundation\Testing\TestCase-&gt;call()
#49 /www/wwwroot/jobportal.prus.dev/tests/Feature/AuthenticationOptimizedTest.php(20): Illuminate\Foundation\Testing\TestCase-&gt;get()
#50 /www/wwwroot/jobportal.prus.dev/vendor/phpunit/phpunit/src/Framework/TestCase.php(1656): Tests\Feature\AuthenticationOptimizedTest-&gt;test_login_page_loads()
#51 /www/wwwroot/jobportal.prus.dev/vendor/phpunit/phpunit/src/Framework/TestCase.php(514): PHPUnit\Framework\TestCase-&gt;runTest()
#52 /www/wwwroot/jobportal.prus.dev/vendor/phpunit/phpunit/src/Framework/TestRunner/TestRunner.php(87): PHPUnit\Framework\TestCase-&gt;runBare()
#53 /www/wwwroot/jobportal.prus.dev/vendor/phpunit/phpunit/src/Framework/TestCase.php(361): PHPUnit\Framework\TestRunner-&gt;run()
#54 /www/wwwroot/jobportal.prus.dev/vendor/phpunit/phpunit/src/Framework/TestSuite.php(369): PHPUnit\Framework\TestCase-&gt;run()
#55 /www/wwwroot/jobportal.prus.dev/vendor/phpunit/phpunit/src/Framework/TestSuite.php(369): PHPUnit\Framework\TestSuite-&gt;run()
#56 /www/wwwroot/jobportal.prus.dev/vendor/phpunit/phpunit/src/Framework/TestSuite.php(369): PHPUnit\Framework\TestSuite-&gt;run()
#57 /www/wwwroot/jobportal.prus.dev/vendor/phpunit/phpunit/src/TextUI/TestRunner.php(64): PHPUnit\Framework\TestSuite-&gt;run()
#58 /www/wwwroot/jobportal.prus.dev/vendor/phpunit/phpunit/src/TextUI/Application.php(210): PHPUnit\TextUI\TestRunner-&gt;run()
#59 /www/wwwroot/jobportal.prus.dev/vendor/phpunit/phpunit/phpunit(104): PHPUnit\TextUI\Application-&gt;run()
#60 /www/wwwroot/jobportal.prus.dev/vendor/bin/phpunit(122): include('...')
#61 {main}

----------------------------------------------------------------------------------

Route [search] not defined.

/www/wwwroot/jobportal.prus.dev/vendor/laravel/framework/src/Illuminate/Testing/TestResponseAssert.php:45
/www/wwwroot/jobportal.prus.dev/vendor/laravel/framework/src/Illuminate/Testing/TestResponse.php:174
/www/wwwroot/jobportal.prus.dev/tests/Feature/AuthenticationOptimizedTest.php:21</failure>
        </testcase>
        <testcase name="test_user_can_login_with_valid_credentials" file="/www/wwwroot/jobportal.prus.dev/tests/Feature/AuthenticationOptimizedTest.php" line="24" class="Tests\Feature\AuthenticationOptimizedTest" classname="Tests.Feature.AuthenticationOptimizedTest" assertions="0" time="0.899023">
          <error type="Error">Tests\Feature\AuthenticationOptimizedTest::test_user_can_login_with_valid_credentials
Error: Class "Tests\Helpers\TestHelpers" not found

/www/wwwroot/jobportal.prus.dev/tests/Feature/AuthenticationOptimizedTest.php:26</error>
        </testcase>
        <testcase name="test_user_cannot_login_with_invalid_credentials" file="/www/wwwroot/jobportal.prus.dev/tests/Feature/AuthenticationOptimizedTest.php" line="39" class="Tests\Feature\AuthenticationOptimizedTest" classname="Tests.Feature.AuthenticationOptimizedTest" assertions="0" time="0.767166">
          <error type="Error">Tests\Feature\AuthenticationOptimizedTest::test_user_cannot_login_with_invalid_credentials
Error: Class "Tests\Helpers\TestHelpers" not found

/www/wwwroot/jobportal.prus.dev/tests/Feature/AuthenticationOptimizedTest.php:41</error>
        </testcase>
        <testcase name="test_registration_creates_new_user" file="/www/wwwroot/jobportal.prus.dev/tests/Feature/AuthenticationOptimizedTest.php" line="54" class="Tests\Feature\AuthenticationOptimizedTest" classname="Tests.Feature.AuthenticationOptimizedTest" assertions="1" time="0.967091">
          <failure type="PHPUnit\Framework\ExpectationFailedException">Tests\Feature\AuthenticationOptimizedTest::test_registration_creates_new_user
Failed asserting that a row in the table [users] matches the attributes {
    "name": "New User",
    "email": "newuser@example.com"
}.

The table is empty.

/www/wwwroot/jobportal.prus.dev/vendor/laravel/framework/src/Illuminate/Foundation/Testing/Concerns/InteractsWithDatabase.php:36
/www/wwwroot/jobportal.prus.dev/tests/Feature/AuthenticationOptimizedTest.php:65</failure>
        </testcase>
      </testsuite>
      <testsuite name="Tests\Feature\AuthenticationTest" file="/www/wwwroot/jobportal.prus.dev/tests/Feature/AuthenticationTest.php" tests="4" assertions="2" errors="2" failures="2" skipped="0" time="2.723607">
        <testcase name="users_can_register" file="/www/wwwroot/jobportal.prus.dev/tests/Feature/AuthenticationTest.php" line="19" class="Tests\Feature\AuthenticationTest" classname="Tests.Feature.AuthenticationTest" assertions="1" time="0.758946">
          <failure type="PHPUnit\Framework\ExpectationFailedException">Tests\Feature\AuthenticationTest::users_can_register
Expected response status code [201, 301, 302, 303, 307, 308] but received 500.
Failed asserting that false is true.

The following exception occurred during the last request:

Symfony\Component\Routing\Exception\RouteNotFoundException: Route [search] not defined. in /www/wwwroot/jobportal.prus.dev/vendor/laravel/framework/src/Illuminate/Routing/UrlGenerator.php:526
Stack trace:
#0 /www/wwwroot/jobportal.prus.dev/vendor/laravel/framework/src/Illuminate/Foundation/helpers.php(883): Illuminate\Routing\UrlGenerator-&gt;route()
#1 /www/wwwroot/jobportal.prus.dev/storage/framework/views/d69d9ccf2dc289690e52004e0568f7de.php(44): route()
#2 /www/wwwroot/jobportal.prus.dev/vendor/laravel/framework/src/Illuminate/Filesystem/Filesystem.php(123): require('...')
#3 /www/wwwroot/jobportal.prus.dev/vendor/laravel/framework/src/Illuminate/Filesystem/Filesystem.php(124): Illuminate\Filesystem\Filesystem::Illuminate\Filesystem\{closure}()
#4 /www/wwwroot/jobportal.prus.dev/vendor/laravel/framework/src/Illuminate/View/Engines/PhpEngine.php(57): Illuminate\Filesystem\Filesystem-&gt;getRequire()
#5 /www/wwwroot/jobportal.prus.dev/vendor/livewire/livewire/src/Mechanisms/ExtendBlade/ExtendedCompilerEngine.php(22): Illuminate\View\Engines\PhpEngine-&gt;evaluatePath()
#6 /www/wwwroot/jobportal.prus.dev/vendor/laravel/framework/src/Illuminate/View/Engines/CompilerEngine.php(74): Livewire\Mechanisms\ExtendBlade\ExtendedCompilerEngine-&gt;evaluatePath()
#7 /www/wwwroot/jobportal.prus.dev/vendor/livewire/livewire/src/Mechanisms/ExtendBlade/ExtendedCompilerEngine.php(10): Illuminate\View\Engines\CompilerEngine-&gt;get()
#8 /www/wwwroot/jobportal.prus.dev/vendor/laravel/framework/src/Illuminate/View/View.php(208): Livewire\Mechanisms\ExtendBlade\ExtendedCompilerEngine-&gt;get()
#9 /www/wwwroot/jobportal.prus.dev/vendor/laravel/framework/src/Illuminate/View/View.php(191): Illuminate\View\View-&gt;getContents()
#10 /www/wwwroot/jobportal.prus.dev/vendor/laravel/framework/src/Illuminate/View/View.php(160): Illuminate\View\View-&gt;renderContents()
#11 /www/wwwroot/jobportal.prus.dev/vendor/laravel/framework/src/Illuminate/Http/Response.php(78): Illuminate\View\View-&gt;render()
#12 /www/wwwroot/jobportal.prus.dev/vendor/laravel/framework/src/Illuminate/Http/Response.php(34): Illuminate\Http\Response-&gt;setContent()
#13 /www/wwwroot/jobportal.prus.dev/vendor/laravel/framework/src/Illuminate/Routing/ResponseFactory.php(61): Illuminate\Http\Response-&gt;__construct()
#14 /www/wwwroot/jobportal.prus.dev/vendor/laravel/framework/src/Illuminate/Routing/ResponseFactory.php(91): Illuminate\Routing\ResponseFactory-&gt;make()
#15 /www/wwwroot/jobportal.prus.dev/vendor/laravel/framework/src/Illuminate/Foundation/Exceptions/Handler.php(897): Illuminate\Routing\ResponseFactory-&gt;view()
#16 /www/wwwroot/jobportal.prus.dev/vendor/laravel/framework/src/Illuminate/Foundation/Exceptions/Handler.php(818): Illuminate\Foundation\Exceptions\Handler-&gt;renderHttpException()
#17 /www/wwwroot/jobportal.prus.dev/vendor/laravel/framework/src/Illuminate/Foundation/Exceptions/Handler.php(709): Illuminate\Foundation\Exceptions\Handler-&gt;prepareResponse()
#18 /www/wwwroot/jobportal.prus.dev/vendor/laravel/framework/src/Illuminate/Foundation/Exceptions/Handler.php(597): Illuminate\Foundation\Exceptions\Handler-&gt;renderExceptionResponse()
#19 /www/wwwroot/jobportal.prus.dev/app/Exceptions/Handler.php(80): Illuminate\Foundation\Exceptions\Handler-&gt;render()
#20 /www/wwwroot/jobportal.prus.dev/vendor/laravel/framework/src/Illuminate/Routing/Pipeline.php(51): App\Exceptions\Handler-&gt;render()
#21 /www/wwwroot/jobportal.prus.dev/vendor/laravel/framework/src/Illuminate/Pipeline/Pipeline.php(171): Illuminate\Routing\Pipeline-&gt;handleException()
#22 /www/wwwroot/jobportal.prus.dev/vendor/livewire/livewire/src/Features/SupportDisablingBackButtonCache/DisableBackButtonCacheMiddleware.php(19): Illuminate\Pipeline\Pipeline-&gt;Illuminate\Pipeline\{closure}()
#23 /www/wwwroot/jobportal.prus.dev/vendor/laravel/framework/src/Illuminate/Pipeline/Pipeline.php(208): Livewire\Features\SupportDisablingBackButtonCache\DisableBackButtonCacheMiddleware-&gt;handle()
#24 /www/wwwroot/jobportal.prus.dev/vendor/barryvdh/laravel-debugbar/src/Middleware/InjectDebugbar.php(59): Illuminate\Pipeline\Pipeline-&gt;Illuminate\Pipeline\{closure}()
#25 /www/wwwroot/jobportal.prus.dev/vendor/laravel/framework/src/Illuminate/Pipeline/Pipeline.php(208): Barryvdh\Debugbar\Middleware\InjectDebugbar-&gt;handle()
#26 /www/wwwroot/jobportal.prus.dev/vendor/spatie/laravel-csp/src/AddCspHeaders.php(17): Illuminate\Pipeline\Pipeline-&gt;Illuminate\Pipeline\{closure}()
#27 /www/wwwroot/jobportal.prus.dev/vendor/laravel/framework/src/Illuminate/Pipeline/Pipeline.php(208): Spatie\Csp\AddCspHeaders-&gt;handle()
#28 /www/wwwroot/jobportal.prus.dev/app/Http/Middleware/SecurityHeaders.php(11): Illuminate\Pipeline\Pipeline-&gt;Illuminate\Pipeline\{closure}()
#29 /www/wwwroot/jobportal.prus.dev/vendor/laravel/framework/src/Illuminate/Pipeline/Pipeline.php(208): App\Http\Middleware\SecurityHeaders-&gt;handle()
#30 /www/wwwroot/jobportal.prus.dev/vendor/laravel/framework/src/Illuminate/Foundation/Http/Middleware/TransformsRequest.php(21): Illuminate\Pipeline\Pipeline-&gt;Illuminate\Pipeline\{closure}()
#31 /www/wwwroot/jobportal.prus.dev/vendor/laravel/framework/src/Illuminate/Foundation/Http/Middleware/ConvertEmptyStringsToNull.php(31): Illuminate\Foundation\Http\Middleware\TransformsRequest-&gt;handle()
#32 /www/wwwroot/jobportal.prus.dev/vendor/laravel/framework/src/Illuminate/Pipeline/Pipeline.php(208): Illuminate\Foundation\Http\Middleware\ConvertEmptyStringsToNull-&gt;handle()
#33 /www/wwwroot/jobportal.prus.dev/vendor/laravel/framework/src/Illuminate/Foundation/Http/Middleware/TransformsRequest.php(21): Illuminate\Pipeline\Pipeline-&gt;Illuminate\Pipeline\{closure}()
#34 /www/wwwroot/jobportal.prus.dev/vendor/laravel/framework/src/Illuminate/Foundation/Http/Middleware/TrimStrings.php(51): Illuminate\Foundation\Http\Middleware\TransformsRequest-&gt;handle()
#35 /www/wwwroot/jobportal.prus.dev/vendor/laravel/framework/src/Illuminate/Pipeline/Pipeline.php(208): Illuminate\Foundation\Http\Middleware\TrimStrings-&gt;handle()
#36 /www/wwwroot/jobportal.prus.dev/vendor/laravel/framework/src/Illuminate/Http/Middleware/ValidatePostSize.php(27): Illuminate\Pipeline\Pipeline-&gt;Illuminate\Pipeline\{closure}()
#37 /www/wwwroot/jobportal.prus.dev/vendor/laravel/framework/src/Illuminate/Pipeline/Pipeline.php(208): Illuminate\Http\Middleware\ValidatePostSize-&gt;handle()
#38 /www/wwwroot/jobportal.prus.dev/vendor/laravel/framework/src/Illuminate/Foundation/Http/Middleware/PreventRequestsDuringMaintenance.php(109): Illuminate\Pipeline\Pipeline-&gt;Illuminate\Pipeline\{closure}()
#39 /www/wwwroot/jobportal.prus.dev/vendor/laravel/framework/src/Illuminate/Pipeline/Pipeline.php(208): Illuminate\Foundation\Http\Middleware\PreventRequestsDuringMaintenance-&gt;handle()
#40 /www/wwwroot/jobportal.prus.dev/vendor/laravel/framework/src/Illuminate/Http/Middleware/HandleCors.php(48): Illuminate\Pipeline\Pipeline-&gt;Illuminate\Pipeline\{closure}()
#41 /www/wwwroot/jobportal.prus.dev/vendor/laravel/framework/src/Illuminate/Pipeline/Pipeline.php(208): Illuminate\Http\Middleware\HandleCors-&gt;handle()
#42 /www/wwwroot/jobportal.prus.dev/vendor/laravel/framework/src/Illuminate/Http/Middleware/TrustProxies.php(58): Illuminate\Pipeline\Pipeline-&gt;Illuminate\Pipeline\{closure}()
#43 /www/wwwroot/jobportal.prus.dev/vendor/laravel/framework/src/Illuminate/Pipeline/Pipeline.php(208): Illuminate\Http\Middleware\TrustProxies-&gt;handle()
#44 /www/wwwroot/jobportal.prus.dev/vendor/laravel/framework/src/Illuminate/Pipeline/Pipeline.php(126): Illuminate\Pipeline\Pipeline-&gt;Illuminate\Pipeline\{closure}()
#45 /www/wwwroot/jobportal.prus.dev/vendor/laravel/framework/src/Illuminate/Foundation/Http/Kernel.php(175): Illuminate\Pipeline\Pipeline-&gt;then()
#46 /www/wwwroot/jobportal.prus.dev/vendor/laravel/framework/src/Illuminate/Foundation/Http/Kernel.php(144): Illuminate\Foundation\Http\Kernel-&gt;sendRequestThroughRouter()
#47 /www/wwwroot/jobportal.prus.dev/vendor/laravel/framework/src/Illuminate/Foundation/Testing/Concerns/MakesHttpRequests.php(607): Illuminate\Foundation\Http\Kernel-&gt;handle()
#48 /www/wwwroot/jobportal.prus.dev/vendor/laravel/framework/src/Illuminate/Foundation/Testing/Concerns/MakesHttpRequests.php(397): Illuminate\Foundation\Testing\TestCase-&gt;call()
#49 /www/wwwroot/jobportal.prus.dev/tests/Feature/AuthenticationTest.php(21): Illuminate\Foundation\Testing\TestCase-&gt;post()
#50 /www/wwwroot/jobportal.prus.dev/vendor/phpunit/phpunit/src/Framework/TestCase.php(1656): Tests\Feature\AuthenticationTest-&gt;users_can_register()
#51 /www/wwwroot/jobportal.prus.dev/vendor/phpunit/phpunit/src/Framework/TestCase.php(514): PHPUnit\Framework\TestCase-&gt;runTest()
#52 /www/wwwroot/jobportal.prus.dev/vendor/phpunit/phpunit/src/Framework/TestRunner/TestRunner.php(87): PHPUnit\Framework\TestCase-&gt;runBare()
#53 /www/wwwroot/jobportal.prus.dev/vendor/phpunit/phpunit/src/Framework/TestCase.php(361): PHPUnit\Framework\TestRunner-&gt;run()
#54 /www/wwwroot/jobportal.prus.dev/vendor/phpunit/phpunit/src/Framework/TestSuite.php(369): PHPUnit\Framework\TestCase-&gt;run()
#55 /www/wwwroot/jobportal.prus.dev/vendor/phpunit/phpunit/src/Framework/TestSuite.php(369): PHPUnit\Framework\TestSuite-&gt;run()
#56 /www/wwwroot/jobportal.prus.dev/vendor/phpunit/phpunit/src/Framework/TestSuite.php(369): PHPUnit\Framework\TestSuite-&gt;run()
#57 /www/wwwroot/jobportal.prus.dev/vendor/phpunit/phpunit/src/TextUI/TestRunner.php(64): PHPUnit\Framework\TestSuite-&gt;run()
#58 /www/wwwroot/jobportal.prus.dev/vendor/phpunit/phpunit/src/TextUI/Application.php(210): PHPUnit\TextUI\TestRunner-&gt;run()
#59 /www/wwwroot/jobportal.prus.dev/vendor/phpunit/phpunit/phpunit(104): PHPUnit\TextUI\Application-&gt;run()
#60 /www/wwwroot/jobportal.prus.dev/vendor/bin/phpunit(122): include('...')
#61 {main}

Next Spatie\LaravelIgnition\Exceptions\ViewException: Route [search] not defined. in /www/wwwroot/jobportal.prus.dev/vendor/laravel/framework/src/Illuminate/Routing/UrlGenerator.php:526
Stack trace:
#0 /www/wwwroot/jobportal.prus.dev/vendor/laravel/framework/src/Illuminate/Foundation/helpers.php(883): Illuminate\Routing\UrlGenerator-&gt;route()
#1 /www/wwwroot/jobportal.prus.dev/resources/views/errors/404.blade.php(44): route()
#2 /www/wwwroot/jobportal.prus.dev/vendor/laravel/framework/src/Illuminate/Filesystem/Filesystem.php(123): require('...')
#3 /www/wwwroot/jobportal.prus.dev/vendor/laravel/framework/src/Illuminate/Filesystem/Filesystem.php(124): Illuminate\Filesystem\Filesystem::Illuminate\Filesystem\{closure}()
#4 /www/wwwroot/jobportal.prus.dev/vendor/laravel/framework/src/Illuminate/View/Engines/PhpEngine.php(57): Illuminate\Filesystem\Filesystem-&gt;getRequire()
#5 /www/wwwroot/jobportal.prus.dev/vendor/livewire/livewire/src/Mechanisms/ExtendBlade/ExtendedCompilerEngine.php(22): Illuminate\View\Engines\PhpEngine-&gt;evaluatePath()
#6 /www/wwwroot/jobportal.prus.dev/vendor/laravel/framework/src/Illuminate/View/Engines/CompilerEngine.php(74): Livewire\Mechanisms\ExtendBlade\ExtendedCompilerEngine-&gt;evaluatePath()
#7 /www/wwwroot/jobportal.prus.dev/vendor/livewire/livewire/src/Mechanisms/ExtendBlade/ExtendedCompilerEngine.php(10): Illuminate\View\Engines\CompilerEngine-&gt;get()
#8 /www/wwwroot/jobportal.prus.dev/vendor/laravel/framework/src/Illuminate/View/View.php(208): Livewire\Mechanisms\ExtendBlade\ExtendedCompilerEngine-&gt;get()
#9 /www/wwwroot/jobportal.prus.dev/vendor/laravel/framework/src/Illuminate/View/View.php(191): Illuminate\View\View-&gt;getContents()
#10 /www/wwwroot/jobportal.prus.dev/vendor/laravel/framework/src/Illuminate/View/View.php(160): Illuminate\View\View-&gt;renderContents()
#11 /www/wwwroot/jobportal.prus.dev/vendor/laravel/framework/src/Illuminate/Http/Response.php(78): Illuminate\View\View-&gt;render()
#12 /www/wwwroot/jobportal.prus.dev/vendor/laravel/framework/src/Illuminate/Http/Response.php(34): Illuminate\Http\Response-&gt;setContent()
#13 /www/wwwroot/jobportal.prus.dev/vendor/laravel/framework/src/Illuminate/Routing/ResponseFactory.php(61): Illuminate\Http\Response-&gt;__construct()
#14 /www/wwwroot/jobportal.prus.dev/vendor/laravel/framework/src/Illuminate/Routing/ResponseFactory.php(91): Illuminate\Routing\ResponseFactory-&gt;make()
#15 /www/wwwroot/jobportal.prus.dev/vendor/laravel/framework/src/Illuminate/Foundation/Exceptions/Handler.php(897): Illuminate\Routing\ResponseFactory-&gt;view()
#16 /www/wwwroot/jobportal.prus.dev/vendor/laravel/framework/src/Illuminate/Foundation/Exceptions/Handler.php(818): Illuminate\Foundation\Exceptions\Handler-&gt;renderHttpException()
#17 /www/wwwroot/jobportal.prus.dev/vendor/laravel/framework/src/Illuminate/Foundation/Exceptions/Handler.php(709): Illuminate\Foundation\Exceptions\Handler-&gt;prepareResponse()
#18 /www/wwwroot/jobportal.prus.dev/vendor/laravel/framework/src/Illuminate/Foundation/Exceptions/Handler.php(597): Illuminate\Foundation\Exceptions\Handler-&gt;renderExceptionResponse()
#19 /www/wwwroot/jobportal.prus.dev/app/Exceptions/Handler.php(80): Illuminate\Foundation\Exceptions\Handler-&gt;render()
#20 /www/wwwroot/jobportal.prus.dev/vendor/laravel/framework/src/Illuminate/Routing/Pipeline.php(51): App\Exceptions\Handler-&gt;render()
#21 /www/wwwroot/jobportal.prus.dev/vendor/laravel/framework/src/Illuminate/Pipeline/Pipeline.php(171): Illuminate\Routing\Pipeline-&gt;handleException()
#22 /www/wwwroot/jobportal.prus.dev/vendor/livewire/livewire/src/Features/SupportDisablingBackButtonCache/DisableBackButtonCacheMiddleware.php(19): Illuminate\Pipeline\Pipeline-&gt;Illuminate\Pipeline\{closure}()
#23 /www/wwwroot/jobportal.prus.dev/vendor/laravel/framework/src/Illuminate/Pipeline/Pipeline.php(208): Livewire\Features\SupportDisablingBackButtonCache\DisableBackButtonCacheMiddleware-&gt;handle()
#24 /www/wwwroot/jobportal.prus.dev/vendor/barryvdh/laravel-debugbar/src/Middleware/InjectDebugbar.php(59): Illuminate\Pipeline\Pipeline-&gt;Illuminate\Pipeline\{closure}()
#25 /www/wwwroot/jobportal.prus.dev/vendor/laravel/framework/src/Illuminate/Pipeline/Pipeline.php(208): Barryvdh\Debugbar\Middleware\InjectDebugbar-&gt;handle()
#26 /www/wwwroot/jobportal.prus.dev/vendor/spatie/laravel-csp/src/AddCspHeaders.php(17): Illuminate\Pipeline\Pipeline-&gt;Illuminate\Pipeline\{closure}()
#27 /www/wwwroot/jobportal.prus.dev/vendor/laravel/framework/src/Illuminate/Pipeline/Pipeline.php(208): Spatie\Csp\AddCspHeaders-&gt;handle()
#28 /www/wwwroot/jobportal.prus.dev/app/Http/Middleware/SecurityHeaders.php(11): Illuminate\Pipeline\Pipeline-&gt;Illuminate\Pipeline\{closure}()
#29 /www/wwwroot/jobportal.prus.dev/vendor/laravel/framework/src/Illuminate/Pipeline/Pipeline.php(208): App\Http\Middleware\SecurityHeaders-&gt;handle()
#30 /www/wwwroot/jobportal.prus.dev/vendor/laravel/framework/src/Illuminate/Foundation/Http/Middleware/TransformsRequest.php(21): Illuminate\Pipeline\Pipeline-&gt;Illuminate\Pipeline\{closure}()
#31 /www/wwwroot/jobportal.prus.dev/vendor/laravel/framework/src/Illuminate/Foundation/Http/Middleware/ConvertEmptyStringsToNull.php(31): Illuminate\Foundation\Http\Middleware\TransformsRequest-&gt;handle()
#32 /www/wwwroot/jobportal.prus.dev/vendor/laravel/framework/src/Illuminate/Pipeline/Pipeline.php(208): Illuminate\Foundation\Http\Middleware\ConvertEmptyStringsToNull-&gt;handle()
#33 /www/wwwroot/jobportal.prus.dev/vendor/laravel/framework/src/Illuminate/Foundation/Http/Middleware/TransformsRequest.php(21): Illuminate\Pipeline\Pipeline-&gt;Illuminate\Pipeline\{closure}()
#34 /www/wwwroot/jobportal.prus.dev/vendor/laravel/framework/src/Illuminate/Foundation/Http/Middleware/TrimStrings.php(51): Illuminate\Foundation\Http\Middleware\TransformsRequest-&gt;handle()
#35 /www/wwwroot/jobportal.prus.dev/vendor/laravel/framework/src/Illuminate/Pipeline/Pipeline.php(208): Illuminate\Foundation\Http\Middleware\TrimStrings-&gt;handle()
#36 /www/wwwroot/jobportal.prus.dev/vendor/laravel/framework/src/Illuminate/Http/Middleware/ValidatePostSize.php(27): Illuminate\Pipeline\Pipeline-&gt;Illuminate\Pipeline\{closure}()
#37 /www/wwwroot/jobportal.prus.dev/vendor/laravel/framework/src/Illuminate/Pipeline/Pipeline.php(208): Illuminate\Http\Middleware\ValidatePostSize-&gt;handle()
#38 /www/wwwroot/jobportal.prus.dev/vendor/laravel/framework/src/Illuminate/Foundation/Http/Middleware/PreventRequestsDuringMaintenance.php(109): Illuminate\Pipeline\Pipeline-&gt;Illuminate\Pipeline\{closure}()
#39 /www/wwwroot/jobportal.prus.dev/vendor/laravel/framework/src/Illuminate/Pipeline/Pipeline.php(208): Illuminate\Foundation\Http\Middleware\PreventRequestsDuringMaintenance-&gt;handle()
#40 /www/wwwroot/jobportal.prus.dev/vendor/laravel/framework/src/Illuminate/Http/Middleware/HandleCors.php(48): Illuminate\Pipeline\Pipeline-&gt;Illuminate\Pipeline\{closure}()
#41 /www/wwwroot/jobportal.prus.dev/vendor/laravel/framework/src/Illuminate/Pipeline/Pipeline.php(208): Illuminate\Http\Middleware\HandleCors-&gt;handle()
#42 /www/wwwroot/jobportal.prus.dev/vendor/laravel/framework/src/Illuminate/Http/Middleware/TrustProxies.php(58): Illuminate\Pipeline\Pipeline-&gt;Illuminate\Pipeline\{closure}()
#43 /www/wwwroot/jobportal.prus.dev/vendor/laravel/framework/src/Illuminate/Pipeline/Pipeline.php(208): Illuminate\Http\Middleware\TrustProxies-&gt;handle()
#44 /www/wwwroot/jobportal.prus.dev/vendor/laravel/framework/src/Illuminate/Pipeline/Pipeline.php(126): Illuminate\Pipeline\Pipeline-&gt;Illuminate\Pipeline\{closure}()
#45 /www/wwwroot/jobportal.prus.dev/vendor/laravel/framework/src/Illuminate/Foundation/Http/Kernel.php(175): Illuminate\Pipeline\Pipeline-&gt;then()
#46 /www/wwwroot/jobportal.prus.dev/vendor/laravel/framework/src/Illuminate/Foundation/Http/Kernel.php(144): Illuminate\Foundation\Http\Kernel-&gt;sendRequestThroughRouter()
#47 /www/wwwroot/jobportal.prus.dev/vendor/laravel/framework/src/Illuminate/Foundation/Testing/Concerns/MakesHttpRequests.php(607): Illuminate\Foundation\Http\Kernel-&gt;handle()
#48 /www/wwwroot/jobportal.prus.dev/vendor/laravel/framework/src/Illuminate/Foundation/Testing/Concerns/MakesHttpRequests.php(397): Illuminate\Foundation\Testing\TestCase-&gt;call()
#49 /www/wwwroot/jobportal.prus.dev/tests/Feature/AuthenticationTest.php(21): Illuminate\Foundation\Testing\TestCase-&gt;post()
#50 /www/wwwroot/jobportal.prus.dev/vendor/phpunit/phpunit/src/Framework/TestCase.php(1656): Tests\Feature\AuthenticationTest-&gt;users_can_register()
#51 /www/wwwroot/jobportal.prus.dev/vendor/phpunit/phpunit/src/Framework/TestCase.php(514): PHPUnit\Framework\TestCase-&gt;runTest()
#52 /www/wwwroot/jobportal.prus.dev/vendor/phpunit/phpunit/src/Framework/TestRunner/TestRunner.php(87): PHPUnit\Framework\TestCase-&gt;runBare()
#53 /www/wwwroot/jobportal.prus.dev/vendor/phpunit/phpunit/src/Framework/TestCase.php(361): PHPUnit\Framework\TestRunner-&gt;run()
#54 /www/wwwroot/jobportal.prus.dev/vendor/phpunit/phpunit/src/Framework/TestSuite.php(369): PHPUnit\Framework\TestCase-&gt;run()
#55 /www/wwwroot/jobportal.prus.dev/vendor/phpunit/phpunit/src/Framework/TestSuite.php(369): PHPUnit\Framework\TestSuite-&gt;run()
#56 /www/wwwroot/jobportal.prus.dev/vendor/phpunit/phpunit/src/Framework/TestSuite.php(369): PHPUnit\Framework\TestSuite-&gt;run()
#57 /www/wwwroot/jobportal.prus.dev/vendor/phpunit/phpunit/src/TextUI/TestRunner.php(64): PHPUnit\Framework\TestSuite-&gt;run()
#58 /www/wwwroot/jobportal.prus.dev/vendor/phpunit/phpunit/src/TextUI/Application.php(210): PHPUnit\TextUI\TestRunner-&gt;run()
#59 /www/wwwroot/jobportal.prus.dev/vendor/phpunit/phpunit/phpunit(104): PHPUnit\TextUI\Application-&gt;run()
#60 /www/wwwroot/jobportal.prus.dev/vendor/bin/phpunit(122): include('...')
#61 {main}

----------------------------------------------------------------------------------

Route [search] not defined.

/www/wwwroot/jobportal.prus.dev/vendor/laravel/framework/src/Illuminate/Testing/TestResponseAssert.php:45
/www/wwwroot/jobportal.prus.dev/vendor/laravel/framework/src/Illuminate/Testing/TestResponse.php:199
/www/wwwroot/jobportal.prus.dev/tests/Feature/AuthenticationTest.php:29</failure>
        </testcase>
        <testcase name="users_can_login" file="/www/wwwroot/jobportal.prus.dev/tests/Feature/AuthenticationTest.php" line="35" class="Tests\Feature\AuthenticationTest" classname="Tests.Feature.AuthenticationTest" assertions="0" time="0.467377">
          <error type="Error">Tests\Feature\AuthenticationTest::users_can_login
Error: Class "App\Models\User" not found

/www/wwwroot/jobportal.prus.dev/tests/Feature/AuthenticationTest.php:37</error>
        </testcase>
        <testcase name="users_can_logout" file="/www/wwwroot/jobportal.prus.dev/tests/Feature/AuthenticationTest.php" line="51" class="Tests\Feature\AuthenticationTest" classname="Tests.Feature.AuthenticationTest" assertions="0" time="0.458904">
          <error type="Error">Tests\Feature\AuthenticationTest::users_can_logout
Error: Class "App\Models\User" not found

/www/wwwroot/jobportal.prus.dev/tests/Feature/AuthenticationTest.php:53</error>
        </testcase>
        <testcase name="login_requires_valid_credentials" file="/www/wwwroot/jobportal.prus.dev/tests/Feature/AuthenticationTest.php" line="62" class="Tests\Feature\AuthenticationTest" classname="Tests.Feature.AuthenticationTest" assertions="1" time="1.038380">
          <failure type="PHPUnit\Framework\ExpectationFailedException">Tests\Feature\AuthenticationTest::login_requires_valid_credentials
Session is missing expected key [errors].
Failed asserting that false is true.

The following exception occurred during the last request:

Symfony\Component\Routing\Exception\RouteNotFoundException: Route [search] not defined. in /www/wwwroot/jobportal.prus.dev/vendor/laravel/framework/src/Illuminate/Routing/UrlGenerator.php:526
Stack trace:
#0 /www/wwwroot/jobportal.prus.dev/vendor/laravel/framework/src/Illuminate/Foundation/helpers.php(883): Illuminate\Routing\UrlGenerator-&gt;route()
#1 /www/wwwroot/jobportal.prus.dev/storage/framework/views/d69d9ccf2dc289690e52004e0568f7de.php(44): route()
#2 /www/wwwroot/jobportal.prus.dev/vendor/laravel/framework/src/Illuminate/Filesystem/Filesystem.php(123): require('...')
#3 /www/wwwroot/jobportal.prus.dev/vendor/laravel/framework/src/Illuminate/Filesystem/Filesystem.php(124): Illuminate\Filesystem\Filesystem::Illuminate\Filesystem\{closure}()
#4 /www/wwwroot/jobportal.prus.dev/vendor/laravel/framework/src/Illuminate/View/Engines/PhpEngine.php(57): Illuminate\Filesystem\Filesystem-&gt;getRequire()
#5 /www/wwwroot/jobportal.prus.dev/vendor/livewire/livewire/src/Mechanisms/ExtendBlade/ExtendedCompilerEngine.php(22): Illuminate\View\Engines\PhpEngine-&gt;evaluatePath()
#6 /www/wwwroot/jobportal.prus.dev/vendor/laravel/framework/src/Illuminate/View/Engines/CompilerEngine.php(74): Livewire\Mechanisms\ExtendBlade\ExtendedCompilerEngine-&gt;evaluatePath()
#7 /www/wwwroot/jobportal.prus.dev/vendor/livewire/livewire/src/Mechanisms/ExtendBlade/ExtendedCompilerEngine.php(10): Illuminate\View\Engines\CompilerEngine-&gt;get()
#8 /www/wwwroot/jobportal.prus.dev/vendor/laravel/framework/src/Illuminate/View/View.php(208): Livewire\Mechanisms\ExtendBlade\ExtendedCompilerEngine-&gt;get()
#9 /www/wwwroot/jobportal.prus.dev/vendor/laravel/framework/src/Illuminate/View/View.php(191): Illuminate\View\View-&gt;getContents()
#10 /www/wwwroot/jobportal.prus.dev/vendor/laravel/framework/src/Illuminate/View/View.php(160): Illuminate\View\View-&gt;renderContents()
#11 /www/wwwroot/jobportal.prus.dev/vendor/laravel/framework/src/Illuminate/Http/Response.php(78): Illuminate\View\View-&gt;render()
#12 /www/wwwroot/jobportal.prus.dev/vendor/laravel/framework/src/Illuminate/Http/Response.php(34): Illuminate\Http\Response-&gt;setContent()
#13 /www/wwwroot/jobportal.prus.dev/vendor/laravel/framework/src/Illuminate/Routing/ResponseFactory.php(61): Illuminate\Http\Response-&gt;__construct()
#14 /www/wwwroot/jobportal.prus.dev/vendor/laravel/framework/src/Illuminate/Routing/ResponseFactory.php(91): Illuminate\Routing\ResponseFactory-&gt;make()
#15 /www/wwwroot/jobportal.prus.dev/vendor/laravel/framework/src/Illuminate/Foundation/Exceptions/Handler.php(897): Illuminate\Routing\ResponseFactory-&gt;view()
#16 /www/wwwroot/jobportal.prus.dev/vendor/laravel/framework/src/Illuminate/Foundation/Exceptions/Handler.php(818): Illuminate\Foundation\Exceptions\Handler-&gt;renderHttpException()
#17 /www/wwwroot/jobportal.prus.dev/vendor/laravel/framework/src/Illuminate/Foundation/Exceptions/Handler.php(709): Illuminate\Foundation\Exceptions\Handler-&gt;prepareResponse()
#18 /www/wwwroot/jobportal.prus.dev/vendor/laravel/framework/src/Illuminate/Foundation/Exceptions/Handler.php(597): Illuminate\Foundation\Exceptions\Handler-&gt;renderExceptionResponse()
#19 /www/wwwroot/jobportal.prus.dev/app/Exceptions/Handler.php(80): Illuminate\Foundation\Exceptions\Handler-&gt;render()
#20 /www/wwwroot/jobportal.prus.dev/vendor/laravel/framework/src/Illuminate/Routing/Pipeline.php(51): App\Exceptions\Handler-&gt;render()
#21 /www/wwwroot/jobportal.prus.dev/vendor/laravel/framework/src/Illuminate/Pipeline/Pipeline.php(171): Illuminate\Routing\Pipeline-&gt;handleException()
#22 /www/wwwroot/jobportal.prus.dev/vendor/livewire/livewire/src/Features/SupportDisablingBackButtonCache/DisableBackButtonCacheMiddleware.php(19): Illuminate\Pipeline\Pipeline-&gt;Illuminate\Pipeline\{closure}()
#23 /www/wwwroot/jobportal.prus.dev/vendor/laravel/framework/src/Illuminate/Pipeline/Pipeline.php(208): Livewire\Features\SupportDisablingBackButtonCache\DisableBackButtonCacheMiddleware-&gt;handle()
#24 /www/wwwroot/jobportal.prus.dev/vendor/barryvdh/laravel-debugbar/src/Middleware/InjectDebugbar.php(59): Illuminate\Pipeline\Pipeline-&gt;Illuminate\Pipeline\{closure}()
#25 /www/wwwroot/jobportal.prus.dev/vendor/laravel/framework/src/Illuminate/Pipeline/Pipeline.php(208): Barryvdh\Debugbar\Middleware\InjectDebugbar-&gt;handle()
#26 /www/wwwroot/jobportal.prus.dev/vendor/spatie/laravel-csp/src/AddCspHeaders.php(17): Illuminate\Pipeline\Pipeline-&gt;Illuminate\Pipeline\{closure}()
#27 /www/wwwroot/jobportal.prus.dev/vendor/laravel/framework/src/Illuminate/Pipeline/Pipeline.php(208): Spatie\Csp\AddCspHeaders-&gt;handle()
#28 /www/wwwroot/jobportal.prus.dev/app/Http/Middleware/SecurityHeaders.php(11): Illuminate\Pipeline\Pipeline-&gt;Illuminate\Pipeline\{closure}()
#29 /www/wwwroot/jobportal.prus.dev/vendor/laravel/framework/src/Illuminate/Pipeline/Pipeline.php(208): App\Http\Middleware\SecurityHeaders-&gt;handle()
#30 /www/wwwroot/jobportal.prus.dev/vendor/laravel/framework/src/Illuminate/Foundation/Http/Middleware/TransformsRequest.php(21): Illuminate\Pipeline\Pipeline-&gt;Illuminate\Pipeline\{closure}()
#31 /www/wwwroot/jobportal.prus.dev/vendor/laravel/framework/src/Illuminate/Foundation/Http/Middleware/ConvertEmptyStringsToNull.php(31): Illuminate\Foundation\Http\Middleware\TransformsRequest-&gt;handle()
#32 /www/wwwroot/jobportal.prus.dev/vendor/laravel/framework/src/Illuminate/Pipeline/Pipeline.php(208): Illuminate\Foundation\Http\Middleware\ConvertEmptyStringsToNull-&gt;handle()
#33 /www/wwwroot/jobportal.prus.dev/vendor/laravel/framework/src/Illuminate/Foundation/Http/Middleware/TransformsRequest.php(21): Illuminate\Pipeline\Pipeline-&gt;Illuminate\Pipeline\{closure}()
#34 /www/wwwroot/jobportal.prus.dev/vendor/laravel/framework/src/Illuminate/Foundation/Http/Middleware/TrimStrings.php(51): Illuminate\Foundation\Http\Middleware\TransformsRequest-&gt;handle()
#35 /www/wwwroot/jobportal.prus.dev/vendor/laravel/framework/src/Illuminate/Pipeline/Pipeline.php(208): Illuminate\Foundation\Http\Middleware\TrimStrings-&gt;handle()
#36 /www/wwwroot/jobportal.prus.dev/vendor/laravel/framework/src/Illuminate/Http/Middleware/ValidatePostSize.php(27): Illuminate\Pipeline\Pipeline-&gt;Illuminate\Pipeline\{closure}()
#37 /www/wwwroot/jobportal.prus.dev/vendor/laravel/framework/src/Illuminate/Pipeline/Pipeline.php(208): Illuminate\Http\Middleware\ValidatePostSize-&gt;handle()
#38 /www/wwwroot/jobportal.prus.dev/vendor/laravel/framework/src/Illuminate/Foundation/Http/Middleware/PreventRequestsDuringMaintenance.php(109): Illuminate\Pipeline\Pipeline-&gt;Illuminate\Pipeline\{closure}()
#39 /www/wwwroot/jobportal.prus.dev/vendor/laravel/framework/src/Illuminate/Pipeline/Pipeline.php(208): Illuminate\Foundation\Http\Middleware\PreventRequestsDuringMaintenance-&gt;handle()
#40 /www/wwwroot/jobportal.prus.dev/vendor/laravel/framework/src/Illuminate/Http/Middleware/HandleCors.php(48): Illuminate\Pipeline\Pipeline-&gt;Illuminate\Pipeline\{closure}()
#41 /www/wwwroot/jobportal.prus.dev/vendor/laravel/framework/src/Illuminate/Pipeline/Pipeline.php(208): Illuminate\Http\Middleware\HandleCors-&gt;handle()
#42 /www/wwwroot/jobportal.prus.dev/vendor/laravel/framework/src/Illuminate/Http/Middleware/TrustProxies.php(58): Illuminate\Pipeline\Pipeline-&gt;Illuminate\Pipeline\{closure}()
#43 /www/wwwroot/jobportal.prus.dev/vendor/laravel/framework/src/Illuminate/Pipeline/Pipeline.php(208): Illuminate\Http\Middleware\TrustProxies-&gt;handle()
#44 /www/wwwroot/jobportal.prus.dev/vendor/laravel/framework/src/Illuminate/Pipeline/Pipeline.php(126): Illuminate\Pipeline\Pipeline-&gt;Illuminate\Pipeline\{closure}()
#45 /www/wwwroot/jobportal.prus.dev/vendor/laravel/framework/src/Illuminate/Foundation/Http/Kernel.php(175): Illuminate\Pipeline\Pipeline-&gt;then()
#46 /www/wwwroot/jobportal.prus.dev/vendor/laravel/framework/src/Illuminate/Foundation/Http/Kernel.php(144): Illuminate\Foundation\Http\Kernel-&gt;sendRequestThroughRouter()
#47 /www/wwwroot/jobportal.prus.dev/vendor/laravel/framework/src/Illuminate/Foundation/Testing/Concerns/MakesHttpRequests.php(607): Illuminate\Foundation\Http\Kernel-&gt;handle()
#48 /www/wwwroot/jobportal.prus.dev/vendor/laravel/framework/src/Illuminate/Foundation/Testing/Concerns/MakesHttpRequests.php(397): Illuminate\Foundation\Testing\TestCase-&gt;call()
#49 /www/wwwroot/jobportal.prus.dev/tests/Feature/AuthenticationTest.php(64): Illuminate\Foundation\Testing\TestCase-&gt;post()
#50 /www/wwwroot/jobportal.prus.dev/vendor/phpunit/phpunit/src/Framework/TestCase.php(1656): Tests\Feature\AuthenticationTest-&gt;login_requires_valid_credentials()
#51 /www/wwwroot/jobportal.prus.dev/vendor/phpunit/phpunit/src/Framework/TestCase.php(514): PHPUnit\Framework\TestCase-&gt;runTest()
#52 /www/wwwroot/jobportal.prus.dev/vendor/phpunit/phpunit/src/Framework/TestRunner/TestRunner.php(87): PHPUnit\Framework\TestCase-&gt;runBare()
#53 /www/wwwroot/jobportal.prus.dev/vendor/phpunit/phpunit/src/Framework/TestCase.php(361): PHPUnit\Framework\TestRunner-&gt;run()
#54 /www/wwwroot/jobportal.prus.dev/vendor/phpunit/phpunit/src/Framework/TestSuite.php(369): PHPUnit\Framework\TestCase-&gt;run()
#55 /www/wwwroot/jobportal.prus.dev/vendor/phpunit/phpunit/src/Framework/TestSuite.php(369): PHPUnit\Framework\TestSuite-&gt;run()
#56 /www/wwwroot/jobportal.prus.dev/vendor/phpunit/phpunit/src/Framework/TestSuite.php(369): PHPUnit\Framework\TestSuite-&gt;run()
#57 /www/wwwroot/jobportal.prus.dev/vendor/phpunit/phpunit/src/TextUI/TestRunner.php(64): PHPUnit\Framework\TestSuite-&gt;run()
#58 /www/wwwroot/jobportal.prus.dev/vendor/phpunit/phpunit/src/TextUI/Application.php(210): PHPUnit\TextUI\TestRunner-&gt;run()
#59 /www/wwwroot/jobportal.prus.dev/vendor/phpunit/phpunit/phpunit(104): PHPUnit\TextUI\Application-&gt;run()
#60 /www/wwwroot/jobportal.prus.dev/vendor/bin/phpunit(122): include('...')
#61 {main}

Next Spatie\LaravelIgnition\Exceptions\ViewException: Route [search] not defined. in /www/wwwroot/jobportal.prus.dev/vendor/laravel/framework/src/Illuminate/Routing/UrlGenerator.php:526
Stack trace:
#0 /www/wwwroot/jobportal.prus.dev/vendor/laravel/framework/src/Illuminate/Foundation/helpers.php(883): Illuminate\Routing\UrlGenerator-&gt;route()
#1 /www/wwwroot/jobportal.prus.dev/resources/views/errors/404.blade.php(44): route()
#2 /www/wwwroot/jobportal.prus.dev/vendor/laravel/framework/src/Illuminate/Filesystem/Filesystem.php(123): require('...')
#3 /www/wwwroot/jobportal.prus.dev/vendor/laravel/framework/src/Illuminate/Filesystem/Filesystem.php(124): Illuminate\Filesystem\Filesystem::Illuminate\Filesystem\{closure}()
#4 /www/wwwroot/jobportal.prus.dev/vendor/laravel/framework/src/Illuminate/View/Engines/PhpEngine.php(57): Illuminate\Filesystem\Filesystem-&gt;getRequire()
#5 /www/wwwroot/jobportal.prus.dev/vendor/livewire/livewire/src/Mechanisms/ExtendBlade/ExtendedCompilerEngine.php(22): Illuminate\View\Engines\PhpEngine-&gt;evaluatePath()
#6 /www/wwwroot/jobportal.prus.dev/vendor/laravel/framework/src/Illuminate/View/Engines/CompilerEngine.php(74): Livewire\Mechanisms\ExtendBlade\ExtendedCompilerEngine-&gt;evaluatePath()
#7 /www/wwwroot/jobportal.prus.dev/vendor/livewire/livewire/src/Mechanisms/ExtendBlade/ExtendedCompilerEngine.php(10): Illuminate\View\Engines\CompilerEngine-&gt;get()
#8 /www/wwwroot/jobportal.prus.dev/vendor/laravel/framework/src/Illuminate/View/View.php(208): Livewire\Mechanisms\ExtendBlade\ExtendedCompilerEngine-&gt;get()
#9 /www/wwwroot/jobportal.prus.dev/vendor/laravel/framework/src/Illuminate/View/View.php(191): Illuminate\View\View-&gt;getContents()
#10 /www/wwwroot/jobportal.prus.dev/vendor/laravel/framework/src/Illuminate/View/View.php(160): Illuminate\View\View-&gt;renderContents()
#11 /www/wwwroot/jobportal.prus.dev/vendor/laravel/framework/src/Illuminate/Http/Response.php(78): Illuminate\View\View-&gt;render()
#12 /www/wwwroot/jobportal.prus.dev/vendor/laravel/framework/src/Illuminate/Http/Response.php(34): Illuminate\Http\Response-&gt;setContent()
#13 /www/wwwroot/jobportal.prus.dev/vendor/laravel/framework/src/Illuminate/Routing/ResponseFactory.php(61): Illuminate\Http\Response-&gt;__construct()
#14 /www/wwwroot/jobportal.prus.dev/vendor/laravel/framework/src/Illuminate/Routing/ResponseFactory.php(91): Illuminate\Routing\ResponseFactory-&gt;make()
#15 /www/wwwroot/jobportal.prus.dev/vendor/laravel/framework/src/Illuminate/Foundation/Exceptions/Handler.php(897): Illuminate\Routing\ResponseFactory-&gt;view()
#16 /www/wwwroot/jobportal.prus.dev/vendor/laravel/framework/src/Illuminate/Foundation/Exceptions/Handler.php(818): Illuminate\Foundation\Exceptions\Handler-&gt;renderHttpException()
#17 /www/wwwroot/jobportal.prus.dev/vendor/laravel/framework/src/Illuminate/Foundation/Exceptions/Handler.php(709): Illuminate\Foundation\Exceptions\Handler-&gt;prepareResponse()
#18 /www/wwwroot/jobportal.prus.dev/vendor/laravel/framework/src/Illuminate/Foundation/Exceptions/Handler.php(597): Illuminate\Foundation\Exceptions\Handler-&gt;renderExceptionResponse()
#19 /www/wwwroot/jobportal.prus.dev/app/Exceptions/Handler.php(80): Illuminate\Foundation\Exceptions\Handler-&gt;render()
#20 /www/wwwroot/jobportal.prus.dev/vendor/laravel/framework/src/Illuminate/Routing/Pipeline.php(51): App\Exceptions\Handler-&gt;render()
#21 /www/wwwroot/jobportal.prus.dev/vendor/laravel/framework/src/Illuminate/Pipeline/Pipeline.php(171): Illuminate\Routing\Pipeline-&gt;handleException()
#22 /www/wwwroot/jobportal.prus.dev/vendor/livewire/livewire/src/Features/SupportDisablingBackButtonCache/DisableBackButtonCacheMiddleware.php(19): Illuminate\Pipeline\Pipeline-&gt;Illuminate\Pipeline\{closure}()
#23 /www/wwwroot/jobportal.prus.dev/vendor/laravel/framework/src/Illuminate/Pipeline/Pipeline.php(208): Livewire\Features\SupportDisablingBackButtonCache\DisableBackButtonCacheMiddleware-&gt;handle()
#24 /www/wwwroot/jobportal.prus.dev/vendor/barryvdh/laravel-debugbar/src/Middleware/InjectDebugbar.php(59): Illuminate\Pipeline\Pipeline-&gt;Illuminate\Pipeline\{closure}()
#25 /www/wwwroot/jobportal.prus.dev/vendor/laravel/framework/src/Illuminate/Pipeline/Pipeline.php(208): Barryvdh\Debugbar\Middleware\InjectDebugbar-&gt;handle()
#26 /www/wwwroot/jobportal.prus.dev/vendor/spatie/laravel-csp/src/AddCspHeaders.php(17): Illuminate\Pipeline\Pipeline-&gt;Illuminate\Pipeline\{closure}()
#27 /www/wwwroot/jobportal.prus.dev/vendor/laravel/framework/src/Illuminate/Pipeline/Pipeline.php(208): Spatie\Csp\AddCspHeaders-&gt;handle()
#28 /www/wwwroot/jobportal.prus.dev/app/Http/Middleware/SecurityHeaders.php(11): Illuminate\Pipeline\Pipeline-&gt;Illuminate\Pipeline\{closure}()
#29 /www/wwwroot/jobportal.prus.dev/vendor/laravel/framework/src/Illuminate/Pipeline/Pipeline.php(208): App\Http\Middleware\SecurityHeaders-&gt;handle()
#30 /www/wwwroot/jobportal.prus.dev/vendor/laravel/framework/src/Illuminate/Foundation/Http/Middleware/TransformsRequest.php(21): Illuminate\Pipeline\Pipeline-&gt;Illuminate\Pipeline\{closure}()
#31 /www/wwwroot/jobportal.prus.dev/vendor/laravel/framework/src/Illuminate/Foundation/Http/Middleware/ConvertEmptyStringsToNull.php(31): Illuminate\Foundation\Http\Middleware\TransformsRequest-&gt;handle()
#32 /www/wwwroot/jobportal.prus.dev/vendor/laravel/framework/src/Illuminate/Pipeline/Pipeline.php(208): Illuminate\Foundation\Http\Middleware\ConvertEmptyStringsToNull-&gt;handle()
#33 /www/wwwroot/jobportal.prus.dev/vendor/laravel/framework/src/Illuminate/Foundation/Http/Middleware/TransformsRequest.php(21): Illuminate\Pipeline\Pipeline-&gt;Illuminate\Pipeline\{closure}()
#34 /www/wwwroot/jobportal.prus.dev/vendor/laravel/framework/src/Illuminate/Foundation/Http/Middleware/TrimStrings.php(51): Illuminate\Foundation\Http\Middleware\TransformsRequest-&gt;handle()
#35 /www/wwwroot/jobportal.prus.dev/vendor/laravel/framework/src/Illuminate/Pipeline/Pipeline.php(208): Illuminate\Foundation\Http\Middleware\TrimStrings-&gt;handle()
#36 /www/wwwroot/jobportal.prus.dev/vendor/laravel/framework/src/Illuminate/Http/Middleware/ValidatePostSize.php(27): Illuminate\Pipeline\Pipeline-&gt;Illuminate\Pipeline\{closure}()
#37 /www/wwwroot/jobportal.prus.dev/vendor/laravel/framework/src/Illuminate/Pipeline/Pipeline.php(208): Illuminate\Http\Middleware\ValidatePostSize-&gt;handle()
#38 /www/wwwroot/jobportal.prus.dev/vendor/laravel/framework/src/Illuminate/Foundation/Http/Middleware/PreventRequestsDuringMaintenance.php(109): Illuminate\Pipeline\Pipeline-&gt;Illuminate\Pipeline\{closure}()
#39 /www/wwwroot/jobportal.prus.dev/vendor/laravel/framework/src/Illuminate/Pipeline/Pipeline.php(208): Illuminate\Foundation\Http\Middleware\PreventRequestsDuringMaintenance-&gt;handle()
#40 /www/wwwroot/jobportal.prus.dev/vendor/laravel/framework/src/Illuminate/Http/Middleware/HandleCors.php(48): Illuminate\Pipeline\Pipeline-&gt;Illuminate\Pipeline\{closure}()
#41 /www/wwwroot/jobportal.prus.dev/vendor/laravel/framework/src/Illuminate/Pipeline/Pipeline.php(208): Illuminate\Http\Middleware\HandleCors-&gt;handle()
#42 /www/wwwroot/jobportal.prus.dev/vendor/laravel/framework/src/Illuminate/Http/Middleware/TrustProxies.php(58): Illuminate\Pipeline\Pipeline-&gt;Illuminate\Pipeline\{closure}()
#43 /www/wwwroot/jobportal.prus.dev/vendor/laravel/framework/src/Illuminate/Pipeline/Pipeline.php(208): Illuminate\Http\Middleware\TrustProxies-&gt;handle()
#44 /www/wwwroot/jobportal.prus.dev/vendor/laravel/framework/src/Illuminate/Pipeline/Pipeline.php(126): Illuminate\Pipeline\Pipeline-&gt;Illuminate\Pipeline\{closure}()
#45 /www/wwwroot/jobportal.prus.dev/vendor/laravel/framework/src/Illuminate/Foundation/Http/Kernel.php(175): Illuminate\Pipeline\Pipeline-&gt;then()
#46 /www/wwwroot/jobportal.prus.dev/vendor/laravel/framework/src/Illuminate/Foundation/Http/Kernel.php(144): Illuminate\Foundation\Http\Kernel-&gt;sendRequestThroughRouter()
#47 /www/wwwroot/jobportal.prus.dev/vendor/laravel/framework/src/Illuminate/Foundation/Testing/Concerns/MakesHttpRequests.php(607): Illuminate\Foundation\Http\Kernel-&gt;handle()
#48 /www/wwwroot/jobportal.prus.dev/vendor/laravel/framework/src/Illuminate/Foundation/Testing/Concerns/MakesHttpRequests.php(397): Illuminate\Foundation\Testing\TestCase-&gt;call()
#49 /www/wwwroot/jobportal.prus.dev/tests/Feature/AuthenticationTest.php(64): Illuminate\Foundation\Testing\TestCase-&gt;post()
#50 /www/wwwroot/jobportal.prus.dev/vendor/phpunit/phpunit/src/Framework/TestCase.php(1656): Tests\Feature\AuthenticationTest-&gt;login_requires_valid_credentials()
#51 /www/wwwroot/jobportal.prus.dev/vendor/phpunit/phpunit/src/Framework/TestCase.php(514): PHPUnit\Framework\TestCase-&gt;runTest()
#52 /www/wwwroot/jobportal.prus.dev/vendor/phpunit/phpunit/src/Framework/TestRunner/TestRunner.php(87): PHPUnit\Framework\TestCase-&gt;runBare()
#53 /www/wwwroot/jobportal.prus.dev/vendor/phpunit/phpunit/src/Framework/TestCase.php(361): PHPUnit\Framework\TestRunner-&gt;run()
#54 /www/wwwroot/jobportal.prus.dev/vendor/phpunit/phpunit/src/Framework/TestSuite.php(369): PHPUnit\Framework\TestCase-&gt;run()
#55 /www/wwwroot/jobportal.prus.dev/vendor/phpunit/phpunit/src/Framework/TestSuite.php(369): PHPUnit\Framework\TestSuite-&gt;run()
#56 /www/wwwroot/jobportal.prus.dev/vendor/phpunit/phpunit/src/Framework/TestSuite.php(369): PHPUnit\Framework\TestSuite-&gt;run()
#57 /www/wwwroot/jobportal.prus.dev/vendor/phpunit/phpunit/src/TextUI/TestRunner.php(64): PHPUnit\Framework\TestSuite-&gt;run()
#58 /www/wwwroot/jobportal.prus.dev/vendor/phpunit/phpunit/src/TextUI/Application.php(210): PHPUnit\TextUI\TestRunner-&gt;run()
#59 /www/wwwroot/jobportal.prus.dev/vendor/phpunit/phpunit/phpunit(104): PHPUnit\TextUI\Application-&gt;run()
#60 /www/wwwroot/jobportal.prus.dev/vendor/bin/phpunit(122): include('...')
#61 {main}

----------------------------------------------------------------------------------

Route [search] not defined.

/www/wwwroot/jobportal.prus.dev/vendor/laravel/framework/src/Illuminate/Testing/TestResponseAssert.php:45
/www/wwwroot/jobportal.prus.dev/vendor/laravel/framework/src/Illuminate/Testing/TestResponse.php:1486
/www/wwwroot/jobportal.prus.dev/vendor/laravel/framework/src/Illuminate/Testing/TestResponse.php:1563
/www/wwwroot/jobportal.prus.dev/tests/Feature/AuthenticationTest.php:69</failure>
        </testcase>
      </testsuite>
      <testsuite name="Tests\Feature\BasicTest" file="/www/wwwroot/jobportal.prus.dev/tests/Feature/BasicTest.php" tests="3" assertions="2" errors="1" failures="1" skipped="0" time="1.937877">
        <testcase name="public_can_view_homepage" file="/www/wwwroot/jobportal.prus.dev/tests/Feature/BasicTest.php" line="21" class="Tests\Feature\BasicTest" classname="Tests.Feature.BasicTest" assertions="1" time="0.504999"/>
        <testcase name="public_can_view_login_page" file="/www/wwwroot/jobportal.prus.dev/tests/Feature/BasicTest.php" line="29" class="Tests\Feature\BasicTest" classname="Tests.Feature.BasicTest" assertions="1" time="0.847608">
          <failure type="PHPUnit\Framework\ExpectationFailedException">Tests\Feature\BasicTest::public_can_view_login_page
Expected response status code [200] but received 500.
Failed asserting that 500 is identical to 200.

The following exception occurred during the last request:

Symfony\Component\Routing\Exception\RouteNotFoundException: Route [search] not defined. in /www/wwwroot/jobportal.prus.dev/vendor/laravel/framework/src/Illuminate/Routing/UrlGenerator.php:526
Stack trace:
#0 /www/wwwroot/jobportal.prus.dev/vendor/laravel/framework/src/Illuminate/Foundation/helpers.php(883): Illuminate\Routing\UrlGenerator-&gt;route()
#1 /www/wwwroot/jobportal.prus.dev/storage/framework/views/d69d9ccf2dc289690e52004e0568f7de.php(44): route()
#2 /www/wwwroot/jobportal.prus.dev/vendor/laravel/framework/src/Illuminate/Filesystem/Filesystem.php(123): require('...')
#3 /www/wwwroot/jobportal.prus.dev/vendor/laravel/framework/src/Illuminate/Filesystem/Filesystem.php(124): Illuminate\Filesystem\Filesystem::Illuminate\Filesystem\{closure}()
#4 /www/wwwroot/jobportal.prus.dev/vendor/laravel/framework/src/Illuminate/View/Engines/PhpEngine.php(57): Illuminate\Filesystem\Filesystem-&gt;getRequire()
#5 /www/wwwroot/jobportal.prus.dev/vendor/livewire/livewire/src/Mechanisms/ExtendBlade/ExtendedCompilerEngine.php(22): Illuminate\View\Engines\PhpEngine-&gt;evaluatePath()
#6 /www/wwwroot/jobportal.prus.dev/vendor/laravel/framework/src/Illuminate/View/Engines/CompilerEngine.php(74): Livewire\Mechanisms\ExtendBlade\ExtendedCompilerEngine-&gt;evaluatePath()
#7 /www/wwwroot/jobportal.prus.dev/vendor/livewire/livewire/src/Mechanisms/ExtendBlade/ExtendedCompilerEngine.php(10): Illuminate\View\Engines\CompilerEngine-&gt;get()
#8 /www/wwwroot/jobportal.prus.dev/vendor/laravel/framework/src/Illuminate/View/View.php(208): Livewire\Mechanisms\ExtendBlade\ExtendedCompilerEngine-&gt;get()
#9 /www/wwwroot/jobportal.prus.dev/vendor/laravel/framework/src/Illuminate/View/View.php(191): Illuminate\View\View-&gt;getContents()
#10 /www/wwwroot/jobportal.prus.dev/vendor/laravel/framework/src/Illuminate/View/View.php(160): Illuminate\View\View-&gt;renderContents()
#11 /www/wwwroot/jobportal.prus.dev/vendor/laravel/framework/src/Illuminate/Http/Response.php(78): Illuminate\View\View-&gt;render()
#12 /www/wwwroot/jobportal.prus.dev/vendor/laravel/framework/src/Illuminate/Http/Response.php(34): Illuminate\Http\Response-&gt;setContent()
#13 /www/wwwroot/jobportal.prus.dev/vendor/laravel/framework/src/Illuminate/Routing/ResponseFactory.php(61): Illuminate\Http\Response-&gt;__construct()
#14 /www/wwwroot/jobportal.prus.dev/vendor/laravel/framework/src/Illuminate/Routing/ResponseFactory.php(91): Illuminate\Routing\ResponseFactory-&gt;make()
#15 /www/wwwroot/jobportal.prus.dev/vendor/laravel/framework/src/Illuminate/Foundation/Exceptions/Handler.php(897): Illuminate\Routing\ResponseFactory-&gt;view()
#16 /www/wwwroot/jobportal.prus.dev/vendor/laravel/framework/src/Illuminate/Foundation/Exceptions/Handler.php(818): Illuminate\Foundation\Exceptions\Handler-&gt;renderHttpException()
#17 /www/wwwroot/jobportal.prus.dev/vendor/laravel/framework/src/Illuminate/Foundation/Exceptions/Handler.php(709): Illuminate\Foundation\Exceptions\Handler-&gt;prepareResponse()
#18 /www/wwwroot/jobportal.prus.dev/vendor/laravel/framework/src/Illuminate/Foundation/Exceptions/Handler.php(597): Illuminate\Foundation\Exceptions\Handler-&gt;renderExceptionResponse()
#19 /www/wwwroot/jobportal.prus.dev/app/Exceptions/Handler.php(80): Illuminate\Foundation\Exceptions\Handler-&gt;render()
#20 /www/wwwroot/jobportal.prus.dev/vendor/laravel/framework/src/Illuminate/Routing/Pipeline.php(51): App\Exceptions\Handler-&gt;render()
#21 /www/wwwroot/jobportal.prus.dev/vendor/laravel/framework/src/Illuminate/Pipeline/Pipeline.php(171): Illuminate\Routing\Pipeline-&gt;handleException()
#22 /www/wwwroot/jobportal.prus.dev/vendor/livewire/livewire/src/Features/SupportDisablingBackButtonCache/DisableBackButtonCacheMiddleware.php(19): Illuminate\Pipeline\Pipeline-&gt;Illuminate\Pipeline\{closure}()
#23 /www/wwwroot/jobportal.prus.dev/vendor/laravel/framework/src/Illuminate/Pipeline/Pipeline.php(208): Livewire\Features\SupportDisablingBackButtonCache\DisableBackButtonCacheMiddleware-&gt;handle()
#24 /www/wwwroot/jobportal.prus.dev/vendor/barryvdh/laravel-debugbar/src/Middleware/InjectDebugbar.php(59): Illuminate\Pipeline\Pipeline-&gt;Illuminate\Pipeline\{closure}()
#25 /www/wwwroot/jobportal.prus.dev/vendor/laravel/framework/src/Illuminate/Pipeline/Pipeline.php(208): Barryvdh\Debugbar\Middleware\InjectDebugbar-&gt;handle()
#26 /www/wwwroot/jobportal.prus.dev/vendor/spatie/laravel-csp/src/AddCspHeaders.php(17): Illuminate\Pipeline\Pipeline-&gt;Illuminate\Pipeline\{closure}()
#27 /www/wwwroot/jobportal.prus.dev/vendor/laravel/framework/src/Illuminate/Pipeline/Pipeline.php(208): Spatie\Csp\AddCspHeaders-&gt;handle()
#28 /www/wwwroot/jobportal.prus.dev/app/Http/Middleware/SecurityHeaders.php(11): Illuminate\Pipeline\Pipeline-&gt;Illuminate\Pipeline\{closure}()
#29 /www/wwwroot/jobportal.prus.dev/vendor/laravel/framework/src/Illuminate/Pipeline/Pipeline.php(208): App\Http\Middleware\SecurityHeaders-&gt;handle()
#30 /www/wwwroot/jobportal.prus.dev/vendor/laravel/framework/src/Illuminate/Foundation/Http/Middleware/TransformsRequest.php(21): Illuminate\Pipeline\Pipeline-&gt;Illuminate\Pipeline\{closure}()
#31 /www/wwwroot/jobportal.prus.dev/vendor/laravel/framework/src/Illuminate/Foundation/Http/Middleware/ConvertEmptyStringsToNull.php(31): Illuminate\Foundation\Http\Middleware\TransformsRequest-&gt;handle()
#32 /www/wwwroot/jobportal.prus.dev/vendor/laravel/framework/src/Illuminate/Pipeline/Pipeline.php(208): Illuminate\Foundation\Http\Middleware\ConvertEmptyStringsToNull-&gt;handle()
#33 /www/wwwroot/jobportal.prus.dev/vendor/laravel/framework/src/Illuminate/Foundation/Http/Middleware/TransformsRequest.php(21): Illuminate\Pipeline\Pipeline-&gt;Illuminate\Pipeline\{closure}()
#34 /www/wwwroot/jobportal.prus.dev/vendor/laravel/framework/src/Illuminate/Foundation/Http/Middleware/TrimStrings.php(51): Illuminate\Foundation\Http\Middleware\TransformsRequest-&gt;handle()
#35 /www/wwwroot/jobportal.prus.dev/vendor/laravel/framework/src/Illuminate/Pipeline/Pipeline.php(208): Illuminate\Foundation\Http\Middleware\TrimStrings-&gt;handle()
#36 /www/wwwroot/jobportal.prus.dev/vendor/laravel/framework/src/Illuminate/Http/Middleware/ValidatePostSize.php(27): Illuminate\Pipeline\Pipeline-&gt;Illuminate\Pipeline\{closure}()
#37 /www/wwwroot/jobportal.prus.dev/vendor/laravel/framework/src/Illuminate/Pipeline/Pipeline.php(208): Illuminate\Http\Middleware\ValidatePostSize-&gt;handle()
#38 /www/wwwroot/jobportal.prus.dev/vendor/laravel/framework/src/Illuminate/Foundation/Http/Middleware/PreventRequestsDuringMaintenance.php(109): Illuminate\Pipeline\Pipeline-&gt;Illuminate\Pipeline\{closure}()
#39 /www/wwwroot/jobportal.prus.dev/vendor/laravel/framework/src/Illuminate/Pipeline/Pipeline.php(208): Illuminate\Foundation\Http\Middleware\PreventRequestsDuringMaintenance-&gt;handle()
#40 /www/wwwroot/jobportal.prus.dev/vendor/laravel/framework/src/Illuminate/Http/Middleware/HandleCors.php(48): Illuminate\Pipeline\Pipeline-&gt;Illuminate\Pipeline\{closure}()
#41 /www/wwwroot/jobportal.prus.dev/vendor/laravel/framework/src/Illuminate/Pipeline/Pipeline.php(208): Illuminate\Http\Middleware\HandleCors-&gt;handle()
#42 /www/wwwroot/jobportal.prus.dev/vendor/laravel/framework/src/Illuminate/Http/Middleware/TrustProxies.php(58): Illuminate\Pipeline\Pipeline-&gt;Illuminate\Pipeline\{closure}()
#43 /www/wwwroot/jobportal.prus.dev/vendor/laravel/framework/src/Illuminate/Pipeline/Pipeline.php(208): Illuminate\Http\Middleware\TrustProxies-&gt;handle()
#44 /www/wwwroot/jobportal.prus.dev/vendor/laravel/framework/src/Illuminate/Pipeline/Pipeline.php(126): Illuminate\Pipeline\Pipeline-&gt;Illuminate\Pipeline\{closure}()
#45 /www/wwwroot/jobportal.prus.dev/vendor/laravel/framework/src/Illuminate/Foundation/Http/Kernel.php(175): Illuminate\Pipeline\Pipeline-&gt;then()
#46 /www/wwwroot/jobportal.prus.dev/vendor/laravel/framework/src/Illuminate/Foundation/Http/Kernel.php(144): Illuminate\Foundation\Http\Kernel-&gt;sendRequestThroughRouter()
#47 /www/wwwroot/jobportal.prus.dev/vendor/laravel/framework/src/Illuminate/Foundation/Testing/Concerns/MakesHttpRequests.php(607): Illuminate\Foundation\Http\Kernel-&gt;handle()
#48 /www/wwwroot/jobportal.prus.dev/vendor/laravel/framework/src/Illuminate/Foundation/Testing/Concerns/MakesHttpRequests.php(368): Illuminate\Foundation\Testing\TestCase-&gt;call()
#49 /www/wwwroot/jobportal.prus.dev/tests/Feature/BasicTest.php(31): Illuminate\Foundation\Testing\TestCase-&gt;get()
#50 /www/wwwroot/jobportal.prus.dev/vendor/phpunit/phpunit/src/Framework/TestCase.php(1656): Tests\Feature\BasicTest-&gt;public_can_view_login_page()
#51 /www/wwwroot/jobportal.prus.dev/vendor/phpunit/phpunit/src/Framework/TestCase.php(514): PHPUnit\Framework\TestCase-&gt;runTest()
#52 /www/wwwroot/jobportal.prus.dev/vendor/phpunit/phpunit/src/Framework/TestRunner/TestRunner.php(87): PHPUnit\Framework\TestCase-&gt;runBare()
#53 /www/wwwroot/jobportal.prus.dev/vendor/phpunit/phpunit/src/Framework/TestCase.php(361): PHPUnit\Framework\TestRunner-&gt;run()
#54 /www/wwwroot/jobportal.prus.dev/vendor/phpunit/phpunit/src/Framework/TestSuite.php(369): PHPUnit\Framework\TestCase-&gt;run()
#55 /www/wwwroot/jobportal.prus.dev/vendor/phpunit/phpunit/src/Framework/TestSuite.php(369): PHPUnit\Framework\TestSuite-&gt;run()
#56 /www/wwwroot/jobportal.prus.dev/vendor/phpunit/phpunit/src/Framework/TestSuite.php(369): PHPUnit\Framework\TestSuite-&gt;run()
#57 /www/wwwroot/jobportal.prus.dev/vendor/phpunit/phpunit/src/TextUI/TestRunner.php(64): PHPUnit\Framework\TestSuite-&gt;run()
#58 /www/wwwroot/jobportal.prus.dev/vendor/phpunit/phpunit/src/TextUI/Application.php(210): PHPUnit\TextUI\TestRunner-&gt;run()
#59 /www/wwwroot/jobportal.prus.dev/vendor/phpunit/phpunit/phpunit(104): PHPUnit\TextUI\Application-&gt;run()
#60 /www/wwwroot/jobportal.prus.dev/vendor/bin/phpunit(122): include('...')
#61 {main}

Next Spatie\LaravelIgnition\Exceptions\ViewException: Route [search] not defined. in /www/wwwroot/jobportal.prus.dev/vendor/laravel/framework/src/Illuminate/Routing/UrlGenerator.php:526
Stack trace:
#0 /www/wwwroot/jobportal.prus.dev/vendor/laravel/framework/src/Illuminate/Foundation/helpers.php(883): Illuminate\Routing\UrlGenerator-&gt;route()
#1 /www/wwwroot/jobportal.prus.dev/resources/views/errors/404.blade.php(44): route()
#2 /www/wwwroot/jobportal.prus.dev/vendor/laravel/framework/src/Illuminate/Filesystem/Filesystem.php(123): require('...')
#3 /www/wwwroot/jobportal.prus.dev/vendor/laravel/framework/src/Illuminate/Filesystem/Filesystem.php(124): Illuminate\Filesystem\Filesystem::Illuminate\Filesystem\{closure}()
#4 /www/wwwroot/jobportal.prus.dev/vendor/laravel/framework/src/Illuminate/View/Engines/PhpEngine.php(57): Illuminate\Filesystem\Filesystem-&gt;getRequire()
#5 /www/wwwroot/jobportal.prus.dev/vendor/livewire/livewire/src/Mechanisms/ExtendBlade/ExtendedCompilerEngine.php(22): Illuminate\View\Engines\PhpEngine-&gt;evaluatePath()
#6 /www/wwwroot/jobportal.prus.dev/vendor/laravel/framework/src/Illuminate/View/Engines/CompilerEngine.php(74): Livewire\Mechanisms\ExtendBlade\ExtendedCompilerEngine-&gt;evaluatePath()
#7 /www/wwwroot/jobportal.prus.dev/vendor/livewire/livewire/src/Mechanisms/ExtendBlade/ExtendedCompilerEngine.php(10): Illuminate\View\Engines\CompilerEngine-&gt;get()
#8 /www/wwwroot/jobportal.prus.dev/vendor/laravel/framework/src/Illuminate/View/View.php(208): Livewire\Mechanisms\ExtendBlade\ExtendedCompilerEngine-&gt;get()
#9 /www/wwwroot/jobportal.prus.dev/vendor/laravel/framework/src/Illuminate/View/View.php(191): Illuminate\View\View-&gt;getContents()
#10 /www/wwwroot/jobportal.prus.dev/vendor/laravel/framework/src/Illuminate/View/View.php(160): Illuminate\View\View-&gt;renderContents()
#11 /www/wwwroot/jobportal.prus.dev/vendor/laravel/framework/src/Illuminate/Http/Response.php(78): Illuminate\View\View-&gt;render()
#12 /www/wwwroot/jobportal.prus.dev/vendor/laravel/framework/src/Illuminate/Http/Response.php(34): Illuminate\Http\Response-&gt;setContent()
#13 /www/wwwroot/jobportal.prus.dev/vendor/laravel/framework/src/Illuminate/Routing/ResponseFactory.php(61): Illuminate\Http\Response-&gt;__construct()
#14 /www/wwwroot/jobportal.prus.dev/vendor/laravel/framework/src/Illuminate/Routing/ResponseFactory.php(91): Illuminate\Routing\ResponseFactory-&gt;make()
#15 /www/wwwroot/jobportal.prus.dev/vendor/laravel/framework/src/Illuminate/Foundation/Exceptions/Handler.php(897): Illuminate\Routing\ResponseFactory-&gt;view()
#16 /www/wwwroot/jobportal.prus.dev/vendor/laravel/framework/src/Illuminate/Foundation/Exceptions/Handler.php(818): Illuminate\Foundation\Exceptions\Handler-&gt;renderHttpException()
#17 /www/wwwroot/jobportal.prus.dev/vendor/laravel/framework/src/Illuminate/Foundation/Exceptions/Handler.php(709): Illuminate\Foundation\Exceptions\Handler-&gt;prepareResponse()
#18 /www/wwwroot/jobportal.prus.dev/vendor/laravel/framework/src/Illuminate/Foundation/Exceptions/Handler.php(597): Illuminate\Foundation\Exceptions\Handler-&gt;renderExceptionResponse()
#19 /www/wwwroot/jobportal.prus.dev/app/Exceptions/Handler.php(80): Illuminate\Foundation\Exceptions\Handler-&gt;render()
#20 /www/wwwroot/jobportal.prus.dev/vendor/laravel/framework/src/Illuminate/Routing/Pipeline.php(51): App\Exceptions\Handler-&gt;render()
#21 /www/wwwroot/jobportal.prus.dev/vendor/laravel/framework/src/Illuminate/Pipeline/Pipeline.php(171): Illuminate\Routing\Pipeline-&gt;handleException()
#22 /www/wwwroot/jobportal.prus.dev/vendor/livewire/livewire/src/Features/SupportDisablingBackButtonCache/DisableBackButtonCacheMiddleware.php(19): Illuminate\Pipeline\Pipeline-&gt;Illuminate\Pipeline\{closure}()
#23 /www/wwwroot/jobportal.prus.dev/vendor/laravel/framework/src/Illuminate/Pipeline/Pipeline.php(208): Livewire\Features\SupportDisablingBackButtonCache\DisableBackButtonCacheMiddleware-&gt;handle()
#24 /www/wwwroot/jobportal.prus.dev/vendor/barryvdh/laravel-debugbar/src/Middleware/InjectDebugbar.php(59): Illuminate\Pipeline\Pipeline-&gt;Illuminate\Pipeline\{closure}()
#25 /www/wwwroot/jobportal.prus.dev/vendor/laravel/framework/src/Illuminate/Pipeline/Pipeline.php(208): Barryvdh\Debugbar\Middleware\InjectDebugbar-&gt;handle()
#26 /www/wwwroot/jobportal.prus.dev/vendor/spatie/laravel-csp/src/AddCspHeaders.php(17): Illuminate\Pipeline\Pipeline-&gt;Illuminate\Pipeline\{closure}()
#27 /www/wwwroot/jobportal.prus.dev/vendor/laravel/framework/src/Illuminate/Pipeline/Pipeline.php(208): Spatie\Csp\AddCspHeaders-&gt;handle()
#28 /www/wwwroot/jobportal.prus.dev/app/Http/Middleware/SecurityHeaders.php(11): Illuminate\Pipeline\Pipeline-&gt;Illuminate\Pipeline\{closure}()
#29 /www/wwwroot/jobportal.prus.dev/vendor/laravel/framework/src/Illuminate/Pipeline/Pipeline.php(208): App\Http\Middleware\SecurityHeaders-&gt;handle()
#30 /www/wwwroot/jobportal.prus.dev/vendor/laravel/framework/src/Illuminate/Foundation/Http/Middleware/TransformsRequest.php(21): Illuminate\Pipeline\Pipeline-&gt;Illuminate\Pipeline\{closure}()
#31 /www/wwwroot/jobportal.prus.dev/vendor/laravel/framework/src/Illuminate/Foundation/Http/Middleware/ConvertEmptyStringsToNull.php(31): Illuminate\Foundation\Http\Middleware\TransformsRequest-&gt;handle()
#32 /www/wwwroot/jobportal.prus.dev/vendor/laravel/framework/src/Illuminate/Pipeline/Pipeline.php(208): Illuminate\Foundation\Http\Middleware\ConvertEmptyStringsToNull-&gt;handle()
#33 /www/wwwroot/jobportal.prus.dev/vendor/laravel/framework/src/Illuminate/Foundation/Http/Middleware/TransformsRequest.php(21): Illuminate\Pipeline\Pipeline-&gt;Illuminate\Pipeline\{closure}()
#34 /www/wwwroot/jobportal.prus.dev/vendor/laravel/framework/src/Illuminate/Foundation/Http/Middleware/TrimStrings.php(51): Illuminate\Foundation\Http\Middleware\TransformsRequest-&gt;handle()
#35 /www/wwwroot/jobportal.prus.dev/vendor/laravel/framework/src/Illuminate/Pipeline/Pipeline.php(208): Illuminate\Foundation\Http\Middleware\TrimStrings-&gt;handle()
#36 /www/wwwroot/jobportal.prus.dev/vendor/laravel/framework/src/Illuminate/Http/Middleware/ValidatePostSize.php(27): Illuminate\Pipeline\Pipeline-&gt;Illuminate\Pipeline\{closure}()
#37 /www/wwwroot/jobportal.prus.dev/vendor/laravel/framework/src/Illuminate/Pipeline/Pipeline.php(208): Illuminate\Http\Middleware\ValidatePostSize-&gt;handle()
#38 /www/wwwroot/jobportal.prus.dev/vendor/laravel/framework/src/Illuminate/Foundation/Http/Middleware/PreventRequestsDuringMaintenance.php(109): Illuminate\Pipeline\Pipeline-&gt;Illuminate\Pipeline\{closure}()
#39 /www/wwwroot/jobportal.prus.dev/vendor/laravel/framework/src/Illuminate/Pipeline/Pipeline.php(208): Illuminate\Foundation\Http\Middleware\PreventRequestsDuringMaintenance-&gt;handle()
#40 /www/wwwroot/jobportal.prus.dev/vendor/laravel/framework/src/Illuminate/Http/Middleware/HandleCors.php(48): Illuminate\Pipeline\Pipeline-&gt;Illuminate\Pipeline\{closure}()
#41 /www/wwwroot/jobportal.prus.dev/vendor/laravel/framework/src/Illuminate/Pipeline/Pipeline.php(208): Illuminate\Http\Middleware\HandleCors-&gt;handle()
#42 /www/wwwroot/jobportal.prus.dev/vendor/laravel/framework/src/Illuminate/Http/Middleware/TrustProxies.php(58): Illuminate\Pipeline\Pipeline-&gt;Illuminate\Pipeline\{closure}()
#43 /www/wwwroot/jobportal.prus.dev/vendor/laravel/framework/src/Illuminate/Pipeline/Pipeline.php(208): Illuminate\Http\Middleware\TrustProxies-&gt;handle()
#44 /www/wwwroot/jobportal.prus.dev/vendor/laravel/framework/src/Illuminate/Pipeline/Pipeline.php(126): Illuminate\Pipeline\Pipeline-&gt;Illuminate\Pipeline\{closure}()
#45 /www/wwwroot/jobportal.prus.dev/vendor/laravel/framework/src/Illuminate/Foundation/Http/Kernel.php(175): Illuminate\Pipeline\Pipeline-&gt;then()
#46 /www/wwwroot/jobportal.prus.dev/vendor/laravel/framework/src/Illuminate/Foundation/Http/Kernel.php(144): Illuminate\Foundation\Http\Kernel-&gt;sendRequestThroughRouter()
#47 /www/wwwroot/jobportal.prus.dev/vendor/laravel/framework/src/Illuminate/Foundation/Testing/Concerns/MakesHttpRequests.php(607): Illuminate\Foundation\Http\Kernel-&gt;handle()
#48 /www/wwwroot/jobportal.prus.dev/vendor/laravel/framework/src/Illuminate/Foundation/Testing/Concerns/MakesHttpRequests.php(368): Illuminate\Foundation\Testing\TestCase-&gt;call()
#49 /www/wwwroot/jobportal.prus.dev/tests/Feature/BasicTest.php(31): Illuminate\Foundation\Testing\TestCase-&gt;get()
#50 /www/wwwroot/jobportal.prus.dev/vendor/phpunit/phpunit/src/Framework/TestCase.php(1656): Tests\Feature\BasicTest-&gt;public_can_view_login_page()
#51 /www/wwwroot/jobportal.prus.dev/vendor/phpunit/phpunit/src/Framework/TestCase.php(514): PHPUnit\Framework\TestCase-&gt;runTest()
#52 /www/wwwroot/jobportal.prus.dev/vendor/phpunit/phpunit/src/Framework/TestRunner/TestRunner.php(87): PHPUnit\Framework\TestCase-&gt;runBare()
#53 /www/wwwroot/jobportal.prus.dev/vendor/phpunit/phpunit/src/Framework/TestCase.php(361): PHPUnit\Framework\TestRunner-&gt;run()
#54 /www/wwwroot/jobportal.prus.dev/vendor/phpunit/phpunit/src/Framework/TestSuite.php(369): PHPUnit\Framework\TestCase-&gt;run()
#55 /www/wwwroot/jobportal.prus.dev/vendor/phpunit/phpunit/src/Framework/TestSuite.php(369): PHPUnit\Framework\TestSuite-&gt;run()
#56 /www/wwwroot/jobportal.prus.dev/vendor/phpunit/phpunit/src/Framework/TestSuite.php(369): PHPUnit\Framework\TestSuite-&gt;run()
#57 /www/wwwroot/jobportal.prus.dev/vendor/phpunit/phpunit/src/TextUI/TestRunner.php(64): PHPUnit\Framework\TestSuite-&gt;run()
#58 /www/wwwroot/jobportal.prus.dev/vendor/phpunit/phpunit/src/TextUI/Application.php(210): PHPUnit\TextUI\TestRunner-&gt;run()
#59 /www/wwwroot/jobportal.prus.dev/vendor/phpunit/phpunit/phpunit(104): PHPUnit\TextUI\Application-&gt;run()
#60 /www/wwwroot/jobportal.prus.dev/vendor/bin/phpunit(122): include('...')
#61 {main}

----------------------------------------------------------------------------------

Route [search] not defined.

/www/wwwroot/jobportal.prus.dev/vendor/laravel/framework/src/Illuminate/Testing/TestResponseAssert.php:45
/www/wwwroot/jobportal.prus.dev/vendor/laravel/framework/src/Illuminate/Testing/TestResponse.php:174
/www/wwwroot/jobportal.prus.dev/tests/Feature/BasicTest.php:33</failure>
        </testcase>
        <testcase name="user_can_login_with_valid_credentials" file="/www/wwwroot/jobportal.prus.dev/tests/Feature/BasicTest.php" line="37" class="Tests\Feature\BasicTest" classname="Tests.Feature.BasicTest" assertions="0" time="0.585270">
          <error type="Error">Tests\Feature\BasicTest::user_can_login_with_valid_credentials
Error: Class "App\Models\User" not found

/www/wwwroot/jobportal.prus.dev/tests/Feature/BasicTest.php:39</error>
        </testcase>
      </testsuite>
      <testsuite name="Tests\Feature\CandidateAuthTest" file="/www/wwwroot/jobportal.prus.dev/tests/Feature/CandidateAuthTest.php" tests="12" assertions="0" errors="12" failures="0" skipped="0" time="8.605415">
        <testcase name="candidate_can_view_registration_form" file="/www/wwwroot/jobportal.prus.dev/tests/Feature/CandidateAuthTest.php" line="26" class="Tests\Feature\CandidateAuthTest" classname="Tests.Feature.CandidateAuthTest" assertions="0" time="0.717888">
          <error type="Symfony\Component\Routing\Exception\RouteNotFoundException">Tests\Feature\CandidateAuthTest::candidate_can_view_registration_form
Symfony\Component\Routing\Exception\RouteNotFoundException: Route [candidate.register] not defined.

/www/wwwroot/jobportal.prus.dev/vendor/laravel/framework/src/Illuminate/Routing/UrlGenerator.php:526
/www/wwwroot/jobportal.prus.dev/vendor/laravel/framework/src/Illuminate/Foundation/helpers.php:883
/www/wwwroot/jobportal.prus.dev/tests/Feature/CandidateAuthTest.php:28</error>
        </testcase>
        <testcase name="candidate_can_register_with_valid_data" file="/www/wwwroot/jobportal.prus.dev/tests/Feature/CandidateAuthTest.php" line="34" class="Tests\Feature\CandidateAuthTest" classname="Tests.Feature.CandidateAuthTest" assertions="0" time="0.503773">
          <error type="Symfony\Component\Routing\Exception\RouteNotFoundException">Tests\Feature\CandidateAuthTest::candidate_can_register_with_valid_data
Symfony\Component\Routing\Exception\RouteNotFoundException: Route [candidate.register] not defined.

/www/wwwroot/jobportal.prus.dev/vendor/laravel/framework/src/Illuminate/Routing/UrlGenerator.php:526
/www/wwwroot/jobportal.prus.dev/vendor/laravel/framework/src/Illuminate/Foundation/helpers.php:883
/www/wwwroot/jobportal.prus.dev/tests/Feature/CandidateAuthTest.php:52</error>
        </testcase>
        <testcase name="candidate_cannot_register_with_invalid_email" file="/www/wwwroot/jobportal.prus.dev/tests/Feature/CandidateAuthTest.php" line="69" class="Tests\Feature\CandidateAuthTest" classname="Tests.Feature.CandidateAuthTest" assertions="0" time="0.596523">
          <error type="Symfony\Component\Routing\Exception\RouteNotFoundException">Tests\Feature\CandidateAuthTest::candidate_cannot_register_with_invalid_email
Symfony\Component\Routing\Exception\RouteNotFoundException: Route [candidate.register] not defined.

/www/wwwroot/jobportal.prus.dev/vendor/laravel/framework/src/Illuminate/Routing/UrlGenerator.php:526
/www/wwwroot/jobportal.prus.dev/vendor/laravel/framework/src/Illuminate/Foundation/helpers.php:883
/www/wwwroot/jobportal.prus.dev/tests/Feature/CandidateAuthTest.php:80</error>
        </testcase>
        <testcase name="candidate_cannot_register_with_existing_email" file="/www/wwwroot/jobportal.prus.dev/tests/Feature/CandidateAuthTest.php" line="85" class="Tests\Feature\CandidateAuthTest" classname="Tests.Feature.CandidateAuthTest" assertions="0" time="0.552526">
          <error type="Error">Tests\Feature\CandidateAuthTest::candidate_cannot_register_with_existing_email
Error: Class "App\Models\User" not found

/www/wwwroot/jobportal.prus.dev/tests/Feature/CandidateAuthTest.php:87</error>
        </testcase>
        <testcase name="candidate_cannot_register_with_mismatched_passwords" file="/www/wwwroot/jobportal.prus.dev/tests/Feature/CandidateAuthTest.php" line="103" class="Tests\Feature\CandidateAuthTest" classname="Tests.Feature.CandidateAuthTest" assertions="0" time="0.561692">
          <error type="Symfony\Component\Routing\Exception\RouteNotFoundException">Tests\Feature\CandidateAuthTest::candidate_cannot_register_with_mismatched_passwords
Symfony\Component\Routing\Exception\RouteNotFoundException: Route [candidate.register] not defined.

/www/wwwroot/jobportal.prus.dev/vendor/laravel/framework/src/Illuminate/Routing/UrlGenerator.php:526
/www/wwwroot/jobportal.prus.dev/vendor/laravel/framework/src/Illuminate/Foundation/helpers.php:883
/www/wwwroot/jobportal.prus.dev/tests/Feature/CandidateAuthTest.php:114</error>
        </testcase>
        <testcase name="candidate_can_view_login_form" file="/www/wwwroot/jobportal.prus.dev/tests/Feature/CandidateAuthTest.php" line="119" class="Tests\Feature\CandidateAuthTest" classname="Tests.Feature.CandidateAuthTest" assertions="0" time="0.843146">
          <error type="Symfony\Component\Routing\Exception\RouteNotFoundException">Tests\Feature\CandidateAuthTest::candidate_can_view_login_form
Symfony\Component\Routing\Exception\RouteNotFoundException: Route [candidate.login] not defined.

/www/wwwroot/jobportal.prus.dev/vendor/laravel/framework/src/Illuminate/Routing/UrlGenerator.php:526
/www/wwwroot/jobportal.prus.dev/vendor/laravel/framework/src/Illuminate/Foundation/helpers.php:883
/www/wwwroot/jobportal.prus.dev/tests/Feature/CandidateAuthTest.php:121</error>
        </testcase>
        <testcase name="candidate_can_login_with_valid_credentials" file="/www/wwwroot/jobportal.prus.dev/tests/Feature/CandidateAuthTest.php" line="127" class="Tests\Feature\CandidateAuthTest" classname="Tests.Feature.CandidateAuthTest" assertions="0" time="0.542433">
          <error type="Error">Tests\Feature\CandidateAuthTest::candidate_can_login_with_valid_credentials
Error: Class "App\Models\User" not found

/www/wwwroot/jobportal.prus.dev/tests/Feature/CandidateAuthTest.php:129</error>
        </testcase>
        <testcase name="candidate_cannot_login_with_invalid_credentials" file="/www/wwwroot/jobportal.prus.dev/tests/Feature/CandidateAuthTest.php" line="152" class="Tests\Feature\CandidateAuthTest" classname="Tests.Feature.CandidateAuthTest" assertions="0" time="0.518657">
          <error type="Error">Tests\Feature\CandidateAuthTest::candidate_cannot_login_with_invalid_credentials
Error: Class "App\Models\User" not found

/www/wwwroot/jobportal.prus.dev/tests/Feature/CandidateAuthTest.php:154</error>
        </testcase>
        <testcase name="authenticated_candidate_can_logout" file="/www/wwwroot/jobportal.prus.dev/tests/Feature/CandidateAuthTest.php" line="169" class="Tests\Feature\CandidateAuthTest" classname="Tests.Feature.CandidateAuthTest" assertions="0" time="0.811523">
          <error type="Error">Tests\Feature\CandidateAuthTest::authenticated_candidate_can_logout
Error: Class "App\Models\User" not found

/www/wwwroot/jobportal.prus.dev/tests/Feature/CandidateAuthTest.php:171</error>
        </testcase>
        <testcase name="authenticated_candidate_can_access_dashboard" file="/www/wwwroot/jobportal.prus.dev/tests/Feature/CandidateAuthTest.php" line="188" class="Tests\Feature\CandidateAuthTest" classname="Tests.Feature.CandidateAuthTest" assertions="0" time="0.502042">
          <error type="Error">Tests\Feature\CandidateAuthTest::authenticated_candidate_can_access_dashboard
Error: Class "App\Models\User" not found

/www/wwwroot/jobportal.prus.dev/tests/Feature/CandidateAuthTest.php:190</error>
        </testcase>
        <testcase name="unauthenticated_user_cannot_access_candidate_dashboard" file="/www/wwwroot/jobportal.prus.dev/tests/Feature/CandidateAuthTest.php" line="205" class="Tests\Feature\CandidateAuthTest" classname="Tests.Feature.CandidateAuthTest" assertions="0" time="1.591222">
          <error type="Symfony\Component\Routing\Exception\RouteNotFoundException">Tests\Feature\CandidateAuthTest::unauthenticated_user_cannot_access_candidate_dashboard
Symfony\Component\Routing\Exception\RouteNotFoundException: Route [candidate.login] not defined.

/www/wwwroot/jobportal.prus.dev/vendor/laravel/framework/src/Illuminate/Routing/UrlGenerator.php:526
/www/wwwroot/jobportal.prus.dev/vendor/laravel/framework/src/Illuminate/Foundation/helpers.php:883
/www/wwwroot/jobportal.prus.dev/tests/Feature/CandidateAuthTest.php:208</error>
        </testcase>
        <testcase name="registration_requires_all_required_fields" file="/www/wwwroot/jobportal.prus.dev/tests/Feature/CandidateAuthTest.php" line="212" class="Tests\Feature\CandidateAuthTest" classname="Tests.Feature.CandidateAuthTest" assertions="0" time="0.863989">
          <error type="Symfony\Component\Routing\Exception\RouteNotFoundException">Tests\Feature\CandidateAuthTest::registration_requires_all_required_fields
Symfony\Component\Routing\Exception\RouteNotFoundException: Route [candidate.register] not defined.

/www/wwwroot/jobportal.prus.dev/vendor/laravel/framework/src/Illuminate/Routing/UrlGenerator.php:526
/www/wwwroot/jobportal.prus.dev/vendor/laravel/framework/src/Illuminate/Foundation/helpers.php:883
/www/wwwroot/jobportal.prus.dev/tests/Feature/CandidateAuthTest.php:214</error>
        </testcase>
      </testsuite>
      <testsuite name="Tests\Feature\CandidateControllerTest" file="/www/wwwroot/jobportal.prus.dev/tests/Feature/CandidateControllerTest.php" tests="4" assertions="0" errors="4" failures="0" skipped="0" time="0.000000">
        <testcase name="it_can_display_index_page" file="/www/wwwroot/jobportal.prus.dev/tests/Feature/CandidateControllerTest.php" line="28" class="Tests\Feature\CandidateControllerTest" classname="Tests.Feature.CandidateControllerTest" assertions="0" time="0.000000">
          <error type="Error">Tests\Feature\CandidateControllerTest::it_can_display_index_page
Error: Class "App\Models\User" not found

/www/wwwroot/jobportal.prus.dev/tests/Feature/CandidateControllerTest.php:24</error>
        </testcase>
        <testcase name="it_can_create_candidate" file="/www/wwwroot/jobportal.prus.dev/tests/Feature/CandidateControllerTest.php" line="37" class="Tests\Feature\CandidateControllerTest" classname="Tests.Feature.CandidateControllerTest" assertions="0" time="0.000000">
          <error type="Error">Tests\Feature\CandidateControllerTest::it_can_create_candidate
Error: Class "App\Models\User" not found

/www/wwwroot/jobportal.prus.dev/tests/Feature/CandidateControllerTest.php:24</error>
        </testcase>
        <testcase name="it_can_update_candidate" file="/www/wwwroot/jobportal.prus.dev/tests/Feature/CandidateControllerTest.php" line="48" class="Tests\Feature\CandidateControllerTest" classname="Tests.Feature.CandidateControllerTest" assertions="0" time="0.000000">
          <error type="Error">Tests\Feature\CandidateControllerTest::it_can_update_candidate
Error: Class "App\Models\User" not found

/www/wwwroot/jobportal.prus.dev/tests/Feature/CandidateControllerTest.php:24</error>
        </testcase>
        <testcase name="it_can_delete_candidate" file="/www/wwwroot/jobportal.prus.dev/tests/Feature/CandidateControllerTest.php" line="60" class="Tests\Feature\CandidateControllerTest" classname="Tests.Feature.CandidateControllerTest" assertions="0" time="0.000000">
          <error type="Error">Tests\Feature\CandidateControllerTest::it_can_delete_candidate
Error: Class "App\Models\User" not found

/www/wwwroot/jobportal.prus.dev/tests/Feature/CandidateControllerTest.php:24</error>
        </testcase>
      </testsuite>
      <testsuite name="Tests\Feature\CandidateTest" file="/www/wwwroot/jobportal.prus.dev/tests/Feature/CandidateTest.php" tests="18" assertions="0" errors="18" failures="0" skipped="0" time="0.000000">
        <testcase name="candidate_can_be_created" file="/www/wwwroot/jobportal.prus.dev/tests/Feature/CandidateTest.php" line="63" class="Tests\Feature\CandidateTest" classname="Tests.Feature.CandidateTest" assertions="0" time="0.000000">
          <error type="Error">Tests\Feature\CandidateTest::candidate_can_be_created
Error: Class "App\Models\User" not found

/www/wwwroot/jobportal.prus.dev/tests/Feature/CandidateTest.php:51</error>
        </testcase>
        <testcase name="candidate_can_be_updated" file="/www/wwwroot/jobportal.prus.dev/tests/Feature/CandidateTest.php" line="88" class="Tests\Feature\CandidateTest" classname="Tests.Feature.CandidateTest" assertions="0" time="0.000000">
          <error type="Error">Tests\Feature\CandidateTest::candidate_can_be_updated
Error: Class "App\Models\User" not found

/www/wwwroot/jobportal.prus.dev/tests/Feature/CandidateTest.php:51</error>
        </testcase>
        <testcase name="candidate_belongs_to_user" file="/www/wwwroot/jobportal.prus.dev/tests/Feature/CandidateTest.php" line="105" class="Tests\Feature\CandidateTest" classname="Tests.Feature.CandidateTest" assertions="0" time="0.000000">
          <error type="Error">Tests\Feature\CandidateTest::candidate_belongs_to_user
Error: Class "App\Models\User" not found

/www/wwwroot/jobportal.prus.dev/tests/Feature/CandidateTest.php:51</error>
        </testcase>
        <testcase name="candidate_can_have_education_records" file="/www/wwwroot/jobportal.prus.dev/tests/Feature/CandidateTest.php" line="115" class="Tests\Feature\CandidateTest" classname="Tests.Feature.CandidateTest" assertions="0" time="0.000000">
          <error type="Error">Tests\Feature\CandidateTest::candidate_can_have_education_records
Error: Class "App\Models\User" not found

/www/wwwroot/jobportal.prus.dev/tests/Feature/CandidateTest.php:51</error>
        </testcase>
        <testcase name="candidate_can_have_experience_records" file="/www/wwwroot/jobportal.prus.dev/tests/Feature/CandidateTest.php" line="132" class="Tests\Feature\CandidateTest" classname="Tests.Feature.CandidateTest" assertions="0" time="0.000000">
          <error type="Error">Tests\Feature\CandidateTest::candidate_can_have_experience_records
Error: Class "App\Models\User" not found

/www/wwwroot/jobportal.prus.dev/tests/Feature/CandidateTest.php:51</error>
        </testcase>
        <testcase name="candidate_can_apply_for_jobs" file="/www/wwwroot/jobportal.prus.dev/tests/Feature/CandidateTest.php" line="150" class="Tests\Feature\CandidateTest" classname="Tests.Feature.CandidateTest" assertions="0" time="0.000000">
          <error type="Error">Tests\Feature\CandidateTest::candidate_can_apply_for_jobs
Error: Class "App\Models\User" not found

/www/wwwroot/jobportal.prus.dev/tests/Feature/CandidateTest.php:51</error>
        </testcase>
        <testcase name="candidates_can_be_filtered_by_experience" file="/www/wwwroot/jobportal.prus.dev/tests/Feature/CandidateTest.php" line="167" class="Tests\Feature\CandidateTest" classname="Tests.Feature.CandidateTest" assertions="0" time="0.000000">
          <error type="Error">Tests\Feature\CandidateTest::candidates_can_be_filtered_by_experience
Error: Class "App\Models\User" not found

/www/wwwroot/jobportal.prus.dev/tests/Feature/CandidateTest.php:51</error>
        </testcase>
        <testcase name="candidates_can_be_filtered_by_availability" file="/www/wwwroot/jobportal.prus.dev/tests/Feature/CandidateTest.php" line="183" class="Tests\Feature\CandidateTest" classname="Tests.Feature.CandidateTest" assertions="0" time="0.000000">
          <error type="Error">Tests\Feature\CandidateTest::candidates_can_be_filtered_by_availability
Error: Class "App\Models\User" not found

/www/wwwroot/jobportal.prus.dev/tests/Feature/CandidateTest.php:51</error>
        </testcase>
        <testcase name="guests_cannot_access_admin_candidates_section" file="/www/wwwroot/jobportal.prus.dev/tests/Feature/CandidateTest.php" line="203" class="Tests\Feature\CandidateTest" classname="Tests.Feature.CandidateTest" assertions="0" time="0.000000">
          <error type="Error">Tests\Feature\CandidateTest::guests_cannot_access_admin_candidates_section
Error: Class "App\Models\User" not found

/www/wwwroot/jobportal.prus.dev/tests/Feature/CandidateTest.php:51</error>
        </testcase>
        <testcase name="non_admin_users_cannot_access_admin_candidates_section" file="/www/wwwroot/jobportal.prus.dev/tests/Feature/CandidateTest.php" line="211" class="Tests\Feature\CandidateTest" classname="Tests.Feature.CandidateTest" assertions="0" time="0.000000">
          <error type="Error">Tests\Feature\CandidateTest::non_admin_users_cannot_access_admin_candidates_section
Error: Class "App\Models\User" not found

/www/wwwroot/jobportal.prus.dev/tests/Feature/CandidateTest.php:51</error>
        </testcase>
        <testcase name="admin_can_view_candidates_list" file="/www/wwwroot/jobportal.prus.dev/tests/Feature/CandidateTest.php" line="223" class="Tests\Feature\CandidateTest" classname="Tests.Feature.CandidateTest" assertions="0" time="0.000000">
          <error type="Error">Tests\Feature\CandidateTest::admin_can_view_candidates_list
Error: Class "App\Models\User" not found

/www/wwwroot/jobportal.prus.dev/tests/Feature/CandidateTest.php:51</error>
        </testcase>
        <testcase name="admin_can_view_candidate_details" file="/www/wwwroot/jobportal.prus.dev/tests/Feature/CandidateTest.php" line="231" class="Tests\Feature\CandidateTest" classname="Tests.Feature.CandidateTest" assertions="0" time="0.000000">
          <error type="Error">Tests\Feature\CandidateTest::admin_can_view_candidate_details
Error: Class "App\Models\User" not found

/www/wwwroot/jobportal.prus.dev/tests/Feature/CandidateTest.php:51</error>
        </testcase>
        <testcase name="admin_can_view_edit_candidate_form" file="/www/wwwroot/jobportal.prus.dev/tests/Feature/CandidateTest.php" line="240" class="Tests\Feature\CandidateTest" classname="Tests.Feature.CandidateTest" assertions="0" time="0.000000">
          <error type="Error">Tests\Feature\CandidateTest::admin_can_view_edit_candidate_form
Error: Class "App\Models\User" not found

/www/wwwroot/jobportal.prus.dev/tests/Feature/CandidateTest.php:51</error>
        </testcase>
        <testcase name="admin_can_update_candidate" file="/www/wwwroot/jobportal.prus.dev/tests/Feature/CandidateTest.php" line="249" class="Tests\Feature\CandidateTest" classname="Tests.Feature.CandidateTest" assertions="0" time="0.000000">
          <error type="Error">Tests\Feature\CandidateTest::admin_can_update_candidate
Error: Class "App\Models\User" not found

/www/wwwroot/jobportal.prus.dev/tests/Feature/CandidateTest.php:51</error>
        </testcase>
        <testcase name="admin_can_delete_candidate" file="/www/wwwroot/jobportal.prus.dev/tests/Feature/CandidateTest.php" line="310" class="Tests\Feature\CandidateTest" classname="Tests.Feature.CandidateTest" assertions="0" time="0.000000">
          <error type="Error">Tests\Feature\CandidateTest::admin_can_delete_candidate
Error: Class "App\Models\User" not found

/www/wwwroot/jobportal.prus.dev/tests/Feature/CandidateTest.php:51</error>
        </testcase>
        <testcase name="admin_can_change_candidate_status" file="/www/wwwroot/jobportal.prus.dev/tests/Feature/CandidateTest.php" line="326" class="Tests\Feature\CandidateTest" classname="Tests.Feature.CandidateTest" assertions="0" time="0.000000">
          <error type="Error">Tests\Feature\CandidateTest::admin_can_change_candidate_status
Error: Class "App\Models\User" not found

/www/wwwroot/jobportal.prus.dev/tests/Feature/CandidateTest.php:51</error>
        </testcase>
        <testcase name="admin_can_change_candidate_email_verified_status" file="/www/wwwroot/jobportal.prus.dev/tests/Feature/CandidateTest.php" line="339" class="Tests\Feature\CandidateTest" classname="Tests.Feature.CandidateTest" assertions="0" time="0.000000">
          <error type="Error">Tests\Feature\CandidateTest::admin_can_change_candidate_email_verified_status
Error: Class "App\Models\User" not found

/www/wwwroot/jobportal.prus.dev/tests/Feature/CandidateTest.php:51</error>
        </testcase>
        <testcase name="employer_can_report_a_candidate" file="/www/wwwroot/jobportal.prus.dev/tests/Feature/CandidateTest.php" line="362" class="Tests\Feature\CandidateTest" classname="Tests.Feature.CandidateTest" assertions="0" time="0.000000">
          <error type="Error">Tests\Feature\CandidateTest::employer_can_report_a_candidate
Error: Class "App\Models\User" not found

/www/wwwroot/jobportal.prus.dev/tests/Feature/CandidateTest.php:51</error>
        </testcase>
      </testsuite>
      <testsuite name="Tests\Feature\Candidates\CandidateProfileControllerTest" file="/www/wwwroot/jobportal.prus.dev/tests/Feature/Candidates/CandidateProfileControllerTest.php" tests="11" assertions="0" errors="11" failures="0" skipped="0" time="0.000000">
        <testcase name="test_index_displays_correctly" file="/www/wwwroot/jobportal.prus.dev/tests/Feature/Candidates/CandidateProfileControllerTest.php" line="34" class="Tests\Feature\Candidates\CandidateProfileControllerTest" classname="Tests.Feature.Candidates.CandidateProfileControllerTest" assertions="0" time="0.000000">
          <error type="Error">Tests\Feature\Candidates\CandidateProfileControllerTest::test_index_displays_correctly
Error: Class "App\Models\User" not found

/www/wwwroot/jobportal.prus.dev/tests/Feature/Candidates/CandidateProfileControllerTest.php:28</error>
        </testcase>
        <testcase name="test_create_displays_form" file="/www/wwwroot/jobportal.prus.dev/tests/Feature/Candidates/CandidateProfileControllerTest.php" line="45" class="Tests\Feature\Candidates\CandidateProfileControllerTest" classname="Tests.Feature.Candidates.CandidateProfileControllerTest" assertions="0" time="0.000000">
          <error type="Error">Tests\Feature\Candidates\CandidateProfileControllerTest::test_create_displays_form
Error: Class "App\Models\User" not found

/www/wwwroot/jobportal.prus.dev/tests/Feature/Candidates/CandidateProfileControllerTest.php:28</error>
        </testcase>
        <testcase name="test_store_creates_new_record" file="/www/wwwroot/jobportal.prus.dev/tests/Feature/Candidates/CandidateProfileControllerTest.php" line="56" class="Tests\Feature\Candidates\CandidateProfileControllerTest" classname="Tests.Feature.Candidates.CandidateProfileControllerTest" assertions="0" time="0.000000">
          <error type="Error">Tests\Feature\Candidates\CandidateProfileControllerTest::test_store_creates_new_record
Error: Class "App\Models\User" not found

/www/wwwroot/jobportal.prus.dev/tests/Feature/Candidates/CandidateProfileControllerTest.php:28</error>
        </testcase>
        <testcase name="test_store_validates_required_fields" file="/www/wwwroot/jobportal.prus.dev/tests/Feature/Candidates/CandidateProfileControllerTest.php" line="78" class="Tests\Feature\Candidates\CandidateProfileControllerTest" classname="Tests.Feature.Candidates.CandidateProfileControllerTest" assertions="0" time="0.000000">
          <error type="Error">Tests\Feature\Candidates\CandidateProfileControllerTest::test_store_validates_required_fields
Error: Class "App\Models\User" not found

/www/wwwroot/jobportal.prus.dev/tests/Feature/Candidates/CandidateProfileControllerTest.php:28</error>
        </testcase>
        <testcase name="test_show_displays_record" file="/www/wwwroot/jobportal.prus.dev/tests/Feature/Candidates/CandidateProfileControllerTest.php" line="89" class="Tests\Feature\Candidates\CandidateProfileControllerTest" classname="Tests.Feature.Candidates.CandidateProfileControllerTest" assertions="0" time="0.000000">
          <error type="Error">Tests\Feature\Candidates\CandidateProfileControllerTest::test_show_displays_record
Error: Class "App\Models\User" not found

/www/wwwroot/jobportal.prus.dev/tests/Feature/Candidates/CandidateProfileControllerTest.php:28</error>
        </testcase>
        <testcase name="test_edit_displays_form" file="/www/wwwroot/jobportal.prus.dev/tests/Feature/Candidates/CandidateProfileControllerTest.php" line="102" class="Tests\Feature\Candidates\CandidateProfileControllerTest" classname="Tests.Feature.Candidates.CandidateProfileControllerTest" assertions="0" time="0.000000">
          <error type="Error">Tests\Feature\Candidates\CandidateProfileControllerTest::test_edit_displays_form
Error: Class "App\Models\User" not found

/www/wwwroot/jobportal.prus.dev/tests/Feature/Candidates/CandidateProfileControllerTest.php:28</error>
        </testcase>
        <testcase name="test_update_modifies_record" file="/www/wwwroot/jobportal.prus.dev/tests/Feature/Candidates/CandidateProfileControllerTest.php" line="115" class="Tests\Feature\Candidates\CandidateProfileControllerTest" classname="Tests.Feature.Candidates.CandidateProfileControllerTest" assertions="0" time="0.000000">
          <error type="Error">Tests\Feature\Candidates\CandidateProfileControllerTest::test_update_modifies_record
Error: Class "App\Models\User" not found

/www/wwwroot/jobportal.prus.dev/tests/Feature/Candidates/CandidateProfileControllerTest.php:28</error>
        </testcase>
        <testcase name="test_destroy_deletes_record" file="/www/wwwroot/jobportal.prus.dev/tests/Feature/Candidates/CandidateProfileControllerTest.php" line="136" class="Tests\Feature\Candidates\CandidateProfileControllerTest" classname="Tests.Feature.Candidates.CandidateProfileControllerTest" assertions="0" time="0.000000">
          <error type="Error">Tests\Feature\Candidates\CandidateProfileControllerTest::test_destroy_deletes_record
Error: Class "App\Models\User" not found

/www/wwwroot/jobportal.prus.dev/tests/Feature/Candidates/CandidateProfileControllerTest.php:28</error>
        </testcase>
        <testcase name="test_unauthorized_access_is_prevented" file="/www/wwwroot/jobportal.prus.dev/tests/Feature/Candidates/CandidateProfileControllerTest.php" line="150" class="Tests\Feature\Candidates\CandidateProfileControllerTest" classname="Tests.Feature.Candidates.CandidateProfileControllerTest" assertions="0" time="0.000000">
          <error type="Error">Tests\Feature\Candidates\CandidateProfileControllerTest::test_unauthorized_access_is_prevented
Error: Class "App\Models\User" not found

/www/wwwroot/jobportal.prus.dev/tests/Feature/Candidates/CandidateProfileControllerTest.php:28</error>
        </testcase>
        <testcase name="test_store_with_invalid_email" file="/www/wwwroot/jobportal.prus.dev/tests/Feature/Candidates/CandidateProfileControllerTest.php" line="160" class="Tests\Feature\Candidates\CandidateProfileControllerTest" classname="Tests.Feature.Candidates.CandidateProfileControllerTest" assertions="0" time="0.000000">
          <error type="Error">Tests\Feature\Candidates\CandidateProfileControllerTest::test_store_with_invalid_email
Error: Class "App\Models\User" not found

/www/wwwroot/jobportal.prus.dev/tests/Feature/Candidates/CandidateProfileControllerTest.php:28</error>
        </testcase>
        <testcase name="test_store_prevents_duplicate_names" file="/www/wwwroot/jobportal.prus.dev/tests/Feature/Candidates/CandidateProfileControllerTest.php" line="177" class="Tests\Feature\Candidates\CandidateProfileControllerTest" classname="Tests.Feature.Candidates.CandidateProfileControllerTest" assertions="0" time="0.000000">
          <error type="Error">Tests\Feature\Candidates\CandidateProfileControllerTest::test_store_prevents_duplicate_names
Error: Class "App\Models\User" not found

/www/wwwroot/jobportal.prus.dev/tests/Feature/Candidates/CandidateProfileControllerTest.php:28</error>
        </testcase>
      </testsuite>
      <testsuite name="Tests\Feature\Candidates\DashboardControllerTest" file="/www/wwwroot/jobportal.prus.dev/tests/Feature/Candidates/DashboardControllerTest.php" tests="11" assertions="0" errors="11" failures="0" skipped="0" time="0.000000">
        <testcase name="test_index_displays_correctly" file="/www/wwwroot/jobportal.prus.dev/tests/Feature/Candidates/DashboardControllerTest.php" line="34" class="Tests\Feature\Candidates\DashboardControllerTest" classname="Tests.Feature.Candidates.DashboardControllerTest" assertions="0" time="0.000000">
          <error type="Error">Tests\Feature\Candidates\DashboardControllerTest::test_index_displays_correctly
Error: Class "App\Models\User" not found

/www/wwwroot/jobportal.prus.dev/tests/Feature/Candidates/DashboardControllerTest.php:28</error>
        </testcase>
        <testcase name="test_create_displays_form" file="/www/wwwroot/jobportal.prus.dev/tests/Feature/Candidates/DashboardControllerTest.php" line="45" class="Tests\Feature\Candidates\DashboardControllerTest" classname="Tests.Feature.Candidates.DashboardControllerTest" assertions="0" time="0.000000">
          <error type="Error">Tests\Feature\Candidates\DashboardControllerTest::test_create_displays_form
Error: Class "App\Models\User" not found

/www/wwwroot/jobportal.prus.dev/tests/Feature/Candidates/DashboardControllerTest.php:28</error>
        </testcase>
        <testcase name="test_store_creates_new_record" file="/www/wwwroot/jobportal.prus.dev/tests/Feature/Candidates/DashboardControllerTest.php" line="56" class="Tests\Feature\Candidates\DashboardControllerTest" classname="Tests.Feature.Candidates.DashboardControllerTest" assertions="0" time="0.000000">
          <error type="Error">Tests\Feature\Candidates\DashboardControllerTest::test_store_creates_new_record
Error: Class "App\Models\User" not found

/www/wwwroot/jobportal.prus.dev/tests/Feature/Candidates/DashboardControllerTest.php:28</error>
        </testcase>
        <testcase name="test_store_validates_required_fields" file="/www/wwwroot/jobportal.prus.dev/tests/Feature/Candidates/DashboardControllerTest.php" line="78" class="Tests\Feature\Candidates\DashboardControllerTest" classname="Tests.Feature.Candidates.DashboardControllerTest" assertions="0" time="0.000000">
          <error type="Error">Tests\Feature\Candidates\DashboardControllerTest::test_store_validates_required_fields
Error: Class "App\Models\User" not found

/www/wwwroot/jobportal.prus.dev/tests/Feature/Candidates/DashboardControllerTest.php:28</error>
        </testcase>
        <testcase name="test_show_displays_record" file="/www/wwwroot/jobportal.prus.dev/tests/Feature/Candidates/DashboardControllerTest.php" line="89" class="Tests\Feature\Candidates\DashboardControllerTest" classname="Tests.Feature.Candidates.DashboardControllerTest" assertions="0" time="0.000000">
          <error type="Error">Tests\Feature\Candidates\DashboardControllerTest::test_show_displays_record
Error: Class "App\Models\User" not found

/www/wwwroot/jobportal.prus.dev/tests/Feature/Candidates/DashboardControllerTest.php:28</error>
        </testcase>
        <testcase name="test_edit_displays_form" file="/www/wwwroot/jobportal.prus.dev/tests/Feature/Candidates/DashboardControllerTest.php" line="102" class="Tests\Feature\Candidates\DashboardControllerTest" classname="Tests.Feature.Candidates.DashboardControllerTest" assertions="0" time="0.000000">
          <error type="Error">Tests\Feature\Candidates\DashboardControllerTest::test_edit_displays_form
Error: Class "App\Models\User" not found

/www/wwwroot/jobportal.prus.dev/tests/Feature/Candidates/DashboardControllerTest.php:28</error>
        </testcase>
        <testcase name="test_update_modifies_record" file="/www/wwwroot/jobportal.prus.dev/tests/Feature/Candidates/DashboardControllerTest.php" line="115" class="Tests\Feature\Candidates\DashboardControllerTest" classname="Tests.Feature.Candidates.DashboardControllerTest" assertions="0" time="0.000000">
          <error type="Error">Tests\Feature\Candidates\DashboardControllerTest::test_update_modifies_record
Error: Class "App\Models\User" not found

/www/wwwroot/jobportal.prus.dev/tests/Feature/Candidates/DashboardControllerTest.php:28</error>
        </testcase>
        <testcase name="test_destroy_deletes_record" file="/www/wwwroot/jobportal.prus.dev/tests/Feature/Candidates/DashboardControllerTest.php" line="136" class="Tests\Feature\Candidates\DashboardControllerTest" classname="Tests.Feature.Candidates.DashboardControllerTest" assertions="0" time="0.000000">
          <error type="Error">Tests\Feature\Candidates\DashboardControllerTest::test_destroy_deletes_record
Error: Class "App\Models\User" not found

/www/wwwroot/jobportal.prus.dev/tests/Feature/Candidates/DashboardControllerTest.php:28</error>
        </testcase>
        <testcase name="test_unauthorized_access_is_prevented" file="/www/wwwroot/jobportal.prus.dev/tests/Feature/Candidates/DashboardControllerTest.php" line="150" class="Tests\Feature\Candidates\DashboardControllerTest" classname="Tests.Feature.Candidates.DashboardControllerTest" assertions="0" time="0.000000">
          <error type="Error">Tests\Feature\Candidates\DashboardControllerTest::test_unauthorized_access_is_prevented
Error: Class "App\Models\User" not found

/www/wwwroot/jobportal.prus.dev/tests/Feature/Candidates/DashboardControllerTest.php:28</error>
        </testcase>
        <testcase name="test_store_with_invalid_email" file="/www/wwwroot/jobportal.prus.dev/tests/Feature/Candidates/DashboardControllerTest.php" line="160" class="Tests\Feature\Candidates\DashboardControllerTest" classname="Tests.Feature.Candidates.DashboardControllerTest" assertions="0" time="0.000000">
          <error type="Error">Tests\Feature\Candidates\DashboardControllerTest::test_store_with_invalid_email
Error: Class "App\Models\User" not found

/www/wwwroot/jobportal.prus.dev/tests/Feature/Candidates/DashboardControllerTest.php:28</error>
        </testcase>
        <testcase name="test_store_prevents_duplicate_names" file="/www/wwwroot/jobportal.prus.dev/tests/Feature/Candidates/DashboardControllerTest.php" line="177" class="Tests\Feature\Candidates\DashboardControllerTest" classname="Tests.Feature.Candidates.DashboardControllerTest" assertions="0" time="0.000000">
          <error type="Error">Tests\Feature\Candidates\DashboardControllerTest::test_store_prevents_duplicate_names
Error: Class "App\Models\User" not found

/www/wwwroot/jobportal.prus.dev/tests/Feature/Candidates/DashboardControllerTest.php:28</error>
        </testcase>
      </testsuite>
      <testsuite name="Tests\Feature\CollectionForgetIntegrationTest" file="/www/wwwroot/jobportal.prus.dev/tests/Feature/CollectionForgetIntegrationTest.php" tests="6" assertions="23" errors="3" failures="0" skipped="0" time="0.735850">
        <testcase name="test_collection_forget_utility_sanitizes_user_input" file="/www/wwwroot/jobportal.prus.dev/tests/Feature/CollectionForgetIntegrationTest.php" line="25" class="Tests\Feature\CollectionForgetIntegrationTest" classname="Tests.Feature.CollectionForgetIntegrationTest" assertions="7" time="0.092405"/>
        <testcase name="test_job_search_service_processes_filters" file="/www/wwwroot/jobportal.prus.dev/tests/Feature/CollectionForgetIntegrationTest.php" line="54" class="Tests\Feature\CollectionForgetIntegrationTest" classname="Tests.Feature.CollectionForgetIntegrationTest" assertions="6" time="0.246999"/>
        <testcase name="test_company_repository_update_with_forget" file="/www/wwwroot/jobportal.prus.dev/tests/Feature/CollectionForgetIntegrationTest.php" line="84" class="Tests\Feature\CollectionForgetIntegrationTest" classname="Tests.Feature.CollectionForgetIntegrationTest" assertions="0" time="0.151551">
          <error type="Error">Tests\Feature\CollectionForgetIntegrationTest::test_company_repository_update_with_forget
Error: Class "App\Models\User" not found

/www/wwwroot/jobportal.prus.dev/tests/Feature/CollectionForgetIntegrationTest.php:86</error>
        </testcase>
        <testcase name="test_base_test_case_helper_methods" file="/www/wwwroot/jobportal.prus.dev/tests/Feature/CollectionForgetIntegrationTest.php" line="116" class="Tests\Feature\CollectionForgetIntegrationTest" classname="Tests.Feature.CollectionForgetIntegrationTest" assertions="4" time="0.080568">
          <error type="Error">Tests\Feature\CollectionForgetIntegrationTest::test_base_test_case_helper_methods
Error: Call to undefined method Tests\Feature\CollectionForgetIntegrationTest::removeFieldsForRole()

/www/wwwroot/jobportal.prus.dev/tests/Feature/CollectionForgetIntegrationTest.php:135</error>
        </testcase>
        <testcase name="test_advanced_cleanup_functionality" file="/www/wwwroot/jobportal.prus.dev/tests/Feature/CollectionForgetIntegrationTest.php" line="143" class="Tests\Feature\CollectionForgetIntegrationTest" classname="Tests.Feature.CollectionForgetIntegrationTest" assertions="6" time="0.082319"/>
        <testcase name="test_two_factor_auth_service_backup_code_removal" file="/www/wwwroot/jobportal.prus.dev/tests/Feature/CollectionForgetIntegrationTest.php" line="171" class="Tests\Feature\CollectionForgetIntegrationTest" classname="Tests.Feature.CollectionForgetIntegrationTest" assertions="0" time="0.082007">
          <error type="Error">Tests\Feature\CollectionForgetIntegrationTest::test_two_factor_auth_service_backup_code_removal
Error: Class "App\Models\User" not found

/www/wwwroot/jobportal.prus.dev/tests/Feature/CollectionForgetIntegrationTest.php:173</error>
        </testcase>
      </testsuite>
      <testsuite name="Tests\Feature\CompanyControllerTest" file="/www/wwwroot/jobportal.prus.dev/tests/Feature/CompanyControllerTest.php" tests="4" assertions="0" errors="4" failures="0" skipped="0" time="0.000000">
        <testcase name="it_can_display_index_page" file="/www/wwwroot/jobportal.prus.dev/tests/Feature/CompanyControllerTest.php" line="28" class="Tests\Feature\CompanyControllerTest" classname="Tests.Feature.CompanyControllerTest" assertions="0" time="0.000000">
          <error type="Error">Tests\Feature\CompanyControllerTest::it_can_display_index_page
Error: Class "App\Models\User" not found

/www/wwwroot/jobportal.prus.dev/tests/Feature/CompanyControllerTest.php:24</error>
        </testcase>
        <testcase name="it_can_create_company" file="/www/wwwroot/jobportal.prus.dev/tests/Feature/CompanyControllerTest.php" line="37" class="Tests\Feature\CompanyControllerTest" classname="Tests.Feature.CompanyControllerTest" assertions="0" time="0.000000">
          <error type="Error">Tests\Feature\CompanyControllerTest::it_can_create_company
Error: Class "App\Models\User" not found

/www/wwwroot/jobportal.prus.dev/tests/Feature/CompanyControllerTest.php:24</error>
        </testcase>
        <testcase name="it_can_update_company" file="/www/wwwroot/jobportal.prus.dev/tests/Feature/CompanyControllerTest.php" line="48" class="Tests\Feature\CompanyControllerTest" classname="Tests.Feature.CompanyControllerTest" assertions="0" time="0.000000">
          <error type="Error">Tests\Feature\CompanyControllerTest::it_can_update_company
Error: Class "App\Models\User" not found

/www/wwwroot/jobportal.prus.dev/tests/Feature/CompanyControllerTest.php:24</error>
        </testcase>
        <testcase name="it_can_delete_company" file="/www/wwwroot/jobportal.prus.dev/tests/Feature/CompanyControllerTest.php" line="60" class="Tests\Feature\CompanyControllerTest" classname="Tests.Feature.CompanyControllerTest" assertions="0" time="0.000000">
          <error type="Error">Tests\Feature\CompanyControllerTest::it_can_delete_company
Error: Class "App\Models\User" not found

/www/wwwroot/jobportal.prus.dev/tests/Feature/CompanyControllerTest.php:24</error>
        </testcase>
      </testsuite>
      <testsuite name="Tests\Feature\CompanySizeControllerTest" file="/www/wwwroot/jobportal.prus.dev/tests/Feature/CompanySizeControllerTest.php" tests="11" assertions="0" errors="11" failures="0" skipped="0" time="0.000000">
        <testcase name="it_can_display_company_sizes_index" file="/www/wwwroot/jobportal.prus.dev/tests/Feature/CompanySizeControllerTest.php" line="34" class="Tests\Feature\CompanySizeControllerTest" classname="Tests.Feature.CompanySizeControllerTest" assertions="0" time="0.000000">
          <error type="Error">Tests\Feature\CompanySizeControllerTest::it_can_display_company_sizes_index
Error: Class "App\Models\User" not found

/www/wwwroot/jobportal.prus.dev/tests/Feature/CompanySizeControllerTest.php:28</error>
        </testcase>
        <testcase name="it_can_store_a_company_size" file="/www/wwwroot/jobportal.prus.dev/tests/Feature/CompanySizeControllerTest.php" line="45" class="Tests\Feature\CompanySizeControllerTest" classname="Tests.Feature.CompanySizeControllerTest" assertions="0" time="0.000000">
          <error type="Error">Tests\Feature\CompanySizeControllerTest::it_can_store_a_company_size
Error: Class "App\Models\User" not found

/www/wwwroot/jobportal.prus.dev/tests/Feature/CompanySizeControllerTest.php:28</error>
        </testcase>
        <testcase name="it_validates_required_fields_when_storing" file="/www/wwwroot/jobportal.prus.dev/tests/Feature/CompanySizeControllerTest.php" line="61" class="Tests\Feature\CompanySizeControllerTest" classname="Tests.Feature.CompanySizeControllerTest" assertions="0" time="0.000000">
          <error type="Error">Tests\Feature\CompanySizeControllerTest::it_validates_required_fields_when_storing
Error: Class "App\Models\User" not found

/www/wwwroot/jobportal.prus.dev/tests/Feature/CompanySizeControllerTest.php:28</error>
        </testcase>
        <testcase name="it_validates_unique_size_when_storing" file="/www/wwwroot/jobportal.prus.dev/tests/Feature/CompanySizeControllerTest.php" line="72" class="Tests\Feature\CompanySizeControllerTest" classname="Tests.Feature.CompanySizeControllerTest" assertions="0" time="0.000000">
          <error type="Error">Tests\Feature\CompanySizeControllerTest::it_validates_unique_size_when_storing
Error: Class "App\Models\User" not found

/www/wwwroot/jobportal.prus.dev/tests/Feature/CompanySizeControllerTest.php:28</error>
        </testcase>
        <testcase name="it_can_edit_a_company_size" file="/www/wwwroot/jobportal.prus.dev/tests/Feature/CompanySizeControllerTest.php" line="87" class="Tests\Feature\CompanySizeControllerTest" classname="Tests.Feature.CompanySizeControllerTest" assertions="0" time="0.000000">
          <error type="Error">Tests\Feature\CompanySizeControllerTest::it_can_edit_a_company_size
Error: Class "App\Models\User" not found

/www/wwwroot/jobportal.prus.dev/tests/Feature/CompanySizeControllerTest.php:28</error>
        </testcase>
        <testcase name="it_can_update_a_company_size" file="/www/wwwroot/jobportal.prus.dev/tests/Feature/CompanySizeControllerTest.php" line="106" class="Tests\Feature\CompanySizeControllerTest" classname="Tests.Feature.CompanySizeControllerTest" assertions="0" time="0.000000">
          <error type="Error">Tests\Feature\CompanySizeControllerTest::it_can_update_a_company_size
Error: Class "App\Models\User" not found

/www/wwwroot/jobportal.prus.dev/tests/Feature/CompanySizeControllerTest.php:28</error>
        </testcase>
        <testcase name="it_validates_unique_size_when_updating_excluding_self" file="/www/wwwroot/jobportal.prus.dev/tests/Feature/CompanySizeControllerTest.php" line="124" class="Tests\Feature\CompanySizeControllerTest" classname="Tests.Feature.CompanySizeControllerTest" assertions="0" time="0.000000">
          <error type="Error">Tests\Feature\CompanySizeControllerTest::it_validates_unique_size_when_updating_excluding_self
Error: Class "App\Models\User" not found

/www/wwwroot/jobportal.prus.dev/tests/Feature/CompanySizeControllerTest.php:28</error>
        </testcase>
        <testcase name="it_can_delete_a_company_size" file="/www/wwwroot/jobportal.prus.dev/tests/Feature/CompanySizeControllerTest.php" line="148" class="Tests\Feature\CompanySizeControllerTest" classname="Tests.Feature.CompanySizeControllerTest" assertions="0" time="0.000000">
          <error type="Error">Tests\Feature\CompanySizeControllerTest::it_can_delete_a_company_size
Error: Class "App\Models\User" not found

/www/wwwroot/jobportal.prus.dev/tests/Feature/CompanySizeControllerTest.php:28</error>
        </testcase>
        <testcase name="it_prevents_deletion_when_company_size_is_in_use" file="/www/wwwroot/jobportal.prus.dev/tests/Feature/CompanySizeControllerTest.php" line="162" class="Tests\Feature\CompanySizeControllerTest" classname="Tests.Feature.CompanySizeControllerTest" assertions="0" time="0.000000">
          <error type="Error">Tests\Feature\CompanySizeControllerTest::it_prevents_deletion_when_company_size_is_in_use
Error: Class "App\Models\User" not found

/www/wwwroot/jobportal.prus.dev/tests/Feature/CompanySizeControllerTest.php:28</error>
        </testcase>
        <testcase name="unauthorized_users_cannot_access_company_size_routes" file="/www/wwwroot/jobportal.prus.dev/tests/Feature/CompanySizeControllerTest.php" line="179" class="Tests\Feature\CompanySizeControllerTest" classname="Tests.Feature.CompanySizeControllerTest" assertions="0" time="0.000000">
          <error type="Error">Tests\Feature\CompanySizeControllerTest::unauthorized_users_cannot_access_company_size_routes
Error: Class "App\Models\User" not found

/www/wwwroot/jobportal.prus.dev/tests/Feature/CompanySizeControllerTest.php:28</error>
        </testcase>
        <testcase name="guests_cannot_access_company_size_routes" file="/www/wwwroot/jobportal.prus.dev/tests/Feature/CompanySizeControllerTest.php" line="200" class="Tests\Feature\CompanySizeControllerTest" classname="Tests.Feature.CompanySizeControllerTest" assertions="0" time="0.000000">
          <error type="Error">Tests\Feature\CompanySizeControllerTest::guests_cannot_access_company_size_routes
Error: Class "App\Models\User" not found

/www/wwwroot/jobportal.prus.dev/tests/Feature/CompanySizeControllerTest.php:28</error>
        </testcase>
      </testsuite>
      <testsuite name="Tests\Feature\CompanyTest" file="/www/wwwroot/jobportal.prus.dev/tests/Feature/CompanyTest.php" tests="22" assertions="0" errors="22" failures="0" skipped="0" time="0.000000">
        <testcase name="company_can_be_created" file="/www/wwwroot/jobportal.prus.dev/tests/Feature/CompanyTest.php" line="53" class="Tests\Feature\CompanyTest" classname="Tests.Feature.CompanyTest" assertions="0" time="0.000000">
          <error type="Error">Tests\Feature\CompanyTest::company_can_be_created
Error: Class "App\Models\User" not found

/www/wwwroot/jobportal.prus.dev/tests/Feature/CompanyTest.php:43</error>
        </testcase>
        <testcase name="company_can_be_updated" file="/www/wwwroot/jobportal.prus.dev/tests/Feature/CompanyTest.php" line="92" class="Tests\Feature\CompanyTest" classname="Tests.Feature.CompanyTest" assertions="0" time="0.000000">
          <error type="Error">Tests\Feature\CompanyTest::company_can_be_updated
Error: Class "App\Models\User" not found

/www/wwwroot/jobportal.prus.dev/tests/Feature/CompanyTest.php:43</error>
        </testcase>
        <testcase name="company_belongs_to_user" file="/www/wwwroot/jobportal.prus.dev/tests/Feature/CompanyTest.php" line="113" class="Tests\Feature\CompanyTest" classname="Tests.Feature.CompanyTest" assertions="0" time="0.000000">
          <error type="Error">Tests\Feature\CompanyTest::company_belongs_to_user
Error: Class "App\Models\User" not found

/www/wwwroot/jobportal.prus.dev/tests/Feature/CompanyTest.php:43</error>
        </testcase>
        <testcase name="company_belongs_to_industry" file="/www/wwwroot/jobportal.prus.dev/tests/Feature/CompanyTest.php" line="123" class="Tests\Feature\CompanyTest" classname="Tests.Feature.CompanyTest" assertions="0" time="0.000000">
          <error type="Error">Tests\Feature\CompanyTest::company_belongs_to_industry
Error: Class "App\Models\User" not found

/www/wwwroot/jobportal.prus.dev/tests/Feature/CompanyTest.php:43</error>
        </testcase>
        <testcase name="company_belongs_to_ownership_type" file="/www/wwwroot/jobportal.prus.dev/tests/Feature/CompanyTest.php" line="133" class="Tests\Feature\CompanyTest" classname="Tests.Feature.CompanyTest" assertions="0" time="0.000000">
          <error type="Error">Tests\Feature\CompanyTest::company_belongs_to_ownership_type
Error: Class "App\Models\User" not found

/www/wwwroot/jobportal.prus.dev/tests/Feature/CompanyTest.php:43</error>
        </testcase>
        <testcase name="company_belongs_to_company_size" file="/www/wwwroot/jobportal.prus.dev/tests/Feature/CompanyTest.php" line="143" class="Tests\Feature\CompanyTest" classname="Tests.Feature.CompanyTest" assertions="0" time="0.000000">
          <error type="Error">Tests\Feature\CompanyTest::company_belongs_to_company_size
Error: Class "App\Models\User" not found

/www/wwwroot/jobportal.prus.dev/tests/Feature/CompanyTest.php:43</error>
        </testcase>
        <testcase name="company_can_have_jobs" file="/www/wwwroot/jobportal.prus.dev/tests/Feature/CompanyTest.php" line="153" class="Tests\Feature\CompanyTest" classname="Tests.Feature.CompanyTest" assertions="0" time="0.000000">
          <error type="Error">Tests\Feature\CompanyTest::company_can_have_jobs
Error: Class "App\Models\User" not found

/www/wwwroot/jobportal.prus.dev/tests/Feature/CompanyTest.php:43</error>
        </testcase>
        <testcase name="companies_can_be_filtered_by_featured_status" file="/www/wwwroot/jobportal.prus.dev/tests/Feature/CompanyTest.php" line="169" class="Tests\Feature\CompanyTest" classname="Tests.Feature.CompanyTest" assertions="0" time="0.000000">
          <error type="Error">Tests\Feature\CompanyTest::companies_can_be_filtered_by_featured_status
Error: Class "App\Models\User" not found

/www/wwwroot/jobportal.prus.dev/tests/Feature/CompanyTest.php:43</error>
        </testcase>
        <testcase name="companies_can_be_filtered_by_active_status" file="/www/wwwroot/jobportal.prus.dev/tests/Feature/CompanyTest.php" line="185" class="Tests\Feature\CompanyTest" classname="Tests.Feature.CompanyTest" assertions="0" time="0.000000">
          <error type="Error">Tests\Feature\CompanyTest::companies_can_be_filtered_by_active_status
Error: Class "App\Models\User" not found

/www/wwwroot/jobportal.prus.dev/tests/Feature/CompanyTest.php:43</error>
        </testcase>
        <testcase name="guests_cannot_access_admin_companies_section" file="/www/wwwroot/jobportal.prus.dev/tests/Feature/CompanyTest.php" line="205" class="Tests\Feature\CompanyTest" classname="Tests.Feature.CompanyTest" assertions="0" time="0.000000">
          <error type="Error">Tests\Feature\CompanyTest::guests_cannot_access_admin_companies_section
Error: Class "App\Models\User" not found

/www/wwwroot/jobportal.prus.dev/tests/Feature/CompanyTest.php:43</error>
        </testcase>
        <testcase name="non_admin_users_cannot_access_admin_companies_section" file="/www/wwwroot/jobportal.prus.dev/tests/Feature/CompanyTest.php" line="213" class="Tests\Feature\CompanyTest" classname="Tests.Feature.CompanyTest" assertions="0" time="0.000000">
          <error type="Error">Tests\Feature\CompanyTest::non_admin_users_cannot_access_admin_companies_section
Error: Class "App\Models\User" not found

/www/wwwroot/jobportal.prus.dev/tests/Feature/CompanyTest.php:43</error>
        </testcase>
        <testcase name="admin_can_view_companies_list" file="/www/wwwroot/jobportal.prus.dev/tests/Feature/CompanyTest.php" line="227" class="Tests\Feature\CompanyTest" classname="Tests.Feature.CompanyTest" assertions="0" time="0.000000">
          <error type="Error">Tests\Feature\CompanyTest::admin_can_view_companies_list
Error: Class "App\Models\User" not found

/www/wwwroot/jobportal.prus.dev/tests/Feature/CompanyTest.php:43</error>
        </testcase>
        <testcase name="admin_can_view_company_details" file="/www/wwwroot/jobportal.prus.dev/tests/Feature/CompanyTest.php" line="235" class="Tests\Feature\CompanyTest" classname="Tests.Feature.CompanyTest" assertions="0" time="0.000000">
          <error type="Error">Tests\Feature\CompanyTest::admin_can_view_company_details
Error: Class "App\Models\User" not found

/www/wwwroot/jobportal.prus.dev/tests/Feature/CompanyTest.php:43</error>
        </testcase>
        <testcase name="admin_can_view_edit_company_form" file="/www/wwwroot/jobportal.prus.dev/tests/Feature/CompanyTest.php" line="244" class="Tests\Feature\CompanyTest" classname="Tests.Feature.CompanyTest" assertions="0" time="0.000000">
          <error type="Error">Tests\Feature\CompanyTest::admin_can_view_edit_company_form
Error: Class "App\Models\User" not found

/www/wwwroot/jobportal.prus.dev/tests/Feature/CompanyTest.php:43</error>
        </testcase>
        <testcase name="admin_can_update_company" file="/www/wwwroot/jobportal.prus.dev/tests/Feature/CompanyTest.php" line="253" class="Tests\Feature\CompanyTest" classname="Tests.Feature.CompanyTest" assertions="0" time="0.000000">
          <error type="Error">Tests\Feature\CompanyTest::admin_can_update_company
Error: Class "App\Models\User" not found

/www/wwwroot/jobportal.prus.dev/tests/Feature/CompanyTest.php:43</error>
        </testcase>
        <testcase name="admin_can_delete_company" file="/www/wwwroot/jobportal.prus.dev/tests/Feature/CompanyTest.php" line="271" class="Tests\Feature\CompanyTest" classname="Tests.Feature.CompanyTest" assertions="0" time="0.000000">
          <error type="Error">Tests\Feature\CompanyTest::admin_can_delete_company
Error: Class "App\Models\User" not found

/www/wwwroot/jobportal.prus.dev/tests/Feature/CompanyTest.php:43</error>
        </testcase>
        <testcase name="admin_can_change_company_active_status" file="/www/wwwroot/jobportal.prus.dev/tests/Feature/CompanyTest.php" line="287" class="Tests\Feature\CompanyTest" classname="Tests.Feature.CompanyTest" assertions="0" time="0.000000">
          <error type="Error">Tests\Feature\CompanyTest::admin_can_change_company_active_status
Error: Class "App\Models\User" not found

/www/wwwroot/jobportal.prus.dev/tests/Feature/CompanyTest.php:43</error>
        </testcase>
        <testcase name="admin_can_mark_company_as_featured_and_unfeatured" file="/www/wwwroot/jobportal.prus.dev/tests/Feature/CompanyTest.php" line="300" class="Tests\Feature\CompanyTest" classname="Tests.Feature.CompanyTest" assertions="0" time="0.000000">
          <error type="Error">Tests\Feature\CompanyTest::admin_can_mark_company_as_featured_and_unfeatured
Error: Class "App\Models\User" not found

/www/wwwroot/jobportal.prus.dev/tests/Feature/CompanyTest.php:43</error>
        </testcase>
        <testcase name="admin_can_change_company_email_verified_status" file="/www/wwwroot/jobportal.prus.dev/tests/Feature/CompanyTest.php" line="326" class="Tests\Feature\CompanyTest" classname="Tests.Feature.CompanyTest" assertions="0" time="0.000000">
          <error type="Error">Tests\Feature\CompanyTest::admin_can_change_company_email_verified_status
Error: Class "App\Models\User" not found

/www/wwwroot/jobportal.prus.dev/tests/Feature/CompanyTest.php:43</error>
        </testcase>
        <testcase name="employer_can_view_their_company_edit_form" file="/www/wwwroot/jobportal.prus.dev/tests/Feature/CompanyTest.php" line="349" class="Tests\Feature\CompanyTest" classname="Tests.Feature.CompanyTest" assertions="0" time="0.000000">
          <error type="Error">Tests\Feature\CompanyTest::employer_can_view_their_company_edit_form
Error: Class "App\Models\User" not found

/www/wwwroot/jobportal.prus.dev/tests/Feature/CompanyTest.php:43</error>
        </testcase>
        <testcase name="employer_cannot_view_other_company_edit_form" file="/www/wwwroot/jobportal.prus.dev/tests/Feature/CompanyTest.php" line="359" class="Tests\Feature\CompanyTest" classname="Tests.Feature.CompanyTest" assertions="0" time="0.000000">
          <error type="Error">Tests\Feature\CompanyTest::employer_cannot_view_other_company_edit_form
Error: Class "App\Models\User" not found

/www/wwwroot/jobportal.prus.dev/tests/Feature/CompanyTest.php:43</error>
        </testcase>
        <testcase name="employer_can_update_their_company_profile" file="/www/wwwroot/jobportal.prus.dev/tests/Feature/CompanyTest.php" line="370" class="Tests\Feature\CompanyTest" classname="Tests.Feature.CompanyTest" assertions="0" time="0.000000">
          <error type="Error">Tests\Feature\CompanyTest::employer_can_update_their_company_profile
Error: Class "App\Models\User" not found

/www/wwwroot/jobportal.prus.dev/tests/Feature/CompanyTest.php:43</error>
        </testcase>
      </testsuite>
      <testsuite name="Tests\Feature\ComprehensiveRouteTest" file="/www/wwwroot/jobportal.prus.dev/tests/Feature/ComprehensiveRouteTest.php" tests="6" assertions="0" errors="6" failures="0" skipped="0" time="0.000000">
        <testcase name="all_public_routes_are_accessible" file="/www/wwwroot/jobportal.prus.dev/tests/Feature/ComprehensiveRouteTest.php" line="34" class="Tests\Feature\ComprehensiveRouteTest" classname="Tests.Feature.ComprehensiveRouteTest" assertions="0" time="0.000000">
          <error type="Error">Tests\Feature\ComprehensiveRouteTest::all_public_routes_are_accessible
Error: Class "App\Models\User" not found

/www/wwwroot/jobportal.prus.dev/tests/Feature/ComprehensiveRouteTest.php:28</error>
        </testcase>
        <testcase name="admin_routes_require_authentication" file="/www/wwwroot/jobportal.prus.dev/tests/Feature/ComprehensiveRouteTest.php" line="52" class="Tests\Feature\ComprehensiveRouteTest" classname="Tests.Feature.ComprehensiveRouteTest" assertions="0" time="0.000000">
          <error type="Error">Tests\Feature\ComprehensiveRouteTest::admin_routes_require_authentication
Error: Class "App\Models\User" not found

/www/wwwroot/jobportal.prus.dev/tests/Feature/ComprehensiveRouteTest.php:28</error>
        </testcase>
        <testcase name="admin_routes_work_with_admin_user" file="/www/wwwroot/jobportal.prus.dev/tests/Feature/ComprehensiveRouteTest.php" line="71" class="Tests\Feature\ComprehensiveRouteTest" classname="Tests.Feature.ComprehensiveRouteTest" assertions="0" time="0.000000">
          <error type="Error">Tests\Feature\ComprehensiveRouteTest::admin_routes_work_with_admin_user
Error: Class "App\Models\User" not found

/www/wwwroot/jobportal.prus.dev/tests/Feature/ComprehensiveRouteTest.php:28</error>
        </testcase>
        <testcase name="api_routes_return_json" file="/www/wwwroot/jobportal.prus.dev/tests/Feature/ComprehensiveRouteTest.php" line="89" class="Tests\Feature\ComprehensiveRouteTest" classname="Tests.Feature.ComprehensiveRouteTest" assertions="0" time="0.000000">
          <error type="Error">Tests\Feature\ComprehensiveRouteTest::api_routes_return_json
Error: Class "App\Models\User" not found

/www/wwwroot/jobportal.prus.dev/tests/Feature/ComprehensiveRouteTest.php:28</error>
        </testcase>
        <testcase name="protected_routes_redirect_unauthenticated_users" file="/www/wwwroot/jobportal.prus.dev/tests/Feature/ComprehensiveRouteTest.php" line="109" class="Tests\Feature\ComprehensiveRouteTest" classname="Tests.Feature.ComprehensiveRouteTest" assertions="0" time="0.000000">
          <error type="Error">Tests\Feature\ComprehensiveRouteTest::protected_routes_redirect_unauthenticated_users
Error: Class "App\Models\User" not found

/www/wwwroot/jobportal.prus.dev/tests/Feature/ComprehensiveRouteTest.php:28</error>
        </testcase>
        <testcase name="all_named_routes_exist" file="/www/wwwroot/jobportal.prus.dev/tests/Feature/ComprehensiveRouteTest.php" line="128" class="Tests\Feature\ComprehensiveRouteTest" classname="Tests.Feature.ComprehensiveRouteTest" assertions="0" time="0.000000">
          <error type="Error">Tests\Feature\ComprehensiveRouteTest::all_named_routes_exist
Error: Class "App\Models\User" not found

/www/wwwroot/jobportal.prus.dev/tests/Feature/ComprehensiveRouteTest.php:28</error>
        </testcase>
      </testsuite>
      <testsuite name="Tests\Feature\DeepRelationshipTest" file="/www/wwwroot/jobportal.prus.dev/tests/Feature/DeepRelationshipTest.php" tests="8" assertions="0" errors="8" failures="0" skipped="0" time="0.000000">
        <testcase name="it_can_get_location_jobs_using_deep_relationships" file="/www/wwwroot/jobportal.prus.dev/tests/Feature/DeepRelationshipTest.php" line="83" class="Tests\Feature\DeepRelationshipTest" classname="Tests.Feature.DeepRelationshipTest" assertions="0" time="0.000000">
          <error type="Illuminate\Database\QueryException">Tests\Feature\DeepRelationshipTest::it_can_get_location_jobs_using_deep_relationships
Illuminate\Database\QueryException: SQLSTATE[HY000]: General error: 1 table cities has no column named country_id (Connection: sqlite, SQL: insert into "cities" ("name", "state_id", "country_id", "updated_at", "created_at") values (Test City, 100, 6, 2025-08-09 11:04:39, 2025-08-09 11:04:39))

/www/wwwroot/jobportal.prus.dev/vendor/laravel/framework/src/Illuminate/Database/Connection.php:822
/www/wwwroot/jobportal.prus.dev/vendor/laravel/framework/src/Illuminate/Database/Connection.php:776
/www/wwwroot/jobportal.prus.dev/vendor/laravel/framework/src/Illuminate/Database/Connection.php:557
/www/wwwroot/jobportal.prus.dev/vendor/laravel/framework/src/Illuminate/Database/Connection.php:521
/www/wwwroot/jobportal.prus.dev/vendor/laravel/framework/src/Illuminate/Database/Query/Processors/Processor.php:32
/www/wwwroot/jobportal.prus.dev/vendor/laravel/framework/src/Illuminate/Database/Query/Builder.php:3796
/www/wwwroot/jobportal.prus.dev/vendor/laravel/framework/src/Illuminate/Database/Eloquent/Builder.php:2205
/www/wwwroot/jobportal.prus.dev/vendor/laravel/framework/src/Illuminate/Database/Eloquent/Model.php:1408
/www/wwwroot/jobportal.prus.dev/vendor/laravel/framework/src/Illuminate/Database/Eloquent/Model.php:1373
/www/wwwroot/jobportal.prus.dev/vendor/laravel/framework/src/Illuminate/Database/Eloquent/Model.php:1212
/www/wwwroot/jobportal.prus.dev/vendor/laravel/framework/src/Illuminate/Database/Eloquent/Factories/Factory.php:351
/www/wwwroot/jobportal.prus.dev/vendor/laravel/framework/src/Illuminate/Collections/Traits/EnumeratesValues.php:271
/www/wwwroot/jobportal.prus.dev/vendor/laravel/framework/src/Illuminate/Database/Eloquent/Factories/Factory.php:346
/www/wwwroot/jobportal.prus.dev/vendor/laravel/framework/src/Illuminate/Database/Eloquent/Factories/Factory.php:302
/www/wwwroot/jobportal.prus.dev/vendor/laravel/framework/src/Illuminate/Database/Eloquent/Factories/Factory.php:296
/www/wwwroot/jobportal.prus.dev/tests/Feature/DeepRelationshipTest.php:49</error>
        </testcase>
        <testcase name="it_can_get_company_applications_using_deep_relationships" file="/www/wwwroot/jobportal.prus.dev/tests/Feature/DeepRelationshipTest.php" line="147" class="Tests\Feature\DeepRelationshipTest" classname="Tests.Feature.DeepRelationshipTest" assertions="0" time="0.000000">
          <error type="Illuminate\Database\QueryException">Tests\Feature\DeepRelationshipTest::it_can_get_company_applications_using_deep_relationships
Illuminate\Database\QueryException: SQLSTATE[HY000]: General error: 1 table cities has no column named country_id (Connection: sqlite, SQL: insert into "cities" ("name", "state_id", "country_id", "updated_at", "created_at") values (Test City, 100, 6, 2025-08-09 11:04:39, 2025-08-09 11:04:39))

/www/wwwroot/jobportal.prus.dev/vendor/laravel/framework/src/Illuminate/Database/Connection.php:822
/www/wwwroot/jobportal.prus.dev/vendor/laravel/framework/src/Illuminate/Database/Connection.php:776
/www/wwwroot/jobportal.prus.dev/vendor/laravel/framework/src/Illuminate/Database/Connection.php:557
/www/wwwroot/jobportal.prus.dev/vendor/laravel/framework/src/Illuminate/Database/Connection.php:521
/www/wwwroot/jobportal.prus.dev/vendor/laravel/framework/src/Illuminate/Database/Query/Processors/Processor.php:32
/www/wwwroot/jobportal.prus.dev/vendor/laravel/framework/src/Illuminate/Database/Query/Builder.php:3796
/www/wwwroot/jobportal.prus.dev/vendor/laravel/framework/src/Illuminate/Database/Eloquent/Builder.php:2205
/www/wwwroot/jobportal.prus.dev/vendor/laravel/framework/src/Illuminate/Database/Eloquent/Model.php:1408
/www/wwwroot/jobportal.prus.dev/vendor/laravel/framework/src/Illuminate/Database/Eloquent/Model.php:1373
/www/wwwroot/jobportal.prus.dev/vendor/laravel/framework/src/Illuminate/Database/Eloquent/Model.php:1212
/www/wwwroot/jobportal.prus.dev/vendor/laravel/framework/src/Illuminate/Database/Eloquent/Factories/Factory.php:351
/www/wwwroot/jobportal.prus.dev/vendor/laravel/framework/src/Illuminate/Collections/Traits/EnumeratesValues.php:271
/www/wwwroot/jobportal.prus.dev/vendor/laravel/framework/src/Illuminate/Database/Eloquent/Factories/Factory.php:346
/www/wwwroot/jobportal.prus.dev/vendor/laravel/framework/src/Illuminate/Database/Eloquent/Factories/Factory.php:302
/www/wwwroot/jobportal.prus.dev/vendor/laravel/framework/src/Illuminate/Database/Eloquent/Factories/Factory.php:296
/www/wwwroot/jobportal.prus.dev/tests/Feature/DeepRelationshipTest.php:49</error>
        </testcase>
        <testcase name="it_can_get_region_candidates_using_deep_relationships" file="/www/wwwroot/jobportal.prus.dev/tests/Feature/DeepRelationshipTest.php" line="198" class="Tests\Feature\DeepRelationshipTest" classname="Tests.Feature.DeepRelationshipTest" assertions="0" time="0.000000">
          <error type="Illuminate\Database\QueryException">Tests\Feature\DeepRelationshipTest::it_can_get_region_candidates_using_deep_relationships
Illuminate\Database\QueryException: SQLSTATE[HY000]: General error: 1 table cities has no column named country_id (Connection: sqlite, SQL: insert into "cities" ("name", "state_id", "country_id", "updated_at", "created_at") values (Test City, 100, 6, 2025-08-09 11:04:40, 2025-08-09 11:04:40))

/www/wwwroot/jobportal.prus.dev/vendor/laravel/framework/src/Illuminate/Database/Connection.php:822
/www/wwwroot/jobportal.prus.dev/vendor/laravel/framework/src/Illuminate/Database/Connection.php:776
/www/wwwroot/jobportal.prus.dev/vendor/laravel/framework/src/Illuminate/Database/Connection.php:557
/www/wwwroot/jobportal.prus.dev/vendor/laravel/framework/src/Illuminate/Database/Connection.php:521
/www/wwwroot/jobportal.prus.dev/vendor/laravel/framework/src/Illuminate/Database/Query/Processors/Processor.php:32
/www/wwwroot/jobportal.prus.dev/vendor/laravel/framework/src/Illuminate/Database/Query/Builder.php:3796
/www/wwwroot/jobportal.prus.dev/vendor/laravel/framework/src/Illuminate/Database/Eloquent/Builder.php:2205
/www/wwwroot/jobportal.prus.dev/vendor/laravel/framework/src/Illuminate/Database/Eloquent/Model.php:1408
/www/wwwroot/jobportal.prus.dev/vendor/laravel/framework/src/Illuminate/Database/Eloquent/Model.php:1373
/www/wwwroot/jobportal.prus.dev/vendor/laravel/framework/src/Illuminate/Database/Eloquent/Model.php:1212
/www/wwwroot/jobportal.prus.dev/vendor/laravel/framework/src/Illuminate/Database/Eloquent/Factories/Factory.php:351
/www/wwwroot/jobportal.prus.dev/vendor/laravel/framework/src/Illuminate/Collections/Traits/EnumeratesValues.php:271
/www/wwwroot/jobportal.prus.dev/vendor/laravel/framework/src/Illuminate/Database/Eloquent/Factories/Factory.php:346
/www/wwwroot/jobportal.prus.dev/vendor/laravel/framework/src/Illuminate/Database/Eloquent/Factories/Factory.php:302
/www/wwwroot/jobportal.prus.dev/vendor/laravel/framework/src/Illuminate/Database/Eloquent/Factories/Factory.php:296
/www/wwwroot/jobportal.prus.dev/tests/Feature/DeepRelationshipTest.php:49</error>
        </testcase>
        <testcase name="it_can_get_deep_analytics" file="/www/wwwroot/jobportal.prus.dev/tests/Feature/DeepRelationshipTest.php" line="250" class="Tests\Feature\DeepRelationshipTest" classname="Tests.Feature.DeepRelationshipTest" assertions="0" time="0.000000">
          <error type="Illuminate\Database\QueryException">Tests\Feature\DeepRelationshipTest::it_can_get_deep_analytics
Illuminate\Database\QueryException: SQLSTATE[HY000]: General error: 1 table cities has no column named country_id (Connection: sqlite, SQL: insert into "cities" ("name", "state_id", "country_id", "updated_at", "created_at") values (Test City, 100, 6, 2025-08-09 11:04:41, 2025-08-09 11:04:41))

/www/wwwroot/jobportal.prus.dev/vendor/laravel/framework/src/Illuminate/Database/Connection.php:822
/www/wwwroot/jobportal.prus.dev/vendor/laravel/framework/src/Illuminate/Database/Connection.php:776
/www/wwwroot/jobportal.prus.dev/vendor/laravel/framework/src/Illuminate/Database/Connection.php:557
/www/wwwroot/jobportal.prus.dev/vendor/laravel/framework/src/Illuminate/Database/Connection.php:521
/www/wwwroot/jobportal.prus.dev/vendor/laravel/framework/src/Illuminate/Database/Query/Processors/Processor.php:32
/www/wwwroot/jobportal.prus.dev/vendor/laravel/framework/src/Illuminate/Database/Query/Builder.php:3796
/www/wwwroot/jobportal.prus.dev/vendor/laravel/framework/src/Illuminate/Database/Eloquent/Builder.php:2205
/www/wwwroot/jobportal.prus.dev/vendor/laravel/framework/src/Illuminate/Database/Eloquent/Model.php:1408
/www/wwwroot/jobportal.prus.dev/vendor/laravel/framework/src/Illuminate/Database/Eloquent/Model.php:1373
/www/wwwroot/jobportal.prus.dev/vendor/laravel/framework/src/Illuminate/Database/Eloquent/Model.php:1212
/www/wwwroot/jobportal.prus.dev/vendor/laravel/framework/src/Illuminate/Database/Eloquent/Factories/Factory.php:351
/www/wwwroot/jobportal.prus.dev/vendor/laravel/framework/src/Illuminate/Collections/Traits/EnumeratesValues.php:271
/www/wwwroot/jobportal.prus.dev/vendor/laravel/framework/src/Illuminate/Database/Eloquent/Factories/Factory.php:346
/www/wwwroot/jobportal.prus.dev/vendor/laravel/framework/src/Illuminate/Database/Eloquent/Factories/Factory.php:302
/www/wwwroot/jobportal.prus.dev/vendor/laravel/framework/src/Illuminate/Database/Eloquent/Factories/Factory.php:296
/www/wwwroot/jobportal.prus.dev/tests/Feature/DeepRelationshipTest.php:49</error>
        </testcase>
        <testcase name="it_requires_authentication_for_deep_relationship_endpoints" file="/www/wwwroot/jobportal.prus.dev/tests/Feature/DeepRelationshipTest.php" line="305" class="Tests\Feature\DeepRelationshipTest" classname="Tests.Feature.DeepRelationshipTest" assertions="0" time="0.000000">
          <error type="Illuminate\Database\QueryException">Tests\Feature\DeepRelationshipTest::it_requires_authentication_for_deep_relationship_endpoints
Illuminate\Database\QueryException: SQLSTATE[HY000]: General error: 1 table cities has no column named country_id (Connection: sqlite, SQL: insert into "cities" ("name", "state_id", "country_id", "updated_at", "created_at") values (Test City, 100, 6, 2025-08-09 11:04:41, 2025-08-09 11:04:41))

/www/wwwroot/jobportal.prus.dev/vendor/laravel/framework/src/Illuminate/Database/Connection.php:822
/www/wwwroot/jobportal.prus.dev/vendor/laravel/framework/src/Illuminate/Database/Connection.php:776
/www/wwwroot/jobportal.prus.dev/vendor/laravel/framework/src/Illuminate/Database/Connection.php:557
/www/wwwroot/jobportal.prus.dev/vendor/laravel/framework/src/Illuminate/Database/Connection.php:521
/www/wwwroot/jobportal.prus.dev/vendor/laravel/framework/src/Illuminate/Database/Query/Processors/Processor.php:32
/www/wwwroot/jobportal.prus.dev/vendor/laravel/framework/src/Illuminate/Database/Query/Builder.php:3796
/www/wwwroot/jobportal.prus.dev/vendor/laravel/framework/src/Illuminate/Database/Eloquent/Builder.php:2205
/www/wwwroot/jobportal.prus.dev/vendor/laravel/framework/src/Illuminate/Database/Eloquent/Model.php:1408
/www/wwwroot/jobportal.prus.dev/vendor/laravel/framework/src/Illuminate/Database/Eloquent/Model.php:1373
/www/wwwroot/jobportal.prus.dev/vendor/laravel/framework/src/Illuminate/Database/Eloquent/Model.php:1212
/www/wwwroot/jobportal.prus.dev/vendor/laravel/framework/src/Illuminate/Database/Eloquent/Factories/Factory.php:351
/www/wwwroot/jobportal.prus.dev/vendor/laravel/framework/src/Illuminate/Collections/Traits/EnumeratesValues.php:271
/www/wwwroot/jobportal.prus.dev/vendor/laravel/framework/src/Illuminate/Database/Eloquent/Factories/Factory.php:346
/www/wwwroot/jobportal.prus.dev/vendor/laravel/framework/src/Illuminate/Database/Eloquent/Factories/Factory.php:302
/www/wwwroot/jobportal.prus.dev/vendor/laravel/framework/src/Illuminate/Database/Eloquent/Factories/Factory.php:296
/www/wwwroot/jobportal.prus.dev/tests/Feature/DeepRelationshipTest.php:49</error>
        </testcase>
        <testcase name="it_requires_proper_role_for_employer_specific_endpoints" file="/www/wwwroot/jobportal.prus.dev/tests/Feature/DeepRelationshipTest.php" line="323" class="Tests\Feature\DeepRelationshipTest" classname="Tests.Feature.DeepRelationshipTest" assertions="0" time="0.000000">
          <error type="Illuminate\Database\QueryException">Tests\Feature\DeepRelationshipTest::it_requires_proper_role_for_employer_specific_endpoints
Illuminate\Database\QueryException: SQLSTATE[HY000]: General error: 1 table cities has no column named country_id (Connection: sqlite, SQL: insert into "cities" ("name", "state_id", "country_id", "updated_at", "created_at") values (Test City, 100, 6, 2025-08-09 11:04:42, 2025-08-09 11:04:42))

/www/wwwroot/jobportal.prus.dev/vendor/laravel/framework/src/Illuminate/Database/Connection.php:822
/www/wwwroot/jobportal.prus.dev/vendor/laravel/framework/src/Illuminate/Database/Connection.php:776
/www/wwwroot/jobportal.prus.dev/vendor/laravel/framework/src/Illuminate/Database/Connection.php:557
/www/wwwroot/jobportal.prus.dev/vendor/laravel/framework/src/Illuminate/Database/Connection.php:521
/www/wwwroot/jobportal.prus.dev/vendor/laravel/framework/src/Illuminate/Database/Query/Processors/Processor.php:32
/www/wwwroot/jobportal.prus.dev/vendor/laravel/framework/src/Illuminate/Database/Query/Builder.php:3796
/www/wwwroot/jobportal.prus.dev/vendor/laravel/framework/src/Illuminate/Database/Eloquent/Builder.php:2205
/www/wwwroot/jobportal.prus.dev/vendor/laravel/framework/src/Illuminate/Database/Eloquent/Model.php:1408
/www/wwwroot/jobportal.prus.dev/vendor/laravel/framework/src/Illuminate/Database/Eloquent/Model.php:1373
/www/wwwroot/jobportal.prus.dev/vendor/laravel/framework/src/Illuminate/Database/Eloquent/Model.php:1212
/www/wwwroot/jobportal.prus.dev/vendor/laravel/framework/src/Illuminate/Database/Eloquent/Factories/Factory.php:351
/www/wwwroot/jobportal.prus.dev/vendor/laravel/framework/src/Illuminate/Collections/Traits/EnumeratesValues.php:271
/www/wwwroot/jobportal.prus.dev/vendor/laravel/framework/src/Illuminate/Database/Eloquent/Factories/Factory.php:346
/www/wwwroot/jobportal.prus.dev/vendor/laravel/framework/src/Illuminate/Database/Eloquent/Factories/Factory.php:302
/www/wwwroot/jobportal.prus.dev/vendor/laravel/framework/src/Illuminate/Database/Eloquent/Factories/Factory.php:296
/www/wwwroot/jobportal.prus.dev/tests/Feature/DeepRelationshipTest.php:49</error>
        </testcase>
        <testcase name="it_requires_proper_role_for_candidate_specific_endpoints" file="/www/wwwroot/jobportal.prus.dev/tests/Feature/DeepRelationshipTest.php" line="336" class="Tests\Feature\DeepRelationshipTest" classname="Tests.Feature.DeepRelationshipTest" assertions="0" time="0.000000">
          <error type="Illuminate\Database\QueryException">Tests\Feature\DeepRelationshipTest::it_requires_proper_role_for_candidate_specific_endpoints
Illuminate\Database\QueryException: SQLSTATE[HY000]: General error: 1 table cities has no column named country_id (Connection: sqlite, SQL: insert into "cities" ("name", "state_id", "country_id", "updated_at", "created_at") values (Test City, 100, 6, 2025-08-09 11:04:43, 2025-08-09 11:04:43))

/www/wwwroot/jobportal.prus.dev/vendor/laravel/framework/src/Illuminate/Database/Connection.php:822
/www/wwwroot/jobportal.prus.dev/vendor/laravel/framework/src/Illuminate/Database/Connection.php:776
/www/wwwroot/jobportal.prus.dev/vendor/laravel/framework/src/Illuminate/Database/Connection.php:557
/www/wwwroot/jobportal.prus.dev/vendor/laravel/framework/src/Illuminate/Database/Connection.php:521
/www/wwwroot/jobportal.prus.dev/vendor/laravel/framework/src/Illuminate/Database/Query/Processors/Processor.php:32
/www/wwwroot/jobportal.prus.dev/vendor/laravel/framework/src/Illuminate/Database/Query/Builder.php:3796
/www/wwwroot/jobportal.prus.dev/vendor/laravel/framework/src/Illuminate/Database/Eloquent/Builder.php:2205
/www/wwwroot/jobportal.prus.dev/vendor/laravel/framework/src/Illuminate/Database/Eloquent/Model.php:1408
/www/wwwroot/jobportal.prus.dev/vendor/laravel/framework/src/Illuminate/Database/Eloquent/Model.php:1373
/www/wwwroot/jobportal.prus.dev/vendor/laravel/framework/src/Illuminate/Database/Eloquent/Model.php:1212
/www/wwwroot/jobportal.prus.dev/vendor/laravel/framework/src/Illuminate/Database/Eloquent/Factories/Factory.php:351
/www/wwwroot/jobportal.prus.dev/vendor/laravel/framework/src/Illuminate/Collections/Traits/EnumeratesValues.php:271
/www/wwwroot/jobportal.prus.dev/vendor/laravel/framework/src/Illuminate/Database/Eloquent/Factories/Factory.php:346
/www/wwwroot/jobportal.prus.dev/vendor/laravel/framework/src/Illuminate/Database/Eloquent/Factories/Factory.php:302
/www/wwwroot/jobportal.prus.dev/vendor/laravel/framework/src/Illuminate/Database/Eloquent/Factories/Factory.php:296
/www/wwwroot/jobportal.prus.dev/tests/Feature/DeepRelationshipTest.php:49</error>
        </testcase>
        <testcase name="deep_relationship_queries_perform_efficiently" file="/www/wwwroot/jobportal.prus.dev/tests/Feature/DeepRelationshipTest.php" line="349" class="Tests\Feature\DeepRelationshipTest" classname="Tests.Feature.DeepRelationshipTest" assertions="0" time="0.000000">
          <error type="Illuminate\Database\QueryException">Tests\Feature\DeepRelationshipTest::deep_relationship_queries_perform_efficiently
Illuminate\Database\QueryException: SQLSTATE[HY000]: General error: 1 table cities has no column named country_id (Connection: sqlite, SQL: insert into "cities" ("name", "state_id", "country_id", "updated_at", "created_at") values (Test City, 100, 6, 2025-08-09 11:04:43, 2025-08-09 11:04:43))

/www/wwwroot/jobportal.prus.dev/vendor/laravel/framework/src/Illuminate/Database/Connection.php:822
/www/wwwroot/jobportal.prus.dev/vendor/laravel/framework/src/Illuminate/Database/Connection.php:776
/www/wwwroot/jobportal.prus.dev/vendor/laravel/framework/src/Illuminate/Database/Connection.php:557
/www/wwwroot/jobportal.prus.dev/vendor/laravel/framework/src/Illuminate/Database/Connection.php:521
/www/wwwroot/jobportal.prus.dev/vendor/laravel/framework/src/Illuminate/Database/Query/Processors/Processor.php:32
/www/wwwroot/jobportal.prus.dev/vendor/laravel/framework/src/Illuminate/Database/Query/Builder.php:3796
/www/wwwroot/jobportal.prus.dev/vendor/laravel/framework/src/Illuminate/Database/Eloquent/Builder.php:2205
/www/wwwroot/jobportal.prus.dev/vendor/laravel/framework/src/Illuminate/Database/Eloquent/Model.php:1408
/www/wwwroot/jobportal.prus.dev/vendor/laravel/framework/src/Illuminate/Database/Eloquent/Model.php:1373
/www/wwwroot/jobportal.prus.dev/vendor/laravel/framework/src/Illuminate/Database/Eloquent/Model.php:1212
/www/wwwroot/jobportal.prus.dev/vendor/laravel/framework/src/Illuminate/Database/Eloquent/Factories/Factory.php:351
/www/wwwroot/jobportal.prus.dev/vendor/laravel/framework/src/Illuminate/Collections/Traits/EnumeratesValues.php:271
/www/wwwroot/jobportal.prus.dev/vendor/laravel/framework/src/Illuminate/Database/Eloquent/Factories/Factory.php:346
/www/wwwroot/jobportal.prus.dev/vendor/laravel/framework/src/Illuminate/Database/Eloquent/Factories/Factory.php:302
/www/wwwroot/jobportal.prus.dev/vendor/laravel/framework/src/Illuminate/Database/Eloquent/Factories/Factory.php:296
/www/wwwroot/jobportal.prus.dev/tests/Feature/DeepRelationshipTest.php:49</error>
        </testcase>
      </testsuite>
      <testsuite name="Tests\Feature\EmployerTest" file="/www/wwwroot/jobportal.prus.dev/tests/Feature/EmployerTest.php" tests="6" assertions="0" errors="6" failures="0" skipped="0" time="0.000000">
        <testcase name="employer_can_view_their_profile" file="/www/wwwroot/jobportal.prus.dev/tests/Feature/EmployerTest.php" line="42" class="Tests\Feature\EmployerTest" classname="Tests.Feature.EmployerTest" assertions="0" time="0.000000">
          <error type="Error">Tests\Feature\EmployerTest::employer_can_view_their_profile
Error: Class "App\Models\User" not found

/www/wwwroot/jobportal.prus.dev/tests/Feature/EmployerTest.php:30</error>
        </testcase>
        <testcase name="employer_can_update_their_profile" file="/www/wwwroot/jobportal.prus.dev/tests/Feature/EmployerTest.php" line="63" class="Tests\Feature\EmployerTest" classname="Tests.Feature.EmployerTest" assertions="0" time="0.000000">
          <error type="Error">Tests\Feature\EmployerTest::employer_can_update_their_profile
Error: Class "App\Models\User" not found

/www/wwwroot/jobportal.prus.dev/tests/Feature/EmployerTest.php:30</error>
        </testcase>
        <testcase name="employer_can_change_password" file="/www/wwwroot/jobportal.prus.dev/tests/Feature/EmployerTest.php" line="91" class="Tests\Feature\EmployerTest" classname="Tests.Feature.EmployerTest" assertions="0" time="0.000000">
          <error type="Error">Tests\Feature\EmployerTest::employer_can_change_password
Error: Class "App\Models\User" not found

/www/wwwroot/jobportal.prus.dev/tests/Feature/EmployerTest.php:30</error>
        </testcase>
        <testcase name="employer_cannot_change_password_with_incorrect_current_password" file="/www/wwwroot/jobportal.prus.dev/tests/Feature/EmployerTest.php" line="111" class="Tests\Feature\EmployerTest" classname="Tests.Feature.EmployerTest" assertions="0" time="0.000000">
          <error type="Error">Tests\Feature\EmployerTest::employer_cannot_change_password_with_incorrect_current_password
Error: Class "App\Models\User" not found

/www/wwwroot/jobportal.prus.dev/tests/Feature/EmployerTest.php:30</error>
        </testcase>
        <testcase name="employer_cannot_change_password_with_non_matching_confirmation" file="/www/wwwroot/jobportal.prus.dev/tests/Feature/EmployerTest.php" line="132" class="Tests\Feature\EmployerTest" classname="Tests.Feature.EmployerTest" assertions="0" time="0.000000">
          <error type="Error">Tests\Feature\EmployerTest::employer_cannot_change_password_with_non_matching_confirmation
Error: Class "App\Models\User" not found

/www/wwwroot/jobportal.prus.dev/tests/Feature/EmployerTest.php:30</error>
        </testcase>
        <testcase name="non_employer_cannot_access_employer_profile_endpoints" file="/www/wwwroot/jobportal.prus.dev/tests/Feature/EmployerTest.php" line="153" class="Tests\Feature\EmployerTest" classname="Tests.Feature.EmployerTest" assertions="0" time="0.000000">
          <error type="Error">Tests\Feature\EmployerTest::non_employer_cannot_access_employer_profile_endpoints
Error: Class "App\Models\User" not found

/www/wwwroot/jobportal.prus.dev/tests/Feature/EmployerTest.php:30</error>
        </testcase>
      </testsuite>
      <testsuite name="Tests\Feature\Enhanced\CompanyManagementTest" file="/www/wwwroot/jobportal.prus.dev/tests/Feature/Enhanced/CompanyManagementTest.php" tests="23" assertions="0" errors="23" failures="0" skipped="0" time="0.000000">
        <testcase name="admin_can_view_companies_index" file="/www/wwwroot/jobportal.prus.dev/tests/Feature/Enhanced/CompanyManagementTest.php" line="50" class="Tests\Feature\Enhanced\CompanyManagementTest" classname="Tests.Feature.Enhanced.CompanyManagementTest" assertions="0" time="0.000000">
          <error type="Illuminate\Database\UniqueConstraintViolationException">Tests\Feature\Enhanced\CompanyManagementTest::admin_can_view_companies_index
Illuminate\Database\UniqueConstraintViolationException: SQLSTATE[23000]: Integrity constraint violation: 19 UNIQUE constraint failed: industries.id (Connection: sqlite, SQL: insert into "industries" ("name", "description", "is_default", "id", "updated_at", "created_at") values (Technology, Sit labore quasi labore debitis deserunt dolore. Exercitationem molestiae atque quod voluptas placeat. Vitae qui eius eaque tempora ratione., 0, 1, 2025-08-09 11:04:47, 2025-08-09 11:04:47))

/www/wwwroot/jobportal.prus.dev/vendor/laravel/framework/src/Illuminate/Database/Connection.php:817
/www/wwwroot/jobportal.prus.dev/vendor/laravel/framework/src/Illuminate/Database/Connection.php:776
/www/wwwroot/jobportal.prus.dev/vendor/laravel/framework/src/Illuminate/Database/Connection.php:557
/www/wwwroot/jobportal.prus.dev/vendor/laravel/framework/src/Illuminate/Database/Connection.php:521
/www/wwwroot/jobportal.prus.dev/vendor/laravel/framework/src/Illuminate/Database/Query/Processors/Processor.php:32
/www/wwwroot/jobportal.prus.dev/vendor/laravel/framework/src/Illuminate/Database/Query/Builder.php:3796
/www/wwwroot/jobportal.prus.dev/vendor/laravel/framework/src/Illuminate/Database/Eloquent/Builder.php:2205
/www/wwwroot/jobportal.prus.dev/vendor/laravel/framework/src/Illuminate/Database/Eloquent/Model.php:1408
/www/wwwroot/jobportal.prus.dev/vendor/laravel/framework/src/Illuminate/Database/Eloquent/Model.php:1373
/www/wwwroot/jobportal.prus.dev/vendor/laravel/framework/src/Illuminate/Database/Eloquent/Model.php:1212
/www/wwwroot/jobportal.prus.dev/vendor/laravel/framework/src/Illuminate/Database/Eloquent/Factories/Factory.php:351
/www/wwwroot/jobportal.prus.dev/vendor/laravel/framework/src/Illuminate/Collections/Traits/EnumeratesValues.php:271
/www/wwwroot/jobportal.prus.dev/vendor/laravel/framework/src/Illuminate/Database/Eloquent/Factories/Factory.php:346
/www/wwwroot/jobportal.prus.dev/vendor/laravel/framework/src/Illuminate/Database/Eloquent/Factories/Factory.php:302
/www/wwwroot/jobportal.prus.dev/vendor/laravel/framework/src/Illuminate/Database/Eloquent/Factories/Factory.php:296
/www/wwwroot/jobportal.prus.dev/tests/Feature/Enhanced/CompanyManagementTest.php:40</error>
        </testcase>
        <testcase name="employer_can_create_company_with_valid_data" file="/www/wwwroot/jobportal.prus.dev/tests/Feature/Enhanced/CompanyManagementTest.php" line="65" class="Tests\Feature\Enhanced\CompanyManagementTest" classname="Tests.Feature.Enhanced.CompanyManagementTest" assertions="0" time="0.000000">
          <error type="Illuminate\Database\UniqueConstraintViolationException">Tests\Feature\Enhanced\CompanyManagementTest::employer_can_create_company_with_valid_data
Illuminate\Database\UniqueConstraintViolationException: SQLSTATE[23000]: Integrity constraint violation: 19 UNIQUE constraint failed: industries.id (Connection: sqlite, SQL: insert into "industries" ("name", "description", "is_default", "id", "updated_at", "created_at") values (Technology, Sit laborum dolores dolorum molestiae unde rem vitae. Aliquid beatae voluptate voluptates ea excepturi unde. Dolores sit sint ipsam harum. Rerum officiis fuga repellendus nam ut., 0, 1, 2025-08-09 11:04:47, 2025-08-09 11:04:47))

/www/wwwroot/jobportal.prus.dev/vendor/laravel/framework/src/Illuminate/Database/Connection.php:817
/www/wwwroot/jobportal.prus.dev/vendor/laravel/framework/src/Illuminate/Database/Connection.php:776
/www/wwwroot/jobportal.prus.dev/vendor/laravel/framework/src/Illuminate/Database/Connection.php:557
/www/wwwroot/jobportal.prus.dev/vendor/laravel/framework/src/Illuminate/Database/Connection.php:521
/www/wwwroot/jobportal.prus.dev/vendor/laravel/framework/src/Illuminate/Database/Query/Processors/Processor.php:32
/www/wwwroot/jobportal.prus.dev/vendor/laravel/framework/src/Illuminate/Database/Query/Builder.php:3796
/www/wwwroot/jobportal.prus.dev/vendor/laravel/framework/src/Illuminate/Database/Eloquent/Builder.php:2205
/www/wwwroot/jobportal.prus.dev/vendor/laravel/framework/src/Illuminate/Database/Eloquent/Model.php:1408
/www/wwwroot/jobportal.prus.dev/vendor/laravel/framework/src/Illuminate/Database/Eloquent/Model.php:1373
/www/wwwroot/jobportal.prus.dev/vendor/laravel/framework/src/Illuminate/Database/Eloquent/Model.php:1212
/www/wwwroot/jobportal.prus.dev/vendor/laravel/framework/src/Illuminate/Database/Eloquent/Factories/Factory.php:351
/www/wwwroot/jobportal.prus.dev/vendor/laravel/framework/src/Illuminate/Collections/Traits/EnumeratesValues.php:271
/www/wwwroot/jobportal.prus.dev/vendor/laravel/framework/src/Illuminate/Database/Eloquent/Factories/Factory.php:346
/www/wwwroot/jobportal.prus.dev/vendor/laravel/framework/src/Illuminate/Database/Eloquent/Factories/Factory.php:302
/www/wwwroot/jobportal.prus.dev/vendor/laravel/framework/src/Illuminate/Database/Eloquent/Factories/Factory.php:296
/www/wwwroot/jobportal.prus.dev/tests/Feature/Enhanced/CompanyManagementTest.php:40</error>
        </testcase>
        <testcase name="employer_can_create_company_with_logo" file="/www/wwwroot/jobportal.prus.dev/tests/Feature/Enhanced/CompanyManagementTest.php" line="106" class="Tests\Feature\Enhanced\CompanyManagementTest" classname="Tests.Feature.Enhanced.CompanyManagementTest" assertions="0" time="0.000000">
          <error type="Illuminate\Database\UniqueConstraintViolationException">Tests\Feature\Enhanced\CompanyManagementTest::employer_can_create_company_with_logo
Illuminate\Database\UniqueConstraintViolationException: SQLSTATE[23000]: Integrity constraint violation: 19 UNIQUE constraint failed: industries.id (Connection: sqlite, SQL: insert into "industries" ("name", "description", "is_default", "id", "updated_at", "created_at") values (Technology, Amet libero vero sequi esse sit voluptatibus. Quas ut natus inventore quisquam nesciunt qui., 0, 1, 2025-08-09 11:04:48, 2025-08-09 11:04:48))

/www/wwwroot/jobportal.prus.dev/vendor/laravel/framework/src/Illuminate/Database/Connection.php:817
/www/wwwroot/jobportal.prus.dev/vendor/laravel/framework/src/Illuminate/Database/Connection.php:776
/www/wwwroot/jobportal.prus.dev/vendor/laravel/framework/src/Illuminate/Database/Connection.php:557
/www/wwwroot/jobportal.prus.dev/vendor/laravel/framework/src/Illuminate/Database/Connection.php:521
/www/wwwroot/jobportal.prus.dev/vendor/laravel/framework/src/Illuminate/Database/Query/Processors/Processor.php:32
/www/wwwroot/jobportal.prus.dev/vendor/laravel/framework/src/Illuminate/Database/Query/Builder.php:3796
/www/wwwroot/jobportal.prus.dev/vendor/laravel/framework/src/Illuminate/Database/Eloquent/Builder.php:2205
/www/wwwroot/jobportal.prus.dev/vendor/laravel/framework/src/Illuminate/Database/Eloquent/Model.php:1408
/www/wwwroot/jobportal.prus.dev/vendor/laravel/framework/src/Illuminate/Database/Eloquent/Model.php:1373
/www/wwwroot/jobportal.prus.dev/vendor/laravel/framework/src/Illuminate/Database/Eloquent/Model.php:1212
/www/wwwroot/jobportal.prus.dev/vendor/laravel/framework/src/Illuminate/Database/Eloquent/Factories/Factory.php:351
/www/wwwroot/jobportal.prus.dev/vendor/laravel/framework/src/Illuminate/Collections/Traits/EnumeratesValues.php:271
/www/wwwroot/jobportal.prus.dev/vendor/laravel/framework/src/Illuminate/Database/Eloquent/Factories/Factory.php:346
/www/wwwroot/jobportal.prus.dev/vendor/laravel/framework/src/Illuminate/Database/Eloquent/Factories/Factory.php:302
/www/wwwroot/jobportal.prus.dev/vendor/laravel/framework/src/Illuminate/Database/Eloquent/Factories/Factory.php:296
/www/wwwroot/jobportal.prus.dev/tests/Feature/Enhanced/CompanyManagementTest.php:40</error>
        </testcase>
        <testcase name="employer_cannot_create_second_company" file="/www/wwwroot/jobportal.prus.dev/tests/Feature/Enhanced/CompanyManagementTest.php" line="141" class="Tests\Feature\Enhanced\CompanyManagementTest" classname="Tests.Feature.Enhanced.CompanyManagementTest" assertions="0" time="0.000000">
          <error type="Illuminate\Database\UniqueConstraintViolationException">Tests\Feature\Enhanced\CompanyManagementTest::employer_cannot_create_second_company
Illuminate\Database\UniqueConstraintViolationException: SQLSTATE[23000]: Integrity constraint violation: 19 UNIQUE constraint failed: industries.id (Connection: sqlite, SQL: insert into "industries" ("name", "description", "is_default", "id", "updated_at", "created_at") values (Technology, Rerum excepturi ut non rerum sit. Consequuntur voluptas vel corrupti. Repellat autem aut vel natus nostrum praesentium dolor culpa., 0, 1, 2025-08-09 11:04:48, 2025-08-09 11:04:48))

/www/wwwroot/jobportal.prus.dev/vendor/laravel/framework/src/Illuminate/Database/Connection.php:817
/www/wwwroot/jobportal.prus.dev/vendor/laravel/framework/src/Illuminate/Database/Connection.php:776
/www/wwwroot/jobportal.prus.dev/vendor/laravel/framework/src/Illuminate/Database/Connection.php:557
/www/wwwroot/jobportal.prus.dev/vendor/laravel/framework/src/Illuminate/Database/Connection.php:521
/www/wwwroot/jobportal.prus.dev/vendor/laravel/framework/src/Illuminate/Database/Query/Processors/Processor.php:32
/www/wwwroot/jobportal.prus.dev/vendor/laravel/framework/src/Illuminate/Database/Query/Builder.php:3796
/www/wwwroot/jobportal.prus.dev/vendor/laravel/framework/src/Illuminate/Database/Eloquent/Builder.php:2205
/www/wwwroot/jobportal.prus.dev/vendor/laravel/framework/src/Illuminate/Database/Eloquent/Model.php:1408
/www/wwwroot/jobportal.prus.dev/vendor/laravel/framework/src/Illuminate/Database/Eloquent/Model.php:1373
/www/wwwroot/jobportal.prus.dev/vendor/laravel/framework/src/Illuminate/Database/Eloquent/Model.php:1212
/www/wwwroot/jobportal.prus.dev/vendor/laravel/framework/src/Illuminate/Database/Eloquent/Factories/Factory.php:351
/www/wwwroot/jobportal.prus.dev/vendor/laravel/framework/src/Illuminate/Collections/Traits/EnumeratesValues.php:271
/www/wwwroot/jobportal.prus.dev/vendor/laravel/framework/src/Illuminate/Database/Eloquent/Factories/Factory.php:346
/www/wwwroot/jobportal.prus.dev/vendor/laravel/framework/src/Illuminate/Database/Eloquent/Factories/Factory.php:302
/www/wwwroot/jobportal.prus.dev/vendor/laravel/framework/src/Illuminate/Database/Eloquent/Factories/Factory.php:296
/www/wwwroot/jobportal.prus.dev/tests/Feature/Enhanced/CompanyManagementTest.php:40</error>
        </testcase>
        <testcase name="candidate_cannot_create_company" file="/www/wwwroot/jobportal.prus.dev/tests/Feature/Enhanced/CompanyManagementTest.php" line="168" class="Tests\Feature\Enhanced\CompanyManagementTest" classname="Tests.Feature.Enhanced.CompanyManagementTest" assertions="0" time="0.000000">
          <error type="Illuminate\Database\UniqueConstraintViolationException">Tests\Feature\Enhanced\CompanyManagementTest::candidate_cannot_create_company
Illuminate\Database\UniqueConstraintViolationException: SQLSTATE[23000]: Integrity constraint violation: 19 UNIQUE constraint failed: industries.id (Connection: sqlite, SQL: insert into "industries" ("name", "description", "is_default", "id", "updated_at", "created_at") values (Technology, Magni hic aut eligendi eos ab debitis rerum quae. Sit error voluptatem provident veniam omnis. Harum ab aliquam ut voluptas labore. Ut quasi aperiam aperiam modi provident est repudiandae. Ducimus modi fuga inventore., 0, 1, 2025-08-09 11:04:49, 2025-08-09 11:04:49))

/www/wwwroot/jobportal.prus.dev/vendor/laravel/framework/src/Illuminate/Database/Connection.php:817
/www/wwwroot/jobportal.prus.dev/vendor/laravel/framework/src/Illuminate/Database/Connection.php:776
/www/wwwroot/jobportal.prus.dev/vendor/laravel/framework/src/Illuminate/Database/Connection.php:557
/www/wwwroot/jobportal.prus.dev/vendor/laravel/framework/src/Illuminate/Database/Connection.php:521
/www/wwwroot/jobportal.prus.dev/vendor/laravel/framework/src/Illuminate/Database/Query/Processors/Processor.php:32
/www/wwwroot/jobportal.prus.dev/vendor/laravel/framework/src/Illuminate/Database/Query/Builder.php:3796
/www/wwwroot/jobportal.prus.dev/vendor/laravel/framework/src/Illuminate/Database/Eloquent/Builder.php:2205
/www/wwwroot/jobportal.prus.dev/vendor/laravel/framework/src/Illuminate/Database/Eloquent/Model.php:1408
/www/wwwroot/jobportal.prus.dev/vendor/laravel/framework/src/Illuminate/Database/Eloquent/Model.php:1373
/www/wwwroot/jobportal.prus.dev/vendor/laravel/framework/src/Illuminate/Database/Eloquent/Model.php:1212
/www/wwwroot/jobportal.prus.dev/vendor/laravel/framework/src/Illuminate/Database/Eloquent/Factories/Factory.php:351
/www/wwwroot/jobportal.prus.dev/vendor/laravel/framework/src/Illuminate/Collections/Traits/EnumeratesValues.php:271
/www/wwwroot/jobportal.prus.dev/vendor/laravel/framework/src/Illuminate/Database/Eloquent/Factories/Factory.php:346
/www/wwwroot/jobportal.prus.dev/vendor/laravel/framework/src/Illuminate/Database/Eloquent/Factories/Factory.php:302
/www/wwwroot/jobportal.prus.dev/vendor/laravel/framework/src/Illuminate/Database/Eloquent/Factories/Factory.php:296
/www/wwwroot/jobportal.prus.dev/tests/Feature/Enhanced/CompanyManagementTest.php:40</error>
        </testcase>
        <testcase name="company_creation_validates_required_fields" file="/www/wwwroot/jobportal.prus.dev/tests/Feature/Enhanced/CompanyManagementTest.php" line="191" class="Tests\Feature\Enhanced\CompanyManagementTest" classname="Tests.Feature.Enhanced.CompanyManagementTest" assertions="0" time="0.000000">
          <error type="Illuminate\Database\UniqueConstraintViolationException">Tests\Feature\Enhanced\CompanyManagementTest::company_creation_validates_required_fields
Illuminate\Database\UniqueConstraintViolationException: SQLSTATE[23000]: Integrity constraint violation: 19 UNIQUE constraint failed: industries.id (Connection: sqlite, SQL: insert into "industries" ("name", "description", "is_default", "id", "updated_at", "created_at") values (Technology, Fugiat sunt dolor ab explicabo. Omnis molestias dignissimos nostrum iure. Ducimus tempora beatae quas quis., 0, 1, 2025-08-09 11:04:49, 2025-08-09 11:04:49))

/www/wwwroot/jobportal.prus.dev/vendor/laravel/framework/src/Illuminate/Database/Connection.php:817
/www/wwwroot/jobportal.prus.dev/vendor/laravel/framework/src/Illuminate/Database/Connection.php:776
/www/wwwroot/jobportal.prus.dev/vendor/laravel/framework/src/Illuminate/Database/Connection.php:557
/www/wwwroot/jobportal.prus.dev/vendor/laravel/framework/src/Illuminate/Database/Connection.php:521
/www/wwwroot/jobportal.prus.dev/vendor/laravel/framework/src/Illuminate/Database/Query/Processors/Processor.php:32
/www/wwwroot/jobportal.prus.dev/vendor/laravel/framework/src/Illuminate/Database/Query/Builder.php:3796
/www/wwwroot/jobportal.prus.dev/vendor/laravel/framework/src/Illuminate/Database/Eloquent/Builder.php:2205
/www/wwwroot/jobportal.prus.dev/vendor/laravel/framework/src/Illuminate/Database/Eloquent/Model.php:1408
/www/wwwroot/jobportal.prus.dev/vendor/laravel/framework/src/Illuminate/Database/Eloquent/Model.php:1373
/www/wwwroot/jobportal.prus.dev/vendor/laravel/framework/src/Illuminate/Database/Eloquent/Model.php:1212
/www/wwwroot/jobportal.prus.dev/vendor/laravel/framework/src/Illuminate/Database/Eloquent/Factories/Factory.php:351
/www/wwwroot/jobportal.prus.dev/vendor/laravel/framework/src/Illuminate/Collections/Traits/EnumeratesValues.php:271
/www/wwwroot/jobportal.prus.dev/vendor/laravel/framework/src/Illuminate/Database/Eloquent/Factories/Factory.php:346
/www/wwwroot/jobportal.prus.dev/vendor/laravel/framework/src/Illuminate/Database/Eloquent/Factories/Factory.php:302
/www/wwwroot/jobportal.prus.dev/vendor/laravel/framework/src/Illuminate/Database/Eloquent/Factories/Factory.php:296
/www/wwwroot/jobportal.prus.dev/tests/Feature/Enhanced/CompanyManagementTest.php:40</error>
        </testcase>
        <testcase name="company_creation_validates_unique_name" file="/www/wwwroot/jobportal.prus.dev/tests/Feature/Enhanced/CompanyManagementTest.php" line="206" class="Tests\Feature\Enhanced\CompanyManagementTest" classname="Tests.Feature.Enhanced.CompanyManagementTest" assertions="0" time="0.000000">
          <error type="Illuminate\Database\UniqueConstraintViolationException">Tests\Feature\Enhanced\CompanyManagementTest::company_creation_validates_unique_name
Illuminate\Database\UniqueConstraintViolationException: SQLSTATE[23000]: Integrity constraint violation: 19 UNIQUE constraint failed: industries.id (Connection: sqlite, SQL: insert into "industries" ("name", "description", "is_default", "id", "updated_at", "created_at") values (Technology, Beatae tempora qui reiciendis soluta vitae quis. Itaque temporibus aliquam nostrum. Animi distinctio natus accusamus., 0, 1, 2025-08-09 11:04:50, 2025-08-09 11:04:50))

/www/wwwroot/jobportal.prus.dev/vendor/laravel/framework/src/Illuminate/Database/Connection.php:817
/www/wwwroot/jobportal.prus.dev/vendor/laravel/framework/src/Illuminate/Database/Connection.php:776
/www/wwwroot/jobportal.prus.dev/vendor/laravel/framework/src/Illuminate/Database/Connection.php:557
/www/wwwroot/jobportal.prus.dev/vendor/laravel/framework/src/Illuminate/Database/Connection.php:521
/www/wwwroot/jobportal.prus.dev/vendor/laravel/framework/src/Illuminate/Database/Query/Processors/Processor.php:32
/www/wwwroot/jobportal.prus.dev/vendor/laravel/framework/src/Illuminate/Database/Query/Builder.php:3796
/www/wwwroot/jobportal.prus.dev/vendor/laravel/framework/src/Illuminate/Database/Eloquent/Builder.php:2205
/www/wwwroot/jobportal.prus.dev/vendor/laravel/framework/src/Illuminate/Database/Eloquent/Model.php:1408
/www/wwwroot/jobportal.prus.dev/vendor/laravel/framework/src/Illuminate/Database/Eloquent/Model.php:1373
/www/wwwroot/jobportal.prus.dev/vendor/laravel/framework/src/Illuminate/Database/Eloquent/Model.php:1212
/www/wwwroot/jobportal.prus.dev/vendor/laravel/framework/src/Illuminate/Database/Eloquent/Factories/Factory.php:351
/www/wwwroot/jobportal.prus.dev/vendor/laravel/framework/src/Illuminate/Collections/Traits/EnumeratesValues.php:271
/www/wwwroot/jobportal.prus.dev/vendor/laravel/framework/src/Illuminate/Database/Eloquent/Factories/Factory.php:346
/www/wwwroot/jobportal.prus.dev/vendor/laravel/framework/src/Illuminate/Database/Eloquent/Factories/Factory.php:302
/www/wwwroot/jobportal.prus.dev/vendor/laravel/framework/src/Illuminate/Database/Eloquent/Factories/Factory.php:296
/www/wwwroot/jobportal.prus.dev/tests/Feature/Enhanced/CompanyManagementTest.php:40</error>
        </testcase>
        <testcase name="company_creation_validates_establishment_year" file="/www/wwwroot/jobportal.prus.dev/tests/Feature/Enhanced/CompanyManagementTest.php" line="232" class="Tests\Feature\Enhanced\CompanyManagementTest" classname="Tests.Feature.Enhanced.CompanyManagementTest" assertions="0" time="0.000000">
          <error type="Illuminate\Database\UniqueConstraintViolationException">Tests\Feature\Enhanced\CompanyManagementTest::company_creation_validates_establishment_year
Illuminate\Database\UniqueConstraintViolationException: SQLSTATE[23000]: Integrity constraint violation: 19 UNIQUE constraint failed: industries.id (Connection: sqlite, SQL: insert into "industries" ("name", "description", "is_default", "id", "updated_at", "created_at") values (Technology, Totam aut eos voluptas dolorum magnam est. Minus illum deleniti et est vel ut nemo suscipit. Voluptas est dolor voluptate repellat., 0, 1, 2025-08-09 11:04:51, 2025-08-09 11:04:51))

/www/wwwroot/jobportal.prus.dev/vendor/laravel/framework/src/Illuminate/Database/Connection.php:817
/www/wwwroot/jobportal.prus.dev/vendor/laravel/framework/src/Illuminate/Database/Connection.php:776
/www/wwwroot/jobportal.prus.dev/vendor/laravel/framework/src/Illuminate/Database/Connection.php:557
/www/wwwroot/jobportal.prus.dev/vendor/laravel/framework/src/Illuminate/Database/Connection.php:521
/www/wwwroot/jobportal.prus.dev/vendor/laravel/framework/src/Illuminate/Database/Query/Processors/Processor.php:32
/www/wwwroot/jobportal.prus.dev/vendor/laravel/framework/src/Illuminate/Database/Query/Builder.php:3796
/www/wwwroot/jobportal.prus.dev/vendor/laravel/framework/src/Illuminate/Database/Eloquent/Builder.php:2205
/www/wwwroot/jobportal.prus.dev/vendor/laravel/framework/src/Illuminate/Database/Eloquent/Model.php:1408
/www/wwwroot/jobportal.prus.dev/vendor/laravel/framework/src/Illuminate/Database/Eloquent/Model.php:1373
/www/wwwroot/jobportal.prus.dev/vendor/laravel/framework/src/Illuminate/Database/Eloquent/Model.php:1212
/www/wwwroot/jobportal.prus.dev/vendor/laravel/framework/src/Illuminate/Database/Eloquent/Factories/Factory.php:351
/www/wwwroot/jobportal.prus.dev/vendor/laravel/framework/src/Illuminate/Collections/Traits/EnumeratesValues.php:271
/www/wwwroot/jobportal.prus.dev/vendor/laravel/framework/src/Illuminate/Database/Eloquent/Factories/Factory.php:346
/www/wwwroot/jobportal.prus.dev/vendor/laravel/framework/src/Illuminate/Database/Eloquent/Factories/Factory.php:302
/www/wwwroot/jobportal.prus.dev/vendor/laravel/framework/src/Illuminate/Database/Eloquent/Factories/Factory.php:296
/www/wwwroot/jobportal.prus.dev/tests/Feature/Enhanced/CompanyManagementTest.php:40</error>
        </testcase>
        <testcase name="company_creation_validates_logo_file" file="/www/wwwroot/jobportal.prus.dev/tests/Feature/Enhanced/CompanyManagementTest.php" line="256" class="Tests\Feature\Enhanced\CompanyManagementTest" classname="Tests.Feature.Enhanced.CompanyManagementTest" assertions="0" time="0.000000">
          <error type="Illuminate\Database\UniqueConstraintViolationException">Tests\Feature\Enhanced\CompanyManagementTest::company_creation_validates_logo_file
Illuminate\Database\UniqueConstraintViolationException: SQLSTATE[23000]: Integrity constraint violation: 19 UNIQUE constraint failed: industries.id (Connection: sqlite, SQL: insert into "industries" ("name", "description", "is_default", "id", "updated_at", "created_at") values (Technology, Minus ut molestias rerum non. Maxime esse autem beatae aliquam doloremque deserunt accusantium. Corrupti soluta sit ut sapiente consequuntur., 0, 1, 2025-08-09 11:04:51, 2025-08-09 11:04:51))

/www/wwwroot/jobportal.prus.dev/vendor/laravel/framework/src/Illuminate/Database/Connection.php:817
/www/wwwroot/jobportal.prus.dev/vendor/laravel/framework/src/Illuminate/Database/Connection.php:776
/www/wwwroot/jobportal.prus.dev/vendor/laravel/framework/src/Illuminate/Database/Connection.php:557
/www/wwwroot/jobportal.prus.dev/vendor/laravel/framework/src/Illuminate/Database/Connection.php:521
/www/wwwroot/jobportal.prus.dev/vendor/laravel/framework/src/Illuminate/Database/Query/Processors/Processor.php:32
/www/wwwroot/jobportal.prus.dev/vendor/laravel/framework/src/Illuminate/Database/Query/Builder.php:3796
/www/wwwroot/jobportal.prus.dev/vendor/laravel/framework/src/Illuminate/Database/Eloquent/Builder.php:2205
/www/wwwroot/jobportal.prus.dev/vendor/laravel/framework/src/Illuminate/Database/Eloquent/Model.php:1408
/www/wwwroot/jobportal.prus.dev/vendor/laravel/framework/src/Illuminate/Database/Eloquent/Model.php:1373
/www/wwwroot/jobportal.prus.dev/vendor/laravel/framework/src/Illuminate/Database/Eloquent/Model.php:1212
/www/wwwroot/jobportal.prus.dev/vendor/laravel/framework/src/Illuminate/Database/Eloquent/Factories/Factory.php:351
/www/wwwroot/jobportal.prus.dev/vendor/laravel/framework/src/Illuminate/Collections/Traits/EnumeratesValues.php:271
/www/wwwroot/jobportal.prus.dev/vendor/laravel/framework/src/Illuminate/Database/Eloquent/Factories/Factory.php:346
/www/wwwroot/jobportal.prus.dev/vendor/laravel/framework/src/Illuminate/Database/Eloquent/Factories/Factory.php:302
/www/wwwroot/jobportal.prus.dev/vendor/laravel/framework/src/Illuminate/Database/Eloquent/Factories/Factory.php:296
/www/wwwroot/jobportal.prus.dev/tests/Feature/Enhanced/CompanyManagementTest.php:40</error>
        </testcase>
        <testcase name="employer_can_update_own_company" file="/www/wwwroot/jobportal.prus.dev/tests/Feature/Enhanced/CompanyManagementTest.php" line="283" class="Tests\Feature\Enhanced\CompanyManagementTest" classname="Tests.Feature.Enhanced.CompanyManagementTest" assertions="0" time="0.000000">
          <error type="Illuminate\Database\UniqueConstraintViolationException">Tests\Feature\Enhanced\CompanyManagementTest::employer_can_update_own_company
Illuminate\Database\UniqueConstraintViolationException: SQLSTATE[23000]: Integrity constraint violation: 19 UNIQUE constraint failed: industries.id (Connection: sqlite, SQL: insert into "industries" ("name", "description", "is_default", "id", "updated_at", "created_at") values (Technology, Ab est maxime cupiditate dolore vel. Quaerat omnis fuga neque nulla ut repellat dolor. Quam soluta nulla dolore est sit., 0, 1, 2025-08-09 11:04:52, 2025-08-09 11:04:52))

/www/wwwroot/jobportal.prus.dev/vendor/laravel/framework/src/Illuminate/Database/Connection.php:817
/www/wwwroot/jobportal.prus.dev/vendor/laravel/framework/src/Illuminate/Database/Connection.php:776
/www/wwwroot/jobportal.prus.dev/vendor/laravel/framework/src/Illuminate/Database/Connection.php:557
/www/wwwroot/jobportal.prus.dev/vendor/laravel/framework/src/Illuminate/Database/Connection.php:521
/www/wwwroot/jobportal.prus.dev/vendor/laravel/framework/src/Illuminate/Database/Query/Processors/Processor.php:32
/www/wwwroot/jobportal.prus.dev/vendor/laravel/framework/src/Illuminate/Database/Query/Builder.php:3796
/www/wwwroot/jobportal.prus.dev/vendor/laravel/framework/src/Illuminate/Database/Eloquent/Builder.php:2205
/www/wwwroot/jobportal.prus.dev/vendor/laravel/framework/src/Illuminate/Database/Eloquent/Model.php:1408
/www/wwwroot/jobportal.prus.dev/vendor/laravel/framework/src/Illuminate/Database/Eloquent/Model.php:1373
/www/wwwroot/jobportal.prus.dev/vendor/laravel/framework/src/Illuminate/Database/Eloquent/Model.php:1212
/www/wwwroot/jobportal.prus.dev/vendor/laravel/framework/src/Illuminate/Database/Eloquent/Factories/Factory.php:351
/www/wwwroot/jobportal.prus.dev/vendor/laravel/framework/src/Illuminate/Collections/Traits/EnumeratesValues.php:271
/www/wwwroot/jobportal.prus.dev/vendor/laravel/framework/src/Illuminate/Database/Eloquent/Factories/Factory.php:346
/www/wwwroot/jobportal.prus.dev/vendor/laravel/framework/src/Illuminate/Database/Eloquent/Factories/Factory.php:302
/www/wwwroot/jobportal.prus.dev/vendor/laravel/framework/src/Illuminate/Database/Eloquent/Factories/Factory.php:296
/www/wwwroot/jobportal.prus.dev/tests/Feature/Enhanced/CompanyManagementTest.php:40</error>
        </testcase>
        <testcase name="employer_cannot_update_other_company" file="/www/wwwroot/jobportal.prus.dev/tests/Feature/Enhanced/CompanyManagementTest.php" line="317" class="Tests\Feature\Enhanced\CompanyManagementTest" classname="Tests.Feature.Enhanced.CompanyManagementTest" assertions="0" time="0.000000">
          <error type="Illuminate\Database\UniqueConstraintViolationException">Tests\Feature\Enhanced\CompanyManagementTest::employer_cannot_update_other_company
Illuminate\Database\UniqueConstraintViolationException: SQLSTATE[23000]: Integrity constraint violation: 19 UNIQUE constraint failed: industries.id (Connection: sqlite, SQL: insert into "industries" ("name", "description", "is_default", "id", "updated_at", "created_at") values (Technology, Odio eos hic voluptate. Rerum omnis ut id dolor accusantium enim delectus. Eum sapiente et natus occaecati eos aut., 0, 1, 2025-08-09 11:04:53, 2025-08-09 11:04:53))

/www/wwwroot/jobportal.prus.dev/vendor/laravel/framework/src/Illuminate/Database/Connection.php:817
/www/wwwroot/jobportal.prus.dev/vendor/laravel/framework/src/Illuminate/Database/Connection.php:776
/www/wwwroot/jobportal.prus.dev/vendor/laravel/framework/src/Illuminate/Database/Connection.php:557
/www/wwwroot/jobportal.prus.dev/vendor/laravel/framework/src/Illuminate/Database/Connection.php:521
/www/wwwroot/jobportal.prus.dev/vendor/laravel/framework/src/Illuminate/Database/Query/Processors/Processor.php:32
/www/wwwroot/jobportal.prus.dev/vendor/laravel/framework/src/Illuminate/Database/Query/Builder.php:3796
/www/wwwroot/jobportal.prus.dev/vendor/laravel/framework/src/Illuminate/Database/Eloquent/Builder.php:2205
/www/wwwroot/jobportal.prus.dev/vendor/laravel/framework/src/Illuminate/Database/Eloquent/Model.php:1408
/www/wwwroot/jobportal.prus.dev/vendor/laravel/framework/src/Illuminate/Database/Eloquent/Model.php:1373
/www/wwwroot/jobportal.prus.dev/vendor/laravel/framework/src/Illuminate/Database/Eloquent/Model.php:1212
/www/wwwroot/jobportal.prus.dev/vendor/laravel/framework/src/Illuminate/Database/Eloquent/Factories/Factory.php:351
/www/wwwroot/jobportal.prus.dev/vendor/laravel/framework/src/Illuminate/Collections/Traits/EnumeratesValues.php:271
/www/wwwroot/jobportal.prus.dev/vendor/laravel/framework/src/Illuminate/Database/Eloquent/Factories/Factory.php:346
/www/wwwroot/jobportal.prus.dev/vendor/laravel/framework/src/Illuminate/Database/Eloquent/Factories/Factory.php:302
/www/wwwroot/jobportal.prus.dev/vendor/laravel/framework/src/Illuminate/Database/Eloquent/Factories/Factory.php:296
/www/wwwroot/jobportal.prus.dev/tests/Feature/Enhanced/CompanyManagementTest.php:40</error>
        </testcase>
        <testcase name="admin_can_update_any_company" file="/www/wwwroot/jobportal.prus.dev/tests/Feature/Enhanced/CompanyManagementTest.php" line="345" class="Tests\Feature\Enhanced\CompanyManagementTest" classname="Tests.Feature.Enhanced.CompanyManagementTest" assertions="0" time="0.000000">
          <error type="Illuminate\Database\UniqueConstraintViolationException">Tests\Feature\Enhanced\CompanyManagementTest::admin_can_update_any_company
Illuminate\Database\UniqueConstraintViolationException: SQLSTATE[23000]: Integrity constraint violation: 19 UNIQUE constraint failed: industries.id (Connection: sqlite, SQL: insert into "industries" ("name", "description", "is_default", "id", "updated_at", "created_at") values (Technology, Autem quia unde et odio ex soluta odit. Sit molestiae et nostrum rerum quos et labore et. Perspiciatis sit rerum soluta et., 0, 1, 2025-08-09 11:04:53, 2025-08-09 11:04:53))

/www/wwwroot/jobportal.prus.dev/vendor/laravel/framework/src/Illuminate/Database/Connection.php:817
/www/wwwroot/jobportal.prus.dev/vendor/laravel/framework/src/Illuminate/Database/Connection.php:776
/www/wwwroot/jobportal.prus.dev/vendor/laravel/framework/src/Illuminate/Database/Connection.php:557
/www/wwwroot/jobportal.prus.dev/vendor/laravel/framework/src/Illuminate/Database/Connection.php:521
/www/wwwroot/jobportal.prus.dev/vendor/laravel/framework/src/Illuminate/Database/Query/Processors/Processor.php:32
/www/wwwroot/jobportal.prus.dev/vendor/laravel/framework/src/Illuminate/Database/Query/Builder.php:3796
/www/wwwroot/jobportal.prus.dev/vendor/laravel/framework/src/Illuminate/Database/Eloquent/Builder.php:2205
/www/wwwroot/jobportal.prus.dev/vendor/laravel/framework/src/Illuminate/Database/Eloquent/Model.php:1408
/www/wwwroot/jobportal.prus.dev/vendor/laravel/framework/src/Illuminate/Database/Eloquent/Model.php:1373
/www/wwwroot/jobportal.prus.dev/vendor/laravel/framework/src/Illuminate/Database/Eloquent/Model.php:1212
/www/wwwroot/jobportal.prus.dev/vendor/laravel/framework/src/Illuminate/Database/Eloquent/Factories/Factory.php:351
/www/wwwroot/jobportal.prus.dev/vendor/laravel/framework/src/Illuminate/Collections/Traits/EnumeratesValues.php:271
/www/wwwroot/jobportal.prus.dev/vendor/laravel/framework/src/Illuminate/Database/Eloquent/Factories/Factory.php:346
/www/wwwroot/jobportal.prus.dev/vendor/laravel/framework/src/Illuminate/Database/Eloquent/Factories/Factory.php:302
/www/wwwroot/jobportal.prus.dev/vendor/laravel/framework/src/Illuminate/Database/Eloquent/Factories/Factory.php:296
/www/wwwroot/jobportal.prus.dev/tests/Feature/Enhanced/CompanyManagementTest.php:40</error>
        </testcase>
        <testcase name="admin_can_delete_company" file="/www/wwwroot/jobportal.prus.dev/tests/Feature/Enhanced/CompanyManagementTest.php" line="379" class="Tests\Feature\Enhanced\CompanyManagementTest" classname="Tests.Feature.Enhanced.CompanyManagementTest" assertions="0" time="0.000000">
          <error type="Illuminate\Database\UniqueConstraintViolationException">Tests\Feature\Enhanced\CompanyManagementTest::admin_can_delete_company
Illuminate\Database\UniqueConstraintViolationException: SQLSTATE[23000]: Integrity constraint violation: 19 UNIQUE constraint failed: industries.id (Connection: sqlite, SQL: insert into "industries" ("name", "description", "is_default", "id", "updated_at", "created_at") values (Technology, Sed illum suscipit pariatur unde. Ut soluta sed rerum quae. Accusamus expedita sit quis modi non qui et., 1, 1, 2025-08-09 11:04:54, 2025-08-09 11:04:54))

/www/wwwroot/jobportal.prus.dev/vendor/laravel/framework/src/Illuminate/Database/Connection.php:817
/www/wwwroot/jobportal.prus.dev/vendor/laravel/framework/src/Illuminate/Database/Connection.php:776
/www/wwwroot/jobportal.prus.dev/vendor/laravel/framework/src/Illuminate/Database/Connection.php:557
/www/wwwroot/jobportal.prus.dev/vendor/laravel/framework/src/Illuminate/Database/Connection.php:521
/www/wwwroot/jobportal.prus.dev/vendor/laravel/framework/src/Illuminate/Database/Query/Processors/Processor.php:32
/www/wwwroot/jobportal.prus.dev/vendor/laravel/framework/src/Illuminate/Database/Query/Builder.php:3796
/www/wwwroot/jobportal.prus.dev/vendor/laravel/framework/src/Illuminate/Database/Eloquent/Builder.php:2205
/www/wwwroot/jobportal.prus.dev/vendor/laravel/framework/src/Illuminate/Database/Eloquent/Model.php:1408
/www/wwwroot/jobportal.prus.dev/vendor/laravel/framework/src/Illuminate/Database/Eloquent/Model.php:1373
/www/wwwroot/jobportal.prus.dev/vendor/laravel/framework/src/Illuminate/Database/Eloquent/Model.php:1212
/www/wwwroot/jobportal.prus.dev/vendor/laravel/framework/src/Illuminate/Database/Eloquent/Factories/Factory.php:351
/www/wwwroot/jobportal.prus.dev/vendor/laravel/framework/src/Illuminate/Collections/Traits/EnumeratesValues.php:271
/www/wwwroot/jobportal.prus.dev/vendor/laravel/framework/src/Illuminate/Database/Eloquent/Factories/Factory.php:346
/www/wwwroot/jobportal.prus.dev/vendor/laravel/framework/src/Illuminate/Database/Eloquent/Factories/Factory.php:302
/www/wwwroot/jobportal.prus.dev/vendor/laravel/framework/src/Illuminate/Database/Eloquent/Factories/Factory.php:296
/www/wwwroot/jobportal.prus.dev/tests/Feature/Enhanced/CompanyManagementTest.php:40</error>
        </testcase>
        <testcase name="employer_can_delete_own_company" file="/www/wwwroot/jobportal.prus.dev/tests/Feature/Enhanced/CompanyManagementTest.php" line="396" class="Tests\Feature\Enhanced\CompanyManagementTest" classname="Tests.Feature.Enhanced.CompanyManagementTest" assertions="0" time="0.000000">
          <error type="Illuminate\Database\UniqueConstraintViolationException">Tests\Feature\Enhanced\CompanyManagementTest::employer_can_delete_own_company
Illuminate\Database\UniqueConstraintViolationException: SQLSTATE[23000]: Integrity constraint violation: 19 UNIQUE constraint failed: industries.id (Connection: sqlite, SQL: insert into "industries" ("name", "description", "is_default", "id", "updated_at", "created_at") values (Technology, Neque quibusdam amet et quia deserunt. In dolorem aut deleniti qui. Sed minima cum sunt aut est maiores., 1, 1, 2025-08-09 11:04:54, 2025-08-09 11:04:54))

/www/wwwroot/jobportal.prus.dev/vendor/laravel/framework/src/Illuminate/Database/Connection.php:817
/www/wwwroot/jobportal.prus.dev/vendor/laravel/framework/src/Illuminate/Database/Connection.php:776
/www/wwwroot/jobportal.prus.dev/vendor/laravel/framework/src/Illuminate/Database/Connection.php:557
/www/wwwroot/jobportal.prus.dev/vendor/laravel/framework/src/Illuminate/Database/Connection.php:521
/www/wwwroot/jobportal.prus.dev/vendor/laravel/framework/src/Illuminate/Database/Query/Processors/Processor.php:32
/www/wwwroot/jobportal.prus.dev/vendor/laravel/framework/src/Illuminate/Database/Query/Builder.php:3796
/www/wwwroot/jobportal.prus.dev/vendor/laravel/framework/src/Illuminate/Database/Eloquent/Builder.php:2205
/www/wwwroot/jobportal.prus.dev/vendor/laravel/framework/src/Illuminate/Database/Eloquent/Model.php:1408
/www/wwwroot/jobportal.prus.dev/vendor/laravel/framework/src/Illuminate/Database/Eloquent/Model.php:1373
/www/wwwroot/jobportal.prus.dev/vendor/laravel/framework/src/Illuminate/Database/Eloquent/Model.php:1212
/www/wwwroot/jobportal.prus.dev/vendor/laravel/framework/src/Illuminate/Database/Eloquent/Factories/Factory.php:351
/www/wwwroot/jobportal.prus.dev/vendor/laravel/framework/src/Illuminate/Collections/Traits/EnumeratesValues.php:271
/www/wwwroot/jobportal.prus.dev/vendor/laravel/framework/src/Illuminate/Database/Eloquent/Factories/Factory.php:346
/www/wwwroot/jobportal.prus.dev/vendor/laravel/framework/src/Illuminate/Database/Eloquent/Factories/Factory.php:302
/www/wwwroot/jobportal.prus.dev/vendor/laravel/framework/src/Illuminate/Database/Eloquent/Factories/Factory.php:296
/www/wwwroot/jobportal.prus.dev/tests/Feature/Enhanced/CompanyManagementTest.php:40</error>
        </testcase>
        <testcase name="company_search_works_correctly" file="/www/wwwroot/jobportal.prus.dev/tests/Feature/Enhanced/CompanyManagementTest.php" line="413" class="Tests\Feature\Enhanced\CompanyManagementTest" classname="Tests.Feature.Enhanced.CompanyManagementTest" assertions="0" time="0.000000">
          <error type="Illuminate\Database\UniqueConstraintViolationException">Tests\Feature\Enhanced\CompanyManagementTest::company_search_works_correctly
Illuminate\Database\UniqueConstraintViolationException: SQLSTATE[23000]: Integrity constraint violation: 19 UNIQUE constraint failed: industries.id (Connection: sqlite, SQL: insert into "industries" ("name", "description", "is_default", "id", "updated_at", "created_at") values (Technology, Corrupti numquam veritatis eligendi ea distinctio sit. Aut minima molestiae repellendus voluptatem. Unde ipsum qui impedit esse., 1, 1, 2025-08-09 11:04:55, 2025-08-09 11:04:55))

/www/wwwroot/jobportal.prus.dev/vendor/laravel/framework/src/Illuminate/Database/Connection.php:817
/www/wwwroot/jobportal.prus.dev/vendor/laravel/framework/src/Illuminate/Database/Connection.php:776
/www/wwwroot/jobportal.prus.dev/vendor/laravel/framework/src/Illuminate/Database/Connection.php:557
/www/wwwroot/jobportal.prus.dev/vendor/laravel/framework/src/Illuminate/Database/Connection.php:521
/www/wwwroot/jobportal.prus.dev/vendor/laravel/framework/src/Illuminate/Database/Query/Processors/Processor.php:32
/www/wwwroot/jobportal.prus.dev/vendor/laravel/framework/src/Illuminate/Database/Query/Builder.php:3796
/www/wwwroot/jobportal.prus.dev/vendor/laravel/framework/src/Illuminate/Database/Eloquent/Builder.php:2205
/www/wwwroot/jobportal.prus.dev/vendor/laravel/framework/src/Illuminate/Database/Eloquent/Model.php:1408
/www/wwwroot/jobportal.prus.dev/vendor/laravel/framework/src/Illuminate/Database/Eloquent/Model.php:1373
/www/wwwroot/jobportal.prus.dev/vendor/laravel/framework/src/Illuminate/Database/Eloquent/Model.php:1212
/www/wwwroot/jobportal.prus.dev/vendor/laravel/framework/src/Illuminate/Database/Eloquent/Factories/Factory.php:351
/www/wwwroot/jobportal.prus.dev/vendor/laravel/framework/src/Illuminate/Collections/Traits/EnumeratesValues.php:271
/www/wwwroot/jobportal.prus.dev/vendor/laravel/framework/src/Illuminate/Database/Eloquent/Factories/Factory.php:346
/www/wwwroot/jobportal.prus.dev/vendor/laravel/framework/src/Illuminate/Database/Eloquent/Factories/Factory.php:302
/www/wwwroot/jobportal.prus.dev/vendor/laravel/framework/src/Illuminate/Database/Eloquent/Factories/Factory.php:296
/www/wwwroot/jobportal.prus.dev/tests/Feature/Enhanced/CompanyManagementTest.php:40</error>
        </testcase>
        <testcase name="company_can_be_marked_as_featured" file="/www/wwwroot/jobportal.prus.dev/tests/Feature/Enhanced/CompanyManagementTest.php" line="433" class="Tests\Feature\Enhanced\CompanyManagementTest" classname="Tests.Feature.Enhanced.CompanyManagementTest" assertions="0" time="0.000000">
          <error type="Illuminate\Database\UniqueConstraintViolationException">Tests\Feature\Enhanced\CompanyManagementTest::company_can_be_marked_as_featured
Illuminate\Database\UniqueConstraintViolationException: SQLSTATE[23000]: Integrity constraint violation: 19 UNIQUE constraint failed: industries.id (Connection: sqlite, SQL: insert into "industries" ("name", "description", "is_default", "id", "updated_at", "created_at") values (Technology, Aut hic laudantium ullam accusantium nemo. Possimus voluptatibus consequuntur voluptatem quibusdam. Voluptate est assumenda nam numquam. Possimus ullam quos et consequatur et doloremque fuga., 0, 1, 2025-08-09 11:04:55, 2025-08-09 11:04:55))

/www/wwwroot/jobportal.prus.dev/vendor/laravel/framework/src/Illuminate/Database/Connection.php:817
/www/wwwroot/jobportal.prus.dev/vendor/laravel/framework/src/Illuminate/Database/Connection.php:776
/www/wwwroot/jobportal.prus.dev/vendor/laravel/framework/src/Illuminate/Database/Connection.php:557
/www/wwwroot/jobportal.prus.dev/vendor/laravel/framework/src/Illuminate/Database/Connection.php:521
/www/wwwroot/jobportal.prus.dev/vendor/laravel/framework/src/Illuminate/Database/Query/Processors/Processor.php:32
/www/wwwroot/jobportal.prus.dev/vendor/laravel/framework/src/Illuminate/Database/Query/Builder.php:3796
/www/wwwroot/jobportal.prus.dev/vendor/laravel/framework/src/Illuminate/Database/Eloquent/Builder.php:2205
/www/wwwroot/jobportal.prus.dev/vendor/laravel/framework/src/Illuminate/Database/Eloquent/Model.php:1408
/www/wwwroot/jobportal.prus.dev/vendor/laravel/framework/src/Illuminate/Database/Eloquent/Model.php:1373
/www/wwwroot/jobportal.prus.dev/vendor/laravel/framework/src/Illuminate/Database/Eloquent/Model.php:1212
/www/wwwroot/jobportal.prus.dev/vendor/laravel/framework/src/Illuminate/Database/Eloquent/Factories/Factory.php:351
/www/wwwroot/jobportal.prus.dev/vendor/laravel/framework/src/Illuminate/Collections/Traits/EnumeratesValues.php:271
/www/wwwroot/jobportal.prus.dev/vendor/laravel/framework/src/Illuminate/Database/Eloquent/Factories/Factory.php:346
/www/wwwroot/jobportal.prus.dev/vendor/laravel/framework/src/Illuminate/Database/Eloquent/Factories/Factory.php:302
/www/wwwroot/jobportal.prus.dev/vendor/laravel/framework/src/Illuminate/Database/Eloquent/Factories/Factory.php:296
/www/wwwroot/jobportal.prus.dev/tests/Feature/Enhanced/CompanyManagementTest.php:40</error>
        </testcase>
        <testcase name="only_admin_can_mark_company_as_featured" file="/www/wwwroot/jobportal.prus.dev/tests/Feature/Enhanced/CompanyManagementTest.php" line="453" class="Tests\Feature\Enhanced\CompanyManagementTest" classname="Tests.Feature.Enhanced.CompanyManagementTest" assertions="0" time="0.000000">
          <error type="Illuminate\Database\UniqueConstraintViolationException">Tests\Feature\Enhanced\CompanyManagementTest::only_admin_can_mark_company_as_featured
Illuminate\Database\UniqueConstraintViolationException: SQLSTATE[23000]: Integrity constraint violation: 19 UNIQUE constraint failed: industries.id (Connection: sqlite, SQL: insert into "industries" ("name", "description", "is_default", "id", "updated_at", "created_at") values (Technology, Et eius quisquam assumenda vitae laboriosam cum libero qui. Quae nostrum nisi inventore quo. Eveniet accusamus minima dolorem dolores modi rerum., 1, 1, 2025-08-09 11:04:56, 2025-08-09 11:04:56))

/www/wwwroot/jobportal.prus.dev/vendor/laravel/framework/src/Illuminate/Database/Connection.php:817
/www/wwwroot/jobportal.prus.dev/vendor/laravel/framework/src/Illuminate/Database/Connection.php:776
/www/wwwroot/jobportal.prus.dev/vendor/laravel/framework/src/Illuminate/Database/Connection.php:557
/www/wwwroot/jobportal.prus.dev/vendor/laravel/framework/src/Illuminate/Database/Connection.php:521
/www/wwwroot/jobportal.prus.dev/vendor/laravel/framework/src/Illuminate/Database/Query/Processors/Processor.php:32
/www/wwwroot/jobportal.prus.dev/vendor/laravel/framework/src/Illuminate/Database/Query/Builder.php:3796
/www/wwwroot/jobportal.prus.dev/vendor/laravel/framework/src/Illuminate/Database/Eloquent/Builder.php:2205
/www/wwwroot/jobportal.prus.dev/vendor/laravel/framework/src/Illuminate/Database/Eloquent/Model.php:1408
/www/wwwroot/jobportal.prus.dev/vendor/laravel/framework/src/Illuminate/Database/Eloquent/Model.php:1373
/www/wwwroot/jobportal.prus.dev/vendor/laravel/framework/src/Illuminate/Database/Eloquent/Model.php:1212
/www/wwwroot/jobportal.prus.dev/vendor/laravel/framework/src/Illuminate/Database/Eloquent/Factories/Factory.php:351
/www/wwwroot/jobportal.prus.dev/vendor/laravel/framework/src/Illuminate/Collections/Traits/EnumeratesValues.php:271
/www/wwwroot/jobportal.prus.dev/vendor/laravel/framework/src/Illuminate/Database/Eloquent/Factories/Factory.php:346
/www/wwwroot/jobportal.prus.dev/vendor/laravel/framework/src/Illuminate/Database/Eloquent/Factories/Factory.php:302
/www/wwwroot/jobportal.prus.dev/vendor/laravel/framework/src/Illuminate/Database/Eloquent/Factories/Factory.php:296
/www/wwwroot/jobportal.prus.dev/tests/Feature/Enhanced/CompanyManagementTest.php:40</error>
        </testcase>
        <testcase name="company_status_can_be_changed" file="/www/wwwroot/jobportal.prus.dev/tests/Feature/Enhanced/CompanyManagementTest.php" line="467" class="Tests\Feature\Enhanced\CompanyManagementTest" classname="Tests.Feature.Enhanced.CompanyManagementTest" assertions="0" time="0.000000">
          <error type="Illuminate\Database\UniqueConstraintViolationException">Tests\Feature\Enhanced\CompanyManagementTest::company_status_can_be_changed
Illuminate\Database\UniqueConstraintViolationException: SQLSTATE[23000]: Integrity constraint violation: 19 UNIQUE constraint failed: industries.id (Connection: sqlite, SQL: insert into "industries" ("name", "description", "is_default", "id", "updated_at", "created_at") values (Technology, Alias debitis laboriosam iure et consequuntur voluptatem voluptas. Voluptatem laudantium dignissimos aut ratione nemo occaecati amet. Saepe est laboriosam ut officia. Voluptas occaecati quia qui corrupti., 0, 1, 2025-08-09 11:04:56, 2025-08-09 11:04:56))

/www/wwwroot/jobportal.prus.dev/vendor/laravel/framework/src/Illuminate/Database/Connection.php:817
/www/wwwroot/jobportal.prus.dev/vendor/laravel/framework/src/Illuminate/Database/Connection.php:776
/www/wwwroot/jobportal.prus.dev/vendor/laravel/framework/src/Illuminate/Database/Connection.php:557
/www/wwwroot/jobportal.prus.dev/vendor/laravel/framework/src/Illuminate/Database/Connection.php:521
/www/wwwroot/jobportal.prus.dev/vendor/laravel/framework/src/Illuminate/Database/Query/Processors/Processor.php:32
/www/wwwroot/jobportal.prus.dev/vendor/laravel/framework/src/Illuminate/Database/Query/Builder.php:3796
/www/wwwroot/jobportal.prus.dev/vendor/laravel/framework/src/Illuminate/Database/Eloquent/Builder.php:2205
/www/wwwroot/jobportal.prus.dev/vendor/laravel/framework/src/Illuminate/Database/Eloquent/Model.php:1408
/www/wwwroot/jobportal.prus.dev/vendor/laravel/framework/src/Illuminate/Database/Eloquent/Model.php:1373
/www/wwwroot/jobportal.prus.dev/vendor/laravel/framework/src/Illuminate/Database/Eloquent/Model.php:1212
/www/wwwroot/jobportal.prus.dev/vendor/laravel/framework/src/Illuminate/Database/Eloquent/Factories/Factory.php:351
/www/wwwroot/jobportal.prus.dev/vendor/laravel/framework/src/Illuminate/Collections/Traits/EnumeratesValues.php:271
/www/wwwroot/jobportal.prus.dev/vendor/laravel/framework/src/Illuminate/Database/Eloquent/Factories/Factory.php:346
/www/wwwroot/jobportal.prus.dev/vendor/laravel/framework/src/Illuminate/Database/Eloquent/Factories/Factory.php:302
/www/wwwroot/jobportal.prus.dev/vendor/laravel/framework/src/Illuminate/Database/Eloquent/Factories/Factory.php:296
/www/wwwroot/jobportal.prus.dev/tests/Feature/Enhanced/CompanyManagementTest.php:40</error>
        </testcase>
        <testcase name="company_service_creates_company_with_slug" file="/www/wwwroot/jobportal.prus.dev/tests/Feature/Enhanced/CompanyManagementTest.php" line="485" class="Tests\Feature\Enhanced\CompanyManagementTest" classname="Tests.Feature.Enhanced.CompanyManagementTest" assertions="0" time="0.000000">
          <error type="Illuminate\Database\UniqueConstraintViolationException">Tests\Feature\Enhanced\CompanyManagementTest::company_service_creates_company_with_slug
Illuminate\Database\UniqueConstraintViolationException: SQLSTATE[23000]: Integrity constraint violation: 19 UNIQUE constraint failed: industries.id (Connection: sqlite, SQL: insert into "industries" ("name", "description", "is_default", "id", "updated_at", "created_at") values (Technology, Asperiores et est autem cum in id iure officia. Aut eum rerum beatae adipisci illo. Eligendi id in quis ducimus qui et ad., 0, 1, 2025-08-09 11:04:57, 2025-08-09 11:04:57))

/www/wwwroot/jobportal.prus.dev/vendor/laravel/framework/src/Illuminate/Database/Connection.php:817
/www/wwwroot/jobportal.prus.dev/vendor/laravel/framework/src/Illuminate/Database/Connection.php:776
/www/wwwroot/jobportal.prus.dev/vendor/laravel/framework/src/Illuminate/Database/Connection.php:557
/www/wwwroot/jobportal.prus.dev/vendor/laravel/framework/src/Illuminate/Database/Connection.php:521
/www/wwwroot/jobportal.prus.dev/vendor/laravel/framework/src/Illuminate/Database/Query/Processors/Processor.php:32
/www/wwwroot/jobportal.prus.dev/vendor/laravel/framework/src/Illuminate/Database/Query/Builder.php:3796
/www/wwwroot/jobportal.prus.dev/vendor/laravel/framework/src/Illuminate/Database/Eloquent/Builder.php:2205
/www/wwwroot/jobportal.prus.dev/vendor/laravel/framework/src/Illuminate/Database/Eloquent/Model.php:1408
/www/wwwroot/jobportal.prus.dev/vendor/laravel/framework/src/Illuminate/Database/Eloquent/Model.php:1373
/www/wwwroot/jobportal.prus.dev/vendor/laravel/framework/src/Illuminate/Database/Eloquent/Model.php:1212
/www/wwwroot/jobportal.prus.dev/vendor/laravel/framework/src/Illuminate/Database/Eloquent/Factories/Factory.php:351
/www/wwwroot/jobportal.prus.dev/vendor/laravel/framework/src/Illuminate/Collections/Traits/EnumeratesValues.php:271
/www/wwwroot/jobportal.prus.dev/vendor/laravel/framework/src/Illuminate/Database/Eloquent/Factories/Factory.php:346
/www/wwwroot/jobportal.prus.dev/vendor/laravel/framework/src/Illuminate/Database/Eloquent/Factories/Factory.php:302
/www/wwwroot/jobportal.prus.dev/vendor/laravel/framework/src/Illuminate/Database/Eloquent/Factories/Factory.php:296
/www/wwwroot/jobportal.prus.dev/tests/Feature/Enhanced/CompanyManagementTest.php:40</error>
        </testcase>
        <testcase name="company_service_handles_duplicate_slugs" file="/www/wwwroot/jobportal.prus.dev/tests/Feature/Enhanced/CompanyManagementTest.php" line="514" class="Tests\Feature\Enhanced\CompanyManagementTest" classname="Tests.Feature.Enhanced.CompanyManagementTest" assertions="0" time="0.000000">
          <error type="Illuminate\Database\UniqueConstraintViolationException">Tests\Feature\Enhanced\CompanyManagementTest::company_service_handles_duplicate_slugs
Illuminate\Database\UniqueConstraintViolationException: SQLSTATE[23000]: Integrity constraint violation: 19 UNIQUE constraint failed: industries.id (Connection: sqlite, SQL: insert into "industries" ("name", "description", "is_default", "id", "updated_at", "created_at") values (Technology, Reprehenderit aut vitae illum illo sit. Sapiente est porro sapiente laborum. Amet officiis ipsum est odio laudantium dolore et aut. Repellat ex porro occaecati accusamus provident. Et deleniti omnis ea quasi et quod dolor., 0, 1, 2025-08-09 11:04:58, 2025-08-09 11:04:58))

/www/wwwroot/jobportal.prus.dev/vendor/laravel/framework/src/Illuminate/Database/Connection.php:817
/www/wwwroot/jobportal.prus.dev/vendor/laravel/framework/src/Illuminate/Database/Connection.php:776
/www/wwwroot/jobportal.prus.dev/vendor/laravel/framework/src/Illuminate/Database/Connection.php:557
/www/wwwroot/jobportal.prus.dev/vendor/laravel/framework/src/Illuminate/Database/Connection.php:521
/www/wwwroot/jobportal.prus.dev/vendor/laravel/framework/src/Illuminate/Database/Query/Processors/Processor.php:32
/www/wwwroot/jobportal.prus.dev/vendor/laravel/framework/src/Illuminate/Database/Query/Builder.php:3796
/www/wwwroot/jobportal.prus.dev/vendor/laravel/framework/src/Illuminate/Database/Eloquent/Builder.php:2205
/www/wwwroot/jobportal.prus.dev/vendor/laravel/framework/src/Illuminate/Database/Eloquent/Model.php:1408
/www/wwwroot/jobportal.prus.dev/vendor/laravel/framework/src/Illuminate/Database/Eloquent/Model.php:1373
/www/wwwroot/jobportal.prus.dev/vendor/laravel/framework/src/Illuminate/Database/Eloquent/Model.php:1212
/www/wwwroot/jobportal.prus.dev/vendor/laravel/framework/src/Illuminate/Database/Eloquent/Factories/Factory.php:351
/www/wwwroot/jobportal.prus.dev/vendor/laravel/framework/src/Illuminate/Collections/Traits/EnumeratesValues.php:271
/www/wwwroot/jobportal.prus.dev/vendor/laravel/framework/src/Illuminate/Database/Eloquent/Factories/Factory.php:346
/www/wwwroot/jobportal.prus.dev/vendor/laravel/framework/src/Illuminate/Database/Eloquent/Factories/Factory.php:302
/www/wwwroot/jobportal.prus.dev/vendor/laravel/framework/src/Illuminate/Database/Eloquent/Factories/Factory.php:296
/www/wwwroot/jobportal.prus.dev/tests/Feature/Enhanced/CompanyManagementTest.php:40</error>
        </testcase>
        <testcase name="company_statistics_are_calculated_correctly" file="/www/wwwroot/jobportal.prus.dev/tests/Feature/Enhanced/CompanyManagementTest.php" line="549" class="Tests\Feature\Enhanced\CompanyManagementTest" classname="Tests.Feature.Enhanced.CompanyManagementTest" assertions="0" time="0.000000">
          <error type="Illuminate\Database\UniqueConstraintViolationException">Tests\Feature\Enhanced\CompanyManagementTest::company_statistics_are_calculated_correctly
Illuminate\Database\UniqueConstraintViolationException: SQLSTATE[23000]: Integrity constraint violation: 19 UNIQUE constraint failed: industries.id (Connection: sqlite, SQL: insert into "industries" ("name", "description", "is_default", "id", "updated_at", "created_at") values (Technology, Quo omnis et sint est quia qui. Beatae velit saepe qui consequatur. Sed excepturi qui officia sequi., 1, 1, 2025-08-09 11:04:58, 2025-08-09 11:04:58))

/www/wwwroot/jobportal.prus.dev/vendor/laravel/framework/src/Illuminate/Database/Connection.php:817
/www/wwwroot/jobportal.prus.dev/vendor/laravel/framework/src/Illuminate/Database/Connection.php:776
/www/wwwroot/jobportal.prus.dev/vendor/laravel/framework/src/Illuminate/Database/Connection.php:557
/www/wwwroot/jobportal.prus.dev/vendor/laravel/framework/src/Illuminate/Database/Connection.php:521
/www/wwwroot/jobportal.prus.dev/vendor/laravel/framework/src/Illuminate/Database/Query/Processors/Processor.php:32
/www/wwwroot/jobportal.prus.dev/vendor/laravel/framework/src/Illuminate/Database/Query/Builder.php:3796
/www/wwwroot/jobportal.prus.dev/vendor/laravel/framework/src/Illuminate/Database/Eloquent/Builder.php:2205
/www/wwwroot/jobportal.prus.dev/vendor/laravel/framework/src/Illuminate/Database/Eloquent/Model.php:1408
/www/wwwroot/jobportal.prus.dev/vendor/laravel/framework/src/Illuminate/Database/Eloquent/Model.php:1373
/www/wwwroot/jobportal.prus.dev/vendor/laravel/framework/src/Illuminate/Database/Eloquent/Model.php:1212
/www/wwwroot/jobportal.prus.dev/vendor/laravel/framework/src/Illuminate/Database/Eloquent/Factories/Factory.php:351
/www/wwwroot/jobportal.prus.dev/vendor/laravel/framework/src/Illuminate/Collections/Traits/EnumeratesValues.php:271
/www/wwwroot/jobportal.prus.dev/vendor/laravel/framework/src/Illuminate/Database/Eloquent/Factories/Factory.php:346
/www/wwwroot/jobportal.prus.dev/vendor/laravel/framework/src/Illuminate/Database/Eloquent/Factories/Factory.php:302
/www/wwwroot/jobportal.prus.dev/vendor/laravel/framework/src/Illuminate/Database/Eloquent/Factories/Factory.php:296
/www/wwwroot/jobportal.prus.dev/tests/Feature/Enhanced/CompanyManagementTest.php:40</error>
        </testcase>
        <testcase name="guest_cannot_access_company_creation" file="/www/wwwroot/jobportal.prus.dev/tests/Feature/Enhanced/CompanyManagementTest.php" line="565" class="Tests\Feature\Enhanced\CompanyManagementTest" classname="Tests.Feature.Enhanced.CompanyManagementTest" assertions="0" time="0.000000">
          <error type="Illuminate\Database\UniqueConstraintViolationException">Tests\Feature\Enhanced\CompanyManagementTest::guest_cannot_access_company_creation
Illuminate\Database\UniqueConstraintViolationException: SQLSTATE[23000]: Integrity constraint violation: 19 UNIQUE constraint failed: industries.id (Connection: sqlite, SQL: insert into "industries" ("name", "description", "is_default", "id", "updated_at", "created_at") values (Technology, Qui natus voluptatem ducimus temporibus non sed. Harum aut est pariatur voluptate quo consequatur distinctio. Vitae ad ut sapiente. Ut et expedita voluptatum iusto voluptas., 1, 1, 2025-08-09 11:04:59, 2025-08-09 11:04:59))

/www/wwwroot/jobportal.prus.dev/vendor/laravel/framework/src/Illuminate/Database/Connection.php:817
/www/wwwroot/jobportal.prus.dev/vendor/laravel/framework/src/Illuminate/Database/Connection.php:776
/www/wwwroot/jobportal.prus.dev/vendor/laravel/framework/src/Illuminate/Database/Connection.php:557
/www/wwwroot/jobportal.prus.dev/vendor/laravel/framework/src/Illuminate/Database/Connection.php:521
/www/wwwroot/jobportal.prus.dev/vendor/laravel/framework/src/Illuminate/Database/Query/Processors/Processor.php:32
/www/wwwroot/jobportal.prus.dev/vendor/laravel/framework/src/Illuminate/Database/Query/Builder.php:3796
/www/wwwroot/jobportal.prus.dev/vendor/laravel/framework/src/Illuminate/Database/Eloquent/Builder.php:2205
/www/wwwroot/jobportal.prus.dev/vendor/laravel/framework/src/Illuminate/Database/Eloquent/Model.php:1408
/www/wwwroot/jobportal.prus.dev/vendor/laravel/framework/src/Illuminate/Database/Eloquent/Model.php:1373
/www/wwwroot/jobportal.prus.dev/vendor/laravel/framework/src/Illuminate/Database/Eloquent/Model.php:1212
/www/wwwroot/jobportal.prus.dev/vendor/laravel/framework/src/Illuminate/Database/Eloquent/Factories/Factory.php:351
/www/wwwroot/jobportal.prus.dev/vendor/laravel/framework/src/Illuminate/Collections/Traits/EnumeratesValues.php:271
/www/wwwroot/jobportal.prus.dev/vendor/laravel/framework/src/Illuminate/Database/Eloquent/Factories/Factory.php:346
/www/wwwroot/jobportal.prus.dev/vendor/laravel/framework/src/Illuminate/Database/Eloquent/Factories/Factory.php:302
/www/wwwroot/jobportal.prus.dev/vendor/laravel/framework/src/Illuminate/Database/Eloquent/Factories/Factory.php:296
/www/wwwroot/jobportal.prus.dev/tests/Feature/Enhanced/CompanyManagementTest.php:40</error>
        </testcase>
        <testcase name="company_validation_prevents_xss" file="/www/wwwroot/jobportal.prus.dev/tests/Feature/Enhanced/CompanyManagementTest.php" line="573" class="Tests\Feature\Enhanced\CompanyManagementTest" classname="Tests.Feature.Enhanced.CompanyManagementTest" assertions="0" time="0.000000">
          <error type="Illuminate\Database\UniqueConstraintViolationException">Tests\Feature\Enhanced\CompanyManagementTest::company_validation_prevents_xss
Illuminate\Database\UniqueConstraintViolationException: SQLSTATE[23000]: Integrity constraint violation: 19 UNIQUE constraint failed: industries.id (Connection: sqlite, SQL: insert into "industries" ("name", "description", "is_default", "id", "updated_at", "created_at") values (Technology, Quaerat amet ut id ut voluptatum. Impedit beatae sit sit sit aperiam., 0, 1, 2025-08-09 11:04:59, 2025-08-09 11:04:59))

/www/wwwroot/jobportal.prus.dev/vendor/laravel/framework/src/Illuminate/Database/Connection.php:817
/www/wwwroot/jobportal.prus.dev/vendor/laravel/framework/src/Illuminate/Database/Connection.php:776
/www/wwwroot/jobportal.prus.dev/vendor/laravel/framework/src/Illuminate/Database/Connection.php:557
/www/wwwroot/jobportal.prus.dev/vendor/laravel/framework/src/Illuminate/Database/Connection.php:521
/www/wwwroot/jobportal.prus.dev/vendor/laravel/framework/src/Illuminate/Database/Query/Processors/Processor.php:32
/www/wwwroot/jobportal.prus.dev/vendor/laravel/framework/src/Illuminate/Database/Query/Builder.php:3796
/www/wwwroot/jobportal.prus.dev/vendor/laravel/framework/src/Illuminate/Database/Eloquent/Builder.php:2205
/www/wwwroot/jobportal.prus.dev/vendor/laravel/framework/src/Illuminate/Database/Eloquent/Model.php:1408
/www/wwwroot/jobportal.prus.dev/vendor/laravel/framework/src/Illuminate/Database/Eloquent/Model.php:1373
/www/wwwroot/jobportal.prus.dev/vendor/laravel/framework/src/Illuminate/Database/Eloquent/Model.php:1212
/www/wwwroot/jobportal.prus.dev/vendor/laravel/framework/src/Illuminate/Database/Eloquent/Factories/Factory.php:351
/www/wwwroot/jobportal.prus.dev/vendor/laravel/framework/src/Illuminate/Collections/Traits/EnumeratesValues.php:271
/www/wwwroot/jobportal.prus.dev/vendor/laravel/framework/src/Illuminate/Database/Eloquent/Factories/Factory.php:346
/www/wwwroot/jobportal.prus.dev/vendor/laravel/framework/src/Illuminate/Database/Eloquent/Factories/Factory.php:302
/www/wwwroot/jobportal.prus.dev/vendor/laravel/framework/src/Illuminate/Database/Eloquent/Factories/Factory.php:296
/www/wwwroot/jobportal.prus.dev/tests/Feature/Enhanced/CompanyManagementTest.php:40</error>
        </testcase>
      </testsuite>
      <testsuite name="Tests\Feature\ExampleTest" file="/www/wwwroot/jobportal.prus.dev/tests/Feature/ExampleTest.php" tests="1" assertions="1" errors="0" failures="0" skipped="0" time="0.531319">
        <testcase name="test_basic_test" file="/www/wwwroot/jobportal.prus.dev/tests/Feature/ExampleTest.php" line="17" class="Tests\Feature\ExampleTest" classname="Tests.Feature.ExampleTest" assertions="1" time="0.531319"/>
      </testsuite>
      <testsuite name="Tests\Feature\ExampleWithHelpersTest" file="/www/wwwroot/jobportal.prus.dev/tests/Feature/ExampleWithHelpersTest.php" tests="5" assertions="0" errors="5" failures="0" skipped="0" time="3.109191">
        <testcase name="can_create_user_with_unique_email" file="/www/wwwroot/jobportal.prus.dev/tests/Feature/ExampleWithHelpersTest.php" line="21" class="Tests\Feature\ExampleWithHelpersTest" classname="Tests.Feature.ExampleWithHelpersTest" assertions="0" time="0.661000">
          <error type="Error">Tests\Feature\ExampleWithHelpersTest::can_create_user_with_unique_email
Error: Class "Tests\Helpers\TestHelpers" not found

/www/wwwroot/jobportal.prus.dev/tests/Feature/ExampleWithHelpersTest.php:23</error>
        </testcase>
        <testcase name="can_get_api_auth_headers" file="/www/wwwroot/jobportal.prus.dev/tests/Feature/ExampleWithHelpersTest.php" line="36" class="Tests\Feature\ExampleWithHelpersTest" classname="Tests.Feature.ExampleWithHelpersTest" assertions="0" time="0.494664">
          <error type="Error">Tests\Feature\ExampleWithHelpersTest::can_get_api_auth_headers
Error: Class "Tests\Helpers\TestHelpers" not found

/www/wwwroot/jobportal.prus.dev/tests/Feature/ExampleWithHelpersTest.php:38</error>
        </testcase>
        <testcase name="can_create_candidate_with_profile" file="/www/wwwroot/jobportal.prus.dev/tests/Feature/ExampleWithHelpersTest.php" line="48" class="Tests\Feature\ExampleWithHelpersTest" classname="Tests.Feature.ExampleWithHelpersTest" assertions="0" time="0.673371">
          <error type="Error">Tests\Feature\ExampleWithHelpersTest::can_create_candidate_with_profile
Error: Class "Tests\Helpers\TestHelpers" not found

/www/wwwroot/jobportal.prus.dev/tests/Feature/ExampleWithHelpersTest.php:50</error>
        </testcase>
        <testcase name="can_create_employer_with_company" file="/www/wwwroot/jobportal.prus.dev/tests/Feature/ExampleWithHelpersTest.php" line="65" class="Tests\Feature\ExampleWithHelpersTest" classname="Tests.Feature.ExampleWithHelpersTest" assertions="0" time="0.640485">
          <error type="Error">Tests\Feature\ExampleWithHelpersTest::can_create_employer_with_company
Error: Class "Tests\Helpers\TestHelpers" not found

/www/wwwroot/jobportal.prus.dev/tests/Feature/ExampleWithHelpersTest.php:67</error>
        </testcase>
        <testcase name="can_create_jobs_for_company" file="/www/wwwroot/jobportal.prus.dev/tests/Feature/ExampleWithHelpersTest.php" line="85" class="Tests\Feature\ExampleWithHelpersTest" classname="Tests.Feature.ExampleWithHelpersTest" assertions="0" time="0.639671">
          <error type="Error">Tests\Feature\ExampleWithHelpersTest::can_create_jobs_for_company
Error: Class "Tests\Helpers\TestHelpers" not found

/www/wwwroot/jobportal.prus.dev/tests/Feature/ExampleWithHelpersTest.php:87</error>
        </testcase>
      </testsuite>
      <testsuite name="Tests\Feature\FeaturedCompanySubscriptionControllerTest" file="/www/wwwroot/jobportal.prus.dev/tests/Feature/FeaturedCompanySubscriptionControllerTest.php" tests="11" assertions="0" errors="11" failures="0" skipped="0" time="0.000000">
        <testcase name="test_index_displays_correctly" file="/www/wwwroot/jobportal.prus.dev/tests/Feature/FeaturedCompanySubscriptionControllerTest.php" line="34" class="Tests\Feature\FeaturedCompanySubscriptionControllerTest" classname="Tests.Feature.FeaturedCompanySubscriptionControllerTest" assertions="0" time="0.000000">
          <error type="Error">Tests\Feature\FeaturedCompanySubscriptionControllerTest::test_index_displays_correctly
Error: Class "App\Models\User" not found

/www/wwwroot/jobportal.prus.dev/tests/Feature/FeaturedCompanySubscriptionControllerTest.php:28</error>
        </testcase>
        <testcase name="test_create_displays_form" file="/www/wwwroot/jobportal.prus.dev/tests/Feature/FeaturedCompanySubscriptionControllerTest.php" line="45" class="Tests\Feature\FeaturedCompanySubscriptionControllerTest" classname="Tests.Feature.FeaturedCompanySubscriptionControllerTest" assertions="0" time="0.000000">
          <error type="Error">Tests\Feature\FeaturedCompanySubscriptionControllerTest::test_create_displays_form
Error: Class "App\Models\User" not found

/www/wwwroot/jobportal.prus.dev/tests/Feature/FeaturedCompanySubscriptionControllerTest.php:28</error>
        </testcase>
        <testcase name="test_store_creates_new_record" file="/www/wwwroot/jobportal.prus.dev/tests/Feature/FeaturedCompanySubscriptionControllerTest.php" line="56" class="Tests\Feature\FeaturedCompanySubscriptionControllerTest" classname="Tests.Feature.FeaturedCompanySubscriptionControllerTest" assertions="0" time="0.000000">
          <error type="Error">Tests\Feature\FeaturedCompanySubscriptionControllerTest::test_store_creates_new_record
Error: Class "App\Models\User" not found

/www/wwwroot/jobportal.prus.dev/tests/Feature/FeaturedCompanySubscriptionControllerTest.php:28</error>
        </testcase>
        <testcase name="test_store_validates_required_fields" file="/www/wwwroot/jobportal.prus.dev/tests/Feature/FeaturedCompanySubscriptionControllerTest.php" line="78" class="Tests\Feature\FeaturedCompanySubscriptionControllerTest" classname="Tests.Feature.FeaturedCompanySubscriptionControllerTest" assertions="0" time="0.000000">
          <error type="Error">Tests\Feature\FeaturedCompanySubscriptionControllerTest::test_store_validates_required_fields
Error: Class "App\Models\User" not found

/www/wwwroot/jobportal.prus.dev/tests/Feature/FeaturedCompanySubscriptionControllerTest.php:28</error>
        </testcase>
        <testcase name="test_show_displays_record" file="/www/wwwroot/jobportal.prus.dev/tests/Feature/FeaturedCompanySubscriptionControllerTest.php" line="89" class="Tests\Feature\FeaturedCompanySubscriptionControllerTest" classname="Tests.Feature.FeaturedCompanySubscriptionControllerTest" assertions="0" time="0.000000">
          <error type="Error">Tests\Feature\FeaturedCompanySubscriptionControllerTest::test_show_displays_record
Error: Class "App\Models\User" not found

/www/wwwroot/jobportal.prus.dev/tests/Feature/FeaturedCompanySubscriptionControllerTest.php:28</error>
        </testcase>
        <testcase name="test_edit_displays_form" file="/www/wwwroot/jobportal.prus.dev/tests/Feature/FeaturedCompanySubscriptionControllerTest.php" line="102" class="Tests\Feature\FeaturedCompanySubscriptionControllerTest" classname="Tests.Feature.FeaturedCompanySubscriptionControllerTest" assertions="0" time="0.000000">
          <error type="Error">Tests\Feature\FeaturedCompanySubscriptionControllerTest::test_edit_displays_form
Error: Class "App\Models\User" not found

/www/wwwroot/jobportal.prus.dev/tests/Feature/FeaturedCompanySubscriptionControllerTest.php:28</error>
        </testcase>
        <testcase name="test_update_modifies_record" file="/www/wwwroot/jobportal.prus.dev/tests/Feature/FeaturedCompanySubscriptionControllerTest.php" line="115" class="Tests\Feature\FeaturedCompanySubscriptionControllerTest" classname="Tests.Feature.FeaturedCompanySubscriptionControllerTest" assertions="0" time="0.000000">
          <error type="Error">Tests\Feature\FeaturedCompanySubscriptionControllerTest::test_update_modifies_record
Error: Class "App\Models\User" not found

/www/wwwroot/jobportal.prus.dev/tests/Feature/FeaturedCompanySubscriptionControllerTest.php:28</error>
        </testcase>
        <testcase name="test_destroy_deletes_record" file="/www/wwwroot/jobportal.prus.dev/tests/Feature/FeaturedCompanySubscriptionControllerTest.php" line="136" class="Tests\Feature\FeaturedCompanySubscriptionControllerTest" classname="Tests.Feature.FeaturedCompanySubscriptionControllerTest" assertions="0" time="0.000000">
          <error type="Error">Tests\Feature\FeaturedCompanySubscriptionControllerTest::test_destroy_deletes_record
Error: Class "App\Models\User" not found

/www/wwwroot/jobportal.prus.dev/tests/Feature/FeaturedCompanySubscriptionControllerTest.php:28</error>
        </testcase>
        <testcase name="test_unauthorized_access_is_prevented" file="/www/wwwroot/jobportal.prus.dev/tests/Feature/FeaturedCompanySubscriptionControllerTest.php" line="150" class="Tests\Feature\FeaturedCompanySubscriptionControllerTest" classname="Tests.Feature.FeaturedCompanySubscriptionControllerTest" assertions="0" time="0.000000">
          <error type="Error">Tests\Feature\FeaturedCompanySubscriptionControllerTest::test_unauthorized_access_is_prevented
Error: Class "App\Models\User" not found

/www/wwwroot/jobportal.prus.dev/tests/Feature/FeaturedCompanySubscriptionControllerTest.php:28</error>
        </testcase>
        <testcase name="test_store_with_invalid_email" file="/www/wwwroot/jobportal.prus.dev/tests/Feature/FeaturedCompanySubscriptionControllerTest.php" line="160" class="Tests\Feature\FeaturedCompanySubscriptionControllerTest" classname="Tests.Feature.FeaturedCompanySubscriptionControllerTest" assertions="0" time="0.000000">
          <error type="Error">Tests\Feature\FeaturedCompanySubscriptionControllerTest::test_store_with_invalid_email
Error: Class "App\Models\User" not found

/www/wwwroot/jobportal.prus.dev/tests/Feature/FeaturedCompanySubscriptionControllerTest.php:28</error>
        </testcase>
        <testcase name="test_store_prevents_duplicate_names" file="/www/wwwroot/jobportal.prus.dev/tests/Feature/FeaturedCompanySubscriptionControllerTest.php" line="177" class="Tests\Feature\FeaturedCompanySubscriptionControllerTest" classname="Tests.Feature.FeaturedCompanySubscriptionControllerTest" assertions="0" time="0.000000">
          <error type="Error">Tests\Feature\FeaturedCompanySubscriptionControllerTest::test_store_prevents_duplicate_names
Error: Class "App\Models\User" not found

/www/wwwroot/jobportal.prus.dev/tests/Feature/FeaturedCompanySubscriptionControllerTest.php:28</error>
        </testcase>
      </testsuite>
      <testsuite name="Tests\Feature\FeaturedJobSubscriptionControllerTest" file="/www/wwwroot/jobportal.prus.dev/tests/Feature/FeaturedJobSubscriptionControllerTest.php" tests="17" assertions="0" errors="17" failures="0" skipped="0" time="0.000000">
        <testcase name="test_index_displays_correctly" file="/www/wwwroot/jobportal.prus.dev/tests/Feature/FeaturedJobSubscriptionControllerTest.php" line="36" class="Tests\Feature\FeaturedJobSubscriptionControllerTest" classname="Tests.Feature.FeaturedJobSubscriptionControllerTest" assertions="0" time="0.000000">
          <error type="Error">Tests\Feature\FeaturedJobSubscriptionControllerTest::test_index_displays_correctly
Error: Class "App\Models\User" not found

/www/wwwroot/jobportal.prus.dev/tests/Feature/FeaturedJobSubscriptionControllerTest.php:30</error>
        </testcase>
        <testcase name="test_guest_can_access_public_pages" file="/www/wwwroot/jobportal.prus.dev/tests/Feature/FeaturedJobSubscriptionControllerTest.php" line="48" class="Tests\Feature\FeaturedJobSubscriptionControllerTest" classname="Tests.Feature.FeaturedJobSubscriptionControllerTest" assertions="0" time="0.000000">
          <error type="Error">Tests\Feature\FeaturedJobSubscriptionControllerTest::test_guest_can_access_public_pages
Error: Class "App\Models\User" not found

/www/wwwroot/jobportal.prus.dev/tests/Feature/FeaturedJobSubscriptionControllerTest.php:30</error>
        </testcase>
        <testcase name="test_authenticated_user_access" file="/www/wwwroot/jobportal.prus.dev/tests/Feature/FeaturedJobSubscriptionControllerTest.php" line="59" class="Tests\Feature\FeaturedJobSubscriptionControllerTest" classname="Tests.Feature.FeaturedJobSubscriptionControllerTest" assertions="0" time="0.000000">
          <error type="Error">Tests\Feature\FeaturedJobSubscriptionControllerTest::test_authenticated_user_access
Error: Class "App\Models\User" not found

/www/wwwroot/jobportal.prus.dev/tests/Feature/FeaturedJobSubscriptionControllerTest.php:30</error>
        </testcase>
        <testcase name="test_create_displays_form" file="/www/wwwroot/jobportal.prus.dev/tests/Feature/FeaturedJobSubscriptionControllerTest.php" line="71" class="Tests\Feature\FeaturedJobSubscriptionControllerTest" classname="Tests.Feature.FeaturedJobSubscriptionControllerTest" assertions="0" time="0.000000">
          <error type="Error">Tests\Feature\FeaturedJobSubscriptionControllerTest::test_create_displays_form
Error: Class "App\Models\User" not found

/www/wwwroot/jobportal.prus.dev/tests/Feature/FeaturedJobSubscriptionControllerTest.php:30</error>
        </testcase>
        <testcase name="test_store_creates_new_record" file="/www/wwwroot/jobportal.prus.dev/tests/Feature/FeaturedJobSubscriptionControllerTest.php" line="83" class="Tests\Feature\FeaturedJobSubscriptionControllerTest" classname="Tests.Feature.FeaturedJobSubscriptionControllerTest" assertions="0" time="0.000000">
          <error type="Error">Tests\Feature\FeaturedJobSubscriptionControllerTest::test_store_creates_new_record
Error: Class "App\Models\User" not found

/www/wwwroot/jobportal.prus.dev/tests/Feature/FeaturedJobSubscriptionControllerTest.php:30</error>
        </testcase>
        <testcase name="test_store_validates_required_fields" file="/www/wwwroot/jobportal.prus.dev/tests/Feature/FeaturedJobSubscriptionControllerTest.php" line="102" class="Tests\Feature\FeaturedJobSubscriptionControllerTest" classname="Tests.Feature.FeaturedJobSubscriptionControllerTest" assertions="0" time="0.000000">
          <error type="Error">Tests\Feature\FeaturedJobSubscriptionControllerTest::test_store_validates_required_fields
Error: Class "App\Models\User" not found

/www/wwwroot/jobportal.prus.dev/tests/Feature/FeaturedJobSubscriptionControllerTest.php:30</error>
        </testcase>
        <testcase name="test_show_displays_record" file="/www/wwwroot/jobportal.prus.dev/tests/Feature/FeaturedJobSubscriptionControllerTest.php" line="114" class="Tests\Feature\FeaturedJobSubscriptionControllerTest" classname="Tests.Feature.FeaturedJobSubscriptionControllerTest" assertions="0" time="0.000000">
          <error type="Error">Tests\Feature\FeaturedJobSubscriptionControllerTest::test_show_displays_record
Error: Class "App\Models\User" not found

/www/wwwroot/jobportal.prus.dev/tests/Feature/FeaturedJobSubscriptionControllerTest.php:30</error>
        </testcase>
        <testcase name="test_edit_displays_form" file="/www/wwwroot/jobportal.prus.dev/tests/Feature/FeaturedJobSubscriptionControllerTest.php" line="128" class="Tests\Feature\FeaturedJobSubscriptionControllerTest" classname="Tests.Feature.FeaturedJobSubscriptionControllerTest" assertions="0" time="0.000000">
          <error type="Error">Tests\Feature\FeaturedJobSubscriptionControllerTest::test_edit_displays_form
Error: Class "App\Models\User" not found

/www/wwwroot/jobportal.prus.dev/tests/Feature/FeaturedJobSubscriptionControllerTest.php:30</error>
        </testcase>
        <testcase name="test_update_modifies_record" file="/www/wwwroot/jobportal.prus.dev/tests/Feature/FeaturedJobSubscriptionControllerTest.php" line="139" class="Tests\Feature\FeaturedJobSubscriptionControllerTest" classname="Tests.Feature.FeaturedJobSubscriptionControllerTest" assertions="0" time="0.000000">
          <error type="Error">Tests\Feature\FeaturedJobSubscriptionControllerTest::test_update_modifies_record
Error: Class "App\Models\User" not found

/www/wwwroot/jobportal.prus.dev/tests/Feature/FeaturedJobSubscriptionControllerTest.php:30</error>
        </testcase>
        <testcase name="test_destroy_deletes_record" file="/www/wwwroot/jobportal.prus.dev/tests/Feature/FeaturedJobSubscriptionControllerTest.php" line="156" class="Tests\Feature\FeaturedJobSubscriptionControllerTest" classname="Tests.Feature.FeaturedJobSubscriptionControllerTest" assertions="0" time="0.000000">
          <error type="Error">Tests\Feature\FeaturedJobSubscriptionControllerTest::test_destroy_deletes_record
Error: Class "App\Models\User" not found

/www/wwwroot/jobportal.prus.dev/tests/Feature/FeaturedJobSubscriptionControllerTest.php:30</error>
        </testcase>
        <testcase name="test_unauthorized_access_is_prevented" file="/www/wwwroot/jobportal.prus.dev/tests/Feature/FeaturedJobSubscriptionControllerTest.php" line="168" class="Tests\Feature\FeaturedJobSubscriptionControllerTest" classname="Tests.Feature.FeaturedJobSubscriptionControllerTest" assertions="0" time="0.000000">
          <error type="Error">Tests\Feature\FeaturedJobSubscriptionControllerTest::test_unauthorized_access_is_prevented
Error: Class "App\Models\User" not found

/www/wwwroot/jobportal.prus.dev/tests/Feature/FeaturedJobSubscriptionControllerTest.php:30</error>
        </testcase>
        <testcase name="test_handles_invalid_input_gracefully" file="/www/wwwroot/jobportal.prus.dev/tests/Feature/FeaturedJobSubscriptionControllerTest.php" line="179" class="Tests\Feature\FeaturedJobSubscriptionControllerTest" classname="Tests.Feature.FeaturedJobSubscriptionControllerTest" assertions="0" time="0.000000">
          <error type="Error">Tests\Feature\FeaturedJobSubscriptionControllerTest::test_handles_invalid_input_gracefully
Error: Class "App\Models\User" not found

/www/wwwroot/jobportal.prus.dev/tests/Feature/FeaturedJobSubscriptionControllerTest.php:30</error>
        </testcase>
        <testcase name="test_search_functionality" file="/www/wwwroot/jobportal.prus.dev/tests/Feature/FeaturedJobSubscriptionControllerTest.php" line="196" class="Tests\Feature\FeaturedJobSubscriptionControllerTest" classname="Tests.Feature.FeaturedJobSubscriptionControllerTest" assertions="0" time="0.000000">
          <error type="Error">Tests\Feature\FeaturedJobSubscriptionControllerTest::test_search_functionality
Error: Class "App\Models\User" not found

/www/wwwroot/jobportal.prus.dev/tests/Feature/FeaturedJobSubscriptionControllerTest.php:30</error>
        </testcase>
        <testcase name="test_pagination_works_correctly" file="/www/wwwroot/jobportal.prus.dev/tests/Feature/FeaturedJobSubscriptionControllerTest.php" line="210" class="Tests\Feature\FeaturedJobSubscriptionControllerTest" classname="Tests.Feature.FeaturedJobSubscriptionControllerTest" assertions="0" time="0.000000">
          <error type="Error">Tests\Feature\FeaturedJobSubscriptionControllerTest::test_pagination_works_correctly
Error: Class "App\Models\User" not found

/www/wwwroot/jobportal.prus.dev/tests/Feature/FeaturedJobSubscriptionControllerTest.php:30</error>
        </testcase>
        <testcase name="test_csrf_protection_is_enforced" file="/www/wwwroot/jobportal.prus.dev/tests/Feature/FeaturedJobSubscriptionControllerTest.php" line="221" class="Tests\Feature\FeaturedJobSubscriptionControllerTest" classname="Tests.Feature.FeaturedJobSubscriptionControllerTest" assertions="0" time="0.000000">
          <error type="Error">Tests\Feature\FeaturedJobSubscriptionControllerTest::test_csrf_protection_is_enforced
Error: Class "App\Models\User" not found

/www/wwwroot/jobportal.prus.dev/tests/Feature/FeaturedJobSubscriptionControllerTest.php:30</error>
        </testcase>
        <testcase name="test_rate_limiting_prevents_abuse" file="/www/wwwroot/jobportal.prus.dev/tests/Feature/FeaturedJobSubscriptionControllerTest.php" line="233" class="Tests\Feature\FeaturedJobSubscriptionControllerTest" classname="Tests.Feature.FeaturedJobSubscriptionControllerTest" assertions="0" time="0.000000">
          <error type="Error">Tests\Feature\FeaturedJobSubscriptionControllerTest::test_rate_limiting_prevents_abuse
Error: Class "App\Models\User" not found

/www/wwwroot/jobportal.prus.dev/tests/Feature/FeaturedJobSubscriptionControllerTest.php:30</error>
        </testcase>
        <testcase name="test_handles_server_errors_gracefully" file="/www/wwwroot/jobportal.prus.dev/tests/Feature/FeaturedJobSubscriptionControllerTest.php" line="248" class="Tests\Feature\FeaturedJobSubscriptionControllerTest" classname="Tests.Feature.FeaturedJobSubscriptionControllerTest" assertions="0" time="0.000000">
          <error type="Error">Tests\Feature\FeaturedJobSubscriptionControllerTest::test_handles_server_errors_gracefully
Error: Class "App\Models\User" not found

/www/wwwroot/jobportal.prus.dev/tests/Feature/FeaturedJobSubscriptionControllerTest.php:30</error>
        </testcase>
      </testsuite>
      <testsuite name="Tests\Feature\Financial\SalaryCurrencyControllerTest" file="/www/wwwroot/jobportal.prus.dev/tests/Feature/Financial/SalaryCurrencyControllerTest.php" tests="10" assertions="0" errors="10" failures="0" skipped="0" time="0.000000">
        <testcase name="admin_can_create_salarycurrency" file="/www/wwwroot/jobportal.prus.dev/tests/Feature/Financial/SalaryCurrencyControllerTest.php" line="45" class="Tests\Feature\Financial\SalaryCurrencyControllerTest" classname="Tests.Feature.Financial.SalaryCurrencyControllerTest" assertions="0" time="0.000000">
          <error type="Error">Tests\Feature\Financial\SalaryCurrencyControllerTest::admin_can_create_salarycurrency
Error: Class "App\Models\User" not found

/www/wwwroot/jobportal.prus.dev/tests/Feature/Financial/SalaryCurrencyControllerTest.php:34</error>
        </testcase>
        <testcase name="employer_can_create_salarycurrency" file="/www/wwwroot/jobportal.prus.dev/tests/Feature/Financial/SalaryCurrencyControllerTest.php" line="69" class="Tests\Feature\Financial\SalaryCurrencyControllerTest" classname="Tests.Feature.Financial.SalaryCurrencyControllerTest" assertions="0" time="0.000000">
          <error type="Error">Tests\Feature\Financial\SalaryCurrencyControllerTest::employer_can_create_salarycurrency
Error: Class "App\Models\User" not found

/www/wwwroot/jobportal.prus.dev/tests/Feature/Financial/SalaryCurrencyControllerTest.php:34</error>
        </testcase>
        <testcase name="candidate_cannot_create_salarycurrency" file="/www/wwwroot/jobportal.prus.dev/tests/Feature/Financial/SalaryCurrencyControllerTest.php" line="86" class="Tests\Feature\Financial\SalaryCurrencyControllerTest" classname="Tests.Feature.Financial.SalaryCurrencyControllerTest" assertions="0" time="0.000000">
          <error type="Error">Tests\Feature\Financial\SalaryCurrencyControllerTest::candidate_cannot_create_salarycurrency
Error: Class "App\Models\User" not found

/www/wwwroot/jobportal.prus.dev/tests/Feature/Financial/SalaryCurrencyControllerTest.php:34</error>
        </testcase>
        <testcase name="unauthenticated_user_cannot_create_salarycurrency" file="/www/wwwroot/jobportal.prus.dev/tests/Feature/Financial/SalaryCurrencyControllerTest.php" line="103" class="Tests\Feature\Financial\SalaryCurrencyControllerTest" classname="Tests.Feature.Financial.SalaryCurrencyControllerTest" assertions="0" time="0.000000">
          <error type="Error">Tests\Feature\Financial\SalaryCurrencyControllerTest::unauthenticated_user_cannot_create_salarycurrency
Error: Class "App\Models\User" not found

/www/wwwroot/jobportal.prus.dev/tests/Feature/Financial/SalaryCurrencyControllerTest.php:34</error>
        </testcase>
        <testcase name="admin_can_update_salarycurrency" file="/www/wwwroot/jobportal.prus.dev/tests/Feature/Financial/SalaryCurrencyControllerTest.php" line="118" class="Tests\Feature\Financial\SalaryCurrencyControllerTest" classname="Tests.Feature.Financial.SalaryCurrencyControllerTest" assertions="0" time="0.000000">
          <error type="Error">Tests\Feature\Financial\SalaryCurrencyControllerTest::admin_can_update_salarycurrency
Error: Class "App\Models\User" not found

/www/wwwroot/jobportal.prus.dev/tests/Feature/Financial/SalaryCurrencyControllerTest.php:34</error>
        </testcase>
        <testcase name="admin_can_delete_salarycurrency" file="/www/wwwroot/jobportal.prus.dev/tests/Feature/Financial/SalaryCurrencyControllerTest.php" line="141" class="Tests\Feature\Financial\SalaryCurrencyControllerTest" classname="Tests.Feature.Financial.SalaryCurrencyControllerTest" assertions="0" time="0.000000">
          <error type="Error">Tests\Feature\Financial\SalaryCurrencyControllerTest::admin_can_delete_salarycurrency
Error: Class "App\Models\User" not found

/www/wwwroot/jobportal.prus.dev/tests/Feature/Financial/SalaryCurrencyControllerTest.php:34</error>
        </testcase>
        <testcase name="validation_fails_with_invalid_data" file="/www/wwwroot/jobportal.prus.dev/tests/Feature/Financial/SalaryCurrencyControllerTest.php" line="157" class="Tests\Feature\Financial\SalaryCurrencyControllerTest" classname="Tests.Feature.Financial.SalaryCurrencyControllerTest" assertions="0" time="0.000000">
          <error type="Error">Tests\Feature\Financial\SalaryCurrencyControllerTest::validation_fails_with_invalid_data
Error: Class "App\Models\User" not found

/www/wwwroot/jobportal.prus.dev/tests/Feature/Financial/SalaryCurrencyControllerTest.php:34</error>
        </testcase>
        <testcase name="validation_fails_with_duplicate_name" file="/www/wwwroot/jobportal.prus.dev/tests/Feature/Financial/SalaryCurrencyControllerTest.php" line="172" class="Tests\Feature\Financial\SalaryCurrencyControllerTest" classname="Tests.Feature.Financial.SalaryCurrencyControllerTest" assertions="0" time="0.000000">
          <error type="Error">Tests\Feature\Financial\SalaryCurrencyControllerTest::validation_fails_with_duplicate_name
Error: Class "App\Models\User" not found

/www/wwwroot/jobportal.prus.dev/tests/Feature/Financial/SalaryCurrencyControllerTest.php:34</error>
        </testcase>
        <testcase name="can_list_salarycurrencys" file="/www/wwwroot/jobportal.prus.dev/tests/Feature/Financial/SalaryCurrencyControllerTest.php" line="193" class="Tests\Feature\Financial\SalaryCurrencyControllerTest" classname="Tests.Feature.Financial.SalaryCurrencyControllerTest" assertions="0" time="0.000000">
          <error type="Error">Tests\Feature\Financial\SalaryCurrencyControllerTest::can_list_salarycurrencys
Error: Class "App\Models\User" not found

/www/wwwroot/jobportal.prus.dev/tests/Feature/Financial/SalaryCurrencyControllerTest.php:34</error>
        </testcase>
        <testcase name="can_show_single_salarycurrency" file="/www/wwwroot/jobportal.prus.dev/tests/Feature/Financial/SalaryCurrencyControllerTest.php" line="210" class="Tests\Feature\Financial\SalaryCurrencyControllerTest" classname="Tests.Feature.Financial.SalaryCurrencyControllerTest" assertions="0" time="0.000000">
          <error type="Error">Tests\Feature\Financial\SalaryCurrencyControllerTest::can_show_single_salarycurrency
Error: Class "App\Models\User" not found

/www/wwwroot/jobportal.prus.dev/tests/Feature/Financial/SalaryCurrencyControllerTest.php:34</error>
        </testcase>
      </testsuite>
      <testsuite name="Tests\Feature\FrontSettingsControllerTest" file="/www/wwwroot/jobportal.prus.dev/tests/Feature/FrontSettingsControllerTest.php" tests="17" assertions="0" errors="17" failures="0" skipped="0" time="0.000000">
        <testcase name="test_index_displays_correctly" file="/www/wwwroot/jobportal.prus.dev/tests/Feature/FrontSettingsControllerTest.php" line="36" class="Tests\Feature\FrontSettingsControllerTest" classname="Tests.Feature.FrontSettingsControllerTest" assertions="0" time="0.000000">
          <error type="Error">Tests\Feature\FrontSettingsControllerTest::test_index_displays_correctly
Error: Class "App\Models\User" not found

/www/wwwroot/jobportal.prus.dev/tests/Feature/FrontSettingsControllerTest.php:30</error>
        </testcase>
        <testcase name="test_guest_can_access_public_pages" file="/www/wwwroot/jobportal.prus.dev/tests/Feature/FrontSettingsControllerTest.php" line="48" class="Tests\Feature\FrontSettingsControllerTest" classname="Tests.Feature.FrontSettingsControllerTest" assertions="0" time="0.000000">
          <error type="Error">Tests\Feature\FrontSettingsControllerTest::test_guest_can_access_public_pages
Error: Class "App\Models\User" not found

/www/wwwroot/jobportal.prus.dev/tests/Feature/FrontSettingsControllerTest.php:30</error>
        </testcase>
        <testcase name="test_authenticated_user_access" file="/www/wwwroot/jobportal.prus.dev/tests/Feature/FrontSettingsControllerTest.php" line="59" class="Tests\Feature\FrontSettingsControllerTest" classname="Tests.Feature.FrontSettingsControllerTest" assertions="0" time="0.000000">
          <error type="Error">Tests\Feature\FrontSettingsControllerTest::test_authenticated_user_access
Error: Class "App\Models\User" not found

/www/wwwroot/jobportal.prus.dev/tests/Feature/FrontSettingsControllerTest.php:30</error>
        </testcase>
        <testcase name="test_create_displays_form" file="/www/wwwroot/jobportal.prus.dev/tests/Feature/FrontSettingsControllerTest.php" line="71" class="Tests\Feature\FrontSettingsControllerTest" classname="Tests.Feature.FrontSettingsControllerTest" assertions="0" time="0.000000">
          <error type="Error">Tests\Feature\FrontSettingsControllerTest::test_create_displays_form
Error: Class "App\Models\User" not found

/www/wwwroot/jobportal.prus.dev/tests/Feature/FrontSettingsControllerTest.php:30</error>
        </testcase>
        <testcase name="test_store_creates_new_record" file="/www/wwwroot/jobportal.prus.dev/tests/Feature/FrontSettingsControllerTest.php" line="83" class="Tests\Feature\FrontSettingsControllerTest" classname="Tests.Feature.FrontSettingsControllerTest" assertions="0" time="0.000000">
          <error type="Error">Tests\Feature\FrontSettingsControllerTest::test_store_creates_new_record
Error: Class "App\Models\User" not found

/www/wwwroot/jobportal.prus.dev/tests/Feature/FrontSettingsControllerTest.php:30</error>
        </testcase>
        <testcase name="test_store_validates_required_fields" file="/www/wwwroot/jobportal.prus.dev/tests/Feature/FrontSettingsControllerTest.php" line="102" class="Tests\Feature\FrontSettingsControllerTest" classname="Tests.Feature.FrontSettingsControllerTest" assertions="0" time="0.000000">
          <error type="Error">Tests\Feature\FrontSettingsControllerTest::test_store_validates_required_fields
Error: Class "App\Models\User" not found

/www/wwwroot/jobportal.prus.dev/tests/Feature/FrontSettingsControllerTest.php:30</error>
        </testcase>
        <testcase name="test_show_displays_record" file="/www/wwwroot/jobportal.prus.dev/tests/Feature/FrontSettingsControllerTest.php" line="114" class="Tests\Feature\FrontSettingsControllerTest" classname="Tests.Feature.FrontSettingsControllerTest" assertions="0" time="0.000000">
          <error type="Error">Tests\Feature\FrontSettingsControllerTest::test_show_displays_record
Error: Class "App\Models\User" not found

/www/wwwroot/jobportal.prus.dev/tests/Feature/FrontSettingsControllerTest.php:30</error>
        </testcase>
        <testcase name="test_edit_displays_form" file="/www/wwwroot/jobportal.prus.dev/tests/Feature/FrontSettingsControllerTest.php" line="128" class="Tests\Feature\FrontSettingsControllerTest" classname="Tests.Feature.FrontSettingsControllerTest" assertions="0" time="0.000000">
          <error type="Error">Tests\Feature\FrontSettingsControllerTest::test_edit_displays_form
Error: Class "App\Models\User" not found

/www/wwwroot/jobportal.prus.dev/tests/Feature/FrontSettingsControllerTest.php:30</error>
        </testcase>
        <testcase name="test_update_modifies_record" file="/www/wwwroot/jobportal.prus.dev/tests/Feature/FrontSettingsControllerTest.php" line="139" class="Tests\Feature\FrontSettingsControllerTest" classname="Tests.Feature.FrontSettingsControllerTest" assertions="0" time="0.000000">
          <error type="Error">Tests\Feature\FrontSettingsControllerTest::test_update_modifies_record
Error: Class "App\Models\User" not found

/www/wwwroot/jobportal.prus.dev/tests/Feature/FrontSettingsControllerTest.php:30</error>
        </testcase>
        <testcase name="test_destroy_deletes_record" file="/www/wwwroot/jobportal.prus.dev/tests/Feature/FrontSettingsControllerTest.php" line="156" class="Tests\Feature\FrontSettingsControllerTest" classname="Tests.Feature.FrontSettingsControllerTest" assertions="0" time="0.000000">
          <error type="Error">Tests\Feature\FrontSettingsControllerTest::test_destroy_deletes_record
Error: Class "App\Models\User" not found

/www/wwwroot/jobportal.prus.dev/tests/Feature/FrontSettingsControllerTest.php:30</error>
        </testcase>
        <testcase name="test_unauthorized_access_is_prevented" file="/www/wwwroot/jobportal.prus.dev/tests/Feature/FrontSettingsControllerTest.php" line="168" class="Tests\Feature\FrontSettingsControllerTest" classname="Tests.Feature.FrontSettingsControllerTest" assertions="0" time="0.000000">
          <error type="Error">Tests\Feature\FrontSettingsControllerTest::test_unauthorized_access_is_prevented
Error: Class "App\Models\User" not found

/www/wwwroot/jobportal.prus.dev/tests/Feature/FrontSettingsControllerTest.php:30</error>
        </testcase>
        <testcase name="test_handles_invalid_input_gracefully" file="/www/wwwroot/jobportal.prus.dev/tests/Feature/FrontSettingsControllerTest.php" line="179" class="Tests\Feature\FrontSettingsControllerTest" classname="Tests.Feature.FrontSettingsControllerTest" assertions="0" time="0.000000">
          <error type="Error">Tests\Feature\FrontSettingsControllerTest::test_handles_invalid_input_gracefully
Error: Class "App\Models\User" not found

/www/wwwroot/jobportal.prus.dev/tests/Feature/FrontSettingsControllerTest.php:30</error>
        </testcase>
        <testcase name="test_search_functionality" file="/www/wwwroot/jobportal.prus.dev/tests/Feature/FrontSettingsControllerTest.php" line="196" class="Tests\Feature\FrontSettingsControllerTest" classname="Tests.Feature.FrontSettingsControllerTest" assertions="0" time="0.000000">
          <error type="Error">Tests\Feature\FrontSettingsControllerTest::test_search_functionality
Error: Class "App\Models\User" not found

/www/wwwroot/jobportal.prus.dev/tests/Feature/FrontSettingsControllerTest.php:30</error>
        </testcase>
        <testcase name="test_pagination_works_correctly" file="/www/wwwroot/jobportal.prus.dev/tests/Feature/FrontSettingsControllerTest.php" line="210" class="Tests\Feature\FrontSettingsControllerTest" classname="Tests.Feature.FrontSettingsControllerTest" assertions="0" time="0.000000">
          <error type="Error">Tests\Feature\FrontSettingsControllerTest::test_pagination_works_correctly
Error: Class "App\Models\User" not found

/www/wwwroot/jobportal.prus.dev/tests/Feature/FrontSettingsControllerTest.php:30</error>
        </testcase>
        <testcase name="test_csrf_protection_is_enforced" file="/www/wwwroot/jobportal.prus.dev/tests/Feature/FrontSettingsControllerTest.php" line="221" class="Tests\Feature\FrontSettingsControllerTest" classname="Tests.Feature.FrontSettingsControllerTest" assertions="0" time="0.000000">
          <error type="Error">Tests\Feature\FrontSettingsControllerTest::test_csrf_protection_is_enforced
Error: Class "App\Models\User" not found

/www/wwwroot/jobportal.prus.dev/tests/Feature/FrontSettingsControllerTest.php:30</error>
        </testcase>
        <testcase name="test_rate_limiting_prevents_abuse" file="/www/wwwroot/jobportal.prus.dev/tests/Feature/FrontSettingsControllerTest.php" line="233" class="Tests\Feature\FrontSettingsControllerTest" classname="Tests.Feature.FrontSettingsControllerTest" assertions="0" time="0.000000">
          <error type="Error">Tests\Feature\FrontSettingsControllerTest::test_rate_limiting_prevents_abuse
Error: Class "App\Models\User" not found

/www/wwwroot/jobportal.prus.dev/tests/Feature/FrontSettingsControllerTest.php:30</error>
        </testcase>
        <testcase name="test_handles_server_errors_gracefully" file="/www/wwwroot/jobportal.prus.dev/tests/Feature/FrontSettingsControllerTest.php" line="248" class="Tests\Feature\FrontSettingsControllerTest" classname="Tests.Feature.FrontSettingsControllerTest" assertions="0" time="0.000000">
          <error type="Error">Tests\Feature\FrontSettingsControllerTest::test_handles_server_errors_gracefully
Error: Class "App\Models\User" not found

/www/wwwroot/jobportal.prus.dev/tests/Feature/FrontSettingsControllerTest.php:30</error>
        </testcase>
      </testsuite>
      <testsuite name="Tests\Feature\HabrSettingsApiTest" file="/www/wwwroot/jobportal.prus.dev/tests/Feature/HabrSettingsApiTest.php" tests="21" assertions="0" errors="21" failures="0" skipped="0" time="0.000000">
        <testcase name="it_can_get_public_settings_without_authentication" file="/www/wwwroot/jobportal.prus.dev/tests/Feature/HabrSettingsApiTest.php" line="96" class="Tests\Feature\HabrSettingsApiTest" classname="Tests.Feature.HabrSettingsApiTest" assertions="0" time="0.000000">
          <error type="Error">Tests\Feature\HabrSettingsApiTest::it_can_get_public_settings_without_authentication
Error: Class "App\Models\User" not found

/www/wwwroot/jobportal.prus.dev/tests/Feature/HabrSettingsApiTest.php:32</error>
        </testcase>
        <testcase name="it_can_get_public_settings_by_group" file="/www/wwwroot/jobportal.prus.dev/tests/Feature/HabrSettingsApiTest.php" line="126" class="Tests\Feature\HabrSettingsApiTest" classname="Tests.Feature.HabrSettingsApiTest" assertions="0" time="0.000000">
          <error type="Error">Tests\Feature\HabrSettingsApiTest::it_can_get_public_settings_by_group
Error: Class "App\Models\User" not found

/www/wwwroot/jobportal.prus.dev/tests/Feature/HabrSettingsApiTest.php:32</error>
        </testcase>
        <testcase name="it_requires_authentication_for_protected_endpoints" file="/www/wwwroot/jobportal.prus.dev/tests/Feature/HabrSettingsApiTest.php" line="153" class="Tests\Feature\HabrSettingsApiTest" classname="Tests.Feature.HabrSettingsApiTest" assertions="0" time="0.000000">
          <error type="Error">Tests\Feature\HabrSettingsApiTest::it_requires_authentication_for_protected_endpoints
Error: Class "App\Models\User" not found

/www/wwwroot/jobportal.prus.dev/tests/Feature/HabrSettingsApiTest.php:32</error>
        </testcase>
        <testcase name="it_can_get_all_settings_when_authenticated" file="/www/wwwroot/jobportal.prus.dev/tests/Feature/HabrSettingsApiTest.php" line="166" class="Tests\Feature\HabrSettingsApiTest" classname="Tests.Feature.HabrSettingsApiTest" assertions="0" time="0.000000">
          <error type="Error">Tests\Feature\HabrSettingsApiTest::it_can_get_all_settings_when_authenticated
Error: Class "App\Models\User" not found

/www/wwwroot/jobportal.prus.dev/tests/Feature/HabrSettingsApiTest.php:32</error>
        </testcase>
        <testcase name="it_can_filter_settings_by_group" file="/www/wwwroot/jobportal.prus.dev/tests/Feature/HabrSettingsApiTest.php" line="190" class="Tests\Feature\HabrSettingsApiTest" classname="Tests.Feature.HabrSettingsApiTest" assertions="0" time="0.000000">
          <error type="Error">Tests\Feature\HabrSettingsApiTest::it_can_filter_settings_by_group
Error: Class "App\Models\User" not found

/www/wwwroot/jobportal.prus.dev/tests/Feature/HabrSettingsApiTest.php:32</error>
        </testcase>
        <testcase name="it_can_search_settings" file="/www/wwwroot/jobportal.prus.dev/tests/Feature/HabrSettingsApiTest.php" line="204" class="Tests\Feature\HabrSettingsApiTest" classname="Tests.Feature.HabrSettingsApiTest" assertions="0" time="0.000000">
          <error type="Error">Tests\Feature\HabrSettingsApiTest::it_can_search_settings
Error: Class "App\Models\User" not found

/www/wwwroot/jobportal.prus.dev/tests/Feature/HabrSettingsApiTest.php:32</error>
        </testcase>
        <testcase name="it_can_get_specific_setting_with_metadata" file="/www/wwwroot/jobportal.prus.dev/tests/Feature/HabrSettingsApiTest.php" line="218" class="Tests\Feature\HabrSettingsApiTest" classname="Tests.Feature.HabrSettingsApiTest" assertions="0" time="0.000000">
          <error type="Error">Tests\Feature\HabrSettingsApiTest::it_can_get_specific_setting_with_metadata
Error: Class "App\Models\User" not found

/www/wwwroot/jobportal.prus.dev/tests/Feature/HabrSettingsApiTest.php:32</error>
        </testcase>
        <testcase name="it_returns_404_for_non_existent_setting" file="/www/wwwroot/jobportal.prus.dev/tests/Feature/HabrSettingsApiTest.php" line="259" class="Tests\Feature\HabrSettingsApiTest" classname="Tests.Feature.HabrSettingsApiTest" assertions="0" time="0.000000">
          <error type="Error">Tests\Feature\HabrSettingsApiTest::it_returns_404_for_non_existent_setting
Error: Class "App\Models\User" not found

/www/wwwroot/jobportal.prus.dev/tests/Feature/HabrSettingsApiTest.php:32</error>
        </testcase>
        <testcase name="it_can_update_existing_setting" file="/www/wwwroot/jobportal.prus.dev/tests/Feature/HabrSettingsApiTest.php" line="274" class="Tests\Feature\HabrSettingsApiTest" classname="Tests.Feature.HabrSettingsApiTest" assertions="0" time="0.000000">
          <error type="Error">Tests\Feature\HabrSettingsApiTest::it_can_update_existing_setting
Error: Class "App\Models\User" not found

/www/wwwroot/jobportal.prus.dev/tests/Feature/HabrSettingsApiTest.php:32</error>
        </testcase>
        <testcase name="it_can_create_new_setting_via_update" file="/www/wwwroot/jobportal.prus.dev/tests/Feature/HabrSettingsApiTest.php" line="304" class="Tests\Feature\HabrSettingsApiTest" classname="Tests.Feature.HabrSettingsApiTest" assertions="0" time="0.000000">
          <error type="Error">Tests\Feature\HabrSettingsApiTest::it_can_create_new_setting_via_update
Error: Class "App\Models\User" not found

/www/wwwroot/jobportal.prus.dev/tests/Feature/HabrSettingsApiTest.php:32</error>
        </testcase>
        <testcase name="it_validates_setting_values" file="/www/wwwroot/jobportal.prus.dev/tests/Feature/HabrSettingsApiTest.php" line="332" class="Tests\Feature\HabrSettingsApiTest" classname="Tests.Feature.HabrSettingsApiTest" assertions="0" time="0.000000">
          <error type="Error">Tests\Feature\HabrSettingsApiTest::it_validates_setting_values
Error: Class "App\Models\User" not found

/www/wwwroot/jobportal.prus.dev/tests/Feature/HabrSettingsApiTest.php:32</error>
        </testcase>
        <testcase name="it_can_bulk_update_settings" file="/www/wwwroot/jobportal.prus.dev/tests/Feature/HabrSettingsApiTest.php" line="351" class="Tests\Feature\HabrSettingsApiTest" classname="Tests.Feature.HabrSettingsApiTest" assertions="0" time="0.000000">
          <error type="Error">Tests\Feature\HabrSettingsApiTest::it_can_bulk_update_settings
Error: Class "App\Models\User" not found

/www/wwwroot/jobportal.prus.dev/tests/Feature/HabrSettingsApiTest.php:32</error>
        </testcase>
        <testcase name="it_can_delete_setting" file="/www/wwwroot/jobportal.prus.dev/tests/Feature/HabrSettingsApiTest.php" line="387" class="Tests\Feature\HabrSettingsApiTest" classname="Tests.Feature.HabrSettingsApiTest" assertions="0" time="0.000000">
          <error type="Error">Tests\Feature\HabrSettingsApiTest::it_can_delete_setting
Error: Class "App\Models\User" not found

/www/wwwroot/jobportal.prus.dev/tests/Feature/HabrSettingsApiTest.php:32</error>
        </testcase>
        <testcase name="it_can_export_settings" file="/www/wwwroot/jobportal.prus.dev/tests/Feature/HabrSettingsApiTest.php" line="404" class="Tests\Feature\HabrSettingsApiTest" classname="Tests.Feature.HabrSettingsApiTest" assertions="0" time="0.000000">
          <error type="Error">Tests\Feature\HabrSettingsApiTest::it_can_export_settings
Error: Class "App\Models\User" not found

/www/wwwroot/jobportal.prus.dev/tests/Feature/HabrSettingsApiTest.php:32</error>
        </testcase>
        <testcase name="it_can_export_settings_by_group" file="/www/wwwroot/jobportal.prus.dev/tests/Feature/HabrSettingsApiTest.php" line="429" class="Tests\Feature\HabrSettingsApiTest" classname="Tests.Feature.HabrSettingsApiTest" assertions="0" time="0.000000">
          <error type="Error">Tests\Feature\HabrSettingsApiTest::it_can_export_settings_by_group
Error: Class "App\Models\User" not found

/www/wwwroot/jobportal.prus.dev/tests/Feature/HabrSettingsApiTest.php:32</error>
        </testcase>
        <testcase name="it_can_import_settings" file="/www/wwwroot/jobportal.prus.dev/tests/Feature/HabrSettingsApiTest.php" line="444" class="Tests\Feature\HabrSettingsApiTest" classname="Tests.Feature.HabrSettingsApiTest" assertions="0" time="0.000000">
          <error type="Error">Tests\Feature\HabrSettingsApiTest::it_can_import_settings
Error: Class "App\Models\User" not found

/www/wwwroot/jobportal.prus.dev/tests/Feature/HabrSettingsApiTest.php:32</error>
        </testcase>
        <testcase name="it_can_reset_setting_to_default" file="/www/wwwroot/jobportal.prus.dev/tests/Feature/HabrSettingsApiTest.php" line="496" class="Tests\Feature\HabrSettingsApiTest" classname="Tests.Feature.HabrSettingsApiTest" assertions="0" time="0.000000">
          <error type="Error">Tests\Feature\HabrSettingsApiTest::it_can_reset_setting_to_default
Error: Class "App\Models\User" not found

/www/wwwroot/jobportal.prus.dev/tests/Feature/HabrSettingsApiTest.php:32</error>
        </testcase>
        <testcase name="it_can_clear_settings_cache" file="/www/wwwroot/jobportal.prus.dev/tests/Feature/HabrSettingsApiTest.php" line="520" class="Tests\Feature\HabrSettingsApiTest" classname="Tests.Feature.HabrSettingsApiTest" assertions="0" time="0.000000">
          <error type="Error">Tests\Feature\HabrSettingsApiTest::it_can_clear_settings_cache
Error: Class "App\Models\User" not found

/www/wwwroot/jobportal.prus.dev/tests/Feature/HabrSettingsApiTest.php:32</error>
        </testcase>
        <testcase name="it_can_access_api_documentation" file="/www/wwwroot/jobportal.prus.dev/tests/Feature/HabrSettingsApiTest.php" line="538" class="Tests\Feature\HabrSettingsApiTest" classname="Tests.Feature.HabrSettingsApiTest" assertions="0" time="0.000000">
          <error type="Error">Tests\Feature\HabrSettingsApiTest::it_can_access_api_documentation
Error: Class "App\Models\User" not found

/www/wwwroot/jobportal.prus.dev/tests/Feature/HabrSettingsApiTest.php:32</error>
        </testcase>
        <testcase name="settings_manager_service_works_correctly" file="/www/wwwroot/jobportal.prus.dev/tests/Feature/HabrSettingsApiTest.php" line="561" class="Tests\Feature\HabrSettingsApiTest" classname="Tests.Feature.HabrSettingsApiTest" assertions="0" time="0.000000">
          <error type="Error">Tests\Feature\HabrSettingsApiTest::settings_manager_service_works_correctly
Error: Class "App\Models\User" not found

/www/wwwroot/jobportal.prus.dev/tests/Feature/HabrSettingsApiTest.php:32</error>
        </testcase>
        <testcase name="setting_model_handles_type_casting_correctly" file="/www/wwwroot/jobportal.prus.dev/tests/Feature/HabrSettingsApiTest.php" line="592" class="Tests\Feature\HabrSettingsApiTest" classname="Tests.Feature.HabrSettingsApiTest" assertions="0" time="0.000000">
          <error type="Error">Tests\Feature\HabrSettingsApiTest::setting_model_handles_type_casting_correctly
Error: Class "App\Models\User" not found

/www/wwwroot/jobportal.prus.dev/tests/Feature/HabrSettingsApiTest.php:32</error>
        </testcase>
      </testsuite>
      <testsuite name="Tests\Feature\HabrViewsIntegrationTest" file="/www/wwwroot/jobportal.prus.dev/tests/Feature/HabrViewsIntegrationTest.php" tests="14" assertions="0" errors="14" failures="0" skipped="0" time="0.000000">
        <testcase name="it_creates_job_template_model_from_job_entity" file="/www/wwwroot/jobportal.prus.dev/tests/Feature/HabrViewsIntegrationTest.php" line="113" class="Tests\Feature\HabrViewsIntegrationTest" classname="Tests.Feature.HabrViewsIntegrationTest" assertions="0" time="0.000000">
          <error type="Error">Tests\Feature\HabrViewsIntegrationTest::it_creates_job_template_model_from_job_entity
Error: Class "App\Models\User" not found

/www/wwwroot/jobportal.prus.dev/tests/Feature/HabrViewsIntegrationTest.php:51
/www/wwwroot/jobportal.prus.dev/tests/Feature/HabrViewsIntegrationTest.php:45</error>
        </testcase>
        <testcase name="it_creates_company_template_model_from_company_entity" file="/www/wwwroot/jobportal.prus.dev/tests/Feature/HabrViewsIntegrationTest.php" line="134" class="Tests\Feature\HabrViewsIntegrationTest" classname="Tests.Feature.HabrViewsIntegrationTest" assertions="0" time="0.000000">
          <error type="Error">Tests\Feature\HabrViewsIntegrationTest::it_creates_company_template_model_from_company_entity
Error: Class "App\Models\User" not found

/www/wwwroot/jobportal.prus.dev/tests/Feature/HabrViewsIntegrationTest.php:51
/www/wwwroot/jobportal.prus.dev/tests/Feature/HabrViewsIntegrationTest.php:45</error>
        </testcase>
        <testcase name="job_template_model_provides_helper_methods" file="/www/wwwroot/jobportal.prus.dev/tests/Feature/HabrViewsIntegrationTest.php" line="151" class="Tests\Feature\HabrViewsIntegrationTest" classname="Tests.Feature.HabrViewsIntegrationTest" assertions="0" time="0.000000">
          <error type="Error">Tests\Feature\HabrViewsIntegrationTest::job_template_model_provides_helper_methods
Error: Class "App\Models\User" not found

/www/wwwroot/jobportal.prus.dev/tests/Feature/HabrViewsIntegrationTest.php:51
/www/wwwroot/jobportal.prus.dev/tests/Feature/HabrViewsIntegrationTest.php:45</error>
        </testcase>
        <testcase name="company_template_model_provides_helper_methods" file="/www/wwwroot/jobportal.prus.dev/tests/Feature/HabrViewsIntegrationTest.php" line="182" class="Tests\Feature\HabrViewsIntegrationTest" classname="Tests.Feature.HabrViewsIntegrationTest" assertions="0" time="0.000000">
          <error type="Error">Tests\Feature\HabrViewsIntegrationTest::company_template_model_provides_helper_methods
Error: Class "App\Models\User" not found

/www/wwwroot/jobportal.prus.dev/tests/Feature/HabrViewsIntegrationTest.php:51
/www/wwwroot/jobportal.prus.dev/tests/Feature/HabrViewsIntegrationTest.php:45</error>
        </testcase>
        <testcase name="habr_views_service_initializes_correctly" file="/www/wwwroot/jobportal.prus.dev/tests/Feature/HabrViewsIntegrationTest.php" line="217" class="Tests\Feature\HabrViewsIntegrationTest" classname="Tests.Feature.HabrViewsIntegrationTest" assertions="0" time="0.000000">
          <error type="Error">Tests\Feature\HabrViewsIntegrationTest::habr_views_service_initializes_correctly
Error: Class "App\Models\User" not found

/www/wwwroot/jobportal.prus.dev/tests/Feature/HabrViewsIntegrationTest.php:51
/www/wwwroot/jobportal.prus.dev/tests/Feature/HabrViewsIntegrationTest.php:45</error>
        </testcase>
        <testcase name="habr_views_service_can_create_models" file="/www/wwwroot/jobportal.prus.dev/tests/Feature/HabrViewsIntegrationTest.php" line="225" class="Tests\Feature\HabrViewsIntegrationTest" classname="Tests.Feature.HabrViewsIntegrationTest" assertions="0" time="0.000000">
          <error type="Error">Tests\Feature\HabrViewsIntegrationTest::habr_views_service_can_create_models
Error: Class "App\Models\User" not found

/www/wwwroot/jobportal.prus.dev/tests/Feature/HabrViewsIntegrationTest.php:51
/www/wwwroot/jobportal.prus.dev/tests/Feature/HabrViewsIntegrationTest.php:45</error>
        </testcase>
        <testcase name="habr_views_service_provides_cache_management" file="/www/wwwroot/jobportal.prus.dev/tests/Feature/HabrViewsIntegrationTest.php" line="235" class="Tests\Feature\HabrViewsIntegrationTest" classname="Tests.Feature.HabrViewsIntegrationTest" assertions="0" time="0.000000">
          <error type="Error">Tests\Feature\HabrViewsIntegrationTest::habr_views_service_provides_cache_management
Error: Class "App\Models\User" not found

/www/wwwroot/jobportal.prus.dev/tests/Feature/HabrViewsIntegrationTest.php:51
/www/wwwroot/jobportal.prus.dev/tests/Feature/HabrViewsIntegrationTest.php:45</error>
        </testcase>
        <testcase name="habr_views_service_provides_performance_benchmarking" file="/www/wwwroot/jobportal.prus.dev/tests/Feature/HabrViewsIntegrationTest.php" line="249" class="Tests\Feature\HabrViewsIntegrationTest" classname="Tests.Feature.HabrViewsIntegrationTest" assertions="0" time="0.000000">
          <error type="Error">Tests\Feature\HabrViewsIntegrationTest::habr_views_service_provides_performance_benchmarking
Error: Class "App\Models\User" not found

/www/wwwroot/jobportal.prus.dev/tests/Feature/HabrViewsIntegrationTest.php:51
/www/wwwroot/jobportal.prus.dev/tests/Feature/HabrViewsIntegrationTest.php:45</error>
        </testcase>
        <testcase name="job_list_template_model_handles_collections" file="/www/wwwroot/jobportal.prus.dev/tests/Feature/HabrViewsIntegrationTest.php" line="273" class="Tests\Feature\HabrViewsIntegrationTest" classname="Tests.Feature.HabrViewsIntegrationTest" assertions="0" time="0.000000">
          <error type="Error">Tests\Feature\HabrViewsIntegrationTest::job_list_template_model_handles_collections
Error: Class "App\Models\User" not found

/www/wwwroot/jobportal.prus.dev/tests/Feature/HabrViewsIntegrationTest.php:51
/www/wwwroot/jobportal.prus.dev/tests/Feature/HabrViewsIntegrationTest.php:45</error>
        </testcase>
        <testcase name="base_template_model_provides_utility_methods" file="/www/wwwroot/jobportal.prus.dev/tests/Feature/HabrViewsIntegrationTest.php" line="320" class="Tests\Feature\HabrViewsIntegrationTest" classname="Tests.Feature.HabrViewsIntegrationTest" assertions="0" time="0.000000">
          <error type="Error">Tests\Feature\HabrViewsIntegrationTest::base_template_model_provides_utility_methods
Error: Class "App\Models\User" not found

/www/wwwroot/jobportal.prus.dev/tests/Feature/HabrViewsIntegrationTest.php:51
/www/wwwroot/jobportal.prus.dev/tests/Feature/HabrViewsIntegrationTest.php:45</error>
        </testcase>
        <testcase name="template_models_handle_edge_cases" file="/www/wwwroot/jobportal.prus.dev/tests/Feature/HabrViewsIntegrationTest.php" line="358" class="Tests\Feature\HabrViewsIntegrationTest" classname="Tests.Feature.HabrViewsIntegrationTest" assertions="0" time="0.000000">
          <error type="Error">Tests\Feature\HabrViewsIntegrationTest::template_models_handle_edge_cases
Error: Class "App\Models\User" not found

/www/wwwroot/jobportal.prus.dev/tests/Feature/HabrViewsIntegrationTest.php:51
/www/wwwroot/jobportal.prus.dev/tests/Feature/HabrViewsIntegrationTest.php:45</error>
        </testcase>
        <testcase name="template_models_generate_valid_structured_data" file="/www/wwwroot/jobportal.prus.dev/tests/Feature/HabrViewsIntegrationTest.php" line="388" class="Tests\Feature\HabrViewsIntegrationTest" classname="Tests.Feature.HabrViewsIntegrationTest" assertions="0" time="0.000000">
          <error type="Error">Tests\Feature\HabrViewsIntegrationTest::template_models_generate_valid_structured_data
Error: Class "App\Models\User" not found

/www/wwwroot/jobportal.prus.dev/tests/Feature/HabrViewsIntegrationTest.php:51
/www/wwwroot/jobportal.prus.dev/tests/Feature/HabrViewsIntegrationTest.php:45</error>
        </testcase>
        <testcase name="habr_views_integration_achieves_performance_targets" file="/www/wwwroot/jobportal.prus.dev/tests/Feature/HabrViewsIntegrationTest.php" line="408" class="Tests\Feature\HabrViewsIntegrationTest" classname="Tests.Feature.HabrViewsIntegrationTest" assertions="0" time="0.000000">
          <error type="Error">Tests\Feature\HabrViewsIntegrationTest::habr_views_integration_achieves_performance_targets
Error: Class "App\Models\User" not found

/www/wwwroot/jobportal.prus.dev/tests/Feature/HabrViewsIntegrationTest.php:51
/www/wwwroot/jobportal.prus.dev/tests/Feature/HabrViewsIntegrationTest.php:45</error>
        </testcase>
        <testcase name="habr_views_provides_comprehensive_feature_set" file="/www/wwwroot/jobportal.prus.dev/tests/Feature/HabrViewsIntegrationTest.php" line="443" class="Tests\Feature\HabrViewsIntegrationTest" classname="Tests.Feature.HabrViewsIntegrationTest" assertions="0" time="0.000000">
          <error type="Error">Tests\Feature\HabrViewsIntegrationTest::habr_views_provides_comprehensive_feature_set
Error: Class "App\Models\User" not found

/www/wwwroot/jobportal.prus.dev/tests/Feature/HabrViewsIntegrationTest.php:51
/www/wwwroot/jobportal.prus.dev/tests/Feature/HabrViewsIntegrationTest.php:45</error>
        </testcase>
      </testsuite>
      <testsuite name="Tests\Feature\HealthControllerTest" file="/www/wwwroot/jobportal.prus.dev/tests/Feature/HealthControllerTest.php" tests="17" assertions="0" errors="17" failures="0" skipped="0" time="0.000000">
        <testcase name="test_index_displays_correctly" file="/www/wwwroot/jobportal.prus.dev/tests/Feature/HealthControllerTest.php" line="36" class="Tests\Feature\HealthControllerTest" classname="Tests.Feature.HealthControllerTest" assertions="0" time="0.000000">
          <error type="Error">Tests\Feature\HealthControllerTest::test_index_displays_correctly
Error: Class "App\Models\User" not found

/www/wwwroot/jobportal.prus.dev/tests/Feature/HealthControllerTest.php:30</error>
        </testcase>
        <testcase name="test_guest_can_access_public_pages" file="/www/wwwroot/jobportal.prus.dev/tests/Feature/HealthControllerTest.php" line="48" class="Tests\Feature\HealthControllerTest" classname="Tests.Feature.HealthControllerTest" assertions="0" time="0.000000">
          <error type="Error">Tests\Feature\HealthControllerTest::test_guest_can_access_public_pages
Error: Class "App\Models\User" not found

/www/wwwroot/jobportal.prus.dev/tests/Feature/HealthControllerTest.php:30</error>
        </testcase>
        <testcase name="test_authenticated_user_access" file="/www/wwwroot/jobportal.prus.dev/tests/Feature/HealthControllerTest.php" line="59" class="Tests\Feature\HealthControllerTest" classname="Tests.Feature.HealthControllerTest" assertions="0" time="0.000000">
          <error type="Error">Tests\Feature\HealthControllerTest::test_authenticated_user_access
Error: Class "App\Models\User" not found

/www/wwwroot/jobportal.prus.dev/tests/Feature/HealthControllerTest.php:30</error>
        </testcase>
        <testcase name="test_create_displays_form" file="/www/wwwroot/jobportal.prus.dev/tests/Feature/HealthControllerTest.php" line="71" class="Tests\Feature\HealthControllerTest" classname="Tests.Feature.HealthControllerTest" assertions="0" time="0.000000">
          <error type="Error">Tests\Feature\HealthControllerTest::test_create_displays_form
Error: Class "App\Models\User" not found

/www/wwwroot/jobportal.prus.dev/tests/Feature/HealthControllerTest.php:30</error>
        </testcase>
        <testcase name="test_store_creates_new_record" file="/www/wwwroot/jobportal.prus.dev/tests/Feature/HealthControllerTest.php" line="83" class="Tests\Feature\HealthControllerTest" classname="Tests.Feature.HealthControllerTest" assertions="0" time="0.000000">
          <error type="Error">Tests\Feature\HealthControllerTest::test_store_creates_new_record
Error: Class "App\Models\User" not found

/www/wwwroot/jobportal.prus.dev/tests/Feature/HealthControllerTest.php:30</error>
        </testcase>
        <testcase name="test_store_validates_required_fields" file="/www/wwwroot/jobportal.prus.dev/tests/Feature/HealthControllerTest.php" line="102" class="Tests\Feature\HealthControllerTest" classname="Tests.Feature.HealthControllerTest" assertions="0" time="0.000000">
          <error type="Error">Tests\Feature\HealthControllerTest::test_store_validates_required_fields
Error: Class "App\Models\User" not found

/www/wwwroot/jobportal.prus.dev/tests/Feature/HealthControllerTest.php:30</error>
        </testcase>
        <testcase name="test_show_displays_record" file="/www/wwwroot/jobportal.prus.dev/tests/Feature/HealthControllerTest.php" line="114" class="Tests\Feature\HealthControllerTest" classname="Tests.Feature.HealthControllerTest" assertions="0" time="0.000000">
          <error type="Error">Tests\Feature\HealthControllerTest::test_show_displays_record
Error: Class "App\Models\User" not found

/www/wwwroot/jobportal.prus.dev/tests/Feature/HealthControllerTest.php:30</error>
        </testcase>
        <testcase name="test_edit_displays_form" file="/www/wwwroot/jobportal.prus.dev/tests/Feature/HealthControllerTest.php" line="128" class="Tests\Feature\HealthControllerTest" classname="Tests.Feature.HealthControllerTest" assertions="0" time="0.000000">
          <error type="Error">Tests\Feature\HealthControllerTest::test_edit_displays_form
Error: Class "App\Models\User" not found

/www/wwwroot/jobportal.prus.dev/tests/Feature/HealthControllerTest.php:30</error>
        </testcase>
        <testcase name="test_update_modifies_record" file="/www/wwwroot/jobportal.prus.dev/tests/Feature/HealthControllerTest.php" line="139" class="Tests\Feature\HealthControllerTest" classname="Tests.Feature.HealthControllerTest" assertions="0" time="0.000000">
          <error type="Error">Tests\Feature\HealthControllerTest::test_update_modifies_record
Error: Class "App\Models\User" not found

/www/wwwroot/jobportal.prus.dev/tests/Feature/HealthControllerTest.php:30</error>
        </testcase>
        <testcase name="test_destroy_deletes_record" file="/www/wwwroot/jobportal.prus.dev/tests/Feature/HealthControllerTest.php" line="156" class="Tests\Feature\HealthControllerTest" classname="Tests.Feature.HealthControllerTest" assertions="0" time="0.000000">
          <error type="Error">Tests\Feature\HealthControllerTest::test_destroy_deletes_record
Error: Class "App\Models\User" not found

/www/wwwroot/jobportal.prus.dev/tests/Feature/HealthControllerTest.php:30</error>
        </testcase>
        <testcase name="test_unauthorized_access_is_prevented" file="/www/wwwroot/jobportal.prus.dev/tests/Feature/HealthControllerTest.php" line="168" class="Tests\Feature\HealthControllerTest" classname="Tests.Feature.HealthControllerTest" assertions="0" time="0.000000">
          <error type="Error">Tests\Feature\HealthControllerTest::test_unauthorized_access_is_prevented
Error: Class "App\Models\User" not found

/www/wwwroot/jobportal.prus.dev/tests/Feature/HealthControllerTest.php:30</error>
        </testcase>
        <testcase name="test_handles_invalid_input_gracefully" file="/www/wwwroot/jobportal.prus.dev/tests/Feature/HealthControllerTest.php" line="179" class="Tests\Feature\HealthControllerTest" classname="Tests.Feature.HealthControllerTest" assertions="0" time="0.000000">
          <error type="Error">Tests\Feature\HealthControllerTest::test_handles_invalid_input_gracefully
Error: Class "App\Models\User" not found

/www/wwwroot/jobportal.prus.dev/tests/Feature/HealthControllerTest.php:30</error>
        </testcase>
        <testcase name="test_search_functionality" file="/www/wwwroot/jobportal.prus.dev/tests/Feature/HealthControllerTest.php" line="196" class="Tests\Feature\HealthControllerTest" classname="Tests.Feature.HealthControllerTest" assertions="0" time="0.000000">
          <error type="Error">Tests\Feature\HealthControllerTest::test_search_functionality
Error: Class "App\Models\User" not found

/www/wwwroot/jobportal.prus.dev/tests/Feature/HealthControllerTest.php:30</error>
        </testcase>
        <testcase name="test_pagination_works_correctly" file="/www/wwwroot/jobportal.prus.dev/tests/Feature/HealthControllerTest.php" line="210" class="Tests\Feature\HealthControllerTest" classname="Tests.Feature.HealthControllerTest" assertions="0" time="0.000000">
          <error type="Error">Tests\Feature\HealthControllerTest::test_pagination_works_correctly
Error: Class "App\Models\User" not found

/www/wwwroot/jobportal.prus.dev/tests/Feature/HealthControllerTest.php:30</error>
        </testcase>
        <testcase name="test_csrf_protection_is_enforced" file="/www/wwwroot/jobportal.prus.dev/tests/Feature/HealthControllerTest.php" line="221" class="Tests\Feature\HealthControllerTest" classname="Tests.Feature.HealthControllerTest" assertions="0" time="0.000000">
          <error type="Error">Tests\Feature\HealthControllerTest::test_csrf_protection_is_enforced
Error: Class "App\Models\User" not found

/www/wwwroot/jobportal.prus.dev/tests/Feature/HealthControllerTest.php:30</error>
        </testcase>
        <testcase name="test_rate_limiting_prevents_abuse" file="/www/wwwroot/jobportal.prus.dev/tests/Feature/HealthControllerTest.php" line="233" class="Tests\Feature\HealthControllerTest" classname="Tests.Feature.HealthControllerTest" assertions="0" time="0.000000">
          <error type="Error">Tests\Feature\HealthControllerTest::test_rate_limiting_prevents_abuse
Error: Class "App\Models\User" not found

/www/wwwroot/jobportal.prus.dev/tests/Feature/HealthControllerTest.php:30</error>
        </testcase>
        <testcase name="test_handles_server_errors_gracefully" file="/www/wwwroot/jobportal.prus.dev/tests/Feature/HealthControllerTest.php" line="248" class="Tests\Feature\HealthControllerTest" classname="Tests.Feature.HealthControllerTest" assertions="0" time="0.000000">
          <error type="Error">Tests\Feature\HealthControllerTest::test_handles_server_errors_gracefully
Error: Class "App\Models\User" not found

/www/wwwroot/jobportal.prus.dev/tests/Feature/HealthControllerTest.php:30</error>
        </testcase>
      </testsuite>
      <testsuite name="Tests\Feature\HomeControllerTest" file="/www/wwwroot/jobportal.prus.dev/tests/Feature/HomeControllerTest.php" tests="11" assertions="0" errors="11" failures="0" skipped="0" time="0.000000">
        <testcase name="test_index_displays_correctly" file="/www/wwwroot/jobportal.prus.dev/tests/Feature/HomeControllerTest.php" line="34" class="Tests\Feature\HomeControllerTest" classname="Tests.Feature.HomeControllerTest" assertions="0" time="0.000000">
          <error type="Error">Tests\Feature\HomeControllerTest::test_index_displays_correctly
Error: Class "App\Models\User" not found

/www/wwwroot/jobportal.prus.dev/tests/Feature/HomeControllerTest.php:28</error>
        </testcase>
        <testcase name="test_create_displays_form" file="/www/wwwroot/jobportal.prus.dev/tests/Feature/HomeControllerTest.php" line="45" class="Tests\Feature\HomeControllerTest" classname="Tests.Feature.HomeControllerTest" assertions="0" time="0.000000">
          <error type="Error">Tests\Feature\HomeControllerTest::test_create_displays_form
Error: Class "App\Models\User" not found

/www/wwwroot/jobportal.prus.dev/tests/Feature/HomeControllerTest.php:28</error>
        </testcase>
        <testcase name="test_store_creates_new_record" file="/www/wwwroot/jobportal.prus.dev/tests/Feature/HomeControllerTest.php" line="56" class="Tests\Feature\HomeControllerTest" classname="Tests.Feature.HomeControllerTest" assertions="0" time="0.000000">
          <error type="Error">Tests\Feature\HomeControllerTest::test_store_creates_new_record
Error: Class "App\Models\User" not found

/www/wwwroot/jobportal.prus.dev/tests/Feature/HomeControllerTest.php:28</error>
        </testcase>
        <testcase name="test_store_validates_required_fields" file="/www/wwwroot/jobportal.prus.dev/tests/Feature/HomeControllerTest.php" line="78" class="Tests\Feature\HomeControllerTest" classname="Tests.Feature.HomeControllerTest" assertions="0" time="0.000000">
          <error type="Error">Tests\Feature\HomeControllerTest::test_store_validates_required_fields
Error: Class "App\Models\User" not found

/www/wwwroot/jobportal.prus.dev/tests/Feature/HomeControllerTest.php:28</error>
        </testcase>
        <testcase name="test_show_displays_record" file="/www/wwwroot/jobportal.prus.dev/tests/Feature/HomeControllerTest.php" line="89" class="Tests\Feature\HomeControllerTest" classname="Tests.Feature.HomeControllerTest" assertions="0" time="0.000000">
          <error type="Error">Tests\Feature\HomeControllerTest::test_show_displays_record
Error: Class "App\Models\User" not found

/www/wwwroot/jobportal.prus.dev/tests/Feature/HomeControllerTest.php:28</error>
        </testcase>
        <testcase name="test_edit_displays_form" file="/www/wwwroot/jobportal.prus.dev/tests/Feature/HomeControllerTest.php" line="102" class="Tests\Feature\HomeControllerTest" classname="Tests.Feature.HomeControllerTest" assertions="0" time="0.000000">
          <error type="Error">Tests\Feature\HomeControllerTest::test_edit_displays_form
Error: Class "App\Models\User" not found

/www/wwwroot/jobportal.prus.dev/tests/Feature/HomeControllerTest.php:28</error>
        </testcase>
        <testcase name="test_update_modifies_record" file="/www/wwwroot/jobportal.prus.dev/tests/Feature/HomeControllerTest.php" line="115" class="Tests\Feature\HomeControllerTest" classname="Tests.Feature.HomeControllerTest" assertions="0" time="0.000000">
          <error type="Error">Tests\Feature\HomeControllerTest::test_update_modifies_record
Error: Class "App\Models\User" not found

/www/wwwroot/jobportal.prus.dev/tests/Feature/HomeControllerTest.php:28</error>
        </testcase>
        <testcase name="test_destroy_deletes_record" file="/www/wwwroot/jobportal.prus.dev/tests/Feature/HomeControllerTest.php" line="136" class="Tests\Feature\HomeControllerTest" classname="Tests.Feature.HomeControllerTest" assertions="0" time="0.000000">
          <error type="Error">Tests\Feature\HomeControllerTest::test_destroy_deletes_record
Error: Class "App\Models\User" not found

/www/wwwroot/jobportal.prus.dev/tests/Feature/HomeControllerTest.php:28</error>
        </testcase>
        <testcase name="test_unauthorized_access_is_prevented" file="/www/wwwroot/jobportal.prus.dev/tests/Feature/HomeControllerTest.php" line="150" class="Tests\Feature\HomeControllerTest" classname="Tests.Feature.HomeControllerTest" assertions="0" time="0.000000">
          <error type="Error">Tests\Feature\HomeControllerTest::test_unauthorized_access_is_prevented
Error: Class "App\Models\User" not found

/www/wwwroot/jobportal.prus.dev/tests/Feature/HomeControllerTest.php:28</error>
        </testcase>
        <testcase name="test_store_with_invalid_email" file="/www/wwwroot/jobportal.prus.dev/tests/Feature/HomeControllerTest.php" line="160" class="Tests\Feature\HomeControllerTest" classname="Tests.Feature.HomeControllerTest" assertions="0" time="0.000000">
          <error type="Error">Tests\Feature\HomeControllerTest::test_store_with_invalid_email
Error: Class "App\Models\User" not found

/www/wwwroot/jobportal.prus.dev/tests/Feature/HomeControllerTest.php:28</error>
        </testcase>
        <testcase name="test_store_prevents_duplicate_names" file="/www/wwwroot/jobportal.prus.dev/tests/Feature/HomeControllerTest.php" line="177" class="Tests\Feature\HomeControllerTest" classname="Tests.Feature.HomeControllerTest" assertions="0" time="0.000000">
          <error type="Error">Tests\Feature\HomeControllerTest::test_store_prevents_duplicate_names
Error: Class "App\Models\User" not found

/www/wwwroot/jobportal.prus.dev/tests/Feature/HomeControllerTest.php:28</error>
        </testcase>
      </testsuite>
      <testsuite name="Tests\Feature\Job\JobShiftControllerTest" file="/www/wwwroot/jobportal.prus.dev/tests/Feature/Job/JobShiftControllerTest.php" tests="10" assertions="0" errors="10" failures="0" skipped="0" time="0.000000">
        <testcase name="admin_can_create_jobshift" file="/www/wwwroot/jobportal.prus.dev/tests/Feature/Job/JobShiftControllerTest.php" line="45" class="Tests\Feature\Job\JobShiftControllerTest" classname="Tests.Feature.Job.JobShiftControllerTest" assertions="0" time="0.000000">
          <error type="Error">Tests\Feature\Job\JobShiftControllerTest::admin_can_create_jobshift
Error: Class "App\Models\User" not found

/www/wwwroot/jobportal.prus.dev/tests/Feature/Job/JobShiftControllerTest.php:34</error>
        </testcase>
        <testcase name="employer_can_create_jobshift" file="/www/wwwroot/jobportal.prus.dev/tests/Feature/Job/JobShiftControllerTest.php" line="69" class="Tests\Feature\Job\JobShiftControllerTest" classname="Tests.Feature.Job.JobShiftControllerTest" assertions="0" time="0.000000">
          <error type="Error">Tests\Feature\Job\JobShiftControllerTest::employer_can_create_jobshift
Error: Class "App\Models\User" not found

/www/wwwroot/jobportal.prus.dev/tests/Feature/Job/JobShiftControllerTest.php:34</error>
        </testcase>
        <testcase name="candidate_cannot_create_jobshift" file="/www/wwwroot/jobportal.prus.dev/tests/Feature/Job/JobShiftControllerTest.php" line="86" class="Tests\Feature\Job\JobShiftControllerTest" classname="Tests.Feature.Job.JobShiftControllerTest" assertions="0" time="0.000000">
          <error type="Error">Tests\Feature\Job\JobShiftControllerTest::candidate_cannot_create_jobshift
Error: Class "App\Models\User" not found

/www/wwwroot/jobportal.prus.dev/tests/Feature/Job/JobShiftControllerTest.php:34</error>
        </testcase>
        <testcase name="unauthenticated_user_cannot_create_jobshift" file="/www/wwwroot/jobportal.prus.dev/tests/Feature/Job/JobShiftControllerTest.php" line="103" class="Tests\Feature\Job\JobShiftControllerTest" classname="Tests.Feature.Job.JobShiftControllerTest" assertions="0" time="0.000000">
          <error type="Error">Tests\Feature\Job\JobShiftControllerTest::unauthenticated_user_cannot_create_jobshift
Error: Class "App\Models\User" not found

/www/wwwroot/jobportal.prus.dev/tests/Feature/Job/JobShiftControllerTest.php:34</error>
        </testcase>
        <testcase name="admin_can_update_jobshift" file="/www/wwwroot/jobportal.prus.dev/tests/Feature/Job/JobShiftControllerTest.php" line="118" class="Tests\Feature\Job\JobShiftControllerTest" classname="Tests.Feature.Job.JobShiftControllerTest" assertions="0" time="0.000000">
          <error type="Error">Tests\Feature\Job\JobShiftControllerTest::admin_can_update_jobshift
Error: Class "App\Models\User" not found

/www/wwwroot/jobportal.prus.dev/tests/Feature/Job/JobShiftControllerTest.php:34</error>
        </testcase>
        <testcase name="admin_can_delete_jobshift" file="/www/wwwroot/jobportal.prus.dev/tests/Feature/Job/JobShiftControllerTest.php" line="141" class="Tests\Feature\Job\JobShiftControllerTest" classname="Tests.Feature.Job.JobShiftControllerTest" assertions="0" time="0.000000">
          <error type="Error">Tests\Feature\Job\JobShiftControllerTest::admin_can_delete_jobshift
Error: Class "App\Models\User" not found

/www/wwwroot/jobportal.prus.dev/tests/Feature/Job/JobShiftControllerTest.php:34</error>
        </testcase>
        <testcase name="validation_fails_with_invalid_data" file="/www/wwwroot/jobportal.prus.dev/tests/Feature/Job/JobShiftControllerTest.php" line="157" class="Tests\Feature\Job\JobShiftControllerTest" classname="Tests.Feature.Job.JobShiftControllerTest" assertions="0" time="0.000000">
          <error type="Error">Tests\Feature\Job\JobShiftControllerTest::validation_fails_with_invalid_data
Error: Class "App\Models\User" not found

/www/wwwroot/jobportal.prus.dev/tests/Feature/Job/JobShiftControllerTest.php:34</error>
        </testcase>
        <testcase name="validation_fails_with_duplicate_name" file="/www/wwwroot/jobportal.prus.dev/tests/Feature/Job/JobShiftControllerTest.php" line="172" class="Tests\Feature\Job\JobShiftControllerTest" classname="Tests.Feature.Job.JobShiftControllerTest" assertions="0" time="0.000000">
          <error type="Error">Tests\Feature\Job\JobShiftControllerTest::validation_fails_with_duplicate_name
Error: Class "App\Models\User" not found

/www/wwwroot/jobportal.prus.dev/tests/Feature/Job/JobShiftControllerTest.php:34</error>
        </testcase>
        <testcase name="can_list_jobshifts" file="/www/wwwroot/jobportal.prus.dev/tests/Feature/Job/JobShiftControllerTest.php" line="193" class="Tests\Feature\Job\JobShiftControllerTest" classname="Tests.Feature.Job.JobShiftControllerTest" assertions="0" time="0.000000">
          <error type="Error">Tests\Feature\Job\JobShiftControllerTest::can_list_jobshifts
Error: Class "App\Models\User" not found

/www/wwwroot/jobportal.prus.dev/tests/Feature/Job/JobShiftControllerTest.php:34</error>
        </testcase>
        <testcase name="can_show_single_jobshift" file="/www/wwwroot/jobportal.prus.dev/tests/Feature/Job/JobShiftControllerTest.php" line="210" class="Tests\Feature\Job\JobShiftControllerTest" classname="Tests.Feature.Job.JobShiftControllerTest" assertions="0" time="0.000000">
          <error type="Error">Tests\Feature\Job\JobShiftControllerTest::can_show_single_jobshift
Error: Class "App\Models\User" not found

/www/wwwroot/jobportal.prus.dev/tests/Feature/Job/JobShiftControllerTest.php:34</error>
        </testcase>
      </testsuite>
      <testsuite name="Tests\Feature\Job\JobTypeControllerTest" file="/www/wwwroot/jobportal.prus.dev/tests/Feature/Job/JobTypeControllerTest.php" tests="10" assertions="0" errors="10" failures="0" skipped="0" time="0.000000">
        <testcase name="admin_can_create_jobtype" file="/www/wwwroot/jobportal.prus.dev/tests/Feature/Job/JobTypeControllerTest.php" line="45" class="Tests\Feature\Job\JobTypeControllerTest" classname="Tests.Feature.Job.JobTypeControllerTest" assertions="0" time="0.000000">
          <error type="Error">Tests\Feature\Job\JobTypeControllerTest::admin_can_create_jobtype
Error: Class "App\Models\User" not found

/www/wwwroot/jobportal.prus.dev/tests/Feature/Job/JobTypeControllerTest.php:34</error>
        </testcase>
        <testcase name="employer_can_create_jobtype" file="/www/wwwroot/jobportal.prus.dev/tests/Feature/Job/JobTypeControllerTest.php" line="68" class="Tests\Feature\Job\JobTypeControllerTest" classname="Tests.Feature.Job.JobTypeControllerTest" assertions="0" time="0.000000">
          <error type="Error">Tests\Feature\Job\JobTypeControllerTest::employer_can_create_jobtype
Error: Class "App\Models\User" not found

/www/wwwroot/jobportal.prus.dev/tests/Feature/Job/JobTypeControllerTest.php:34</error>
        </testcase>
        <testcase name="candidate_cannot_create_jobtype" file="/www/wwwroot/jobportal.prus.dev/tests/Feature/Job/JobTypeControllerTest.php" line="84" class="Tests\Feature\Job\JobTypeControllerTest" classname="Tests.Feature.Job.JobTypeControllerTest" assertions="0" time="0.000000">
          <error type="Error">Tests\Feature\Job\JobTypeControllerTest::candidate_cannot_create_jobtype
Error: Class "App\Models\User" not found

/www/wwwroot/jobportal.prus.dev/tests/Feature/Job/JobTypeControllerTest.php:34</error>
        </testcase>
        <testcase name="unauthenticated_user_cannot_create_jobtype" file="/www/wwwroot/jobportal.prus.dev/tests/Feature/Job/JobTypeControllerTest.php" line="100" class="Tests\Feature\Job\JobTypeControllerTest" classname="Tests.Feature.Job.JobTypeControllerTest" assertions="0" time="0.000000">
          <error type="Error">Tests\Feature\Job\JobTypeControllerTest::unauthenticated_user_cannot_create_jobtype
Error: Class "App\Models\User" not found

/www/wwwroot/jobportal.prus.dev/tests/Feature/Job/JobTypeControllerTest.php:34</error>
        </testcase>
        <testcase name="admin_can_update_jobtype" file="/www/wwwroot/jobportal.prus.dev/tests/Feature/Job/JobTypeControllerTest.php" line="114" class="Tests\Feature\Job\JobTypeControllerTest" classname="Tests.Feature.Job.JobTypeControllerTest" assertions="0" time="0.000000">
          <error type="Error">Tests\Feature\Job\JobTypeControllerTest::admin_can_update_jobtype
Error: Class "App\Models\User" not found

/www/wwwroot/jobportal.prus.dev/tests/Feature/Job/JobTypeControllerTest.php:34</error>
        </testcase>
        <testcase name="admin_can_delete_jobtype" file="/www/wwwroot/jobportal.prus.dev/tests/Feature/Job/JobTypeControllerTest.php" line="136" class="Tests\Feature\Job\JobTypeControllerTest" classname="Tests.Feature.Job.JobTypeControllerTest" assertions="0" time="0.000000">
          <error type="Error">Tests\Feature\Job\JobTypeControllerTest::admin_can_delete_jobtype
Error: Class "App\Models\User" not found

/www/wwwroot/jobportal.prus.dev/tests/Feature/Job/JobTypeControllerTest.php:34</error>
        </testcase>
        <testcase name="validation_fails_with_invalid_data" file="/www/wwwroot/jobportal.prus.dev/tests/Feature/Job/JobTypeControllerTest.php" line="152" class="Tests\Feature\Job\JobTypeControllerTest" classname="Tests.Feature.Job.JobTypeControllerTest" assertions="0" time="0.000000">
          <error type="Error">Tests\Feature\Job\JobTypeControllerTest::validation_fails_with_invalid_data
Error: Class "App\Models\User" not found

/www/wwwroot/jobportal.prus.dev/tests/Feature/Job/JobTypeControllerTest.php:34</error>
        </testcase>
        <testcase name="validation_fails_with_duplicate_name" file="/www/wwwroot/jobportal.prus.dev/tests/Feature/Job/JobTypeControllerTest.php" line="167" class="Tests\Feature\Job\JobTypeControllerTest" classname="Tests.Feature.Job.JobTypeControllerTest" assertions="0" time="0.000000">
          <error type="Error">Tests\Feature\Job\JobTypeControllerTest::validation_fails_with_duplicate_name
Error: Class "App\Models\User" not found

/www/wwwroot/jobportal.prus.dev/tests/Feature/Job/JobTypeControllerTest.php:34</error>
        </testcase>
        <testcase name="can_list_jobtypes" file="/www/wwwroot/jobportal.prus.dev/tests/Feature/Job/JobTypeControllerTest.php" line="187" class="Tests\Feature\Job\JobTypeControllerTest" classname="Tests.Feature.Job.JobTypeControllerTest" assertions="0" time="0.000000">
          <error type="Error">Tests\Feature\Job\JobTypeControllerTest::can_list_jobtypes
Error: Class "App\Models\User" not found

/www/wwwroot/jobportal.prus.dev/tests/Feature/Job/JobTypeControllerTest.php:34</error>
        </testcase>
        <testcase name="can_show_single_jobtype" file="/www/wwwroot/jobportal.prus.dev/tests/Feature/Job/JobTypeControllerTest.php" line="204" class="Tests\Feature\Job\JobTypeControllerTest" classname="Tests.Feature.Job.JobTypeControllerTest" assertions="0" time="0.000000">
          <error type="Error">Tests\Feature\Job\JobTypeControllerTest::can_show_single_jobtype
Error: Class "App\Models\User" not found

/www/wwwroot/jobportal.prus.dev/tests/Feature/Job/JobTypeControllerTest.php:34</error>
        </testcase>
      </testsuite>
      <testsuite name="Tests\Feature\JobApplicationTest" file="/www/wwwroot/jobportal.prus.dev/tests/Feature/JobApplicationTest.php" tests="12" assertions="0" errors="12" failures="0" skipped="0" time="0.000000">
        <testcase name="employer_can_view_job_applications" file="/www/wwwroot/jobportal.prus.dev/tests/Feature/JobApplicationTest.php" line="68" class="Tests\Feature\JobApplicationTest" classname="Tests.Feature.JobApplicationTest" assertions="0" time="0.000000">
          <error type="Error">Tests\Feature\JobApplicationTest::employer_can_view_job_applications
Error: Class "App\Models\User" not found

/www/wwwroot/jobportal.prus.dev/tests/Feature/JobApplicationTest.php:39</error>
        </testcase>
        <testcase name="employer_cannot_view_job_applications_for_jobs_not_belonging_to_them" file="/www/wwwroot/jobportal.prus.dev/tests/Feature/JobApplicationTest.php" line="79" class="Tests\Feature\JobApplicationTest" classname="Tests.Feature.JobApplicationTest" assertions="0" time="0.000000">
          <error type="Error">Tests\Feature\JobApplicationTest::employer_cannot_view_job_applications_for_jobs_not_belonging_to_them
Error: Class "App\Models\User" not found

/www/wwwroot/jobportal.prus.dev/tests/Feature/JobApplicationTest.php:39</error>
        </testcase>
        <testcase name="employer_can_change_job_application_status" file="/www/wwwroot/jobportal.prus.dev/tests/Feature/JobApplicationTest.php" line="93" class="Tests\Feature\JobApplicationTest" classname="Tests.Feature.JobApplicationTest" assertions="0" time="0.000000">
          <error type="Error">Tests\Feature\JobApplicationTest::employer_can_change_job_application_status
Error: Class "App\Models\User" not found

/www/wwwroot/jobportal.prus.dev/tests/Feature/JobApplicationTest.php:39</error>
        </testcase>
        <testcase name="employer_cannot_change_status_of_applications_for_jobs_not_belonging_to_them" file="/www/wwwroot/jobportal.prus.dev/tests/Feature/JobApplicationTest.php" line="110" class="Tests\Feature\JobApplicationTest" classname="Tests.Feature.JobApplicationTest" assertions="0" time="0.000000">
          <error type="Error">Tests\Feature\JobApplicationTest::employer_cannot_change_status_of_applications_for_jobs_not_belonging_to_them
Error: Class "App\Models\User" not found

/www/wwwroot/jobportal.prus.dev/tests/Feature/JobApplicationTest.php:39</error>
        </testcase>
        <testcase name="employer_can_delete_job_application" file="/www/wwwroot/jobportal.prus.dev/tests/Feature/JobApplicationTest.php" line="135" class="Tests\Feature\JobApplicationTest" classname="Tests.Feature.JobApplicationTest" assertions="0" time="0.000000">
          <error type="Error">Tests\Feature\JobApplicationTest::employer_can_delete_job_application
Error: Class "App\Models\User" not found

/www/wwwroot/jobportal.prus.dev/tests/Feature/JobApplicationTest.php:39</error>
        </testcase>
        <testcase name="employer_cannot_delete_applications_for_jobs_not_belonging_to_them" file="/www/wwwroot/jobportal.prus.dev/tests/Feature/JobApplicationTest.php" line="150" class="Tests\Feature\JobApplicationTest" classname="Tests.Feature.JobApplicationTest" assertions="0" time="0.000000">
          <error type="Error">Tests\Feature\JobApplicationTest::employer_cannot_delete_applications_for_jobs_not_belonging_to_them
Error: Class "App\Models\User" not found

/www/wwwroot/jobportal.prus.dev/tests/Feature/JobApplicationTest.php:39</error>
        </testcase>
        <testcase name="employer_can_change_job_stage" file="/www/wwwroot/jobportal.prus.dev/tests/Feature/JobApplicationTest.php" line="173" class="Tests\Feature\JobApplicationTest" classname="Tests.Feature.JobApplicationTest" assertions="0" time="0.000000">
          <error type="Error">Tests\Feature\JobApplicationTest::employer_can_change_job_stage
Error: Class "App\Models\User" not found

/www/wwwroot/jobportal.prus.dev/tests/Feature/JobApplicationTest.php:39</error>
        </testcase>
        <testcase name="candidate_can_view_their_job_application_status" file="/www/wwwroot/jobportal.prus.dev/tests/Feature/JobApplicationTest.php" line="190" class="Tests\Feature\JobApplicationTest" classname="Tests.Feature.JobApplicationTest" assertions="0" time="0.000000">
          <error type="Error">Tests\Feature\JobApplicationTest::candidate_can_view_their_job_application_status
Error: Class "App\Models\User" not found

/www/wwwroot/jobportal.prus.dev/tests/Feature/JobApplicationTest.php:39</error>
        </testcase>
        <testcase name="employer_can_view_slot_screen" file="/www/wwwroot/jobportal.prus.dev/tests/Feature/JobApplicationTest.php" line="201" class="Tests\Feature\JobApplicationTest" classname="Tests.Feature.JobApplicationTest" assertions="0" time="0.000000">
          <error type="Error">Tests\Feature\JobApplicationTest::employer_can_view_slot_screen
Error: Class "App\Models\User" not found

/www/wwwroot/jobportal.prus.dev/tests/Feature/JobApplicationTest.php:39</error>
        </testcase>
        <testcase name="employer_can_store_interview_slot" file="/www/wwwroot/jobportal.prus.dev/tests/Feature/JobApplicationTest.php" line="212" class="Tests\Feature\JobApplicationTest" classname="Tests.Feature.JobApplicationTest" assertions="0" time="0.000000">
          <error type="Error">Tests\Feature\JobApplicationTest::employer_can_store_interview_slot
Error: Class "App\Models\User" not found

/www/wwwroot/jobportal.prus.dev/tests/Feature/JobApplicationTest.php:39</error>
        </testcase>
        <testcase name="employer_cannot_create_duplicate_slots" file="/www/wwwroot/jobportal.prus.dev/tests/Feature/JobApplicationTest.php" line="235" class="Tests\Feature\JobApplicationTest" classname="Tests.Feature.JobApplicationTest" assertions="0" time="0.000000">
          <error type="Error">Tests\Feature\JobApplicationTest::employer_cannot_create_duplicate_slots
Error: Class "App\Models\User" not found

/www/wwwroot/jobportal.prus.dev/tests/Feature/JobApplicationTest.php:39</error>
        </testcase>
        <testcase name="employer_can_view_selected_candidates" file="/www/wwwroot/jobportal.prus.dev/tests/Feature/JobApplicationTest.php" line="258" class="Tests\Feature\JobApplicationTest" classname="Tests.Feature.JobApplicationTest" assertions="0" time="0.000000">
          <error type="Error">Tests\Feature\JobApplicationTest::employer_can_view_selected_candidates
Error: Class "App\Models\User" not found

/www/wwwroot/jobportal.prus.dev/tests/Feature/JobApplicationTest.php:39</error>
        </testcase>
      </testsuite>
      <testsuite name="Tests\Feature\JobControllerTest" file="/www/wwwroot/jobportal.prus.dev/tests/Feature/JobControllerTest.php" tests="4" assertions="0" errors="4" failures="0" skipped="0" time="0.000000">
        <testcase name="it_can_display_index_page" file="/www/wwwroot/jobportal.prus.dev/tests/Feature/JobControllerTest.php" line="28" class="Tests\Feature\JobControllerTest" classname="Tests.Feature.JobControllerTest" assertions="0" time="0.000000">
          <error type="Error">Tests\Feature\JobControllerTest::it_can_display_index_page
Error: Class "App\Models\User" not found

/www/wwwroot/jobportal.prus.dev/tests/Feature/JobControllerTest.php:24</error>
        </testcase>
        <testcase name="it_can_create_job" file="/www/wwwroot/jobportal.prus.dev/tests/Feature/JobControllerTest.php" line="37" class="Tests\Feature\JobControllerTest" classname="Tests.Feature.JobControllerTest" assertions="0" time="0.000000">
          <error type="Error">Tests\Feature\JobControllerTest::it_can_create_job
Error: Class "App\Models\User" not found

/www/wwwroot/jobportal.prus.dev/tests/Feature/JobControllerTest.php:24</error>
        </testcase>
        <testcase name="it_can_update_job" file="/www/wwwroot/jobportal.prus.dev/tests/Feature/JobControllerTest.php" line="48" class="Tests\Feature\JobControllerTest" classname="Tests.Feature.JobControllerTest" assertions="0" time="0.000000">
          <error type="Error">Tests\Feature\JobControllerTest::it_can_update_job
Error: Class "App\Models\User" not found

/www/wwwroot/jobportal.prus.dev/tests/Feature/JobControllerTest.php:24</error>
        </testcase>
        <testcase name="it_can_delete_job" file="/www/wwwroot/jobportal.prus.dev/tests/Feature/JobControllerTest.php" line="60" class="Tests\Feature\JobControllerTest" classname="Tests.Feature.JobControllerTest" assertions="0" time="0.000000">
          <error type="Error">Tests\Feature\JobControllerTest::it_can_delete_job
Error: Class "App\Models\User" not found

/www/wwwroot/jobportal.prus.dev/tests/Feature/JobControllerTest.php:24</error>
        </testcase>
      </testsuite>
      <testsuite name="Tests\Feature\JobManagementTest" file="/www/wwwroot/jobportal.prus.dev/tests/Feature/JobManagementTest.php" tests="4" assertions="0" errors="4" failures="0" skipped="0" time="0.000000">
        <testcase name="employer_can_create_job" file="/www/wwwroot/jobportal.prus.dev/tests/Feature/JobManagementTest.php" line="34" class="Tests\Feature\JobManagementTest" classname="Tests.Feature.JobManagementTest" assertions="0" time="0.000000">
          <error type="Error">Tests\Feature\JobManagementTest::employer_can_create_job
Error: Class "App\Models\User" not found

/www/wwwroot/jobportal.prus.dev/tests/Feature/JobManagementTest.php:29</error>
        </testcase>
        <testcase name="candidate_can_apply_for_job" file="/www/wwwroot/jobportal.prus.dev/tests/Feature/JobManagementTest.php" line="57" class="Tests\Feature\JobManagementTest" classname="Tests.Feature.JobManagementTest" assertions="0" time="0.000000">
          <error type="Error">Tests\Feature\JobManagementTest::candidate_can_apply_for_job
Error: Class "App\Models\User" not found

/www/wwwroot/jobportal.prus.dev/tests/Feature/JobManagementTest.php:29</error>
        </testcase>
        <testcase name="jobs_can_be_searched" file="/www/wwwroot/jobportal.prus.dev/tests/Feature/JobManagementTest.php" line="71" class="Tests\Feature\JobManagementTest" classname="Tests.Feature.JobManagementTest" assertions="0" time="0.000000">
          <error type="Error">Tests\Feature\JobManagementTest::jobs_can_be_searched
Error: Class "App\Models\User" not found

/www/wwwroot/jobportal.prus.dev/tests/Feature/JobManagementTest.php:29</error>
        </testcase>
        <testcase name="jobs_can_be_filtered_by_category" file="/www/wwwroot/jobportal.prus.dev/tests/Feature/JobManagementTest.php" line="84" class="Tests\Feature\JobManagementTest" classname="Tests.Feature.JobManagementTest" assertions="0" time="0.000000">
          <error type="Error">Tests\Feature\JobManagementTest::jobs_can_be_filtered_by_category
Error: Class "App\Models\User" not found

/www/wwwroot/jobportal.prus.dev/tests/Feature/JobManagementTest.php:29</error>
        </testcase>
      </testsuite>
      <testsuite name="Tests\Feature\JobNotificationControllerTest" file="/www/wwwroot/jobportal.prus.dev/tests/Feature/JobNotificationControllerTest.php" tests="17" assertions="0" errors="17" failures="0" skipped="0" time="0.000000">
        <testcase name="test_index_displays_correctly" file="/www/wwwroot/jobportal.prus.dev/tests/Feature/JobNotificationControllerTest.php" line="36" class="Tests\Feature\JobNotificationControllerTest" classname="Tests.Feature.JobNotificationControllerTest" assertions="0" time="0.000000">
          <error type="Error">Tests\Feature\JobNotificationControllerTest::test_index_displays_correctly
Error: Class "App\Models\User" not found

/www/wwwroot/jobportal.prus.dev/tests/Feature/JobNotificationControllerTest.php:30</error>
        </testcase>
        <testcase name="test_guest_can_access_public_pages" file="/www/wwwroot/jobportal.prus.dev/tests/Feature/JobNotificationControllerTest.php" line="48" class="Tests\Feature\JobNotificationControllerTest" classname="Tests.Feature.JobNotificationControllerTest" assertions="0" time="0.000000">
          <error type="Error">Tests\Feature\JobNotificationControllerTest::test_guest_can_access_public_pages
Error: Class "App\Models\User" not found

/www/wwwroot/jobportal.prus.dev/tests/Feature/JobNotificationControllerTest.php:30</error>
        </testcase>
        <testcase name="test_authenticated_user_access" file="/www/wwwroot/jobportal.prus.dev/tests/Feature/JobNotificationControllerTest.php" line="59" class="Tests\Feature\JobNotificationControllerTest" classname="Tests.Feature.JobNotificationControllerTest" assertions="0" time="0.000000">
          <error type="Error">Tests\Feature\JobNotificationControllerTest::test_authenticated_user_access
Error: Class "App\Models\User" not found

/www/wwwroot/jobportal.prus.dev/tests/Feature/JobNotificationControllerTest.php:30</error>
        </testcase>
        <testcase name="test_create_displays_form" file="/www/wwwroot/jobportal.prus.dev/tests/Feature/JobNotificationControllerTest.php" line="71" class="Tests\Feature\JobNotificationControllerTest" classname="Tests.Feature.JobNotificationControllerTest" assertions="0" time="0.000000">
          <error type="Error">Tests\Feature\JobNotificationControllerTest::test_create_displays_form
Error: Class "App\Models\User" not found

/www/wwwroot/jobportal.prus.dev/tests/Feature/JobNotificationControllerTest.php:30</error>
        </testcase>
        <testcase name="test_store_creates_new_record" file="/www/wwwroot/jobportal.prus.dev/tests/Feature/JobNotificationControllerTest.php" line="83" class="Tests\Feature\JobNotificationControllerTest" classname="Tests.Feature.JobNotificationControllerTest" assertions="0" time="0.000000">
          <error type="Error">Tests\Feature\JobNotificationControllerTest::test_store_creates_new_record
Error: Class "App\Models\User" not found

/www/wwwroot/jobportal.prus.dev/tests/Feature/JobNotificationControllerTest.php:30</error>
        </testcase>
        <testcase name="test_store_validates_required_fields" file="/www/wwwroot/jobportal.prus.dev/tests/Feature/JobNotificationControllerTest.php" line="102" class="Tests\Feature\JobNotificationControllerTest" classname="Tests.Feature.JobNotificationControllerTest" assertions="0" time="0.000000">
          <error type="Error">Tests\Feature\JobNotificationControllerTest::test_store_validates_required_fields
Error: Class "App\Models\User" not found

/www/wwwroot/jobportal.prus.dev/tests/Feature/JobNotificationControllerTest.php:30</error>
        </testcase>
        <testcase name="test_show_displays_record" file="/www/wwwroot/jobportal.prus.dev/tests/Feature/JobNotificationControllerTest.php" line="114" class="Tests\Feature\JobNotificationControllerTest" classname="Tests.Feature.JobNotificationControllerTest" assertions="0" time="0.000000">
          <error type="Error">Tests\Feature\JobNotificationControllerTest::test_show_displays_record
Error: Class "App\Models\User" not found

/www/wwwroot/jobportal.prus.dev/tests/Feature/JobNotificationControllerTest.php:30</error>
        </testcase>
        <testcase name="test_edit_displays_form" file="/www/wwwroot/jobportal.prus.dev/tests/Feature/JobNotificationControllerTest.php" line="128" class="Tests\Feature\JobNotificationControllerTest" classname="Tests.Feature.JobNotificationControllerTest" assertions="0" time="0.000000">
          <error type="Error">Tests\Feature\JobNotificationControllerTest::test_edit_displays_form
Error: Class "App\Models\User" not found

/www/wwwroot/jobportal.prus.dev/tests/Feature/JobNotificationControllerTest.php:30</error>
        </testcase>
        <testcase name="test_update_modifies_record" file="/www/wwwroot/jobportal.prus.dev/tests/Feature/JobNotificationControllerTest.php" line="139" class="Tests\Feature\JobNotificationControllerTest" classname="Tests.Feature.JobNotificationControllerTest" assertions="0" time="0.000000">
          <error type="Error">Tests\Feature\JobNotificationControllerTest::test_update_modifies_record
Error: Class "App\Models\User" not found

/www/wwwroot/jobportal.prus.dev/tests/Feature/JobNotificationControllerTest.php:30</error>
        </testcase>
        <testcase name="test_destroy_deletes_record" file="/www/wwwroot/jobportal.prus.dev/tests/Feature/JobNotificationControllerTest.php" line="156" class="Tests\Feature\JobNotificationControllerTest" classname="Tests.Feature.JobNotificationControllerTest" assertions="0" time="0.000000">
          <error type="Error">Tests\Feature\JobNotificationControllerTest::test_destroy_deletes_record
Error: Class "App\Models\User" not found

/www/wwwroot/jobportal.prus.dev/tests/Feature/JobNotificationControllerTest.php:30</error>
        </testcase>
        <testcase name="test_unauthorized_access_is_prevented" file="/www/wwwroot/jobportal.prus.dev/tests/Feature/JobNotificationControllerTest.php" line="168" class="Tests\Feature\JobNotificationControllerTest" classname="Tests.Feature.JobNotificationControllerTest" assertions="0" time="0.000000">
          <error type="Error">Tests\Feature\JobNotificationControllerTest::test_unauthorized_access_is_prevented
Error: Class "App\Models\User" not found

/www/wwwroot/jobportal.prus.dev/tests/Feature/JobNotificationControllerTest.php:30</error>
        </testcase>
        <testcase name="test_handles_invalid_input_gracefully" file="/www/wwwroot/jobportal.prus.dev/tests/Feature/JobNotificationControllerTest.php" line="179" class="Tests\Feature\JobNotificationControllerTest" classname="Tests.Feature.JobNotificationControllerTest" assertions="0" time="0.000000">
          <error type="Error">Tests\Feature\JobNotificationControllerTest::test_handles_invalid_input_gracefully
Error: Class "App\Models\User" not found

/www/wwwroot/jobportal.prus.dev/tests/Feature/JobNotificationControllerTest.php:30</error>
        </testcase>
        <testcase name="test_search_functionality" file="/www/wwwroot/jobportal.prus.dev/tests/Feature/JobNotificationControllerTest.php" line="196" class="Tests\Feature\JobNotificationControllerTest" classname="Tests.Feature.JobNotificationControllerTest" assertions="0" time="0.000000">
          <error type="Error">Tests\Feature\JobNotificationControllerTest::test_search_functionality
Error: Class "App\Models\User" not found

/www/wwwroot/jobportal.prus.dev/tests/Feature/JobNotificationControllerTest.php:30</error>
        </testcase>
        <testcase name="test_pagination_works_correctly" file="/www/wwwroot/jobportal.prus.dev/tests/Feature/JobNotificationControllerTest.php" line="210" class="Tests\Feature\JobNotificationControllerTest" classname="Tests.Feature.JobNotificationControllerTest" assertions="0" time="0.000000">
          <error type="Error">Tests\Feature\JobNotificationControllerTest::test_pagination_works_correctly
Error: Class "App\Models\User" not found

/www/wwwroot/jobportal.prus.dev/tests/Feature/JobNotificationControllerTest.php:30</error>
        </testcase>
        <testcase name="test_csrf_protection_is_enforced" file="/www/wwwroot/jobportal.prus.dev/tests/Feature/JobNotificationControllerTest.php" line="221" class="Tests\Feature\JobNotificationControllerTest" classname="Tests.Feature.JobNotificationControllerTest" assertions="0" time="0.000000">
          <error type="Error">Tests\Feature\JobNotificationControllerTest::test_csrf_protection_is_enforced
Error: Class "App\Models\User" not found

/www/wwwroot/jobportal.prus.dev/tests/Feature/JobNotificationControllerTest.php:30</error>
        </testcase>
        <testcase name="test_rate_limiting_prevents_abuse" file="/www/wwwroot/jobportal.prus.dev/tests/Feature/JobNotificationControllerTest.php" line="233" class="Tests\Feature\JobNotificationControllerTest" classname="Tests.Feature.JobNotificationControllerTest" assertions="0" time="0.000000">
          <error type="Error">Tests\Feature\JobNotificationControllerTest::test_rate_limiting_prevents_abuse
Error: Class "App\Models\User" not found

/www/wwwroot/jobportal.prus.dev/tests/Feature/JobNotificationControllerTest.php:30</error>
        </testcase>
        <testcase name="test_handles_server_errors_gracefully" file="/www/wwwroot/jobportal.prus.dev/tests/Feature/JobNotificationControllerTest.php" line="248" class="Tests\Feature\JobNotificationControllerTest" classname="Tests.Feature.JobNotificationControllerTest" assertions="0" time="0.000000">
          <error type="Error">Tests\Feature\JobNotificationControllerTest::test_handles_server_errors_gracefully
Error: Class "App\Models\User" not found

/www/wwwroot/jobportal.prus.dev/tests/Feature/JobNotificationControllerTest.php:30</error>
        </testcase>
      </testsuite>
      <testsuite name="Tests\Feature\JobPortalWebTest" file="/www/wwwroot/jobportal.prus.dev/tests/Feature/JobPortalWebTest.php" tests="20" assertions="34" errors="0" failures="19" skipped="0" time="16.745758">
        <testcase name="test_homepage_loads_successfully" file="/www/wwwroot/jobportal.prus.dev/tests/Feature/JobPortalWebTest.php" line="22" class="Tests\Feature\JobPortalWebTest" classname="Tests.Feature.JobPortalWebTest" assertions="2" time="0.795955">
          <failure type="PHPUnit\Framework\ExpectationFailedException">Tests\Feature\JobPortalWebTest::test_homepage_loads_successfully
Failed asserting that '&lt;!DOCTYPE html&gt;\n
&lt;html lang="en"&gt;\n
&lt;head&gt;\n
    &lt;meta charset="utf-8"&gt;\n
    &lt;meta name="viewport" content="width=device-width, initial-scale=1"&gt;\n
    &lt;meta name="csrf-token" content="uRqVpCVRMlMMA1mBAWMvOFQ5NK4h5ArM8fEFhe1e"&gt;\n
    &lt;title&gt;JobPortal - Home&lt;/title&gt;\n
    \n
    &lt;link rel="preload" as="style" href="https://jobportal.prus.dev/build/assets/app-DDhGWgft.css" /&gt;&lt;link rel="modulepreload" href="https://jobportal.prus.dev/build/assets/app-DCoCvc3a.js" /&gt;&lt;link rel="stylesheet" href="https://jobportal.prus.dev/build/assets/app-DDhGWgft.css" data-navigate-track="reload" /&gt;&lt;script type="module" src="https://jobportal.prus.dev/build/assets/app-DCoCvc3a.js" data-navigate-track="reload"&gt;&lt;/script&gt;&lt;/head&gt;\n
&lt;body class="bg-gray-50 font-sans antialiased"&gt;\n
    &lt;div class="min-h-screen"&gt;\n
        &lt;!-- Simple Header --&gt;\n
        &lt;header class="bg-white shadow"&gt;\n
            &lt;div class="max-w-7xl mx-auto px-4 sm:px-6 lg:px-8"&gt;\n
                &lt;div class="flex justify-between h-16"&gt;\n
                    &lt;div class="flex items-center"&gt;\n
                        &lt;h1 class="text-xl font-bold text-gray-900"&gt;JobPortal&lt;/h1&gt;\n
                    &lt;/div&gt;\n
                    &lt;div class="flex items-center space-x-4"&gt;\n
                        &lt;a href="https://jobportal.prus.dev/jobs" class="text-gray-700 hover:text-blue-600"&gt;Jobs&lt;/a&gt;\n
                        &lt;a href="https://jobportal.prus.dev/companies" class="text-gray-700 hover:text-blue-600"&gt;Companies&lt;/a&gt;\n
                        &lt;a href="https://jobportal.prus.dev/contact" class="text-gray-700 hover:text-blue-600"&gt;Contact&lt;/a&gt;\n
                    &lt;/div&gt;\n
                &lt;/div&gt;\n
            &lt;/div&gt;\n
        &lt;/header&gt;\n
\n
        &lt;!-- Main Content --&gt;\n
        &lt;main&gt;\n
            &lt;div class="max-w-7xl mx-auto py-12 px-4 sm:px-6 lg:px-8"&gt;\n
                &lt;div class="text-center"&gt;\n
                    &lt;h1 class="text-4xl font-bold text-gray-900 sm:text-6xl"&gt;\n
                        Welcome to Job Portal\n
                    &lt;/h1&gt;\n
                    &lt;p class="mt-6 text-lg leading-8 text-gray-600"&gt;\n
                        Your gateway to career opportunities. Find the perfect job or discover talented candidates.\n
                    &lt;/p&gt;\n
                    &lt;div class="mt-10 flex items-center justify-center gap-x-6"&gt;\n
                        &lt;a href="https://jobportal.prus.dev/jobs" \n
                           class="rounded-md bg-blue-600 px-3.5 py-2.5 text-sm font-semibold text-white shadow-sm hover:bg-blue-500 focus-visible:outline focus-visible:outline-2 focus-visible:outline-offset-2 focus-visible:outline-blue-600"&gt;\n
                            Browse Jobs\n
                        &lt;/a&gt;\n
                        &lt;a href="https://jobportal.prus.dev/companies" \n
                           class="text-sm font-semibold leading-6 text-gray-900"&gt;\n
                            View Companies &lt;span aria-hidden="true"&gt;→&lt;/span&gt;\n
                        &lt;/a&gt;\n
                    &lt;/div&gt;\n
                &lt;/div&gt;\n
\n
                &lt;!-- Stats Section --&gt;\n
                &lt;div class="mt-16"&gt;\n
                    &lt;div class="mx-auto max-w-7xl"&gt;\n
                        &lt;div class="grid grid-cols-1 gap-x-8 gap-y-16 text-center lg:grid-cols-3"&gt;\n
                            &lt;div class="mx-auto flex max-w-xs flex-col gap-y-4"&gt;\n
                                &lt;dt class="text-base leading-7 text-gray-600"&gt;Jobs Available&lt;/dt&gt;\n
                                &lt;dd class="order-first text-3xl font-semibold tracking-tight text-gray-900 sm:text-5xl"&gt;1,000+&lt;/dd&gt;\n
                            &lt;/div&gt;\n
                            &lt;div class="mx-auto flex max-w-xs flex-col gap-y-4"&gt;\n
                                &lt;dt class="text-base leading-7 text-gray-600"&gt;Companies&lt;/dt&gt;\n
                                &lt;dd class="order-first text-3xl font-semibold tracking-tight text-gray-900 sm:text-5xl"&gt;500+&lt;/dd&gt;\n
                            &lt;/div&gt;\n
                            &lt;div class="mx-auto flex max-w-xs flex-col gap-y-4"&gt;\n
                                &lt;dt class="text-base leading-7 text-gray-600"&gt;Success Stories&lt;/dt&gt;\n
                                &lt;dd class="order-first text-3xl font-semibold tracking-tight text-gray-900 sm:text-5xl"&gt;10,000+&lt;/dd&gt;\n
                            &lt;/div&gt;\n
                        &lt;/div&gt;\n
                    &lt;/div&gt;\n
                &lt;/div&gt;\n
            &lt;/div&gt;\n
        &lt;/main&gt;\n
\n
        &lt;!-- Simple Footer --&gt;\n
        &lt;footer class="bg-gray-900"&gt;\n
            &lt;div class="max-w-7xl mx-auto py-12 px-4 sm:px-6 lg:px-8"&gt;\n
                &lt;div class="text-center"&gt;\n
                    &lt;p class="text-base text-gray-400"&gt;&amp;copy; 2025 JobPortal. All rights reserved&lt;/p&gt;\n
                &lt;/div&gt;\n
            &lt;/div&gt;\n
        &lt;/footer&gt;\n
&lt;/div&gt;\n
&lt;/body&gt;\n
&lt;/html&gt;' [UTF-8](length: 4683) contains "Find Your Dream Job Today" [ASCII](length: 25).

/www/wwwroot/jobportal.prus.dev/vendor/laravel/framework/src/Illuminate/Testing/TestResponseAssert.php:45
/www/wwwroot/jobportal.prus.dev/vendor/laravel/framework/src/Illuminate/Testing/TestResponse.php:655
/www/wwwroot/jobportal.prus.dev/tests/Feature/JobPortalWebTest.php:27</failure>
        </testcase>
        <testcase name="test_homepage_contains_expected_sections" file="/www/wwwroot/jobportal.prus.dev/tests/Feature/JobPortalWebTest.php" line="36" class="Tests\Feature\JobPortalWebTest" classname="Tests.Feature.JobPortalWebTest" assertions="2" time="0.861487">
          <failure type="PHPUnit\Framework\ExpectationFailedException">Tests\Feature\JobPortalWebTest::test_homepage_contains_expected_sections
Failed asserting that '&lt;!DOCTYPE html&gt;\n
&lt;html lang="en"&gt;\n
&lt;head&gt;\n
    &lt;meta charset="utf-8"&gt;\n
    &lt;meta name="viewport" content="width=device-width, initial-scale=1"&gt;\n
    &lt;meta name="csrf-token" content="LuwHFyxLD6aWo4oWQLesROEgSt9ADVnlg6KN81qe"&gt;\n
    &lt;title&gt;JobPortal - Home&lt;/title&gt;\n
    \n
    &lt;link rel="preload" as="style" href="https://jobportal.prus.dev/build/assets/app-DDhGWgft.css" /&gt;&lt;link rel="modulepreload" href="https://jobportal.prus.dev/build/assets/app-DCoCvc3a.js" /&gt;&lt;link rel="stylesheet" href="https://jobportal.prus.dev/build/assets/app-DDhGWgft.css" data-navigate-track="reload" /&gt;&lt;script type="module" src="https://jobportal.prus.dev/build/assets/app-DCoCvc3a.js" data-navigate-track="reload"&gt;&lt;/script&gt;&lt;/head&gt;\n
&lt;body class="bg-gray-50 font-sans antialiased"&gt;\n
    &lt;div class="min-h-screen"&gt;\n
        &lt;!-- Simple Header --&gt;\n
        &lt;header class="bg-white shadow"&gt;\n
            &lt;div class="max-w-7xl mx-auto px-4 sm:px-6 lg:px-8"&gt;\n
                &lt;div class="flex justify-between h-16"&gt;\n
                    &lt;div class="flex items-center"&gt;\n
                        &lt;h1 class="text-xl font-bold text-gray-900"&gt;JobPortal&lt;/h1&gt;\n
                    &lt;/div&gt;\n
                    &lt;div class="flex items-center space-x-4"&gt;\n
                        &lt;a href="https://jobportal.prus.dev/jobs" class="text-gray-700 hover:text-blue-600"&gt;Jobs&lt;/a&gt;\n
                        &lt;a href="https://jobportal.prus.dev/companies" class="text-gray-700 hover:text-blue-600"&gt;Companies&lt;/a&gt;\n
                        &lt;a href="https://jobportal.prus.dev/contact" class="text-gray-700 hover:text-blue-600"&gt;Contact&lt;/a&gt;\n
                    &lt;/div&gt;\n
                &lt;/div&gt;\n
            &lt;/div&gt;\n
        &lt;/header&gt;\n
\n
        &lt;!-- Main Content --&gt;\n
        &lt;main&gt;\n
            &lt;div class="max-w-7xl mx-auto py-12 px-4 sm:px-6 lg:px-8"&gt;\n
                &lt;div class="text-center"&gt;\n
                    &lt;h1 class="text-4xl font-bold text-gray-900 sm:text-6xl"&gt;\n
                        Welcome to Job Portal\n
                    &lt;/h1&gt;\n
                    &lt;p class="mt-6 text-lg leading-8 text-gray-600"&gt;\n
                        Your gateway to career opportunities. Find the perfect job or discover talented candidates.\n
                    &lt;/p&gt;\n
                    &lt;div class="mt-10 flex items-center justify-center gap-x-6"&gt;\n
                        &lt;a href="https://jobportal.prus.dev/jobs" \n
                           class="rounded-md bg-blue-600 px-3.5 py-2.5 text-sm font-semibold text-white shadow-sm hover:bg-blue-500 focus-visible:outline focus-visible:outline-2 focus-visible:outline-offset-2 focus-visible:outline-blue-600"&gt;\n
                            Browse Jobs\n
                        &lt;/a&gt;\n
                        &lt;a href="https://jobportal.prus.dev/companies" \n
                           class="text-sm font-semibold leading-6 text-gray-900"&gt;\n
                            View Companies &lt;span aria-hidden="true"&gt;→&lt;/span&gt;\n
                        &lt;/a&gt;\n
                    &lt;/div&gt;\n
                &lt;/div&gt;\n
\n
                &lt;!-- Stats Section --&gt;\n
                &lt;div class="mt-16"&gt;\n
                    &lt;div class="mx-auto max-w-7xl"&gt;\n
                        &lt;div class="grid grid-cols-1 gap-x-8 gap-y-16 text-center lg:grid-cols-3"&gt;\n
                            &lt;div class="mx-auto flex max-w-xs flex-col gap-y-4"&gt;\n
                                &lt;dt class="text-base leading-7 text-gray-600"&gt;Jobs Available&lt;/dt&gt;\n
                                &lt;dd class="order-first text-3xl font-semibold tracking-tight text-gray-900 sm:text-5xl"&gt;1,000+&lt;/dd&gt;\n
                            &lt;/div&gt;\n
                            &lt;div class="mx-auto flex max-w-xs flex-col gap-y-4"&gt;\n
                                &lt;dt class="text-base leading-7 text-gray-600"&gt;Companies&lt;/dt&gt;\n
                                &lt;dd class="order-first text-3xl font-semibold tracking-tight text-gray-900 sm:text-5xl"&gt;500+&lt;/dd&gt;\n
                            &lt;/div&gt;\n
                            &lt;div class="mx-auto flex max-w-xs flex-col gap-y-4"&gt;\n
                                &lt;dt class="text-base leading-7 text-gray-600"&gt;Success Stories&lt;/dt&gt;\n
                                &lt;dd class="order-first text-3xl font-semibold tracking-tight text-gray-900 sm:text-5xl"&gt;10,000+&lt;/dd&gt;\n
                            &lt;/div&gt;\n
                        &lt;/div&gt;\n
                    &lt;/div&gt;\n
                &lt;/div&gt;\n
            &lt;/div&gt;\n
        &lt;/main&gt;\n
\n
        &lt;!-- Simple Footer --&gt;\n
        &lt;footer class="bg-gray-900"&gt;\n
            &lt;div class="max-w-7xl mx-auto py-12 px-4 sm:px-6 lg:px-8"&gt;\n
                &lt;div class="text-center"&gt;\n
                    &lt;p class="text-base text-gray-400"&gt;&amp;copy; 2025 JobPortal. All rights reserved&lt;/p&gt;\n
                &lt;/div&gt;\n
            &lt;/div&gt;\n
        &lt;/footer&gt;\n
&lt;/div&gt;\n
&lt;/body&gt;\n
&lt;/html&gt;' [UTF-8](length: 4683) contains "Connect with top employers" [ASCII](length: 26).

/www/wwwroot/jobportal.prus.dev/vendor/laravel/framework/src/Illuminate/Testing/TestResponseAssert.php:45
/www/wwwroot/jobportal.prus.dev/vendor/laravel/framework/src/Illuminate/Testing/TestResponse.php:655
/www/wwwroot/jobportal.prus.dev/tests/Feature/JobPortalWebTest.php:42</failure>
        </testcase>
        <testcase name="test_jobs_index_page_loads" file="/www/wwwroot/jobportal.prus.dev/tests/Feature/JobPortalWebTest.php" line="59" class="Tests\Feature\JobPortalWebTest" classname="Tests.Feature.JobPortalWebTest" assertions="1" time="1.280030">
          <failure type="PHPUnit\Framework\ExpectationFailedException">Tests\Feature\JobPortalWebTest::test_jobs_index_page_loads
Expected response status code [200] but received 500.
Failed asserting that 500 is identical to 200.

The following exception occurred during the last request:

InvalidArgumentException: Unable to locate a class or view for component [jobs.active-filters]. in /www/wwwroot/jobportal.prus.dev/vendor/laravel/framework/src/Illuminate/View/Compilers/ComponentTagCompiler.php:315
Stack trace:
#0 /www/wwwroot/jobportal.prus.dev/vendor/laravel/framework/src/Illuminate/View/Compilers/ComponentTagCompiler.php(235): Illuminate\View\Compilers\ComponentTagCompiler-&gt;componentClass()
#1 /www/wwwroot/jobportal.prus.dev/vendor/laravel/framework/src/Illuminate/View/Compilers/ComponentTagCompiler.php(220): Illuminate\View\Compilers\ComponentTagCompiler-&gt;componentString()
#2 [internal function]: Illuminate\View\Compilers\ComponentTagCompiler-&gt;Illuminate\View\Compilers\{closure}()
#3 /www/wwwroot/jobportal.prus.dev/vendor/laravel/framework/src/Illuminate/View/Compilers/ComponentTagCompiler.php(215): preg_replace_callback()
#4 /www/wwwroot/jobportal.prus.dev/vendor/laravel/framework/src/Illuminate/View/Compilers/ComponentTagCompiler.php(89): Illuminate\View\Compilers\ComponentTagCompiler-&gt;compileSelfClosingTags()
#5 /www/wwwroot/jobportal.prus.dev/vendor/laravel/framework/src/Illuminate/View/Compilers/ComponentTagCompiler.php(76): Illuminate\View\Compilers\ComponentTagCompiler-&gt;compileTags()
#6 /www/wwwroot/jobportal.prus.dev/vendor/laravel/framework/src/Illuminate/View/Compilers/BladeCompiler.php(454): Illuminate\View\Compilers\ComponentTagCompiler-&gt;compile()
#7 /www/wwwroot/jobportal.prus.dev/vendor/laravel/framework/src/Illuminate/View/Compilers/BladeCompiler.php(286): Illuminate\View\Compilers\BladeCompiler-&gt;compileComponentTags()
#8 /www/wwwroot/jobportal.prus.dev/vendor/laravel/framework/src/Illuminate/View/Compilers/BladeCompiler.php(186): Illuminate\View\Compilers\BladeCompiler-&gt;compileString()
#9 /www/wwwroot/jobportal.prus.dev/vendor/laravel/framework/src/Illuminate/View/Engines/CompilerEngine.php(66): Illuminate\View\Compilers\BladeCompiler-&gt;compile()
#10 /www/wwwroot/jobportal.prus.dev/vendor/livewire/livewire/src/Mechanisms/ExtendBlade/ExtendedCompilerEngine.php(10): Illuminate\View\Engines\CompilerEngine-&gt;get()
#11 /www/wwwroot/jobportal.prus.dev/vendor/laravel/framework/src/Illuminate/View/View.php(208): Livewire\Mechanisms\ExtendBlade\ExtendedCompilerEngine-&gt;get()
#12 /www/wwwroot/jobportal.prus.dev/vendor/laravel/framework/src/Illuminate/View/View.php(191): Illuminate\View\View-&gt;getContents()
#13 /www/wwwroot/jobportal.prus.dev/vendor/laravel/framework/src/Illuminate/View/View.php(160): Illuminate\View\View-&gt;renderContents()
#14 /www/wwwroot/jobportal.prus.dev/vendor/laravel/framework/src/Illuminate/Http/Response.php(78): Illuminate\View\View-&gt;render()
#15 /www/wwwroot/jobportal.prus.dev/vendor/laravel/framework/src/Illuminate/Http/Response.php(34): Illuminate\Http\Response-&gt;setContent()
#16 /www/wwwroot/jobportal.prus.dev/vendor/laravel/framework/src/Illuminate/Routing/Router.php(924): Illuminate\Http\Response-&gt;__construct()
#17 /www/wwwroot/jobportal.prus.dev/vendor/laravel/framework/src/Illuminate/Routing/Router.php(891): Illuminate\Routing\Router::toResponse()
#18 /www/wwwroot/jobportal.prus.dev/vendor/laravel/framework/src/Illuminate/Routing/Router.php(807): Illuminate\Routing\Router-&gt;prepareResponse()
#19 /www/wwwroot/jobportal.prus.dev/vendor/laravel/framework/src/Illuminate/Pipeline/Pipeline.php(169): Illuminate\Routing\Router-&gt;Illuminate\Routing\{closure}()
#20 /www/wwwroot/jobportal.prus.dev/vendor/barryvdh/laravel-debugbar/src/Middleware/InjectDebugbar.php(59): Illuminate\Pipeline\Pipeline-&gt;Illuminate\Pipeline\{closure}()
#21 /www/wwwroot/jobportal.prus.dev/vendor/laravel/framework/src/Illuminate/Pipeline/Pipeline.php(208): Barryvdh\Debugbar\Middleware\InjectDebugbar-&gt;handle()
#22 /www/wwwroot/jobportal.prus.dev/app/Http/Middleware/LocaleMiddleware.php(54): Illuminate\Pipeline\Pipeline-&gt;Illuminate\Pipeline\{closure}()
#23 /www/wwwroot/jobportal.prus.dev/vendor/laravel/framework/src/Illuminate/Pipeline/Pipeline.php(208): App\Http\Middleware\LocaleMiddleware-&gt;handle()
#24 /www/wwwroot/jobportal.prus.dev/app/Http/Middleware/SetLocale.php(38): Illuminate\Pipeline\Pipeline-&gt;Illuminate\Pipeline\{closure}()
#25 /www/wwwroot/jobportal.prus.dev/vendor/laravel/framework/src/Illuminate/Pipeline/Pipeline.php(208): App\Http\Middleware\SetLocale-&gt;handle()
#26 /www/wwwroot/jobportal.prus.dev/app/Http/Middleware/LanguageMiddleware.php(47): Illuminate\Pipeline\Pipeline-&gt;Illuminate\Pipeline\{closure}()
#27 /www/wwwroot/jobportal.prus.dev/vendor/laravel/framework/src/Illuminate/Pipeline/Pipeline.php(208): App\Http\Middleware\LanguageMiddleware-&gt;handle()
#28 /www/wwwroot/jobportal.prus.dev/vendor/laravel/framework/src/Illuminate/Routing/Middleware/SubstituteBindings.php(50): Illuminate\Pipeline\Pipeline-&gt;Illuminate\Pipeline\{closure}()
#29 /www/wwwroot/jobportal.prus.dev/vendor/laravel/framework/src/Illuminate/Pipeline/Pipeline.php(208): Illuminate\Routing\Middleware\SubstituteBindings-&gt;handle()
#30 /www/wwwroot/jobportal.prus.dev/vendor/laravel/framework/src/Illuminate/Foundation/Http/Middleware/VerifyCsrfToken.php(87): Illuminate\Pipeline\Pipeline-&gt;Illuminate\Pipeline\{closure}()
#31 /www/wwwroot/jobportal.prus.dev/vendor/laravel/framework/src/Illuminate/Pipeline/Pipeline.php(208): Illuminate\Foundation\Http\Middleware\VerifyCsrfToken-&gt;handle()
#32 /www/wwwroot/jobportal.prus.dev/vendor/laravel/framework/src/Illuminate/View/Middleware/ShareErrorsFromSession.php(48): Illuminate\Pipeline\Pipeline-&gt;Illuminate\Pipeline\{closure}()
#33 /www/wwwroot/jobportal.prus.dev/vendor/laravel/framework/src/Illuminate/Pipeline/Pipeline.php(208): Illuminate\View\Middleware\ShareErrorsFromSession-&gt;handle()
#34 /www/wwwroot/jobportal.prus.dev/vendor/laravel/framework/src/Illuminate/Session/Middleware/StartSession.php(120): Illuminate\Pipeline\Pipeline-&gt;Illuminate\Pipeline\{closure}()
#35 /www/wwwroot/jobportal.prus.dev/vendor/laravel/framework/src/Illuminate/Session/Middleware/StartSession.php(63): Illuminate\Session\Middleware\StartSession-&gt;handleStatefulRequest()
#36 /www/wwwroot/jobportal.prus.dev/vendor/laravel/framework/src/Illuminate/Pipeline/Pipeline.php(208): Illuminate\Session\Middleware\StartSession-&gt;handle()
#37 /www/wwwroot/jobportal.prus.dev/vendor/laravel/framework/src/Illuminate/Cookie/Middleware/AddQueuedCookiesToResponse.php(36): Illuminate\Pipeline\Pipeline-&gt;Illuminate\Pipeline\{closure}()
#38 /www/wwwroot/jobportal.prus.dev/vendor/laravel/framework/src/Illuminate/Pipeline/Pipeline.php(208): Illuminate\Cookie\Middleware\AddQueuedCookiesToResponse-&gt;handle()
#39 /www/wwwroot/jobportal.prus.dev/vendor/laravel/framework/src/Illuminate/Cookie/Middleware/EncryptCookies.php(74): Illuminate\Pipeline\Pipeline-&gt;Illuminate\Pipeline\{closure}()
#40 /www/wwwroot/jobportal.prus.dev/vendor/laravel/framework/src/Illuminate/Pipeline/Pipeline.php(208): Illuminate\Cookie\Middleware\EncryptCookies-&gt;handle()
#41 /www/wwwroot/jobportal.prus.dev/vendor/laravel/framework/src/Illuminate/Pipeline/Pipeline.php(126): Illuminate\Pipeline\Pipeline-&gt;Illuminate\Pipeline\{closure}()
#42 /www/wwwroot/jobportal.prus.dev/vendor/laravel/framework/src/Illuminate/Routing/Router.php(807): Illuminate\Pipeline\Pipeline-&gt;then()
#43 /www/wwwroot/jobportal.prus.dev/vendor/laravel/framework/src/Illuminate/Routing/Router.php(786): Illuminate\Routing\Router-&gt;runRouteWithinStack()
#44 /www/wwwroot/jobportal.prus.dev/vendor/laravel/framework/src/Illuminate/Routing/Router.php(750): Illuminate\Routing\Router-&gt;runRoute()
#45 /www/wwwroot/jobportal.prus.dev/vendor/laravel/framework/src/Illuminate/Routing/Router.php(739): Illuminate\Routing\Router-&gt;dispatchToRoute()
#46 /www/wwwroot/jobportal.prus.dev/vendor/laravel/framework/src/Illuminate/Foundation/Http/Kernel.php(200): Illuminate\Routing\Router-&gt;dispatch()
#47 /www/wwwroot/jobportal.prus.dev/vendor/laravel/framework/src/Illuminate/Pipeline/Pipeline.php(169): Illuminate\Foundation\Http\Kernel-&gt;Illuminate\Foundation\Http\{closure}()
#48 /www/wwwroot/jobportal.prus.dev/vendor/livewire/livewire/src/Features/SupportDisablingBackButtonCache/DisableBackButtonCacheMiddleware.php(19): Illuminate\Pipeline\Pipeline-&gt;Illuminate\Pipeline\{closure}()
#49 /www/wwwroot/jobportal.prus.dev/vendor/laravel/framework/src/Illuminate/Pipeline/Pipeline.php(208): Livewire\Features\SupportDisablingBackButtonCache\DisableBackButtonCacheMiddleware-&gt;handle()
#50 /www/wwwroot/jobportal.prus.dev/vendor/barryvdh/laravel-debugbar/src/Middleware/InjectDebugbar.php(59): Illuminate\Pipeline\Pipeline-&gt;Illuminate\Pipeline\{closure}()
#51 /www/wwwroot/jobportal.prus.dev/vendor/laravel/framework/src/Illuminate/Pipeline/Pipeline.php(208): Barryvdh\Debugbar\Middleware\InjectDebugbar-&gt;handle()
#52 /www/wwwroot/jobportal.prus.dev/vendor/spatie/laravel-csp/src/AddCspHeaders.php(17): Illuminate\Pipeline\Pipeline-&gt;Illuminate\Pipeline\{closure}()
#53 /www/wwwroot/jobportal.prus.dev/vendor/laravel/framework/src/Illuminate/Pipeline/Pipeline.php(208): Spatie\Csp\AddCspHeaders-&gt;handle()
#54 /www/wwwroot/jobportal.prus.dev/app/Http/Middleware/SecurityHeaders.php(11): Illuminate\Pipeline\Pipeline-&gt;Illuminate\Pipeline\{closure}()
#55 /www/wwwroot/jobportal.prus.dev/vendor/laravel/framework/src/Illuminate/Pipeline/Pipeline.php(208): App\Http\Middleware\SecurityHeaders-&gt;handle()
#56 /www/wwwroot/jobportal.prus.dev/vendor/laravel/framework/src/Illuminate/Foundation/Http/Middleware/TransformsRequest.php(21): Illuminate\Pipeline\Pipeline-&gt;Illuminate\Pipeline\{closure}()
#57 /www/wwwroot/jobportal.prus.dev/vendor/laravel/framework/src/Illuminate/Foundation/Http/Middleware/ConvertEmptyStringsToNull.php(31): Illuminate\Foundation\Http\Middleware\TransformsRequest-&gt;handle()
#58 /www/wwwroot/jobportal.prus.dev/vendor/laravel/framework/src/Illuminate/Pipeline/Pipeline.php(208): Illuminate\Foundation\Http\Middleware\ConvertEmptyStringsToNull-&gt;handle()
#59 /www/wwwroot/jobportal.prus.dev/vendor/laravel/framework/src/Illuminate/Foundation/Http/Middleware/TransformsRequest.php(21): Illuminate\Pipeline\Pipeline-&gt;Illuminate\Pipeline\{closure}()
#60 /www/wwwroot/jobportal.prus.dev/vendor/laravel/framework/src/Illuminate/Foundation/Http/Middleware/TrimStrings.php(51): Illuminate\Foundation\Http\Middleware\TransformsRequest-&gt;handle()
#61 /www/wwwroot/jobportal.prus.dev/vendor/laravel/framework/src/Illuminate/Pipeline/Pipeline.php(208): Illuminate\Foundation\Http\Middleware\TrimStrings-&gt;handle()
#62 /www/wwwroot/jobportal.prus.dev/vendor/laravel/framework/src/Illuminate/Http/Middleware/ValidatePostSize.php(27): Illuminate\Pipeline\Pipeline-&gt;Illuminate\Pipeline\{closure}()
#63 /www/wwwroot/jobportal.prus.dev/vendor/laravel/framework/src/Illuminate/Pipeline/Pipeline.php(208): Illuminate\Http\Middleware\ValidatePostSize-&gt;handle()
#64 /www/wwwroot/jobportal.prus.dev/vendor/laravel/framework/src/Illuminate/Foundation/Http/Middleware/PreventRequestsDuringMaintenance.php(109): Illuminate\Pipeline\Pipeline-&gt;Illuminate\Pipeline\{closure}()
#65 /www/wwwroot/jobportal.prus.dev/vendor/laravel/framework/src/Illuminate/Pipeline/Pipeline.php(208): Illuminate\Foundation\Http\Middleware\PreventRequestsDuringMaintenance-&gt;handle()
#66 /www/wwwroot/jobportal.prus.dev/vendor/laravel/framework/src/Illuminate/Http/Middleware/HandleCors.php(48): Illuminate\Pipeline\Pipeline-&gt;Illuminate\Pipeline\{closure}()
#67 /www/wwwroot/jobportal.prus.dev/vendor/laravel/framework/src/Illuminate/Pipeline/Pipeline.php(208): Illuminate\Http\Middleware\HandleCors-&gt;handle()
#68 /www/wwwroot/jobportal.prus.dev/vendor/laravel/framework/src/Illuminate/Http/Middleware/TrustProxies.php(58): Illuminate\Pipeline\Pipeline-&gt;Illuminate\Pipeline\{closure}()
#69 /www/wwwroot/jobportal.prus.dev/vendor/laravel/framework/src/Illuminate/Pipeline/Pipeline.php(208): Illuminate\Http\Middleware\TrustProxies-&gt;handle()
#70 /www/wwwroot/jobportal.prus.dev/vendor/laravel/framework/src/Illuminate/Pipeline/Pipeline.php(126): Illuminate\Pipeline\Pipeline-&gt;Illuminate\Pipeline\{closure}()
#71 /www/wwwroot/jobportal.prus.dev/vendor/laravel/framework/src/Illuminate/Foundation/Http/Kernel.php(175): Illuminate\Pipeline\Pipeline-&gt;then()
#72 /www/wwwroot/jobportal.prus.dev/vendor/laravel/framework/src/Illuminate/Foundation/Http/Kernel.php(144): Illuminate\Foundation\Http\Kernel-&gt;sendRequestThroughRouter()
#73 /www/wwwroot/jobportal.prus.dev/vendor/laravel/framework/src/Illuminate/Foundation/Testing/Concerns/MakesHttpRequests.php(607): Illuminate\Foundation\Http\Kernel-&gt;handle()
#74 /www/wwwroot/jobportal.prus.dev/vendor/laravel/framework/src/Illuminate/Foundation/Testing/Concerns/MakesHttpRequests.php(368): Illuminate\Foundation\Testing\TestCase-&gt;call()
#75 /www/wwwroot/jobportal.prus.dev/tests/Feature/JobPortalWebTest.php(61): Illuminate\Foundation\Testing\TestCase-&gt;get()
#76 /www/wwwroot/jobportal.prus.dev/vendor/phpunit/phpunit/src/Framework/TestCase.php(1656): Tests\Feature\JobPortalWebTest-&gt;test_jobs_index_page_loads()
#77 /www/wwwroot/jobportal.prus.dev/vendor/phpunit/phpunit/src/Framework/TestCase.php(514): PHPUnit\Framework\TestCase-&gt;runTest()
#78 /www/wwwroot/jobportal.prus.dev/vendor/phpunit/phpunit/src/Framework/TestRunner/TestRunner.php(87): PHPUnit\Framework\TestCase-&gt;runBare()
#79 /www/wwwroot/jobportal.prus.dev/vendor/phpunit/phpunit/src/Framework/TestCase.php(361): PHPUnit\Framework\TestRunner-&gt;run()
#80 /www/wwwroot/jobportal.prus.dev/vendor/phpunit/phpunit/src/Framework/TestSuite.php(369): PHPUnit\Framework\TestCase-&gt;run()
#81 /www/wwwroot/jobportal.prus.dev/vendor/phpunit/phpunit/src/Framework/TestSuite.php(369): PHPUnit\Framework\TestSuite-&gt;run()
#82 /www/wwwroot/jobportal.prus.dev/vendor/phpunit/phpunit/src/Framework/TestSuite.php(369): PHPUnit\Framework\TestSuite-&gt;run()
#83 /www/wwwroot/jobportal.prus.dev/vendor/phpunit/phpunit/src/TextUI/TestRunner.php(64): PHPUnit\Framework\TestSuite-&gt;run()
#84 /www/wwwroot/jobportal.prus.dev/vendor/phpunit/phpunit/src/TextUI/Application.php(210): PHPUnit\TextUI\TestRunner-&gt;run()
#85 /www/wwwroot/jobportal.prus.dev/vendor/phpunit/phpunit/phpunit(104): PHPUnit\TextUI\Application-&gt;run()
#86 /www/wwwroot/jobportal.prus.dev/vendor/bin/phpunit(122): include('...')
#87 {main}

----------------------------------------------------------------------------------

Unable to locate a class or view for component [jobs.active-filters].

/www/wwwroot/jobportal.prus.dev/vendor/laravel/framework/src/Illuminate/Testing/TestResponseAssert.php:45
/www/wwwroot/jobportal.prus.dev/vendor/laravel/framework/src/Illuminate/Testing/TestResponse.php:174
/www/wwwroot/jobportal.prus.dev/tests/Feature/JobPortalWebTest.php:63</failure>
        </testcase>
        <testcase name="test_jobs_search_functionality" file="/www/wwwroot/jobportal.prus.dev/tests/Feature/JobPortalWebTest.php" line="73" class="Tests\Feature\JobPortalWebTest" classname="Tests.Feature.JobPortalWebTest" assertions="1" time="1.058114">
          <failure type="PHPUnit\Framework\ExpectationFailedException">Tests\Feature\JobPortalWebTest::test_jobs_search_functionality
Expected response status code [200] but received 500.
Failed asserting that 500 is identical to 200.

The following exception occurred during the last request:

InvalidArgumentException: Unable to locate a class or view for component [jobs.active-filters]. in /www/wwwroot/jobportal.prus.dev/vendor/laravel/framework/src/Illuminate/View/Compilers/ComponentTagCompiler.php:315
Stack trace:
#0 /www/wwwroot/jobportal.prus.dev/vendor/laravel/framework/src/Illuminate/View/Compilers/ComponentTagCompiler.php(235): Illuminate\View\Compilers\ComponentTagCompiler-&gt;componentClass()
#1 /www/wwwroot/jobportal.prus.dev/vendor/laravel/framework/src/Illuminate/View/Compilers/ComponentTagCompiler.php(220): Illuminate\View\Compilers\ComponentTagCompiler-&gt;componentString()
#2 [internal function]: Illuminate\View\Compilers\ComponentTagCompiler-&gt;Illuminate\View\Compilers\{closure}()
#3 /www/wwwroot/jobportal.prus.dev/vendor/laravel/framework/src/Illuminate/View/Compilers/ComponentTagCompiler.php(215): preg_replace_callback()
#4 /www/wwwroot/jobportal.prus.dev/vendor/laravel/framework/src/Illuminate/View/Compilers/ComponentTagCompiler.php(89): Illuminate\View\Compilers\ComponentTagCompiler-&gt;compileSelfClosingTags()
#5 /www/wwwroot/jobportal.prus.dev/vendor/laravel/framework/src/Illuminate/View/Compilers/ComponentTagCompiler.php(76): Illuminate\View\Compilers\ComponentTagCompiler-&gt;compileTags()
#6 /www/wwwroot/jobportal.prus.dev/vendor/laravel/framework/src/Illuminate/View/Compilers/BladeCompiler.php(454): Illuminate\View\Compilers\ComponentTagCompiler-&gt;compile()
#7 /www/wwwroot/jobportal.prus.dev/vendor/laravel/framework/src/Illuminate/View/Compilers/BladeCompiler.php(286): Illuminate\View\Compilers\BladeCompiler-&gt;compileComponentTags()
#8 /www/wwwroot/jobportal.prus.dev/vendor/laravel/framework/src/Illuminate/View/Compilers/BladeCompiler.php(186): Illuminate\View\Compilers\BladeCompiler-&gt;compileString()
#9 /www/wwwroot/jobportal.prus.dev/vendor/laravel/framework/src/Illuminate/View/Engines/CompilerEngine.php(66): Illuminate\View\Compilers\BladeCompiler-&gt;compile()
#10 /www/wwwroot/jobportal.prus.dev/vendor/livewire/livewire/src/Mechanisms/ExtendBlade/ExtendedCompilerEngine.php(10): Illuminate\View\Engines\CompilerEngine-&gt;get()
#11 /www/wwwroot/jobportal.prus.dev/vendor/laravel/framework/src/Illuminate/View/View.php(208): Livewire\Mechanisms\ExtendBlade\ExtendedCompilerEngine-&gt;get()
#12 /www/wwwroot/jobportal.prus.dev/vendor/laravel/framework/src/Illuminate/View/View.php(191): Illuminate\View\View-&gt;getContents()
#13 /www/wwwroot/jobportal.prus.dev/vendor/laravel/framework/src/Illuminate/View/View.php(160): Illuminate\View\View-&gt;renderContents()
#14 /www/wwwroot/jobportal.prus.dev/vendor/laravel/framework/src/Illuminate/Http/Response.php(78): Illuminate\View\View-&gt;render()
#15 /www/wwwroot/jobportal.prus.dev/vendor/laravel/framework/src/Illuminate/Http/Response.php(34): Illuminate\Http\Response-&gt;setContent()
#16 /www/wwwroot/jobportal.prus.dev/vendor/laravel/framework/src/Illuminate/Routing/Router.php(924): Illuminate\Http\Response-&gt;__construct()
#17 /www/wwwroot/jobportal.prus.dev/vendor/laravel/framework/src/Illuminate/Routing/Router.php(891): Illuminate\Routing\Router::toResponse()
#18 /www/wwwroot/jobportal.prus.dev/vendor/laravel/framework/src/Illuminate/Routing/Router.php(807): Illuminate\Routing\Router-&gt;prepareResponse()
#19 /www/wwwroot/jobportal.prus.dev/vendor/laravel/framework/src/Illuminate/Pipeline/Pipeline.php(169): Illuminate\Routing\Router-&gt;Illuminate\Routing\{closure}()
#20 /www/wwwroot/jobportal.prus.dev/vendor/barryvdh/laravel-debugbar/src/Middleware/InjectDebugbar.php(59): Illuminate\Pipeline\Pipeline-&gt;Illuminate\Pipeline\{closure}()
#21 /www/wwwroot/jobportal.prus.dev/vendor/laravel/framework/src/Illuminate/Pipeline/Pipeline.php(208): Barryvdh\Debugbar\Middleware\InjectDebugbar-&gt;handle()
#22 /www/wwwroot/jobportal.prus.dev/app/Http/Middleware/LocaleMiddleware.php(54): Illuminate\Pipeline\Pipeline-&gt;Illuminate\Pipeline\{closure}()
#23 /www/wwwroot/jobportal.prus.dev/vendor/laravel/framework/src/Illuminate/Pipeline/Pipeline.php(208): App\Http\Middleware\LocaleMiddleware-&gt;handle()
#24 /www/wwwroot/jobportal.prus.dev/app/Http/Middleware/SetLocale.php(38): Illuminate\Pipeline\Pipeline-&gt;Illuminate\Pipeline\{closure}()
#25 /www/wwwroot/jobportal.prus.dev/vendor/laravel/framework/src/Illuminate/Pipeline/Pipeline.php(208): App\Http\Middleware\SetLocale-&gt;handle()
#26 /www/wwwroot/jobportal.prus.dev/app/Http/Middleware/LanguageMiddleware.php(47): Illuminate\Pipeline\Pipeline-&gt;Illuminate\Pipeline\{closure}()
#27 /www/wwwroot/jobportal.prus.dev/vendor/laravel/framework/src/Illuminate/Pipeline/Pipeline.php(208): App\Http\Middleware\LanguageMiddleware-&gt;handle()
#28 /www/wwwroot/jobportal.prus.dev/vendor/laravel/framework/src/Illuminate/Routing/Middleware/SubstituteBindings.php(50): Illuminate\Pipeline\Pipeline-&gt;Illuminate\Pipeline\{closure}()
#29 /www/wwwroot/jobportal.prus.dev/vendor/laravel/framework/src/Illuminate/Pipeline/Pipeline.php(208): Illuminate\Routing\Middleware\SubstituteBindings-&gt;handle()
#30 /www/wwwroot/jobportal.prus.dev/vendor/laravel/framework/src/Illuminate/Foundation/Http/Middleware/VerifyCsrfToken.php(87): Illuminate\Pipeline\Pipeline-&gt;Illuminate\Pipeline\{closure}()
#31 /www/wwwroot/jobportal.prus.dev/vendor/laravel/framework/src/Illuminate/Pipeline/Pipeline.php(208): Illuminate\Foundation\Http\Middleware\VerifyCsrfToken-&gt;handle()
#32 /www/wwwroot/jobportal.prus.dev/vendor/laravel/framework/src/Illuminate/View/Middleware/ShareErrorsFromSession.php(48): Illuminate\Pipeline\Pipeline-&gt;Illuminate\Pipeline\{closure}()
#33 /www/wwwroot/jobportal.prus.dev/vendor/laravel/framework/src/Illuminate/Pipeline/Pipeline.php(208): Illuminate\View\Middleware\ShareErrorsFromSession-&gt;handle()
#34 /www/wwwroot/jobportal.prus.dev/vendor/laravel/framework/src/Illuminate/Session/Middleware/StartSession.php(120): Illuminate\Pipeline\Pipeline-&gt;Illuminate\Pipeline\{closure}()
#35 /www/wwwroot/jobportal.prus.dev/vendor/laravel/framework/src/Illuminate/Session/Middleware/StartSession.php(63): Illuminate\Session\Middleware\StartSession-&gt;handleStatefulRequest()
#36 /www/wwwroot/jobportal.prus.dev/vendor/laravel/framework/src/Illuminate/Pipeline/Pipeline.php(208): Illuminate\Session\Middleware\StartSession-&gt;handle()
#37 /www/wwwroot/jobportal.prus.dev/vendor/laravel/framework/src/Illuminate/Cookie/Middleware/AddQueuedCookiesToResponse.php(36): Illuminate\Pipeline\Pipeline-&gt;Illuminate\Pipeline\{closure}()
#38 /www/wwwroot/jobportal.prus.dev/vendor/laravel/framework/src/Illuminate/Pipeline/Pipeline.php(208): Illuminate\Cookie\Middleware\AddQueuedCookiesToResponse-&gt;handle()
#39 /www/wwwroot/jobportal.prus.dev/vendor/laravel/framework/src/Illuminate/Cookie/Middleware/EncryptCookies.php(74): Illuminate\Pipeline\Pipeline-&gt;Illuminate\Pipeline\{closure}()
#40 /www/wwwroot/jobportal.prus.dev/vendor/laravel/framework/src/Illuminate/Pipeline/Pipeline.php(208): Illuminate\Cookie\Middleware\EncryptCookies-&gt;handle()
#41 /www/wwwroot/jobportal.prus.dev/vendor/laravel/framework/src/Illuminate/Pipeline/Pipeline.php(126): Illuminate\Pipeline\Pipeline-&gt;Illuminate\Pipeline\{closure}()
#42 /www/wwwroot/jobportal.prus.dev/vendor/laravel/framework/src/Illuminate/Routing/Router.php(807): Illuminate\Pipeline\Pipeline-&gt;then()
#43 /www/wwwroot/jobportal.prus.dev/vendor/laravel/framework/src/Illuminate/Routing/Router.php(786): Illuminate\Routing\Router-&gt;runRouteWithinStack()
#44 /www/wwwroot/jobportal.prus.dev/vendor/laravel/framework/src/Illuminate/Routing/Router.php(750): Illuminate\Routing\Router-&gt;runRoute()
#45 /www/wwwroot/jobportal.prus.dev/vendor/laravel/framework/src/Illuminate/Routing/Router.php(739): Illuminate\Routing\Router-&gt;dispatchToRoute()
#46 /www/wwwroot/jobportal.prus.dev/vendor/laravel/framework/src/Illuminate/Foundation/Http/Kernel.php(200): Illuminate\Routing\Router-&gt;dispatch()
#47 /www/wwwroot/jobportal.prus.dev/vendor/laravel/framework/src/Illuminate/Pipeline/Pipeline.php(169): Illuminate\Foundation\Http\Kernel-&gt;Illuminate\Foundation\Http\{closure}()
#48 /www/wwwroot/jobportal.prus.dev/vendor/livewire/livewire/src/Features/SupportDisablingBackButtonCache/DisableBackButtonCacheMiddleware.php(19): Illuminate\Pipeline\Pipeline-&gt;Illuminate\Pipeline\{closure}()
#49 /www/wwwroot/jobportal.prus.dev/vendor/laravel/framework/src/Illuminate/Pipeline/Pipeline.php(208): Livewire\Features\SupportDisablingBackButtonCache\DisableBackButtonCacheMiddleware-&gt;handle()
#50 /www/wwwroot/jobportal.prus.dev/vendor/barryvdh/laravel-debugbar/src/Middleware/InjectDebugbar.php(59): Illuminate\Pipeline\Pipeline-&gt;Illuminate\Pipeline\{closure}()
#51 /www/wwwroot/jobportal.prus.dev/vendor/laravel/framework/src/Illuminate/Pipeline/Pipeline.php(208): Barryvdh\Debugbar\Middleware\InjectDebugbar-&gt;handle()
#52 /www/wwwroot/jobportal.prus.dev/vendor/spatie/laravel-csp/src/AddCspHeaders.php(17): Illuminate\Pipeline\Pipeline-&gt;Illuminate\Pipeline\{closure}()
#53 /www/wwwroot/jobportal.prus.dev/vendor/laravel/framework/src/Illuminate/Pipeline/Pipeline.php(208): Spatie\Csp\AddCspHeaders-&gt;handle()
#54 /www/wwwroot/jobportal.prus.dev/app/Http/Middleware/SecurityHeaders.php(11): Illuminate\Pipeline\Pipeline-&gt;Illuminate\Pipeline\{closure}()
#55 /www/wwwroot/jobportal.prus.dev/vendor/laravel/framework/src/Illuminate/Pipeline/Pipeline.php(208): App\Http\Middleware\SecurityHeaders-&gt;handle()
#56 /www/wwwroot/jobportal.prus.dev/vendor/laravel/framework/src/Illuminate/Foundation/Http/Middleware/TransformsRequest.php(21): Illuminate\Pipeline\Pipeline-&gt;Illuminate\Pipeline\{closure}()
#57 /www/wwwroot/jobportal.prus.dev/vendor/laravel/framework/src/Illuminate/Foundation/Http/Middleware/ConvertEmptyStringsToNull.php(31): Illuminate\Foundation\Http\Middleware\TransformsRequest-&gt;handle()
#58 /www/wwwroot/jobportal.prus.dev/vendor/laravel/framework/src/Illuminate/Pipeline/Pipeline.php(208): Illuminate\Foundation\Http\Middleware\ConvertEmptyStringsToNull-&gt;handle()
#59 /www/wwwroot/jobportal.prus.dev/vendor/laravel/framework/src/Illuminate/Foundation/Http/Middleware/TransformsRequest.php(21): Illuminate\Pipeline\Pipeline-&gt;Illuminate\Pipeline\{closure}()
#60 /www/wwwroot/jobportal.prus.dev/vendor/laravel/framework/src/Illuminate/Foundation/Http/Middleware/TrimStrings.php(51): Illuminate\Foundation\Http\Middleware\TransformsRequest-&gt;handle()
#61 /www/wwwroot/jobportal.prus.dev/vendor/laravel/framework/src/Illuminate/Pipeline/Pipeline.php(208): Illuminate\Foundation\Http\Middleware\TrimStrings-&gt;handle()
#62 /www/wwwroot/jobportal.prus.dev/vendor/laravel/framework/src/Illuminate/Http/Middleware/ValidatePostSize.php(27): Illuminate\Pipeline\Pipeline-&gt;Illuminate\Pipeline\{closure}()
#63 /www/wwwroot/jobportal.prus.dev/vendor/laravel/framework/src/Illuminate/Pipeline/Pipeline.php(208): Illuminate\Http\Middleware\ValidatePostSize-&gt;handle()
#64 /www/wwwroot/jobportal.prus.dev/vendor/laravel/framework/src/Illuminate/Foundation/Http/Middleware/PreventRequestsDuringMaintenance.php(109): Illuminate\Pipeline\Pipeline-&gt;Illuminate\Pipeline\{closure}()
#65 /www/wwwroot/jobportal.prus.dev/vendor/laravel/framework/src/Illuminate/Pipeline/Pipeline.php(208): Illuminate\Foundation\Http\Middleware\PreventRequestsDuringMaintenance-&gt;handle()
#66 /www/wwwroot/jobportal.prus.dev/vendor/laravel/framework/src/Illuminate/Http/Middleware/HandleCors.php(48): Illuminate\Pipeline\Pipeline-&gt;Illuminate\Pipeline\{closure}()
#67 /www/wwwroot/jobportal.prus.dev/vendor/laravel/framework/src/Illuminate/Pipeline/Pipeline.php(208): Illuminate\Http\Middleware\HandleCors-&gt;handle()
#68 /www/wwwroot/jobportal.prus.dev/vendor/laravel/framework/src/Illuminate/Http/Middleware/TrustProxies.php(58): Illuminate\Pipeline\Pipeline-&gt;Illuminate\Pipeline\{closure}()
#69 /www/wwwroot/jobportal.prus.dev/vendor/laravel/framework/src/Illuminate/Pipeline/Pipeline.php(208): Illuminate\Http\Middleware\TrustProxies-&gt;handle()
#70 /www/wwwroot/jobportal.prus.dev/vendor/laravel/framework/src/Illuminate/Pipeline/Pipeline.php(126): Illuminate\Pipeline\Pipeline-&gt;Illuminate\Pipeline\{closure}()
#71 /www/wwwroot/jobportal.prus.dev/vendor/laravel/framework/src/Illuminate/Foundation/Http/Kernel.php(175): Illuminate\Pipeline\Pipeline-&gt;then()
#72 /www/wwwroot/jobportal.prus.dev/vendor/laravel/framework/src/Illuminate/Foundation/Http/Kernel.php(144): Illuminate\Foundation\Http\Kernel-&gt;sendRequestThroughRouter()
#73 /www/wwwroot/jobportal.prus.dev/vendor/laravel/framework/src/Illuminate/Foundation/Testing/Concerns/MakesHttpRequests.php(607): Illuminate\Foundation\Http\Kernel-&gt;handle()
#74 /www/wwwroot/jobportal.prus.dev/vendor/laravel/framework/src/Illuminate/Foundation/Testing/Concerns/MakesHttpRequests.php(368): Illuminate\Foundation\Testing\TestCase-&gt;call()
#75 /www/wwwroot/jobportal.prus.dev/tests/Feature/JobPortalWebTest.php(75): Illuminate\Foundation\Testing\TestCase-&gt;get()
#76 /www/wwwroot/jobportal.prus.dev/vendor/phpunit/phpunit/src/Framework/TestCase.php(1656): Tests\Feature\JobPortalWebTest-&gt;test_jobs_search_functionality()
#77 /www/wwwroot/jobportal.prus.dev/vendor/phpunit/phpunit/src/Framework/TestCase.php(514): PHPUnit\Framework\TestCase-&gt;runTest()
#78 /www/wwwroot/jobportal.prus.dev/vendor/phpunit/phpunit/src/Framework/TestRunner/TestRunner.php(87): PHPUnit\Framework\TestCase-&gt;runBare()
#79 /www/wwwroot/jobportal.prus.dev/vendor/phpunit/phpunit/src/Framework/TestCase.php(361): PHPUnit\Framework\TestRunner-&gt;run()
#80 /www/wwwroot/jobportal.prus.dev/vendor/phpunit/phpunit/src/Framework/TestSuite.php(369): PHPUnit\Framework\TestCase-&gt;run()
#81 /www/wwwroot/jobportal.prus.dev/vendor/phpunit/phpunit/src/Framework/TestSuite.php(369): PHPUnit\Framework\TestSuite-&gt;run()
#82 /www/wwwroot/jobportal.prus.dev/vendor/phpunit/phpunit/src/Framework/TestSuite.php(369): PHPUnit\Framework\TestSuite-&gt;run()
#83 /www/wwwroot/jobportal.prus.dev/vendor/phpunit/phpunit/src/TextUI/TestRunner.php(64): PHPUnit\Framework\TestSuite-&gt;run()
#84 /www/wwwroot/jobportal.prus.dev/vendor/phpunit/phpunit/src/TextUI/Application.php(210): PHPUnit\TextUI\TestRunner-&gt;run()
#85 /www/wwwroot/jobportal.prus.dev/vendor/phpunit/phpunit/phpunit(104): PHPUnit\TextUI\Application-&gt;run()
#86 /www/wwwroot/jobportal.prus.dev/vendor/bin/phpunit(122): include('...')
#87 {main}

----------------------------------------------------------------------------------

Unable to locate a class or view for component [jobs.active-filters].

/www/wwwroot/jobportal.prus.dev/vendor/laravel/framework/src/Illuminate/Testing/TestResponseAssert.php:45
/www/wwwroot/jobportal.prus.dev/vendor/laravel/framework/src/Illuminate/Testing/TestResponse.php:174
/www/wwwroot/jobportal.prus.dev/tests/Feature/JobPortalWebTest.php:77</failure>
        </testcase>
        <testcase name="test_job_detail_page_loads" file="/www/wwwroot/jobportal.prus.dev/tests/Feature/JobPortalWebTest.php" line="88" class="Tests\Feature\JobPortalWebTest" classname="Tests.Feature.JobPortalWebTest" assertions="1" time="1.209416">
          <failure type="PHPUnit\Framework\ExpectationFailedException">Tests\Feature\JobPortalWebTest::test_job_detail_page_loads
Expected response status code [200] but received 500.
Failed asserting that 500 is identical to 200.

The following exception occurred during the last request:

InvalidArgumentException: Unable to locate a class or view for component [jobs.application-modal]. in /www/wwwroot/jobportal.prus.dev/vendor/laravel/framework/src/Illuminate/View/Compilers/ComponentTagCompiler.php:315
Stack trace:
#0 /www/wwwroot/jobportal.prus.dev/vendor/laravel/framework/src/Illuminate/View/Compilers/ComponentTagCompiler.php(235): Illuminate\View\Compilers\ComponentTagCompiler-&gt;componentClass()
#1 /www/wwwroot/jobportal.prus.dev/vendor/laravel/framework/src/Illuminate/View/Compilers/ComponentTagCompiler.php(220): Illuminate\View\Compilers\ComponentTagCompiler-&gt;componentString()
#2 [internal function]: Illuminate\View\Compilers\ComponentTagCompiler-&gt;Illuminate\View\Compilers\{closure}()
#3 /www/wwwroot/jobportal.prus.dev/vendor/laravel/framework/src/Illuminate/View/Compilers/ComponentTagCompiler.php(215): preg_replace_callback()
#4 /www/wwwroot/jobportal.prus.dev/vendor/laravel/framework/src/Illuminate/View/Compilers/ComponentTagCompiler.php(89): Illuminate\View\Compilers\ComponentTagCompiler-&gt;compileSelfClosingTags()
#5 /www/wwwroot/jobportal.prus.dev/vendor/laravel/framework/src/Illuminate/View/Compilers/ComponentTagCompiler.php(76): Illuminate\View\Compilers\ComponentTagCompiler-&gt;compileTags()
#6 /www/wwwroot/jobportal.prus.dev/vendor/laravel/framework/src/Illuminate/View/Compilers/BladeCompiler.php(454): Illuminate\View\Compilers\ComponentTagCompiler-&gt;compile()
#7 /www/wwwroot/jobportal.prus.dev/vendor/laravel/framework/src/Illuminate/View/Compilers/BladeCompiler.php(286): Illuminate\View\Compilers\BladeCompiler-&gt;compileComponentTags()
#8 /www/wwwroot/jobportal.prus.dev/vendor/laravel/framework/src/Illuminate/View/Compilers/BladeCompiler.php(186): Illuminate\View\Compilers\BladeCompiler-&gt;compileString()
#9 /www/wwwroot/jobportal.prus.dev/vendor/laravel/framework/src/Illuminate/View/Engines/CompilerEngine.php(66): Illuminate\View\Compilers\BladeCompiler-&gt;compile()
#10 /www/wwwroot/jobportal.prus.dev/vendor/livewire/livewire/src/Mechanisms/ExtendBlade/ExtendedCompilerEngine.php(10): Illuminate\View\Engines\CompilerEngine-&gt;get()
#11 /www/wwwroot/jobportal.prus.dev/vendor/laravel/framework/src/Illuminate/View/View.php(208): Livewire\Mechanisms\ExtendBlade\ExtendedCompilerEngine-&gt;get()
#12 /www/wwwroot/jobportal.prus.dev/vendor/laravel/framework/src/Illuminate/View/View.php(191): Illuminate\View\View-&gt;getContents()
#13 /www/wwwroot/jobportal.prus.dev/vendor/laravel/framework/src/Illuminate/View/View.php(160): Illuminate\View\View-&gt;renderContents()
#14 /www/wwwroot/jobportal.prus.dev/vendor/laravel/framework/src/Illuminate/Http/Response.php(78): Illuminate\View\View-&gt;render()
#15 /www/wwwroot/jobportal.prus.dev/vendor/laravel/framework/src/Illuminate/Http/Response.php(34): Illuminate\Http\Response-&gt;setContent()
#16 /www/wwwroot/jobportal.prus.dev/vendor/laravel/framework/src/Illuminate/Routing/Router.php(924): Illuminate\Http\Response-&gt;__construct()
#17 /www/wwwroot/jobportal.prus.dev/vendor/laravel/framework/src/Illuminate/Routing/Router.php(891): Illuminate\Routing\Router::toResponse()
#18 /www/wwwroot/jobportal.prus.dev/vendor/laravel/framework/src/Illuminate/Routing/Router.php(807): Illuminate\Routing\Router-&gt;prepareResponse()
#19 /www/wwwroot/jobportal.prus.dev/vendor/laravel/framework/src/Illuminate/Pipeline/Pipeline.php(169): Illuminate\Routing\Router-&gt;Illuminate\Routing\{closure}()
#20 /www/wwwroot/jobportal.prus.dev/vendor/barryvdh/laravel-debugbar/src/Middleware/InjectDebugbar.php(59): Illuminate\Pipeline\Pipeline-&gt;Illuminate\Pipeline\{closure}()
#21 /www/wwwroot/jobportal.prus.dev/vendor/laravel/framework/src/Illuminate/Pipeline/Pipeline.php(208): Barryvdh\Debugbar\Middleware\InjectDebugbar-&gt;handle()
#22 /www/wwwroot/jobportal.prus.dev/app/Http/Middleware/LocaleMiddleware.php(54): Illuminate\Pipeline\Pipeline-&gt;Illuminate\Pipeline\{closure}()
#23 /www/wwwroot/jobportal.prus.dev/vendor/laravel/framework/src/Illuminate/Pipeline/Pipeline.php(208): App\Http\Middleware\LocaleMiddleware-&gt;handle()
#24 /www/wwwroot/jobportal.prus.dev/app/Http/Middleware/SetLocale.php(38): Illuminate\Pipeline\Pipeline-&gt;Illuminate\Pipeline\{closure}()
#25 /www/wwwroot/jobportal.prus.dev/vendor/laravel/framework/src/Illuminate/Pipeline/Pipeline.php(208): App\Http\Middleware\SetLocale-&gt;handle()
#26 /www/wwwroot/jobportal.prus.dev/app/Http/Middleware/LanguageMiddleware.php(47): Illuminate\Pipeline\Pipeline-&gt;Illuminate\Pipeline\{closure}()
#27 /www/wwwroot/jobportal.prus.dev/vendor/laravel/framework/src/Illuminate/Pipeline/Pipeline.php(208): App\Http\Middleware\LanguageMiddleware-&gt;handle()
#28 /www/wwwroot/jobportal.prus.dev/vendor/laravel/framework/src/Illuminate/Routing/Middleware/SubstituteBindings.php(50): Illuminate\Pipeline\Pipeline-&gt;Illuminate\Pipeline\{closure}()
#29 /www/wwwroot/jobportal.prus.dev/vendor/laravel/framework/src/Illuminate/Pipeline/Pipeline.php(208): Illuminate\Routing\Middleware\SubstituteBindings-&gt;handle()
#30 /www/wwwroot/jobportal.prus.dev/vendor/laravel/framework/src/Illuminate/Foundation/Http/Middleware/VerifyCsrfToken.php(87): Illuminate\Pipeline\Pipeline-&gt;Illuminate\Pipeline\{closure}()
#31 /www/wwwroot/jobportal.prus.dev/vendor/laravel/framework/src/Illuminate/Pipeline/Pipeline.php(208): Illuminate\Foundation\Http\Middleware\VerifyCsrfToken-&gt;handle()
#32 /www/wwwroot/jobportal.prus.dev/vendor/laravel/framework/src/Illuminate/View/Middleware/ShareErrorsFromSession.php(48): Illuminate\Pipeline\Pipeline-&gt;Illuminate\Pipeline\{closure}()
#33 /www/wwwroot/jobportal.prus.dev/vendor/laravel/framework/src/Illuminate/Pipeline/Pipeline.php(208): Illuminate\View\Middleware\ShareErrorsFromSession-&gt;handle()
#34 /www/wwwroot/jobportal.prus.dev/vendor/laravel/framework/src/Illuminate/Session/Middleware/StartSession.php(120): Illuminate\Pipeline\Pipeline-&gt;Illuminate\Pipeline\{closure}()
#35 /www/wwwroot/jobportal.prus.dev/vendor/laravel/framework/src/Illuminate/Session/Middleware/StartSession.php(63): Illuminate\Session\Middleware\StartSession-&gt;handleStatefulRequest()
#36 /www/wwwroot/jobportal.prus.dev/vendor/laravel/framework/src/Illuminate/Pipeline/Pipeline.php(208): Illuminate\Session\Middleware\StartSession-&gt;handle()
#37 /www/wwwroot/jobportal.prus.dev/vendor/laravel/framework/src/Illuminate/Cookie/Middleware/AddQueuedCookiesToResponse.php(36): Illuminate\Pipeline\Pipeline-&gt;Illuminate\Pipeline\{closure}()
#38 /www/wwwroot/jobportal.prus.dev/vendor/laravel/framework/src/Illuminate/Pipeline/Pipeline.php(208): Illuminate\Cookie\Middleware\AddQueuedCookiesToResponse-&gt;handle()
#39 /www/wwwroot/jobportal.prus.dev/vendor/laravel/framework/src/Illuminate/Cookie/Middleware/EncryptCookies.php(74): Illuminate\Pipeline\Pipeline-&gt;Illuminate\Pipeline\{closure}()
#40 /www/wwwroot/jobportal.prus.dev/vendor/laravel/framework/src/Illuminate/Pipeline/Pipeline.php(208): Illuminate\Cookie\Middleware\EncryptCookies-&gt;handle()
#41 /www/wwwroot/jobportal.prus.dev/vendor/laravel/framework/src/Illuminate/Pipeline/Pipeline.php(126): Illuminate\Pipeline\Pipeline-&gt;Illuminate\Pipeline\{closure}()
#42 /www/wwwroot/jobportal.prus.dev/vendor/laravel/framework/src/Illuminate/Routing/Router.php(807): Illuminate\Pipeline\Pipeline-&gt;then()
#43 /www/wwwroot/jobportal.prus.dev/vendor/laravel/framework/src/Illuminate/Routing/Router.php(786): Illuminate\Routing\Router-&gt;runRouteWithinStack()
#44 /www/wwwroot/jobportal.prus.dev/vendor/laravel/framework/src/Illuminate/Routing/Router.php(750): Illuminate\Routing\Router-&gt;runRoute()
#45 /www/wwwroot/jobportal.prus.dev/vendor/laravel/framework/src/Illuminate/Routing/Router.php(739): Illuminate\Routing\Router-&gt;dispatchToRoute()
#46 /www/wwwroot/jobportal.prus.dev/vendor/laravel/framework/src/Illuminate/Foundation/Http/Kernel.php(200): Illuminate\Routing\Router-&gt;dispatch()
#47 /www/wwwroot/jobportal.prus.dev/vendor/laravel/framework/src/Illuminate/Pipeline/Pipeline.php(169): Illuminate\Foundation\Http\Kernel-&gt;Illuminate\Foundation\Http\{closure}()
#48 /www/wwwroot/jobportal.prus.dev/vendor/livewire/livewire/src/Features/SupportDisablingBackButtonCache/DisableBackButtonCacheMiddleware.php(19): Illuminate\Pipeline\Pipeline-&gt;Illuminate\Pipeline\{closure}()
#49 /www/wwwroot/jobportal.prus.dev/vendor/laravel/framework/src/Illuminate/Pipeline/Pipeline.php(208): Livewire\Features\SupportDisablingBackButtonCache\DisableBackButtonCacheMiddleware-&gt;handle()
#50 /www/wwwroot/jobportal.prus.dev/vendor/barryvdh/laravel-debugbar/src/Middleware/InjectDebugbar.php(59): Illuminate\Pipeline\Pipeline-&gt;Illuminate\Pipeline\{closure}()
#51 /www/wwwroot/jobportal.prus.dev/vendor/laravel/framework/src/Illuminate/Pipeline/Pipeline.php(208): Barryvdh\Debugbar\Middleware\InjectDebugbar-&gt;handle()
#52 /www/wwwroot/jobportal.prus.dev/vendor/spatie/laravel-csp/src/AddCspHeaders.php(17): Illuminate\Pipeline\Pipeline-&gt;Illuminate\Pipeline\{closure}()
#53 /www/wwwroot/jobportal.prus.dev/vendor/laravel/framework/src/Illuminate/Pipeline/Pipeline.php(208): Spatie\Csp\AddCspHeaders-&gt;handle()
#54 /www/wwwroot/jobportal.prus.dev/app/Http/Middleware/SecurityHeaders.php(11): Illuminate\Pipeline\Pipeline-&gt;Illuminate\Pipeline\{closure}()
#55 /www/wwwroot/jobportal.prus.dev/vendor/laravel/framework/src/Illuminate/Pipeline/Pipeline.php(208): App\Http\Middleware\SecurityHeaders-&gt;handle()
#56 /www/wwwroot/jobportal.prus.dev/vendor/laravel/framework/src/Illuminate/Foundation/Http/Middleware/TransformsRequest.php(21): Illuminate\Pipeline\Pipeline-&gt;Illuminate\Pipeline\{closure}()
#57 /www/wwwroot/jobportal.prus.dev/vendor/laravel/framework/src/Illuminate/Foundation/Http/Middleware/ConvertEmptyStringsToNull.php(31): Illuminate\Foundation\Http\Middleware\TransformsRequest-&gt;handle()
#58 /www/wwwroot/jobportal.prus.dev/vendor/laravel/framework/src/Illuminate/Pipeline/Pipeline.php(208): Illuminate\Foundation\Http\Middleware\ConvertEmptyStringsToNull-&gt;handle()
#59 /www/wwwroot/jobportal.prus.dev/vendor/laravel/framework/src/Illuminate/Foundation/Http/Middleware/TransformsRequest.php(21): Illuminate\Pipeline\Pipeline-&gt;Illuminate\Pipeline\{closure}()
#60 /www/wwwroot/jobportal.prus.dev/vendor/laravel/framework/src/Illuminate/Foundation/Http/Middleware/TrimStrings.php(51): Illuminate\Foundation\Http\Middleware\TransformsRequest-&gt;handle()
#61 /www/wwwroot/jobportal.prus.dev/vendor/laravel/framework/src/Illuminate/Pipeline/Pipeline.php(208): Illuminate\Foundation\Http\Middleware\TrimStrings-&gt;handle()
#62 /www/wwwroot/jobportal.prus.dev/vendor/laravel/framework/src/Illuminate/Http/Middleware/ValidatePostSize.php(27): Illuminate\Pipeline\Pipeline-&gt;Illuminate\Pipeline\{closure}()
#63 /www/wwwroot/jobportal.prus.dev/vendor/laravel/framework/src/Illuminate/Pipeline/Pipeline.php(208): Illuminate\Http\Middleware\ValidatePostSize-&gt;handle()
#64 /www/wwwroot/jobportal.prus.dev/vendor/laravel/framework/src/Illuminate/Foundation/Http/Middleware/PreventRequestsDuringMaintenance.php(109): Illuminate\Pipeline\Pipeline-&gt;Illuminate\Pipeline\{closure}()
#65 /www/wwwroot/jobportal.prus.dev/vendor/laravel/framework/src/Illuminate/Pipeline/Pipeline.php(208): Illuminate\Foundation\Http\Middleware\PreventRequestsDuringMaintenance-&gt;handle()
#66 /www/wwwroot/jobportal.prus.dev/vendor/laravel/framework/src/Illuminate/Http/Middleware/HandleCors.php(48): Illuminate\Pipeline\Pipeline-&gt;Illuminate\Pipeline\{closure}()
#67 /www/wwwroot/jobportal.prus.dev/vendor/laravel/framework/src/Illuminate/Pipeline/Pipeline.php(208): Illuminate\Http\Middleware\HandleCors-&gt;handle()
#68 /www/wwwroot/jobportal.prus.dev/vendor/laravel/framework/src/Illuminate/Http/Middleware/TrustProxies.php(58): Illuminate\Pipeline\Pipeline-&gt;Illuminate\Pipeline\{closure}()
#69 /www/wwwroot/jobportal.prus.dev/vendor/laravel/framework/src/Illuminate/Pipeline/Pipeline.php(208): Illuminate\Http\Middleware\TrustProxies-&gt;handle()
#70 /www/wwwroot/jobportal.prus.dev/vendor/laravel/framework/src/Illuminate/Pipeline/Pipeline.php(126): Illuminate\Pipeline\Pipeline-&gt;Illuminate\Pipeline\{closure}()
#71 /www/wwwroot/jobportal.prus.dev/vendor/laravel/framework/src/Illuminate/Foundation/Http/Kernel.php(175): Illuminate\Pipeline\Pipeline-&gt;then()
#72 /www/wwwroot/jobportal.prus.dev/vendor/laravel/framework/src/Illuminate/Foundation/Http/Kernel.php(144): Illuminate\Foundation\Http\Kernel-&gt;sendRequestThroughRouter()
#73 /www/wwwroot/jobportal.prus.dev/vendor/laravel/framework/src/Illuminate/Foundation/Testing/Concerns/MakesHttpRequests.php(607): Illuminate\Foundation\Http\Kernel-&gt;handle()
#74 /www/wwwroot/jobportal.prus.dev/vendor/laravel/framework/src/Illuminate/Foundation/Testing/Concerns/MakesHttpRequests.php(368): Illuminate\Foundation\Testing\TestCase-&gt;call()
#75 /www/wwwroot/jobportal.prus.dev/tests/Feature/JobPortalWebTest.php(90): Illuminate\Foundation\Testing\TestCase-&gt;get()
#76 /www/wwwroot/jobportal.prus.dev/vendor/phpunit/phpunit/src/Framework/TestCase.php(1656): Tests\Feature\JobPortalWebTest-&gt;test_job_detail_page_loads()
#77 /www/wwwroot/jobportal.prus.dev/vendor/phpunit/phpunit/src/Framework/TestCase.php(514): PHPUnit\Framework\TestCase-&gt;runTest()
#78 /www/wwwroot/jobportal.prus.dev/vendor/phpunit/phpunit/src/Framework/TestRunner/TestRunner.php(87): PHPUnit\Framework\TestCase-&gt;runBare()
#79 /www/wwwroot/jobportal.prus.dev/vendor/phpunit/phpunit/src/Framework/TestCase.php(361): PHPUnit\Framework\TestRunner-&gt;run()
#80 /www/wwwroot/jobportal.prus.dev/vendor/phpunit/phpunit/src/Framework/TestSuite.php(369): PHPUnit\Framework\TestCase-&gt;run()
#81 /www/wwwroot/jobportal.prus.dev/vendor/phpunit/phpunit/src/Framework/TestSuite.php(369): PHPUnit\Framework\TestSuite-&gt;run()
#82 /www/wwwroot/jobportal.prus.dev/vendor/phpunit/phpunit/src/Framework/TestSuite.php(369): PHPUnit\Framework\TestSuite-&gt;run()
#83 /www/wwwroot/jobportal.prus.dev/vendor/phpunit/phpunit/src/TextUI/TestRunner.php(64): PHPUnit\Framework\TestSuite-&gt;run()
#84 /www/wwwroot/jobportal.prus.dev/vendor/phpunit/phpunit/src/TextUI/Application.php(210): PHPUnit\TextUI\TestRunner-&gt;run()
#85 /www/wwwroot/jobportal.prus.dev/vendor/phpunit/phpunit/phpunit(104): PHPUnit\TextUI\Application-&gt;run()
#86 /www/wwwroot/jobportal.prus.dev/vendor/bin/phpunit(122): include('...')
#87 {main}

----------------------------------------------------------------------------------

Unable to locate a class or view for component [jobs.application-modal].

/www/wwwroot/jobportal.prus.dev/vendor/laravel/framework/src/Illuminate/Testing/TestResponseAssert.php:45
/www/wwwroot/jobportal.prus.dev/vendor/laravel/framework/src/Illuminate/Testing/TestResponse.php:174
/www/wwwroot/jobportal.prus.dev/tests/Feature/JobPortalWebTest.php:92</failure>
        </testcase>
        <testcase name="test_companies_index_page_loads" file="/www/wwwroot/jobportal.prus.dev/tests/Feature/JobPortalWebTest.php" line="105" class="Tests\Feature\JobPortalWebTest" classname="Tests.Feature.JobPortalWebTest" assertions="1" time="0.882259">
          <failure type="PHPUnit\Framework\ExpectationFailedException">Tests\Feature\JobPortalWebTest::test_companies_index_page_loads
Expected response status code [200] but received 500.
Failed asserting that 500 is identical to 200.

The following exception occurred during the last request:

ErrorException: Undefined variable $companies in /www/wwwroot/jobportal.prus.dev/storage/framework/views/b5cbd9250c937433825b653ab11db8da.php:15
Stack trace:
#0 /www/wwwroot/jobportal.prus.dev/vendor/laravel/framework/src/Illuminate/Foundation/Bootstrap/HandleExceptions.php(256): Illuminate\Foundation\Bootstrap\HandleExceptions-&gt;handleError()
#1 /www/wwwroot/jobportal.prus.dev/storage/framework/views/b5cbd9250c937433825b653ab11db8da.php(15): Illuminate\Foundation\Bootstrap\HandleExceptions-&gt;Illuminate\Foundation\Bootstrap\{closure}()
#2 /www/wwwroot/jobportal.prus.dev/vendor/laravel/framework/src/Illuminate/Filesystem/Filesystem.php(123): require('...')
#3 /www/wwwroot/jobportal.prus.dev/vendor/laravel/framework/src/Illuminate/Filesystem/Filesystem.php(124): Illuminate\Filesystem\Filesystem::Illuminate\Filesystem\{closure}()
#4 /www/wwwroot/jobportal.prus.dev/vendor/laravel/framework/src/Illuminate/View/Engines/PhpEngine.php(57): Illuminate\Filesystem\Filesystem-&gt;getRequire()
#5 /www/wwwroot/jobportal.prus.dev/vendor/livewire/livewire/src/Mechanisms/ExtendBlade/ExtendedCompilerEngine.php(22): Illuminate\View\Engines\PhpEngine-&gt;evaluatePath()
#6 /www/wwwroot/jobportal.prus.dev/vendor/laravel/framework/src/Illuminate/View/Engines/CompilerEngine.php(74): Livewire\Mechanisms\ExtendBlade\ExtendedCompilerEngine-&gt;evaluatePath()
#7 /www/wwwroot/jobportal.prus.dev/vendor/livewire/livewire/src/Mechanisms/ExtendBlade/ExtendedCompilerEngine.php(10): Illuminate\View\Engines\CompilerEngine-&gt;get()
#8 /www/wwwroot/jobportal.prus.dev/vendor/laravel/framework/src/Illuminate/View/View.php(208): Livewire\Mechanisms\ExtendBlade\ExtendedCompilerEngine-&gt;get()
#9 /www/wwwroot/jobportal.prus.dev/vendor/laravel/framework/src/Illuminate/View/View.php(191): Illuminate\View\View-&gt;getContents()
#10 /www/wwwroot/jobportal.prus.dev/vendor/laravel/framework/src/Illuminate/View/View.php(160): Illuminate\View\View-&gt;renderContents()
#11 /www/wwwroot/jobportal.prus.dev/vendor/laravel/framework/src/Illuminate/Http/Response.php(78): Illuminate\View\View-&gt;render()
#12 /www/wwwroot/jobportal.prus.dev/vendor/laravel/framework/src/Illuminate/Http/Response.php(34): Illuminate\Http\Response-&gt;setContent()
#13 /www/wwwroot/jobportal.prus.dev/vendor/laravel/framework/src/Illuminate/Routing/Router.php(924): Illuminate\Http\Response-&gt;__construct()
#14 /www/wwwroot/jobportal.prus.dev/vendor/laravel/framework/src/Illuminate/Routing/Router.php(891): Illuminate\Routing\Router::toResponse()
#15 /www/wwwroot/jobportal.prus.dev/vendor/laravel/framework/src/Illuminate/Routing/Router.php(807): Illuminate\Routing\Router-&gt;prepareResponse()
#16 /www/wwwroot/jobportal.prus.dev/vendor/laravel/framework/src/Illuminate/Pipeline/Pipeline.php(169): Illuminate\Routing\Router-&gt;Illuminate\Routing\{closure}()
#17 /www/wwwroot/jobportal.prus.dev/vendor/barryvdh/laravel-debugbar/src/Middleware/InjectDebugbar.php(59): Illuminate\Pipeline\Pipeline-&gt;Illuminate\Pipeline\{closure}()
#18 /www/wwwroot/jobportal.prus.dev/vendor/laravel/framework/src/Illuminate/Pipeline/Pipeline.php(208): Barryvdh\Debugbar\Middleware\InjectDebugbar-&gt;handle()
#19 /www/wwwroot/jobportal.prus.dev/app/Http/Middleware/LocaleMiddleware.php(54): Illuminate\Pipeline\Pipeline-&gt;Illuminate\Pipeline\{closure}()
#20 /www/wwwroot/jobportal.prus.dev/vendor/laravel/framework/src/Illuminate/Pipeline/Pipeline.php(208): App\Http\Middleware\LocaleMiddleware-&gt;handle()
#21 /www/wwwroot/jobportal.prus.dev/app/Http/Middleware/SetLocale.php(38): Illuminate\Pipeline\Pipeline-&gt;Illuminate\Pipeline\{closure}()
#22 /www/wwwroot/jobportal.prus.dev/vendor/laravel/framework/src/Illuminate/Pipeline/Pipeline.php(208): App\Http\Middleware\SetLocale-&gt;handle()
#23 /www/wwwroot/jobportal.prus.dev/app/Http/Middleware/LanguageMiddleware.php(47): Illuminate\Pipeline\Pipeline-&gt;Illuminate\Pipeline\{closure}()
#24 /www/wwwroot/jobportal.prus.dev/vendor/laravel/framework/src/Illuminate/Pipeline/Pipeline.php(208): App\Http\Middleware\LanguageMiddleware-&gt;handle()
#25 /www/wwwroot/jobportal.prus.dev/vendor/laravel/framework/src/Illuminate/Routing/Middleware/SubstituteBindings.php(50): Illuminate\Pipeline\Pipeline-&gt;Illuminate\Pipeline\{closure}()
#26 /www/wwwroot/jobportal.prus.dev/vendor/laravel/framework/src/Illuminate/Pipeline/Pipeline.php(208): Illuminate\Routing\Middleware\SubstituteBindings-&gt;handle()
#27 /www/wwwroot/jobportal.prus.dev/vendor/laravel/framework/src/Illuminate/Foundation/Http/Middleware/VerifyCsrfToken.php(87): Illuminate\Pipeline\Pipeline-&gt;Illuminate\Pipeline\{closure}()
#28 /www/wwwroot/jobportal.prus.dev/vendor/laravel/framework/src/Illuminate/Pipeline/Pipeline.php(208): Illuminate\Foundation\Http\Middleware\VerifyCsrfToken-&gt;handle()
#29 /www/wwwroot/jobportal.prus.dev/vendor/laravel/framework/src/Illuminate/View/Middleware/ShareErrorsFromSession.php(48): Illuminate\Pipeline\Pipeline-&gt;Illuminate\Pipeline\{closure}()
#30 /www/wwwroot/jobportal.prus.dev/vendor/laravel/framework/src/Illuminate/Pipeline/Pipeline.php(208): Illuminate\View\Middleware\ShareErrorsFromSession-&gt;handle()
#31 /www/wwwroot/jobportal.prus.dev/vendor/laravel/framework/src/Illuminate/Session/Middleware/StartSession.php(120): Illuminate\Pipeline\Pipeline-&gt;Illuminate\Pipeline\{closure}()
#32 /www/wwwroot/jobportal.prus.dev/vendor/laravel/framework/src/Illuminate/Session/Middleware/StartSession.php(63): Illuminate\Session\Middleware\StartSession-&gt;handleStatefulRequest()
#33 /www/wwwroot/jobportal.prus.dev/vendor/laravel/framework/src/Illuminate/Pipeline/Pipeline.php(208): Illuminate\Session\Middleware\StartSession-&gt;handle()
#34 /www/wwwroot/jobportal.prus.dev/vendor/laravel/framework/src/Illuminate/Cookie/Middleware/AddQueuedCookiesToResponse.php(36): Illuminate\Pipeline\Pipeline-&gt;Illuminate\Pipeline\{closure}()
#35 /www/wwwroot/jobportal.prus.dev/vendor/laravel/framework/src/Illuminate/Pipeline/Pipeline.php(208): Illuminate\Cookie\Middleware\AddQueuedCookiesToResponse-&gt;handle()
#36 /www/wwwroot/jobportal.prus.dev/vendor/laravel/framework/src/Illuminate/Cookie/Middleware/EncryptCookies.php(74): Illuminate\Pipeline\Pipeline-&gt;Illuminate\Pipeline\{closure}()
#37 /www/wwwroot/jobportal.prus.dev/vendor/laravel/framework/src/Illuminate/Pipeline/Pipeline.php(208): Illuminate\Cookie\Middleware\EncryptCookies-&gt;handle()
#38 /www/wwwroot/jobportal.prus.dev/vendor/laravel/framework/src/Illuminate/Pipeline/Pipeline.php(126): Illuminate\Pipeline\Pipeline-&gt;Illuminate\Pipeline\{closure}()
#39 /www/wwwroot/jobportal.prus.dev/vendor/laravel/framework/src/Illuminate/Routing/Router.php(807): Illuminate\Pipeline\Pipeline-&gt;then()
#40 /www/wwwroot/jobportal.prus.dev/vendor/laravel/framework/src/Illuminate/Routing/Router.php(786): Illuminate\Routing\Router-&gt;runRouteWithinStack()
#41 /www/wwwroot/jobportal.prus.dev/vendor/laravel/framework/src/Illuminate/Routing/Router.php(750): Illuminate\Routing\Router-&gt;runRoute()
#42 /www/wwwroot/jobportal.prus.dev/vendor/laravel/framework/src/Illuminate/Routing/Router.php(739): Illuminate\Routing\Router-&gt;dispatchToRoute()
#43 /www/wwwroot/jobportal.prus.dev/vendor/laravel/framework/src/Illuminate/Foundation/Http/Kernel.php(200): Illuminate\Routing\Router-&gt;dispatch()
#44 /www/wwwroot/jobportal.prus.dev/vendor/laravel/framework/src/Illuminate/Pipeline/Pipeline.php(169): Illuminate\Foundation\Http\Kernel-&gt;Illuminate\Foundation\Http\{closure}()
#45 /www/wwwroot/jobportal.prus.dev/vendor/livewire/livewire/src/Features/SupportDisablingBackButtonCache/DisableBackButtonCacheMiddleware.php(19): Illuminate\Pipeline\Pipeline-&gt;Illuminate\Pipeline\{closure}()
#46 /www/wwwroot/jobportal.prus.dev/vendor/laravel/framework/src/Illuminate/Pipeline/Pipeline.php(208): Livewire\Features\SupportDisablingBackButtonCache\DisableBackButtonCacheMiddleware-&gt;handle()
#47 /www/wwwroot/jobportal.prus.dev/vendor/barryvdh/laravel-debugbar/src/Middleware/InjectDebugbar.php(59): Illuminate\Pipeline\Pipeline-&gt;Illuminate\Pipeline\{closure}()
#48 /www/wwwroot/jobportal.prus.dev/vendor/laravel/framework/src/Illuminate/Pipeline/Pipeline.php(208): Barryvdh\Debugbar\Middleware\InjectDebugbar-&gt;handle()
#49 /www/wwwroot/jobportal.prus.dev/vendor/spatie/laravel-csp/src/AddCspHeaders.php(17): Illuminate\Pipeline\Pipeline-&gt;Illuminate\Pipeline\{closure}()
#50 /www/wwwroot/jobportal.prus.dev/vendor/laravel/framework/src/Illuminate/Pipeline/Pipeline.php(208): Spatie\Csp\AddCspHeaders-&gt;handle()
#51 /www/wwwroot/jobportal.prus.dev/app/Http/Middleware/SecurityHeaders.php(11): Illuminate\Pipeline\Pipeline-&gt;Illuminate\Pipeline\{closure}()
#52 /www/wwwroot/jobportal.prus.dev/vendor/laravel/framework/src/Illuminate/Pipeline/Pipeline.php(208): App\Http\Middleware\SecurityHeaders-&gt;handle()
#53 /www/wwwroot/jobportal.prus.dev/vendor/laravel/framework/src/Illuminate/Foundation/Http/Middleware/TransformsRequest.php(21): Illuminate\Pipeline\Pipeline-&gt;Illuminate\Pipeline\{closure}()
#54 /www/wwwroot/jobportal.prus.dev/vendor/laravel/framework/src/Illuminate/Foundation/Http/Middleware/ConvertEmptyStringsToNull.php(31): Illuminate\Foundation\Http\Middleware\TransformsRequest-&gt;handle()
#55 /www/wwwroot/jobportal.prus.dev/vendor/laravel/framework/src/Illuminate/Pipeline/Pipeline.php(208): Illuminate\Foundation\Http\Middleware\ConvertEmptyStringsToNull-&gt;handle()
#56 /www/wwwroot/jobportal.prus.dev/vendor/laravel/framework/src/Illuminate/Foundation/Http/Middleware/TransformsRequest.php(21): Illuminate\Pipeline\Pipeline-&gt;Illuminate\Pipeline\{closure}()
#57 /www/wwwroot/jobportal.prus.dev/vendor/laravel/framework/src/Illuminate/Foundation/Http/Middleware/TrimStrings.php(51): Illuminate\Foundation\Http\Middleware\TransformsRequest-&gt;handle()
#58 /www/wwwroot/jobportal.prus.dev/vendor/laravel/framework/src/Illuminate/Pipeline/Pipeline.php(208): Illuminate\Foundation\Http\Middleware\TrimStrings-&gt;handle()
#59 /www/wwwroot/jobportal.prus.dev/vendor/laravel/framework/src/Illuminate/Http/Middleware/ValidatePostSize.php(27): Illuminate\Pipeline\Pipeline-&gt;Illuminate\Pipeline\{closure}()
#60 /www/wwwroot/jobportal.prus.dev/vendor/laravel/framework/src/Illuminate/Pipeline/Pipeline.php(208): Illuminate\Http\Middleware\ValidatePostSize-&gt;handle()
#61 /www/wwwroot/jobportal.prus.dev/vendor/laravel/framework/src/Illuminate/Foundation/Http/Middleware/PreventRequestsDuringMaintenance.php(109): Illuminate\Pipeline\Pipeline-&gt;Illuminate\Pipeline\{closure}()
#62 /www/wwwroot/jobportal.prus.dev/vendor/laravel/framework/src/Illuminate/Pipeline/Pipeline.php(208): Illuminate\Foundation\Http\Middleware\PreventRequestsDuringMaintenance-&gt;handle()
#63 /www/wwwroot/jobportal.prus.dev/vendor/laravel/framework/src/Illuminate/Http/Middleware/HandleCors.php(48): Illuminate\Pipeline\Pipeline-&gt;Illuminate\Pipeline\{closure}()
#64 /www/wwwroot/jobportal.prus.dev/vendor/laravel/framework/src/Illuminate/Pipeline/Pipeline.php(208): Illuminate\Http\Middleware\HandleCors-&gt;handle()
#65 /www/wwwroot/jobportal.prus.dev/vendor/laravel/framework/src/Illuminate/Http/Middleware/TrustProxies.php(58): Illuminate\Pipeline\Pipeline-&gt;Illuminate\Pipeline\{closure}()
#66 /www/wwwroot/jobportal.prus.dev/vendor/laravel/framework/src/Illuminate/Pipeline/Pipeline.php(208): Illuminate\Http\Middleware\TrustProxies-&gt;handle()
#67 /www/wwwroot/jobportal.prus.dev/vendor/laravel/framework/src/Illuminate/Pipeline/Pipeline.php(126): Illuminate\Pipeline\Pipeline-&gt;Illuminate\Pipeline\{closure}()
#68 /www/wwwroot/jobportal.prus.dev/vendor/laravel/framework/src/Illuminate/Foundation/Http/Kernel.php(175): Illuminate\Pipeline\Pipeline-&gt;then()
#69 /www/wwwroot/jobportal.prus.dev/vendor/laravel/framework/src/Illuminate/Foundation/Http/Kernel.php(144): Illuminate\Foundation\Http\Kernel-&gt;sendRequestThroughRouter()
#70 /www/wwwroot/jobportal.prus.dev/vendor/laravel/framework/src/Illuminate/Foundation/Testing/Concerns/MakesHttpRequests.php(607): Illuminate\Foundation\Http\Kernel-&gt;handle()
#71 /www/wwwroot/jobportal.prus.dev/vendor/laravel/framework/src/Illuminate/Foundation/Testing/Concerns/MakesHttpRequests.php(368): Illuminate\Foundation\Testing\TestCase-&gt;call()
#72 /www/wwwroot/jobportal.prus.dev/tests/Feature/JobPortalWebTest.php(107): Illuminate\Foundation\Testing\TestCase-&gt;get()
#73 /www/wwwroot/jobportal.prus.dev/vendor/phpunit/phpunit/src/Framework/TestCase.php(1656): Tests\Feature\JobPortalWebTest-&gt;test_companies_index_page_loads()
#74 /www/wwwroot/jobportal.prus.dev/vendor/phpunit/phpunit/src/Framework/TestCase.php(514): PHPUnit\Framework\TestCase-&gt;runTest()
#75 /www/wwwroot/jobportal.prus.dev/vendor/phpunit/phpunit/src/Framework/TestRunner/TestRunner.php(87): PHPUnit\Framework\TestCase-&gt;runBare()
#76 /www/wwwroot/jobportal.prus.dev/vendor/phpunit/phpunit/src/Framework/TestCase.php(361): PHPUnit\Framework\TestRunner-&gt;run()
#77 /www/wwwroot/jobportal.prus.dev/vendor/phpunit/phpunit/src/Framework/TestSuite.php(369): PHPUnit\Framework\TestCase-&gt;run()
#78 /www/wwwroot/jobportal.prus.dev/vendor/phpunit/phpunit/src/Framework/TestSuite.php(369): PHPUnit\Framework\TestSuite-&gt;run()
#79 /www/wwwroot/jobportal.prus.dev/vendor/phpunit/phpunit/src/Framework/TestSuite.php(369): PHPUnit\Framework\TestSuite-&gt;run()
#80 /www/wwwroot/jobportal.prus.dev/vendor/phpunit/phpunit/src/TextUI/TestRunner.php(64): PHPUnit\Framework\TestSuite-&gt;run()
#81 /www/wwwroot/jobportal.prus.dev/vendor/phpunit/phpunit/src/TextUI/Application.php(210): PHPUnit\TextUI\TestRunner-&gt;run()
#82 /www/wwwroot/jobportal.prus.dev/vendor/phpunit/phpunit/phpunit(104): PHPUnit\TextUI\Application-&gt;run()
#83 /www/wwwroot/jobportal.prus.dev/vendor/bin/phpunit(122): include('...')
#84 {main}

Next Spatie\LaravelIgnition\Exceptions\ViewException: Undefined variable $companies in /www/wwwroot/jobportal.prus.dev/resources/views/companies/index.blade.php:16
Stack trace:
#0 /www/wwwroot/jobportal.prus.dev/vendor/laravel/framework/src/Illuminate/Filesystem/Filesystem.php(123): require('...')
#1 /www/wwwroot/jobportal.prus.dev/vendor/laravel/framework/src/Illuminate/Filesystem/Filesystem.php(124): Illuminate\Filesystem\Filesystem::Illuminate\Filesystem\{closure}()
#2 /www/wwwroot/jobportal.prus.dev/vendor/laravel/framework/src/Illuminate/View/Engines/PhpEngine.php(57): Illuminate\Filesystem\Filesystem-&gt;getRequire()
#3 /www/wwwroot/jobportal.prus.dev/vendor/livewire/livewire/src/Mechanisms/ExtendBlade/ExtendedCompilerEngine.php(22): Illuminate\View\Engines\PhpEngine-&gt;evaluatePath()
#4 /www/wwwroot/jobportal.prus.dev/vendor/laravel/framework/src/Illuminate/View/Engines/CompilerEngine.php(74): Livewire\Mechanisms\ExtendBlade\ExtendedCompilerEngine-&gt;evaluatePath()
#5 /www/wwwroot/jobportal.prus.dev/vendor/livewire/livewire/src/Mechanisms/ExtendBlade/ExtendedCompilerEngine.php(10): Illuminate\View\Engines\CompilerEngine-&gt;get()
#6 /www/wwwroot/jobportal.prus.dev/vendor/laravel/framework/src/Illuminate/View/View.php(208): Livewire\Mechanisms\ExtendBlade\ExtendedCompilerEngine-&gt;get()
#7 /www/wwwroot/jobportal.prus.dev/vendor/laravel/framework/src/Illuminate/View/View.php(191): Illuminate\View\View-&gt;getContents()
#8 /www/wwwroot/jobportal.prus.dev/vendor/laravel/framework/src/Illuminate/View/View.php(160): Illuminate\View\View-&gt;renderContents()
#9 /www/wwwroot/jobportal.prus.dev/vendor/laravel/framework/src/Illuminate/Http/Response.php(78): Illuminate\View\View-&gt;render()
#10 /www/wwwroot/jobportal.prus.dev/vendor/laravel/framework/src/Illuminate/Http/Response.php(34): Illuminate\Http\Response-&gt;setContent()
#11 /www/wwwroot/jobportal.prus.dev/vendor/laravel/framework/src/Illuminate/Routing/Router.php(924): Illuminate\Http\Response-&gt;__construct()
#12 /www/wwwroot/jobportal.prus.dev/vendor/laravel/framework/src/Illuminate/Routing/Router.php(891): Illuminate\Routing\Router::toResponse()
#13 /www/wwwroot/jobportal.prus.dev/vendor/laravel/framework/src/Illuminate/Routing/Router.php(807): Illuminate\Routing\Router-&gt;prepareResponse()
#14 /www/wwwroot/jobportal.prus.dev/vendor/laravel/framework/src/Illuminate/Pipeline/Pipeline.php(169): Illuminate\Routing\Router-&gt;Illuminate\Routing\{closure}()
#15 /www/wwwroot/jobportal.prus.dev/vendor/barryvdh/laravel-debugbar/src/Middleware/InjectDebugbar.php(59): Illuminate\Pipeline\Pipeline-&gt;Illuminate\Pipeline\{closure}()
#16 /www/wwwroot/jobportal.prus.dev/vendor/laravel/framework/src/Illuminate/Pipeline/Pipeline.php(208): Barryvdh\Debugbar\Middleware\InjectDebugbar-&gt;handle()
#17 /www/wwwroot/jobportal.prus.dev/app/Http/Middleware/LocaleMiddleware.php(54): Illuminate\Pipeline\Pipeline-&gt;Illuminate\Pipeline\{closure}()
#18 /www/wwwroot/jobportal.prus.dev/vendor/laravel/framework/src/Illuminate/Pipeline/Pipeline.php(208): App\Http\Middleware\LocaleMiddleware-&gt;handle()
#19 /www/wwwroot/jobportal.prus.dev/app/Http/Middleware/SetLocale.php(38): Illuminate\Pipeline\Pipeline-&gt;Illuminate\Pipeline\{closure}()
#20 /www/wwwroot/jobportal.prus.dev/vendor/laravel/framework/src/Illuminate/Pipeline/Pipeline.php(208): App\Http\Middleware\SetLocale-&gt;handle()
#21 /www/wwwroot/jobportal.prus.dev/app/Http/Middleware/LanguageMiddleware.php(47): Illuminate\Pipeline\Pipeline-&gt;Illuminate\Pipeline\{closure}()
#22 /www/wwwroot/jobportal.prus.dev/vendor/laravel/framework/src/Illuminate/Pipeline/Pipeline.php(208): App\Http\Middleware\LanguageMiddleware-&gt;handle()
#23 /www/wwwroot/jobportal.prus.dev/vendor/laravel/framework/src/Illuminate/Routing/Middleware/SubstituteBindings.php(50): Illuminate\Pipeline\Pipeline-&gt;Illuminate\Pipeline\{closure}()
#24 /www/wwwroot/jobportal.prus.dev/vendor/laravel/framework/src/Illuminate/Pipeline/Pipeline.php(208): Illuminate\Routing\Middleware\SubstituteBindings-&gt;handle()
#25 /www/wwwroot/jobportal.prus.dev/vendor/laravel/framework/src/Illuminate/Foundation/Http/Middleware/VerifyCsrfToken.php(87): Illuminate\Pipeline\Pipeline-&gt;Illuminate\Pipeline\{closure}()
#26 /www/wwwroot/jobportal.prus.dev/vendor/laravel/framework/src/Illuminate/Pipeline/Pipeline.php(208): Illuminate\Foundation\Http\Middleware\VerifyCsrfToken-&gt;handle()
#27 /www/wwwroot/jobportal.prus.dev/vendor/laravel/framework/src/Illuminate/View/Middleware/ShareErrorsFromSession.php(48): Illuminate\Pipeline\Pipeline-&gt;Illuminate\Pipeline\{closure}()
#28 /www/wwwroot/jobportal.prus.dev/vendor/laravel/framework/src/Illuminate/Pipeline/Pipeline.php(208): Illuminate\View\Middleware\ShareErrorsFromSession-&gt;handle()
#29 /www/wwwroot/jobportal.prus.dev/vendor/laravel/framework/src/Illuminate/Session/Middleware/StartSession.php(120): Illuminate\Pipeline\Pipeline-&gt;Illuminate\Pipeline\{closure}()
#30 /www/wwwroot/jobportal.prus.dev/vendor/laravel/framework/src/Illuminate/Session/Middleware/StartSession.php(63): Illuminate\Session\Middleware\StartSession-&gt;handleStatefulRequest()
#31 /www/wwwroot/jobportal.prus.dev/vendor/laravel/framework/src/Illuminate/Pipeline/Pipeline.php(208): Illuminate\Session\Middleware\StartSession-&gt;handle()
#32 /www/wwwroot/jobportal.prus.dev/vendor/laravel/framework/src/Illuminate/Cookie/Middleware/AddQueuedCookiesToResponse.php(36): Illuminate\Pipeline\Pipeline-&gt;Illuminate\Pipeline\{closure}()
#33 /www/wwwroot/jobportal.prus.dev/vendor/laravel/framework/src/Illuminate/Pipeline/Pipeline.php(208): Illuminate\Cookie\Middleware\AddQueuedCookiesToResponse-&gt;handle()
#34 /www/wwwroot/jobportal.prus.dev/vendor/laravel/framework/src/Illuminate/Cookie/Middleware/EncryptCookies.php(74): Illuminate\Pipeline\Pipeline-&gt;Illuminate\Pipeline\{closure}()
#35 /www/wwwroot/jobportal.prus.dev/vendor/laravel/framework/src/Illuminate/Pipeline/Pipeline.php(208): Illuminate\Cookie\Middleware\EncryptCookies-&gt;handle()
#36 /www/wwwroot/jobportal.prus.dev/vendor/laravel/framework/src/Illuminate/Pipeline/Pipeline.php(126): Illuminate\Pipeline\Pipeline-&gt;Illuminate\Pipeline\{closure}()
#37 /www/wwwroot/jobportal.prus.dev/vendor/laravel/framework/src/Illuminate/Routing/Router.php(807): Illuminate\Pipeline\Pipeline-&gt;then()
#38 /www/wwwroot/jobportal.prus.dev/vendor/laravel/framework/src/Illuminate/Routing/Router.php(786): Illuminate\Routing\Router-&gt;runRouteWithinStack()
#39 /www/wwwroot/jobportal.prus.dev/vendor/laravel/framework/src/Illuminate/Routing/Router.php(750): Illuminate\Routing\Router-&gt;runRoute()
#40 /www/wwwroot/jobportal.prus.dev/vendor/laravel/framework/src/Illuminate/Routing/Router.php(739): Illuminate\Routing\Router-&gt;dispatchToRoute()
#41 /www/wwwroot/jobportal.prus.dev/vendor/laravel/framework/src/Illuminate/Foundation/Http/Kernel.php(200): Illuminate\Routing\Router-&gt;dispatch()
#42 /www/wwwroot/jobportal.prus.dev/vendor/laravel/framework/src/Illuminate/Pipeline/Pipeline.php(169): Illuminate\Foundation\Http\Kernel-&gt;Illuminate\Foundation\Http\{closure}()
#43 /www/wwwroot/jobportal.prus.dev/vendor/livewire/livewire/src/Features/SupportDisablingBackButtonCache/DisableBackButtonCacheMiddleware.php(19): Illuminate\Pipeline\Pipeline-&gt;Illuminate\Pipeline\{closure}()
#44 /www/wwwroot/jobportal.prus.dev/vendor/laravel/framework/src/Illuminate/Pipeline/Pipeline.php(208): Livewire\Features\SupportDisablingBackButtonCache\DisableBackButtonCacheMiddleware-&gt;handle()
#45 /www/wwwroot/jobportal.prus.dev/vendor/barryvdh/laravel-debugbar/src/Middleware/InjectDebugbar.php(59): Illuminate\Pipeline\Pipeline-&gt;Illuminate\Pipeline\{closure}()
#46 /www/wwwroot/jobportal.prus.dev/vendor/laravel/framework/src/Illuminate/Pipeline/Pipeline.php(208): Barryvdh\Debugbar\Middleware\InjectDebugbar-&gt;handle()
#47 /www/wwwroot/jobportal.prus.dev/vendor/spatie/laravel-csp/src/AddCspHeaders.php(17): Illuminate\Pipeline\Pipeline-&gt;Illuminate\Pipeline\{closure}()
#48 /www/wwwroot/jobportal.prus.dev/vendor/laravel/framework/src/Illuminate/Pipeline/Pipeline.php(208): Spatie\Csp\AddCspHeaders-&gt;handle()
#49 /www/wwwroot/jobportal.prus.dev/app/Http/Middleware/SecurityHeaders.php(11): Illuminate\Pipeline\Pipeline-&gt;Illuminate\Pipeline\{closure}()
#50 /www/wwwroot/jobportal.prus.dev/vendor/laravel/framework/src/Illuminate/Pipeline/Pipeline.php(208): App\Http\Middleware\SecurityHeaders-&gt;handle()
#51 /www/wwwroot/jobportal.prus.dev/vendor/laravel/framework/src/Illuminate/Foundation/Http/Middleware/TransformsRequest.php(21): Illuminate\Pipeline\Pipeline-&gt;Illuminate\Pipeline\{closure}()
#52 /www/wwwroot/jobportal.prus.dev/vendor/laravel/framework/src/Illuminate/Foundation/Http/Middleware/ConvertEmptyStringsToNull.php(31): Illuminate\Foundation\Http\Middleware\TransformsRequest-&gt;handle()
#53 /www/wwwroot/jobportal.prus.dev/vendor/laravel/framework/src/Illuminate/Pipeline/Pipeline.php(208): Illuminate\Foundation\Http\Middleware\ConvertEmptyStringsToNull-&gt;handle()
#54 /www/wwwroot/jobportal.prus.dev/vendor/laravel/framework/src/Illuminate/Foundation/Http/Middleware/TransformsRequest.php(21): Illuminate\Pipeline\Pipeline-&gt;Illuminate\Pipeline\{closure}()
#55 /www/wwwroot/jobportal.prus.dev/vendor/laravel/framework/src/Illuminate/Foundation/Http/Middleware/TrimStrings.php(51): Illuminate\Foundation\Http\Middleware\TransformsRequest-&gt;handle()
#56 /www/wwwroot/jobportal.prus.dev/vendor/laravel/framework/src/Illuminate/Pipeline/Pipeline.php(208): Illuminate\Foundation\Http\Middleware\TrimStrings-&gt;handle()
#57 /www/wwwroot/jobportal.prus.dev/vendor/laravel/framework/src/Illuminate/Http/Middleware/ValidatePostSize.php(27): Illuminate\Pipeline\Pipeline-&gt;Illuminate\Pipeline\{closure}()
#58 /www/wwwroot/jobportal.prus.dev/vendor/laravel/framework/src/Illuminate/Pipeline/Pipeline.php(208): Illuminate\Http\Middleware\ValidatePostSize-&gt;handle()
#59 /www/wwwroot/jobportal.prus.dev/vendor/laravel/framework/src/Illuminate/Foundation/Http/Middleware/PreventRequestsDuringMaintenance.php(109): Illuminate\Pipeline\Pipeline-&gt;Illuminate\Pipeline\{closure}()
#60 /www/wwwroot/jobportal.prus.dev/vendor/laravel/framework/src/Illuminate/Pipeline/Pipeline.php(208): Illuminate\Foundation\Http\Middleware\PreventRequestsDuringMaintenance-&gt;handle()
#61 /www/wwwroot/jobportal.prus.dev/vendor/laravel/framework/src/Illuminate/Http/Middleware/HandleCors.php(48): Illuminate\Pipeline\Pipeline-&gt;Illuminate\Pipeline\{closure}()
#62 /www/wwwroot/jobportal.prus.dev/vendor/laravel/framework/src/Illuminate/Pipeline/Pipeline.php(208): Illuminate\Http\Middleware\HandleCors-&gt;handle()
#63 /www/wwwroot/jobportal.prus.dev/vendor/laravel/framework/src/Illuminate/Http/Middleware/TrustProxies.php(58): Illuminate\Pipeline\Pipeline-&gt;Illuminate\Pipeline\{closure}()
#64 /www/wwwroot/jobportal.prus.dev/vendor/laravel/framework/src/Illuminate/Pipeline/Pipeline.php(208): Illuminate\Http\Middleware\TrustProxies-&gt;handle()
#65 /www/wwwroot/jobportal.prus.dev/vendor/laravel/framework/src/Illuminate/Pipeline/Pipeline.php(126): Illuminate\Pipeline\Pipeline-&gt;Illuminate\Pipeline\{closure}()
#66 /www/wwwroot/jobportal.prus.dev/vendor/laravel/framework/src/Illuminate/Foundation/Http/Kernel.php(175): Illuminate\Pipeline\Pipeline-&gt;then()
#67 /www/wwwroot/jobportal.prus.dev/vendor/laravel/framework/src/Illuminate/Foundation/Http/Kernel.php(144): Illuminate\Foundation\Http\Kernel-&gt;sendRequestThroughRouter()
#68 /www/wwwroot/jobportal.prus.dev/vendor/laravel/framework/src/Illuminate/Foundation/Testing/Concerns/MakesHttpRequests.php(607): Illuminate\Foundation\Http\Kernel-&gt;handle()
#69 /www/wwwroot/jobportal.prus.dev/vendor/laravel/framework/src/Illuminate/Foundation/Testing/Concerns/MakesHttpRequests.php(368): Illuminate\Foundation\Testing\TestCase-&gt;call()
#70 /www/wwwroot/jobportal.prus.dev/tests/Feature/JobPortalWebTest.php(107): Illuminate\Foundation\Testing\TestCase-&gt;get()
#71 /www/wwwroot/jobportal.prus.dev/vendor/phpunit/phpunit/src/Framework/TestCase.php(1656): Tests\Feature\JobPortalWebTest-&gt;test_companies_index_page_loads()
#72 /www/wwwroot/jobportal.prus.dev/vendor/phpunit/phpunit/src/Framework/TestCase.php(514): PHPUnit\Framework\TestCase-&gt;runTest()
#73 /www/wwwroot/jobportal.prus.dev/vendor/phpunit/phpunit/src/Framework/TestRunner/TestRunner.php(87): PHPUnit\Framework\TestCase-&gt;runBare()
#74 /www/wwwroot/jobportal.prus.dev/vendor/phpunit/phpunit/src/Framework/TestCase.php(361): PHPUnit\Framework\TestRunner-&gt;run()
#75 /www/wwwroot/jobportal.prus.dev/vendor/phpunit/phpunit/src/Framework/TestSuite.php(369): PHPUnit\Framework\TestCase-&gt;run()
#76 /www/wwwroot/jobportal.prus.dev/vendor/phpunit/phpunit/src/Framework/TestSuite.php(369): PHPUnit\Framework\TestSuite-&gt;run()
#77 /www/wwwroot/jobportal.prus.dev/vendor/phpunit/phpunit/src/Framework/TestSuite.php(369): PHPUnit\Framework\TestSuite-&gt;run()
#78 /www/wwwroot/jobportal.prus.dev/vendor/phpunit/phpunit/src/TextUI/TestRunner.php(64): PHPUnit\Framework\TestSuite-&gt;run()
#79 /www/wwwroot/jobportal.prus.dev/vendor/phpunit/phpunit/src/TextUI/Application.php(210): PHPUnit\TextUI\TestRunner-&gt;run()
#80 /www/wwwroot/jobportal.prus.dev/vendor/phpunit/phpunit/phpunit(104): PHPUnit\TextUI\Application-&gt;run()
#81 /www/wwwroot/jobportal.prus.dev/vendor/bin/phpunit(122): include('...')
#82 {main}

----------------------------------------------------------------------------------

Undefined variable $companies

/www/wwwroot/jobportal.prus.dev/vendor/laravel/framework/src/Illuminate/Testing/TestResponseAssert.php:45
/www/wwwroot/jobportal.prus.dev/vendor/laravel/framework/src/Illuminate/Testing/TestResponse.php:174
/www/wwwroot/jobportal.prus.dev/tests/Feature/JobPortalWebTest.php:109</failure>
        </testcase>
        <testcase name="test_company_detail_page_loads" file="/www/wwwroot/jobportal.prus.dev/tests/Feature/JobPortalWebTest.php" line="119" class="Tests\Feature\JobPortalWebTest" classname="Tests.Feature.JobPortalWebTest" assertions="1" time="0.859289">
          <failure type="PHPUnit\Framework\ExpectationFailedException">Tests\Feature\JobPortalWebTest::test_company_detail_page_loads
Expected response status code [200] but received 500.
Failed asserting that 500 is identical to 200.

The following exception occurred during the last request:

Symfony\Component\Routing\Exception\RouteNotFoundException: Route [search] not defined. in /www/wwwroot/jobportal.prus.dev/vendor/laravel/framework/src/Illuminate/Routing/UrlGenerator.php:526
Stack trace:
#0 /www/wwwroot/jobportal.prus.dev/vendor/laravel/framework/src/Illuminate/Foundation/helpers.php(883): Illuminate\Routing\UrlGenerator-&gt;route()
#1 /www/wwwroot/jobportal.prus.dev/storage/framework/views/d69d9ccf2dc289690e52004e0568f7de.php(44): route()
#2 /www/wwwroot/jobportal.prus.dev/vendor/laravel/framework/src/Illuminate/Filesystem/Filesystem.php(123): require('...')
#3 /www/wwwroot/jobportal.prus.dev/vendor/laravel/framework/src/Illuminate/Filesystem/Filesystem.php(124): Illuminate\Filesystem\Filesystem::Illuminate\Filesystem\{closure}()
#4 /www/wwwroot/jobportal.prus.dev/vendor/laravel/framework/src/Illuminate/View/Engines/PhpEngine.php(57): Illuminate\Filesystem\Filesystem-&gt;getRequire()
#5 /www/wwwroot/jobportal.prus.dev/vendor/livewire/livewire/src/Mechanisms/ExtendBlade/ExtendedCompilerEngine.php(22): Illuminate\View\Engines\PhpEngine-&gt;evaluatePath()
#6 /www/wwwroot/jobportal.prus.dev/vendor/laravel/framework/src/Illuminate/View/Engines/CompilerEngine.php(74): Livewire\Mechanisms\ExtendBlade\ExtendedCompilerEngine-&gt;evaluatePath()
#7 /www/wwwroot/jobportal.prus.dev/vendor/livewire/livewire/src/Mechanisms/ExtendBlade/ExtendedCompilerEngine.php(10): Illuminate\View\Engines\CompilerEngine-&gt;get()
#8 /www/wwwroot/jobportal.prus.dev/vendor/laravel/framework/src/Illuminate/View/View.php(208): Livewire\Mechanisms\ExtendBlade\ExtendedCompilerEngine-&gt;get()
#9 /www/wwwroot/jobportal.prus.dev/vendor/laravel/framework/src/Illuminate/View/View.php(191): Illuminate\View\View-&gt;getContents()
#10 /www/wwwroot/jobportal.prus.dev/vendor/laravel/framework/src/Illuminate/View/View.php(160): Illuminate\View\View-&gt;renderContents()
#11 /www/wwwroot/jobportal.prus.dev/vendor/laravel/framework/src/Illuminate/Http/Response.php(78): Illuminate\View\View-&gt;render()
#12 /www/wwwroot/jobportal.prus.dev/vendor/laravel/framework/src/Illuminate/Http/Response.php(34): Illuminate\Http\Response-&gt;setContent()
#13 /www/wwwroot/jobportal.prus.dev/vendor/laravel/framework/src/Illuminate/Routing/ResponseFactory.php(61): Illuminate\Http\Response-&gt;__construct()
#14 /www/wwwroot/jobportal.prus.dev/vendor/laravel/framework/src/Illuminate/Routing/ResponseFactory.php(91): Illuminate\Routing\ResponseFactory-&gt;make()
#15 /www/wwwroot/jobportal.prus.dev/vendor/laravel/framework/src/Illuminate/Foundation/Exceptions/Handler.php(897): Illuminate\Routing\ResponseFactory-&gt;view()
#16 /www/wwwroot/jobportal.prus.dev/vendor/laravel/framework/src/Illuminate/Foundation/Exceptions/Handler.php(818): Illuminate\Foundation\Exceptions\Handler-&gt;renderHttpException()
#17 /www/wwwroot/jobportal.prus.dev/vendor/laravel/framework/src/Illuminate/Foundation/Exceptions/Handler.php(709): Illuminate\Foundation\Exceptions\Handler-&gt;prepareResponse()
#18 /www/wwwroot/jobportal.prus.dev/vendor/laravel/framework/src/Illuminate/Foundation/Exceptions/Handler.php(597): Illuminate\Foundation\Exceptions\Handler-&gt;renderExceptionResponse()
#19 /www/wwwroot/jobportal.prus.dev/app/Exceptions/Handler.php(80): Illuminate\Foundation\Exceptions\Handler-&gt;render()
#20 /www/wwwroot/jobportal.prus.dev/vendor/laravel/framework/src/Illuminate/Routing/Pipeline.php(51): App\Exceptions\Handler-&gt;render()
#21 /www/wwwroot/jobportal.prus.dev/vendor/laravel/framework/src/Illuminate/Pipeline/Pipeline.php(171): Illuminate\Routing\Pipeline-&gt;handleException()
#22 /www/wwwroot/jobportal.prus.dev/vendor/livewire/livewire/src/Features/SupportDisablingBackButtonCache/DisableBackButtonCacheMiddleware.php(19): Illuminate\Pipeline\Pipeline-&gt;Illuminate\Pipeline\{closure}()
#23 /www/wwwroot/jobportal.prus.dev/vendor/laravel/framework/src/Illuminate/Pipeline/Pipeline.php(208): Livewire\Features\SupportDisablingBackButtonCache\DisableBackButtonCacheMiddleware-&gt;handle()
#24 /www/wwwroot/jobportal.prus.dev/vendor/barryvdh/laravel-debugbar/src/Middleware/InjectDebugbar.php(59): Illuminate\Pipeline\Pipeline-&gt;Illuminate\Pipeline\{closure}()
#25 /www/wwwroot/jobportal.prus.dev/vendor/laravel/framework/src/Illuminate/Pipeline/Pipeline.php(208): Barryvdh\Debugbar\Middleware\InjectDebugbar-&gt;handle()
#26 /www/wwwroot/jobportal.prus.dev/vendor/spatie/laravel-csp/src/AddCspHeaders.php(17): Illuminate\Pipeline\Pipeline-&gt;Illuminate\Pipeline\{closure}()
#27 /www/wwwroot/jobportal.prus.dev/vendor/laravel/framework/src/Illuminate/Pipeline/Pipeline.php(208): Spatie\Csp\AddCspHeaders-&gt;handle()
#28 /www/wwwroot/jobportal.prus.dev/app/Http/Middleware/SecurityHeaders.php(11): Illuminate\Pipeline\Pipeline-&gt;Illuminate\Pipeline\{closure}()
#29 /www/wwwroot/jobportal.prus.dev/vendor/laravel/framework/src/Illuminate/Pipeline/Pipeline.php(208): App\Http\Middleware\SecurityHeaders-&gt;handle()
#30 /www/wwwroot/jobportal.prus.dev/vendor/laravel/framework/src/Illuminate/Foundation/Http/Middleware/TransformsRequest.php(21): Illuminate\Pipeline\Pipeline-&gt;Illuminate\Pipeline\{closure}()
#31 /www/wwwroot/jobportal.prus.dev/vendor/laravel/framework/src/Illuminate/Foundation/Http/Middleware/ConvertEmptyStringsToNull.php(31): Illuminate\Foundation\Http\Middleware\TransformsRequest-&gt;handle()
#32 /www/wwwroot/jobportal.prus.dev/vendor/laravel/framework/src/Illuminate/Pipeline/Pipeline.php(208): Illuminate\Foundation\Http\Middleware\ConvertEmptyStringsToNull-&gt;handle()
#33 /www/wwwroot/jobportal.prus.dev/vendor/laravel/framework/src/Illuminate/Foundation/Http/Middleware/TransformsRequest.php(21): Illuminate\Pipeline\Pipeline-&gt;Illuminate\Pipeline\{closure}()
#34 /www/wwwroot/jobportal.prus.dev/vendor/laravel/framework/src/Illuminate/Foundation/Http/Middleware/TrimStrings.php(51): Illuminate\Foundation\Http\Middleware\TransformsRequest-&gt;handle()
#35 /www/wwwroot/jobportal.prus.dev/vendor/laravel/framework/src/Illuminate/Pipeline/Pipeline.php(208): Illuminate\Foundation\Http\Middleware\TrimStrings-&gt;handle()
#36 /www/wwwroot/jobportal.prus.dev/vendor/laravel/framework/src/Illuminate/Http/Middleware/ValidatePostSize.php(27): Illuminate\Pipeline\Pipeline-&gt;Illuminate\Pipeline\{closure}()
#37 /www/wwwroot/jobportal.prus.dev/vendor/laravel/framework/src/Illuminate/Pipeline/Pipeline.php(208): Illuminate\Http\Middleware\ValidatePostSize-&gt;handle()
#38 /www/wwwroot/jobportal.prus.dev/vendor/laravel/framework/src/Illuminate/Foundation/Http/Middleware/PreventRequestsDuringMaintenance.php(109): Illuminate\Pipeline\Pipeline-&gt;Illuminate\Pipeline\{closure}()
#39 /www/wwwroot/jobportal.prus.dev/vendor/laravel/framework/src/Illuminate/Pipeline/Pipeline.php(208): Illuminate\Foundation\Http\Middleware\PreventRequestsDuringMaintenance-&gt;handle()
#40 /www/wwwroot/jobportal.prus.dev/vendor/laravel/framework/src/Illuminate/Http/Middleware/HandleCors.php(48): Illuminate\Pipeline\Pipeline-&gt;Illuminate\Pipeline\{closure}()
#41 /www/wwwroot/jobportal.prus.dev/vendor/laravel/framework/src/Illuminate/Pipeline/Pipeline.php(208): Illuminate\Http\Middleware\HandleCors-&gt;handle()
#42 /www/wwwroot/jobportal.prus.dev/vendor/laravel/framework/src/Illuminate/Http/Middleware/TrustProxies.php(58): Illuminate\Pipeline\Pipeline-&gt;Illuminate\Pipeline\{closure}()
#43 /www/wwwroot/jobportal.prus.dev/vendor/laravel/framework/src/Illuminate/Pipeline/Pipeline.php(208): Illuminate\Http\Middleware\TrustProxies-&gt;handle()
#44 /www/wwwroot/jobportal.prus.dev/vendor/laravel/framework/src/Illuminate/Pipeline/Pipeline.php(126): Illuminate\Pipeline\Pipeline-&gt;Illuminate\Pipeline\{closure}()
#45 /www/wwwroot/jobportal.prus.dev/vendor/laravel/framework/src/Illuminate/Foundation/Http/Kernel.php(175): Illuminate\Pipeline\Pipeline-&gt;then()
#46 /www/wwwroot/jobportal.prus.dev/vendor/laravel/framework/src/Illuminate/Foundation/Http/Kernel.php(144): Illuminate\Foundation\Http\Kernel-&gt;sendRequestThroughRouter()
#47 /www/wwwroot/jobportal.prus.dev/vendor/laravel/framework/src/Illuminate/Foundation/Testing/Concerns/MakesHttpRequests.php(607): Illuminate\Foundation\Http\Kernel-&gt;handle()
#48 /www/wwwroot/jobportal.prus.dev/vendor/laravel/framework/src/Illuminate/Foundation/Testing/Concerns/MakesHttpRequests.php(368): Illuminate\Foundation\Testing\TestCase-&gt;call()
#49 /www/wwwroot/jobportal.prus.dev/tests/Feature/JobPortalWebTest.php(121): Illuminate\Foundation\Testing\TestCase-&gt;get()
#50 /www/wwwroot/jobportal.prus.dev/vendor/phpunit/phpunit/src/Framework/TestCase.php(1656): Tests\Feature\JobPortalWebTest-&gt;test_company_detail_page_loads()
#51 /www/wwwroot/jobportal.prus.dev/vendor/phpunit/phpunit/src/Framework/TestCase.php(514): PHPUnit\Framework\TestCase-&gt;runTest()
#52 /www/wwwroot/jobportal.prus.dev/vendor/phpunit/phpunit/src/Framework/TestRunner/TestRunner.php(87): PHPUnit\Framework\TestCase-&gt;runBare()
#53 /www/wwwroot/jobportal.prus.dev/vendor/phpunit/phpunit/src/Framework/TestCase.php(361): PHPUnit\Framework\TestRunner-&gt;run()
#54 /www/wwwroot/jobportal.prus.dev/vendor/phpunit/phpunit/src/Framework/TestSuite.php(369): PHPUnit\Framework\TestCase-&gt;run()
#55 /www/wwwroot/jobportal.prus.dev/vendor/phpunit/phpunit/src/Framework/TestSuite.php(369): PHPUnit\Framework\TestSuite-&gt;run()
#56 /www/wwwroot/jobportal.prus.dev/vendor/phpunit/phpunit/src/Framework/TestSuite.php(369): PHPUnit\Framework\TestSuite-&gt;run()
#57 /www/wwwroot/jobportal.prus.dev/vendor/phpunit/phpunit/src/TextUI/TestRunner.php(64): PHPUnit\Framework\TestSuite-&gt;run()
#58 /www/wwwroot/jobportal.prus.dev/vendor/phpunit/phpunit/src/TextUI/Application.php(210): PHPUnit\TextUI\TestRunner-&gt;run()
#59 /www/wwwroot/jobportal.prus.dev/vendor/phpunit/phpunit/phpunit(104): PHPUnit\TextUI\Application-&gt;run()
#60 /www/wwwroot/jobportal.prus.dev/vendor/bin/phpunit(122): include('...')
#61 {main}

Next Spatie\LaravelIgnition\Exceptions\ViewException: Route [search] not defined. in /www/wwwroot/jobportal.prus.dev/vendor/laravel/framework/src/Illuminate/Routing/UrlGenerator.php:526
Stack trace:
#0 /www/wwwroot/jobportal.prus.dev/vendor/laravel/framework/src/Illuminate/Foundation/helpers.php(883): Illuminate\Routing\UrlGenerator-&gt;route()
#1 /www/wwwroot/jobportal.prus.dev/resources/views/errors/404.blade.php(44): route()
#2 /www/wwwroot/jobportal.prus.dev/vendor/laravel/framework/src/Illuminate/Filesystem/Filesystem.php(123): require('...')
#3 /www/wwwroot/jobportal.prus.dev/vendor/laravel/framework/src/Illuminate/Filesystem/Filesystem.php(124): Illuminate\Filesystem\Filesystem::Illuminate\Filesystem\{closure}()
#4 /www/wwwroot/jobportal.prus.dev/vendor/laravel/framework/src/Illuminate/View/Engines/PhpEngine.php(57): Illuminate\Filesystem\Filesystem-&gt;getRequire()
#5 /www/wwwroot/jobportal.prus.dev/vendor/livewire/livewire/src/Mechanisms/ExtendBlade/ExtendedCompilerEngine.php(22): Illuminate\View\Engines\PhpEngine-&gt;evaluatePath()
#6 /www/wwwroot/jobportal.prus.dev/vendor/laravel/framework/src/Illuminate/View/Engines/CompilerEngine.php(74): Livewire\Mechanisms\ExtendBlade\ExtendedCompilerEngine-&gt;evaluatePath()
#7 /www/wwwroot/jobportal.prus.dev/vendor/livewire/livewire/src/Mechanisms/ExtendBlade/ExtendedCompilerEngine.php(10): Illuminate\View\Engines\CompilerEngine-&gt;get()
#8 /www/wwwroot/jobportal.prus.dev/vendor/laravel/framework/src/Illuminate/View/View.php(208): Livewire\Mechanisms\ExtendBlade\ExtendedCompilerEngine-&gt;get()
#9 /www/wwwroot/jobportal.prus.dev/vendor/laravel/framework/src/Illuminate/View/View.php(191): Illuminate\View\View-&gt;getContents()
#10 /www/wwwroot/jobportal.prus.dev/vendor/laravel/framework/src/Illuminate/View/View.php(160): Illuminate\View\View-&gt;renderContents()
#11 /www/wwwroot/jobportal.prus.dev/vendor/laravel/framework/src/Illuminate/Http/Response.php(78): Illuminate\View\View-&gt;render()
#12 /www/wwwroot/jobportal.prus.dev/vendor/laravel/framework/src/Illuminate/Http/Response.php(34): Illuminate\Http\Response-&gt;setContent()
#13 /www/wwwroot/jobportal.prus.dev/vendor/laravel/framework/src/Illuminate/Routing/ResponseFactory.php(61): Illuminate\Http\Response-&gt;__construct()
#14 /www/wwwroot/jobportal.prus.dev/vendor/laravel/framework/src/Illuminate/Routing/ResponseFactory.php(91): Illuminate\Routing\ResponseFactory-&gt;make()
#15 /www/wwwroot/jobportal.prus.dev/vendor/laravel/framework/src/Illuminate/Foundation/Exceptions/Handler.php(897): Illuminate\Routing\ResponseFactory-&gt;view()
#16 /www/wwwroot/jobportal.prus.dev/vendor/laravel/framework/src/Illuminate/Foundation/Exceptions/Handler.php(818): Illuminate\Foundation\Exceptions\Handler-&gt;renderHttpException()
#17 /www/wwwroot/jobportal.prus.dev/vendor/laravel/framework/src/Illuminate/Foundation/Exceptions/Handler.php(709): Illuminate\Foundation\Exceptions\Handler-&gt;prepareResponse()
#18 /www/wwwroot/jobportal.prus.dev/vendor/laravel/framework/src/Illuminate/Foundation/Exceptions/Handler.php(597): Illuminate\Foundation\Exceptions\Handler-&gt;renderExceptionResponse()
#19 /www/wwwroot/jobportal.prus.dev/app/Exceptions/Handler.php(80): Illuminate\Foundation\Exceptions\Handler-&gt;render()
#20 /www/wwwroot/jobportal.prus.dev/vendor/laravel/framework/src/Illuminate/Routing/Pipeline.php(51): App\Exceptions\Handler-&gt;render()
#21 /www/wwwroot/jobportal.prus.dev/vendor/laravel/framework/src/Illuminate/Pipeline/Pipeline.php(171): Illuminate\Routing\Pipeline-&gt;handleException()
#22 /www/wwwroot/jobportal.prus.dev/vendor/livewire/livewire/src/Features/SupportDisablingBackButtonCache/DisableBackButtonCacheMiddleware.php(19): Illuminate\Pipeline\Pipeline-&gt;Illuminate\Pipeline\{closure}()
#23 /www/wwwroot/jobportal.prus.dev/vendor/laravel/framework/src/Illuminate/Pipeline/Pipeline.php(208): Livewire\Features\SupportDisablingBackButtonCache\DisableBackButtonCacheMiddleware-&gt;handle()
#24 /www/wwwroot/jobportal.prus.dev/vendor/barryvdh/laravel-debugbar/src/Middleware/InjectDebugbar.php(59): Illuminate\Pipeline\Pipeline-&gt;Illuminate\Pipeline\{closure}()
#25 /www/wwwroot/jobportal.prus.dev/vendor/laravel/framework/src/Illuminate/Pipeline/Pipeline.php(208): Barryvdh\Debugbar\Middleware\InjectDebugbar-&gt;handle()
#26 /www/wwwroot/jobportal.prus.dev/vendor/spatie/laravel-csp/src/AddCspHeaders.php(17): Illuminate\Pipeline\Pipeline-&gt;Illuminate\Pipeline\{closure}()
#27 /www/wwwroot/jobportal.prus.dev/vendor/laravel/framework/src/Illuminate/Pipeline/Pipeline.php(208): Spatie\Csp\AddCspHeaders-&gt;handle()
#28 /www/wwwroot/jobportal.prus.dev/app/Http/Middleware/SecurityHeaders.php(11): Illuminate\Pipeline\Pipeline-&gt;Illuminate\Pipeline\{closure}()
#29 /www/wwwroot/jobportal.prus.dev/vendor/laravel/framework/src/Illuminate/Pipeline/Pipeline.php(208): App\Http\Middleware\SecurityHeaders-&gt;handle()
#30 /www/wwwroot/jobportal.prus.dev/vendor/laravel/framework/src/Illuminate/Foundation/Http/Middleware/TransformsRequest.php(21): Illuminate\Pipeline\Pipeline-&gt;Illuminate\Pipeline\{closure}()
#31 /www/wwwroot/jobportal.prus.dev/vendor/laravel/framework/src/Illuminate/Foundation/Http/Middleware/ConvertEmptyStringsToNull.php(31): Illuminate\Foundation\Http\Middleware\TransformsRequest-&gt;handle()
#32 /www/wwwroot/jobportal.prus.dev/vendor/laravel/framework/src/Illuminate/Pipeline/Pipeline.php(208): Illuminate\Foundation\Http\Middleware\ConvertEmptyStringsToNull-&gt;handle()
#33 /www/wwwroot/jobportal.prus.dev/vendor/laravel/framework/src/Illuminate/Foundation/Http/Middleware/TransformsRequest.php(21): Illuminate\Pipeline\Pipeline-&gt;Illuminate\Pipeline\{closure}()
#34 /www/wwwroot/jobportal.prus.dev/vendor/laravel/framework/src/Illuminate/Foundation/Http/Middleware/TrimStrings.php(51): Illuminate\Foundation\Http\Middleware\TransformsRequest-&gt;handle()
#35 /www/wwwroot/jobportal.prus.dev/vendor/laravel/framework/src/Illuminate/Pipeline/Pipeline.php(208): Illuminate\Foundation\Http\Middleware\TrimStrings-&gt;handle()
#36 /www/wwwroot/jobportal.prus.dev/vendor/laravel/framework/src/Illuminate/Http/Middleware/ValidatePostSize.php(27): Illuminate\Pipeline\Pipeline-&gt;Illuminate\Pipeline\{closure}()
#37 /www/wwwroot/jobportal.prus.dev/vendor/laravel/framework/src/Illuminate/Pipeline/Pipeline.php(208): Illuminate\Http\Middleware\ValidatePostSize-&gt;handle()
#38 /www/wwwroot/jobportal.prus.dev/vendor/laravel/framework/src/Illuminate/Foundation/Http/Middleware/PreventRequestsDuringMaintenance.php(109): Illuminate\Pipeline\Pipeline-&gt;Illuminate\Pipeline\{closure}()
#39 /www/wwwroot/jobportal.prus.dev/vendor/laravel/framework/src/Illuminate/Pipeline/Pipeline.php(208): Illuminate\Foundation\Http\Middleware\PreventRequestsDuringMaintenance-&gt;handle()
#40 /www/wwwroot/jobportal.prus.dev/vendor/laravel/framework/src/Illuminate/Http/Middleware/HandleCors.php(48): Illuminate\Pipeline\Pipeline-&gt;Illuminate\Pipeline\{closure}()
#41 /www/wwwroot/jobportal.prus.dev/vendor/laravel/framework/src/Illuminate/Pipeline/Pipeline.php(208): Illuminate\Http\Middleware\HandleCors-&gt;handle()
#42 /www/wwwroot/jobportal.prus.dev/vendor/laravel/framework/src/Illuminate/Http/Middleware/TrustProxies.php(58): Illuminate\Pipeline\Pipeline-&gt;Illuminate\Pipeline\{closure}()
#43 /www/wwwroot/jobportal.prus.dev/vendor/laravel/framework/src/Illuminate/Pipeline/Pipeline.php(208): Illuminate\Http\Middleware\TrustProxies-&gt;handle()
#44 /www/wwwroot/jobportal.prus.dev/vendor/laravel/framework/src/Illuminate/Pipeline/Pipeline.php(126): Illuminate\Pipeline\Pipeline-&gt;Illuminate\Pipeline\{closure}()
#45 /www/wwwroot/jobportal.prus.dev/vendor/laravel/framework/src/Illuminate/Foundation/Http/Kernel.php(175): Illuminate\Pipeline\Pipeline-&gt;then()
#46 /www/wwwroot/jobportal.prus.dev/vendor/laravel/framework/src/Illuminate/Foundation/Http/Kernel.php(144): Illuminate\Foundation\Http\Kernel-&gt;sendRequestThroughRouter()
#47 /www/wwwroot/jobportal.prus.dev/vendor/laravel/framework/src/Illuminate/Foundation/Testing/Concerns/MakesHttpRequests.php(607): Illuminate\Foundation\Http\Kernel-&gt;handle()
#48 /www/wwwroot/jobportal.prus.dev/vendor/laravel/framework/src/Illuminate/Foundation/Testing/Concerns/MakesHttpRequests.php(368): Illuminate\Foundation\Testing\TestCase-&gt;call()
#49 /www/wwwroot/jobportal.prus.dev/tests/Feature/JobPortalWebTest.php(121): Illuminate\Foundation\Testing\TestCase-&gt;get()
#50 /www/wwwroot/jobportal.prus.dev/vendor/phpunit/phpunit/src/Framework/TestCase.php(1656): Tests\Feature\JobPortalWebTest-&gt;test_company_detail_page_loads()
#51 /www/wwwroot/jobportal.prus.dev/vendor/phpunit/phpunit/src/Framework/TestCase.php(514): PHPUnit\Framework\TestCase-&gt;runTest()
#52 /www/wwwroot/jobportal.prus.dev/vendor/phpunit/phpunit/src/Framework/TestRunner/TestRunner.php(87): PHPUnit\Framework\TestCase-&gt;runBare()
#53 /www/wwwroot/jobportal.prus.dev/vendor/phpunit/phpunit/src/Framework/TestCase.php(361): PHPUnit\Framework\TestRunner-&gt;run()
#54 /www/wwwroot/jobportal.prus.dev/vendor/phpunit/phpunit/src/Framework/TestSuite.php(369): PHPUnit\Framework\TestCase-&gt;run()
#55 /www/wwwroot/jobportal.prus.dev/vendor/phpunit/phpunit/src/Framework/TestSuite.php(369): PHPUnit\Framework\TestSuite-&gt;run()
#56 /www/wwwroot/jobportal.prus.dev/vendor/phpunit/phpunit/src/Framework/TestSuite.php(369): PHPUnit\Framework\TestSuite-&gt;run()
#57 /www/wwwroot/jobportal.prus.dev/vendor/phpunit/phpunit/src/TextUI/TestRunner.php(64): PHPUnit\Framework\TestSuite-&gt;run()
#58 /www/wwwroot/jobportal.prus.dev/vendor/phpunit/phpunit/src/TextUI/Application.php(210): PHPUnit\TextUI\TestRunner-&gt;run()
#59 /www/wwwroot/jobportal.prus.dev/vendor/phpunit/phpunit/phpunit(104): PHPUnit\TextUI\Application-&gt;run()
#60 /www/wwwroot/jobportal.prus.dev/vendor/bin/phpunit(122): include('...')
#61 {main}

----------------------------------------------------------------------------------

Route [search] not defined.

/www/wwwroot/jobportal.prus.dev/vendor/laravel/framework/src/Illuminate/Testing/TestResponseAssert.php:45
/www/wwwroot/jobportal.prus.dev/vendor/laravel/framework/src/Illuminate/Testing/TestResponse.php:174
/www/wwwroot/jobportal.prus.dev/tests/Feature/JobPortalWebTest.php:123</failure>
        </testcase>
        <testcase name="test_about_us_page_loads" file="/www/wwwroot/jobportal.prus.dev/tests/Feature/JobPortalWebTest.php" line="130" class="Tests\Feature\JobPortalWebTest" classname="Tests.Feature.JobPortalWebTest" assertions="2" time="0.484068">
          <failure type="PHPUnit\Framework\ExpectationFailedException">Tests\Feature\JobPortalWebTest::test_about_us_page_loads
Failed asserting that '&lt;!DOCTYPE html&gt;\n
&lt;html lang="en"&gt;\n
&lt;head&gt;\n
    &lt;meta charset="utf-8"&gt;\n
    &lt;meta name="viewport" content="width=device-width, initial-scale=1.0"&gt;\n
    &lt;meta name="csrf-token" content="3UAoUbghtWCACZByDakaxB2qXMZrernOUGIEhrN9"&gt;\n
    \n
    &lt;title&gt;About Us | Job Portal&lt;/title&gt;\n
    \n
    &lt;!-- Vite Assets (CSS + JS) --&gt;\n
    &lt;link rel="preload" as="style" href="https://jobportal.prus.dev/build/assets/app-DDhGWgft.css" /&gt;&lt;link rel="modulepreload" href="https://jobportal.prus.dev/build/assets/app-DCoCvc3a.js" /&gt;&lt;link rel="stylesheet" href="https://jobportal.prus.dev/build/assets/app-DDhGWgft.css" data-navigate-track="reload" /&gt;&lt;script type="module" src="https://jobportal.prus.dev/build/assets/app-DCoCvc3a.js" data-navigate-track="reload"&gt;&lt;/script&gt;    \n
    &lt;!-- Additional Meta Tags --&gt;\n
    &lt;meta name="description" content="Professional Job Portal - Find your dream job or hire the best talent"&gt;\n
    &lt;meta name="keywords" content="jobs, careers, employment, hiring, recruitment"&gt;\n
    &lt;meta name="author" content="Job Portal"&gt;\n
    \n
    &lt;!-- Favicon --&gt;\n
    &lt;link rel="icon" type="image/x-icon" href="/favicon.ico"&gt;\n
    \n
    &lt;/head&gt;\n
&lt;body class="font-sans antialiased bg-gray-50 dark:bg-gray-900 text-gray-900 dark:text-gray-100"&gt;\n
    &lt;!-- Loading Indicator --&gt;\n
    &lt;div id="initial-loader" class="fixed inset-0 bg-white z-50 flex items-center justify-center"&gt;\n
        &lt;div class="text-center"&gt;\n
            &lt;div class="inline-block animate-spin rounded-full h-8 w-8 border-b-2 border-indigo-600 mb-4"&gt;&lt;/div&gt;\n
            &lt;h2 class="text-xl font-semibold text-gray-900 mb-2"&gt;Loading Job Portal...&lt;/h2&gt;\n
            &lt;p class="text-gray-600"&gt;Please wait while we prepare your experience&lt;/p&gt;\n
        &lt;/div&gt;\n
    &lt;/div&gt;\n
\n
    &lt;!-- Page Content --&gt;\n
        \n
    &lt;!-- Loading Fallback --&gt;\n
    &lt;noscript&gt;\n
        &lt;div class="min-h-screen flex items-center justify-center bg-gray-50"&gt;\n
            &lt;div class="text-center"&gt;\n
                &lt;h1 class="text-2xl font-bold text-gray-900 mb-4"&gt;JavaScript Required&lt;/h1&gt;\n
                &lt;p class="text-gray-600"&gt;This application requires JavaScript to be enabled in your browser.&lt;/p&gt;\n
                &lt;p class="text-gray-600 mt-2"&gt;Please enable JavaScript and refresh the page.&lt;/p&gt;\n
            &lt;/div&gt;\n
        &lt;/div&gt;\n
    &lt;/noscript&gt;\n
    \n
    &lt;/body&gt;\n
&lt;/html&gt; ' [ASCII](length: 2278) contains "About Our Job Portal" [ASCII](length: 20).

/www/wwwroot/jobportal.prus.dev/vendor/laravel/framework/src/Illuminate/Testing/TestResponseAssert.php:45
/www/wwwroot/jobportal.prus.dev/vendor/laravel/framework/src/Illuminate/Testing/TestResponse.php:655
/www/wwwroot/jobportal.prus.dev/tests/Feature/JobPortalWebTest.php:135</failure>
        </testcase>
        <testcase name="test_contact_page_loads" file="/www/wwwroot/jobportal.prus.dev/tests/Feature/JobPortalWebTest.php" line="146" class="Tests\Feature\JobPortalWebTest" classname="Tests.Feature.JobPortalWebTest" assertions="3" time="0.494885">
          <failure type="PHPUnit\Framework\ExpectationFailedException">Tests\Feature\JobPortalWebTest::test_contact_page_loads
Failed asserting that '&lt;!DOCTYPE html&gt;\n
&lt;html lang="en"&gt;\n
&lt;head&gt;\n
    &lt;meta charset="utf-8"&gt;\n
    &lt;meta name="viewport" content="width=device-width, initial-scale=1.0"&gt;\n
    &lt;meta name="csrf-token" content="GXYuqC2PNzhXgAq7ESOiaJ0TpGnlZMnm5FUsIjOD"&gt;\n
    \n
    &lt;title&gt;Contact Us | Job Portal&lt;/title&gt;\n
    \n
    &lt;!-- Vite Assets (CSS + JS) --&gt;\n
    &lt;link rel="preload" as="style" href="https://jobportal.prus.dev/build/assets/app-DDhGWgft.css" /&gt;&lt;link rel="modulepreload" href="https://jobportal.prus.dev/build/assets/app-DCoCvc3a.js" /&gt;&lt;link rel="stylesheet" href="https://jobportal.prus.dev/build/assets/app-DDhGWgft.css" data-navigate-track="reload" /&gt;&lt;script type="module" src="https://jobportal.prus.dev/build/assets/app-DCoCvc3a.js" data-navigate-track="reload"&gt;&lt;/script&gt;    \n
    &lt;!-- Additional Meta Tags --&gt;\n
    &lt;meta name="description" content="Professional Job Portal - Find your dream job or hire the best talent"&gt;\n
    &lt;meta name="keywords" content="jobs, careers, employment, hiring, recruitment"&gt;\n
    &lt;meta name="author" content="Job Portal"&gt;\n
    \n
    &lt;!-- Favicon --&gt;\n
    &lt;link rel="icon" type="image/x-icon" href="/favicon.ico"&gt;\n
    \n
    &lt;/head&gt;\n
&lt;body class="font-sans antialiased bg-gray-50 dark:bg-gray-900 text-gray-900 dark:text-gray-100"&gt;\n
    &lt;!-- Loading Indicator --&gt;\n
    &lt;div id="initial-loader" class="fixed inset-0 bg-white z-50 flex items-center justify-center"&gt;\n
        &lt;div class="text-center"&gt;\n
            &lt;div class="inline-block animate-spin rounded-full h-8 w-8 border-b-2 border-indigo-600 mb-4"&gt;&lt;/div&gt;\n
            &lt;h2 class="text-xl font-semibold text-gray-900 mb-2"&gt;Loading Job Portal...&lt;/h2&gt;\n
            &lt;p class="text-gray-600"&gt;Please wait while we prepare your experience&lt;/p&gt;\n
        &lt;/div&gt;\n
    &lt;/div&gt;\n
\n
    &lt;!-- Page Content --&gt;\n
        \n
    &lt;!-- Loading Fallback --&gt;\n
    &lt;noscript&gt;\n
        &lt;div class="min-h-screen flex items-center justify-center bg-gray-50"&gt;\n
            &lt;div class="text-center"&gt;\n
                &lt;h1 class="text-2xl font-bold text-gray-900 mb-4"&gt;JavaScript Required&lt;/h1&gt;\n
                &lt;p class="text-gray-600"&gt;This application requires JavaScript to be enabled in your browser.&lt;/p&gt;\n
                &lt;p class="text-gray-600 mt-2"&gt;Please enable JavaScript and refresh the page.&lt;/p&gt;\n
            &lt;/div&gt;\n
        &lt;/div&gt;\n
    &lt;/noscript&gt;\n
    \n
    &lt;/body&gt;\n
&lt;/html&gt; ' [ASCII](length: 2280) contains "Send us a Message" [ASCII](length: 17).

/www/wwwroot/jobportal.prus.dev/vendor/laravel/framework/src/Illuminate/Testing/TestResponseAssert.php:45
/www/wwwroot/jobportal.prus.dev/vendor/laravel/framework/src/Illuminate/Testing/TestResponse.php:655
/www/wwwroot/jobportal.prus.dev/tests/Feature/JobPortalWebTest.php:152</failure>
        </testcase>
        <testcase name="test_navigation_menu_is_present" file="/www/wwwroot/jobportal.prus.dev/tests/Feature/JobPortalWebTest.php" line="161" class="Tests\Feature\JobPortalWebTest" classname="Tests.Feature.JobPortalWebTest" assertions="5" time="0.491156">
          <failure type="PHPUnit\Framework\ExpectationFailedException">Tests\Feature\JobPortalWebTest::test_navigation_menu_is_present
Failed asserting that '&lt;!DOCTYPE html&gt;\n
&lt;html lang="en"&gt;\n
&lt;head&gt;\n
    &lt;meta charset="utf-8"&gt;\n
    &lt;meta name="viewport" content="width=device-width, initial-scale=1"&gt;\n
    &lt;meta name="csrf-token" content="Y23Ut9StVdKde0XUgg6ek8U5TX1672DYqq7kkbia"&gt;\n
    &lt;title&gt;JobPortal - Home&lt;/title&gt;\n
    \n
    &lt;link rel="preload" as="style" href="https://jobportal.prus.dev/build/assets/app-DDhGWgft.css" /&gt;&lt;link rel="modulepreload" href="https://jobportal.prus.dev/build/assets/app-DCoCvc3a.js" /&gt;&lt;link rel="stylesheet" href="https://jobportal.prus.dev/build/assets/app-DDhGWgft.css" data-navigate-track="reload" /&gt;&lt;script type="module" src="https://jobportal.prus.dev/build/assets/app-DCoCvc3a.js" data-navigate-track="reload"&gt;&lt;/script&gt;&lt;/head&gt;\n
&lt;body class="bg-gray-50 font-sans antialiased"&gt;\n
    &lt;div class="min-h-screen"&gt;\n
        &lt;!-- Simple Header --&gt;\n
        &lt;header class="bg-white shadow"&gt;\n
            &lt;div class="max-w-7xl mx-auto px-4 sm:px-6 lg:px-8"&gt;\n
                &lt;div class="flex justify-between h-16"&gt;\n
                    &lt;div class="flex items-center"&gt;\n
                        &lt;h1 class="text-xl font-bold text-gray-900"&gt;JobPortal&lt;/h1&gt;\n
                    &lt;/div&gt;\n
                    &lt;div class="flex items-center space-x-4"&gt;\n
                        &lt;a href="https://jobportal.prus.dev/jobs" class="text-gray-700 hover:text-blue-600"&gt;Jobs&lt;/a&gt;\n
                        &lt;a href="https://jobportal.prus.dev/companies" class="text-gray-700 hover:text-blue-600"&gt;Companies&lt;/a&gt;\n
                        &lt;a href="https://jobportal.prus.dev/contact" class="text-gray-700 hover:text-blue-600"&gt;Contact&lt;/a&gt;\n
                    &lt;/div&gt;\n
                &lt;/div&gt;\n
            &lt;/div&gt;\n
        &lt;/header&gt;\n
\n
        &lt;!-- Main Content --&gt;\n
        &lt;main&gt;\n
            &lt;div class="max-w-7xl mx-auto py-12 px-4 sm:px-6 lg:px-8"&gt;\n
                &lt;div class="text-center"&gt;\n
                    &lt;h1 class="text-4xl font-bold text-gray-900 sm:text-6xl"&gt;\n
                        Welcome to Job Portal\n
                    &lt;/h1&gt;\n
                    &lt;p class="mt-6 text-lg leading-8 text-gray-600"&gt;\n
                        Your gateway to career opportunities. Find the perfect job or discover talented candidates.\n
                    &lt;/p&gt;\n
                    &lt;div class="mt-10 flex items-center justify-center gap-x-6"&gt;\n
                        &lt;a href="https://jobportal.prus.dev/jobs" \n
                           class="rounded-md bg-blue-600 px-3.5 py-2.5 text-sm font-semibold text-white shadow-sm hover:bg-blue-500 focus-visible:outline focus-visible:outline-2 focus-visible:outline-offset-2 focus-visible:outline-blue-600"&gt;\n
                            Browse Jobs\n
                        &lt;/a&gt;\n
                        &lt;a href="https://jobportal.prus.dev/companies" \n
                           class="text-sm font-semibold leading-6 text-gray-900"&gt;\n
                            View Companies &lt;span aria-hidden="true"&gt;→&lt;/span&gt;\n
                        &lt;/a&gt;\n
                    &lt;/div&gt;\n
                &lt;/div&gt;\n
\n
                &lt;!-- Stats Section --&gt;\n
                &lt;div class="mt-16"&gt;\n
                    &lt;div class="mx-auto max-w-7xl"&gt;\n
                        &lt;div class="grid grid-cols-1 gap-x-8 gap-y-16 text-center lg:grid-cols-3"&gt;\n
                            &lt;div class="mx-auto flex max-w-xs flex-col gap-y-4"&gt;\n
                                &lt;dt class="text-base leading-7 text-gray-600"&gt;Jobs Available&lt;/dt&gt;\n
                                &lt;dd class="order-first text-3xl font-semibold tracking-tight text-gray-900 sm:text-5xl"&gt;1,000+&lt;/dd&gt;\n
                            &lt;/div&gt;\n
                            &lt;div class="mx-auto flex max-w-xs flex-col gap-y-4"&gt;\n
                                &lt;dt class="text-base leading-7 text-gray-600"&gt;Companies&lt;/dt&gt;\n
                                &lt;dd class="order-first text-3xl font-semibold tracking-tight text-gray-900 sm:text-5xl"&gt;500+&lt;/dd&gt;\n
                            &lt;/div&gt;\n
                            &lt;div class="mx-auto flex max-w-xs flex-col gap-y-4"&gt;\n
                                &lt;dt class="text-base leading-7 text-gray-600"&gt;Success Stories&lt;/dt&gt;\n
                                &lt;dd class="order-first text-3xl font-semibold tracking-tight text-gray-900 sm:text-5xl"&gt;10,000+&lt;/dd&gt;\n
                            &lt;/div&gt;\n
                        &lt;/div&gt;\n
                    &lt;/div&gt;\n
                &lt;/div&gt;\n
            &lt;/div&gt;\n
        &lt;/main&gt;\n
\n
        &lt;!-- Simple Footer --&gt;\n
        &lt;footer class="bg-gray-900"&gt;\n
            &lt;div class="max-w-7xl mx-auto py-12 px-4 sm:px-6 lg:px-8"&gt;\n
                &lt;div class="text-center"&gt;\n
                    &lt;p class="text-base text-gray-400"&gt;&amp;copy; 2025 JobPortal. All rights reserved&lt;/p&gt;\n
                &lt;/div&gt;\n
            &lt;/div&gt;\n
        &lt;/footer&gt;\n
&lt;/div&gt;\n
&lt;/body&gt;\n
&lt;/html&gt;' [UTF-8](length: 4683) contains "About" [ASCII](length: 5).

/www/wwwroot/jobportal.prus.dev/vendor/laravel/framework/src/Illuminate/Testing/TestResponseAssert.php:45
/www/wwwroot/jobportal.prus.dev/vendor/laravel/framework/src/Illuminate/Testing/TestResponse.php:655
/www/wwwroot/jobportal.prus.dev/tests/Feature/JobPortalWebTest.php:169</failure>
        </testcase>
        <testcase name="test_footer_is_present" file="/www/wwwroot/jobportal.prus.dev/tests/Feature/JobPortalWebTest.php" line="178" class="Tests\Feature\JobPortalWebTest" classname="Tests.Feature.JobPortalWebTest" assertions="2" time="0.510569">
          <failure type="PHPUnit\Framework\ExpectationFailedException">Tests\Feature\JobPortalWebTest::test_footer_is_present
Failed asserting that '&lt;!DOCTYPE html&gt;\n
&lt;html lang="en"&gt;\n
&lt;head&gt;\n
    &lt;meta charset="utf-8"&gt;\n
    &lt;meta name="viewport" content="width=device-width, initial-scale=1"&gt;\n
    &lt;meta name="csrf-token" content="FzCIBKii0ro3SokUQQiYKRidkl8QXlSxWQ3Me1jz"&gt;\n
    &lt;title&gt;JobPortal - Home&lt;/title&gt;\n
    \n
    &lt;link rel="preload" as="style" href="https://jobportal.prus.dev/build/assets/app-DDhGWgft.css" /&gt;&lt;link rel="modulepreload" href="https://jobportal.prus.dev/build/assets/app-DCoCvc3a.js" /&gt;&lt;link rel="stylesheet" href="https://jobportal.prus.dev/build/assets/app-DDhGWgft.css" data-navigate-track="reload" /&gt;&lt;script type="module" src="https://jobportal.prus.dev/build/assets/app-DCoCvc3a.js" data-navigate-track="reload"&gt;&lt;/script&gt;&lt;/head&gt;\n
&lt;body class="bg-gray-50 font-sans antialiased"&gt;\n
    &lt;div class="min-h-screen"&gt;\n
        &lt;!-- Simple Header --&gt;\n
        &lt;header class="bg-white shadow"&gt;\n
            &lt;div class="max-w-7xl mx-auto px-4 sm:px-6 lg:px-8"&gt;\n
                &lt;div class="flex justify-between h-16"&gt;\n
                    &lt;div class="flex items-center"&gt;\n
                        &lt;h1 class="text-xl font-bold text-gray-900"&gt;JobPortal&lt;/h1&gt;\n
                    &lt;/div&gt;\n
                    &lt;div class="flex items-center space-x-4"&gt;\n
                        &lt;a href="https://jobportal.prus.dev/jobs" class="text-gray-700 hover:text-blue-600"&gt;Jobs&lt;/a&gt;\n
                        &lt;a href="https://jobportal.prus.dev/companies" class="text-gray-700 hover:text-blue-600"&gt;Companies&lt;/a&gt;\n
                        &lt;a href="https://jobportal.prus.dev/contact" class="text-gray-700 hover:text-blue-600"&gt;Contact&lt;/a&gt;\n
                    &lt;/div&gt;\n
                &lt;/div&gt;\n
            &lt;/div&gt;\n
        &lt;/header&gt;\n
\n
        &lt;!-- Main Content --&gt;\n
        &lt;main&gt;\n
            &lt;div class="max-w-7xl mx-auto py-12 px-4 sm:px-6 lg:px-8"&gt;\n
                &lt;div class="text-center"&gt;\n
                    &lt;h1 class="text-4xl font-bold text-gray-900 sm:text-6xl"&gt;\n
                        Welcome to Job Portal\n
                    &lt;/h1&gt;\n
                    &lt;p class="mt-6 text-lg leading-8 text-gray-600"&gt;\n
                        Your gateway to career opportunities. Find the perfect job or discover talented candidates.\n
                    &lt;/p&gt;\n
                    &lt;div class="mt-10 flex items-center justify-center gap-x-6"&gt;\n
                        &lt;a href="https://jobportal.prus.dev/jobs" \n
                           class="rounded-md bg-blue-600 px-3.5 py-2.5 text-sm font-semibold text-white shadow-sm hover:bg-blue-500 focus-visible:outline focus-visible:outline-2 focus-visible:outline-offset-2 focus-visible:outline-blue-600"&gt;\n
                            Browse Jobs\n
                        &lt;/a&gt;\n
                        &lt;a href="https://jobportal.prus.dev/companies" \n
                           class="text-sm font-semibold leading-6 text-gray-900"&gt;\n
                            View Companies &lt;span aria-hidden="true"&gt;→&lt;/span&gt;\n
                        &lt;/a&gt;\n
                    &lt;/div&gt;\n
                &lt;/div&gt;\n
\n
                &lt;!-- Stats Section --&gt;\n
                &lt;div class="mt-16"&gt;\n
                    &lt;div class="mx-auto max-w-7xl"&gt;\n
                        &lt;div class="grid grid-cols-1 gap-x-8 gap-y-16 text-center lg:grid-cols-3"&gt;\n
                            &lt;div class="mx-auto flex max-w-xs flex-col gap-y-4"&gt;\n
                                &lt;dt class="text-base leading-7 text-gray-600"&gt;Jobs Available&lt;/dt&gt;\n
                                &lt;dd class="order-first text-3xl font-semibold tracking-tight text-gray-900 sm:text-5xl"&gt;1,000+&lt;/dd&gt;\n
                            &lt;/div&gt;\n
                            &lt;div class="mx-auto flex max-w-xs flex-col gap-y-4"&gt;\n
                                &lt;dt class="text-base leading-7 text-gray-600"&gt;Companies&lt;/dt&gt;\n
                                &lt;dd class="order-first text-3xl font-semibold tracking-tight text-gray-900 sm:text-5xl"&gt;500+&lt;/dd&gt;\n
                            &lt;/div&gt;\n
                            &lt;div class="mx-auto flex max-w-xs flex-col gap-y-4"&gt;\n
                                &lt;dt class="text-base leading-7 text-gray-600"&gt;Success Stories&lt;/dt&gt;\n
                                &lt;dd class="order-first text-3xl font-semibold tracking-tight text-gray-900 sm:text-5xl"&gt;10,000+&lt;/dd&gt;\n
                            &lt;/div&gt;\n
                        &lt;/div&gt;\n
                    &lt;/div&gt;\n
                &lt;/div&gt;\n
            &lt;/div&gt;\n
        &lt;/main&gt;\n
\n
        &lt;!-- Simple Footer --&gt;\n
        &lt;footer class="bg-gray-900"&gt;\n
            &lt;div class="max-w-7xl mx-auto py-12 px-4 sm:px-6 lg:px-8"&gt;\n
                &lt;div class="text-center"&gt;\n
                    &lt;p class="text-base text-gray-400"&gt;&amp;copy; 2025 JobPortal. All rights reserved&lt;/p&gt;\n
                &lt;/div&gt;\n
            &lt;/div&gt;\n
        &lt;/footer&gt;\n
&lt;/div&gt;\n
&lt;/body&gt;\n
&lt;/html&gt;' [UTF-8](length: 4683) contains "Quick Links" [ASCII](length: 11).

/www/wwwroot/jobportal.prus.dev/vendor/laravel/framework/src/Illuminate/Testing/TestResponseAssert.php:45
/www/wwwroot/jobportal.prus.dev/vendor/laravel/framework/src/Illuminate/Testing/TestResponse.php:655
/www/wwwroot/jobportal.prus.dev/tests/Feature/JobPortalWebTest.php:183</failure>
        </testcase>
        <testcase name="test_auth_routes_exist" file="/www/wwwroot/jobportal.prus.dev/tests/Feature/JobPortalWebTest.php" line="193" class="Tests\Feature\JobPortalWebTest" classname="Tests.Feature.JobPortalWebTest" assertions="2" time="1.442933"/>
        <testcase name="test_api_test_route_works" file="/www/wwwroot/jobportal.prus.dev/tests/Feature/JobPortalWebTest.php" line="207" class="Tests\Feature\JobPortalWebTest" classname="Tests.Feature.JobPortalWebTest" assertions="2" time="0.487992">
          <failure type="PHPUnit\Framework\ExpectationFailedException">Tests\Feature\JobPortalWebTest::test_api_test_route_works
Unable to find JSON: 

[{
    "status": "ok",
    "message": "Laravel is working!"
}]

within response JSON:

[{
    "status": "ok",
    "message": "Laravel API is working!",
    "timestamp": "2025-08-09T11:07:00.016132Z",
    "memory_usage": "156 MB"
}].


Failed asserting that an array has the subset Array &amp;0 [
    'status' =&gt; 'ok',
    'message' =&gt; 'Laravel is working!',
].
--- Expected
+++ Actual
@@ @@
 array (
   'status' =&gt; 'ok',
-  'message' =&gt; 'Laravel is working!',
+  'message' =&gt; 'Laravel API is working!',
   'timestamp' =&gt; '2025-08-09T11:07:00.016132Z',
   'memory_usage' =&gt; '156 MB',
 )

/www/wwwroot/jobportal.prus.dev/vendor/laravel/framework/src/Illuminate/Testing/Constraints/ArraySubset.php:80
/www/wwwroot/jobportal.prus.dev/vendor/laravel/framework/src/Illuminate/Testing/Assert.php:36
/www/wwwroot/jobportal.prus.dev/vendor/laravel/framework/src/Illuminate/Testing/AssertableJsonString.php:319
/www/wwwroot/jobportal.prus.dev/vendor/laravel/framework/src/Illuminate/Testing/TestResponse.php:802
/www/wwwroot/jobportal.prus.dev/tests/Feature/JobPortalWebTest.php:212</failure>
        </testcase>
        <testcase name="test_responsive_design_elements" file="/www/wwwroot/jobportal.prus.dev/tests/Feature/JobPortalWebTest.php" line="227" class="Tests\Feature\JobPortalWebTest" classname="Tests.Feature.JobPortalWebTest" assertions="2" time="0.812173">
          <failure type="PHPUnit\Framework\ExpectationFailedException">Tests\Feature\JobPortalWebTest::test_responsive_design_elements
Failed asserting that '&lt;!DOCTYPE html&gt;\n
&lt;html lang="en"&gt;\n
&lt;head&gt;\n
    &lt;meta charset="utf-8"&gt;\n
    &lt;meta name="viewport" content="width=device-width, initial-scale=1"&gt;\n
    &lt;meta name="csrf-token" content="YSkHdDikIh1Vo9oaZ4aHklp6R9K5VnywBJJ6wQHc"&gt;\n
    &lt;title&gt;JobPortal - Home&lt;/title&gt;\n
    \n
    &lt;link rel="preload" as="style" href="https://jobportal.prus.dev/build/assets/app-DDhGWgft.css" /&gt;&lt;link rel="modulepreload" href="https://jobportal.prus.dev/build/assets/app-DCoCvc3a.js" /&gt;&lt;link rel="stylesheet" href="https://jobportal.prus.dev/build/assets/app-DDhGWgft.css" data-navigate-track="reload" /&gt;&lt;script type="module" src="https://jobportal.prus.dev/build/assets/app-DCoCvc3a.js" data-navigate-track="reload"&gt;&lt;/script&gt;&lt;/head&gt;\n
&lt;body class="bg-gray-50 font-sans antialiased"&gt;\n
    &lt;div class="min-h-screen"&gt;\n
        &lt;!-- Simple Header --&gt;\n
        &lt;header class="bg-white shadow"&gt;\n
            &lt;div class="max-w-7xl mx-auto px-4 sm:px-6 lg:px-8"&gt;\n
                &lt;div class="flex justify-between h-16"&gt;\n
                    &lt;div class="flex items-center"&gt;\n
                        &lt;h1 class="text-xl font-bold text-gray-900"&gt;JobPortal&lt;/h1&gt;\n
                    &lt;/div&gt;\n
                    &lt;div class="flex items-center space-x-4"&gt;\n
                        &lt;a href="https://jobportal.prus.dev/jobs" class="text-gray-700 hover:text-blue-600"&gt;Jobs&lt;/a&gt;\n
                        &lt;a href="https://jobportal.prus.dev/companies" class="text-gray-700 hover:text-blue-600"&gt;Companies&lt;/a&gt;\n
                        &lt;a href="https://jobportal.prus.dev/contact" class="text-gray-700 hover:text-blue-600"&gt;Contact&lt;/a&gt;\n
                    &lt;/div&gt;\n
                &lt;/div&gt;\n
            &lt;/div&gt;\n
        &lt;/header&gt;\n
\n
        &lt;!-- Main Content --&gt;\n
        &lt;main&gt;\n
            &lt;div class="max-w-7xl mx-auto py-12 px-4 sm:px-6 lg:px-8"&gt;\n
                &lt;div class="text-center"&gt;\n
                    &lt;h1 class="text-4xl font-bold text-gray-900 sm:text-6xl"&gt;\n
                        Welcome to Job Portal\n
                    &lt;/h1&gt;\n
                    &lt;p class="mt-6 text-lg leading-8 text-gray-600"&gt;\n
                        Your gateway to career opportunities. Find the perfect job or discover talented candidates.\n
                    &lt;/p&gt;\n
                    &lt;div class="mt-10 flex items-center justify-center gap-x-6"&gt;\n
                        &lt;a href="https://jobportal.prus.dev/jobs" \n
                           class="rounded-md bg-blue-600 px-3.5 py-2.5 text-sm font-semibold text-white shadow-sm hover:bg-blue-500 focus-visible:outline focus-visible:outline-2 focus-visible:outline-offset-2 focus-visible:outline-blue-600"&gt;\n
                            Browse Jobs\n
                        &lt;/a&gt;\n
                        &lt;a href="https://jobportal.prus.dev/companies" \n
                           class="text-sm font-semibold leading-6 text-gray-900"&gt;\n
                            View Companies &lt;span aria-hidden="true"&gt;→&lt;/span&gt;\n
                        &lt;/a&gt;\n
                    &lt;/div&gt;\n
                &lt;/div&gt;\n
\n
                &lt;!-- Stats Section --&gt;\n
                &lt;div class="mt-16"&gt;\n
                    &lt;div class="mx-auto max-w-7xl"&gt;\n
                        &lt;div class="grid grid-cols-1 gap-x-8 gap-y-16 text-center lg:grid-cols-3"&gt;\n
                            &lt;div class="mx-auto flex max-w-xs flex-col gap-y-4"&gt;\n
                                &lt;dt class="text-base leading-7 text-gray-600"&gt;Jobs Available&lt;/dt&gt;\n
                                &lt;dd class="order-first text-3xl font-semibold tracking-tight text-gray-900 sm:text-5xl"&gt;1,000+&lt;/dd&gt;\n
                            &lt;/div&gt;\n
                            &lt;div class="mx-auto flex max-w-xs flex-col gap-y-4"&gt;\n
                                &lt;dt class="text-base leading-7 text-gray-600"&gt;Companies&lt;/dt&gt;\n
                                &lt;dd class="order-first text-3xl font-semibold tracking-tight text-gray-900 sm:text-5xl"&gt;500+&lt;/dd&gt;\n
                            &lt;/div&gt;\n
                            &lt;div class="mx-auto flex max-w-xs flex-col gap-y-4"&gt;\n
                                &lt;dt class="text-base leading-7 text-gray-600"&gt;Success Stories&lt;/dt&gt;\n
                                &lt;dd class="order-first text-3xl font-semibold tracking-tight text-gray-900 sm:text-5xl"&gt;10,000+&lt;/dd&gt;\n
                            &lt;/div&gt;\n
                        &lt;/div&gt;\n
                    &lt;/div&gt;\n
                &lt;/div&gt;\n
            &lt;/div&gt;\n
        &lt;/main&gt;\n
\n
        &lt;!-- Simple Footer --&gt;\n
        &lt;footer class="bg-gray-900"&gt;\n
            &lt;div class="max-w-7xl mx-auto py-12 px-4 sm:px-6 lg:px-8"&gt;\n
                &lt;div class="text-center"&gt;\n
                    &lt;p class="text-base text-gray-400"&gt;&amp;copy; 2025 JobPortal. All rights reserved&lt;/p&gt;\n
                &lt;/div&gt;\n
            &lt;/div&gt;\n
        &lt;/footer&gt;\n
&lt;/div&gt;\n
&lt;/body&gt;\n
&lt;/html&gt;' [UTF-8](length: 4683) contains "container" [ASCII](length: 9).

/www/wwwroot/jobportal.prus.dev/vendor/laravel/framework/src/Illuminate/Testing/TestResponseAssert.php:45
/www/wwwroot/jobportal.prus.dev/vendor/laravel/framework/src/Illuminate/Testing/TestResponse.php:655
/www/wwwroot/jobportal.prus.dev/tests/Feature/JobPortalWebTest.php:233</failure>
        </testcase>
        <testcase name="test404_error_handling" file="/www/wwwroot/jobportal.prus.dev/tests/Feature/JobPortalWebTest.php" line="242" class="Tests\Feature\JobPortalWebTest" classname="Tests.Feature.JobPortalWebTest" assertions="1" time="0.767328">
          <failure type="PHPUnit\Framework\ExpectationFailedException">Tests\Feature\JobPortalWebTest::test404_error_handling
Expected response status code [404] but received 500.
Failed asserting that 500 is identical to 404.

The following exception occurred during the last request:

Symfony\Component\Routing\Exception\RouteNotFoundException: Route [search] not defined. in /www/wwwroot/jobportal.prus.dev/vendor/laravel/framework/src/Illuminate/Routing/UrlGenerator.php:526
Stack trace:
#0 /www/wwwroot/jobportal.prus.dev/vendor/laravel/framework/src/Illuminate/Foundation/helpers.php(883): Illuminate\Routing\UrlGenerator-&gt;route()
#1 /www/wwwroot/jobportal.prus.dev/storage/framework/views/d69d9ccf2dc289690e52004e0568f7de.php(44): route()
#2 /www/wwwroot/jobportal.prus.dev/vendor/laravel/framework/src/Illuminate/Filesystem/Filesystem.php(123): require('...')
#3 /www/wwwroot/jobportal.prus.dev/vendor/laravel/framework/src/Illuminate/Filesystem/Filesystem.php(124): Illuminate\Filesystem\Filesystem::Illuminate\Filesystem\{closure}()
#4 /www/wwwroot/jobportal.prus.dev/vendor/laravel/framework/src/Illuminate/View/Engines/PhpEngine.php(57): Illuminate\Filesystem\Filesystem-&gt;getRequire()
#5 /www/wwwroot/jobportal.prus.dev/vendor/livewire/livewire/src/Mechanisms/ExtendBlade/ExtendedCompilerEngine.php(22): Illuminate\View\Engines\PhpEngine-&gt;evaluatePath()
#6 /www/wwwroot/jobportal.prus.dev/vendor/laravel/framework/src/Illuminate/View/Engines/CompilerEngine.php(74): Livewire\Mechanisms\ExtendBlade\ExtendedCompilerEngine-&gt;evaluatePath()
#7 /www/wwwroot/jobportal.prus.dev/vendor/livewire/livewire/src/Mechanisms/ExtendBlade/ExtendedCompilerEngine.php(10): Illuminate\View\Engines\CompilerEngine-&gt;get()
#8 /www/wwwroot/jobportal.prus.dev/vendor/laravel/framework/src/Illuminate/View/View.php(208): Livewire\Mechanisms\ExtendBlade\ExtendedCompilerEngine-&gt;get()
#9 /www/wwwroot/jobportal.prus.dev/vendor/laravel/framework/src/Illuminate/View/View.php(191): Illuminate\View\View-&gt;getContents()
#10 /www/wwwroot/jobportal.prus.dev/vendor/laravel/framework/src/Illuminate/View/View.php(160): Illuminate\View\View-&gt;renderContents()
#11 /www/wwwroot/jobportal.prus.dev/vendor/laravel/framework/src/Illuminate/Http/Response.php(78): Illuminate\View\View-&gt;render()
#12 /www/wwwroot/jobportal.prus.dev/vendor/laravel/framework/src/Illuminate/Http/Response.php(34): Illuminate\Http\Response-&gt;setContent()
#13 /www/wwwroot/jobportal.prus.dev/vendor/laravel/framework/src/Illuminate/Routing/ResponseFactory.php(61): Illuminate\Http\Response-&gt;__construct()
#14 /www/wwwroot/jobportal.prus.dev/vendor/laravel/framework/src/Illuminate/Routing/ResponseFactory.php(91): Illuminate\Routing\ResponseFactory-&gt;make()
#15 /www/wwwroot/jobportal.prus.dev/vendor/laravel/framework/src/Illuminate/Foundation/Exceptions/Handler.php(897): Illuminate\Routing\ResponseFactory-&gt;view()
#16 /www/wwwroot/jobportal.prus.dev/vendor/laravel/framework/src/Illuminate/Foundation/Exceptions/Handler.php(818): Illuminate\Foundation\Exceptions\Handler-&gt;renderHttpException()
#17 /www/wwwroot/jobportal.prus.dev/vendor/laravel/framework/src/Illuminate/Foundation/Exceptions/Handler.php(709): Illuminate\Foundation\Exceptions\Handler-&gt;prepareResponse()
#18 /www/wwwroot/jobportal.prus.dev/vendor/laravel/framework/src/Illuminate/Foundation/Exceptions/Handler.php(597): Illuminate\Foundation\Exceptions\Handler-&gt;renderExceptionResponse()
#19 /www/wwwroot/jobportal.prus.dev/app/Exceptions/Handler.php(80): Illuminate\Foundation\Exceptions\Handler-&gt;render()
#20 /www/wwwroot/jobportal.prus.dev/vendor/laravel/framework/src/Illuminate/Routing/Pipeline.php(51): App\Exceptions\Handler-&gt;render()
#21 /www/wwwroot/jobportal.prus.dev/vendor/laravel/framework/src/Illuminate/Pipeline/Pipeline.php(171): Illuminate\Routing\Pipeline-&gt;handleException()
#22 /www/wwwroot/jobportal.prus.dev/vendor/livewire/livewire/src/Features/SupportDisablingBackButtonCache/DisableBackButtonCacheMiddleware.php(19): Illuminate\Pipeline\Pipeline-&gt;Illuminate\Pipeline\{closure}()
#23 /www/wwwroot/jobportal.prus.dev/vendor/laravel/framework/src/Illuminate/Pipeline/Pipeline.php(208): Livewire\Features\SupportDisablingBackButtonCache\DisableBackButtonCacheMiddleware-&gt;handle()
#24 /www/wwwroot/jobportal.prus.dev/vendor/barryvdh/laravel-debugbar/src/Middleware/InjectDebugbar.php(59): Illuminate\Pipeline\Pipeline-&gt;Illuminate\Pipeline\{closure}()
#25 /www/wwwroot/jobportal.prus.dev/vendor/laravel/framework/src/Illuminate/Pipeline/Pipeline.php(208): Barryvdh\Debugbar\Middleware\InjectDebugbar-&gt;handle()
#26 /www/wwwroot/jobportal.prus.dev/vendor/spatie/laravel-csp/src/AddCspHeaders.php(17): Illuminate\Pipeline\Pipeline-&gt;Illuminate\Pipeline\{closure}()
#27 /www/wwwroot/jobportal.prus.dev/vendor/laravel/framework/src/Illuminate/Pipeline/Pipeline.php(208): Spatie\Csp\AddCspHeaders-&gt;handle()
#28 /www/wwwroot/jobportal.prus.dev/app/Http/Middleware/SecurityHeaders.php(11): Illuminate\Pipeline\Pipeline-&gt;Illuminate\Pipeline\{closure}()
#29 /www/wwwroot/jobportal.prus.dev/vendor/laravel/framework/src/Illuminate/Pipeline/Pipeline.php(208): App\Http\Middleware\SecurityHeaders-&gt;handle()
#30 /www/wwwroot/jobportal.prus.dev/vendor/laravel/framework/src/Illuminate/Foundation/Http/Middleware/TransformsRequest.php(21): Illuminate\Pipeline\Pipeline-&gt;Illuminate\Pipeline\{closure}()
#31 /www/wwwroot/jobportal.prus.dev/vendor/laravel/framework/src/Illuminate/Foundation/Http/Middleware/ConvertEmptyStringsToNull.php(31): Illuminate\Foundation\Http\Middleware\TransformsRequest-&gt;handle()
#32 /www/wwwroot/jobportal.prus.dev/vendor/laravel/framework/src/Illuminate/Pipeline/Pipeline.php(208): Illuminate\Foundation\Http\Middleware\ConvertEmptyStringsToNull-&gt;handle()
#33 /www/wwwroot/jobportal.prus.dev/vendor/laravel/framework/src/Illuminate/Foundation/Http/Middleware/TransformsRequest.php(21): Illuminate\Pipeline\Pipeline-&gt;Illuminate\Pipeline\{closure}()
#34 /www/wwwroot/jobportal.prus.dev/vendor/laravel/framework/src/Illuminate/Foundation/Http/Middleware/TrimStrings.php(51): Illuminate\Foundation\Http\Middleware\TransformsRequest-&gt;handle()
#35 /www/wwwroot/jobportal.prus.dev/vendor/laravel/framework/src/Illuminate/Pipeline/Pipeline.php(208): Illuminate\Foundation\Http\Middleware\TrimStrings-&gt;handle()
#36 /www/wwwroot/jobportal.prus.dev/vendor/laravel/framework/src/Illuminate/Http/Middleware/ValidatePostSize.php(27): Illuminate\Pipeline\Pipeline-&gt;Illuminate\Pipeline\{closure}()
#37 /www/wwwroot/jobportal.prus.dev/vendor/laravel/framework/src/Illuminate/Pipeline/Pipeline.php(208): Illuminate\Http\Middleware\ValidatePostSize-&gt;handle()
#38 /www/wwwroot/jobportal.prus.dev/vendor/laravel/framework/src/Illuminate/Foundation/Http/Middleware/PreventRequestsDuringMaintenance.php(109): Illuminate\Pipeline\Pipeline-&gt;Illuminate\Pipeline\{closure}()
#39 /www/wwwroot/jobportal.prus.dev/vendor/laravel/framework/src/Illuminate/Pipeline/Pipeline.php(208): Illuminate\Foundation\Http\Middleware\PreventRequestsDuringMaintenance-&gt;handle()
#40 /www/wwwroot/jobportal.prus.dev/vendor/laravel/framework/src/Illuminate/Http/Middleware/HandleCors.php(48): Illuminate\Pipeline\Pipeline-&gt;Illuminate\Pipeline\{closure}()
#41 /www/wwwroot/jobportal.prus.dev/vendor/laravel/framework/src/Illuminate/Pipeline/Pipeline.php(208): Illuminate\Http\Middleware\HandleCors-&gt;handle()
#42 /www/wwwroot/jobportal.prus.dev/vendor/laravel/framework/src/Illuminate/Http/Middleware/TrustProxies.php(58): Illuminate\Pipeline\Pipeline-&gt;Illuminate\Pipeline\{closure}()
#43 /www/wwwroot/jobportal.prus.dev/vendor/laravel/framework/src/Illuminate/Pipeline/Pipeline.php(208): Illuminate\Http\Middleware\TrustProxies-&gt;handle()
#44 /www/wwwroot/jobportal.prus.dev/vendor/laravel/framework/src/Illuminate/Pipeline/Pipeline.php(126): Illuminate\Pipeline\Pipeline-&gt;Illuminate\Pipeline\{closure}()
#45 /www/wwwroot/jobportal.prus.dev/vendor/laravel/framework/src/Illuminate/Foundation/Http/Kernel.php(175): Illuminate\Pipeline\Pipeline-&gt;then()
#46 /www/wwwroot/jobportal.prus.dev/vendor/laravel/framework/src/Illuminate/Foundation/Http/Kernel.php(144): Illuminate\Foundation\Http\Kernel-&gt;sendRequestThroughRouter()
#47 /www/wwwroot/jobportal.prus.dev/vendor/laravel/framework/src/Illuminate/Foundation/Testing/Concerns/MakesHttpRequests.php(607): Illuminate\Foundation\Http\Kernel-&gt;handle()
#48 /www/wwwroot/jobportal.prus.dev/vendor/laravel/framework/src/Illuminate/Foundation/Testing/Concerns/MakesHttpRequests.php(368): Illuminate\Foundation\Testing\TestCase-&gt;call()
#49 /www/wwwroot/jobportal.prus.dev/tests/Feature/JobPortalWebTest.php(244): Illuminate\Foundation\Testing\TestCase-&gt;get()
#50 /www/wwwroot/jobportal.prus.dev/vendor/phpunit/phpunit/src/Framework/TestCase.php(1656): Tests\Feature\JobPortalWebTest-&gt;test404_error_handling()
#51 /www/wwwroot/jobportal.prus.dev/vendor/phpunit/phpunit/src/Framework/TestCase.php(514): PHPUnit\Framework\TestCase-&gt;runTest()
#52 /www/wwwroot/jobportal.prus.dev/vendor/phpunit/phpunit/src/Framework/TestRunner/TestRunner.php(87): PHPUnit\Framework\TestCase-&gt;runBare()
#53 /www/wwwroot/jobportal.prus.dev/vendor/phpunit/phpunit/src/Framework/TestCase.php(361): PHPUnit\Framework\TestRunner-&gt;run()
#54 /www/wwwroot/jobportal.prus.dev/vendor/phpunit/phpunit/src/Framework/TestSuite.php(369): PHPUnit\Framework\TestCase-&gt;run()
#55 /www/wwwroot/jobportal.prus.dev/vendor/phpunit/phpunit/src/Framework/TestSuite.php(369): PHPUnit\Framework\TestSuite-&gt;run()
#56 /www/wwwroot/jobportal.prus.dev/vendor/phpunit/phpunit/src/Framework/TestSuite.php(369): PHPUnit\Framework\TestSuite-&gt;run()
#57 /www/wwwroot/jobportal.prus.dev/vendor/phpunit/phpunit/src/TextUI/TestRunner.php(64): PHPUnit\Framework\TestSuite-&gt;run()
#58 /www/wwwroot/jobportal.prus.dev/vendor/phpunit/phpunit/src/TextUI/Application.php(210): PHPUnit\TextUI\TestRunner-&gt;run()
#59 /www/wwwroot/jobportal.prus.dev/vendor/phpunit/phpunit/phpunit(104): PHPUnit\TextUI\Application-&gt;run()
#60 /www/wwwroot/jobportal.prus.dev/vendor/bin/phpunit(122): include('...')
#61 {main}

Next Spatie\LaravelIgnition\Exceptions\ViewException: Route [search] not defined. in /www/wwwroot/jobportal.prus.dev/vendor/laravel/framework/src/Illuminate/Routing/UrlGenerator.php:526
Stack trace:
#0 /www/wwwroot/jobportal.prus.dev/vendor/laravel/framework/src/Illuminate/Foundation/helpers.php(883): Illuminate\Routing\UrlGenerator-&gt;route()
#1 /www/wwwroot/jobportal.prus.dev/resources/views/errors/404.blade.php(44): route()
#2 /www/wwwroot/jobportal.prus.dev/vendor/laravel/framework/src/Illuminate/Filesystem/Filesystem.php(123): require('...')
#3 /www/wwwroot/jobportal.prus.dev/vendor/laravel/framework/src/Illuminate/Filesystem/Filesystem.php(124): Illuminate\Filesystem\Filesystem::Illuminate\Filesystem\{closure}()
#4 /www/wwwroot/jobportal.prus.dev/vendor/laravel/framework/src/Illuminate/View/Engines/PhpEngine.php(57): Illuminate\Filesystem\Filesystem-&gt;getRequire()
#5 /www/wwwroot/jobportal.prus.dev/vendor/livewire/livewire/src/Mechanisms/ExtendBlade/ExtendedCompilerEngine.php(22): Illuminate\View\Engines\PhpEngine-&gt;evaluatePath()
#6 /www/wwwroot/jobportal.prus.dev/vendor/laravel/framework/src/Illuminate/View/Engines/CompilerEngine.php(74): Livewire\Mechanisms\ExtendBlade\ExtendedCompilerEngine-&gt;evaluatePath()
#7 /www/wwwroot/jobportal.prus.dev/vendor/livewire/livewire/src/Mechanisms/ExtendBlade/ExtendedCompilerEngine.php(10): Illuminate\View\Engines\CompilerEngine-&gt;get()
#8 /www/wwwroot/jobportal.prus.dev/vendor/laravel/framework/src/Illuminate/View/View.php(208): Livewire\Mechanisms\ExtendBlade\ExtendedCompilerEngine-&gt;get()
#9 /www/wwwroot/jobportal.prus.dev/vendor/laravel/framework/src/Illuminate/View/View.php(191): Illuminate\View\View-&gt;getContents()
#10 /www/wwwroot/jobportal.prus.dev/vendor/laravel/framework/src/Illuminate/View/View.php(160): Illuminate\View\View-&gt;renderContents()
#11 /www/wwwroot/jobportal.prus.dev/vendor/laravel/framework/src/Illuminate/Http/Response.php(78): Illuminate\View\View-&gt;render()
#12 /www/wwwroot/jobportal.prus.dev/vendor/laravel/framework/src/Illuminate/Http/Response.php(34): Illuminate\Http\Response-&gt;setContent()
#13 /www/wwwroot/jobportal.prus.dev/vendor/laravel/framework/src/Illuminate/Routing/ResponseFactory.php(61): Illuminate\Http\Response-&gt;__construct()
#14 /www/wwwroot/jobportal.prus.dev/vendor/laravel/framework/src/Illuminate/Routing/ResponseFactory.php(91): Illuminate\Routing\ResponseFactory-&gt;make()
#15 /www/wwwroot/jobportal.prus.dev/vendor/laravel/framework/src/Illuminate/Foundation/Exceptions/Handler.php(897): Illuminate\Routing\ResponseFactory-&gt;view()
#16 /www/wwwroot/jobportal.prus.dev/vendor/laravel/framework/src/Illuminate/Foundation/Exceptions/Handler.php(818): Illuminate\Foundation\Exceptions\Handler-&gt;renderHttpException()
#17 /www/wwwroot/jobportal.prus.dev/vendor/laravel/framework/src/Illuminate/Foundation/Exceptions/Handler.php(709): Illuminate\Foundation\Exceptions\Handler-&gt;prepareResponse()
#18 /www/wwwroot/jobportal.prus.dev/vendor/laravel/framework/src/Illuminate/Foundation/Exceptions/Handler.php(597): Illuminate\Foundation\Exceptions\Handler-&gt;renderExceptionResponse()
#19 /www/wwwroot/jobportal.prus.dev/app/Exceptions/Handler.php(80): Illuminate\Foundation\Exceptions\Handler-&gt;render()
#20 /www/wwwroot/jobportal.prus.dev/vendor/laravel/framework/src/Illuminate/Routing/Pipeline.php(51): App\Exceptions\Handler-&gt;render()
#21 /www/wwwroot/jobportal.prus.dev/vendor/laravel/framework/src/Illuminate/Pipeline/Pipeline.php(171): Illuminate\Routing\Pipeline-&gt;handleException()
#22 /www/wwwroot/jobportal.prus.dev/vendor/livewire/livewire/src/Features/SupportDisablingBackButtonCache/DisableBackButtonCacheMiddleware.php(19): Illuminate\Pipeline\Pipeline-&gt;Illuminate\Pipeline\{closure}()
#23 /www/wwwroot/jobportal.prus.dev/vendor/laravel/framework/src/Illuminate/Pipeline/Pipeline.php(208): Livewire\Features\SupportDisablingBackButtonCache\DisableBackButtonCacheMiddleware-&gt;handle()
#24 /www/wwwroot/jobportal.prus.dev/vendor/barryvdh/laravel-debugbar/src/Middleware/InjectDebugbar.php(59): Illuminate\Pipeline\Pipeline-&gt;Illuminate\Pipeline\{closure}()
#25 /www/wwwroot/jobportal.prus.dev/vendor/laravel/framework/src/Illuminate/Pipeline/Pipeline.php(208): Barryvdh\Debugbar\Middleware\InjectDebugbar-&gt;handle()
#26 /www/wwwroot/jobportal.prus.dev/vendor/spatie/laravel-csp/src/AddCspHeaders.php(17): Illuminate\Pipeline\Pipeline-&gt;Illuminate\Pipeline\{closure}()
#27 /www/wwwroot/jobportal.prus.dev/vendor/laravel/framework/src/Illuminate/Pipeline/Pipeline.php(208): Spatie\Csp\AddCspHeaders-&gt;handle()
#28 /www/wwwroot/jobportal.prus.dev/app/Http/Middleware/SecurityHeaders.php(11): Illuminate\Pipeline\Pipeline-&gt;Illuminate\Pipeline\{closure}()
#29 /www/wwwroot/jobportal.prus.dev/vendor/laravel/framework/src/Illuminate/Pipeline/Pipeline.php(208): App\Http\Middleware\SecurityHeaders-&gt;handle()
#30 /www/wwwroot/jobportal.prus.dev/vendor/laravel/framework/src/Illuminate/Foundation/Http/Middleware/TransformsRequest.php(21): Illuminate\Pipeline\Pipeline-&gt;Illuminate\Pipeline\{closure}()
#31 /www/wwwroot/jobportal.prus.dev/vendor/laravel/framework/src/Illuminate/Foundation/Http/Middleware/ConvertEmptyStringsToNull.php(31): Illuminate\Foundation\Http\Middleware\TransformsRequest-&gt;handle()
#32 /www/wwwroot/jobportal.prus.dev/vendor/laravel/framework/src/Illuminate/Pipeline/Pipeline.php(208): Illuminate\Foundation\Http\Middleware\ConvertEmptyStringsToNull-&gt;handle()
#33 /www/wwwroot/jobportal.prus.dev/vendor/laravel/framework/src/Illuminate/Foundation/Http/Middleware/TransformsRequest.php(21): Illuminate\Pipeline\Pipeline-&gt;Illuminate\Pipeline\{closure}()
#34 /www/wwwroot/jobportal.prus.dev/vendor/laravel/framework/src/Illuminate/Foundation/Http/Middleware/TrimStrings.php(51): Illuminate\Foundation\Http\Middleware\TransformsRequest-&gt;handle()
#35 /www/wwwroot/jobportal.prus.dev/vendor/laravel/framework/src/Illuminate/Pipeline/Pipeline.php(208): Illuminate\Foundation\Http\Middleware\TrimStrings-&gt;handle()
#36 /www/wwwroot/jobportal.prus.dev/vendor/laravel/framework/src/Illuminate/Http/Middleware/ValidatePostSize.php(27): Illuminate\Pipeline\Pipeline-&gt;Illuminate\Pipeline\{closure}()
#37 /www/wwwroot/jobportal.prus.dev/vendor/laravel/framework/src/Illuminate/Pipeline/Pipeline.php(208): Illuminate\Http\Middleware\ValidatePostSize-&gt;handle()
#38 /www/wwwroot/jobportal.prus.dev/vendor/laravel/framework/src/Illuminate/Foundation/Http/Middleware/PreventRequestsDuringMaintenance.php(109): Illuminate\Pipeline\Pipeline-&gt;Illuminate\Pipeline\{closure}()
#39 /www/wwwroot/jobportal.prus.dev/vendor/laravel/framework/src/Illuminate/Pipeline/Pipeline.php(208): Illuminate\Foundation\Http\Middleware\PreventRequestsDuringMaintenance-&gt;handle()
#40 /www/wwwroot/jobportal.prus.dev/vendor/laravel/framework/src/Illuminate/Http/Middleware/HandleCors.php(48): Illuminate\Pipeline\Pipeline-&gt;Illuminate\Pipeline\{closure}()
#41 /www/wwwroot/jobportal.prus.dev/vendor/laravel/framework/src/Illuminate/Pipeline/Pipeline.php(208): Illuminate\Http\Middleware\HandleCors-&gt;handle()
#42 /www/wwwroot/jobportal.prus.dev/vendor/laravel/framework/src/Illuminate/Http/Middleware/TrustProxies.php(58): Illuminate\Pipeline\Pipeline-&gt;Illuminate\Pipeline\{closure}()
#43 /www/wwwroot/jobportal.prus.dev/vendor/laravel/framework/src/Illuminate/Pipeline/Pipeline.php(208): Illuminate\Http\Middleware\TrustProxies-&gt;handle()
#44 /www/wwwroot/jobportal.prus.dev/vendor/laravel/framework/src/Illuminate/Pipeline/Pipeline.php(126): Illuminate\Pipeline\Pipeline-&gt;Illuminate\Pipeline\{closure}()
#45 /www/wwwroot/jobportal.prus.dev/vendor/laravel/framework/src/Illuminate/Foundation/Http/Kernel.php(175): Illuminate\Pipeline\Pipeline-&gt;then()
#46 /www/wwwroot/jobportal.prus.dev/vendor/laravel/framework/src/Illuminate/Foundation/Http/Kernel.php(144): Illuminate\Foundation\Http\Kernel-&gt;sendRequestThroughRouter()
#47 /www/wwwroot/jobportal.prus.dev/vendor/laravel/framework/src/Illuminate/Foundation/Testing/Concerns/MakesHttpRequests.php(607): Illuminate\Foundation\Http\Kernel-&gt;handle()
#48 /www/wwwroot/jobportal.prus.dev/vendor/laravel/framework/src/Illuminate/Foundation/Testing/Concerns/MakesHttpRequests.php(368): Illuminate\Foundation\Testing\TestCase-&gt;call()
#49 /www/wwwroot/jobportal.prus.dev/tests/Feature/JobPortalWebTest.php(244): Illuminate\Foundation\Testing\TestCase-&gt;get()
#50 /www/wwwroot/jobportal.prus.dev/vendor/phpunit/phpunit/src/Framework/TestCase.php(1656): Tests\Feature\JobPortalWebTest-&gt;test404_error_handling()
#51 /www/wwwroot/jobportal.prus.dev/vendor/phpunit/phpunit/src/Framework/TestCase.php(514): PHPUnit\Framework\TestCase-&gt;runTest()
#52 /www/wwwroot/jobportal.prus.dev/vendor/phpunit/phpunit/src/Framework/TestRunner/TestRunner.php(87): PHPUnit\Framework\TestCase-&gt;runBare()
#53 /www/wwwroot/jobportal.prus.dev/vendor/phpunit/phpunit/src/Framework/TestCase.php(361): PHPUnit\Framework\TestRunner-&gt;run()
#54 /www/wwwroot/jobportal.prus.dev/vendor/phpunit/phpunit/src/Framework/TestSuite.php(369): PHPUnit\Framework\TestCase-&gt;run()
#55 /www/wwwroot/jobportal.prus.dev/vendor/phpunit/phpunit/src/Framework/TestSuite.php(369): PHPUnit\Framework\TestSuite-&gt;run()
#56 /www/wwwroot/jobportal.prus.dev/vendor/phpunit/phpunit/src/Framework/TestSuite.php(369): PHPUnit\Framework\TestSuite-&gt;run()
#57 /www/wwwroot/jobportal.prus.dev/vendor/phpunit/phpunit/src/TextUI/TestRunner.php(64): PHPUnit\Framework\TestSuite-&gt;run()
#58 /www/wwwroot/jobportal.prus.dev/vendor/phpunit/phpunit/src/TextUI/Application.php(210): PHPUnit\TextUI\TestRunner-&gt;run()
#59 /www/wwwroot/jobportal.prus.dev/vendor/phpunit/phpunit/phpunit(104): PHPUnit\TextUI\Application-&gt;run()
#60 /www/wwwroot/jobportal.prus.dev/vendor/bin/phpunit(122): include('...')
#61 {main}

----------------------------------------------------------------------------------

Route [search] not defined.

/www/wwwroot/jobportal.prus.dev/vendor/laravel/framework/src/Illuminate/Testing/TestResponseAssert.php:45
/www/wwwroot/jobportal.prus.dev/vendor/laravel/framework/src/Illuminate/Testing/TestResponse.php:174
/www/wwwroot/jobportal.prus.dev/tests/Feature/JobPortalWebTest.php:246</failure>
        </testcase>
        <testcase name="test_search_form_submission" file="/www/wwwroot/jobportal.prus.dev/tests/Feature/JobPortalWebTest.php" line="252" class="Tests\Feature\JobPortalWebTest" classname="Tests.Feature.JobPortalWebTest" assertions="1" time="0.727706">
          <failure type="PHPUnit\Framework\ExpectationFailedException">Tests\Feature\JobPortalWebTest::test_search_form_submission
Expected response status code [200] but received 500.
Failed asserting that 500 is identical to 200.

The following exception occurred during the last request:

InvalidArgumentException: Unable to locate a class or view for component [jobs.active-filters]. in /www/wwwroot/jobportal.prus.dev/vendor/laravel/framework/src/Illuminate/View/Compilers/ComponentTagCompiler.php:315
Stack trace:
#0 /www/wwwroot/jobportal.prus.dev/vendor/laravel/framework/src/Illuminate/View/Compilers/ComponentTagCompiler.php(235): Illuminate\View\Compilers\ComponentTagCompiler-&gt;componentClass()
#1 /www/wwwroot/jobportal.prus.dev/vendor/laravel/framework/src/Illuminate/View/Compilers/ComponentTagCompiler.php(220): Illuminate\View\Compilers\ComponentTagCompiler-&gt;componentString()
#2 [internal function]: Illuminate\View\Compilers\ComponentTagCompiler-&gt;Illuminate\View\Compilers\{closure}()
#3 /www/wwwroot/jobportal.prus.dev/vendor/laravel/framework/src/Illuminate/View/Compilers/ComponentTagCompiler.php(215): preg_replace_callback()
#4 /www/wwwroot/jobportal.prus.dev/vendor/laravel/framework/src/Illuminate/View/Compilers/ComponentTagCompiler.php(89): Illuminate\View\Compilers\ComponentTagCompiler-&gt;compileSelfClosingTags()
#5 /www/wwwroot/jobportal.prus.dev/vendor/laravel/framework/src/Illuminate/View/Compilers/ComponentTagCompiler.php(76): Illuminate\View\Compilers\ComponentTagCompiler-&gt;compileTags()
#6 /www/wwwroot/jobportal.prus.dev/vendor/laravel/framework/src/Illuminate/View/Compilers/BladeCompiler.php(454): Illuminate\View\Compilers\ComponentTagCompiler-&gt;compile()
#7 /www/wwwroot/jobportal.prus.dev/vendor/laravel/framework/src/Illuminate/View/Compilers/BladeCompiler.php(286): Illuminate\View\Compilers\BladeCompiler-&gt;compileComponentTags()
#8 /www/wwwroot/jobportal.prus.dev/vendor/laravel/framework/src/Illuminate/View/Compilers/BladeCompiler.php(186): Illuminate\View\Compilers\BladeCompiler-&gt;compileString()
#9 /www/wwwroot/jobportal.prus.dev/vendor/laravel/framework/src/Illuminate/View/Engines/CompilerEngine.php(66): Illuminate\View\Compilers\BladeCompiler-&gt;compile()
#10 /www/wwwroot/jobportal.prus.dev/vendor/livewire/livewire/src/Mechanisms/ExtendBlade/ExtendedCompilerEngine.php(10): Illuminate\View\Engines\CompilerEngine-&gt;get()
#11 /www/wwwroot/jobportal.prus.dev/vendor/laravel/framework/src/Illuminate/View/View.php(208): Livewire\Mechanisms\ExtendBlade\ExtendedCompilerEngine-&gt;get()
#12 /www/wwwroot/jobportal.prus.dev/vendor/laravel/framework/src/Illuminate/View/View.php(191): Illuminate\View\View-&gt;getContents()
#13 /www/wwwroot/jobportal.prus.dev/vendor/laravel/framework/src/Illuminate/View/View.php(160): Illuminate\View\View-&gt;renderContents()
#14 /www/wwwroot/jobportal.prus.dev/vendor/laravel/framework/src/Illuminate/Http/Response.php(78): Illuminate\View\View-&gt;render()
#15 /www/wwwroot/jobportal.prus.dev/vendor/laravel/framework/src/Illuminate/Http/Response.php(34): Illuminate\Http\Response-&gt;setContent()
#16 /www/wwwroot/jobportal.prus.dev/vendor/laravel/framework/src/Illuminate/Routing/Router.php(924): Illuminate\Http\Response-&gt;__construct()
#17 /www/wwwroot/jobportal.prus.dev/vendor/laravel/framework/src/Illuminate/Routing/Router.php(891): Illuminate\Routing\Router::toResponse()
#18 /www/wwwroot/jobportal.prus.dev/vendor/laravel/framework/src/Illuminate/Routing/Router.php(807): Illuminate\Routing\Router-&gt;prepareResponse()
#19 /www/wwwroot/jobportal.prus.dev/vendor/laravel/framework/src/Illuminate/Pipeline/Pipeline.php(169): Illuminate\Routing\Router-&gt;Illuminate\Routing\{closure}()
#20 /www/wwwroot/jobportal.prus.dev/vendor/barryvdh/laravel-debugbar/src/Middleware/InjectDebugbar.php(59): Illuminate\Pipeline\Pipeline-&gt;Illuminate\Pipeline\{closure}()
#21 /www/wwwroot/jobportal.prus.dev/vendor/laravel/framework/src/Illuminate/Pipeline/Pipeline.php(208): Barryvdh\Debugbar\Middleware\InjectDebugbar-&gt;handle()
#22 /www/wwwroot/jobportal.prus.dev/app/Http/Middleware/LocaleMiddleware.php(54): Illuminate\Pipeline\Pipeline-&gt;Illuminate\Pipeline\{closure}()
#23 /www/wwwroot/jobportal.prus.dev/vendor/laravel/framework/src/Illuminate/Pipeline/Pipeline.php(208): App\Http\Middleware\LocaleMiddleware-&gt;handle()
#24 /www/wwwroot/jobportal.prus.dev/app/Http/Middleware/SetLocale.php(38): Illuminate\Pipeline\Pipeline-&gt;Illuminate\Pipeline\{closure}()
#25 /www/wwwroot/jobportal.prus.dev/vendor/laravel/framework/src/Illuminate/Pipeline/Pipeline.php(208): App\Http\Middleware\SetLocale-&gt;handle()
#26 /www/wwwroot/jobportal.prus.dev/app/Http/Middleware/LanguageMiddleware.php(47): Illuminate\Pipeline\Pipeline-&gt;Illuminate\Pipeline\{closure}()
#27 /www/wwwroot/jobportal.prus.dev/vendor/laravel/framework/src/Illuminate/Pipeline/Pipeline.php(208): App\Http\Middleware\LanguageMiddleware-&gt;handle()
#28 /www/wwwroot/jobportal.prus.dev/vendor/laravel/framework/src/Illuminate/Routing/Middleware/SubstituteBindings.php(50): Illuminate\Pipeline\Pipeline-&gt;Illuminate\Pipeline\{closure}()
#29 /www/wwwroot/jobportal.prus.dev/vendor/laravel/framework/src/Illuminate/Pipeline/Pipeline.php(208): Illuminate\Routing\Middleware\SubstituteBindings-&gt;handle()
#30 /www/wwwroot/jobportal.prus.dev/vendor/laravel/framework/src/Illuminate/Foundation/Http/Middleware/VerifyCsrfToken.php(87): Illuminate\Pipeline\Pipeline-&gt;Illuminate\Pipeline\{closure}()
#31 /www/wwwroot/jobportal.prus.dev/vendor/laravel/framework/src/Illuminate/Pipeline/Pipeline.php(208): Illuminate\Foundation\Http\Middleware\VerifyCsrfToken-&gt;handle()
#32 /www/wwwroot/jobportal.prus.dev/vendor/laravel/framework/src/Illuminate/View/Middleware/ShareErrorsFromSession.php(48): Illuminate\Pipeline\Pipeline-&gt;Illuminate\Pipeline\{closure}()
#33 /www/wwwroot/jobportal.prus.dev/vendor/laravel/framework/src/Illuminate/Pipeline/Pipeline.php(208): Illuminate\View\Middleware\ShareErrorsFromSession-&gt;handle()
#34 /www/wwwroot/jobportal.prus.dev/vendor/laravel/framework/src/Illuminate/Session/Middleware/StartSession.php(120): Illuminate\Pipeline\Pipeline-&gt;Illuminate\Pipeline\{closure}()
#35 /www/wwwroot/jobportal.prus.dev/vendor/laravel/framework/src/Illuminate/Session/Middleware/StartSession.php(63): Illuminate\Session\Middleware\StartSession-&gt;handleStatefulRequest()
#36 /www/wwwroot/jobportal.prus.dev/vendor/laravel/framework/src/Illuminate/Pipeline/Pipeline.php(208): Illuminate\Session\Middleware\StartSession-&gt;handle()
#37 /www/wwwroot/jobportal.prus.dev/vendor/laravel/framework/src/Illuminate/Cookie/Middleware/AddQueuedCookiesToResponse.php(36): Illuminate\Pipeline\Pipeline-&gt;Illuminate\Pipeline\{closure}()
#38 /www/wwwroot/jobportal.prus.dev/vendor/laravel/framework/src/Illuminate/Pipeline/Pipeline.php(208): Illuminate\Cookie\Middleware\AddQueuedCookiesToResponse-&gt;handle()
#39 /www/wwwroot/jobportal.prus.dev/vendor/laravel/framework/src/Illuminate/Cookie/Middleware/EncryptCookies.php(74): Illuminate\Pipeline\Pipeline-&gt;Illuminate\Pipeline\{closure}()
#40 /www/wwwroot/jobportal.prus.dev/vendor/laravel/framework/src/Illuminate/Pipeline/Pipeline.php(208): Illuminate\Cookie\Middleware\EncryptCookies-&gt;handle()
#41 /www/wwwroot/jobportal.prus.dev/vendor/laravel/framework/src/Illuminate/Pipeline/Pipeline.php(126): Illuminate\Pipeline\Pipeline-&gt;Illuminate\Pipeline\{closure}()
#42 /www/wwwroot/jobportal.prus.dev/vendor/laravel/framework/src/Illuminate/Routing/Router.php(807): Illuminate\Pipeline\Pipeline-&gt;then()
#43 /www/wwwroot/jobportal.prus.dev/vendor/laravel/framework/src/Illuminate/Routing/Router.php(786): Illuminate\Routing\Router-&gt;runRouteWithinStack()
#44 /www/wwwroot/jobportal.prus.dev/vendor/laravel/framework/src/Illuminate/Routing/Router.php(750): Illuminate\Routing\Router-&gt;runRoute()
#45 /www/wwwroot/jobportal.prus.dev/vendor/laravel/framework/src/Illuminate/Routing/Router.php(739): Illuminate\Routing\Router-&gt;dispatchToRoute()
#46 /www/wwwroot/jobportal.prus.dev/vendor/laravel/framework/src/Illuminate/Foundation/Http/Kernel.php(200): Illuminate\Routing\Router-&gt;dispatch()
#47 /www/wwwroot/jobportal.prus.dev/vendor/laravel/framework/src/Illuminate/Pipeline/Pipeline.php(169): Illuminate\Foundation\Http\Kernel-&gt;Illuminate\Foundation\Http\{closure}()
#48 /www/wwwroot/jobportal.prus.dev/vendor/livewire/livewire/src/Features/SupportDisablingBackButtonCache/DisableBackButtonCacheMiddleware.php(19): Illuminate\Pipeline\Pipeline-&gt;Illuminate\Pipeline\{closure}()
#49 /www/wwwroot/jobportal.prus.dev/vendor/laravel/framework/src/Illuminate/Pipeline/Pipeline.php(208): Livewire\Features\SupportDisablingBackButtonCache\DisableBackButtonCacheMiddleware-&gt;handle()
#50 /www/wwwroot/jobportal.prus.dev/vendor/barryvdh/laravel-debugbar/src/Middleware/InjectDebugbar.php(59): Illuminate\Pipeline\Pipeline-&gt;Illuminate\Pipeline\{closure}()
#51 /www/wwwroot/jobportal.prus.dev/vendor/laravel/framework/src/Illuminate/Pipeline/Pipeline.php(208): Barryvdh\Debugbar\Middleware\InjectDebugbar-&gt;handle()
#52 /www/wwwroot/jobportal.prus.dev/vendor/spatie/laravel-csp/src/AddCspHeaders.php(17): Illuminate\Pipeline\Pipeline-&gt;Illuminate\Pipeline\{closure}()
#53 /www/wwwroot/jobportal.prus.dev/vendor/laravel/framework/src/Illuminate/Pipeline/Pipeline.php(208): Spatie\Csp\AddCspHeaders-&gt;handle()
#54 /www/wwwroot/jobportal.prus.dev/app/Http/Middleware/SecurityHeaders.php(11): Illuminate\Pipeline\Pipeline-&gt;Illuminate\Pipeline\{closure}()
#55 /www/wwwroot/jobportal.prus.dev/vendor/laravel/framework/src/Illuminate/Pipeline/Pipeline.php(208): App\Http\Middleware\SecurityHeaders-&gt;handle()
#56 /www/wwwroot/jobportal.prus.dev/vendor/laravel/framework/src/Illuminate/Foundation/Http/Middleware/TransformsRequest.php(21): Illuminate\Pipeline\Pipeline-&gt;Illuminate\Pipeline\{closure}()
#57 /www/wwwroot/jobportal.prus.dev/vendor/laravel/framework/src/Illuminate/Foundation/Http/Middleware/ConvertEmptyStringsToNull.php(31): Illuminate\Foundation\Http\Middleware\TransformsRequest-&gt;handle()
#58 /www/wwwroot/jobportal.prus.dev/vendor/laravel/framework/src/Illuminate/Pipeline/Pipeline.php(208): Illuminate\Foundation\Http\Middleware\ConvertEmptyStringsToNull-&gt;handle()
#59 /www/wwwroot/jobportal.prus.dev/vendor/laravel/framework/src/Illuminate/Foundation/Http/Middleware/TransformsRequest.php(21): Illuminate\Pipeline\Pipeline-&gt;Illuminate\Pipeline\{closure}()
#60 /www/wwwroot/jobportal.prus.dev/vendor/laravel/framework/src/Illuminate/Foundation/Http/Middleware/TrimStrings.php(51): Illuminate\Foundation\Http\Middleware\TransformsRequest-&gt;handle()
#61 /www/wwwroot/jobportal.prus.dev/vendor/laravel/framework/src/Illuminate/Pipeline/Pipeline.php(208): Illuminate\Foundation\Http\Middleware\TrimStrings-&gt;handle()
#62 /www/wwwroot/jobportal.prus.dev/vendor/laravel/framework/src/Illuminate/Http/Middleware/ValidatePostSize.php(27): Illuminate\Pipeline\Pipeline-&gt;Illuminate\Pipeline\{closure}()
#63 /www/wwwroot/jobportal.prus.dev/vendor/laravel/framework/src/Illuminate/Pipeline/Pipeline.php(208): Illuminate\Http\Middleware\ValidatePostSize-&gt;handle()
#64 /www/wwwroot/jobportal.prus.dev/vendor/laravel/framework/src/Illuminate/Foundation/Http/Middleware/PreventRequestsDuringMaintenance.php(109): Illuminate\Pipeline\Pipeline-&gt;Illuminate\Pipeline\{closure}()
#65 /www/wwwroot/jobportal.prus.dev/vendor/laravel/framework/src/Illuminate/Pipeline/Pipeline.php(208): Illuminate\Foundation\Http\Middleware\PreventRequestsDuringMaintenance-&gt;handle()
#66 /www/wwwroot/jobportal.prus.dev/vendor/laravel/framework/src/Illuminate/Http/Middleware/HandleCors.php(48): Illuminate\Pipeline\Pipeline-&gt;Illuminate\Pipeline\{closure}()
#67 /www/wwwroot/jobportal.prus.dev/vendor/laravel/framework/src/Illuminate/Pipeline/Pipeline.php(208): Illuminate\Http\Middleware\HandleCors-&gt;handle()
#68 /www/wwwroot/jobportal.prus.dev/vendor/laravel/framework/src/Illuminate/Http/Middleware/TrustProxies.php(58): Illuminate\Pipeline\Pipeline-&gt;Illuminate\Pipeline\{closure}()
#69 /www/wwwroot/jobportal.prus.dev/vendor/laravel/framework/src/Illuminate/Pipeline/Pipeline.php(208): Illuminate\Http\Middleware\TrustProxies-&gt;handle()
#70 /www/wwwroot/jobportal.prus.dev/vendor/laravel/framework/src/Illuminate/Pipeline/Pipeline.php(126): Illuminate\Pipeline\Pipeline-&gt;Illuminate\Pipeline\{closure}()
#71 /www/wwwroot/jobportal.prus.dev/vendor/laravel/framework/src/Illuminate/Foundation/Http/Kernel.php(175): Illuminate\Pipeline\Pipeline-&gt;then()
#72 /www/wwwroot/jobportal.prus.dev/vendor/laravel/framework/src/Illuminate/Foundation/Http/Kernel.php(144): Illuminate\Foundation\Http\Kernel-&gt;sendRequestThroughRouter()
#73 /www/wwwroot/jobportal.prus.dev/vendor/laravel/framework/src/Illuminate/Foundation/Testing/Concerns/MakesHttpRequests.php(607): Illuminate\Foundation\Http\Kernel-&gt;handle()
#74 /www/wwwroot/jobportal.prus.dev/vendor/laravel/framework/src/Illuminate/Foundation/Testing/Concerns/MakesHttpRequests.php(368): Illuminate\Foundation\Testing\TestCase-&gt;call()
#75 /www/wwwroot/jobportal.prus.dev/tests/Feature/JobPortalWebTest.php(260): Illuminate\Foundation\Testing\TestCase-&gt;get()
#76 /www/wwwroot/jobportal.prus.dev/vendor/phpunit/phpunit/src/Framework/TestCase.php(1656): Tests\Feature\JobPortalWebTest-&gt;test_search_form_submission()
#77 /www/wwwroot/jobportal.prus.dev/vendor/phpunit/phpunit/src/Framework/TestCase.php(514): PHPUnit\Framework\TestCase-&gt;runTest()
#78 /www/wwwroot/jobportal.prus.dev/vendor/phpunit/phpunit/src/Framework/TestRunner/TestRunner.php(87): PHPUnit\Framework\TestCase-&gt;runBare()
#79 /www/wwwroot/jobportal.prus.dev/vendor/phpunit/phpunit/src/Framework/TestCase.php(361): PHPUnit\Framework\TestRunner-&gt;run()
#80 /www/wwwroot/jobportal.prus.dev/vendor/phpunit/phpunit/src/Framework/TestSuite.php(369): PHPUnit\Framework\TestCase-&gt;run()
#81 /www/wwwroot/jobportal.prus.dev/vendor/phpunit/phpunit/src/Framework/TestSuite.php(369): PHPUnit\Framework\TestSuite-&gt;run()
#82 /www/wwwroot/jobportal.prus.dev/vendor/phpunit/phpunit/src/Framework/TestSuite.php(369): PHPUnit\Framework\TestSuite-&gt;run()
#83 /www/wwwroot/jobportal.prus.dev/vendor/phpunit/phpunit/src/TextUI/TestRunner.php(64): PHPUnit\Framework\TestSuite-&gt;run()
#84 /www/wwwroot/jobportal.prus.dev/vendor/phpunit/phpunit/src/TextUI/Application.php(210): PHPUnit\TextUI\TestRunner-&gt;run()
#85 /www/wwwroot/jobportal.prus.dev/vendor/phpunit/phpunit/phpunit(104): PHPUnit\TextUI\Application-&gt;run()
#86 /www/wwwroot/jobportal.prus.dev/vendor/bin/phpunit(122): include('...')
#87 {main}

----------------------------------------------------------------------------------

Unable to locate a class or view for component [jobs.active-filters].

/www/wwwroot/jobportal.prus.dev/vendor/laravel/framework/src/Illuminate/Testing/TestResponseAssert.php:45
/www/wwwroot/jobportal.prus.dev/vendor/laravel/framework/src/Illuminate/Testing/TestResponse.php:174
/www/wwwroot/jobportal.prus.dev/tests/Feature/JobPortalWebTest.php:262</failure>
        </testcase>
        <testcase name="test_assets_are_referenced" file="/www/wwwroot/jobportal.prus.dev/tests/Feature/JobPortalWebTest.php" line="269" class="Tests\Feature\JobPortalWebTest" classname="Tests.Feature.JobPortalWebTest" assertions="2" time="0.497384">
          <failure type="PHPUnit\Framework\ExpectationFailedException">Tests\Feature\JobPortalWebTest::test_assets_are_referenced
Failed asserting that '&lt;!DOCTYPE html&gt;\n
&lt;html lang="en"&gt;\n
&lt;head&gt;\n
    &lt;meta charset="utf-8"&gt;\n
    &lt;meta name="viewport" content="width=device-width, initial-scale=1"&gt;\n
    &lt;meta name="csrf-token" content="YVCteE7wc8n6NfLiwYvdB5pS9azAIs6EMfVGAIjB"&gt;\n
    &lt;title&gt;JobPortal - Home&lt;/title&gt;\n
    \n
    &lt;link rel="preload" as="style" href="https://jobportal.prus.dev/build/assets/app-DDhGWgft.css" /&gt;&lt;link rel="modulepreload" href="https://jobportal.prus.dev/build/assets/app-DCoCvc3a.js" /&gt;&lt;link rel="stylesheet" href="https://jobportal.prus.dev/build/assets/app-DDhGWgft.css" data-navigate-track="reload" /&gt;&lt;script type="module" src="https://jobportal.prus.dev/build/assets/app-DCoCvc3a.js" data-navigate-track="reload"&gt;&lt;/script&gt;&lt;/head&gt;\n
&lt;body class="bg-gray-50 font-sans antialiased"&gt;\n
    &lt;div class="min-h-screen"&gt;\n
        &lt;!-- Simple Header --&gt;\n
        &lt;header class="bg-white shadow"&gt;\n
            &lt;div class="max-w-7xl mx-auto px-4 sm:px-6 lg:px-8"&gt;\n
                &lt;div class="flex justify-between h-16"&gt;\n
                    &lt;div class="flex items-center"&gt;\n
                        &lt;h1 class="text-xl font-bold text-gray-900"&gt;JobPortal&lt;/h1&gt;\n
                    &lt;/div&gt;\n
                    &lt;div class="flex items-center space-x-4"&gt;\n
                        &lt;a href="https://jobportal.prus.dev/jobs" class="text-gray-700 hover:text-blue-600"&gt;Jobs&lt;/a&gt;\n
                        &lt;a href="https://jobportal.prus.dev/companies" class="text-gray-700 hover:text-blue-600"&gt;Companies&lt;/a&gt;\n
                        &lt;a href="https://jobportal.prus.dev/contact" class="text-gray-700 hover:text-blue-600"&gt;Contact&lt;/a&gt;\n
                    &lt;/div&gt;\n
                &lt;/div&gt;\n
            &lt;/div&gt;\n
        &lt;/header&gt;\n
\n
        &lt;!-- Main Content --&gt;\n
        &lt;main&gt;\n
            &lt;div class="max-w-7xl mx-auto py-12 px-4 sm:px-6 lg:px-8"&gt;\n
                &lt;div class="text-center"&gt;\n
                    &lt;h1 class="text-4xl font-bold text-gray-900 sm:text-6xl"&gt;\n
                        Welcome to Job Portal\n
                    &lt;/h1&gt;\n
                    &lt;p class="mt-6 text-lg leading-8 text-gray-600"&gt;\n
                        Your gateway to career opportunities. Find the perfect job or discover talented candidates.\n
                    &lt;/p&gt;\n
                    &lt;div class="mt-10 flex items-center justify-center gap-x-6"&gt;\n
                        &lt;a href="https://jobportal.prus.dev/jobs" \n
                           class="rounded-md bg-blue-600 px-3.5 py-2.5 text-sm font-semibold text-white shadow-sm hover:bg-blue-500 focus-visible:outline focus-visible:outline-2 focus-visible:outline-offset-2 focus-visible:outline-blue-600"&gt;\n
                            Browse Jobs\n
                        &lt;/a&gt;\n
                        &lt;a href="https://jobportal.prus.dev/companies" \n
                           class="text-sm font-semibold leading-6 text-gray-900"&gt;\n
                            View Companies &lt;span aria-hidden="true"&gt;→&lt;/span&gt;\n
                        &lt;/a&gt;\n
                    &lt;/div&gt;\n
                &lt;/div&gt;\n
\n
                &lt;!-- Stats Section --&gt;\n
                &lt;div class="mt-16"&gt;\n
                    &lt;div class="mx-auto max-w-7xl"&gt;\n
                        &lt;div class="grid grid-cols-1 gap-x-8 gap-y-16 text-center lg:grid-cols-3"&gt;\n
                            &lt;div class="mx-auto flex max-w-xs flex-col gap-y-4"&gt;\n
                                &lt;dt class="text-base leading-7 text-gray-600"&gt;Jobs Available&lt;/dt&gt;\n
                                &lt;dd class="order-first text-3xl font-semibold tracking-tight text-gray-900 sm:text-5xl"&gt;1,000+&lt;/dd&gt;\n
                            &lt;/div&gt;\n
                            &lt;div class="mx-auto flex max-w-xs flex-col gap-y-4"&gt;\n
                                &lt;dt class="text-base leading-7 text-gray-600"&gt;Companies&lt;/dt&gt;\n
                                &lt;dd class="order-first text-3xl font-semibold tracking-tight text-gray-900 sm:text-5xl"&gt;500+&lt;/dd&gt;\n
                            &lt;/div&gt;\n
                            &lt;div class="mx-auto flex max-w-xs flex-col gap-y-4"&gt;\n
                                &lt;dt class="text-base leading-7 text-gray-600"&gt;Success Stories&lt;/dt&gt;\n
                                &lt;dd class="order-first text-3xl font-semibold tracking-tight text-gray-900 sm:text-5xl"&gt;10,000+&lt;/dd&gt;\n
                            &lt;/div&gt;\n
                        &lt;/div&gt;\n
                    &lt;/div&gt;\n
                &lt;/div&gt;\n
            &lt;/div&gt;\n
        &lt;/main&gt;\n
\n
        &lt;!-- Simple Footer --&gt;\n
        &lt;footer class="bg-gray-900"&gt;\n
            &lt;div class="max-w-7xl mx-auto py-12 px-4 sm:px-6 lg:px-8"&gt;\n
                &lt;div class="text-center"&gt;\n
                    &lt;p class="text-base text-gray-400"&gt;&amp;copy; 2025 JobPortal. All rights reserved&lt;/p&gt;\n
                &lt;/div&gt;\n
            &lt;/div&gt;\n
        &lt;/footer&gt;\n
&lt;/div&gt;\n
&lt;/body&gt;\n
&lt;/html&gt;' [UTF-8](length: 4683) contains "bootstrap" [ASCII](length: 9).

/www/wwwroot/jobportal.prus.dev/vendor/laravel/framework/src/Illuminate/Testing/TestResponseAssert.php:45
/www/wwwroot/jobportal.prus.dev/vendor/laravel/framework/src/Illuminate/Testing/TestResponse.php:655
/www/wwwroot/jobportal.prus.dev/tests/Feature/JobPortalWebTest.php:275</failure>
        </testcase>
        <testcase name="test_job_filtering_functionality" file="/www/wwwroot/jobportal.prus.dev/tests/Feature/JobPortalWebTest.php" line="285" class="Tests\Feature\JobPortalWebTest" classname="Tests.Feature.JobPortalWebTest" assertions="1" time="0.903309">
          <failure type="PHPUnit\Framework\ExpectationFailedException">Tests\Feature\JobPortalWebTest::test_job_filtering_functionality
Expected response status code [200] but received 500.
Failed asserting that 500 is identical to 200.

The following exception occurred during the last request:

InvalidArgumentException: Unable to locate a class or view for component [jobs.active-filters]. in /www/wwwroot/jobportal.prus.dev/vendor/laravel/framework/src/Illuminate/View/Compilers/ComponentTagCompiler.php:315
Stack trace:
#0 /www/wwwroot/jobportal.prus.dev/vendor/laravel/framework/src/Illuminate/View/Compilers/ComponentTagCompiler.php(235): Illuminate\View\Compilers\ComponentTagCompiler-&gt;componentClass()
#1 /www/wwwroot/jobportal.prus.dev/vendor/laravel/framework/src/Illuminate/View/Compilers/ComponentTagCompiler.php(220): Illuminate\View\Compilers\ComponentTagCompiler-&gt;componentString()
#2 [internal function]: Illuminate\View\Compilers\ComponentTagCompiler-&gt;Illuminate\View\Compilers\{closure}()
#3 /www/wwwroot/jobportal.prus.dev/vendor/laravel/framework/src/Illuminate/View/Compilers/ComponentTagCompiler.php(215): preg_replace_callback()
#4 /www/wwwroot/jobportal.prus.dev/vendor/laravel/framework/src/Illuminate/View/Compilers/ComponentTagCompiler.php(89): Illuminate\View\Compilers\ComponentTagCompiler-&gt;compileSelfClosingTags()
#5 /www/wwwroot/jobportal.prus.dev/vendor/laravel/framework/src/Illuminate/View/Compilers/ComponentTagCompiler.php(76): Illuminate\View\Compilers\ComponentTagCompiler-&gt;compileTags()
#6 /www/wwwroot/jobportal.prus.dev/vendor/laravel/framework/src/Illuminate/View/Compilers/BladeCompiler.php(454): Illuminate\View\Compilers\ComponentTagCompiler-&gt;compile()
#7 /www/wwwroot/jobportal.prus.dev/vendor/laravel/framework/src/Illuminate/View/Compilers/BladeCompiler.php(286): Illuminate\View\Compilers\BladeCompiler-&gt;compileComponentTags()
#8 /www/wwwroot/jobportal.prus.dev/vendor/laravel/framework/src/Illuminate/View/Compilers/BladeCompiler.php(186): Illuminate\View\Compilers\BladeCompiler-&gt;compileString()
#9 /www/wwwroot/jobportal.prus.dev/vendor/laravel/framework/src/Illuminate/View/Engines/CompilerEngine.php(66): Illuminate\View\Compilers\BladeCompiler-&gt;compile()
#10 /www/wwwroot/jobportal.prus.dev/vendor/livewire/livewire/src/Mechanisms/ExtendBlade/ExtendedCompilerEngine.php(10): Illuminate\View\Engines\CompilerEngine-&gt;get()
#11 /www/wwwroot/jobportal.prus.dev/vendor/laravel/framework/src/Illuminate/View/View.php(208): Livewire\Mechanisms\ExtendBlade\ExtendedCompilerEngine-&gt;get()
#12 /www/wwwroot/jobportal.prus.dev/vendor/laravel/framework/src/Illuminate/View/View.php(191): Illuminate\View\View-&gt;getContents()
#13 /www/wwwroot/jobportal.prus.dev/vendor/laravel/framework/src/Illuminate/View/View.php(160): Illuminate\View\View-&gt;renderContents()
#14 /www/wwwroot/jobportal.prus.dev/vendor/laravel/framework/src/Illuminate/Http/Response.php(78): Illuminate\View\View-&gt;render()
#15 /www/wwwroot/jobportal.prus.dev/vendor/laravel/framework/src/Illuminate/Http/Response.php(34): Illuminate\Http\Response-&gt;setContent()
#16 /www/wwwroot/jobportal.prus.dev/vendor/laravel/framework/src/Illuminate/Routing/Router.php(924): Illuminate\Http\Response-&gt;__construct()
#17 /www/wwwroot/jobportal.prus.dev/vendor/laravel/framework/src/Illuminate/Routing/Router.php(891): Illuminate\Routing\Router::toResponse()
#18 /www/wwwroot/jobportal.prus.dev/vendor/laravel/framework/src/Illuminate/Routing/Router.php(807): Illuminate\Routing\Router-&gt;prepareResponse()
#19 /www/wwwroot/jobportal.prus.dev/vendor/laravel/framework/src/Illuminate/Pipeline/Pipeline.php(169): Illuminate\Routing\Router-&gt;Illuminate\Routing\{closure}()
#20 /www/wwwroot/jobportal.prus.dev/vendor/barryvdh/laravel-debugbar/src/Middleware/InjectDebugbar.php(59): Illuminate\Pipeline\Pipeline-&gt;Illuminate\Pipeline\{closure}()
#21 /www/wwwroot/jobportal.prus.dev/vendor/laravel/framework/src/Illuminate/Pipeline/Pipeline.php(208): Barryvdh\Debugbar\Middleware\InjectDebugbar-&gt;handle()
#22 /www/wwwroot/jobportal.prus.dev/app/Http/Middleware/LocaleMiddleware.php(54): Illuminate\Pipeline\Pipeline-&gt;Illuminate\Pipeline\{closure}()
#23 /www/wwwroot/jobportal.prus.dev/vendor/laravel/framework/src/Illuminate/Pipeline/Pipeline.php(208): App\Http\Middleware\LocaleMiddleware-&gt;handle()
#24 /www/wwwroot/jobportal.prus.dev/app/Http/Middleware/SetLocale.php(38): Illuminate\Pipeline\Pipeline-&gt;Illuminate\Pipeline\{closure}()
#25 /www/wwwroot/jobportal.prus.dev/vendor/laravel/framework/src/Illuminate/Pipeline/Pipeline.php(208): App\Http\Middleware\SetLocale-&gt;handle()
#26 /www/wwwroot/jobportal.prus.dev/app/Http/Middleware/LanguageMiddleware.php(47): Illuminate\Pipeline\Pipeline-&gt;Illuminate\Pipeline\{closure}()
#27 /www/wwwroot/jobportal.prus.dev/vendor/laravel/framework/src/Illuminate/Pipeline/Pipeline.php(208): App\Http\Middleware\LanguageMiddleware-&gt;handle()
#28 /www/wwwroot/jobportal.prus.dev/vendor/laravel/framework/src/Illuminate/Routing/Middleware/SubstituteBindings.php(50): Illuminate\Pipeline\Pipeline-&gt;Illuminate\Pipeline\{closure}()
#29 /www/wwwroot/jobportal.prus.dev/vendor/laravel/framework/src/Illuminate/Pipeline/Pipeline.php(208): Illuminate\Routing\Middleware\SubstituteBindings-&gt;handle()
#30 /www/wwwroot/jobportal.prus.dev/vendor/laravel/framework/src/Illuminate/Foundation/Http/Middleware/VerifyCsrfToken.php(87): Illuminate\Pipeline\Pipeline-&gt;Illuminate\Pipeline\{closure}()
#31 /www/wwwroot/jobportal.prus.dev/vendor/laravel/framework/src/Illuminate/Pipeline/Pipeline.php(208): Illuminate\Foundation\Http\Middleware\VerifyCsrfToken-&gt;handle()
#32 /www/wwwroot/jobportal.prus.dev/vendor/laravel/framework/src/Illuminate/View/Middleware/ShareErrorsFromSession.php(48): Illuminate\Pipeline\Pipeline-&gt;Illuminate\Pipeline\{closure}()
#33 /www/wwwroot/jobportal.prus.dev/vendor/laravel/framework/src/Illuminate/Pipeline/Pipeline.php(208): Illuminate\View\Middleware\ShareErrorsFromSession-&gt;handle()
#34 /www/wwwroot/jobportal.prus.dev/vendor/laravel/framework/src/Illuminate/Session/Middleware/StartSession.php(120): Illuminate\Pipeline\Pipeline-&gt;Illuminate\Pipeline\{closure}()
#35 /www/wwwroot/jobportal.prus.dev/vendor/laravel/framework/src/Illuminate/Session/Middleware/StartSession.php(63): Illuminate\Session\Middleware\StartSession-&gt;handleStatefulRequest()
#36 /www/wwwroot/jobportal.prus.dev/vendor/laravel/framework/src/Illuminate/Pipeline/Pipeline.php(208): Illuminate\Session\Middleware\StartSession-&gt;handle()
#37 /www/wwwroot/jobportal.prus.dev/vendor/laravel/framework/src/Illuminate/Cookie/Middleware/AddQueuedCookiesToResponse.php(36): Illuminate\Pipeline\Pipeline-&gt;Illuminate\Pipeline\{closure}()
#38 /www/wwwroot/jobportal.prus.dev/vendor/laravel/framework/src/Illuminate/Pipeline/Pipeline.php(208): Illuminate\Cookie\Middleware\AddQueuedCookiesToResponse-&gt;handle()
#39 /www/wwwroot/jobportal.prus.dev/vendor/laravel/framework/src/Illuminate/Cookie/Middleware/EncryptCookies.php(74): Illuminate\Pipeline\Pipeline-&gt;Illuminate\Pipeline\{closure}()
#40 /www/wwwroot/jobportal.prus.dev/vendor/laravel/framework/src/Illuminate/Pipeline/Pipeline.php(208): Illuminate\Cookie\Middleware\EncryptCookies-&gt;handle()
#41 /www/wwwroot/jobportal.prus.dev/vendor/laravel/framework/src/Illuminate/Pipeline/Pipeline.php(126): Illuminate\Pipeline\Pipeline-&gt;Illuminate\Pipeline\{closure}()
#42 /www/wwwroot/jobportal.prus.dev/vendor/laravel/framework/src/Illuminate/Routing/Router.php(807): Illuminate\Pipeline\Pipeline-&gt;then()
#43 /www/wwwroot/jobportal.prus.dev/vendor/laravel/framework/src/Illuminate/Routing/Router.php(786): Illuminate\Routing\Router-&gt;runRouteWithinStack()
#44 /www/wwwroot/jobportal.prus.dev/vendor/laravel/framework/src/Illuminate/Routing/Router.php(750): Illuminate\Routing\Router-&gt;runRoute()
#45 /www/wwwroot/jobportal.prus.dev/vendor/laravel/framework/src/Illuminate/Routing/Router.php(739): Illuminate\Routing\Router-&gt;dispatchToRoute()
#46 /www/wwwroot/jobportal.prus.dev/vendor/laravel/framework/src/Illuminate/Foundation/Http/Kernel.php(200): Illuminate\Routing\Router-&gt;dispatch()
#47 /www/wwwroot/jobportal.prus.dev/vendor/laravel/framework/src/Illuminate/Pipeline/Pipeline.php(169): Illuminate\Foundation\Http\Kernel-&gt;Illuminate\Foundation\Http\{closure}()
#48 /www/wwwroot/jobportal.prus.dev/vendor/livewire/livewire/src/Features/SupportDisablingBackButtonCache/DisableBackButtonCacheMiddleware.php(19): Illuminate\Pipeline\Pipeline-&gt;Illuminate\Pipeline\{closure}()
#49 /www/wwwroot/jobportal.prus.dev/vendor/laravel/framework/src/Illuminate/Pipeline/Pipeline.php(208): Livewire\Features\SupportDisablingBackButtonCache\DisableBackButtonCacheMiddleware-&gt;handle()
#50 /www/wwwroot/jobportal.prus.dev/vendor/barryvdh/laravel-debugbar/src/Middleware/InjectDebugbar.php(59): Illuminate\Pipeline\Pipeline-&gt;Illuminate\Pipeline\{closure}()
#51 /www/wwwroot/jobportal.prus.dev/vendor/laravel/framework/src/Illuminate/Pipeline/Pipeline.php(208): Barryvdh\Debugbar\Middleware\InjectDebugbar-&gt;handle()
#52 /www/wwwroot/jobportal.prus.dev/vendor/spatie/laravel-csp/src/AddCspHeaders.php(17): Illuminate\Pipeline\Pipeline-&gt;Illuminate\Pipeline\{closure}()
#53 /www/wwwroot/jobportal.prus.dev/vendor/laravel/framework/src/Illuminate/Pipeline/Pipeline.php(208): Spatie\Csp\AddCspHeaders-&gt;handle()
#54 /www/wwwroot/jobportal.prus.dev/app/Http/Middleware/SecurityHeaders.php(11): Illuminate\Pipeline\Pipeline-&gt;Illuminate\Pipeline\{closure}()
#55 /www/wwwroot/jobportal.prus.dev/vendor/laravel/framework/src/Illuminate/Pipeline/Pipeline.php(208): App\Http\Middleware\SecurityHeaders-&gt;handle()
#56 /www/wwwroot/jobportal.prus.dev/vendor/laravel/framework/src/Illuminate/Foundation/Http/Middleware/TransformsRequest.php(21): Illuminate\Pipeline\Pipeline-&gt;Illuminate\Pipeline\{closure}()
#57 /www/wwwroot/jobportal.prus.dev/vendor/laravel/framework/src/Illuminate/Foundation/Http/Middleware/ConvertEmptyStringsToNull.php(31): Illuminate\Foundation\Http\Middleware\TransformsRequest-&gt;handle()
#58 /www/wwwroot/jobportal.prus.dev/vendor/laravel/framework/src/Illuminate/Pipeline/Pipeline.php(208): Illuminate\Foundation\Http\Middleware\ConvertEmptyStringsToNull-&gt;handle()
#59 /www/wwwroot/jobportal.prus.dev/vendor/laravel/framework/src/Illuminate/Foundation/Http/Middleware/TransformsRequest.php(21): Illuminate\Pipeline\Pipeline-&gt;Illuminate\Pipeline\{closure}()
#60 /www/wwwroot/jobportal.prus.dev/vendor/laravel/framework/src/Illuminate/Foundation/Http/Middleware/TrimStrings.php(51): Illuminate\Foundation\Http\Middleware\TransformsRequest-&gt;handle()
#61 /www/wwwroot/jobportal.prus.dev/vendor/laravel/framework/src/Illuminate/Pipeline/Pipeline.php(208): Illuminate\Foundation\Http\Middleware\TrimStrings-&gt;handle()
#62 /www/wwwroot/jobportal.prus.dev/vendor/laravel/framework/src/Illuminate/Http/Middleware/ValidatePostSize.php(27): Illuminate\Pipeline\Pipeline-&gt;Illuminate\Pipeline\{closure}()
#63 /www/wwwroot/jobportal.prus.dev/vendor/laravel/framework/src/Illuminate/Pipeline/Pipeline.php(208): Illuminate\Http\Middleware\ValidatePostSize-&gt;handle()
#64 /www/wwwroot/jobportal.prus.dev/vendor/laravel/framework/src/Illuminate/Foundation/Http/Middleware/PreventRequestsDuringMaintenance.php(109): Illuminate\Pipeline\Pipeline-&gt;Illuminate\Pipeline\{closure}()
#65 /www/wwwroot/jobportal.prus.dev/vendor/laravel/framework/src/Illuminate/Pipeline/Pipeline.php(208): Illuminate\Foundation\Http\Middleware\PreventRequestsDuringMaintenance-&gt;handle()
#66 /www/wwwroot/jobportal.prus.dev/vendor/laravel/framework/src/Illuminate/Http/Middleware/HandleCors.php(48): Illuminate\Pipeline\Pipeline-&gt;Illuminate\Pipeline\{closure}()
#67 /www/wwwroot/jobportal.prus.dev/vendor/laravel/framework/src/Illuminate/Pipeline/Pipeline.php(208): Illuminate\Http\Middleware\HandleCors-&gt;handle()
#68 /www/wwwroot/jobportal.prus.dev/vendor/laravel/framework/src/Illuminate/Http/Middleware/TrustProxies.php(58): Illuminate\Pipeline\Pipeline-&gt;Illuminate\Pipeline\{closure}()
#69 /www/wwwroot/jobportal.prus.dev/vendor/laravel/framework/src/Illuminate/Pipeline/Pipeline.php(208): Illuminate\Http\Middleware\TrustProxies-&gt;handle()
#70 /www/wwwroot/jobportal.prus.dev/vendor/laravel/framework/src/Illuminate/Pipeline/Pipeline.php(126): Illuminate\Pipeline\Pipeline-&gt;Illuminate\Pipeline\{closure}()
#71 /www/wwwroot/jobportal.prus.dev/vendor/laravel/framework/src/Illuminate/Foundation/Http/Kernel.php(175): Illuminate\Pipeline\Pipeline-&gt;then()
#72 /www/wwwroot/jobportal.prus.dev/vendor/laravel/framework/src/Illuminate/Foundation/Http/Kernel.php(144): Illuminate\Foundation\Http\Kernel-&gt;sendRequestThroughRouter()
#73 /www/wwwroot/jobportal.prus.dev/vendor/laravel/framework/src/Illuminate/Foundation/Testing/Concerns/MakesHttpRequests.php(607): Illuminate\Foundation\Http\Kernel-&gt;handle()
#74 /www/wwwroot/jobportal.prus.dev/vendor/laravel/framework/src/Illuminate/Foundation/Testing/Concerns/MakesHttpRequests.php(368): Illuminate\Foundation\Testing\TestCase-&gt;call()
#75 /www/wwwroot/jobportal.prus.dev/tests/Feature/JobPortalWebTest.php(287): Illuminate\Foundation\Testing\TestCase-&gt;get()
#76 /www/wwwroot/jobportal.prus.dev/vendor/phpunit/phpunit/src/Framework/TestCase.php(1656): Tests\Feature\JobPortalWebTest-&gt;test_job_filtering_functionality()
#77 /www/wwwroot/jobportal.prus.dev/vendor/phpunit/phpunit/src/Framework/TestCase.php(514): PHPUnit\Framework\TestCase-&gt;runTest()
#78 /www/wwwroot/jobportal.prus.dev/vendor/phpunit/phpunit/src/Framework/TestRunner/TestRunner.php(87): PHPUnit\Framework\TestCase-&gt;runBare()
#79 /www/wwwroot/jobportal.prus.dev/vendor/phpunit/phpunit/src/Framework/TestCase.php(361): PHPUnit\Framework\TestRunner-&gt;run()
#80 /www/wwwroot/jobportal.prus.dev/vendor/phpunit/phpunit/src/Framework/TestSuite.php(369): PHPUnit\Framework\TestCase-&gt;run()
#81 /www/wwwroot/jobportal.prus.dev/vendor/phpunit/phpunit/src/Framework/TestSuite.php(369): PHPUnit\Framework\TestSuite-&gt;run()
#82 /www/wwwroot/jobportal.prus.dev/vendor/phpunit/phpunit/src/Framework/TestSuite.php(369): PHPUnit\Framework\TestSuite-&gt;run()
#83 /www/wwwroot/jobportal.prus.dev/vendor/phpunit/phpunit/src/TextUI/TestRunner.php(64): PHPUnit\Framework\TestSuite-&gt;run()
#84 /www/wwwroot/jobportal.prus.dev/vendor/phpunit/phpunit/src/TextUI/Application.php(210): PHPUnit\TextUI\TestRunner-&gt;run()
#85 /www/wwwroot/jobportal.prus.dev/vendor/phpunit/phpunit/phpunit(104): PHPUnit\TextUI\Application-&gt;run()
#86 /www/wwwroot/jobportal.prus.dev/vendor/bin/phpunit(122): include('...')
#87 {main}

----------------------------------------------------------------------------------

Unable to locate a class or view for component [jobs.active-filters].

/www/wwwroot/jobportal.prus.dev/vendor/laravel/framework/src/Illuminate/Testing/TestResponseAssert.php:45
/www/wwwroot/jobportal.prus.dev/vendor/laravel/framework/src/Illuminate/Testing/TestResponse.php:174
/www/wwwroot/jobportal.prus.dev/tests/Feature/JobPortalWebTest.php:289</failure>
        </testcase>
        <testcase name="test_company_search_functionality" file="/www/wwwroot/jobportal.prus.dev/tests/Feature/JobPortalWebTest.php" line="303" class="Tests\Feature\JobPortalWebTest" classname="Tests.Feature.JobPortalWebTest" assertions="1" time="1.178208">
          <failure type="PHPUnit\Framework\ExpectationFailedException">Tests\Feature\JobPortalWebTest::test_company_search_functionality
Expected response status code [200] but received 500.
Failed asserting that 500 is identical to 200.

The following exception occurred during the last request:

ErrorException: Undefined variable $companies in /www/wwwroot/jobportal.prus.dev/storage/framework/views/b5cbd9250c937433825b653ab11db8da.php:15
Stack trace:
#0 /www/wwwroot/jobportal.prus.dev/vendor/laravel/framework/src/Illuminate/Foundation/Bootstrap/HandleExceptions.php(256): Illuminate\Foundation\Bootstrap\HandleExceptions-&gt;handleError()
#1 /www/wwwroot/jobportal.prus.dev/storage/framework/views/b5cbd9250c937433825b653ab11db8da.php(15): Illuminate\Foundation\Bootstrap\HandleExceptions-&gt;Illuminate\Foundation\Bootstrap\{closure}()
#2 /www/wwwroot/jobportal.prus.dev/vendor/laravel/framework/src/Illuminate/Filesystem/Filesystem.php(123): require('...')
#3 /www/wwwroot/jobportal.prus.dev/vendor/laravel/framework/src/Illuminate/Filesystem/Filesystem.php(124): Illuminate\Filesystem\Filesystem::Illuminate\Filesystem\{closure}()
#4 /www/wwwroot/jobportal.prus.dev/vendor/laravel/framework/src/Illuminate/View/Engines/PhpEngine.php(57): Illuminate\Filesystem\Filesystem-&gt;getRequire()
#5 /www/wwwroot/jobportal.prus.dev/vendor/livewire/livewire/src/Mechanisms/ExtendBlade/ExtendedCompilerEngine.php(22): Illuminate\View\Engines\PhpEngine-&gt;evaluatePath()
#6 /www/wwwroot/jobportal.prus.dev/vendor/laravel/framework/src/Illuminate/View/Engines/CompilerEngine.php(74): Livewire\Mechanisms\ExtendBlade\ExtendedCompilerEngine-&gt;evaluatePath()
#7 /www/wwwroot/jobportal.prus.dev/vendor/livewire/livewire/src/Mechanisms/ExtendBlade/ExtendedCompilerEngine.php(10): Illuminate\View\Engines\CompilerEngine-&gt;get()
#8 /www/wwwroot/jobportal.prus.dev/vendor/laravel/framework/src/Illuminate/View/View.php(208): Livewire\Mechanisms\ExtendBlade\ExtendedCompilerEngine-&gt;get()
#9 /www/wwwroot/jobportal.prus.dev/vendor/laravel/framework/src/Illuminate/View/View.php(191): Illuminate\View\View-&gt;getContents()
#10 /www/wwwroot/jobportal.prus.dev/vendor/laravel/framework/src/Illuminate/View/View.php(160): Illuminate\View\View-&gt;renderContents()
#11 /www/wwwroot/jobportal.prus.dev/vendor/laravel/framework/src/Illuminate/Http/Response.php(78): Illuminate\View\View-&gt;render()
#12 /www/wwwroot/jobportal.prus.dev/vendor/laravel/framework/src/Illuminate/Http/Response.php(34): Illuminate\Http\Response-&gt;setContent()
#13 /www/wwwroot/jobportal.prus.dev/vendor/laravel/framework/src/Illuminate/Routing/Router.php(924): Illuminate\Http\Response-&gt;__construct()
#14 /www/wwwroot/jobportal.prus.dev/vendor/laravel/framework/src/Illuminate/Routing/Router.php(891): Illuminate\Routing\Router::toResponse()
#15 /www/wwwroot/jobportal.prus.dev/vendor/laravel/framework/src/Illuminate/Routing/Router.php(807): Illuminate\Routing\Router-&gt;prepareResponse()
#16 /www/wwwroot/jobportal.prus.dev/vendor/laravel/framework/src/Illuminate/Pipeline/Pipeline.php(169): Illuminate\Routing\Router-&gt;Illuminate\Routing\{closure}()
#17 /www/wwwroot/jobportal.prus.dev/vendor/barryvdh/laravel-debugbar/src/Middleware/InjectDebugbar.php(59): Illuminate\Pipeline\Pipeline-&gt;Illuminate\Pipeline\{closure}()
#18 /www/wwwroot/jobportal.prus.dev/vendor/laravel/framework/src/Illuminate/Pipeline/Pipeline.php(208): Barryvdh\Debugbar\Middleware\InjectDebugbar-&gt;handle()
#19 /www/wwwroot/jobportal.prus.dev/app/Http/Middleware/LocaleMiddleware.php(54): Illuminate\Pipeline\Pipeline-&gt;Illuminate\Pipeline\{closure}()
#20 /www/wwwroot/jobportal.prus.dev/vendor/laravel/framework/src/Illuminate/Pipeline/Pipeline.php(208): App\Http\Middleware\LocaleMiddleware-&gt;handle()
#21 /www/wwwroot/jobportal.prus.dev/app/Http/Middleware/SetLocale.php(38): Illuminate\Pipeline\Pipeline-&gt;Illuminate\Pipeline\{closure}()
#22 /www/wwwroot/jobportal.prus.dev/vendor/laravel/framework/src/Illuminate/Pipeline/Pipeline.php(208): App\Http\Middleware\SetLocale-&gt;handle()
#23 /www/wwwroot/jobportal.prus.dev/app/Http/Middleware/LanguageMiddleware.php(47): Illuminate\Pipeline\Pipeline-&gt;Illuminate\Pipeline\{closure}()
#24 /www/wwwroot/jobportal.prus.dev/vendor/laravel/framework/src/Illuminate/Pipeline/Pipeline.php(208): App\Http\Middleware\LanguageMiddleware-&gt;handle()
#25 /www/wwwroot/jobportal.prus.dev/vendor/laravel/framework/src/Illuminate/Routing/Middleware/SubstituteBindings.php(50): Illuminate\Pipeline\Pipeline-&gt;Illuminate\Pipeline\{closure}()
#26 /www/wwwroot/jobportal.prus.dev/vendor/laravel/framework/src/Illuminate/Pipeline/Pipeline.php(208): Illuminate\Routing\Middleware\SubstituteBindings-&gt;handle()
#27 /www/wwwroot/jobportal.prus.dev/vendor/laravel/framework/src/Illuminate/Foundation/Http/Middleware/VerifyCsrfToken.php(87): Illuminate\Pipeline\Pipeline-&gt;Illuminate\Pipeline\{closure}()
#28 /www/wwwroot/jobportal.prus.dev/vendor/laravel/framework/src/Illuminate/Pipeline/Pipeline.php(208): Illuminate\Foundation\Http\Middleware\VerifyCsrfToken-&gt;handle()
#29 /www/wwwroot/jobportal.prus.dev/vendor/laravel/framework/src/Illuminate/View/Middleware/ShareErrorsFromSession.php(48): Illuminate\Pipeline\Pipeline-&gt;Illuminate\Pipeline\{closure}()
#30 /www/wwwroot/jobportal.prus.dev/vendor/laravel/framework/src/Illuminate/Pipeline/Pipeline.php(208): Illuminate\View\Middleware\ShareErrorsFromSession-&gt;handle()
#31 /www/wwwroot/jobportal.prus.dev/vendor/laravel/framework/src/Illuminate/Session/Middleware/StartSession.php(120): Illuminate\Pipeline\Pipeline-&gt;Illuminate\Pipeline\{closure}()
#32 /www/wwwroot/jobportal.prus.dev/vendor/laravel/framework/src/Illuminate/Session/Middleware/StartSession.php(63): Illuminate\Session\Middleware\StartSession-&gt;handleStatefulRequest()
#33 /www/wwwroot/jobportal.prus.dev/vendor/laravel/framework/src/Illuminate/Pipeline/Pipeline.php(208): Illuminate\Session\Middleware\StartSession-&gt;handle()
#34 /www/wwwroot/jobportal.prus.dev/vendor/laravel/framework/src/Illuminate/Cookie/Middleware/AddQueuedCookiesToResponse.php(36): Illuminate\Pipeline\Pipeline-&gt;Illuminate\Pipeline\{closure}()
#35 /www/wwwroot/jobportal.prus.dev/vendor/laravel/framework/src/Illuminate/Pipeline/Pipeline.php(208): Illuminate\Cookie\Middleware\AddQueuedCookiesToResponse-&gt;handle()
#36 /www/wwwroot/jobportal.prus.dev/vendor/laravel/framework/src/Illuminate/Cookie/Middleware/EncryptCookies.php(74): Illuminate\Pipeline\Pipeline-&gt;Illuminate\Pipeline\{closure}()
#37 /www/wwwroot/jobportal.prus.dev/vendor/laravel/framework/src/Illuminate/Pipeline/Pipeline.php(208): Illuminate\Cookie\Middleware\EncryptCookies-&gt;handle()
#38 /www/wwwroot/jobportal.prus.dev/vendor/laravel/framework/src/Illuminate/Pipeline/Pipeline.php(126): Illuminate\Pipeline\Pipeline-&gt;Illuminate\Pipeline\{closure}()
#39 /www/wwwroot/jobportal.prus.dev/vendor/laravel/framework/src/Illuminate/Routing/Router.php(807): Illuminate\Pipeline\Pipeline-&gt;then()
#40 /www/wwwroot/jobportal.prus.dev/vendor/laravel/framework/src/Illuminate/Routing/Router.php(786): Illuminate\Routing\Router-&gt;runRouteWithinStack()
#41 /www/wwwroot/jobportal.prus.dev/vendor/laravel/framework/src/Illuminate/Routing/Router.php(750): Illuminate\Routing\Router-&gt;runRoute()
#42 /www/wwwroot/jobportal.prus.dev/vendor/laravel/framework/src/Illuminate/Routing/Router.php(739): Illuminate\Routing\Router-&gt;dispatchToRoute()
#43 /www/wwwroot/jobportal.prus.dev/vendor/laravel/framework/src/Illuminate/Foundation/Http/Kernel.php(200): Illuminate\Routing\Router-&gt;dispatch()
#44 /www/wwwroot/jobportal.prus.dev/vendor/laravel/framework/src/Illuminate/Pipeline/Pipeline.php(169): Illuminate\Foundation\Http\Kernel-&gt;Illuminate\Foundation\Http\{closure}()
#45 /www/wwwroot/jobportal.prus.dev/vendor/livewire/livewire/src/Features/SupportDisablingBackButtonCache/DisableBackButtonCacheMiddleware.php(19): Illuminate\Pipeline\Pipeline-&gt;Illuminate\Pipeline\{closure}()
#46 /www/wwwroot/jobportal.prus.dev/vendor/laravel/framework/src/Illuminate/Pipeline/Pipeline.php(208): Livewire\Features\SupportDisablingBackButtonCache\DisableBackButtonCacheMiddleware-&gt;handle()
#47 /www/wwwroot/jobportal.prus.dev/vendor/barryvdh/laravel-debugbar/src/Middleware/InjectDebugbar.php(59): Illuminate\Pipeline\Pipeline-&gt;Illuminate\Pipeline\{closure}()
#48 /www/wwwroot/jobportal.prus.dev/vendor/laravel/framework/src/Illuminate/Pipeline/Pipeline.php(208): Barryvdh\Debugbar\Middleware\InjectDebugbar-&gt;handle()
#49 /www/wwwroot/jobportal.prus.dev/vendor/spatie/laravel-csp/src/AddCspHeaders.php(17): Illuminate\Pipeline\Pipeline-&gt;Illuminate\Pipeline\{closure}()
#50 /www/wwwroot/jobportal.prus.dev/vendor/laravel/framework/src/Illuminate/Pipeline/Pipeline.php(208): Spatie\Csp\AddCspHeaders-&gt;handle()
#51 /www/wwwroot/jobportal.prus.dev/app/Http/Middleware/SecurityHeaders.php(11): Illuminate\Pipeline\Pipeline-&gt;Illuminate\Pipeline\{closure}()
#52 /www/wwwroot/jobportal.prus.dev/vendor/laravel/framework/src/Illuminate/Pipeline/Pipeline.php(208): App\Http\Middleware\SecurityHeaders-&gt;handle()
#53 /www/wwwroot/jobportal.prus.dev/vendor/laravel/framework/src/Illuminate/Foundation/Http/Middleware/TransformsRequest.php(21): Illuminate\Pipeline\Pipeline-&gt;Illuminate\Pipeline\{closure}()
#54 /www/wwwroot/jobportal.prus.dev/vendor/laravel/framework/src/Illuminate/Foundation/Http/Middleware/ConvertEmptyStringsToNull.php(31): Illuminate\Foundation\Http\Middleware\TransformsRequest-&gt;handle()
#55 /www/wwwroot/jobportal.prus.dev/vendor/laravel/framework/src/Illuminate/Pipeline/Pipeline.php(208): Illuminate\Foundation\Http\Middleware\ConvertEmptyStringsToNull-&gt;handle()
#56 /www/wwwroot/jobportal.prus.dev/vendor/laravel/framework/src/Illuminate/Foundation/Http/Middleware/TransformsRequest.php(21): Illuminate\Pipeline\Pipeline-&gt;Illuminate\Pipeline\{closure}()
#57 /www/wwwroot/jobportal.prus.dev/vendor/laravel/framework/src/Illuminate/Foundation/Http/Middleware/TrimStrings.php(51): Illuminate\Foundation\Http\Middleware\TransformsRequest-&gt;handle()
#58 /www/wwwroot/jobportal.prus.dev/vendor/laravel/framework/src/Illuminate/Pipeline/Pipeline.php(208): Illuminate\Foundation\Http\Middleware\TrimStrings-&gt;handle()
#59 /www/wwwroot/jobportal.prus.dev/vendor/laravel/framework/src/Illuminate/Http/Middleware/ValidatePostSize.php(27): Illuminate\Pipeline\Pipeline-&gt;Illuminate\Pipeline\{closure}()
#60 /www/wwwroot/jobportal.prus.dev/vendor/laravel/framework/src/Illuminate/Pipeline/Pipeline.php(208): Illuminate\Http\Middleware\ValidatePostSize-&gt;handle()
#61 /www/wwwroot/jobportal.prus.dev/vendor/laravel/framework/src/Illuminate/Foundation/Http/Middleware/PreventRequestsDuringMaintenance.php(109): Illuminate\Pipeline\Pipeline-&gt;Illuminate\Pipeline\{closure}()
#62 /www/wwwroot/jobportal.prus.dev/vendor/laravel/framework/src/Illuminate/Pipeline/Pipeline.php(208): Illuminate\Foundation\Http\Middleware\PreventRequestsDuringMaintenance-&gt;handle()
#63 /www/wwwroot/jobportal.prus.dev/vendor/laravel/framework/src/Illuminate/Http/Middleware/HandleCors.php(48): Illuminate\Pipeline\Pipeline-&gt;Illuminate\Pipeline\{closure}()
#64 /www/wwwroot/jobportal.prus.dev/vendor/laravel/framework/src/Illuminate/Pipeline/Pipeline.php(208): Illuminate\Http\Middleware\HandleCors-&gt;handle()
#65 /www/wwwroot/jobportal.prus.dev/vendor/laravel/framework/src/Illuminate/Http/Middleware/TrustProxies.php(58): Illuminate\Pipeline\Pipeline-&gt;Illuminate\Pipeline\{closure}()
#66 /www/wwwroot/jobportal.prus.dev/vendor/laravel/framework/src/Illuminate/Pipeline/Pipeline.php(208): Illuminate\Http\Middleware\TrustProxies-&gt;handle()
#67 /www/wwwroot/jobportal.prus.dev/vendor/laravel/framework/src/Illuminate/Pipeline/Pipeline.php(126): Illuminate\Pipeline\Pipeline-&gt;Illuminate\Pipeline\{closure}()
#68 /www/wwwroot/jobportal.prus.dev/vendor/laravel/framework/src/Illuminate/Foundation/Http/Kernel.php(175): Illuminate\Pipeline\Pipeline-&gt;then()
#69 /www/wwwroot/jobportal.prus.dev/vendor/laravel/framework/src/Illuminate/Foundation/Http/Kernel.php(144): Illuminate\Foundation\Http\Kernel-&gt;sendRequestThroughRouter()
#70 /www/wwwroot/jobportal.prus.dev/vendor/laravel/framework/src/Illuminate/Foundation/Testing/Concerns/MakesHttpRequests.php(607): Illuminate\Foundation\Http\Kernel-&gt;handle()
#71 /www/wwwroot/jobportal.prus.dev/vendor/laravel/framework/src/Illuminate/Foundation/Testing/Concerns/MakesHttpRequests.php(368): Illuminate\Foundation\Testing\TestCase-&gt;call()
#72 /www/wwwroot/jobportal.prus.dev/tests/Feature/JobPortalWebTest.php(305): Illuminate\Foundation\Testing\TestCase-&gt;get()
#73 /www/wwwroot/jobportal.prus.dev/vendor/phpunit/phpunit/src/Framework/TestCase.php(1656): Tests\Feature\JobPortalWebTest-&gt;test_company_search_functionality()
#74 /www/wwwroot/jobportal.prus.dev/vendor/phpunit/phpunit/src/Framework/TestCase.php(514): PHPUnit\Framework\TestCase-&gt;runTest()
#75 /www/wwwroot/jobportal.prus.dev/vendor/phpunit/phpunit/src/Framework/TestRunner/TestRunner.php(87): PHPUnit\Framework\TestCase-&gt;runBare()
#76 /www/wwwroot/jobportal.prus.dev/vendor/phpunit/phpunit/src/Framework/TestCase.php(361): PHPUnit\Framework\TestRunner-&gt;run()
#77 /www/wwwroot/jobportal.prus.dev/vendor/phpunit/phpunit/src/Framework/TestSuite.php(369): PHPUnit\Framework\TestCase-&gt;run()
#78 /www/wwwroot/jobportal.prus.dev/vendor/phpunit/phpunit/src/Framework/TestSuite.php(369): PHPUnit\Framework\TestSuite-&gt;run()
#79 /www/wwwroot/jobportal.prus.dev/vendor/phpunit/phpunit/src/Framework/TestSuite.php(369): PHPUnit\Framework\TestSuite-&gt;run()
#80 /www/wwwroot/jobportal.prus.dev/vendor/phpunit/phpunit/src/TextUI/TestRunner.php(64): PHPUnit\Framework\TestSuite-&gt;run()
#81 /www/wwwroot/jobportal.prus.dev/vendor/phpunit/phpunit/src/TextUI/Application.php(210): PHPUnit\TextUI\TestRunner-&gt;run()
#82 /www/wwwroot/jobportal.prus.dev/vendor/phpunit/phpunit/phpunit(104): PHPUnit\TextUI\Application-&gt;run()
#83 /www/wwwroot/jobportal.prus.dev/vendor/bin/phpunit(122): include('...')
#84 {main}

Next Spatie\LaravelIgnition\Exceptions\ViewException: Undefined variable $companies in /www/wwwroot/jobportal.prus.dev/resources/views/companies/index.blade.php:16
Stack trace:
#0 /www/wwwroot/jobportal.prus.dev/vendor/laravel/framework/src/Illuminate/Filesystem/Filesystem.php(123): require('...')
#1 /www/wwwroot/jobportal.prus.dev/vendor/laravel/framework/src/Illuminate/Filesystem/Filesystem.php(124): Illuminate\Filesystem\Filesystem::Illuminate\Filesystem\{closure}()
#2 /www/wwwroot/jobportal.prus.dev/vendor/laravel/framework/src/Illuminate/View/Engines/PhpEngine.php(57): Illuminate\Filesystem\Filesystem-&gt;getRequire()
#3 /www/wwwroot/jobportal.prus.dev/vendor/livewire/livewire/src/Mechanisms/ExtendBlade/ExtendedCompilerEngine.php(22): Illuminate\View\Engines\PhpEngine-&gt;evaluatePath()
#4 /www/wwwroot/jobportal.prus.dev/vendor/laravel/framework/src/Illuminate/View/Engines/CompilerEngine.php(74): Livewire\Mechanisms\ExtendBlade\ExtendedCompilerEngine-&gt;evaluatePath()
#5 /www/wwwroot/jobportal.prus.dev/vendor/livewire/livewire/src/Mechanisms/ExtendBlade/ExtendedCompilerEngine.php(10): Illuminate\View\Engines\CompilerEngine-&gt;get()
#6 /www/wwwroot/jobportal.prus.dev/vendor/laravel/framework/src/Illuminate/View/View.php(208): Livewire\Mechanisms\ExtendBlade\ExtendedCompilerEngine-&gt;get()
#7 /www/wwwroot/jobportal.prus.dev/vendor/laravel/framework/src/Illuminate/View/View.php(191): Illuminate\View\View-&gt;getContents()
#8 /www/wwwroot/jobportal.prus.dev/vendor/laravel/framework/src/Illuminate/View/View.php(160): Illuminate\View\View-&gt;renderContents()
#9 /www/wwwroot/jobportal.prus.dev/vendor/laravel/framework/src/Illuminate/Http/Response.php(78): Illuminate\View\View-&gt;render()
#10 /www/wwwroot/jobportal.prus.dev/vendor/laravel/framework/src/Illuminate/Http/Response.php(34): Illuminate\Http\Response-&gt;setContent()
#11 /www/wwwroot/jobportal.prus.dev/vendor/laravel/framework/src/Illuminate/Routing/Router.php(924): Illuminate\Http\Response-&gt;__construct()
#12 /www/wwwroot/jobportal.prus.dev/vendor/laravel/framework/src/Illuminate/Routing/Router.php(891): Illuminate\Routing\Router::toResponse()
#13 /www/wwwroot/jobportal.prus.dev/vendor/laravel/framework/src/Illuminate/Routing/Router.php(807): Illuminate\Routing\Router-&gt;prepareResponse()
#14 /www/wwwroot/jobportal.prus.dev/vendor/laravel/framework/src/Illuminate/Pipeline/Pipeline.php(169): Illuminate\Routing\Router-&gt;Illuminate\Routing\{closure}()
#15 /www/wwwroot/jobportal.prus.dev/vendor/barryvdh/laravel-debugbar/src/Middleware/InjectDebugbar.php(59): Illuminate\Pipeline\Pipeline-&gt;Illuminate\Pipeline\{closure}()
#16 /www/wwwroot/jobportal.prus.dev/vendor/laravel/framework/src/Illuminate/Pipeline/Pipeline.php(208): Barryvdh\Debugbar\Middleware\InjectDebugbar-&gt;handle()
#17 /www/wwwroot/jobportal.prus.dev/app/Http/Middleware/LocaleMiddleware.php(54): Illuminate\Pipeline\Pipeline-&gt;Illuminate\Pipeline\{closure}()
#18 /www/wwwroot/jobportal.prus.dev/vendor/laravel/framework/src/Illuminate/Pipeline/Pipeline.php(208): App\Http\Middleware\LocaleMiddleware-&gt;handle()
#19 /www/wwwroot/jobportal.prus.dev/app/Http/Middleware/SetLocale.php(38): Illuminate\Pipeline\Pipeline-&gt;Illuminate\Pipeline\{closure}()
#20 /www/wwwroot/jobportal.prus.dev/vendor/laravel/framework/src/Illuminate/Pipeline/Pipeline.php(208): App\Http\Middleware\SetLocale-&gt;handle()
#21 /www/wwwroot/jobportal.prus.dev/app/Http/Middleware/LanguageMiddleware.php(47): Illuminate\Pipeline\Pipeline-&gt;Illuminate\Pipeline\{closure}()
#22 /www/wwwroot/jobportal.prus.dev/vendor/laravel/framework/src/Illuminate/Pipeline/Pipeline.php(208): App\Http\Middleware\LanguageMiddleware-&gt;handle()
#23 /www/wwwroot/jobportal.prus.dev/vendor/laravel/framework/src/Illuminate/Routing/Middleware/SubstituteBindings.php(50): Illuminate\Pipeline\Pipeline-&gt;Illuminate\Pipeline\{closure}()
#24 /www/wwwroot/jobportal.prus.dev/vendor/laravel/framework/src/Illuminate/Pipeline/Pipeline.php(208): Illuminate\Routing\Middleware\SubstituteBindings-&gt;handle()
#25 /www/wwwroot/jobportal.prus.dev/vendor/laravel/framework/src/Illuminate/Foundation/Http/Middleware/VerifyCsrfToken.php(87): Illuminate\Pipeline\Pipeline-&gt;Illuminate\Pipeline\{closure}()
#26 /www/wwwroot/jobportal.prus.dev/vendor/laravel/framework/src/Illuminate/Pipeline/Pipeline.php(208): Illuminate\Foundation\Http\Middleware\VerifyCsrfToken-&gt;handle()
#27 /www/wwwroot/jobportal.prus.dev/vendor/laravel/framework/src/Illuminate/View/Middleware/ShareErrorsFromSession.php(48): Illuminate\Pipeline\Pipeline-&gt;Illuminate\Pipeline\{closure}()
#28 /www/wwwroot/jobportal.prus.dev/vendor/laravel/framework/src/Illuminate/Pipeline/Pipeline.php(208): Illuminate\View\Middleware\ShareErrorsFromSession-&gt;handle()
#29 /www/wwwroot/jobportal.prus.dev/vendor/laravel/framework/src/Illuminate/Session/Middleware/StartSession.php(120): Illuminate\Pipeline\Pipeline-&gt;Illuminate\Pipeline\{closure}()
#30 /www/wwwroot/jobportal.prus.dev/vendor/laravel/framework/src/Illuminate/Session/Middleware/StartSession.php(63): Illuminate\Session\Middleware\StartSession-&gt;handleStatefulRequest()
#31 /www/wwwroot/jobportal.prus.dev/vendor/laravel/framework/src/Illuminate/Pipeline/Pipeline.php(208): Illuminate\Session\Middleware\StartSession-&gt;handle()
#32 /www/wwwroot/jobportal.prus.dev/vendor/laravel/framework/src/Illuminate/Cookie/Middleware/AddQueuedCookiesToResponse.php(36): Illuminate\Pipeline\Pipeline-&gt;Illuminate\Pipeline\{closure}()
#33 /www/wwwroot/jobportal.prus.dev/vendor/laravel/framework/src/Illuminate/Pipeline/Pipeline.php(208): Illuminate\Cookie\Middleware\AddQueuedCookiesToResponse-&gt;handle()
#34 /www/wwwroot/jobportal.prus.dev/vendor/laravel/framework/src/Illuminate/Cookie/Middleware/EncryptCookies.php(74): Illuminate\Pipeline\Pipeline-&gt;Illuminate\Pipeline\{closure}()
#35 /www/wwwroot/jobportal.prus.dev/vendor/laravel/framework/src/Illuminate/Pipeline/Pipeline.php(208): Illuminate\Cookie\Middleware\EncryptCookies-&gt;handle()
#36 /www/wwwroot/jobportal.prus.dev/vendor/laravel/framework/src/Illuminate/Pipeline/Pipeline.php(126): Illuminate\Pipeline\Pipeline-&gt;Illuminate\Pipeline\{closure}()
#37 /www/wwwroot/jobportal.prus.dev/vendor/laravel/framework/src/Illuminate/Routing/Router.php(807): Illuminate\Pipeline\Pipeline-&gt;then()
#38 /www/wwwroot/jobportal.prus.dev/vendor/laravel/framework/src/Illuminate/Routing/Router.php(786): Illuminate\Routing\Router-&gt;runRouteWithinStack()
#39 /www/wwwroot/jobportal.prus.dev/vendor/laravel/framework/src/Illuminate/Routing/Router.php(750): Illuminate\Routing\Router-&gt;runRoute()
#40 /www/wwwroot/jobportal.prus.dev/vendor/laravel/framework/src/Illuminate/Routing/Router.php(739): Illuminate\Routing\Router-&gt;dispatchToRoute()
#41 /www/wwwroot/jobportal.prus.dev/vendor/laravel/framework/src/Illuminate/Foundation/Http/Kernel.php(200): Illuminate\Routing\Router-&gt;dispatch()
#42 /www/wwwroot/jobportal.prus.dev/vendor/laravel/framework/src/Illuminate/Pipeline/Pipeline.php(169): Illuminate\Foundation\Http\Kernel-&gt;Illuminate\Foundation\Http\{closure}()
#43 /www/wwwroot/jobportal.prus.dev/vendor/livewire/livewire/src/Features/SupportDisablingBackButtonCache/DisableBackButtonCacheMiddleware.php(19): Illuminate\Pipeline\Pipeline-&gt;Illuminate\Pipeline\{closure}()
#44 /www/wwwroot/jobportal.prus.dev/vendor/laravel/framework/src/Illuminate/Pipeline/Pipeline.php(208): Livewire\Features\SupportDisablingBackButtonCache\DisableBackButtonCacheMiddleware-&gt;handle()
#45 /www/wwwroot/jobportal.prus.dev/vendor/barryvdh/laravel-debugbar/src/Middleware/InjectDebugbar.php(59): Illuminate\Pipeline\Pipeline-&gt;Illuminate\Pipeline\{closure}()
#46 /www/wwwroot/jobportal.prus.dev/vendor/laravel/framework/src/Illuminate/Pipeline/Pipeline.php(208): Barryvdh\Debugbar\Middleware\InjectDebugbar-&gt;handle()
#47 /www/wwwroot/jobportal.prus.dev/vendor/spatie/laravel-csp/src/AddCspHeaders.php(17): Illuminate\Pipeline\Pipeline-&gt;Illuminate\Pipeline\{closure}()
#48 /www/wwwroot/jobportal.prus.dev/vendor/laravel/framework/src/Illuminate/Pipeline/Pipeline.php(208): Spatie\Csp\AddCspHeaders-&gt;handle()
#49 /www/wwwroot/jobportal.prus.dev/app/Http/Middleware/SecurityHeaders.php(11): Illuminate\Pipeline\Pipeline-&gt;Illuminate\Pipeline\{closure}()
#50 /www/wwwroot/jobportal.prus.dev/vendor/laravel/framework/src/Illuminate/Pipeline/Pipeline.php(208): App\Http\Middleware\SecurityHeaders-&gt;handle()
#51 /www/wwwroot/jobportal.prus.dev/vendor/laravel/framework/src/Illuminate/Foundation/Http/Middleware/TransformsRequest.php(21): Illuminate\Pipeline\Pipeline-&gt;Illuminate\Pipeline\{closure}()
#52 /www/wwwroot/jobportal.prus.dev/vendor/laravel/framework/src/Illuminate/Foundation/Http/Middleware/ConvertEmptyStringsToNull.php(31): Illuminate\Foundation\Http\Middleware\TransformsRequest-&gt;handle()
#53 /www/wwwroot/jobportal.prus.dev/vendor/laravel/framework/src/Illuminate/Pipeline/Pipeline.php(208): Illuminate\Foundation\Http\Middleware\ConvertEmptyStringsToNull-&gt;handle()
#54 /www/wwwroot/jobportal.prus.dev/vendor/laravel/framework/src/Illuminate/Foundation/Http/Middleware/TransformsRequest.php(21): Illuminate\Pipeline\Pipeline-&gt;Illuminate\Pipeline\{closure}()
#55 /www/wwwroot/jobportal.prus.dev/vendor/laravel/framework/src/Illuminate/Foundation/Http/Middleware/TrimStrings.php(51): Illuminate\Foundation\Http\Middleware\TransformsRequest-&gt;handle()
#56 /www/wwwroot/jobportal.prus.dev/vendor/laravel/framework/src/Illuminate/Pipeline/Pipeline.php(208): Illuminate\Foundation\Http\Middleware\TrimStrings-&gt;handle()
#57 /www/wwwroot/jobportal.prus.dev/vendor/laravel/framework/src/Illuminate/Http/Middleware/ValidatePostSize.php(27): Illuminate\Pipeline\Pipeline-&gt;Illuminate\Pipeline\{closure}()
#58 /www/wwwroot/jobportal.prus.dev/vendor/laravel/framework/src/Illuminate/Pipeline/Pipeline.php(208): Illuminate\Http\Middleware\ValidatePostSize-&gt;handle()
#59 /www/wwwroot/jobportal.prus.dev/vendor/laravel/framework/src/Illuminate/Foundation/Http/Middleware/PreventRequestsDuringMaintenance.php(109): Illuminate\Pipeline\Pipeline-&gt;Illuminate\Pipeline\{closure}()
#60 /www/wwwroot/jobportal.prus.dev/vendor/laravel/framework/src/Illuminate/Pipeline/Pipeline.php(208): Illuminate\Foundation\Http\Middleware\PreventRequestsDuringMaintenance-&gt;handle()
#61 /www/wwwroot/jobportal.prus.dev/vendor/laravel/framework/src/Illuminate/Http/Middleware/HandleCors.php(48): Illuminate\Pipeline\Pipeline-&gt;Illuminate\Pipeline\{closure}()
#62 /www/wwwroot/jobportal.prus.dev/vendor/laravel/framework/src/Illuminate/Pipeline/Pipeline.php(208): Illuminate\Http\Middleware\HandleCors-&gt;handle()
#63 /www/wwwroot/jobportal.prus.dev/vendor/laravel/framework/src/Illuminate/Http/Middleware/TrustProxies.php(58): Illuminate\Pipeline\Pipeline-&gt;Illuminate\Pipeline\{closure}()
#64 /www/wwwroot/jobportal.prus.dev/vendor/laravel/framework/src/Illuminate/Pipeline/Pipeline.php(208): Illuminate\Http\Middleware\TrustProxies-&gt;handle()
#65 /www/wwwroot/jobportal.prus.dev/vendor/laravel/framework/src/Illuminate/Pipeline/Pipeline.php(126): Illuminate\Pipeline\Pipeline-&gt;Illuminate\Pipeline\{closure}()
#66 /www/wwwroot/jobportal.prus.dev/vendor/laravel/framework/src/Illuminate/Foundation/Http/Kernel.php(175): Illuminate\Pipeline\Pipeline-&gt;then()
#67 /www/wwwroot/jobportal.prus.dev/vendor/laravel/framework/src/Illuminate/Foundation/Http/Kernel.php(144): Illuminate\Foundation\Http\Kernel-&gt;sendRequestThroughRouter()
#68 /www/wwwroot/jobportal.prus.dev/vendor/laravel/framework/src/Illuminate/Foundation/Testing/Concerns/MakesHttpRequests.php(607): Illuminate\Foundation\Http\Kernel-&gt;handle()
#69 /www/wwwroot/jobportal.prus.dev/vendor/laravel/framework/src/Illuminate/Foundation/Testing/Concerns/MakesHttpRequests.php(368): Illuminate\Foundation\Testing\TestCase-&gt;call()
#70 /www/wwwroot/jobportal.prus.dev/tests/Feature/JobPortalWebTest.php(305): Illuminate\Foundation\Testing\TestCase-&gt;get()
#71 /www/wwwroot/jobportal.prus.dev/vendor/phpunit/phpunit/src/Framework/TestCase.php(1656): Tests\Feature\JobPortalWebTest-&gt;test_company_search_functionality()
#72 /www/wwwroot/jobportal.prus.dev/vendor/phpunit/phpunit/src/Framework/TestCase.php(514): PHPUnit\Framework\TestCase-&gt;runTest()
#73 /www/wwwroot/jobportal.prus.dev/vendor/phpunit/phpunit/src/Framework/TestRunner/TestRunner.php(87): PHPUnit\Framework\TestCase-&gt;runBare()
#74 /www/wwwroot/jobportal.prus.dev/vendor/phpunit/phpunit/src/Framework/TestCase.php(361): PHPUnit\Framework\TestRunner-&gt;run()
#75 /www/wwwroot/jobportal.prus.dev/vendor/phpunit/phpunit/src/Framework/TestSuite.php(369): PHPUnit\Framework\TestCase-&gt;run()
#76 /www/wwwroot/jobportal.prus.dev/vendor/phpunit/phpunit/src/Framework/TestSuite.php(369): PHPUnit\Framework\TestSuite-&gt;run()
#77 /www/wwwroot/jobportal.prus.dev/vendor/phpunit/phpunit/src/Framework/TestSuite.php(369): PHPUnit\Framework\TestSuite-&gt;run()
#78 /www/wwwroot/jobportal.prus.dev/vendor/phpunit/phpunit/src/TextUI/TestRunner.php(64): PHPUnit\Framework\TestSuite-&gt;run()
#79 /www/wwwroot/jobportal.prus.dev/vendor/phpunit/phpunit/src/TextUI/Application.php(210): PHPUnit\TextUI\TestRunner-&gt;run()
#80 /www/wwwroot/jobportal.prus.dev/vendor/phpunit/phpunit/phpunit(104): PHPUnit\TextUI\Application-&gt;run()
#81 /www/wwwroot/jobportal.prus.dev/vendor/bin/phpunit(122): include('...')
#82 {main}

----------------------------------------------------------------------------------

Undefined variable $companies

/www/wwwroot/jobportal.prus.dev/vendor/laravel/framework/src/Illuminate/Testing/TestResponseAssert.php:45
/www/wwwroot/jobportal.prus.dev/vendor/laravel/framework/src/Illuminate/Testing/TestResponse.php:174
/www/wwwroot/jobportal.prus.dev/tests/Feature/JobPortalWebTest.php:307</failure>
        </testcase>
        <testcase name="test_social_media_elements" file="/www/wwwroot/jobportal.prus.dev/tests/Feature/JobPortalWebTest.php" line="314" class="Tests\Feature\JobPortalWebTest" classname="Tests.Feature.JobPortalWebTest" assertions="1" time="1.001500">
          <failure type="PHPUnit\Framework\ExpectationFailedException">Tests\Feature\JobPortalWebTest::test_social_media_elements
Expected response status code [200] but received 500.
Failed asserting that 500 is identical to 200.

The following exception occurred during the last request:

InvalidArgumentException: Unable to locate a class or view for component [jobs.application-modal]. in /www/wwwroot/jobportal.prus.dev/vendor/laravel/framework/src/Illuminate/View/Compilers/ComponentTagCompiler.php:315
Stack trace:
#0 /www/wwwroot/jobportal.prus.dev/vendor/laravel/framework/src/Illuminate/View/Compilers/ComponentTagCompiler.php(235): Illuminate\View\Compilers\ComponentTagCompiler-&gt;componentClass()
#1 /www/wwwroot/jobportal.prus.dev/vendor/laravel/framework/src/Illuminate/View/Compilers/ComponentTagCompiler.php(220): Illuminate\View\Compilers\ComponentTagCompiler-&gt;componentString()
#2 [internal function]: Illuminate\View\Compilers\ComponentTagCompiler-&gt;Illuminate\View\Compilers\{closure}()
#3 /www/wwwroot/jobportal.prus.dev/vendor/laravel/framework/src/Illuminate/View/Compilers/ComponentTagCompiler.php(215): preg_replace_callback()
#4 /www/wwwroot/jobportal.prus.dev/vendor/laravel/framework/src/Illuminate/View/Compilers/ComponentTagCompiler.php(89): Illuminate\View\Compilers\ComponentTagCompiler-&gt;compileSelfClosingTags()
#5 /www/wwwroot/jobportal.prus.dev/vendor/laravel/framework/src/Illuminate/View/Compilers/ComponentTagCompiler.php(76): Illuminate\View\Compilers\ComponentTagCompiler-&gt;compileTags()
#6 /www/wwwroot/jobportal.prus.dev/vendor/laravel/framework/src/Illuminate/View/Compilers/BladeCompiler.php(454): Illuminate\View\Compilers\ComponentTagCompiler-&gt;compile()
#7 /www/wwwroot/jobportal.prus.dev/vendor/laravel/framework/src/Illuminate/View/Compilers/BladeCompiler.php(286): Illuminate\View\Compilers\BladeCompiler-&gt;compileComponentTags()
#8 /www/wwwroot/jobportal.prus.dev/vendor/laravel/framework/src/Illuminate/View/Compilers/BladeCompiler.php(186): Illuminate\View\Compilers\BladeCompiler-&gt;compileString()
#9 /www/wwwroot/jobportal.prus.dev/vendor/laravel/framework/src/Illuminate/View/Engines/CompilerEngine.php(66): Illuminate\View\Compilers\BladeCompiler-&gt;compile()
#10 /www/wwwroot/jobportal.prus.dev/vendor/livewire/livewire/src/Mechanisms/ExtendBlade/ExtendedCompilerEngine.php(10): Illuminate\View\Engines\CompilerEngine-&gt;get()
#11 /www/wwwroot/jobportal.prus.dev/vendor/laravel/framework/src/Illuminate/View/View.php(208): Livewire\Mechanisms\ExtendBlade\ExtendedCompilerEngine-&gt;get()
#12 /www/wwwroot/jobportal.prus.dev/vendor/laravel/framework/src/Illuminate/View/View.php(191): Illuminate\View\View-&gt;getContents()
#13 /www/wwwroot/jobportal.prus.dev/vendor/laravel/framework/src/Illuminate/View/View.php(160): Illuminate\View\View-&gt;renderContents()
#14 /www/wwwroot/jobportal.prus.dev/vendor/laravel/framework/src/Illuminate/Http/Response.php(78): Illuminate\View\View-&gt;render()
#15 /www/wwwroot/jobportal.prus.dev/vendor/laravel/framework/src/Illuminate/Http/Response.php(34): Illuminate\Http\Response-&gt;setContent()
#16 /www/wwwroot/jobportal.prus.dev/vendor/laravel/framework/src/Illuminate/Routing/Router.php(924): Illuminate\Http\Response-&gt;__construct()
#17 /www/wwwroot/jobportal.prus.dev/vendor/laravel/framework/src/Illuminate/Routing/Router.php(891): Illuminate\Routing\Router::toResponse()
#18 /www/wwwroot/jobportal.prus.dev/vendor/laravel/framework/src/Illuminate/Routing/Router.php(807): Illuminate\Routing\Router-&gt;prepareResponse()
#19 /www/wwwroot/jobportal.prus.dev/vendor/laravel/framework/src/Illuminate/Pipeline/Pipeline.php(169): Illuminate\Routing\Router-&gt;Illuminate\Routing\{closure}()
#20 /www/wwwroot/jobportal.prus.dev/vendor/barryvdh/laravel-debugbar/src/Middleware/InjectDebugbar.php(59): Illuminate\Pipeline\Pipeline-&gt;Illuminate\Pipeline\{closure}()
#21 /www/wwwroot/jobportal.prus.dev/vendor/laravel/framework/src/Illuminate/Pipeline/Pipeline.php(208): Barryvdh\Debugbar\Middleware\InjectDebugbar-&gt;handle()
#22 /www/wwwroot/jobportal.prus.dev/app/Http/Middleware/LocaleMiddleware.php(54): Illuminate\Pipeline\Pipeline-&gt;Illuminate\Pipeline\{closure}()
#23 /www/wwwroot/jobportal.prus.dev/vendor/laravel/framework/src/Illuminate/Pipeline/Pipeline.php(208): App\Http\Middleware\LocaleMiddleware-&gt;handle()
#24 /www/wwwroot/jobportal.prus.dev/app/Http/Middleware/SetLocale.php(38): Illuminate\Pipeline\Pipeline-&gt;Illuminate\Pipeline\{closure}()
#25 /www/wwwroot/jobportal.prus.dev/vendor/laravel/framework/src/Illuminate/Pipeline/Pipeline.php(208): App\Http\Middleware\SetLocale-&gt;handle()
#26 /www/wwwroot/jobportal.prus.dev/app/Http/Middleware/LanguageMiddleware.php(47): Illuminate\Pipeline\Pipeline-&gt;Illuminate\Pipeline\{closure}()
#27 /www/wwwroot/jobportal.prus.dev/vendor/laravel/framework/src/Illuminate/Pipeline/Pipeline.php(208): App\Http\Middleware\LanguageMiddleware-&gt;handle()
#28 /www/wwwroot/jobportal.prus.dev/vendor/laravel/framework/src/Illuminate/Routing/Middleware/SubstituteBindings.php(50): Illuminate\Pipeline\Pipeline-&gt;Illuminate\Pipeline\{closure}()
#29 /www/wwwroot/jobportal.prus.dev/vendor/laravel/framework/src/Illuminate/Pipeline/Pipeline.php(208): Illuminate\Routing\Middleware\SubstituteBindings-&gt;handle()
#30 /www/wwwroot/jobportal.prus.dev/vendor/laravel/framework/src/Illuminate/Foundation/Http/Middleware/VerifyCsrfToken.php(87): Illuminate\Pipeline\Pipeline-&gt;Illuminate\Pipeline\{closure}()
#31 /www/wwwroot/jobportal.prus.dev/vendor/laravel/framework/src/Illuminate/Pipeline/Pipeline.php(208): Illuminate\Foundation\Http\Middleware\VerifyCsrfToken-&gt;handle()
#32 /www/wwwroot/jobportal.prus.dev/vendor/laravel/framework/src/Illuminate/View/Middleware/ShareErrorsFromSession.php(48): Illuminate\Pipeline\Pipeline-&gt;Illuminate\Pipeline\{closure}()
#33 /www/wwwroot/jobportal.prus.dev/vendor/laravel/framework/src/Illuminate/Pipeline/Pipeline.php(208): Illuminate\View\Middleware\ShareErrorsFromSession-&gt;handle()
#34 /www/wwwroot/jobportal.prus.dev/vendor/laravel/framework/src/Illuminate/Session/Middleware/StartSession.php(120): Illuminate\Pipeline\Pipeline-&gt;Illuminate\Pipeline\{closure}()
#35 /www/wwwroot/jobportal.prus.dev/vendor/laravel/framework/src/Illuminate/Session/Middleware/StartSession.php(63): Illuminate\Session\Middleware\StartSession-&gt;handleStatefulRequest()
#36 /www/wwwroot/jobportal.prus.dev/vendor/laravel/framework/src/Illuminate/Pipeline/Pipeline.php(208): Illuminate\Session\Middleware\StartSession-&gt;handle()
#37 /www/wwwroot/jobportal.prus.dev/vendor/laravel/framework/src/Illuminate/Cookie/Middleware/AddQueuedCookiesToResponse.php(36): Illuminate\Pipeline\Pipeline-&gt;Illuminate\Pipeline\{closure}()
#38 /www/wwwroot/jobportal.prus.dev/vendor/laravel/framework/src/Illuminate/Pipeline/Pipeline.php(208): Illuminate\Cookie\Middleware\AddQueuedCookiesToResponse-&gt;handle()
#39 /www/wwwroot/jobportal.prus.dev/vendor/laravel/framework/src/Illuminate/Cookie/Middleware/EncryptCookies.php(74): Illuminate\Pipeline\Pipeline-&gt;Illuminate\Pipeline\{closure}()
#40 /www/wwwroot/jobportal.prus.dev/vendor/laravel/framework/src/Illuminate/Pipeline/Pipeline.php(208): Illuminate\Cookie\Middleware\EncryptCookies-&gt;handle()
#41 /www/wwwroot/jobportal.prus.dev/vendor/laravel/framework/src/Illuminate/Pipeline/Pipeline.php(126): Illuminate\Pipeline\Pipeline-&gt;Illuminate\Pipeline\{closure}()
#42 /www/wwwroot/jobportal.prus.dev/vendor/laravel/framework/src/Illuminate/Routing/Router.php(807): Illuminate\Pipeline\Pipeline-&gt;then()
#43 /www/wwwroot/jobportal.prus.dev/vendor/laravel/framework/src/Illuminate/Routing/Router.php(786): Illuminate\Routing\Router-&gt;runRouteWithinStack()
#44 /www/wwwroot/jobportal.prus.dev/vendor/laravel/framework/src/Illuminate/Routing/Router.php(750): Illuminate\Routing\Router-&gt;runRoute()
#45 /www/wwwroot/jobportal.prus.dev/vendor/laravel/framework/src/Illuminate/Routing/Router.php(739): Illuminate\Routing\Router-&gt;dispatchToRoute()
#46 /www/wwwroot/jobportal.prus.dev/vendor/laravel/framework/src/Illuminate/Foundation/Http/Kernel.php(200): Illuminate\Routing\Router-&gt;dispatch()
#47 /www/wwwroot/jobportal.prus.dev/vendor/laravel/framework/src/Illuminate/Pipeline/Pipeline.php(169): Illuminate\Foundation\Http\Kernel-&gt;Illuminate\Foundation\Http\{closure}()
#48 /www/wwwroot/jobportal.prus.dev/vendor/livewire/livewire/src/Features/SupportDisablingBackButtonCache/DisableBackButtonCacheMiddleware.php(19): Illuminate\Pipeline\Pipeline-&gt;Illuminate\Pipeline\{closure}()
#49 /www/wwwroot/jobportal.prus.dev/vendor/laravel/framework/src/Illuminate/Pipeline/Pipeline.php(208): Livewire\Features\SupportDisablingBackButtonCache\DisableBackButtonCacheMiddleware-&gt;handle()
#50 /www/wwwroot/jobportal.prus.dev/vendor/barryvdh/laravel-debugbar/src/Middleware/InjectDebugbar.php(59): Illuminate\Pipeline\Pipeline-&gt;Illuminate\Pipeline\{closure}()
#51 /www/wwwroot/jobportal.prus.dev/vendor/laravel/framework/src/Illuminate/Pipeline/Pipeline.php(208): Barryvdh\Debugbar\Middleware\InjectDebugbar-&gt;handle()
#52 /www/wwwroot/jobportal.prus.dev/vendor/spatie/laravel-csp/src/AddCspHeaders.php(17): Illuminate\Pipeline\Pipeline-&gt;Illuminate\Pipeline\{closure}()
#53 /www/wwwroot/jobportal.prus.dev/vendor/laravel/framework/src/Illuminate/Pipeline/Pipeline.php(208): Spatie\Csp\AddCspHeaders-&gt;handle()
#54 /www/wwwroot/jobportal.prus.dev/app/Http/Middleware/SecurityHeaders.php(11): Illuminate\Pipeline\Pipeline-&gt;Illuminate\Pipeline\{closure}()
#55 /www/wwwroot/jobportal.prus.dev/vendor/laravel/framework/src/Illuminate/Pipeline/Pipeline.php(208): App\Http\Middleware\SecurityHeaders-&gt;handle()
#56 /www/wwwroot/jobportal.prus.dev/vendor/laravel/framework/src/Illuminate/Foundation/Http/Middleware/TransformsRequest.php(21): Illuminate\Pipeline\Pipeline-&gt;Illuminate\Pipeline\{closure}()
#57 /www/wwwroot/jobportal.prus.dev/vendor/laravel/framework/src/Illuminate/Foundation/Http/Middleware/ConvertEmptyStringsToNull.php(31): Illuminate\Foundation\Http\Middleware\TransformsRequest-&gt;handle()
#58 /www/wwwroot/jobportal.prus.dev/vendor/laravel/framework/src/Illuminate/Pipeline/Pipeline.php(208): Illuminate\Foundation\Http\Middleware\ConvertEmptyStringsToNull-&gt;handle()
#59 /www/wwwroot/jobportal.prus.dev/vendor/laravel/framework/src/Illuminate/Foundation/Http/Middleware/TransformsRequest.php(21): Illuminate\Pipeline\Pipeline-&gt;Illuminate\Pipeline\{closure}()
#60 /www/wwwroot/jobportal.prus.dev/vendor/laravel/framework/src/Illuminate/Foundation/Http/Middleware/TrimStrings.php(51): Illuminate\Foundation\Http\Middleware\TransformsRequest-&gt;handle()
#61 /www/wwwroot/jobportal.prus.dev/vendor/laravel/framework/src/Illuminate/Pipeline/Pipeline.php(208): Illuminate\Foundation\Http\Middleware\TrimStrings-&gt;handle()
#62 /www/wwwroot/jobportal.prus.dev/vendor/laravel/framework/src/Illuminate/Http/Middleware/ValidatePostSize.php(27): Illuminate\Pipeline\Pipeline-&gt;Illuminate\Pipeline\{closure}()
#63 /www/wwwroot/jobportal.prus.dev/vendor/laravel/framework/src/Illuminate/Pipeline/Pipeline.php(208): Illuminate\Http\Middleware\ValidatePostSize-&gt;handle()
#64 /www/wwwroot/jobportal.prus.dev/vendor/laravel/framework/src/Illuminate/Foundation/Http/Middleware/PreventRequestsDuringMaintenance.php(109): Illuminate\Pipeline\Pipeline-&gt;Illuminate\Pipeline\{closure}()
#65 /www/wwwroot/jobportal.prus.dev/vendor/laravel/framework/src/Illuminate/Pipeline/Pipeline.php(208): Illuminate\Foundation\Http\Middleware\PreventRequestsDuringMaintenance-&gt;handle()
#66 /www/wwwroot/jobportal.prus.dev/vendor/laravel/framework/src/Illuminate/Http/Middleware/HandleCors.php(48): Illuminate\Pipeline\Pipeline-&gt;Illuminate\Pipeline\{closure}()
#67 /www/wwwroot/jobportal.prus.dev/vendor/laravel/framework/src/Illuminate/Pipeline/Pipeline.php(208): Illuminate\Http\Middleware\HandleCors-&gt;handle()
#68 /www/wwwroot/jobportal.prus.dev/vendor/laravel/framework/src/Illuminate/Http/Middleware/TrustProxies.php(58): Illuminate\Pipeline\Pipeline-&gt;Illuminate\Pipeline\{closure}()
#69 /www/wwwroot/jobportal.prus.dev/vendor/laravel/framework/src/Illuminate/Pipeline/Pipeline.php(208): Illuminate\Http\Middleware\TrustProxies-&gt;handle()
#70 /www/wwwroot/jobportal.prus.dev/vendor/laravel/framework/src/Illuminate/Pipeline/Pipeline.php(126): Illuminate\Pipeline\Pipeline-&gt;Illuminate\Pipeline\{closure}()
#71 /www/wwwroot/jobportal.prus.dev/vendor/laravel/framework/src/Illuminate/Foundation/Http/Kernel.php(175): Illuminate\Pipeline\Pipeline-&gt;then()
#72 /www/wwwroot/jobportal.prus.dev/vendor/laravel/framework/src/Illuminate/Foundation/Http/Kernel.php(144): Illuminate\Foundation\Http\Kernel-&gt;sendRequestThroughRouter()
#73 /www/wwwroot/jobportal.prus.dev/vendor/laravel/framework/src/Illuminate/Foundation/Testing/Concerns/MakesHttpRequests.php(607): Illuminate\Foundation\Http\Kernel-&gt;handle()
#74 /www/wwwroot/jobportal.prus.dev/vendor/laravel/framework/src/Illuminate/Foundation/Testing/Concerns/MakesHttpRequests.php(368): Illuminate\Foundation\Testing\TestCase-&gt;call()
#75 /www/wwwroot/jobportal.prus.dev/tests/Feature/JobPortalWebTest.php(316): Illuminate\Foundation\Testing\TestCase-&gt;get()
#76 /www/wwwroot/jobportal.prus.dev/vendor/phpunit/phpunit/src/Framework/TestCase.php(1656): Tests\Feature\JobPortalWebTest-&gt;test_social_media_elements()
#77 /www/wwwroot/jobportal.prus.dev/vendor/phpunit/phpunit/src/Framework/TestCase.php(514): PHPUnit\Framework\TestCase-&gt;runTest()
#78 /www/wwwroot/jobportal.prus.dev/vendor/phpunit/phpunit/src/Framework/TestRunner/TestRunner.php(87): PHPUnit\Framework\TestCase-&gt;runBare()
#79 /www/wwwroot/jobportal.prus.dev/vendor/phpunit/phpunit/src/Framework/TestCase.php(361): PHPUnit\Framework\TestRunner-&gt;run()
#80 /www/wwwroot/jobportal.prus.dev/vendor/phpunit/phpunit/src/Framework/TestSuite.php(369): PHPUnit\Framework\TestCase-&gt;run()
#81 /www/wwwroot/jobportal.prus.dev/vendor/phpunit/phpunit/src/Framework/TestSuite.php(369): PHPUnit\Framework\TestSuite-&gt;run()
#82 /www/wwwroot/jobportal.prus.dev/vendor/phpunit/phpunit/src/Framework/TestSuite.php(369): PHPUnit\Framework\TestSuite-&gt;run()
#83 /www/wwwroot/jobportal.prus.dev/vendor/phpunit/phpunit/src/TextUI/TestRunner.php(64): PHPUnit\Framework\TestSuite-&gt;run()
#84 /www/wwwroot/jobportal.prus.dev/vendor/phpunit/phpunit/src/TextUI/Application.php(210): PHPUnit\TextUI\TestRunner-&gt;run()
#85 /www/wwwroot/jobportal.prus.dev/vendor/phpunit/phpunit/phpunit(104): PHPUnit\TextUI\Application-&gt;run()
#86 /www/wwwroot/jobportal.prus.dev/vendor/bin/phpunit(122): include('...')
#87 {main}

----------------------------------------------------------------------------------

Unable to locate a class or view for component [jobs.application-modal].

/www/wwwroot/jobportal.prus.dev/vendor/laravel/framework/src/Illuminate/Testing/TestResponseAssert.php:45
/www/wwwroot/jobportal.prus.dev/vendor/laravel/framework/src/Illuminate/Testing/TestResponse.php:174
/www/wwwroot/jobportal.prus.dev/tests/Feature/JobPortalWebTest.php:318</failure>
        </testcase>
      </testsuite>
      <testsuite name="Tests\Feature\JobServiceTest" file="/www/wwwroot/jobportal.prus.dev/tests/Feature/JobServiceTest.php" tests="12" assertions="0" errors="12" failures="0" skipped="0" time="0.000000">
        <testcase name="test_can_get_active_jobs" file="/www/wwwroot/jobportal.prus.dev/tests/Feature/JobServiceTest.php" line="47" class="Tests\Feature\JobServiceTest" classname="Tests.Feature.JobServiceTest" assertions="0" time="0.000000">
          <error type="Error">Tests\Feature\JobServiceTest::test_can_get_active_jobs
Error: Class "App\Models\User" not found

/www/wwwroot/jobportal.prus.dev/tests/Feature/JobServiceTest.php:36</error>
        </testcase>
        <testcase name="test_can_get_featured_jobs" file="/www/wwwroot/jobportal.prus.dev/tests/Feature/JobServiceTest.php" line="59" class="Tests\Feature\JobServiceTest" classname="Tests.Feature.JobServiceTest" assertions="0" time="0.000000">
          <error type="Error">Tests\Feature\JobServiceTest::test_can_get_featured_jobs
Error: Class "App\Models\User" not found

/www/wwwroot/jobportal.prus.dev/tests/Feature/JobServiceTest.php:36</error>
        </testcase>
        <testcase name="test_can_search_jobs_with_filters" file="/www/wwwroot/jobportal.prus.dev/tests/Feature/JobServiceTest.php" line="81" class="Tests\Feature\JobServiceTest" classname="Tests.Feature.JobServiceTest" assertions="0" time="0.000000">
          <error type="Error">Tests\Feature\JobServiceTest::test_can_search_jobs_with_filters
Error: Class "App\Models\User" not found

/www/wwwroot/jobportal.prus.dev/tests/Feature/JobServiceTest.php:36</error>
        </testcase>
        <testcase name="test_can_create_job" file="/www/wwwroot/jobportal.prus.dev/tests/Feature/JobServiceTest.php" line="111" class="Tests\Feature\JobServiceTest" classname="Tests.Feature.JobServiceTest" assertions="0" time="0.000000">
          <error type="Error">Tests\Feature\JobServiceTest::test_can_create_job
Error: Class "App\Models\User" not found

/www/wwwroot/jobportal.prus.dev/tests/Feature/JobServiceTest.php:36</error>
        </testcase>
        <testcase name="test_can_update_job" file="/www/wwwroot/jobportal.prus.dev/tests/Feature/JobServiceTest.php" line="147" class="Tests\Feature\JobServiceTest" classname="Tests.Feature.JobServiceTest" assertions="0" time="0.000000">
          <error type="Error">Tests\Feature\JobServiceTest::test_can_update_job
Error: Class "App\Models\User" not found

/www/wwwroot/jobportal.prus.dev/tests/Feature/JobServiceTest.php:36</error>
        </testcase>
        <testcase name="test_can_delete_job" file="/www/wwwroot/jobportal.prus.dev/tests/Feature/JobServiceTest.php" line="169" class="Tests\Feature\JobServiceTest" classname="Tests.Feature.JobServiceTest" assertions="0" time="0.000000">
          <error type="Error">Tests\Feature\JobServiceTest::test_can_delete_job
Error: Class "App\Models\User" not found

/www/wwwroot/jobportal.prus.dev/tests/Feature/JobServiceTest.php:36</error>
        </testcase>
        <testcase name="test_can_get_job_statistics" file="/www/wwwroot/jobportal.prus.dev/tests/Feature/JobServiceTest.php" line="179" class="Tests\Feature\JobServiceTest" classname="Tests.Feature.JobServiceTest" assertions="0" time="0.000000">
          <error type="Error">Tests\Feature\JobServiceTest::test_can_get_job_statistics
Error: Class "App\Models\User" not found

/www/wwwroot/jobportal.prus.dev/tests/Feature/JobServiceTest.php:36</error>
        </testcase>
        <testcase name="test_can_get_popular_jobs" file="/www/wwwroot/jobportal.prus.dev/tests/Feature/JobServiceTest.php" line="193" class="Tests\Feature\JobServiceTest" classname="Tests.Feature.JobServiceTest" assertions="0" time="0.000000">
          <error type="Error">Tests\Feature\JobServiceTest::test_can_get_popular_jobs
Error: Class "App\Models\User" not found

/www/wwwroot/jobportal.prus.dev/tests/Feature/JobServiceTest.php:36</error>
        </testcase>
        <testcase name="test_can_get_similar_jobs" file="/www/wwwroot/jobportal.prus.dev/tests/Feature/JobServiceTest.php" line="218" class="Tests\Feature\JobServiceTest" classname="Tests.Feature.JobServiceTest" assertions="0" time="0.000000">
          <error type="Error">Tests\Feature\JobServiceTest::test_can_get_similar_jobs
Error: Class "App\Models\User" not found

/www/wwwroot/jobportal.prus.dev/tests/Feature/JobServiceTest.php:36</error>
        </testcase>
        <testcase name="test_can_expire_old_jobs" file="/www/wwwroot/jobportal.prus.dev/tests/Feature/JobServiceTest.php" line="249" class="Tests\Feature\JobServiceTest" classname="Tests.Feature.JobServiceTest" assertions="0" time="0.000000">
          <error type="Error">Tests\Feature\JobServiceTest::test_can_expire_old_jobs
Error: Class "App\Models\User" not found

/www/wwwroot/jobportal.prus.dev/tests/Feature/JobServiceTest.php:36</error>
        </testcase>
        <testcase name="test_caching_works_correctly" file="/www/wwwroot/jobportal.prus.dev/tests/Feature/JobServiceTest.php" line="274" class="Tests\Feature\JobServiceTest" classname="Tests.Feature.JobServiceTest" assertions="0" time="0.000000">
          <error type="Error">Tests\Feature\JobServiceTest::test_caching_works_correctly
Error: Class "App\Models\User" not found

/www/wwwroot/jobportal.prus.dev/tests/Feature/JobServiceTest.php:36</error>
        </testcase>
        <testcase name="test_can_get_jobs_expiring_soon" file="/www/wwwroot/jobportal.prus.dev/tests/Feature/JobServiceTest.php" line="319" class="Tests\Feature\JobServiceTest" classname="Tests.Feature.JobServiceTest" assertions="0" time="0.000000">
          <error type="Error">Tests\Feature\JobServiceTest::test_can_get_jobs_expiring_soon
Error: Class "App\Models\User" not found

/www/wwwroot/jobportal.prus.dev/tests/Feature/JobServiceTest.php:36</error>
        </testcase>
      </testsuite>
      <testsuite name="Tests\Feature\JobTest" file="/www/wwwroot/jobportal.prus.dev/tests/Feature/JobTest.php" tests="28" assertions="0" errors="28" failures="0" skipped="0" time="0.000000">
        <testcase name="job_can_be_created" file="/www/wwwroot/jobportal.prus.dev/tests/Feature/JobTest.php" line="51" class="Tests\Feature\JobTest" classname="Tests.Feature.JobTest" assertions="0" time="0.000000">
          <error type="Error">Tests\Feature\JobTest::job_can_be_created
Error: Class "App\Models\User" not found

/www/wwwroot/jobportal.prus.dev/tests/Feature/JobTest.php:42</error>
        </testcase>
        <testcase name="job_can_be_updated" file="/www/wwwroot/jobportal.prus.dev/tests/Feature/JobTest.php" line="88" class="Tests\Feature\JobTest" classname="Tests.Feature.JobTest" assertions="0" time="0.000000">
          <error type="Error">Tests\Feature\JobTest::job_can_be_updated
Error: Class "App\Models\User" not found

/www/wwwroot/jobportal.prus.dev/tests/Feature/JobTest.php:42</error>
        </testcase>
        <testcase name="job_can_be_filtered_by_status" file="/www/wwwroot/jobportal.prus.dev/tests/Feature/JobTest.php" line="107" class="Tests\Feature\JobTest" classname="Tests.Feature.JobTest" assertions="0" time="0.000000">
          <error type="Error">Tests\Feature\JobTest::job_can_be_filtered_by_status
Error: Class "App\Models\User" not found

/www/wwwroot/jobportal.prus.dev/tests/Feature/JobTest.php:42</error>
        </testcase>
        <testcase name="job_belongs_to_company" file="/www/wwwroot/jobportal.prus.dev/tests/Feature/JobTest.php" line="120" class="Tests\Feature\JobTest" classname="Tests.Feature.JobTest" assertions="0" time="0.000000">
          <error type="Error">Tests\Feature\JobTest::job_belongs_to_company
Error: Class "App\Models\User" not found

/www/wwwroot/jobportal.prus.dev/tests/Feature/JobTest.php:42</error>
        </testcase>
        <testcase name="job_belongs_to_job_type" file="/www/wwwroot/jobportal.prus.dev/tests/Feature/JobTest.php" line="130" class="Tests\Feature\JobTest" classname="Tests.Feature.JobTest" assertions="0" time="0.000000">
          <error type="Error">Tests\Feature\JobTest::job_belongs_to_job_type
Error: Class "App\Models\User" not found

/www/wwwroot/jobportal.prus.dev/tests/Feature/JobTest.php:42</error>
        </testcase>
        <testcase name="job_belongs_to_job_category" file="/www/wwwroot/jobportal.prus.dev/tests/Feature/JobTest.php" line="140" class="Tests\Feature\JobTest" classname="Tests.Feature.JobTest" assertions="0" time="0.000000">
          <error type="Error">Tests\Feature\JobTest::job_belongs_to_job_category
Error: Class "App\Models\User" not found

/www/wwwroot/jobportal.prus.dev/tests/Feature/JobTest.php:42</error>
        </testcase>
        <testcase name="job_can_be_featured" file="/www/wwwroot/jobportal.prus.dev/tests/Feature/JobTest.php" line="150" class="Tests\Feature\JobTest" classname="Tests.Feature.JobTest" assertions="0" time="0.000000">
          <error type="Error">Tests\Feature\JobTest::job_can_be_featured
Error: Class "App\Models\User" not found

/www/wwwroot/jobportal.prus.dev/tests/Feature/JobTest.php:42</error>
        </testcase>
        <testcase name="jobs_can_be_filtered_by_expiry_date" file="/www/wwwroot/jobportal.prus.dev/tests/Feature/JobTest.php" line="163" class="Tests\Feature\JobTest" classname="Tests.Feature.JobTest" assertions="0" time="0.000000">
          <error type="Error">Tests\Feature\JobTest::jobs_can_be_filtered_by_expiry_date
Error: Class "App\Models\User" not found

/www/wwwroot/jobportal.prus.dev/tests/Feature/JobTest.php:42</error>
        </testcase>
        <testcase name="guests_cannot_access_employer_jobs_section" file="/www/wwwroot/jobportal.prus.dev/tests/Feature/JobTest.php" line="176" class="Tests\Feature\JobTest" classname="Tests.Feature.JobTest" assertions="0" time="0.000000">
          <error type="Error">Tests\Feature\JobTest::guests_cannot_access_employer_jobs_section
Error: Class "App\Models\User" not found

/www/wwwroot/jobportal.prus.dev/tests/Feature/JobTest.php:42</error>
        </testcase>
        <testcase name="non_employer_users_cannot_access_employer_jobs_section" file="/www/wwwroot/jobportal.prus.dev/tests/Feature/JobTest.php" line="186" class="Tests\Feature\JobTest" classname="Tests.Feature.JobTest" assertions="0" time="0.000000">
          <error type="Error">Tests\Feature\JobTest::non_employer_users_cannot_access_employer_jobs_section
Error: Class "App\Models\User" not found

/www/wwwroot/jobportal.prus.dev/tests/Feature/JobTest.php:42</error>
        </testcase>
        <testcase name="employer_can_view_their_jobs_list" file="/www/wwwroot/jobportal.prus.dev/tests/Feature/JobTest.php" line="200" class="Tests\Feature\JobTest" classname="Tests.Feature.JobTest" assertions="0" time="0.000000">
          <error type="Error">Tests\Feature\JobTest::employer_can_view_their_jobs_list
Error: Class "App\Models\User" not found

/www/wwwroot/jobportal.prus.dev/tests/Feature/JobTest.php:42</error>
        </testcase>
        <testcase name="employer_can_view_create_job_form" file="/www/wwwroot/jobportal.prus.dev/tests/Feature/JobTest.php" line="214" class="Tests\Feature\JobTest" classname="Tests.Feature.JobTest" assertions="0" time="0.000000">
          <error type="Error">Tests\Feature\JobTest::employer_can_view_create_job_form
Error: Class "App\Models\User" not found

/www/wwwroot/jobportal.prus.dev/tests/Feature/JobTest.php:42</error>
        </testcase>
        <testcase name="employer_can_create_a_new_job" file="/www/wwwroot/jobportal.prus.dev/tests/Feature/JobTest.php" line="223" class="Tests\Feature\JobTest" classname="Tests.Feature.JobTest" assertions="0" time="0.000000">
          <error type="Error">Tests\Feature\JobTest::employer_can_create_a_new_job
Error: Class "App\Models\User" not found

/www/wwwroot/jobportal.prus.dev/tests/Feature/JobTest.php:42</error>
        </testcase>
        <testcase name="employer_can_create_a_draft_job" file="/www/wwwroot/jobportal.prus.dev/tests/Feature/JobTest.php" line="239" class="Tests\Feature\JobTest" classname="Tests.Feature.JobTest" assertions="0" time="0.000000">
          <error type="Error">Tests\Feature\JobTest::employer_can_create_a_draft_job
Error: Class "App\Models\User" not found

/www/wwwroot/jobportal.prus.dev/tests/Feature/JobTest.php:42</error>
        </testcase>
        <testcase name="create_job_requires_necessary_fields" file="/www/wwwroot/jobportal.prus.dev/tests/Feature/JobTest.php" line="256" class="Tests\Feature\JobTest" classname="Tests.Feature.JobTest" assertions="0" time="0.000000">
          <error type="Error">Tests\Feature\JobTest::create_job_requires_necessary_fields
Error: Class "App\Models\User" not found

/www/wwwroot/jobportal.prus.dev/tests/Feature/JobTest.php:42</error>
        </testcase>
        <testcase name="employer_can_view_their_job_details" file="/www/wwwroot/jobportal.prus.dev/tests/Feature/JobTest.php" line="265" class="Tests\Feature\JobTest" classname="Tests.Feature.JobTest" assertions="0" time="0.000000">
          <error type="Error">Tests\Feature\JobTest::employer_can_view_their_job_details
Error: Class "App\Models\User" not found

/www/wwwroot/jobportal.prus.dev/tests/Feature/JobTest.php:42</error>
        </testcase>
        <testcase name="employer_cannot_view_other_employers_job_details" file="/www/wwwroot/jobportal.prus.dev/tests/Feature/JobTest.php" line="277" class="Tests\Feature\JobTest" classname="Tests.Feature.JobTest" assertions="0" time="0.000000">
          <error type="Error">Tests\Feature\JobTest::employer_cannot_view_other_employers_job_details
Error: Class "App\Models\User" not found

/www/wwwroot/jobportal.prus.dev/tests/Feature/JobTest.php:42</error>
        </testcase>
        <testcase name="employer_can_view_edit_job_form" file="/www/wwwroot/jobportal.prus.dev/tests/Feature/JobTest.php" line="287" class="Tests\Feature\JobTest" classname="Tests.Feature.JobTest" assertions="0" time="0.000000">
          <error type="Error">Tests\Feature\JobTest::employer_can_view_edit_job_form
Error: Class "App\Models\User" not found

/www/wwwroot/jobportal.prus.dev/tests/Feature/JobTest.php:42</error>
        </testcase>
        <testcase name="employer_cannot_edit_other_employers_job" file="/www/wwwroot/jobportal.prus.dev/tests/Feature/JobTest.php" line="299" class="Tests\Feature\JobTest" classname="Tests.Feature.JobTest" assertions="0" time="0.000000">
          <error type="Error">Tests\Feature\JobTest::employer_cannot_edit_other_employers_job
Error: Class "App\Models\User" not found

/www/wwwroot/jobportal.prus.dev/tests/Feature/JobTest.php:42</error>
        </testcase>
        <testcase name="employer_can_update_their_job" file="/www/wwwroot/jobportal.prus.dev/tests/Feature/JobTest.php" line="308" class="Tests\Feature\JobTest" classname="Tests.Feature.JobTest" assertions="0" time="0.000000">
          <error type="Error">Tests\Feature\JobTest::employer_can_update_their_job
Error: Class "App\Models\User" not found

/www/wwwroot/jobportal.prus.dev/tests/Feature/JobTest.php:42</error>
        </testcase>
        <testcase name="employer_can_delete_their_job" file="/www/wwwroot/jobportal.prus.dev/tests/Feature/JobTest.php" line="327" class="Tests\Feature\JobTest" classname="Tests.Feature.JobTest" assertions="0" time="0.000000">
          <error type="Error">Tests\Feature\JobTest::employer_can_delete_their_job
Error: Class "App\Models\User" not found

/www/wwwroot/jobportal.prus.dev/tests/Feature/JobTest.php:42</error>
        </testcase>
        <testcase name="employer_cannot_delete_other_employers_job" file="/www/wwwroot/jobportal.prus.dev/tests/Feature/JobTest.php" line="340" class="Tests\Feature\JobTest" classname="Tests.Feature.JobTest" assertions="0" time="0.000000">
          <error type="Error">Tests\Feature\JobTest::employer_cannot_delete_other_employers_job
Error: Class "App\Models\User" not found

/www/wwwroot/jobportal.prus.dev/tests/Feature/JobTest.php:42</error>
        </testcase>
        <testcase name="it_can_create_a_job" file="/www/wwwroot/jobportal.prus.dev/tests/Feature/JobTest.php" line="352" class="Tests\Feature\JobTest" classname="Tests.Feature.JobTest" assertions="0" time="0.000000">
          <error type="Error">Tests\Feature\JobTest::it_can_create_a_job
Error: Class "App\Models\User" not found

/www/wwwroot/jobportal.prus.dev/tests/Feature/JobTest.php:42</error>
        </testcase>
        <testcase name="it_can_update_a_job" file="/www/wwwroot/jobportal.prus.dev/tests/Feature/JobTest.php" line="366" class="Tests\Feature\JobTest" classname="Tests.Feature.JobTest" assertions="0" time="0.000000">
          <error type="Error">Tests\Feature\JobTest::it_can_update_a_job
Error: Class "App\Models\User" not found

/www/wwwroot/jobportal.prus.dev/tests/Feature/JobTest.php:42</error>
        </testcase>
        <testcase name="it_can_delete_a_job" file="/www/wwwroot/jobportal.prus.dev/tests/Feature/JobTest.php" line="387" class="Tests\Feature\JobTest" classname="Tests.Feature.JobTest" assertions="0" time="0.000000">
          <error type="Error">Tests\Feature\JobTest::it_can_delete_a_job
Error: Class "App\Models\User" not found

/www/wwwroot/jobportal.prus.dev/tests/Feature/JobTest.php:42</error>
        </testcase>
        <testcase name="it_belongs_to_a_company" file="/www/wwwroot/jobportal.prus.dev/tests/Feature/JobTest.php" line="399" class="Tests\Feature\JobTest" classname="Tests.Feature.JobTest" assertions="0" time="0.000000">
          <error type="Error">Tests\Feature\JobTest::it_belongs_to_a_company
Error: Class "App\Models\User" not found

/www/wwwroot/jobportal.prus.dev/tests/Feature/JobTest.php:42</error>
        </testcase>
        <testcase name="it_can_filter_by_status" file="/www/wwwroot/jobportal.prus.dev/tests/Feature/JobTest.php" line="409" class="Tests\Feature\JobTest" classname="Tests.Feature.JobTest" assertions="0" time="0.000000">
          <error type="Error">Tests\Feature\JobTest::it_can_filter_by_status
Error: Class "App\Models\User" not found

/www/wwwroot/jobportal.prus.dev/tests/Feature/JobTest.php:42</error>
        </testcase>
        <testcase name="it_can_filter_by_category" file="/www/wwwroot/jobportal.prus.dev/tests/Feature/JobTest.php" line="422" class="Tests\Feature\JobTest" classname="Tests.Feature.JobTest" assertions="0" time="0.000000">
          <error type="Error">Tests\Feature\JobTest::it_can_filter_by_category
Error: Class "App\Models\User" not found

/www/wwwroot/jobportal.prus.dev/tests/Feature/JobTest.php:42</error>
        </testcase>
      </testsuite>
      <testsuite name="Tests\Feature\JobTypeFeatureTest" file="/www/wwwroot/jobportal.prus.dev/tests/Feature/JobTypeFeatureTest.php" tests="24" assertions="0" errors="24" failures="0" skipped="0" time="0.000000">
        <testcase name="it_can_list_job_types_publicly" file="/www/wwwroot/jobportal.prus.dev/tests/Feature/JobTypeFeatureTest.php" line="43" class="Tests\Feature\JobTypeFeatureTest" classname="Tests.Feature.JobTypeFeatureTest" assertions="0" time="0.000000">
          <error type="Error">Tests\Feature\JobTypeFeatureTest::it_can_list_job_types_publicly
Error: Class "App\Models\User" not found

/www/wwwroot/jobportal.prus.dev/tests/Feature/JobTypeFeatureTest.php:32</error>
        </testcase>
        <testcase name="it_can_show_single_job_type_publicly" file="/www/wwwroot/jobportal.prus.dev/tests/Feature/JobTypeFeatureTest.php" line="74" class="Tests\Feature\JobTypeFeatureTest" classname="Tests.Feature.JobTypeFeatureTest" assertions="0" time="0.000000">
          <error type="Error">Tests\Feature\JobTypeFeatureTest::it_can_show_single_job_type_publicly
Error: Class "App\Models\User" not found

/www/wwwroot/jobportal.prus.dev/tests/Feature/JobTypeFeatureTest.php:32</error>
        </testcase>
        <testcase name="it_can_search_job_types" file="/www/wwwroot/jobportal.prus.dev/tests/Feature/JobTypeFeatureTest.php" line="92" class="Tests\Feature\JobTypeFeatureTest" classname="Tests.Feature.JobTypeFeatureTest" assertions="0" time="0.000000">
          <error type="Error">Tests\Feature\JobTypeFeatureTest::it_can_search_job_types
Error: Class "App\Models\User" not found

/www/wwwroot/jobportal.prus.dev/tests/Feature/JobTypeFeatureTest.php:32</error>
        </testcase>
        <testcase name="it_requires_authentication_to_create_job_type" file="/www/wwwroot/jobportal.prus.dev/tests/Feature/JobTypeFeatureTest.php" line="106" class="Tests\Feature\JobTypeFeatureTest" classname="Tests.Feature.JobTypeFeatureTest" assertions="0" time="0.000000">
          <error type="Error">Tests\Feature\JobTypeFeatureTest::it_requires_authentication_to_create_job_type
Error: Class "App\Models\User" not found

/www/wwwroot/jobportal.prus.dev/tests/Feature/JobTypeFeatureTest.php:32</error>
        </testcase>
        <testcase name="authenticated_admin_can_create_job_type" file="/www/wwwroot/jobportal.prus.dev/tests/Feature/JobTypeFeatureTest.php" line="117" class="Tests\Feature\JobTypeFeatureTest" classname="Tests.Feature.JobTypeFeatureTest" assertions="0" time="0.000000">
          <error type="Error">Tests\Feature\JobTypeFeatureTest::authenticated_admin_can_create_job_type
Error: Class "App\Models\User" not found

/www/wwwroot/jobportal.prus.dev/tests/Feature/JobTypeFeatureTest.php:32</error>
        </testcase>
        <testcase name="it_validates_job_type_creation_data" file="/www/wwwroot/jobportal.prus.dev/tests/Feature/JobTypeFeatureTest.php" line="151" class="Tests\Feature\JobTypeFeatureTest" classname="Tests.Feature.JobTypeFeatureTest" assertions="0" time="0.000000">
          <error type="Error">Tests\Feature\JobTypeFeatureTest::it_validates_job_type_creation_data
Error: Class "App\Models\User" not found

/www/wwwroot/jobportal.prus.dev/tests/Feature/JobTypeFeatureTest.php:32</error>
        </testcase>
        <testcase name="it_prevents_duplicate_job_type_names" file="/www/wwwroot/jobportal.prus.dev/tests/Feature/JobTypeFeatureTest.php" line="166" class="Tests\Feature\JobTypeFeatureTest" classname="Tests.Feature.JobTypeFeatureTest" assertions="0" time="0.000000">
          <error type="Error">Tests\Feature\JobTypeFeatureTest::it_prevents_duplicate_job_type_names
Error: Class "App\Models\User" not found

/www/wwwroot/jobportal.prus.dev/tests/Feature/JobTypeFeatureTest.php:32</error>
        </testcase>
        <testcase name="authenticated_admin_can_update_job_type" file="/www/wwwroot/jobportal.prus.dev/tests/Feature/JobTypeFeatureTest.php" line="182" class="Tests\Feature\JobTypeFeatureTest" classname="Tests.Feature.JobTypeFeatureTest" assertions="0" time="0.000000">
          <error type="Error">Tests\Feature\JobTypeFeatureTest::authenticated_admin_can_update_job_type
Error: Class "App\Models\User" not found

/www/wwwroot/jobportal.prus.dev/tests/Feature/JobTypeFeatureTest.php:32</error>
        </testcase>
        <testcase name="it_requires_permission_to_update_job_type" file="/www/wwwroot/jobportal.prus.dev/tests/Feature/JobTypeFeatureTest.php" line="212" class="Tests\Feature\JobTypeFeatureTest" classname="Tests.Feature.JobTypeFeatureTest" assertions="0" time="0.000000">
          <error type="Error">Tests\Feature\JobTypeFeatureTest::it_requires_permission_to_update_job_type
Error: Class "App\Models\User" not found

/www/wwwroot/jobportal.prus.dev/tests/Feature/JobTypeFeatureTest.php:32</error>
        </testcase>
        <testcase name="authenticated_admin_can_delete_job_type" file="/www/wwwroot/jobportal.prus.dev/tests/Feature/JobTypeFeatureTest.php" line="226" class="Tests\Feature\JobTypeFeatureTest" classname="Tests.Feature.JobTypeFeatureTest" assertions="0" time="0.000000">
          <error type="Error">Tests\Feature\JobTypeFeatureTest::authenticated_admin_can_delete_job_type
Error: Class "App\Models\User" not found

/www/wwwroot/jobportal.prus.dev/tests/Feature/JobTypeFeatureTest.php:32</error>
        </testcase>
        <testcase name="it_prevents_deleting_job_type_with_jobs" file="/www/wwwroot/jobportal.prus.dev/tests/Feature/JobTypeFeatureTest.php" line="243" class="Tests\Feature\JobTypeFeatureTest" classname="Tests.Feature.JobTypeFeatureTest" assertions="0" time="0.000000">
          <error type="Error">Tests\Feature\JobTypeFeatureTest::it_prevents_deleting_job_type_with_jobs
Error: Class "App\Models\User" not found

/www/wwwroot/jobportal.prus.dev/tests/Feature/JobTypeFeatureTest.php:32</error>
        </testcase>
        <testcase name="it_can_get_job_type_statistics" file="/www/wwwroot/jobportal.prus.dev/tests/Feature/JobTypeFeatureTest.php" line="261" class="Tests\Feature\JobTypeFeatureTest" classname="Tests.Feature.JobTypeFeatureTest" assertions="0" time="0.000000">
          <error type="Error">Tests\Feature\JobTypeFeatureTest::it_can_get_job_type_statistics
Error: Class "App\Models\User" not found

/www/wwwroot/jobportal.prus.dev/tests/Feature/JobTypeFeatureTest.php:32</error>
        </testcase>
        <testcase name="it_can_perform_bulk_operations" file="/www/wwwroot/jobportal.prus.dev/tests/Feature/JobTypeFeatureTest.php" line="295" class="Tests\Feature\JobTypeFeatureTest" classname="Tests.Feature.JobTypeFeatureTest" assertions="0" time="0.000000">
          <error type="Error">Tests\Feature\JobTypeFeatureTest::it_can_perform_bulk_operations
Error: Class "App\Models\User" not found

/www/wwwroot/jobportal.prus.dev/tests/Feature/JobTypeFeatureTest.php:32</error>
        </testcase>
        <testcase name="it_can_filter_job_types_by_status" file="/www/wwwroot/jobportal.prus.dev/tests/Feature/JobTypeFeatureTest.php" line="320" class="Tests\Feature\JobTypeFeatureTest" classname="Tests.Feature.JobTypeFeatureTest" assertions="0" time="0.000000">
          <error type="Error">Tests\Feature\JobTypeFeatureTest::it_can_filter_job_types_by_status
Error: Class "App\Models\User" not found

/www/wwwroot/jobportal.prus.dev/tests/Feature/JobTypeFeatureTest.php:32</error>
        </testcase>
        <testcase name="it_can_filter_job_types_by_type" file="/www/wwwroot/jobportal.prus.dev/tests/Feature/JobTypeFeatureTest.php" line="336" class="Tests\Feature\JobTypeFeatureTest" classname="Tests.Feature.JobTypeFeatureTest" assertions="0" time="0.000000">
          <error type="Error">Tests\Feature\JobTypeFeatureTest::it_can_filter_job_types_by_type
Error: Class "App\Models\User" not found

/www/wwwroot/jobportal.prus.dev/tests/Feature/JobTypeFeatureTest.php:32</error>
        </testcase>
        <testcase name="it_can_sort_job_types" file="/www/wwwroot/jobportal.prus.dev/tests/Feature/JobTypeFeatureTest.php" line="352" class="Tests\Feature\JobTypeFeatureTest" classname="Tests.Feature.JobTypeFeatureTest" assertions="0" time="0.000000">
          <error type="Error">Tests\Feature\JobTypeFeatureTest::it_can_sort_job_types
Error: Class "App\Models\User" not found

/www/wwwroot/jobportal.prus.dev/tests/Feature/JobTypeFeatureTest.php:32</error>
        </testcase>
        <testcase name="it_includes_job_counts_when_requested" file="/www/wwwroot/jobportal.prus.dev/tests/Feature/JobTypeFeatureTest.php" line="369" class="Tests\Feature\JobTypeFeatureTest" classname="Tests.Feature.JobTypeFeatureTest" assertions="0" time="0.000000">
          <error type="Error">Tests\Feature\JobTypeFeatureTest::it_includes_job_counts_when_requested
Error: Class "App\Models\User" not found

/www/wwwroot/jobportal.prus.dev/tests/Feature/JobTypeFeatureTest.php:32</error>
        </testcase>
        <testcase name="it_includes_usage_statistics_when_requested" file="/www/wwwroot/jobportal.prus.dev/tests/Feature/JobTypeFeatureTest.php" line="388" class="Tests\Feature\JobTypeFeatureTest" classname="Tests.Feature.JobTypeFeatureTest" assertions="0" time="0.000000">
          <error type="Error">Tests\Feature\JobTypeFeatureTest::it_includes_usage_statistics_when_requested
Error: Class "App\Models\User" not found

/www/wwwroot/jobportal.prus.dev/tests/Feature/JobTypeFeatureTest.php:32</error>
        </testcase>
        <testcase name="it_includes_analysis_data_when_requested" file="/www/wwwroot/jobportal.prus.dev/tests/Feature/JobTypeFeatureTest.php" line="404" class="Tests\Feature\JobTypeFeatureTest" classname="Tests.Feature.JobTypeFeatureTest" assertions="0" time="0.000000">
          <error type="Error">Tests\Feature\JobTypeFeatureTest::it_includes_analysis_data_when_requested
Error: Class "App\Models\User" not found

/www/wwwroot/jobportal.prus.dev/tests/Feature/JobTypeFeatureTest.php:32</error>
        </testcase>
        <testcase name="it_caches_responses_properly" file="/www/wwwroot/jobportal.prus.dev/tests/Feature/JobTypeFeatureTest.php" line="426" class="Tests\Feature\JobTypeFeatureTest" classname="Tests.Feature.JobTypeFeatureTest" assertions="0" time="0.000000">
          <error type="Error">Tests\Feature\JobTypeFeatureTest::it_caches_responses_properly
Error: Class "App\Models\User" not found

/www/wwwroot/jobportal.prus.dev/tests/Feature/JobTypeFeatureTest.php:32</error>
        </testcase>
        <testcase name="it_respects_rate_limiting_on_protected_endpoints" file="/www/wwwroot/jobportal.prus.dev/tests/Feature/JobTypeFeatureTest.php" line="446" class="Tests\Feature\JobTypeFeatureTest" classname="Tests.Feature.JobTypeFeatureTest" assertions="0" time="0.000000">
          <error type="Error">Tests\Feature\JobTypeFeatureTest::it_respects_rate_limiting_on_protected_endpoints
Error: Class "App\Models\User" not found

/www/wwwroot/jobportal.prus.dev/tests/Feature/JobTypeFeatureTest.php:32</error>
        </testcase>
        <testcase name="it_logs_activity_for_crud_operations" file="/www/wwwroot/jobportal.prus.dev/tests/Feature/JobTypeFeatureTest.php" line="464" class="Tests\Feature\JobTypeFeatureTest" classname="Tests.Feature.JobTypeFeatureTest" assertions="0" time="0.000000">
          <error type="Error">Tests\Feature\JobTypeFeatureTest::it_logs_activity_for_crud_operations
Error: Class "App\Models\User" not found

/www/wwwroot/jobportal.prus.dev/tests/Feature/JobTypeFeatureTest.php:32</error>
        </testcase>
        <testcase name="it_validates_slug_format" file="/www/wwwroot/jobportal.prus.dev/tests/Feature/JobTypeFeatureTest.php" line="505" class="Tests\Feature\JobTypeFeatureTest" classname="Tests.Feature.JobTypeFeatureTest" assertions="0" time="0.000000">
          <error type="Error">Tests\Feature\JobTypeFeatureTest::it_validates_slug_format
Error: Class "App\Models\User" not found

/www/wwwroot/jobportal.prus.dev/tests/Feature/JobTypeFeatureTest.php:32</error>
        </testcase>
        <testcase name="it_auto_generates_slug_when_not_provided" file="/www/wwwroot/jobportal.prus.dev/tests/Feature/JobTypeFeatureTest.php" line="519" class="Tests\Feature\JobTypeFeatureTest" classname="Tests.Feature.JobTypeFeatureTest" assertions="0" time="0.000000">
          <error type="Error">Tests\Feature\JobTypeFeatureTest::it_auto_generates_slug_when_not_provided
Error: Class "App\Models\User" not found

/www/wwwroot/jobportal.prus.dev/tests/Feature/JobTypeFeatureTest.php:32</error>
        </testcase>
      </testsuite>
      <testsuite name="Tests\Feature\Location\CityControllerTest" file="/www/wwwroot/jobportal.prus.dev/tests/Feature/Location/CityControllerTest.php" tests="10" assertions="0" errors="10" failures="0" skipped="0" time="0.000000">
        <testcase name="admin_can_create_city" file="/www/wwwroot/jobportal.prus.dev/tests/Feature/Location/CityControllerTest.php" line="45" class="Tests\Feature\Location\CityControllerTest" classname="Tests.Feature.Location.CityControllerTest" assertions="0" time="0.000000">
          <error type="Error">Tests\Feature\Location\CityControllerTest::admin_can_create_city
Error: Class "App\Models\User" not found

/www/wwwroot/jobportal.prus.dev/tests/Feature/Location/CityControllerTest.php:34</error>
        </testcase>
        <testcase name="employer_can_create_city" file="/www/wwwroot/jobportal.prus.dev/tests/Feature/Location/CityControllerTest.php" line="67" class="Tests\Feature\Location\CityControllerTest" classname="Tests.Feature.Location.CityControllerTest" assertions="0" time="0.000000">
          <error type="Error">Tests\Feature\Location\CityControllerTest::employer_can_create_city
Error: Class "App\Models\User" not found

/www/wwwroot/jobportal.prus.dev/tests/Feature/Location/CityControllerTest.php:34</error>
        </testcase>
        <testcase name="candidate_cannot_create_city" file="/www/wwwroot/jobportal.prus.dev/tests/Feature/Location/CityControllerTest.php" line="82" class="Tests\Feature\Location\CityControllerTest" classname="Tests.Feature.Location.CityControllerTest" assertions="0" time="0.000000">
          <error type="Error">Tests\Feature\Location\CityControllerTest::candidate_cannot_create_city
Error: Class "App\Models\User" not found

/www/wwwroot/jobportal.prus.dev/tests/Feature/Location/CityControllerTest.php:34</error>
        </testcase>
        <testcase name="unauthenticated_user_cannot_create_city" file="/www/wwwroot/jobportal.prus.dev/tests/Feature/Location/CityControllerTest.php" line="97" class="Tests\Feature\Location\CityControllerTest" classname="Tests.Feature.Location.CityControllerTest" assertions="0" time="0.000000">
          <error type="Error">Tests\Feature\Location\CityControllerTest::unauthenticated_user_cannot_create_city
Error: Class "App\Models\User" not found

/www/wwwroot/jobportal.prus.dev/tests/Feature/Location/CityControllerTest.php:34</error>
        </testcase>
        <testcase name="admin_can_update_city" file="/www/wwwroot/jobportal.prus.dev/tests/Feature/Location/CityControllerTest.php" line="110" class="Tests\Feature\Location\CityControllerTest" classname="Tests.Feature.Location.CityControllerTest" assertions="0" time="0.000000">
          <error type="Error">Tests\Feature\Location\CityControllerTest::admin_can_update_city
Error: Class "App\Models\User" not found

/www/wwwroot/jobportal.prus.dev/tests/Feature/Location/CityControllerTest.php:34</error>
        </testcase>
        <testcase name="admin_can_delete_city" file="/www/wwwroot/jobportal.prus.dev/tests/Feature/Location/CityControllerTest.php" line="131" class="Tests\Feature\Location\CityControllerTest" classname="Tests.Feature.Location.CityControllerTest" assertions="0" time="0.000000">
          <error type="Error">Tests\Feature\Location\CityControllerTest::admin_can_delete_city
Error: Class "App\Models\User" not found

/www/wwwroot/jobportal.prus.dev/tests/Feature/Location/CityControllerTest.php:34</error>
        </testcase>
        <testcase name="validation_fails_with_invalid_data" file="/www/wwwroot/jobportal.prus.dev/tests/Feature/Location/CityControllerTest.php" line="147" class="Tests\Feature\Location\CityControllerTest" classname="Tests.Feature.Location.CityControllerTest" assertions="0" time="0.000000">
          <error type="Error">Tests\Feature\Location\CityControllerTest::validation_fails_with_invalid_data
Error: Class "App\Models\User" not found

/www/wwwroot/jobportal.prus.dev/tests/Feature/Location/CityControllerTest.php:34</error>
        </testcase>
        <testcase name="validation_fails_with_duplicate_name" file="/www/wwwroot/jobportal.prus.dev/tests/Feature/Location/CityControllerTest.php" line="162" class="Tests\Feature\Location\CityControllerTest" classname="Tests.Feature.Location.CityControllerTest" assertions="0" time="0.000000">
          <error type="Error">Tests\Feature\Location\CityControllerTest::validation_fails_with_duplicate_name
Error: Class "App\Models\User" not found

/www/wwwroot/jobportal.prus.dev/tests/Feature/Location/CityControllerTest.php:34</error>
        </testcase>
        <testcase name="can_list_citys" file="/www/wwwroot/jobportal.prus.dev/tests/Feature/Location/CityControllerTest.php" line="181" class="Tests\Feature\Location\CityControllerTest" classname="Tests.Feature.Location.CityControllerTest" assertions="0" time="0.000000">
          <error type="Error">Tests\Feature\Location\CityControllerTest::can_list_citys
Error: Class "App\Models\User" not found

/www/wwwroot/jobportal.prus.dev/tests/Feature/Location/CityControllerTest.php:34</error>
        </testcase>
        <testcase name="can_show_single_city" file="/www/wwwroot/jobportal.prus.dev/tests/Feature/Location/CityControllerTest.php" line="198" class="Tests\Feature\Location\CityControllerTest" classname="Tests.Feature.Location.CityControllerTest" assertions="0" time="0.000000">
          <error type="Error">Tests\Feature\Location\CityControllerTest::can_show_single_city
Error: Class "App\Models\User" not found

/www/wwwroot/jobportal.prus.dev/tests/Feature/Location/CityControllerTest.php:34</error>
        </testcase>
      </testsuite>
      <testsuite name="Tests\Feature\Location\CountryControllerTest" file="/www/wwwroot/jobportal.prus.dev/tests/Feature/Location/CountryControllerTest.php" tests="10" assertions="0" errors="10" failures="0" skipped="0" time="0.000000">
        <testcase name="admin_can_create_country" file="/www/wwwroot/jobportal.prus.dev/tests/Feature/Location/CountryControllerTest.php" line="45" class="Tests\Feature\Location\CountryControllerTest" classname="Tests.Feature.Location.CountryControllerTest" assertions="0" time="0.000000">
          <error type="Error">Tests\Feature\Location\CountryControllerTest::admin_can_create_country
Error: Class "App\Models\User" not found

/www/wwwroot/jobportal.prus.dev/tests/Feature/Location/CountryControllerTest.php:34</error>
        </testcase>
        <testcase name="employer_can_create_country" file="/www/wwwroot/jobportal.prus.dev/tests/Feature/Location/CountryControllerTest.php" line="69" class="Tests\Feature\Location\CountryControllerTest" classname="Tests.Feature.Location.CountryControllerTest" assertions="0" time="0.000000">
          <error type="Error">Tests\Feature\Location\CountryControllerTest::employer_can_create_country
Error: Class "App\Models\User" not found

/www/wwwroot/jobportal.prus.dev/tests/Feature/Location/CountryControllerTest.php:34</error>
        </testcase>
        <testcase name="candidate_cannot_create_country" file="/www/wwwroot/jobportal.prus.dev/tests/Feature/Location/CountryControllerTest.php" line="86" class="Tests\Feature\Location\CountryControllerTest" classname="Tests.Feature.Location.CountryControllerTest" assertions="0" time="0.000000">
          <error type="Error">Tests\Feature\Location\CountryControllerTest::candidate_cannot_create_country
Error: Class "App\Models\User" not found

/www/wwwroot/jobportal.prus.dev/tests/Feature/Location/CountryControllerTest.php:34</error>
        </testcase>
        <testcase name="unauthenticated_user_cannot_create_country" file="/www/wwwroot/jobportal.prus.dev/tests/Feature/Location/CountryControllerTest.php" line="103" class="Tests\Feature\Location\CountryControllerTest" classname="Tests.Feature.Location.CountryControllerTest" assertions="0" time="0.000000">
          <error type="Error">Tests\Feature\Location\CountryControllerTest::unauthenticated_user_cannot_create_country
Error: Class "App\Models\User" not found

/www/wwwroot/jobportal.prus.dev/tests/Feature/Location/CountryControllerTest.php:34</error>
        </testcase>
        <testcase name="admin_can_update_country" file="/www/wwwroot/jobportal.prus.dev/tests/Feature/Location/CountryControllerTest.php" line="118" class="Tests\Feature\Location\CountryControllerTest" classname="Tests.Feature.Location.CountryControllerTest" assertions="0" time="0.000000">
          <error type="Error">Tests\Feature\Location\CountryControllerTest::admin_can_update_country
Error: Class "App\Models\User" not found

/www/wwwroot/jobportal.prus.dev/tests/Feature/Location/CountryControllerTest.php:34</error>
        </testcase>
        <testcase name="admin_can_delete_country" file="/www/wwwroot/jobportal.prus.dev/tests/Feature/Location/CountryControllerTest.php" line="141" class="Tests\Feature\Location\CountryControllerTest" classname="Tests.Feature.Location.CountryControllerTest" assertions="0" time="0.000000">
          <error type="Error">Tests\Feature\Location\CountryControllerTest::admin_can_delete_country
Error: Class "App\Models\User" not found

/www/wwwroot/jobportal.prus.dev/tests/Feature/Location/CountryControllerTest.php:34</error>
        </testcase>
        <testcase name="validation_fails_with_invalid_data" file="/www/wwwroot/jobportal.prus.dev/tests/Feature/Location/CountryControllerTest.php" line="157" class="Tests\Feature\Location\CountryControllerTest" classname="Tests.Feature.Location.CountryControllerTest" assertions="0" time="0.000000">
          <error type="Error">Tests\Feature\Location\CountryControllerTest::validation_fails_with_invalid_data
Error: Class "App\Models\User" not found

/www/wwwroot/jobportal.prus.dev/tests/Feature/Location/CountryControllerTest.php:34</error>
        </testcase>
        <testcase name="validation_fails_with_duplicate_name" file="/www/wwwroot/jobportal.prus.dev/tests/Feature/Location/CountryControllerTest.php" line="172" class="Tests\Feature\Location\CountryControllerTest" classname="Tests.Feature.Location.CountryControllerTest" assertions="0" time="0.000000">
          <error type="Error">Tests\Feature\Location\CountryControllerTest::validation_fails_with_duplicate_name
Error: Class "App\Models\User" not found

/www/wwwroot/jobportal.prus.dev/tests/Feature/Location/CountryControllerTest.php:34</error>
        </testcase>
        <testcase name="can_list_countrys" file="/www/wwwroot/jobportal.prus.dev/tests/Feature/Location/CountryControllerTest.php" line="193" class="Tests\Feature\Location\CountryControllerTest" classname="Tests.Feature.Location.CountryControllerTest" assertions="0" time="0.000000">
          <error type="Error">Tests\Feature\Location\CountryControllerTest::can_list_countrys
Error: Class "App\Models\User" not found

/www/wwwroot/jobportal.prus.dev/tests/Feature/Location/CountryControllerTest.php:34</error>
        </testcase>
        <testcase name="can_show_single_country" file="/www/wwwroot/jobportal.prus.dev/tests/Feature/Location/CountryControllerTest.php" line="210" class="Tests\Feature\Location\CountryControllerTest" classname="Tests.Feature.Location.CountryControllerTest" assertions="0" time="0.000000">
          <error type="Error">Tests\Feature\Location\CountryControllerTest::can_show_single_country
Error: Class "App\Models\User" not found

/www/wwwroot/jobportal.prus.dev/tests/Feature/Location/CountryControllerTest.php:34</error>
        </testcase>
      </testsuite>
      <testsuite name="Tests\Feature\Location\StateControllerTest" file="/www/wwwroot/jobportal.prus.dev/tests/Feature/Location/StateControllerTest.php" tests="10" assertions="0" errors="10" failures="0" skipped="0" time="0.000000">
        <testcase name="admin_can_create_state" file="/www/wwwroot/jobportal.prus.dev/tests/Feature/Location/StateControllerTest.php" line="45" class="Tests\Feature\Location\StateControllerTest" classname="Tests.Feature.Location.StateControllerTest" assertions="0" time="0.000000">
          <error type="Error">Tests\Feature\Location\StateControllerTest::admin_can_create_state
Error: Class "App\Models\User" not found

/www/wwwroot/jobportal.prus.dev/tests/Feature/Location/StateControllerTest.php:34</error>
        </testcase>
        <testcase name="employer_can_create_state" file="/www/wwwroot/jobportal.prus.dev/tests/Feature/Location/StateControllerTest.php" line="68" class="Tests\Feature\Location\StateControllerTest" classname="Tests.Feature.Location.StateControllerTest" assertions="0" time="0.000000">
          <error type="Error">Tests\Feature\Location\StateControllerTest::employer_can_create_state
Error: Class "App\Models\User" not found

/www/wwwroot/jobportal.prus.dev/tests/Feature/Location/StateControllerTest.php:34</error>
        </testcase>
        <testcase name="candidate_cannot_create_state" file="/www/wwwroot/jobportal.prus.dev/tests/Feature/Location/StateControllerTest.php" line="84" class="Tests\Feature\Location\StateControllerTest" classname="Tests.Feature.Location.StateControllerTest" assertions="0" time="0.000000">
          <error type="Error">Tests\Feature\Location\StateControllerTest::candidate_cannot_create_state
Error: Class "App\Models\User" not found

/www/wwwroot/jobportal.prus.dev/tests/Feature/Location/StateControllerTest.php:34</error>
        </testcase>
        <testcase name="unauthenticated_user_cannot_create_state" file="/www/wwwroot/jobportal.prus.dev/tests/Feature/Location/StateControllerTest.php" line="100" class="Tests\Feature\Location\StateControllerTest" classname="Tests.Feature.Location.StateControllerTest" assertions="0" time="0.000000">
          <error type="Error">Tests\Feature\Location\StateControllerTest::unauthenticated_user_cannot_create_state
Error: Class "App\Models\User" not found

/www/wwwroot/jobportal.prus.dev/tests/Feature/Location/StateControllerTest.php:34</error>
        </testcase>
        <testcase name="admin_can_update_state" file="/www/wwwroot/jobportal.prus.dev/tests/Feature/Location/StateControllerTest.php" line="114" class="Tests\Feature\Location\StateControllerTest" classname="Tests.Feature.Location.StateControllerTest" assertions="0" time="0.000000">
          <error type="Error">Tests\Feature\Location\StateControllerTest::admin_can_update_state
Error: Class "App\Models\User" not found

/www/wwwroot/jobportal.prus.dev/tests/Feature/Location/StateControllerTest.php:34</error>
        </testcase>
        <testcase name="admin_can_delete_state" file="/www/wwwroot/jobportal.prus.dev/tests/Feature/Location/StateControllerTest.php" line="136" class="Tests\Feature\Location\StateControllerTest" classname="Tests.Feature.Location.StateControllerTest" assertions="0" time="0.000000">
          <error type="Error">Tests\Feature\Location\StateControllerTest::admin_can_delete_state
Error: Class "App\Models\User" not found

/www/wwwroot/jobportal.prus.dev/tests/Feature/Location/StateControllerTest.php:34</error>
        </testcase>
        <testcase name="validation_fails_with_invalid_data" file="/www/wwwroot/jobportal.prus.dev/tests/Feature/Location/StateControllerTest.php" line="152" class="Tests\Feature\Location\StateControllerTest" classname="Tests.Feature.Location.StateControllerTest" assertions="0" time="0.000000">
          <error type="Error">Tests\Feature\Location\StateControllerTest::validation_fails_with_invalid_data
Error: Class "App\Models\User" not found

/www/wwwroot/jobportal.prus.dev/tests/Feature/Location/StateControllerTest.php:34</error>
        </testcase>
        <testcase name="validation_fails_with_duplicate_name" file="/www/wwwroot/jobportal.prus.dev/tests/Feature/Location/StateControllerTest.php" line="167" class="Tests\Feature\Location\StateControllerTest" classname="Tests.Feature.Location.StateControllerTest" assertions="0" time="0.000000">
          <error type="Error">Tests\Feature\Location\StateControllerTest::validation_fails_with_duplicate_name
Error: Class "App\Models\User" not found

/www/wwwroot/jobportal.prus.dev/tests/Feature/Location/StateControllerTest.php:34</error>
        </testcase>
        <testcase name="can_list_states" file="/www/wwwroot/jobportal.prus.dev/tests/Feature/Location/StateControllerTest.php" line="187" class="Tests\Feature\Location\StateControllerTest" classname="Tests.Feature.Location.StateControllerTest" assertions="0" time="0.000000">
          <error type="Error">Tests\Feature\Location\StateControllerTest::can_list_states
Error: Class "App\Models\User" not found

/www/wwwroot/jobportal.prus.dev/tests/Feature/Location/StateControllerTest.php:34</error>
        </testcase>
        <testcase name="can_show_single_state" file="/www/wwwroot/jobportal.prus.dev/tests/Feature/Location/StateControllerTest.php" line="204" class="Tests\Feature\Location\StateControllerTest" classname="Tests.Feature.Location.StateControllerTest" assertions="0" time="0.000000">
          <error type="Error">Tests\Feature\Location\StateControllerTest::can_show_single_state
Error: Class "App\Models\User" not found

/www/wwwroot/jobportal.prus.dev/tests/Feature/Location/StateControllerTest.php:34</error>
        </testcase>
      </testsuite>
      <testsuite name="Tests\Feature\LocationControllerTest" file="/www/wwwroot/jobportal.prus.dev/tests/Feature/LocationControllerTest.php" tests="17" assertions="0" errors="17" failures="0" skipped="0" time="0.000000">
        <testcase name="test_index_displays_correctly" file="/www/wwwroot/jobportal.prus.dev/tests/Feature/LocationControllerTest.php" line="36" class="Tests\Feature\LocationControllerTest" classname="Tests.Feature.LocationControllerTest" assertions="0" time="0.000000">
          <error type="Error">Tests\Feature\LocationControllerTest::test_index_displays_correctly
Error: Class "App\Models\User" not found

/www/wwwroot/jobportal.prus.dev/tests/Feature/LocationControllerTest.php:30</error>
        </testcase>
        <testcase name="test_guest_can_access_public_pages" file="/www/wwwroot/jobportal.prus.dev/tests/Feature/LocationControllerTest.php" line="48" class="Tests\Feature\LocationControllerTest" classname="Tests.Feature.LocationControllerTest" assertions="0" time="0.000000">
          <error type="Error">Tests\Feature\LocationControllerTest::test_guest_can_access_public_pages
Error: Class "App\Models\User" not found

/www/wwwroot/jobportal.prus.dev/tests/Feature/LocationControllerTest.php:30</error>
        </testcase>
        <testcase name="test_authenticated_user_access" file="/www/wwwroot/jobportal.prus.dev/tests/Feature/LocationControllerTest.php" line="59" class="Tests\Feature\LocationControllerTest" classname="Tests.Feature.LocationControllerTest" assertions="0" time="0.000000">
          <error type="Error">Tests\Feature\LocationControllerTest::test_authenticated_user_access
Error: Class "App\Models\User" not found

/www/wwwroot/jobportal.prus.dev/tests/Feature/LocationControllerTest.php:30</error>
        </testcase>
        <testcase name="test_create_displays_form" file="/www/wwwroot/jobportal.prus.dev/tests/Feature/LocationControllerTest.php" line="71" class="Tests\Feature\LocationControllerTest" classname="Tests.Feature.LocationControllerTest" assertions="0" time="0.000000">
          <error type="Error">Tests\Feature\LocationControllerTest::test_create_displays_form
Error: Class "App\Models\User" not found

/www/wwwroot/jobportal.prus.dev/tests/Feature/LocationControllerTest.php:30</error>
        </testcase>
        <testcase name="test_store_creates_new_record" file="/www/wwwroot/jobportal.prus.dev/tests/Feature/LocationControllerTest.php" line="83" class="Tests\Feature\LocationControllerTest" classname="Tests.Feature.LocationControllerTest" assertions="0" time="0.000000">
          <error type="Error">Tests\Feature\LocationControllerTest::test_store_creates_new_record
Error: Class "App\Models\User" not found

/www/wwwroot/jobportal.prus.dev/tests/Feature/LocationControllerTest.php:30</error>
        </testcase>
        <testcase name="test_store_validates_required_fields" file="/www/wwwroot/jobportal.prus.dev/tests/Feature/LocationControllerTest.php" line="102" class="Tests\Feature\LocationControllerTest" classname="Tests.Feature.LocationControllerTest" assertions="0" time="0.000000">
          <error type="Error">Tests\Feature\LocationControllerTest::test_store_validates_required_fields
Error: Class "App\Models\User" not found

/www/wwwroot/jobportal.prus.dev/tests/Feature/LocationControllerTest.php:30</error>
        </testcase>
        <testcase name="test_show_displays_record" file="/www/wwwroot/jobportal.prus.dev/tests/Feature/LocationControllerTest.php" line="114" class="Tests\Feature\LocationControllerTest" classname="Tests.Feature.LocationControllerTest" assertions="0" time="0.000000">
          <error type="Error">Tests\Feature\LocationControllerTest::test_show_displays_record
Error: Class "App\Models\User" not found

/www/wwwroot/jobportal.prus.dev/tests/Feature/LocationControllerTest.php:30</error>
        </testcase>
        <testcase name="test_edit_displays_form" file="/www/wwwroot/jobportal.prus.dev/tests/Feature/LocationControllerTest.php" line="128" class="Tests\Feature\LocationControllerTest" classname="Tests.Feature.LocationControllerTest" assertions="0" time="0.000000">
          <error type="Error">Tests\Feature\LocationControllerTest::test_edit_displays_form
Error: Class "App\Models\User" not found

/www/wwwroot/jobportal.prus.dev/tests/Feature/LocationControllerTest.php:30</error>
        </testcase>
        <testcase name="test_update_modifies_record" file="/www/wwwroot/jobportal.prus.dev/tests/Feature/LocationControllerTest.php" line="139" class="Tests\Feature\LocationControllerTest" classname="Tests.Feature.LocationControllerTest" assertions="0" time="0.000000">
          <error type="Error">Tests\Feature\LocationControllerTest::test_update_modifies_record
Error: Class "App\Models\User" not found

/www/wwwroot/jobportal.prus.dev/tests/Feature/LocationControllerTest.php:30</error>
        </testcase>
        <testcase name="test_destroy_deletes_record" file="/www/wwwroot/jobportal.prus.dev/tests/Feature/LocationControllerTest.php" line="156" class="Tests\Feature\LocationControllerTest" classname="Tests.Feature.LocationControllerTest" assertions="0" time="0.000000">
          <error type="Error">Tests\Feature\LocationControllerTest::test_destroy_deletes_record
Error: Class "App\Models\User" not found

/www/wwwroot/jobportal.prus.dev/tests/Feature/LocationControllerTest.php:30</error>
        </testcase>
        <testcase name="test_unauthorized_access_is_prevented" file="/www/wwwroot/jobportal.prus.dev/tests/Feature/LocationControllerTest.php" line="168" class="Tests\Feature\LocationControllerTest" classname="Tests.Feature.LocationControllerTest" assertions="0" time="0.000000">
          <error type="Error">Tests\Feature\LocationControllerTest::test_unauthorized_access_is_prevented
Error: Class "App\Models\User" not found

/www/wwwroot/jobportal.prus.dev/tests/Feature/LocationControllerTest.php:30</error>
        </testcase>
        <testcase name="test_handles_invalid_input_gracefully" file="/www/wwwroot/jobportal.prus.dev/tests/Feature/LocationControllerTest.php" line="179" class="Tests\Feature\LocationControllerTest" classname="Tests.Feature.LocationControllerTest" assertions="0" time="0.000000">
          <error type="Error">Tests\Feature\LocationControllerTest::test_handles_invalid_input_gracefully
Error: Class "App\Models\User" not found

/www/wwwroot/jobportal.prus.dev/tests/Feature/LocationControllerTest.php:30</error>
        </testcase>
        <testcase name="test_search_functionality" file="/www/wwwroot/jobportal.prus.dev/tests/Feature/LocationControllerTest.php" line="196" class="Tests\Feature\LocationControllerTest" classname="Tests.Feature.LocationControllerTest" assertions="0" time="0.000000">
          <error type="Error">Tests\Feature\LocationControllerTest::test_search_functionality
Error: Class "App\Models\User" not found

/www/wwwroot/jobportal.prus.dev/tests/Feature/LocationControllerTest.php:30</error>
        </testcase>
        <testcase name="test_pagination_works_correctly" file="/www/wwwroot/jobportal.prus.dev/tests/Feature/LocationControllerTest.php" line="210" class="Tests\Feature\LocationControllerTest" classname="Tests.Feature.LocationControllerTest" assertions="0" time="0.000000">
          <error type="Error">Tests\Feature\LocationControllerTest::test_pagination_works_correctly
Error: Class "App\Models\User" not found

/www/wwwroot/jobportal.prus.dev/tests/Feature/LocationControllerTest.php:30</error>
        </testcase>
        <testcase name="test_csrf_protection_is_enforced" file="/www/wwwroot/jobportal.prus.dev/tests/Feature/LocationControllerTest.php" line="221" class="Tests\Feature\LocationControllerTest" classname="Tests.Feature.LocationControllerTest" assertions="0" time="0.000000">
          <error type="Error">Tests\Feature\LocationControllerTest::test_csrf_protection_is_enforced
Error: Class "App\Models\User" not found

/www/wwwroot/jobportal.prus.dev/tests/Feature/LocationControllerTest.php:30</error>
        </testcase>
        <testcase name="test_rate_limiting_prevents_abuse" file="/www/wwwroot/jobportal.prus.dev/tests/Feature/LocationControllerTest.php" line="233" class="Tests\Feature\LocationControllerTest" classname="Tests.Feature.LocationControllerTest" assertions="0" time="0.000000">
          <error type="Error">Tests\Feature\LocationControllerTest::test_rate_limiting_prevents_abuse
Error: Class "App\Models\User" not found

/www/wwwroot/jobportal.prus.dev/tests/Feature/LocationControllerTest.php:30</error>
        </testcase>
        <testcase name="test_handles_server_errors_gracefully" file="/www/wwwroot/jobportal.prus.dev/tests/Feature/LocationControllerTest.php" line="248" class="Tests\Feature\LocationControllerTest" classname="Tests.Feature.LocationControllerTest" assertions="0" time="0.000000">
          <error type="Error">Tests\Feature\LocationControllerTest::test_handles_server_errors_gracefully
Error: Class "App\Models\User" not found

/www/wwwroot/jobportal.prus.dev/tests/Feature/LocationControllerTest.php:30</error>
        </testcase>
      </testsuite>
      <testsuite name="Tests\Feature\MasterData\CareerLevelControllerTest" file="/www/wwwroot/jobportal.prus.dev/tests/Feature/MasterData/CareerLevelControllerTest.php" tests="10" assertions="0" errors="10" failures="0" skipped="0" time="0.000000">
        <testcase name="admin_can_create_careerlevel" file="/www/wwwroot/jobportal.prus.dev/tests/Feature/MasterData/CareerLevelControllerTest.php" line="45" class="Tests\Feature\MasterData\CareerLevelControllerTest" classname="Tests.Feature.MasterData.CareerLevelControllerTest" assertions="0" time="0.000000">
          <error type="Error">Tests\Feature\MasterData\CareerLevelControllerTest::admin_can_create_careerlevel
Error: Class "App\Models\User" not found

/www/wwwroot/jobportal.prus.dev/tests/Feature/MasterData/CareerLevelControllerTest.php:34</error>
        </testcase>
        <testcase name="employer_can_create_careerlevel" file="/www/wwwroot/jobportal.prus.dev/tests/Feature/MasterData/CareerLevelControllerTest.php" line="69" class="Tests\Feature\MasterData\CareerLevelControllerTest" classname="Tests.Feature.MasterData.CareerLevelControllerTest" assertions="0" time="0.000000">
          <error type="Error">Tests\Feature\MasterData\CareerLevelControllerTest::employer_can_create_careerlevel
Error: Class "App\Models\User" not found

/www/wwwroot/jobportal.prus.dev/tests/Feature/MasterData/CareerLevelControllerTest.php:34</error>
        </testcase>
        <testcase name="candidate_cannot_create_careerlevel" file="/www/wwwroot/jobportal.prus.dev/tests/Feature/MasterData/CareerLevelControllerTest.php" line="86" class="Tests\Feature\MasterData\CareerLevelControllerTest" classname="Tests.Feature.MasterData.CareerLevelControllerTest" assertions="0" time="0.000000">
          <error type="Error">Tests\Feature\MasterData\CareerLevelControllerTest::candidate_cannot_create_careerlevel
Error: Class "App\Models\User" not found

/www/wwwroot/jobportal.prus.dev/tests/Feature/MasterData/CareerLevelControllerTest.php:34</error>
        </testcase>
        <testcase name="unauthenticated_user_cannot_create_careerlevel" file="/www/wwwroot/jobportal.prus.dev/tests/Feature/MasterData/CareerLevelControllerTest.php" line="103" class="Tests\Feature\MasterData\CareerLevelControllerTest" classname="Tests.Feature.MasterData.CareerLevelControllerTest" assertions="0" time="0.000000">
          <error type="Error">Tests\Feature\MasterData\CareerLevelControllerTest::unauthenticated_user_cannot_create_careerlevel
Error: Class "App\Models\User" not found

/www/wwwroot/jobportal.prus.dev/tests/Feature/MasterData/CareerLevelControllerTest.php:34</error>
        </testcase>
        <testcase name="admin_can_update_careerlevel" file="/www/wwwroot/jobportal.prus.dev/tests/Feature/MasterData/CareerLevelControllerTest.php" line="118" class="Tests\Feature\MasterData\CareerLevelControllerTest" classname="Tests.Feature.MasterData.CareerLevelControllerTest" assertions="0" time="0.000000">
          <error type="Error">Tests\Feature\MasterData\CareerLevelControllerTest::admin_can_update_careerlevel
Error: Class "App\Models\User" not found

/www/wwwroot/jobportal.prus.dev/tests/Feature/MasterData/CareerLevelControllerTest.php:34</error>
        </testcase>
        <testcase name="admin_can_delete_careerlevel" file="/www/wwwroot/jobportal.prus.dev/tests/Feature/MasterData/CareerLevelControllerTest.php" line="141" class="Tests\Feature\MasterData\CareerLevelControllerTest" classname="Tests.Feature.MasterData.CareerLevelControllerTest" assertions="0" time="0.000000">
          <error type="Error">Tests\Feature\MasterData\CareerLevelControllerTest::admin_can_delete_careerlevel
Error: Class "App\Models\User" not found

/www/wwwroot/jobportal.prus.dev/tests/Feature/MasterData/CareerLevelControllerTest.php:34</error>
        </testcase>
        <testcase name="validation_fails_with_invalid_data" file="/www/wwwroot/jobportal.prus.dev/tests/Feature/MasterData/CareerLevelControllerTest.php" line="157" class="Tests\Feature\MasterData\CareerLevelControllerTest" classname="Tests.Feature.MasterData.CareerLevelControllerTest" assertions="0" time="0.000000">
          <error type="Error">Tests\Feature\MasterData\CareerLevelControllerTest::validation_fails_with_invalid_data
Error: Class "App\Models\User" not found

/www/wwwroot/jobportal.prus.dev/tests/Feature/MasterData/CareerLevelControllerTest.php:34</error>
        </testcase>
        <testcase name="validation_fails_with_duplicate_name" file="/www/wwwroot/jobportal.prus.dev/tests/Feature/MasterData/CareerLevelControllerTest.php" line="172" class="Tests\Feature\MasterData\CareerLevelControllerTest" classname="Tests.Feature.MasterData.CareerLevelControllerTest" assertions="0" time="0.000000">
          <error type="Error">Tests\Feature\MasterData\CareerLevelControllerTest::validation_fails_with_duplicate_name
Error: Class "App\Models\User" not found

/www/wwwroot/jobportal.prus.dev/tests/Feature/MasterData/CareerLevelControllerTest.php:34</error>
        </testcase>
        <testcase name="can_list_careerlevels" file="/www/wwwroot/jobportal.prus.dev/tests/Feature/MasterData/CareerLevelControllerTest.php" line="193" class="Tests\Feature\MasterData\CareerLevelControllerTest" classname="Tests.Feature.MasterData.CareerLevelControllerTest" assertions="0" time="0.000000">
          <error type="Error">Tests\Feature\MasterData\CareerLevelControllerTest::can_list_careerlevels
Error: Class "App\Models\User" not found

/www/wwwroot/jobportal.prus.dev/tests/Feature/MasterData/CareerLevelControllerTest.php:34</error>
        </testcase>
        <testcase name="can_show_single_careerlevel" file="/www/wwwroot/jobportal.prus.dev/tests/Feature/MasterData/CareerLevelControllerTest.php" line="210" class="Tests\Feature\MasterData\CareerLevelControllerTest" classname="Tests.Feature.MasterData.CareerLevelControllerTest" assertions="0" time="0.000000">
          <error type="Error">Tests\Feature\MasterData\CareerLevelControllerTest::can_show_single_careerlevel
Error: Class "App\Models\User" not found

/www/wwwroot/jobportal.prus.dev/tests/Feature/MasterData/CareerLevelControllerTest.php:34</error>
        </testcase>
      </testsuite>
      <testsuite name="Tests\Feature\MasterData\CompanySizeControllerTest" file="/www/wwwroot/jobportal.prus.dev/tests/Feature/MasterData/CompanySizeControllerTest.php" tests="10" assertions="0" errors="10" failures="0" skipped="0" time="0.000000">
        <testcase name="admin_can_create_companysize" file="/www/wwwroot/jobportal.prus.dev/tests/Feature/MasterData/CompanySizeControllerTest.php" line="45" class="Tests\Feature\MasterData\CompanySizeControllerTest" classname="Tests.Feature.MasterData.CompanySizeControllerTest" assertions="0" time="0.000000">
          <error type="Error">Tests\Feature\MasterData\CompanySizeControllerTest::admin_can_create_companysize
Error: Class "App\Models\User" not found

/www/wwwroot/jobportal.prus.dev/tests/Feature/MasterData/CompanySizeControllerTest.php:34</error>
        </testcase>
        <testcase name="employer_can_create_companysize" file="/www/wwwroot/jobportal.prus.dev/tests/Feature/MasterData/CompanySizeControllerTest.php" line="69" class="Tests\Feature\MasterData\CompanySizeControllerTest" classname="Tests.Feature.MasterData.CompanySizeControllerTest" assertions="0" time="0.000000">
          <error type="Error">Tests\Feature\MasterData\CompanySizeControllerTest::employer_can_create_companysize
Error: Class "App\Models\User" not found

/www/wwwroot/jobportal.prus.dev/tests/Feature/MasterData/CompanySizeControllerTest.php:34</error>
        </testcase>
        <testcase name="candidate_cannot_create_companysize" file="/www/wwwroot/jobportal.prus.dev/tests/Feature/MasterData/CompanySizeControllerTest.php" line="86" class="Tests\Feature\MasterData\CompanySizeControllerTest" classname="Tests.Feature.MasterData.CompanySizeControllerTest" assertions="0" time="0.000000">
          <error type="Error">Tests\Feature\MasterData\CompanySizeControllerTest::candidate_cannot_create_companysize
Error: Class "App\Models\User" not found

/www/wwwroot/jobportal.prus.dev/tests/Feature/MasterData/CompanySizeControllerTest.php:34</error>
        </testcase>
        <testcase name="unauthenticated_user_cannot_create_companysize" file="/www/wwwroot/jobportal.prus.dev/tests/Feature/MasterData/CompanySizeControllerTest.php" line="103" class="Tests\Feature\MasterData\CompanySizeControllerTest" classname="Tests.Feature.MasterData.CompanySizeControllerTest" assertions="0" time="0.000000">
          <error type="Error">Tests\Feature\MasterData\CompanySizeControllerTest::unauthenticated_user_cannot_create_companysize
Error: Class "App\Models\User" not found

/www/wwwroot/jobportal.prus.dev/tests/Feature/MasterData/CompanySizeControllerTest.php:34</error>
        </testcase>
        <testcase name="admin_can_update_companysize" file="/www/wwwroot/jobportal.prus.dev/tests/Feature/MasterData/CompanySizeControllerTest.php" line="118" class="Tests\Feature\MasterData\CompanySizeControllerTest" classname="Tests.Feature.MasterData.CompanySizeControllerTest" assertions="0" time="0.000000">
          <error type="Error">Tests\Feature\MasterData\CompanySizeControllerTest::admin_can_update_companysize
Error: Class "App\Models\User" not found

/www/wwwroot/jobportal.prus.dev/tests/Feature/MasterData/CompanySizeControllerTest.php:34</error>
        </testcase>
        <testcase name="admin_can_delete_companysize" file="/www/wwwroot/jobportal.prus.dev/tests/Feature/MasterData/CompanySizeControllerTest.php" line="141" class="Tests\Feature\MasterData\CompanySizeControllerTest" classname="Tests.Feature.MasterData.CompanySizeControllerTest" assertions="0" time="0.000000">
          <error type="Error">Tests\Feature\MasterData\CompanySizeControllerTest::admin_can_delete_companysize
Error: Class "App\Models\User" not found

/www/wwwroot/jobportal.prus.dev/tests/Feature/MasterData/CompanySizeControllerTest.php:34</error>
        </testcase>
        <testcase name="validation_fails_with_invalid_data" file="/www/wwwroot/jobportal.prus.dev/tests/Feature/MasterData/CompanySizeControllerTest.php" line="157" class="Tests\Feature\MasterData\CompanySizeControllerTest" classname="Tests.Feature.MasterData.CompanySizeControllerTest" assertions="0" time="0.000000">
          <error type="Error">Tests\Feature\MasterData\CompanySizeControllerTest::validation_fails_with_invalid_data
Error: Class "App\Models\User" not found

/www/wwwroot/jobportal.prus.dev/tests/Feature/MasterData/CompanySizeControllerTest.php:34</error>
        </testcase>
        <testcase name="validation_fails_with_duplicate_name" file="/www/wwwroot/jobportal.prus.dev/tests/Feature/MasterData/CompanySizeControllerTest.php" line="172" class="Tests\Feature\MasterData\CompanySizeControllerTest" classname="Tests.Feature.MasterData.CompanySizeControllerTest" assertions="0" time="0.000000">
          <error type="Error">Tests\Feature\MasterData\CompanySizeControllerTest::validation_fails_with_duplicate_name
Error: Class "App\Models\User" not found

/www/wwwroot/jobportal.prus.dev/tests/Feature/MasterData/CompanySizeControllerTest.php:34</error>
        </testcase>
        <testcase name="can_list_companysizes" file="/www/wwwroot/jobportal.prus.dev/tests/Feature/MasterData/CompanySizeControllerTest.php" line="193" class="Tests\Feature\MasterData\CompanySizeControllerTest" classname="Tests.Feature.MasterData.CompanySizeControllerTest" assertions="0" time="0.000000">
          <error type="Error">Tests\Feature\MasterData\CompanySizeControllerTest::can_list_companysizes
Error: Class "App\Models\User" not found

/www/wwwroot/jobportal.prus.dev/tests/Feature/MasterData/CompanySizeControllerTest.php:34</error>
        </testcase>
        <testcase name="can_show_single_companysize" file="/www/wwwroot/jobportal.prus.dev/tests/Feature/MasterData/CompanySizeControllerTest.php" line="210" class="Tests\Feature\MasterData\CompanySizeControllerTest" classname="Tests.Feature.MasterData.CompanySizeControllerTest" assertions="0" time="0.000000">
          <error type="Error">Tests\Feature\MasterData\CompanySizeControllerTest::can_show_single_companysize
Error: Class "App\Models\User" not found

/www/wwwroot/jobportal.prus.dev/tests/Feature/MasterData/CompanySizeControllerTest.php:34</error>
        </testcase>
      </testsuite>
      <testsuite name="Tests\Feature\MasterData\FunctionalAreaControllerTest" file="/www/wwwroot/jobportal.prus.dev/tests/Feature/MasterData/FunctionalAreaControllerTest.php" tests="10" assertions="0" errors="10" failures="0" skipped="0" time="0.000000">
        <testcase name="admin_can_create_functionalarea" file="/www/wwwroot/jobportal.prus.dev/tests/Feature/MasterData/FunctionalAreaControllerTest.php" line="45" class="Tests\Feature\MasterData\FunctionalAreaControllerTest" classname="Tests.Feature.MasterData.FunctionalAreaControllerTest" assertions="0" time="0.000000">
          <error type="Error">Tests\Feature\MasterData\FunctionalAreaControllerTest::admin_can_create_functionalarea
Error: Class "App\Models\User" not found

/www/wwwroot/jobportal.prus.dev/tests/Feature/MasterData/FunctionalAreaControllerTest.php:34</error>
        </testcase>
        <testcase name="employer_can_create_functionalarea" file="/www/wwwroot/jobportal.prus.dev/tests/Feature/MasterData/FunctionalAreaControllerTest.php" line="68" class="Tests\Feature\MasterData\FunctionalAreaControllerTest" classname="Tests.Feature.MasterData.FunctionalAreaControllerTest" assertions="0" time="0.000000">
          <error type="Error">Tests\Feature\MasterData\FunctionalAreaControllerTest::employer_can_create_functionalarea
Error: Class "App\Models\User" not found

/www/wwwroot/jobportal.prus.dev/tests/Feature/MasterData/FunctionalAreaControllerTest.php:34</error>
        </testcase>
        <testcase name="candidate_cannot_create_functionalarea" file="/www/wwwroot/jobportal.prus.dev/tests/Feature/MasterData/FunctionalAreaControllerTest.php" line="84" class="Tests\Feature\MasterData\FunctionalAreaControllerTest" classname="Tests.Feature.MasterData.FunctionalAreaControllerTest" assertions="0" time="0.000000">
          <error type="Error">Tests\Feature\MasterData\FunctionalAreaControllerTest::candidate_cannot_create_functionalarea
Error: Class "App\Models\User" not found

/www/wwwroot/jobportal.prus.dev/tests/Feature/MasterData/FunctionalAreaControllerTest.php:34</error>
        </testcase>
        <testcase name="unauthenticated_user_cannot_create_functionalarea" file="/www/wwwroot/jobportal.prus.dev/tests/Feature/MasterData/FunctionalAreaControllerTest.php" line="100" class="Tests\Feature\MasterData\FunctionalAreaControllerTest" classname="Tests.Feature.MasterData.FunctionalAreaControllerTest" assertions="0" time="0.000000">
          <error type="Error">Tests\Feature\MasterData\FunctionalAreaControllerTest::unauthenticated_user_cannot_create_functionalarea
Error: Class "App\Models\User" not found

/www/wwwroot/jobportal.prus.dev/tests/Feature/MasterData/FunctionalAreaControllerTest.php:34</error>
        </testcase>
        <testcase name="admin_can_update_functionalarea" file="/www/wwwroot/jobportal.prus.dev/tests/Feature/MasterData/FunctionalAreaControllerTest.php" line="114" class="Tests\Feature\MasterData\FunctionalAreaControllerTest" classname="Tests.Feature.MasterData.FunctionalAreaControllerTest" assertions="0" time="0.000000">
          <error type="Error">Tests\Feature\MasterData\FunctionalAreaControllerTest::admin_can_update_functionalarea
Error: Class "App\Models\User" not found

/www/wwwroot/jobportal.prus.dev/tests/Feature/MasterData/FunctionalAreaControllerTest.php:34</error>
        </testcase>
        <testcase name="admin_can_delete_functionalarea" file="/www/wwwroot/jobportal.prus.dev/tests/Feature/MasterData/FunctionalAreaControllerTest.php" line="136" class="Tests\Feature\MasterData\FunctionalAreaControllerTest" classname="Tests.Feature.MasterData.FunctionalAreaControllerTest" assertions="0" time="0.000000">
          <error type="Error">Tests\Feature\MasterData\FunctionalAreaControllerTest::admin_can_delete_functionalarea
Error: Class "App\Models\User" not found

/www/wwwroot/jobportal.prus.dev/tests/Feature/MasterData/FunctionalAreaControllerTest.php:34</error>
        </testcase>
        <testcase name="validation_fails_with_invalid_data" file="/www/wwwroot/jobportal.prus.dev/tests/Feature/MasterData/FunctionalAreaControllerTest.php" line="152" class="Tests\Feature\MasterData\FunctionalAreaControllerTest" classname="Tests.Feature.MasterData.FunctionalAreaControllerTest" assertions="0" time="0.000000">
          <error type="Error">Tests\Feature\MasterData\FunctionalAreaControllerTest::validation_fails_with_invalid_data
Error: Class "App\Models\User" not found

/www/wwwroot/jobportal.prus.dev/tests/Feature/MasterData/FunctionalAreaControllerTest.php:34</error>
        </testcase>
        <testcase name="validation_fails_with_duplicate_name" file="/www/wwwroot/jobportal.prus.dev/tests/Feature/MasterData/FunctionalAreaControllerTest.php" line="167" class="Tests\Feature\MasterData\FunctionalAreaControllerTest" classname="Tests.Feature.MasterData.FunctionalAreaControllerTest" assertions="0" time="0.000000">
          <error type="Error">Tests\Feature\MasterData\FunctionalAreaControllerTest::validation_fails_with_duplicate_name
Error: Class "App\Models\User" not found

/www/wwwroot/jobportal.prus.dev/tests/Feature/MasterData/FunctionalAreaControllerTest.php:34</error>
        </testcase>
        <testcase name="can_list_functionalareas" file="/www/wwwroot/jobportal.prus.dev/tests/Feature/MasterData/FunctionalAreaControllerTest.php" line="187" class="Tests\Feature\MasterData\FunctionalAreaControllerTest" classname="Tests.Feature.MasterData.FunctionalAreaControllerTest" assertions="0" time="0.000000">
          <error type="Error">Tests\Feature\MasterData\FunctionalAreaControllerTest::can_list_functionalareas
Error: Class "App\Models\User" not found

/www/wwwroot/jobportal.prus.dev/tests/Feature/MasterData/FunctionalAreaControllerTest.php:34</error>
        </testcase>
        <testcase name="can_show_single_functionalarea" file="/www/wwwroot/jobportal.prus.dev/tests/Feature/MasterData/FunctionalAreaControllerTest.php" line="204" class="Tests\Feature\MasterData\FunctionalAreaControllerTest" classname="Tests.Feature.MasterData.FunctionalAreaControllerTest" assertions="0" time="0.000000">
          <error type="Error">Tests\Feature\MasterData\FunctionalAreaControllerTest::can_show_single_functionalarea
Error: Class "App\Models\User" not found

/www/wwwroot/jobportal.prus.dev/tests/Feature/MasterData/FunctionalAreaControllerTest.php:34</error>
        </testcase>
      </testsuite>
      <testsuite name="Tests\Feature\MasterData\IndustryControllerTest" file="/www/wwwroot/jobportal.prus.dev/tests/Feature/MasterData/IndustryControllerTest.php" tests="10" assertions="0" errors="10" failures="0" skipped="0" time="0.000000">
        <testcase name="admin_can_create_industry" file="/www/wwwroot/jobportal.prus.dev/tests/Feature/MasterData/IndustryControllerTest.php" line="45" class="Tests\Feature\MasterData\IndustryControllerTest" classname="Tests.Feature.MasterData.IndustryControllerTest" assertions="0" time="0.000000">
          <error type="Error">Tests\Feature\MasterData\IndustryControllerTest::admin_can_create_industry
Error: Class "App\Models\User" not found

/www/wwwroot/jobportal.prus.dev/tests/Feature/MasterData/IndustryControllerTest.php:34</error>
        </testcase>
        <testcase name="employer_can_create_industry" file="/www/wwwroot/jobportal.prus.dev/tests/Feature/MasterData/IndustryControllerTest.php" line="69" class="Tests\Feature\MasterData\IndustryControllerTest" classname="Tests.Feature.MasterData.IndustryControllerTest" assertions="0" time="0.000000">
          <error type="Error">Tests\Feature\MasterData\IndustryControllerTest::employer_can_create_industry
Error: Class "App\Models\User" not found

/www/wwwroot/jobportal.prus.dev/tests/Feature/MasterData/IndustryControllerTest.php:34</error>
        </testcase>
        <testcase name="candidate_cannot_create_industry" file="/www/wwwroot/jobportal.prus.dev/tests/Feature/MasterData/IndustryControllerTest.php" line="86" class="Tests\Feature\MasterData\IndustryControllerTest" classname="Tests.Feature.MasterData.IndustryControllerTest" assertions="0" time="0.000000">
          <error type="Error">Tests\Feature\MasterData\IndustryControllerTest::candidate_cannot_create_industry
Error: Class "App\Models\User" not found

/www/wwwroot/jobportal.prus.dev/tests/Feature/MasterData/IndustryControllerTest.php:34</error>
        </testcase>
        <testcase name="unauthenticated_user_cannot_create_industry" file="/www/wwwroot/jobportal.prus.dev/tests/Feature/MasterData/IndustryControllerTest.php" line="103" class="Tests\Feature\MasterData\IndustryControllerTest" classname="Tests.Feature.MasterData.IndustryControllerTest" assertions="0" time="0.000000">
          <error type="Error">Tests\Feature\MasterData\IndustryControllerTest::unauthenticated_user_cannot_create_industry
Error: Class "App\Models\User" not found

/www/wwwroot/jobportal.prus.dev/tests/Feature/MasterData/IndustryControllerTest.php:34</error>
        </testcase>
        <testcase name="admin_can_update_industry" file="/www/wwwroot/jobportal.prus.dev/tests/Feature/MasterData/IndustryControllerTest.php" line="118" class="Tests\Feature\MasterData\IndustryControllerTest" classname="Tests.Feature.MasterData.IndustryControllerTest" assertions="0" time="0.000000">
          <error type="Error">Tests\Feature\MasterData\IndustryControllerTest::admin_can_update_industry
Error: Class "App\Models\User" not found

/www/wwwroot/jobportal.prus.dev/tests/Feature/MasterData/IndustryControllerTest.php:34</error>
        </testcase>
        <testcase name="admin_can_delete_industry" file="/www/wwwroot/jobportal.prus.dev/tests/Feature/MasterData/IndustryControllerTest.php" line="141" class="Tests\Feature\MasterData\IndustryControllerTest" classname="Tests.Feature.MasterData.IndustryControllerTest" assertions="0" time="0.000000">
          <error type="Error">Tests\Feature\MasterData\IndustryControllerTest::admin_can_delete_industry
Error: Class "App\Models\User" not found

/www/wwwroot/jobportal.prus.dev/tests/Feature/MasterData/IndustryControllerTest.php:34</error>
        </testcase>
        <testcase name="validation_fails_with_invalid_data" file="/www/wwwroot/jobportal.prus.dev/tests/Feature/MasterData/IndustryControllerTest.php" line="157" class="Tests\Feature\MasterData\IndustryControllerTest" classname="Tests.Feature.MasterData.IndustryControllerTest" assertions="0" time="0.000000">
          <error type="Error">Tests\Feature\MasterData\IndustryControllerTest::validation_fails_with_invalid_data
Error: Class "App\Models\User" not found

/www/wwwroot/jobportal.prus.dev/tests/Feature/MasterData/IndustryControllerTest.php:34</error>
        </testcase>
        <testcase name="validation_fails_with_duplicate_name" file="/www/wwwroot/jobportal.prus.dev/tests/Feature/MasterData/IndustryControllerTest.php" line="172" class="Tests\Feature\MasterData\IndustryControllerTest" classname="Tests.Feature.MasterData.IndustryControllerTest" assertions="0" time="0.000000">
          <error type="Error">Tests\Feature\MasterData\IndustryControllerTest::validation_fails_with_duplicate_name
Error: Class "App\Models\User" not found

/www/wwwroot/jobportal.prus.dev/tests/Feature/MasterData/IndustryControllerTest.php:34</error>
        </testcase>
        <testcase name="can_list_industrys" file="/www/wwwroot/jobportal.prus.dev/tests/Feature/MasterData/IndustryControllerTest.php" line="193" class="Tests\Feature\MasterData\IndustryControllerTest" classname="Tests.Feature.MasterData.IndustryControllerTest" assertions="0" time="0.000000">
          <error type="Error">Tests\Feature\MasterData\IndustryControllerTest::can_list_industrys
Error: Class "App\Models\User" not found

/www/wwwroot/jobportal.prus.dev/tests/Feature/MasterData/IndustryControllerTest.php:34</error>
        </testcase>
        <testcase name="can_show_single_industry" file="/www/wwwroot/jobportal.prus.dev/tests/Feature/MasterData/IndustryControllerTest.php" line="210" class="Tests\Feature\MasterData\IndustryControllerTest" classname="Tests.Feature.MasterData.IndustryControllerTest" assertions="0" time="0.000000">
          <error type="Error">Tests\Feature\MasterData\IndustryControllerTest::can_show_single_industry
Error: Class "App\Models\User" not found

/www/wwwroot/jobportal.prus.dev/tests/Feature/MasterData/IndustryControllerTest.php:34</error>
        </testcase>
      </testsuite>
      <testsuite name="Tests\Feature\ModelSettingsIntegrationTest" file="/www/wwwroot/jobportal.prus.dev/tests/Feature/ModelSettingsIntegrationTest.php" tests="36" assertions="0" errors="36" failures="0" skipped="0" time="0.000000">
        <testcase name="it_can_check_if_settings_exist_and_are_empty" file="/www/wwwroot/jobportal.prus.dev/tests/Feature/ModelSettingsIntegrationTest.php" line="48" class="Tests\Feature\ModelSettingsIntegrationTest" classname="Tests.Feature.ModelSettingsIntegrationTest" assertions="0" time="0.000000">
          <error type="Error">Tests\Feature\ModelSettingsIntegrationTest::it_can_check_if_settings_exist_and_are_empty
Error: Class "App\Models\User" not found

/www/wwwroot/jobportal.prus.dev/tests/Feature/ModelSettingsIntegrationTest.php:39</error>
        </testcase>
        <testcase name="it_can_get_all_settings_with_defaults" file="/www/wwwroot/jobportal.prus.dev/tests/Feature/ModelSettingsIntegrationTest.php" line="65" class="Tests\Feature\ModelSettingsIntegrationTest" classname="Tests.Feature.ModelSettingsIntegrationTest" assertions="0" time="0.000000">
          <error type="Error">Tests\Feature\ModelSettingsIntegrationTest::it_can_get_all_settings_with_defaults
Error: Class "App\Models\User" not found

/www/wwwroot/jobportal.prus.dev/tests/Feature/ModelSettingsIntegrationTest.php:39</error>
        </testcase>
        <testcase name="it_can_get_specific_setting_with_default" file="/www/wwwroot/jobportal.prus.dev/tests/Feature/ModelSettingsIntegrationTest.php" line="77" class="Tests\Feature\ModelSettingsIntegrationTest" classname="Tests.Feature.ModelSettingsIntegrationTest" assertions="0" time="0.000000">
          <error type="Error">Tests\Feature\ModelSettingsIntegrationTest::it_can_get_specific_setting_with_default
Error: Class "App\Models\User" not found

/www/wwwroot/jobportal.prus.dev/tests/Feature/ModelSettingsIntegrationTest.php:39</error>
        </testcase>
        <testcase name="it_can_set_and_update_settings" file="/www/wwwroot/jobportal.prus.dev/tests/Feature/ModelSettingsIntegrationTest.php" line="89" class="Tests\Feature\ModelSettingsIntegrationTest" classname="Tests.Feature.ModelSettingsIntegrationTest" assertions="0" time="0.000000">
          <error type="Error">Tests\Feature\ModelSettingsIntegrationTest::it_can_set_and_update_settings
Error: Class "App\Models\User" not found

/www/wwwroot/jobportal.prus.dev/tests/Feature/ModelSettingsIntegrationTest.php:39</error>
        </testcase>
        <testcase name="it_can_apply_multiple_settings_at_once" file="/www/wwwroot/jobportal.prus.dev/tests/Feature/ModelSettingsIntegrationTest.php" line="110" class="Tests\Feature\ModelSettingsIntegrationTest" classname="Tests.Feature.ModelSettingsIntegrationTest" assertions="0" time="0.000000">
          <error type="Error">Tests\Feature\ModelSettingsIntegrationTest::it_can_apply_multiple_settings_at_once
Error: Class "App\Models\User" not found

/www/wwwroot/jobportal.prus.dev/tests/Feature/ModelSettingsIntegrationTest.php:39</error>
        </testcase>
        <testcase name="it_can_check_if_setting_exists" file="/www/wwwroot/jobportal.prus.dev/tests/Feature/ModelSettingsIntegrationTest.php" line="134" class="Tests\Feature\ModelSettingsIntegrationTest" classname="Tests.Feature.ModelSettingsIntegrationTest" assertions="0" time="0.000000">
          <error type="Error">Tests\Feature\ModelSettingsIntegrationTest::it_can_check_if_setting_exists
Error: Class "App\Models\User" not found

/www/wwwroot/jobportal.prus.dev/tests/Feature/ModelSettingsIntegrationTest.php:39</error>
        </testcase>
        <testcase name="it_can_delete_specific_settings" file="/www/wwwroot/jobportal.prus.dev/tests/Feature/ModelSettingsIntegrationTest.php" line="143" class="Tests\Feature\ModelSettingsIntegrationTest" classname="Tests.Feature.ModelSettingsIntegrationTest" assertions="0" time="0.000000">
          <error type="Error">Tests\Feature\ModelSettingsIntegrationTest::it_can_delete_specific_settings
Error: Class "App\Models\User" not found

/www/wwwroot/jobportal.prus.dev/tests/Feature/ModelSettingsIntegrationTest.php:39</error>
        </testcase>
        <testcase name="it_can_clear_all_settings" file="/www/wwwroot/jobportal.prus.dev/tests/Feature/ModelSettingsIntegrationTest.php" line="164" class="Tests\Feature\ModelSettingsIntegrationTest" classname="Tests.Feature.ModelSettingsIntegrationTest" assertions="0" time="0.000000">
          <error type="Error">Tests\Feature\ModelSettingsIntegrationTest::it_can_clear_all_settings
Error: Class "App\Models\User" not found

/www/wwwroot/jobportal.prus.dev/tests/Feature/ModelSettingsIntegrationTest.php:39</error>
        </testcase>
        <testcase name="it_can_get_multiple_settings_at_once" file="/www/wwwroot/jobportal.prus.dev/tests/Feature/ModelSettingsIntegrationTest.php" line="187" class="Tests\Feature\ModelSettingsIntegrationTest" classname="Tests.Feature.ModelSettingsIntegrationTest" assertions="0" time="0.000000">
          <error type="Error">Tests\Feature\ModelSettingsIntegrationTest::it_can_get_multiple_settings_at_once
Error: Class "App\Models\User" not found

/www/wwwroot/jobportal.prus.dev/tests/Feature/ModelSettingsIntegrationTest.php:39</error>
        </testcase>
        <testcase name="it_validates_settings_according_to_rules" file="/www/wwwroot/jobportal.prus.dev/tests/Feature/ModelSettingsIntegrationTest.php" line="214" class="Tests\Feature\ModelSettingsIntegrationTest" classname="Tests.Feature.ModelSettingsIntegrationTest" assertions="0" time="0.000000">
          <error type="Error">Tests\Feature\ModelSettingsIntegrationTest::it_validates_settings_according_to_rules
Error: Class "App\Models\User" not found

/www/wwwroot/jobportal.prus.dev/tests/Feature/ModelSettingsIntegrationTest.php:39</error>
        </testcase>
        <testcase name="it_works_with_company_settings" file="/www/wwwroot/jobportal.prus.dev/tests/Feature/ModelSettingsIntegrationTest.php" line="223" class="Tests\Feature\ModelSettingsIntegrationTest" classname="Tests.Feature.ModelSettingsIntegrationTest" assertions="0" time="0.000000">
          <error type="Error">Tests\Feature\ModelSettingsIntegrationTest::it_works_with_company_settings
Error: Class "App\Models\User" not found

/www/wwwroot/jobportal.prus.dev/tests/Feature/ModelSettingsIntegrationTest.php:39</error>
        </testcase>
        <testcase name="it_can_test_api_endpoints" file="/www/wwwroot/jobportal.prus.dev/tests/Feature/ModelSettingsIntegrationTest.php" line="248" class="Tests\Feature\ModelSettingsIntegrationTest" classname="Tests.Feature.ModelSettingsIntegrationTest" assertions="0" time="0.000000">
          <error type="Error">Tests\Feature\ModelSettingsIntegrationTest::it_can_test_api_endpoints
Error: Class "App\Models\User" not found

/www/wwwroot/jobportal.prus.dev/tests/Feature/ModelSettingsIntegrationTest.php:39</error>
        </testcase>
        <testcase name="it_can_test_specific_setting_api_endpoints" file="/www/wwwroot/jobportal.prus.dev/tests/Feature/ModelSettingsIntegrationTest.php" line="288" class="Tests\Feature\ModelSettingsIntegrationTest" classname="Tests.Feature.ModelSettingsIntegrationTest" assertions="0" time="0.000000">
          <error type="Error">Tests\Feature\ModelSettingsIntegrationTest::it_can_test_specific_setting_api_endpoints
Error: Class "App\Models\User" not found

/www/wwwroot/jobportal.prus.dev/tests/Feature/ModelSettingsIntegrationTest.php:39</error>
        </testcase>
        <testcase name="it_can_test_demonstration_endpoint" file="/www/wwwroot/jobportal.prus.dev/tests/Feature/ModelSettingsIntegrationTest.php" line="326" class="Tests\Feature\ModelSettingsIntegrationTest" classname="Tests.Feature.ModelSettingsIntegrationTest" assertions="0" time="0.000000">
          <error type="Error">Tests\Feature\ModelSettingsIntegrationTest::it_can_test_demonstration_endpoint
Error: Class "App\Models\User" not found

/www/wwwroot/jobportal.prus.dev/tests/Feature/ModelSettingsIntegrationTest.php:39</error>
        </testcase>
        <testcase name="it_can_test_schema_endpoint" file="/www/wwwroot/jobportal.prus.dev/tests/Feature/ModelSettingsIntegrationTest.php" line="347" class="Tests\Feature\ModelSettingsIntegrationTest" classname="Tests.Feature.ModelSettingsIntegrationTest" assertions="0" time="0.000000">
          <error type="Error">Tests\Feature\ModelSettingsIntegrationTest::it_can_test_schema_endpoint
Error: Class "App\Models\User" not found

/www/wwwroot/jobportal.prus.dev/tests/Feature/ModelSettingsIntegrationTest.php:39</error>
        </testcase>
        <testcase name="it_can_work_with_user_settings_model" file="/www/wwwroot/jobportal.prus.dev/tests/Feature/ModelSettingsIntegrationTest.php" line="365" class="Tests\Feature\ModelSettingsIntegrationTest" classname="Tests.Feature.ModelSettingsIntegrationTest" assertions="0" time="0.000000">
          <error type="Error">Tests\Feature\ModelSettingsIntegrationTest::it_can_work_with_user_settings_model
Error: Class "App\Models\User" not found

/www/wwwroot/jobportal.prus.dev/tests/Feature/ModelSettingsIntegrationTest.php:39</error>
        </testcase>
        <testcase name="it_can_list_all_supported_models" file="/www/wwwroot/jobportal.prus.dev/tests/Feature/ModelSettingsIntegrationTest.php" line="402" class="Tests\Feature\ModelSettingsIntegrationTest" classname="Tests.Feature.ModelSettingsIntegrationTest" assertions="0" time="0.000000">
          <error type="Error">Tests\Feature\ModelSettingsIntegrationTest::it_can_list_all_supported_models
Error: Class "App\Models\User" not found

/www/wwwroot/jobportal.prus.dev/tests/Feature/ModelSettingsIntegrationTest.php:39</error>
        </testcase>
        <testcase name="it_can_get_user_settings" file="/www/wwwroot/jobportal.prus.dev/tests/Feature/ModelSettingsIntegrationTest.php" line="426" class="Tests\Feature\ModelSettingsIntegrationTest" classname="Tests.Feature.ModelSettingsIntegrationTest" assertions="0" time="0.000000">
          <error type="Error">Tests\Feature\ModelSettingsIntegrationTest::it_can_get_user_settings
Error: Class "App\Models\User" not found

/www/wwwroot/jobportal.prus.dev/tests/Feature/ModelSettingsIntegrationTest.php:39</error>
        </testcase>
        <testcase name="it_can_update_user_settings" file="/www/wwwroot/jobportal.prus.dev/tests/Feature/ModelSettingsIntegrationTest.php" line="446" class="Tests\Feature\ModelSettingsIntegrationTest" classname="Tests.Feature.ModelSettingsIntegrationTest" assertions="0" time="0.000000">
          <error type="Error">Tests\Feature\ModelSettingsIntegrationTest::it_can_update_user_settings
Error: Class "App\Models\User" not found

/www/wwwroot/jobportal.prus.dev/tests/Feature/ModelSettingsIntegrationTest.php:39</error>
        </testcase>
        <testcase name="it_can_get_job_settings" file="/www/wwwroot/jobportal.prus.dev/tests/Feature/ModelSettingsIntegrationTest.php" line="467" class="Tests\Feature\ModelSettingsIntegrationTest" classname="Tests.Feature.ModelSettingsIntegrationTest" assertions="0" time="0.000000">
          <error type="Error">Tests\Feature\ModelSettingsIntegrationTest::it_can_get_job_settings
Error: Class "App\Models\User" not found

/www/wwwroot/jobportal.prus.dev/tests/Feature/ModelSettingsIntegrationTest.php:39</error>
        </testcase>
        <testcase name="it_can_update_job_settings" file="/www/wwwroot/jobportal.prus.dev/tests/Feature/ModelSettingsIntegrationTest.php" line="493" class="Tests\Feature\ModelSettingsIntegrationTest" classname="Tests.Feature.ModelSettingsIntegrationTest" assertions="0" time="0.000000">
          <error type="Error">Tests\Feature\ModelSettingsIntegrationTest::it_can_update_job_settings
Error: Class "App\Models\User" not found

/www/wwwroot/jobportal.prus.dev/tests/Feature/ModelSettingsIntegrationTest.php:39</error>
        </testcase>
        <testcase name="it_can_get_candidate_settings" file="/www/wwwroot/jobportal.prus.dev/tests/Feature/ModelSettingsIntegrationTest.php" line="517" class="Tests\Feature\ModelSettingsIntegrationTest" classname="Tests.Feature.ModelSettingsIntegrationTest" assertions="0" time="0.000000">
          <error type="Error">Tests\Feature\ModelSettingsIntegrationTest::it_can_get_candidate_settings
Error: Class "App\Models\User" not found

/www/wwwroot/jobportal.prus.dev/tests/Feature/ModelSettingsIntegrationTest.php:39</error>
        </testcase>
        <testcase name="it_can_update_candidate_settings" file="/www/wwwroot/jobportal.prus.dev/tests/Feature/ModelSettingsIntegrationTest.php" line="535" class="Tests\Feature\ModelSettingsIntegrationTest" classname="Tests.Feature.ModelSettingsIntegrationTest" assertions="0" time="0.000000">
          <error type="Error">Tests\Feature\ModelSettingsIntegrationTest::it_can_update_candidate_settings
Error: Class "App\Models\User" not found

/www/wwwroot/jobportal.prus.dev/tests/Feature/ModelSettingsIntegrationTest.php:39</error>
        </testcase>
        <testcase name="it_can_get_specific_setting" file="/www/wwwroot/jobportal.prus.dev/tests/Feature/ModelSettingsIntegrationTest.php" line="559" class="Tests\Feature\ModelSettingsIntegrationTest" classname="Tests.Feature.ModelSettingsIntegrationTest" assertions="0" time="0.000000">
          <error type="Error">Tests\Feature\ModelSettingsIntegrationTest::it_can_get_specific_setting
Error: Class "App\Models\User" not found

/www/wwwroot/jobportal.prus.dev/tests/Feature/ModelSettingsIntegrationTest.php:39</error>
        </testcase>
        <testcase name="it_can_set_specific_setting" file="/www/wwwroot/jobportal.prus.dev/tests/Feature/ModelSettingsIntegrationTest.php" line="574" class="Tests\Feature\ModelSettingsIntegrationTest" classname="Tests.Feature.ModelSettingsIntegrationTest" assertions="0" time="0.000000">
          <error type="Error">Tests\Feature\ModelSettingsIntegrationTest::it_can_set_specific_setting
Error: Class "App\Models\User" not found

/www/wwwroot/jobportal.prus.dev/tests/Feature/ModelSettingsIntegrationTest.php:39</error>
        </testcase>
        <testcase name="it_validates_setting_values" file="/www/wwwroot/jobportal.prus.dev/tests/Feature/ModelSettingsIntegrationTest.php" line="589" class="Tests\Feature\ModelSettingsIntegrationTest" classname="Tests.Feature.ModelSettingsIntegrationTest" assertions="0" time="0.000000">
          <error type="Error">Tests\Feature\ModelSettingsIntegrationTest::it_validates_setting_values
Error: Class "App\Models\User" not found

/www/wwwroot/jobportal.prus.dev/tests/Feature/ModelSettingsIntegrationTest.php:39</error>
        </testcase>
        <testcase name="it_can_delete_specific_setting" file="/www/wwwroot/jobportal.prus.dev/tests/Feature/ModelSettingsIntegrationTest.php" line="603" class="Tests\Feature\ModelSettingsIntegrationTest" classname="Tests.Feature.ModelSettingsIntegrationTest" assertions="0" time="0.000000">
          <error type="Error">Tests\Feature\ModelSettingsIntegrationTest::it_can_delete_specific_setting
Error: Class "App\Models\User" not found

/www/wwwroot/jobportal.prus.dev/tests/Feature/ModelSettingsIntegrationTest.php:39</error>
        </testcase>
        <testcase name="it_can_clear_all_model_settings" file="/www/wwwroot/jobportal.prus.dev/tests/Feature/ModelSettingsIntegrationTest.php" line="621" class="Tests\Feature\ModelSettingsIntegrationTest" classname="Tests.Feature.ModelSettingsIntegrationTest" assertions="0" time="0.000000">
          <error type="Error">Tests\Feature\ModelSettingsIntegrationTest::it_can_clear_all_model_settings
Error: Class "App\Models\User" not found

/www/wwwroot/jobportal.prus.dev/tests/Feature/ModelSettingsIntegrationTest.php:39</error>
        </testcase>
        <testcase name="it_can_get_model_schema" file="/www/wwwroot/jobportal.prus.dev/tests/Feature/ModelSettingsIntegrationTest.php" line="633" class="Tests\Feature\ModelSettingsIntegrationTest" classname="Tests.Feature.ModelSettingsIntegrationTest" assertions="0" time="0.000000">
          <error type="Error">Tests\Feature\ModelSettingsIntegrationTest::it_can_get_model_schema
Error: Class "App\Models\User" not found

/www/wwwroot/jobportal.prus.dev/tests/Feature/ModelSettingsIntegrationTest.php:39</error>
        </testcase>
        <testcase name="it_can_get_job_category_settings" file="/www/wwwroot/jobportal.prus.dev/tests/Feature/ModelSettingsIntegrationTest.php" line="648" class="Tests\Feature\ModelSettingsIntegrationTest" classname="Tests.Feature.ModelSettingsIntegrationTest" assertions="0" time="0.000000">
          <error type="Error">Tests\Feature\ModelSettingsIntegrationTest::it_can_get_job_category_settings
Error: Class "App\Models\User" not found

/www/wwwroot/jobportal.prus.dev/tests/Feature/ModelSettingsIntegrationTest.php:39</error>
        </testcase>
        <testcase name="it_can_get_job_type_settings" file="/www/wwwroot/jobportal.prus.dev/tests/Feature/ModelSettingsIntegrationTest.php" line="666" class="Tests\Feature\ModelSettingsIntegrationTest" classname="Tests.Feature.ModelSettingsIntegrationTest" assertions="0" time="0.000000">
          <error type="Error">Tests\Feature\ModelSettingsIntegrationTest::it_can_get_job_type_settings
Error: Class "App\Models\User" not found

/www/wwwroot/jobportal.prus.dev/tests/Feature/ModelSettingsIntegrationTest.php:39</error>
        </testcase>
        <testcase name="it_handles_non_existent_model" file="/www/wwwroot/jobportal.prus.dev/tests/Feature/ModelSettingsIntegrationTest.php" line="680" class="Tests\Feature\ModelSettingsIntegrationTest" classname="Tests.Feature.ModelSettingsIntegrationTest" assertions="0" time="0.000000">
          <error type="Error">Tests\Feature\ModelSettingsIntegrationTest::it_handles_non_existent_model
Error: Class "App\Models\User" not found

/www/wwwroot/jobportal.prus.dev/tests/Feature/ModelSettingsIntegrationTest.php:39</error>
        </testcase>
        <testcase name="it_handles_non_existent_record" file="/www/wwwroot/jobportal.prus.dev/tests/Feature/ModelSettingsIntegrationTest.php" line="691" class="Tests\Feature\ModelSettingsIntegrationTest" classname="Tests.Feature.ModelSettingsIntegrationTest" assertions="0" time="0.000000">
          <error type="Error">Tests\Feature\ModelSettingsIntegrationTest::it_handles_non_existent_record
Error: Class "App\Models\User" not found

/www/wwwroot/jobportal.prus.dev/tests/Feature/ModelSettingsIntegrationTest.php:39</error>
        </testcase>
        <testcase name="it_can_run_comprehensive_demo" file="/www/wwwroot/jobportal.prus.dev/tests/Feature/ModelSettingsIntegrationTest.php" line="702" class="Tests\Feature\ModelSettingsIntegrationTest" classname="Tests.Feature.ModelSettingsIntegrationTest" assertions="0" time="0.000000">
          <error type="Error">Tests\Feature\ModelSettingsIntegrationTest::it_can_run_comprehensive_demo
Error: Class "App\Models\User" not found

/www/wwwroot/jobportal.prus.dev/tests/Feature/ModelSettingsIntegrationTest.php:39</error>
        </testcase>
        <testcase name="it_preserves_default_settings_structure" file="/www/wwwroot/jobportal.prus.dev/tests/Feature/ModelSettingsIntegrationTest.php" line="723" class="Tests\Feature\ModelSettingsIntegrationTest" classname="Tests.Feature.ModelSettingsIntegrationTest" assertions="0" time="0.000000">
          <error type="Error">Tests\Feature\ModelSettingsIntegrationTest::it_preserves_default_settings_structure
Error: Class "App\Models\User" not found

/www/wwwroot/jobportal.prus.dev/tests/Feature/ModelSettingsIntegrationTest.php:39</error>
        </testcase>
        <testcase name="it_maintains_settings_after_model_updates" file="/www/wwwroot/jobportal.prus.dev/tests/Feature/ModelSettingsIntegrationTest.php" line="738" class="Tests\Feature\ModelSettingsIntegrationTest" classname="Tests.Feature.ModelSettingsIntegrationTest" assertions="0" time="0.000000">
          <error type="Error">Tests\Feature\ModelSettingsIntegrationTest::it_maintains_settings_after_model_updates
Error: Class "App\Models\User" not found

/www/wwwroot/jobportal.prus.dev/tests/Feature/ModelSettingsIntegrationTest.php:39</error>
        </testcase>
      </testsuite>
      <testsuite name="Tests\Feature\NotificationSettingsControllerTest" file="/www/wwwroot/jobportal.prus.dev/tests/Feature/NotificationSettingsControllerTest.php" tests="11" assertions="0" errors="11" failures="0" skipped="0" time="0.000000">
        <testcase name="test_index_displays_correctly" file="/www/wwwroot/jobportal.prus.dev/tests/Feature/NotificationSettingsControllerTest.php" line="34" class="Tests\Feature\NotificationSettingsControllerTest" classname="Tests.Feature.NotificationSettingsControllerTest" assertions="0" time="0.000000">
          <error type="Error">Tests\Feature\NotificationSettingsControllerTest::test_index_displays_correctly
Error: Class "App\Models\User" not found

/www/wwwroot/jobportal.prus.dev/tests/Feature/NotificationSettingsControllerTest.php:28</error>
        </testcase>
        <testcase name="test_create_displays_form" file="/www/wwwroot/jobportal.prus.dev/tests/Feature/NotificationSettingsControllerTest.php" line="45" class="Tests\Feature\NotificationSettingsControllerTest" classname="Tests.Feature.NotificationSettingsControllerTest" assertions="0" time="0.000000">
          <error type="Error">Tests\Feature\NotificationSettingsControllerTest::test_create_displays_form
Error: Class "App\Models\User" not found

/www/wwwroot/jobportal.prus.dev/tests/Feature/NotificationSettingsControllerTest.php:28</error>
        </testcase>
        <testcase name="test_store_creates_new_record" file="/www/wwwroot/jobportal.prus.dev/tests/Feature/NotificationSettingsControllerTest.php" line="56" class="Tests\Feature\NotificationSettingsControllerTest" classname="Tests.Feature.NotificationSettingsControllerTest" assertions="0" time="0.000000">
          <error type="Error">Tests\Feature\NotificationSettingsControllerTest::test_store_creates_new_record
Error: Class "App\Models\User" not found

/www/wwwroot/jobportal.prus.dev/tests/Feature/NotificationSettingsControllerTest.php:28</error>
        </testcase>
        <testcase name="test_store_validates_required_fields" file="/www/wwwroot/jobportal.prus.dev/tests/Feature/NotificationSettingsControllerTest.php" line="78" class="Tests\Feature\NotificationSettingsControllerTest" classname="Tests.Feature.NotificationSettingsControllerTest" assertions="0" time="0.000000">
          <error type="Error">Tests\Feature\NotificationSettingsControllerTest::test_store_validates_required_fields
Error: Class "App\Models\User" not found

/www/wwwroot/jobportal.prus.dev/tests/Feature/NotificationSettingsControllerTest.php:28</error>
        </testcase>
        <testcase name="test_show_displays_record" file="/www/wwwroot/jobportal.prus.dev/tests/Feature/NotificationSettingsControllerTest.php" line="89" class="Tests\Feature\NotificationSettingsControllerTest" classname="Tests.Feature.NotificationSettingsControllerTest" assertions="0" time="0.000000">
          <error type="Error">Tests\Feature\NotificationSettingsControllerTest::test_show_displays_record
Error: Class "App\Models\User" not found

/www/wwwroot/jobportal.prus.dev/tests/Feature/NotificationSettingsControllerTest.php:28</error>
        </testcase>
        <testcase name="test_edit_displays_form" file="/www/wwwroot/jobportal.prus.dev/tests/Feature/NotificationSettingsControllerTest.php" line="102" class="Tests\Feature\NotificationSettingsControllerTest" classname="Tests.Feature.NotificationSettingsControllerTest" assertions="0" time="0.000000">
          <error type="Error">Tests\Feature\NotificationSettingsControllerTest::test_edit_displays_form
Error: Class "App\Models\User" not found

/www/wwwroot/jobportal.prus.dev/tests/Feature/NotificationSettingsControllerTest.php:28</error>
        </testcase>
        <testcase name="test_update_modifies_record" file="/www/wwwroot/jobportal.prus.dev/tests/Feature/NotificationSettingsControllerTest.php" line="115" class="Tests\Feature\NotificationSettingsControllerTest" classname="Tests.Feature.NotificationSettingsControllerTest" assertions="0" time="0.000000">
          <error type="Error">Tests\Feature\NotificationSettingsControllerTest::test_update_modifies_record
Error: Class "App\Models\User" not found

/www/wwwroot/jobportal.prus.dev/tests/Feature/NotificationSettingsControllerTest.php:28</error>
        </testcase>
        <testcase name="test_destroy_deletes_record" file="/www/wwwroot/jobportal.prus.dev/tests/Feature/NotificationSettingsControllerTest.php" line="136" class="Tests\Feature\NotificationSettingsControllerTest" classname="Tests.Feature.NotificationSettingsControllerTest" assertions="0" time="0.000000">
          <error type="Error">Tests\Feature\NotificationSettingsControllerTest::test_destroy_deletes_record
Error: Class "App\Models\User" not found

/www/wwwroot/jobportal.prus.dev/tests/Feature/NotificationSettingsControllerTest.php:28</error>
        </testcase>
        <testcase name="test_unauthorized_access_is_prevented" file="/www/wwwroot/jobportal.prus.dev/tests/Feature/NotificationSettingsControllerTest.php" line="150" class="Tests\Feature\NotificationSettingsControllerTest" classname="Tests.Feature.NotificationSettingsControllerTest" assertions="0" time="0.000000">
          <error type="Error">Tests\Feature\NotificationSettingsControllerTest::test_unauthorized_access_is_prevented
Error: Class "App\Models\User" not found

/www/wwwroot/jobportal.prus.dev/tests/Feature/NotificationSettingsControllerTest.php:28</error>
        </testcase>
        <testcase name="test_store_with_invalid_email" file="/www/wwwroot/jobportal.prus.dev/tests/Feature/NotificationSettingsControllerTest.php" line="160" class="Tests\Feature\NotificationSettingsControllerTest" classname="Tests.Feature.NotificationSettingsControllerTest" assertions="0" time="0.000000">
          <error type="Error">Tests\Feature\NotificationSettingsControllerTest::test_store_with_invalid_email
Error: Class "App\Models\User" not found

/www/wwwroot/jobportal.prus.dev/tests/Feature/NotificationSettingsControllerTest.php:28</error>
        </testcase>
        <testcase name="test_store_prevents_duplicate_names" file="/www/wwwroot/jobportal.prus.dev/tests/Feature/NotificationSettingsControllerTest.php" line="177" class="Tests\Feature\NotificationSettingsControllerTest" classname="Tests.Feature.NotificationSettingsControllerTest" assertions="0" time="0.000000">
          <error type="Error">Tests\Feature\NotificationSettingsControllerTest::test_store_prevents_duplicate_names
Error: Class "App\Models\User" not found

/www/wwwroot/jobportal.prus.dev/tests/Feature/NotificationSettingsControllerTest.php:28</error>
        </testcase>
      </testsuite>
      <testsuite name="Tests\Feature\NotificationTest" file="/www/wwwroot/jobportal.prus.dev/tests/Feature/NotificationTest.php" tests="3" assertions="0" errors="3" failures="0" skipped="0" time="0.000000">
        <testcase name="user_can_mark_notification_as_read" file="/www/wwwroot/jobportal.prus.dev/tests/Feature/NotificationTest.php" line="32" class="Tests\Feature\NotificationTest" classname="Tests.Feature.NotificationTest" assertions="0" time="0.000000">
          <error type="Error">Tests\Feature\NotificationTest::user_can_mark_notification_as_read
Error: Class "App\Models\User" not found

/www/wwwroot/jobportal.prus.dev/tests/Feature/NotificationTest.php:28</error>
        </testcase>
        <testcase name="user_cannot_mark_another_users_notification_as_read" file="/www/wwwroot/jobportal.prus.dev/tests/Feature/NotificationTest.php" line="52" class="Tests\Feature\NotificationTest" classname="Tests.Feature.NotificationTest" assertions="0" time="0.000000">
          <error type="Error">Tests\Feature\NotificationTest::user_cannot_mark_another_users_notification_as_read
Error: Class "App\Models\User" not found

/www/wwwroot/jobportal.prus.dev/tests/Feature/NotificationTest.php:28</error>
        </testcase>
        <testcase name="user_can_mark_all_notifications_as_read" file="/www/wwwroot/jobportal.prus.dev/tests/Feature/NotificationTest.php" line="79" class="Tests\Feature\NotificationTest" classname="Tests.Feature.NotificationTest" assertions="0" time="0.000000">
          <error type="Error">Tests\Feature\NotificationTest::user_can_mark_all_notifications_as_read
Error: Class "App\Models\User" not found

/www/wwwroot/jobportal.prus.dev/tests/Feature/NotificationTest.php:28</error>
        </testcase>
      </testsuite>
      <testsuite name="Tests\Feature\PaypalControllerTest" file="/www/wwwroot/jobportal.prus.dev/tests/Feature/PaypalControllerTest.php" tests="17" assertions="0" errors="17" failures="0" skipped="0" time="0.000000">
        <testcase name="test_index_displays_correctly" file="/www/wwwroot/jobportal.prus.dev/tests/Feature/PaypalControllerTest.php" line="36" class="Tests\Feature\PaypalControllerTest" classname="Tests.Feature.PaypalControllerTest" assertions="0" time="0.000000">
          <error type="Error">Tests\Feature\PaypalControllerTest::test_index_displays_correctly
Error: Class "App\Models\User" not found

/www/wwwroot/jobportal.prus.dev/tests/Feature/PaypalControllerTest.php:30</error>
        </testcase>
        <testcase name="test_guest_can_access_public_pages" file="/www/wwwroot/jobportal.prus.dev/tests/Feature/PaypalControllerTest.php" line="48" class="Tests\Feature\PaypalControllerTest" classname="Tests.Feature.PaypalControllerTest" assertions="0" time="0.000000">
          <error type="Error">Tests\Feature\PaypalControllerTest::test_guest_can_access_public_pages
Error: Class "App\Models\User" not found

/www/wwwroot/jobportal.prus.dev/tests/Feature/PaypalControllerTest.php:30</error>
        </testcase>
        <testcase name="test_authenticated_user_access" file="/www/wwwroot/jobportal.prus.dev/tests/Feature/PaypalControllerTest.php" line="59" class="Tests\Feature\PaypalControllerTest" classname="Tests.Feature.PaypalControllerTest" assertions="0" time="0.000000">
          <error type="Error">Tests\Feature\PaypalControllerTest::test_authenticated_user_access
Error: Class "App\Models\User" not found

/www/wwwroot/jobportal.prus.dev/tests/Feature/PaypalControllerTest.php:30</error>
        </testcase>
        <testcase name="test_create_displays_form" file="/www/wwwroot/jobportal.prus.dev/tests/Feature/PaypalControllerTest.php" line="71" class="Tests\Feature\PaypalControllerTest" classname="Tests.Feature.PaypalControllerTest" assertions="0" time="0.000000">
          <error type="Error">Tests\Feature\PaypalControllerTest::test_create_displays_form
Error: Class "App\Models\User" not found

/www/wwwroot/jobportal.prus.dev/tests/Feature/PaypalControllerTest.php:30</error>
        </testcase>
        <testcase name="test_store_creates_new_record" file="/www/wwwroot/jobportal.prus.dev/tests/Feature/PaypalControllerTest.php" line="83" class="Tests\Feature\PaypalControllerTest" classname="Tests.Feature.PaypalControllerTest" assertions="0" time="0.000000">
          <error type="Error">Tests\Feature\PaypalControllerTest::test_store_creates_new_record
Error: Class "App\Models\User" not found

/www/wwwroot/jobportal.prus.dev/tests/Feature/PaypalControllerTest.php:30</error>
        </testcase>
        <testcase name="test_store_validates_required_fields" file="/www/wwwroot/jobportal.prus.dev/tests/Feature/PaypalControllerTest.php" line="102" class="Tests\Feature\PaypalControllerTest" classname="Tests.Feature.PaypalControllerTest" assertions="0" time="0.000000">
          <error type="Error">Tests\Feature\PaypalControllerTest::test_store_validates_required_fields
Error: Class "App\Models\User" not found

/www/wwwroot/jobportal.prus.dev/tests/Feature/PaypalControllerTest.php:30</error>
        </testcase>
        <testcase name="test_show_displays_record" file="/www/wwwroot/jobportal.prus.dev/tests/Feature/PaypalControllerTest.php" line="114" class="Tests\Feature\PaypalControllerTest" classname="Tests.Feature.PaypalControllerTest" assertions="0" time="0.000000">
          <error type="Error">Tests\Feature\PaypalControllerTest::test_show_displays_record
Error: Class "App\Models\User" not found

/www/wwwroot/jobportal.prus.dev/tests/Feature/PaypalControllerTest.php:30</error>
        </testcase>
        <testcase name="test_edit_displays_form" file="/www/wwwroot/jobportal.prus.dev/tests/Feature/PaypalControllerTest.php" line="128" class="Tests\Feature\PaypalControllerTest" classname="Tests.Feature.PaypalControllerTest" assertions="0" time="0.000000">
          <error type="Error">Tests\Feature\PaypalControllerTest::test_edit_displays_form
Error: Class "App\Models\User" not found

/www/wwwroot/jobportal.prus.dev/tests/Feature/PaypalControllerTest.php:30</error>
        </testcase>
        <testcase name="test_update_modifies_record" file="/www/wwwroot/jobportal.prus.dev/tests/Feature/PaypalControllerTest.php" line="139" class="Tests\Feature\PaypalControllerTest" classname="Tests.Feature.PaypalControllerTest" assertions="0" time="0.000000">
          <error type="Error">Tests\Feature\PaypalControllerTest::test_update_modifies_record
Error: Class "App\Models\User" not found

/www/wwwroot/jobportal.prus.dev/tests/Feature/PaypalControllerTest.php:30</error>
        </testcase>
        <testcase name="test_destroy_deletes_record" file="/www/wwwroot/jobportal.prus.dev/tests/Feature/PaypalControllerTest.php" line="156" class="Tests\Feature\PaypalControllerTest" classname="Tests.Feature.PaypalControllerTest" assertions="0" time="0.000000">
          <error type="Error">Tests\Feature\PaypalControllerTest::test_destroy_deletes_record
Error: Class "App\Models\User" not found

/www/wwwroot/jobportal.prus.dev/tests/Feature/PaypalControllerTest.php:30</error>
        </testcase>
        <testcase name="test_unauthorized_access_is_prevented" file="/www/wwwroot/jobportal.prus.dev/tests/Feature/PaypalControllerTest.php" line="168" class="Tests\Feature\PaypalControllerTest" classname="Tests.Feature.PaypalControllerTest" assertions="0" time="0.000000">
          <error type="Error">Tests\Feature\PaypalControllerTest::test_unauthorized_access_is_prevented
Error: Class "App\Models\User" not found

/www/wwwroot/jobportal.prus.dev/tests/Feature/PaypalControllerTest.php:30</error>
        </testcase>
        <testcase name="test_handles_invalid_input_gracefully" file="/www/wwwroot/jobportal.prus.dev/tests/Feature/PaypalControllerTest.php" line="179" class="Tests\Feature\PaypalControllerTest" classname="Tests.Feature.PaypalControllerTest" assertions="0" time="0.000000">
          <error type="Error">Tests\Feature\PaypalControllerTest::test_handles_invalid_input_gracefully
Error: Class "App\Models\User" not found

/www/wwwroot/jobportal.prus.dev/tests/Feature/PaypalControllerTest.php:30</error>
        </testcase>
        <testcase name="test_search_functionality" file="/www/wwwroot/jobportal.prus.dev/tests/Feature/PaypalControllerTest.php" line="196" class="Tests\Feature\PaypalControllerTest" classname="Tests.Feature.PaypalControllerTest" assertions="0" time="0.000000">
          <error type="Error">Tests\Feature\PaypalControllerTest::test_search_functionality
Error: Class "App\Models\User" not found

/www/wwwroot/jobportal.prus.dev/tests/Feature/PaypalControllerTest.php:30</error>
        </testcase>
        <testcase name="test_pagination_works_correctly" file="/www/wwwroot/jobportal.prus.dev/tests/Feature/PaypalControllerTest.php" line="210" class="Tests\Feature\PaypalControllerTest" classname="Tests.Feature.PaypalControllerTest" assertions="0" time="0.000000">
          <error type="Error">Tests\Feature\PaypalControllerTest::test_pagination_works_correctly
Error: Class "App\Models\User" not found

/www/wwwroot/jobportal.prus.dev/tests/Feature/PaypalControllerTest.php:30</error>
        </testcase>
        <testcase name="test_csrf_protection_is_enforced" file="/www/wwwroot/jobportal.prus.dev/tests/Feature/PaypalControllerTest.php" line="221" class="Tests\Feature\PaypalControllerTest" classname="Tests.Feature.PaypalControllerTest" assertions="0" time="0.000000">
          <error type="Error">Tests\Feature\PaypalControllerTest::test_csrf_protection_is_enforced
Error: Class "App\Models\User" not found

/www/wwwroot/jobportal.prus.dev/tests/Feature/PaypalControllerTest.php:30</error>
        </testcase>
        <testcase name="test_rate_limiting_prevents_abuse" file="/www/wwwroot/jobportal.prus.dev/tests/Feature/PaypalControllerTest.php" line="233" class="Tests\Feature\PaypalControllerTest" classname="Tests.Feature.PaypalControllerTest" assertions="0" time="0.000000">
          <error type="Error">Tests\Feature\PaypalControllerTest::test_rate_limiting_prevents_abuse
Error: Class "App\Models\User" not found

/www/wwwroot/jobportal.prus.dev/tests/Feature/PaypalControllerTest.php:30</error>
        </testcase>
        <testcase name="test_handles_server_errors_gracefully" file="/www/wwwroot/jobportal.prus.dev/tests/Feature/PaypalControllerTest.php" line="248" class="Tests\Feature\PaypalControllerTest" classname="Tests.Feature.PaypalControllerTest" assertions="0" time="0.000000">
          <error type="Error">Tests\Feature\PaypalControllerTest::test_handles_server_errors_gracefully
Error: Class "App\Models\User" not found

/www/wwwroot/jobportal.prus.dev/tests/Feature/PaypalControllerTest.php:30</error>
        </testcase>
      </testsuite>
      <testsuite name="Tests\Feature\PaystackControllerTest" file="/www/wwwroot/jobportal.prus.dev/tests/Feature/PaystackControllerTest.php" tests="17" assertions="0" errors="17" failures="0" skipped="0" time="0.000000">
        <testcase name="test_index_displays_correctly" file="/www/wwwroot/jobportal.prus.dev/tests/Feature/PaystackControllerTest.php" line="36" class="Tests\Feature\PaystackControllerTest" classname="Tests.Feature.PaystackControllerTest" assertions="0" time="0.000000">
          <error type="Error">Tests\Feature\PaystackControllerTest::test_index_displays_correctly
Error: Class "App\Models\User" not found

/www/wwwroot/jobportal.prus.dev/tests/Feature/PaystackControllerTest.php:30</error>
        </testcase>
        <testcase name="test_guest_can_access_public_pages" file="/www/wwwroot/jobportal.prus.dev/tests/Feature/PaystackControllerTest.php" line="48" class="Tests\Feature\PaystackControllerTest" classname="Tests.Feature.PaystackControllerTest" assertions="0" time="0.000000">
          <error type="Error">Tests\Feature\PaystackControllerTest::test_guest_can_access_public_pages
Error: Class "App\Models\User" not found

/www/wwwroot/jobportal.prus.dev/tests/Feature/PaystackControllerTest.php:30</error>
        </testcase>
        <testcase name="test_authenticated_user_access" file="/www/wwwroot/jobportal.prus.dev/tests/Feature/PaystackControllerTest.php" line="59" class="Tests\Feature\PaystackControllerTest" classname="Tests.Feature.PaystackControllerTest" assertions="0" time="0.000000">
          <error type="Error">Tests\Feature\PaystackControllerTest::test_authenticated_user_access
Error: Class "App\Models\User" not found

/www/wwwroot/jobportal.prus.dev/tests/Feature/PaystackControllerTest.php:30</error>
        </testcase>
        <testcase name="test_create_displays_form" file="/www/wwwroot/jobportal.prus.dev/tests/Feature/PaystackControllerTest.php" line="71" class="Tests\Feature\PaystackControllerTest" classname="Tests.Feature.PaystackControllerTest" assertions="0" time="0.000000">
          <error type="Error">Tests\Feature\PaystackControllerTest::test_create_displays_form
Error: Class "App\Models\User" not found

/www/wwwroot/jobportal.prus.dev/tests/Feature/PaystackControllerTest.php:30</error>
        </testcase>
        <testcase name="test_store_creates_new_record" file="/www/wwwroot/jobportal.prus.dev/tests/Feature/PaystackControllerTest.php" line="83" class="Tests\Feature\PaystackControllerTest" classname="Tests.Feature.PaystackControllerTest" assertions="0" time="0.000000">
          <error type="Error">Tests\Feature\PaystackControllerTest::test_store_creates_new_record
Error: Class "App\Models\User" not found

/www/wwwroot/jobportal.prus.dev/tests/Feature/PaystackControllerTest.php:30</error>
        </testcase>
        <testcase name="test_store_validates_required_fields" file="/www/wwwroot/jobportal.prus.dev/tests/Feature/PaystackControllerTest.php" line="102" class="Tests\Feature\PaystackControllerTest" classname="Tests.Feature.PaystackControllerTest" assertions="0" time="0.000000">
          <error type="Error">Tests\Feature\PaystackControllerTest::test_store_validates_required_fields
Error: Class "App\Models\User" not found

/www/wwwroot/jobportal.prus.dev/tests/Feature/PaystackControllerTest.php:30</error>
        </testcase>
        <testcase name="test_show_displays_record" file="/www/wwwroot/jobportal.prus.dev/tests/Feature/PaystackControllerTest.php" line="114" class="Tests\Feature\PaystackControllerTest" classname="Tests.Feature.PaystackControllerTest" assertions="0" time="0.000000">
          <error type="Error">Tests\Feature\PaystackControllerTest::test_show_displays_record
Error: Class "App\Models\User" not found

/www/wwwroot/jobportal.prus.dev/tests/Feature/PaystackControllerTest.php:30</error>
        </testcase>
        <testcase name="test_edit_displays_form" file="/www/wwwroot/jobportal.prus.dev/tests/Feature/PaystackControllerTest.php" line="128" class="Tests\Feature\PaystackControllerTest" classname="Tests.Feature.PaystackControllerTest" assertions="0" time="0.000000">
          <error type="Error">Tests\Feature\PaystackControllerTest::test_edit_displays_form
Error: Class "App\Models\User" not found

/www/wwwroot/jobportal.prus.dev/tests/Feature/PaystackControllerTest.php:30</error>
        </testcase>
        <testcase name="test_update_modifies_record" file="/www/wwwroot/jobportal.prus.dev/tests/Feature/PaystackControllerTest.php" line="139" class="Tests\Feature\PaystackControllerTest" classname="Tests.Feature.PaystackControllerTest" assertions="0" time="0.000000">
          <error type="Error">Tests\Feature\PaystackControllerTest::test_update_modifies_record
Error: Class "App\Models\User" not found

/www/wwwroot/jobportal.prus.dev/tests/Feature/PaystackControllerTest.php:30</error>
        </testcase>
        <testcase name="test_destroy_deletes_record" file="/www/wwwroot/jobportal.prus.dev/tests/Feature/PaystackControllerTest.php" line="156" class="Tests\Feature\PaystackControllerTest" classname="Tests.Feature.PaystackControllerTest" assertions="0" time="0.000000">
          <error type="Error">Tests\Feature\PaystackControllerTest::test_destroy_deletes_record
Error: Class "App\Models\User" not found

/www/wwwroot/jobportal.prus.dev/tests/Feature/PaystackControllerTest.php:30</error>
        </testcase>
        <testcase name="test_unauthorized_access_is_prevented" file="/www/wwwroot/jobportal.prus.dev/tests/Feature/PaystackControllerTest.php" line="168" class="Tests\Feature\PaystackControllerTest" classname="Tests.Feature.PaystackControllerTest" assertions="0" time="0.000000">
          <error type="Error">Tests\Feature\PaystackControllerTest::test_unauthorized_access_is_prevented
Error: Class "App\Models\User" not found

/www/wwwroot/jobportal.prus.dev/tests/Feature/PaystackControllerTest.php:30</error>
        </testcase>
        <testcase name="test_handles_invalid_input_gracefully" file="/www/wwwroot/jobportal.prus.dev/tests/Feature/PaystackControllerTest.php" line="179" class="Tests\Feature\PaystackControllerTest" classname="Tests.Feature.PaystackControllerTest" assertions="0" time="0.000000">
          <error type="Error">Tests\Feature\PaystackControllerTest::test_handles_invalid_input_gracefully
Error: Class "App\Models\User" not found

/www/wwwroot/jobportal.prus.dev/tests/Feature/PaystackControllerTest.php:30</error>
        </testcase>
        <testcase name="test_search_functionality" file="/www/wwwroot/jobportal.prus.dev/tests/Feature/PaystackControllerTest.php" line="196" class="Tests\Feature\PaystackControllerTest" classname="Tests.Feature.PaystackControllerTest" assertions="0" time="0.000000">
          <error type="Error">Tests\Feature\PaystackControllerTest::test_search_functionality
Error: Class "App\Models\User" not found

/www/wwwroot/jobportal.prus.dev/tests/Feature/PaystackControllerTest.php:30</error>
        </testcase>
        <testcase name="test_pagination_works_correctly" file="/www/wwwroot/jobportal.prus.dev/tests/Feature/PaystackControllerTest.php" line="210" class="Tests\Feature\PaystackControllerTest" classname="Tests.Feature.PaystackControllerTest" assertions="0" time="0.000000">
          <error type="Error">Tests\Feature\PaystackControllerTest::test_pagination_works_correctly
Error: Class "App\Models\User" not found

/www/wwwroot/jobportal.prus.dev/tests/Feature/PaystackControllerTest.php:30</error>
        </testcase>
        <testcase name="test_csrf_protection_is_enforced" file="/www/wwwroot/jobportal.prus.dev/tests/Feature/PaystackControllerTest.php" line="221" class="Tests\Feature\PaystackControllerTest" classname="Tests.Feature.PaystackControllerTest" assertions="0" time="0.000000">
          <error type="Error">Tests\Feature\PaystackControllerTest::test_csrf_protection_is_enforced
Error: Class "App\Models\User" not found

/www/wwwroot/jobportal.prus.dev/tests/Feature/PaystackControllerTest.php:30</error>
        </testcase>
        <testcase name="test_rate_limiting_prevents_abuse" file="/www/wwwroot/jobportal.prus.dev/tests/Feature/PaystackControllerTest.php" line="233" class="Tests\Feature\PaystackControllerTest" classname="Tests.Feature.PaystackControllerTest" assertions="0" time="0.000000">
          <error type="Error">Tests\Feature\PaystackControllerTest::test_rate_limiting_prevents_abuse
Error: Class "App\Models\User" not found

/www/wwwroot/jobportal.prus.dev/tests/Feature/PaystackControllerTest.php:30</error>
        </testcase>
        <testcase name="test_handles_server_errors_gracefully" file="/www/wwwroot/jobportal.prus.dev/tests/Feature/PaystackControllerTest.php" line="248" class="Tests\Feature\PaystackControllerTest" classname="Tests.Feature.PaystackControllerTest" assertions="0" time="0.000000">
          <error type="Error">Tests\Feature\PaystackControllerTest::test_handles_server_errors_gracefully
Error: Class "App\Models\User" not found

/www/wwwroot/jobportal.prus.dev/tests/Feature/PaystackControllerTest.php:30</error>
        </testcase>
      </testsuite>
      <testsuite name="Tests\Feature\PostTest" file="/www/wwwroot/jobportal.prus.dev/tests/Feature/PostTest.php" tests="9" assertions="0" errors="9" failures="0" skipped="0" time="0.000000">
        <testcase name="admin_can_view_posts_list" file="/www/wwwroot/jobportal.prus.dev/tests/Feature/PostTest.php" line="34" class="Tests\Feature\PostTest" classname="Tests.Feature.PostTest" assertions="0" time="0.000000">
          <error type="Error">Tests\Feature\PostTest::admin_can_view_posts_list
Error: Class "App\Models\User" not found

/www/wwwroot/jobportal.prus.dev/tests/Feature/PostTest.php:30</error>
        </testcase>
        <testcase name="admin_can_view_create_post_form" file="/www/wwwroot/jobportal.prus.dev/tests/Feature/PostTest.php" line="44" class="Tests\Feature\PostTest" classname="Tests.Feature.PostTest" assertions="0" time="0.000000">
          <error type="Error">Tests\Feature\PostTest::admin_can_view_create_post_form
Error: Class "App\Models\User" not found

/www/wwwroot/jobportal.prus.dev/tests/Feature/PostTest.php:30</error>
        </testcase>
        <testcase name="admin_can_create_a_post" file="/www/wwwroot/jobportal.prus.dev/tests/Feature/PostTest.php" line="58" class="Tests\Feature\PostTest" classname="Tests.Feature.PostTest" assertions="0" time="0.000000">
          <error type="Error">Tests\Feature\PostTest::admin_can_create_a_post
Error: Class "App\Models\User" not found

/www/wwwroot/jobportal.prus.dev/tests/Feature/PostTest.php:30</error>
        </testcase>
        <testcase name="admin_can_view_post_details" file="/www/wwwroot/jobportal.prus.dev/tests/Feature/PostTest.php" line="88" class="Tests\Feature\PostTest" classname="Tests.Feature.PostTest" assertions="0" time="0.000000">
          <error type="Error">Tests\Feature\PostTest::admin_can_view_post_details
Error: Class "App\Models\User" not found

/www/wwwroot/jobportal.prus.dev/tests/Feature/PostTest.php:30</error>
        </testcase>
        <testcase name="admin_can_view_edit_post_form" file="/www/wwwroot/jobportal.prus.dev/tests/Feature/PostTest.php" line="101" class="Tests\Feature\PostTest" classname="Tests.Feature.PostTest" assertions="0" time="0.000000">
          <error type="Error">Tests\Feature\PostTest::admin_can_view_edit_post_form
Error: Class "App\Models\User" not found

/www/wwwroot/jobportal.prus.dev/tests/Feature/PostTest.php:30</error>
        </testcase>
        <testcase name="admin_can_update_a_post" file="/www/wwwroot/jobportal.prus.dev/tests/Feature/PostTest.php" line="122" class="Tests\Feature\PostTest" classname="Tests.Feature.PostTest" assertions="0" time="0.000000">
          <error type="Error">Tests\Feature\PostTest::admin_can_update_a_post
Error: Class "App\Models\User" not found

/www/wwwroot/jobportal.prus.dev/tests/Feature/PostTest.php:30</error>
        </testcase>
        <testcase name="admin_can_delete_a_post" file="/www/wwwroot/jobportal.prus.dev/tests/Feature/PostTest.php" line="153" class="Tests\Feature\PostTest" classname="Tests.Feature.PostTest" assertions="0" time="0.000000">
          <error type="Error">Tests\Feature\PostTest::admin_can_delete_a_post
Error: Class "App\Models\User" not found

/www/wwwroot/jobportal.prus.dev/tests/Feature/PostTest.php:30</error>
        </testcase>
        <testcase name="admin_can_view_all_post_comments" file="/www/wwwroot/jobportal.prus.dev/tests/Feature/PostTest.php" line="166" class="Tests\Feature\PostTest" classname="Tests.Feature.PostTest" assertions="0" time="0.000000">
          <error type="Error">Tests\Feature\PostTest::admin_can_view_all_post_comments
Error: Class "App\Models\User" not found

/www/wwwroot/jobportal.prus.dev/tests/Feature/PostTest.php:30</error>
        </testcase>
        <testcase name="admin_can_view_post_comment_details" file="/www/wwwroot/jobportal.prus.dev/tests/Feature/PostTest.php" line="176" class="Tests\Feature\PostTest" classname="Tests.Feature.PostTest" assertions="0" time="0.000000">
          <error type="Error">Tests\Feature\PostTest::admin_can_view_post_comment_details
Error: Class "App\Models\User" not found

/www/wwwroot/jobportal.prus.dev/tests/Feature/PostTest.php:30</error>
        </testcase>
      </testsuite>
      <testsuite name="Tests\Feature\RealTimeTrackingTest" file="/www/wwwroot/jobportal.prus.dev/tests/Feature/RealTimeTrackingTest.php" tests="19" assertions="0" errors="19" failures="0" skipped="0" time="0.000000">
        <testcase name="authenticated_user_can_access_realtime_dashboard" file="/www/wwwroot/jobportal.prus.dev/tests/Feature/RealTimeTrackingTest.php" line="68" class="Tests\Feature\RealTimeTrackingTest" classname="Tests.Feature.RealTimeTrackingTest" assertions="0" time="0.000000">
          <error type="Error">Tests\Feature\RealTimeTrackingTest::authenticated_user_can_access_realtime_dashboard
Error: Class "App\Models\User" not found

/www/wwwroot/jobportal.prus.dev/tests/Feature/RealTimeTrackingTest.php:30</error>
        </testcase>
        <testcase name="unauthenticated_user_cannot_access_realtime_dashboard" file="/www/wwwroot/jobportal.prus.dev/tests/Feature/RealTimeTrackingTest.php" line="83" class="Tests\Feature\RealTimeTrackingTest" classname="Tests.Feature.RealTimeTrackingTest" assertions="0" time="0.000000">
          <error type="Error">Tests\Feature\RealTimeTrackingTest::unauthenticated_user_cannot_access_realtime_dashboard
Error: Class "App\Models\User" not found

/www/wwwroot/jobportal.prus.dev/tests/Feature/RealTimeTrackingTest.php:30</error>
        </testcase>
        <testcase name="candidate_can_get_their_stats" file="/www/wwwroot/jobportal.prus.dev/tests/Feature/RealTimeTrackingTest.php" line="90" class="Tests\Feature\RealTimeTrackingTest" classname="Tests.Feature.RealTimeTrackingTest" assertions="0" time="0.000000">
          <error type="Error">Tests\Feature\RealTimeTrackingTest::candidate_can_get_their_stats
Error: Class "App\Models\User" not found

/www/wwwroot/jobportal.prus.dev/tests/Feature/RealTimeTrackingTest.php:30</error>
        </testcase>
        <testcase name="employer_can_get_their_stats" file="/www/wwwroot/jobportal.prus.dev/tests/Feature/RealTimeTrackingTest.php" line="105" class="Tests\Feature\RealTimeTrackingTest" classname="Tests.Feature.RealTimeTrackingTest" assertions="0" time="0.000000">
          <error type="Error">Tests\Feature\RealTimeTrackingTest::employer_can_get_their_stats
Error: Class "App\Models\User" not found

/www/wwwroot/jobportal.prus.dev/tests/Feature/RealTimeTrackingTest.php:30</error>
        </testcase>
        <testcase name="employer_can_update_application_status" file="/www/wwwroot/jobportal.prus.dev/tests/Feature/RealTimeTrackingTest.php" line="120" class="Tests\Feature\RealTimeTrackingTest" classname="Tests.Feature.RealTimeTrackingTest" assertions="0" time="0.000000">
          <error type="Error">Tests\Feature\RealTimeTrackingTest::employer_can_update_application_status
Error: Class "App\Models\User" not found

/www/wwwroot/jobportal.prus.dev/tests/Feature/RealTimeTrackingTest.php:30</error>
        </testcase>
        <testcase name="candidate_can_only_withdraw_their_own_application" file="/www/wwwroot/jobportal.prus.dev/tests/Feature/RealTimeTrackingTest.php" line="150" class="Tests\Feature\RealTimeTrackingTest" classname="Tests.Feature.RealTimeTrackingTest" assertions="0" time="0.000000">
          <error type="Error">Tests\Feature\RealTimeTrackingTest::candidate_can_only_withdraw_their_own_application
Error: Class "App\Models\User" not found

/www/wwwroot/jobportal.prus.dev/tests/Feature/RealTimeTrackingTest.php:30</error>
        </testcase>
        <testcase name="candidate_cannot_update_application_to_other_statuses" file="/www/wwwroot/jobportal.prus.dev/tests/Feature/RealTimeTrackingTest.php" line="164" class="Tests\Feature\RealTimeTrackingTest" classname="Tests.Feature.RealTimeTrackingTest" assertions="0" time="0.000000">
          <error type="Error">Tests\Feature\RealTimeTrackingTest::candidate_cannot_update_application_to_other_statuses
Error: Class "App\Models\User" not found

/www/wwwroot/jobportal.prus.dev/tests/Feature/RealTimeTrackingTest.php:30</error>
        </testcase>
        <testcase name="unauthorized_user_cannot_update_application_status" file="/www/wwwroot/jobportal.prus.dev/tests/Feature/RealTimeTrackingTest.php" line="176" class="Tests\Feature\RealTimeTrackingTest" classname="Tests.Feature.RealTimeTrackingTest" assertions="0" time="0.000000">
          <error type="Error">Tests\Feature\RealTimeTrackingTest::unauthorized_user_cannot_update_application_status
Error: Class "App\Models\User" not found

/www/wwwroot/jobportal.prus.dev/tests/Feature/RealTimeTrackingTest.php:30</error>
        </testcase>
        <testcase name="websocket_auth_returns_correct_channels_for_candidate" file="/www/wwwroot/jobportal.prus.dev/tests/Feature/RealTimeTrackingTest.php" line="195" class="Tests\Feature\RealTimeTrackingTest" classname="Tests.Feature.RealTimeTrackingTest" assertions="0" time="0.000000">
          <error type="Error">Tests\Feature\RealTimeTrackingTest::websocket_auth_returns_correct_channels_for_candidate
Error: Class "App\Models\User" not found

/www/wwwroot/jobportal.prus.dev/tests/Feature/RealTimeTrackingTest.php:30</error>
        </testcase>
        <testcase name="websocket_auth_returns_correct_channels_for_employer" file="/www/wwwroot/jobportal.prus.dev/tests/Feature/RealTimeTrackingTest.php" line="208" class="Tests\Feature\RealTimeTrackingTest" classname="Tests.Feature.RealTimeTrackingTest" assertions="0" time="0.000000">
          <error type="Error">Tests\Feature\RealTimeTrackingTest::websocket_auth_returns_correct_channels_for_employer
Error: Class "App\Models\User" not found

/www/wwwroot/jobportal.prus.dev/tests/Feature/RealTimeTrackingTest.php:30</error>
        </testcase>
        <testcase name="activity_feed_returns_candidate_applications" file="/www/wwwroot/jobportal.prus.dev/tests/Feature/RealTimeTrackingTest.php" line="221" class="Tests\Feature\RealTimeTrackingTest" classname="Tests.Feature.RealTimeTrackingTest" assertions="0" time="0.000000">
          <error type="Error">Tests\Feature\RealTimeTrackingTest::activity_feed_returns_candidate_applications
Error: Class "App\Models\User" not found

/www/wwwroot/jobportal.prus.dev/tests/Feature/RealTimeTrackingTest.php:30</error>
        </testcase>
        <testcase name="activity_feed_returns_employer_applications" file="/www/wwwroot/jobportal.prus.dev/tests/Feature/RealTimeTrackingTest.php" line="240" class="Tests\Feature\RealTimeTrackingTest" classname="Tests.Feature.RealTimeTrackingTest" assertions="0" time="0.000000">
          <error type="Error">Tests\Feature\RealTimeTrackingTest::activity_feed_returns_employer_applications
Error: Class "App\Models\User" not found

/www/wwwroot/jobportal.prus.dev/tests/Feature/RealTimeTrackingTest.php:30</error>
        </testcase>
        <testcase name="real_time_stats_returns_current_metrics" file="/www/wwwroot/jobportal.prus.dev/tests/Feature/RealTimeTrackingTest.php" line="253" class="Tests\Feature\RealTimeTrackingTest" classname="Tests.Feature.RealTimeTrackingTest" assertions="0" time="0.000000">
          <error type="Error">Tests\Feature\RealTimeTrackingTest::real_time_stats_returns_current_metrics
Error: Class "App\Models\User" not found

/www/wwwroot/jobportal.prus.dev/tests/Feature/RealTimeTrackingTest.php:30</error>
        </testcase>
        <testcase name="job_application_status_changed_event_has_correct_data" file="/www/wwwroot/jobportal.prus.dev/tests/Feature/RealTimeTrackingTest.php" line="271" class="Tests\Feature\RealTimeTrackingTest" classname="Tests.Feature.RealTimeTrackingTest" assertions="0" time="0.000000">
          <error type="Error">Tests\Feature\RealTimeTrackingTest::job_application_status_changed_event_has_correct_data
Error: Class "App\Models\User" not found

/www/wwwroot/jobportal.prus.dev/tests/Feature/RealTimeTrackingTest.php:30</error>
        </testcase>
        <testcase name="event_broadcast_data_contains_required_fields" file="/www/wwwroot/jobportal.prus.dev/tests/Feature/RealTimeTrackingTest.php" line="282" class="Tests\Feature\RealTimeTrackingTest" classname="Tests.Feature.RealTimeTrackingTest" assertions="0" time="0.000000">
          <error type="Error">Tests\Feature\RealTimeTrackingTest::event_broadcast_data_contains_required_fields
Error: Class "App\Models\User" not found

/www/wwwroot/jobportal.prus.dev/tests/Feature/RealTimeTrackingTest.php:30</error>
        </testcase>
        <testcase name="event_broadcasts_on_correct_channels" file="/www/wwwroot/jobportal.prus.dev/tests/Feature/RealTimeTrackingTest.php" line="305" class="Tests\Feature\RealTimeTrackingTest" classname="Tests.Feature.RealTimeTrackingTest" assertions="0" time="0.000000">
          <error type="Error">Tests\Feature\RealTimeTrackingTest::event_broadcasts_on_correct_channels
Error: Class "App\Models\User" not found

/www/wwwroot/jobportal.prus.dev/tests/Feature/RealTimeTrackingTest.php:30</error>
        </testcase>
        <testcase name="status_validation_rejects_invalid_statuses" file="/www/wwwroot/jobportal.prus.dev/tests/Feature/RealTimeTrackingTest.php" line="321" class="Tests\Feature\RealTimeTrackingTest" classname="Tests.Feature.RealTimeTrackingTest" assertions="0" time="0.000000">
          <error type="Error">Tests\Feature\RealTimeTrackingTest::status_validation_rejects_invalid_statuses
Error: Class "App\Models\User" not found

/www/wwwroot/jobportal.prus.dev/tests/Feature/RealTimeTrackingTest.php:30</error>
        </testcase>
        <testcase name="dashboard_page_loads_successfully" file="/www/wwwroot/jobportal.prus.dev/tests/Feature/RealTimeTrackingTest.php" line="333" class="Tests\Feature\RealTimeTrackingTest" classname="Tests.Feature.RealTimeTrackingTest" assertions="0" time="0.000000">
          <error type="Error">Tests\Feature\RealTimeTrackingTest::dashboard_page_loads_successfully
Error: Class "App\Models\User" not found

/www/wwwroot/jobportal.prus.dev/tests/Feature/RealTimeTrackingTest.php:30</error>
        </testcase>
        <testcase name="system_health_endpoint_returns_status" file="/www/wwwroot/jobportal.prus.dev/tests/Feature/RealTimeTrackingTest.php" line="343" class="Tests\Feature\RealTimeTrackingTest" classname="Tests.Feature.RealTimeTrackingTest" assertions="0" time="0.000000">
          <error type="Error">Tests\Feature\RealTimeTrackingTest::system_health_endpoint_returns_status
Error: Class "App\Models\User" not found

/www/wwwroot/jobportal.prus.dev/tests/Feature/RealTimeTrackingTest.php:30</error>
        </testcase>
      </testsuite>
      <testsuite name="Tests\Feature\RedisHealthControllerTest" file="/www/wwwroot/jobportal.prus.dev/tests/Feature/RedisHealthControllerTest.php" tests="17" assertions="0" errors="17" failures="0" skipped="0" time="0.000000">
        <testcase name="test_index_displays_correctly" file="/www/wwwroot/jobportal.prus.dev/tests/Feature/RedisHealthControllerTest.php" line="36" class="Tests\Feature\RedisHealthControllerTest" classname="Tests.Feature.RedisHealthControllerTest" assertions="0" time="0.000000">
          <error type="Error">Tests\Feature\RedisHealthControllerTest::test_index_displays_correctly
Error: Class "App\Models\User" not found

/www/wwwroot/jobportal.prus.dev/tests/Feature/RedisHealthControllerTest.php:30</error>
        </testcase>
        <testcase name="test_guest_can_access_public_pages" file="/www/wwwroot/jobportal.prus.dev/tests/Feature/RedisHealthControllerTest.php" line="48" class="Tests\Feature\RedisHealthControllerTest" classname="Tests.Feature.RedisHealthControllerTest" assertions="0" time="0.000000">
          <error type="Error">Tests\Feature\RedisHealthControllerTest::test_guest_can_access_public_pages
Error: Class "App\Models\User" not found

/www/wwwroot/jobportal.prus.dev/tests/Feature/RedisHealthControllerTest.php:30</error>
        </testcase>
        <testcase name="test_authenticated_user_access" file="/www/wwwroot/jobportal.prus.dev/tests/Feature/RedisHealthControllerTest.php" line="59" class="Tests\Feature\RedisHealthControllerTest" classname="Tests.Feature.RedisHealthControllerTest" assertions="0" time="0.000000">
          <error type="Error">Tests\Feature\RedisHealthControllerTest::test_authenticated_user_access
Error: Class "App\Models\User" not found

/www/wwwroot/jobportal.prus.dev/tests/Feature/RedisHealthControllerTest.php:30</error>
        </testcase>
        <testcase name="test_create_displays_form" file="/www/wwwroot/jobportal.prus.dev/tests/Feature/RedisHealthControllerTest.php" line="71" class="Tests\Feature\RedisHealthControllerTest" classname="Tests.Feature.RedisHealthControllerTest" assertions="0" time="0.000000">
          <error type="Error">Tests\Feature\RedisHealthControllerTest::test_create_displays_form
Error: Class "App\Models\User" not found

/www/wwwroot/jobportal.prus.dev/tests/Feature/RedisHealthControllerTest.php:30</error>
        </testcase>
        <testcase name="test_store_creates_new_record" file="/www/wwwroot/jobportal.prus.dev/tests/Feature/RedisHealthControllerTest.php" line="83" class="Tests\Feature\RedisHealthControllerTest" classname="Tests.Feature.RedisHealthControllerTest" assertions="0" time="0.000000">
          <error type="Error">Tests\Feature\RedisHealthControllerTest::test_store_creates_new_record
Error: Class "App\Models\User" not found

/www/wwwroot/jobportal.prus.dev/tests/Feature/RedisHealthControllerTest.php:30</error>
        </testcase>
        <testcase name="test_store_validates_required_fields" file="/www/wwwroot/jobportal.prus.dev/tests/Feature/RedisHealthControllerTest.php" line="102" class="Tests\Feature\RedisHealthControllerTest" classname="Tests.Feature.RedisHealthControllerTest" assertions="0" time="0.000000">
          <error type="Error">Tests\Feature\RedisHealthControllerTest::test_store_validates_required_fields
Error: Class "App\Models\User" not found

/www/wwwroot/jobportal.prus.dev/tests/Feature/RedisHealthControllerTest.php:30</error>
        </testcase>
        <testcase name="test_show_displays_record" file="/www/wwwroot/jobportal.prus.dev/tests/Feature/RedisHealthControllerTest.php" line="114" class="Tests\Feature\RedisHealthControllerTest" classname="Tests.Feature.RedisHealthControllerTest" assertions="0" time="0.000000">
          <error type="Error">Tests\Feature\RedisHealthControllerTest::test_show_displays_record
Error: Class "App\Models\User" not found

/www/wwwroot/jobportal.prus.dev/tests/Feature/RedisHealthControllerTest.php:30</error>
        </testcase>
        <testcase name="test_edit_displays_form" file="/www/wwwroot/jobportal.prus.dev/tests/Feature/RedisHealthControllerTest.php" line="128" class="Tests\Feature\RedisHealthControllerTest" classname="Tests.Feature.RedisHealthControllerTest" assertions="0" time="0.000000">
          <error type="Error">Tests\Feature\RedisHealthControllerTest::test_edit_displays_form
Error: Class "App\Models\User" not found

/www/wwwroot/jobportal.prus.dev/tests/Feature/RedisHealthControllerTest.php:30</error>
        </testcase>
        <testcase name="test_update_modifies_record" file="/www/wwwroot/jobportal.prus.dev/tests/Feature/RedisHealthControllerTest.php" line="139" class="Tests\Feature\RedisHealthControllerTest" classname="Tests.Feature.RedisHealthControllerTest" assertions="0" time="0.000000">
          <error type="Error">Tests\Feature\RedisHealthControllerTest::test_update_modifies_record
Error: Class "App\Models\User" not found

/www/wwwroot/jobportal.prus.dev/tests/Feature/RedisHealthControllerTest.php:30</error>
        </testcase>
        <testcase name="test_destroy_deletes_record" file="/www/wwwroot/jobportal.prus.dev/tests/Feature/RedisHealthControllerTest.php" line="156" class="Tests\Feature\RedisHealthControllerTest" classname="Tests.Feature.RedisHealthControllerTest" assertions="0" time="0.000000">
          <error type="Error">Tests\Feature\RedisHealthControllerTest::test_destroy_deletes_record
Error: Class "App\Models\User" not found

/www/wwwroot/jobportal.prus.dev/tests/Feature/RedisHealthControllerTest.php:30</error>
        </testcase>
        <testcase name="test_unauthorized_access_is_prevented" file="/www/wwwroot/jobportal.prus.dev/tests/Feature/RedisHealthControllerTest.php" line="168" class="Tests\Feature\RedisHealthControllerTest" classname="Tests.Feature.RedisHealthControllerTest" assertions="0" time="0.000000">
          <error type="Error">Tests\Feature\RedisHealthControllerTest::test_unauthorized_access_is_prevented
Error: Class "App\Models\User" not found

/www/wwwroot/jobportal.prus.dev/tests/Feature/RedisHealthControllerTest.php:30</error>
        </testcase>
        <testcase name="test_handles_invalid_input_gracefully" file="/www/wwwroot/jobportal.prus.dev/tests/Feature/RedisHealthControllerTest.php" line="179" class="Tests\Feature\RedisHealthControllerTest" classname="Tests.Feature.RedisHealthControllerTest" assertions="0" time="0.000000">
          <error type="Error">Tests\Feature\RedisHealthControllerTest::test_handles_invalid_input_gracefully
Error: Class "App\Models\User" not found

/www/wwwroot/jobportal.prus.dev/tests/Feature/RedisHealthControllerTest.php:30</error>
        </testcase>
        <testcase name="test_search_functionality" file="/www/wwwroot/jobportal.prus.dev/tests/Feature/RedisHealthControllerTest.php" line="196" class="Tests\Feature\RedisHealthControllerTest" classname="Tests.Feature.RedisHealthControllerTest" assertions="0" time="0.000000">
          <error type="Error">Tests\Feature\RedisHealthControllerTest::test_search_functionality
Error: Class "App\Models\User" not found

/www/wwwroot/jobportal.prus.dev/tests/Feature/RedisHealthControllerTest.php:30</error>
        </testcase>
        <testcase name="test_pagination_works_correctly" file="/www/wwwroot/jobportal.prus.dev/tests/Feature/RedisHealthControllerTest.php" line="210" class="Tests\Feature\RedisHealthControllerTest" classname="Tests.Feature.RedisHealthControllerTest" assertions="0" time="0.000000">
          <error type="Error">Tests\Feature\RedisHealthControllerTest::test_pagination_works_correctly
Error: Class "App\Models\User" not found

/www/wwwroot/jobportal.prus.dev/tests/Feature/RedisHealthControllerTest.php:30</error>
        </testcase>
        <testcase name="test_csrf_protection_is_enforced" file="/www/wwwroot/jobportal.prus.dev/tests/Feature/RedisHealthControllerTest.php" line="221" class="Tests\Feature\RedisHealthControllerTest" classname="Tests.Feature.RedisHealthControllerTest" assertions="0" time="0.000000">
          <error type="Error">Tests\Feature\RedisHealthControllerTest::test_csrf_protection_is_enforced
Error: Class "App\Models\User" not found

/www/wwwroot/jobportal.prus.dev/tests/Feature/RedisHealthControllerTest.php:30</error>
        </testcase>
        <testcase name="test_rate_limiting_prevents_abuse" file="/www/wwwroot/jobportal.prus.dev/tests/Feature/RedisHealthControllerTest.php" line="233" class="Tests\Feature\RedisHealthControllerTest" classname="Tests.Feature.RedisHealthControllerTest" assertions="0" time="0.000000">
          <error type="Error">Tests\Feature\RedisHealthControllerTest::test_rate_limiting_prevents_abuse
Error: Class "App\Models\User" not found

/www/wwwroot/jobportal.prus.dev/tests/Feature/RedisHealthControllerTest.php:30</error>
        </testcase>
        <testcase name="test_handles_server_errors_gracefully" file="/www/wwwroot/jobportal.prus.dev/tests/Feature/RedisHealthControllerTest.php" line="248" class="Tests\Feature\RedisHealthControllerTest" classname="Tests.Feature.RedisHealthControllerTest" assertions="0" time="0.000000">
          <error type="Error">Tests\Feature\RedisHealthControllerTest::test_handles_server_errors_gracefully
Error: Class "App\Models\User" not found

/www/wwwroot/jobportal.prus.dev/tests/Feature/RedisHealthControllerTest.php:30</error>
        </testcase>
      </testsuite>
      <testsuite name="Tests\Feature\Requests\ContactFormRequestTest" file="/www/wwwroot/jobportal.prus.dev/tests/Feature/Requests/ContactFormRequestTest.php" tests="6" assertions="7" errors="0" failures="0" skipped="0" time="3.573446">
        <testcase name="test_validation_rules_are_defined" file="/www/wwwroot/jobportal.prus.dev/tests/Feature/Requests/ContactFormRequestTest.php" line="24" class="Tests\Feature\Requests\ContactFormRequestTest" classname="Tests.Feature.Requests.ContactFormRequestTest" assertions="2" time="0.525657"/>
        <testcase name="test_all_users_are_authorized" file="/www/wwwroot/jobportal.prus.dev/tests/Feature/Requests/ContactFormRequestTest.php" line="36" class="Tests\Feature\Requests\ContactFormRequestTest" classname="Tests.Feature.Requests.ContactFormRequestTest" assertions="1" time="0.540760"/>
        <testcase name="test_validation_passes_with_valid_data" file="/www/wwwroot/jobportal.prus.dev/tests/Feature/Requests/ContactFormRequestTest.php" line="45" class="Tests\Feature\Requests\ContactFormRequestTest" classname="Tests.Feature.Requests.ContactFormRequestTest" assertions="1" time="0.482142"/>
        <testcase name="test_validation_fails_with_invalid_data" file="/www/wwwroot/jobportal.prus.dev/tests/Feature/Requests/ContactFormRequestTest.php" line="56" class="Tests\Feature\Requests\ContactFormRequestTest" classname="Tests.Feature.Requests.ContactFormRequestTest" assertions="1" time="0.470695"/>
        <testcase name="test_custom_error_messages_are_defined" file="/www/wwwroot/jobportal.prus.dev/tests/Feature/Requests/ContactFormRequestTest.php" line="67" class="Tests\Feature\Requests\ContactFormRequestTest" classname="Tests.Feature.Requests.ContactFormRequestTest" assertions="1" time="0.772505"/>
        <testcase name="test_custom_attributes_are_defined" file="/www/wwwroot/jobportal.prus.dev/tests/Feature/Requests/ContactFormRequestTest.php" line="82" class="Tests\Feature\Requests\ContactFormRequestTest" classname="Tests.Feature.Requests.ContactFormRequestTest" assertions="1" time="0.781687"/>
      </testsuite>
      <testsuite name="Tests\Feature\Requests\CreateAdminRequestTest" file="/www/wwwroot/jobportal.prus.dev/tests/Feature/Requests/CreateAdminRequestTest.php" tests="17" assertions="0" errors="17" failures="0" skipped="0" time="11.956406">
        <testcase name="test_validation_rules_are_defined" file="/www/wwwroot/jobportal.prus.dev/tests/Feature/Requests/CreateAdminRequestTest.php" line="25" class="Tests\Feature\Requests\CreateAdminRequestTest" classname="Tests.Feature.Requests.CreateAdminRequestTest" assertions="0" time="0.969197">
          <error type="Error">Tests\Feature\Requests\CreateAdminRequestTest::test_validation_rules_are_defined
Error: Class "App\Http\Requests\CreateAdminRequest" not found

/www/wwwroot/jobportal.prus.dev/tests/Feature/Requests/CreateAdminRequestTest.php:27</error>
        </testcase>
        <testcase name="test_admin_user_is_authorized" file="/www/wwwroot/jobportal.prus.dev/tests/Feature/Requests/CreateAdminRequestTest.php" line="43" class="Tests\Feature\Requests\CreateAdminRequestTest" classname="Tests.Feature.Requests.CreateAdminRequestTest" assertions="0" time="0.615566">
          <error type="Error">Tests\Feature\Requests\CreateAdminRequestTest::test_admin_user_is_authorized
Error: Class "App\Models\User" not found

/www/wwwroot/jobportal.prus.dev/tests/Feature/Requests/CreateAdminRequestTest.php:46</error>
        </testcase>
        <testcase name="test_non_admin_user_is_not_authorized" file="/www/wwwroot/jobportal.prus.dev/tests/Feature/Requests/CreateAdminRequestTest.php" line="58" class="Tests\Feature\Requests\CreateAdminRequestTest" classname="Tests.Feature.Requests.CreateAdminRequestTest" assertions="0" time="0.722537">
          <error type="Error">Tests\Feature\Requests\CreateAdminRequestTest::test_non_admin_user_is_not_authorized
Error: Class "App\Models\User" not found

/www/wwwroot/jobportal.prus.dev/tests/Feature/Requests/CreateAdminRequestTest.php:60</error>
        </testcase>
        <testcase name="test_unauthenticated_user_is_not_authorized" file="/www/wwwroot/jobportal.prus.dev/tests/Feature/Requests/CreateAdminRequestTest.php" line="71" class="Tests\Feature\Requests\CreateAdminRequestTest" classname="Tests.Feature.Requests.CreateAdminRequestTest" assertions="0" time="0.784876">
          <error type="Error">Tests\Feature\Requests\CreateAdminRequestTest::test_unauthenticated_user_is_not_authorized
Error: Class "App\Http\Requests\CreateAdminRequest" not found

/www/wwwroot/jobportal.prus.dev/tests/Feature/Requests/CreateAdminRequestTest.php:73</error>
        </testcase>
        <testcase name="test_validation_passes_with_valid_data" file="/www/wwwroot/jobportal.prus.dev/tests/Feature/Requests/CreateAdminRequestTest.php" line="81" class="Tests\Feature\Requests\CreateAdminRequestTest" classname="Tests.Feature.Requests.CreateAdminRequestTest" assertions="0" time="0.554691">
          <error type="Error">Tests\Feature\Requests\CreateAdminRequestTest::test_validation_passes_with_valid_data
Error: Class "App\Http\Requests\CreateAdminRequest" not found

/www/wwwroot/jobportal.prus.dev/tests/Feature/Requests/CreateAdminRequestTest.php:93</error>
        </testcase>
        <testcase name="test_first_name_is_required" file="/www/wwwroot/jobportal.prus.dev/tests/Feature/Requests/CreateAdminRequestTest.php" line="102" class="Tests\Feature\Requests\CreateAdminRequestTest" classname="Tests.Feature.Requests.CreateAdminRequestTest" assertions="0" time="0.473541">
          <error type="Error">Tests\Feature\Requests\CreateAdminRequestTest::test_first_name_is_required
Error: Class "App\Http\Requests\CreateAdminRequest" not found

/www/wwwroot/jobportal.prus.dev/tests/Feature/Requests/CreateAdminRequestTest.php:107</error>
        </testcase>
        <testcase name="test_last_name_is_required" file="/www/wwwroot/jobportal.prus.dev/tests/Feature/Requests/CreateAdminRequestTest.php" line="117" class="Tests\Feature\Requests\CreateAdminRequestTest" classname="Tests.Feature.Requests.CreateAdminRequestTest" assertions="0" time="0.877230">
          <error type="Error">Tests\Feature\Requests\CreateAdminRequestTest::test_last_name_is_required
Error: Class "App\Http\Requests\CreateAdminRequest" not found

/www/wwwroot/jobportal.prus.dev/tests/Feature/Requests/CreateAdminRequestTest.php:122</error>
        </testcase>
        <testcase name="test_email_is_required" file="/www/wwwroot/jobportal.prus.dev/tests/Feature/Requests/CreateAdminRequestTest.php" line="132" class="Tests\Feature\Requests\CreateAdminRequestTest" classname="Tests.Feature.Requests.CreateAdminRequestTest" assertions="0" time="0.557620">
          <error type="Error">Tests\Feature\Requests\CreateAdminRequestTest::test_email_is_required
Error: Class "App\Http\Requests\CreateAdminRequest" not found

/www/wwwroot/jobportal.prus.dev/tests/Feature/Requests/CreateAdminRequestTest.php:137</error>
        </testcase>
        <testcase name="test_email_must_be_valid_format" file="/www/wwwroot/jobportal.prus.dev/tests/Feature/Requests/CreateAdminRequestTest.php" line="147" class="Tests\Feature\Requests\CreateAdminRequestTest" classname="Tests.Feature.Requests.CreateAdminRequestTest" assertions="0" time="0.906339">
          <error type="Error">Tests\Feature\Requests\CreateAdminRequestTest::test_email_must_be_valid_format
Error: Class "App\Http\Requests\CreateAdminRequest" not found

/www/wwwroot/jobportal.prus.dev/tests/Feature/Requests/CreateAdminRequestTest.php:152</error>
        </testcase>
        <testcase name="test_email_must_be_unique" file="/www/wwwroot/jobportal.prus.dev/tests/Feature/Requests/CreateAdminRequestTest.php" line="162" class="Tests\Feature\Requests\CreateAdminRequestTest" classname="Tests.Feature.Requests.CreateAdminRequestTest" assertions="0" time="0.895464">
          <error type="Error">Tests\Feature\Requests\CreateAdminRequestTest::test_email_must_be_unique
Error: Class "App\Models\User" not found

/www/wwwroot/jobportal.prus.dev/tests/Feature/Requests/CreateAdminRequestTest.php:165</error>
        </testcase>
        <testcase name="test_password_is_required" file="/www/wwwroot/jobportal.prus.dev/tests/Feature/Requests/CreateAdminRequestTest.php" line="180" class="Tests\Feature\Requests\CreateAdminRequestTest" classname="Tests.Feature.Requests.CreateAdminRequestTest" assertions="0" time="0.911144">
          <error type="Error">Tests\Feature\Requests\CreateAdminRequestTest::test_password_is_required
Error: Class "App\Http\Requests\CreateAdminRequest" not found

/www/wwwroot/jobportal.prus.dev/tests/Feature/Requests/CreateAdminRequestTest.php:185</error>
        </testcase>
        <testcase name="test_password_minimum_length" file="/www/wwwroot/jobportal.prus.dev/tests/Feature/Requests/CreateAdminRequestTest.php" line="195" class="Tests\Feature\Requests\CreateAdminRequestTest" classname="Tests.Feature.Requests.CreateAdminRequestTest" assertions="0" time="0.680958">
          <error type="Error">Tests\Feature\Requests\CreateAdminRequestTest::test_password_minimum_length
Error: Class "App\Http\Requests\CreateAdminRequest" not found

/www/wwwroot/jobportal.prus.dev/tests/Feature/Requests/CreateAdminRequestTest.php:201</error>
        </testcase>
        <testcase name="test_password_confirmation_is_required" file="/www/wwwroot/jobportal.prus.dev/tests/Feature/Requests/CreateAdminRequestTest.php" line="211" class="Tests\Feature\Requests\CreateAdminRequestTest" classname="Tests.Feature.Requests.CreateAdminRequestTest" assertions="0" time="0.781771">
          <error type="Error">Tests\Feature\Requests\CreateAdminRequestTest::test_password_confirmation_is_required
Error: Class "App\Http\Requests\CreateAdminRequest" not found

/www/wwwroot/jobportal.prus.dev/tests/Feature/Requests/CreateAdminRequestTest.php:216</error>
        </testcase>
        <testcase name="test_password_confirmation_must_match" file="/www/wwwroot/jobportal.prus.dev/tests/Feature/Requests/CreateAdminRequestTest.php" line="226" class="Tests\Feature\Requests\CreateAdminRequestTest" classname="Tests.Feature.Requests.CreateAdminRequestTest" assertions="0" time="0.703994">
          <error type="Error">Tests\Feature\Requests\CreateAdminRequestTest::test_password_confirmation_must_match
Error: Class "App\Http\Requests\CreateAdminRequest" not found

/www/wwwroot/jobportal.prus.dev/tests/Feature/Requests/CreateAdminRequestTest.php:232</error>
        </testcase>
        <testcase name="test_custom_error_messages_are_defined" file="/www/wwwroot/jobportal.prus.dev/tests/Feature/Requests/CreateAdminRequestTest.php" line="242" class="Tests\Feature\Requests\CreateAdminRequestTest" classname="Tests.Feature.Requests.CreateAdminRequestTest" assertions="0" time="0.508492">
          <error type="Error">Tests\Feature\Requests\CreateAdminRequestTest::test_custom_error_messages_are_defined
Error: Class "App\Http\Requests\CreateAdminRequest" not found

/www/wwwroot/jobportal.prus.dev/tests/Feature/Requests/CreateAdminRequestTest.php:244</error>
        </testcase>
        <testcase name="test_custom_attributes_are_defined" file="/www/wwwroot/jobportal.prus.dev/tests/Feature/Requests/CreateAdminRequestTest.php" line="261" class="Tests\Feature\Requests\CreateAdminRequestTest" classname="Tests.Feature.Requests.CreateAdminRequestTest" assertions="0" time="0.520968">
          <error type="Error">Tests\Feature\Requests\CreateAdminRequestTest::test_custom_attributes_are_defined
Error: Class "App\Http\Requests\CreateAdminRequest" not found

/www/wwwroot/jobportal.prus.dev/tests/Feature/Requests/CreateAdminRequestTest.php:263</error>
        </testcase>
        <testcase name="test_data_preparation" file="/www/wwwroot/jobportal.prus.dev/tests/Feature/Requests/CreateAdminRequestTest.php" line="276" class="Tests\Feature\Requests\CreateAdminRequestTest" classname="Tests.Feature.Requests.CreateAdminRequestTest" assertions="0" time="0.492019">
          <error type="Error">Tests\Feature\Requests\CreateAdminRequestTest::test_data_preparation
Error: Class "App\Http\Requests\CreateAdminRequest" not found

/www/wwwroot/jobportal.prus.dev/tests/Feature/Requests/CreateAdminRequestTest.php:278</error>
        </testcase>
      </testsuite>
      <testsuite name="Tests\Feature\Requests\CreateBlogCommentRequestTest" file="/www/wwwroot/jobportal.prus.dev/tests/Feature/Requests/CreateBlogCommentRequestTest.php" tests="6" assertions="7" errors="0" failures="0" skipped="0" time="3.838363">
        <testcase name="test_validation_rules_are_defined" file="/www/wwwroot/jobportal.prus.dev/tests/Feature/Requests/CreateBlogCommentRequestTest.php" line="24" class="Tests\Feature\Requests\CreateBlogCommentRequestTest" classname="Tests.Feature.Requests.CreateBlogCommentRequestTest" assertions="2" time="0.713424"/>
        <testcase name="test_all_users_are_authorized" file="/www/wwwroot/jobportal.prus.dev/tests/Feature/Requests/CreateBlogCommentRequestTest.php" line="36" class="Tests\Feature\Requests\CreateBlogCommentRequestTest" classname="Tests.Feature.Requests.CreateBlogCommentRequestTest" assertions="1" time="0.484892"/>
        <testcase name="test_validation_passes_with_valid_data" file="/www/wwwroot/jobportal.prus.dev/tests/Feature/Requests/CreateBlogCommentRequestTest.php" line="45" class="Tests\Feature\Requests\CreateBlogCommentRequestTest" classname="Tests.Feature.Requests.CreateBlogCommentRequestTest" assertions="1" time="0.714115"/>
        <testcase name="test_validation_fails_with_invalid_data" file="/www/wwwroot/jobportal.prus.dev/tests/Feature/Requests/CreateBlogCommentRequestTest.php" line="56" class="Tests\Feature\Requests\CreateBlogCommentRequestTest" classname="Tests.Feature.Requests.CreateBlogCommentRequestTest" assertions="1" time="0.536178"/>
        <testcase name="test_custom_error_messages_are_defined" file="/www/wwwroot/jobportal.prus.dev/tests/Feature/Requests/CreateBlogCommentRequestTest.php" line="67" class="Tests\Feature\Requests\CreateBlogCommentRequestTest" classname="Tests.Feature.Requests.CreateBlogCommentRequestTest" assertions="1" time="0.626574"/>
        <testcase name="test_custom_attributes_are_defined" file="/www/wwwroot/jobportal.prus.dev/tests/Feature/Requests/CreateBlogCommentRequestTest.php" line="82" class="Tests\Feature\Requests\CreateBlogCommentRequestTest" classname="Tests.Feature.Requests.CreateBlogCommentRequestTest" assertions="1" time="0.763179"/>
      </testsuite>
      <testsuite name="Tests\Feature\Requests\CreateCandidateEducationRequestTest" file="/www/wwwroot/jobportal.prus.dev/tests/Feature/Requests/CreateCandidateEducationRequestTest.php" tests="6" assertions="2" errors="4" failures="0" skipped="0" time="4.391443">
        <testcase name="test_validation_rules_are_defined" file="/www/wwwroot/jobportal.prus.dev/tests/Feature/Requests/CreateCandidateEducationRequestTest.php" line="24" class="Tests\Feature\Requests\CreateCandidateEducationRequestTest" classname="Tests.Feature.Requests.CreateCandidateEducationRequestTest" assertions="0" time="0.658799">
          <error type="Error">Tests\Feature\Requests\CreateCandidateEducationRequestTest::test_validation_rules_are_defined
Error: Class "App\Http\Requests\CreateCandidateEducationRequest" not found

/www/wwwroot/jobportal.prus.dev/tests/Feature/Requests/CreateCandidateEducationRequestTest.php:26</error>
        </testcase>
        <testcase name="test_all_users_are_authorized" file="/www/wwwroot/jobportal.prus.dev/tests/Feature/Requests/CreateCandidateEducationRequestTest.php" line="36" class="Tests\Feature\Requests\CreateCandidateEducationRequestTest" classname="Tests.Feature.Requests.CreateCandidateEducationRequestTest" assertions="0" time="0.919857">
          <error type="Error">Tests\Feature\Requests\CreateCandidateEducationRequestTest::test_all_users_are_authorized
Error: Class "App\Http\Requests\CreateCandidateEducationRequest" not found

/www/wwwroot/jobportal.prus.dev/tests/Feature/Requests/CreateCandidateEducationRequestTest.php:38</error>
        </testcase>
        <testcase name="test_validation_passes_with_valid_data" file="/www/wwwroot/jobportal.prus.dev/tests/Feature/Requests/CreateCandidateEducationRequestTest.php" line="45" class="Tests\Feature\Requests\CreateCandidateEducationRequestTest" classname="Tests.Feature.Requests.CreateCandidateEducationRequestTest" assertions="1" time="0.700313"/>
        <testcase name="test_validation_fails_with_invalid_data" file="/www/wwwroot/jobportal.prus.dev/tests/Feature/Requests/CreateCandidateEducationRequestTest.php" line="56" class="Tests\Feature\Requests\CreateCandidateEducationRequestTest" classname="Tests.Feature.Requests.CreateCandidateEducationRequestTest" assertions="1" time="0.605727"/>
        <testcase name="test_custom_error_messages_are_defined" file="/www/wwwroot/jobportal.prus.dev/tests/Feature/Requests/CreateCandidateEducationRequestTest.php" line="67" class="Tests\Feature\Requests\CreateCandidateEducationRequestTest" classname="Tests.Feature.Requests.CreateCandidateEducationRequestTest" assertions="0" time="0.563288">
          <error type="Error">Tests\Feature\Requests\CreateCandidateEducationRequestTest::test_custom_error_messages_are_defined
Error: Class "App\Http\Requests\CreateCandidateEducationRequest" not found

/www/wwwroot/jobportal.prus.dev/tests/Feature/Requests/CreateCandidateEducationRequestTest.php:69</error>
        </testcase>
        <testcase name="test_custom_attributes_are_defined" file="/www/wwwroot/jobportal.prus.dev/tests/Feature/Requests/CreateCandidateEducationRequestTest.php" line="82" class="Tests\Feature\Requests\CreateCandidateEducationRequestTest" classname="Tests.Feature.Requests.CreateCandidateEducationRequestTest" assertions="0" time="0.943459">
          <error type="Error">Tests\Feature\Requests\CreateCandidateEducationRequestTest::test_custom_attributes_are_defined
Error: Class "App\Http\Requests\CreateCandidateEducationRequest" not found

/www/wwwroot/jobportal.prus.dev/tests/Feature/Requests/CreateCandidateEducationRequestTest.php:84</error>
        </testcase>
      </testsuite>
      <testsuite name="Tests\Feature\Requests\CreateCandidateRequestTest" file="/www/wwwroot/jobportal.prus.dev/tests/Feature/Requests/CreateCandidateRequestTest.php" tests="6" assertions="2" errors="4" failures="0" skipped="0" time="3.821140">
        <testcase name="test_validation_rules_are_defined" file="/www/wwwroot/jobportal.prus.dev/tests/Feature/Requests/CreateCandidateRequestTest.php" line="24" class="Tests\Feature\Requests\CreateCandidateRequestTest" classname="Tests.Feature.Requests.CreateCandidateRequestTest" assertions="0" time="0.581825">
          <error type="Error">Tests\Feature\Requests\CreateCandidateRequestTest::test_validation_rules_are_defined
Error: Class "App\Http\Requests\CreateCandidateRequest" not found

/www/wwwroot/jobportal.prus.dev/tests/Feature/Requests/CreateCandidateRequestTest.php:26</error>
        </testcase>
        <testcase name="test_all_users_are_authorized" file="/www/wwwroot/jobportal.prus.dev/tests/Feature/Requests/CreateCandidateRequestTest.php" line="36" class="Tests\Feature\Requests\CreateCandidateRequestTest" classname="Tests.Feature.Requests.CreateCandidateRequestTest" assertions="0" time="0.859945">
          <error type="Error">Tests\Feature\Requests\CreateCandidateRequestTest::test_all_users_are_authorized
Error: Class "App\Http\Requests\CreateCandidateRequest" not found

/www/wwwroot/jobportal.prus.dev/tests/Feature/Requests/CreateCandidateRequestTest.php:38</error>
        </testcase>
        <testcase name="test_validation_passes_with_valid_data" file="/www/wwwroot/jobportal.prus.dev/tests/Feature/Requests/CreateCandidateRequestTest.php" line="45" class="Tests\Feature\Requests\CreateCandidateRequestTest" classname="Tests.Feature.Requests.CreateCandidateRequestTest" assertions="1" time="0.735872"/>
        <testcase name="test_validation_fails_with_invalid_data" file="/www/wwwroot/jobportal.prus.dev/tests/Feature/Requests/CreateCandidateRequestTest.php" line="56" class="Tests\Feature\Requests\CreateCandidateRequestTest" classname="Tests.Feature.Requests.CreateCandidateRequestTest" assertions="1" time="0.584885"/>
        <testcase name="test_custom_error_messages_are_defined" file="/www/wwwroot/jobportal.prus.dev/tests/Feature/Requests/CreateCandidateRequestTest.php" line="67" class="Tests\Feature\Requests\CreateCandidateRequestTest" classname="Tests.Feature.Requests.CreateCandidateRequestTest" assertions="0" time="0.566861">
          <error type="Error">Tests\Feature\Requests\CreateCandidateRequestTest::test_custom_error_messages_are_defined
Error: Class "App\Http\Requests\CreateCandidateRequest" not found

/www/wwwroot/jobportal.prus.dev/tests/Feature/Requests/CreateCandidateRequestTest.php:69</error>
        </testcase>
        <testcase name="test_custom_attributes_are_defined" file="/www/wwwroot/jobportal.prus.dev/tests/Feature/Requests/CreateCandidateRequestTest.php" line="82" class="Tests\Feature\Requests\CreateCandidateRequestTest" classname="Tests.Feature.Requests.CreateCandidateRequestTest" assertions="0" time="0.491752">
          <error type="Error">Tests\Feature\Requests\CreateCandidateRequestTest::test_custom_attributes_are_defined
Error: Class "App\Http\Requests\CreateCandidateRequest" not found

/www/wwwroot/jobportal.prus.dev/tests/Feature/Requests/CreateCandidateRequestTest.php:84</error>
        </testcase>
      </testsuite>
      <testsuite name="Tests\Feature\Requests\CreateCompanyRequestTest" file="/www/wwwroot/jobportal.prus.dev/tests/Feature/Requests/CreateCompanyRequestTest.php" tests="22" assertions="0" errors="22" failures="0" skipped="0" time="0.000000">
        <testcase name="test_authorization_returns_true" file="/www/wwwroot/jobportal.prus.dev/tests/Feature/Requests/CreateCompanyRequestTest.php" line="33" class="Tests\Feature\Requests\CreateCompanyRequestTest" classname="Tests.Feature.Requests.CreateCompanyRequestTest" assertions="0" time="0.000000">
          <error type="Error">Tests\Feature\Requests\CreateCompanyRequestTest::test_authorization_returns_true
Error: Class "App\Models\User" not found

/www/wwwroot/jobportal.prus.dev/tests/Feature/Requests/CreateCompanyRequestTest.php:29</error>
        </testcase>
        <testcase name="test_validation_rules_are_defined" file="/www/wwwroot/jobportal.prus.dev/tests/Feature/Requests/CreateCompanyRequestTest.php" line="41" class="Tests\Feature\Requests\CreateCompanyRequestTest" classname="Tests.Feature.Requests.CreateCompanyRequestTest" assertions="0" time="0.000000">
          <error type="Error">Tests\Feature\Requests\CreateCompanyRequestTest::test_validation_rules_are_defined
Error: Class "App\Models\User" not found

/www/wwwroot/jobportal.prus.dev/tests/Feature/Requests/CreateCompanyRequestTest.php:29</error>
        </testcase>
        <testcase name="test_validation_messages_are_defined" file="/www/wwwroot/jobportal.prus.dev/tests/Feature/Requests/CreateCompanyRequestTest.php" line="51" class="Tests\Feature\Requests\CreateCompanyRequestTest" classname="Tests.Feature.Requests.CreateCompanyRequestTest" assertions="0" time="0.000000">
          <error type="Error">Tests\Feature\Requests\CreateCompanyRequestTest::test_validation_messages_are_defined
Error: Class "App\Models\User" not found

/www/wwwroot/jobportal.prus.dev/tests/Feature/Requests/CreateCompanyRequestTest.php:29</error>
        </testcase>
        <testcase name="test_validation_attributes_are_defined" file="/www/wwwroot/jobportal.prus.dev/tests/Feature/Requests/CreateCompanyRequestTest.php" line="64" class="Tests\Feature\Requests\CreateCompanyRequestTest" classname="Tests.Feature.Requests.CreateCompanyRequestTest" assertions="0" time="0.000000">
          <error type="Error">Tests\Feature\Requests\CreateCompanyRequestTest::test_validation_attributes_are_defined
Error: Class "App\Models\User" not found

/www/wwwroot/jobportal.prus.dev/tests/Feature/Requests/CreateCompanyRequestTest.php:29</error>
        </testcase>
        <testcase name="test_name_validation" file="/www/wwwroot/jobportal.prus.dev/tests/Feature/Requests/CreateCompanyRequestTest.php" line="77" class="Tests\Feature\Requests\CreateCompanyRequestTest" classname="Tests.Feature.Requests.CreateCompanyRequestTest" assertions="0" time="0.000000">
          <error type="Error">Tests\Feature\Requests\CreateCompanyRequestTest::test_name_validation
Error: Class "App\Models\User" not found

/www/wwwroot/jobportal.prus.dev/tests/Feature/Requests/CreateCompanyRequestTest.php:29</error>
        </testcase>
        <testcase name="test_required_validation" file="/www/wwwroot/jobportal.prus.dev/tests/Feature/Requests/CreateCompanyRequestTest.php" line="90" class="Tests\Feature\Requests\CreateCompanyRequestTest" classname="Tests.Feature.Requests.CreateCompanyRequestTest" assertions="0" time="0.000000">
          <error type="Error">Tests\Feature\Requests\CreateCompanyRequestTest::test_required_validation
Error: Class "App\Models\User" not found

/www/wwwroot/jobportal.prus.dev/tests/Feature/Requests/CreateCompanyRequestTest.php:29</error>
        </testcase>
        <testcase name="test_string_validation" file="/www/wwwroot/jobportal.prus.dev/tests/Feature/Requests/CreateCompanyRequestTest.php" line="103" class="Tests\Feature\Requests\CreateCompanyRequestTest" classname="Tests.Feature.Requests.CreateCompanyRequestTest" assertions="0" time="0.000000">
          <error type="Error">Tests\Feature\Requests\CreateCompanyRequestTest::test_string_validation
Error: Class "App\Models\User" not found

/www/wwwroot/jobportal.prus.dev/tests/Feature/Requests/CreateCompanyRequestTest.php:29</error>
        </testcase>
        <testcase name="test_ceo_validation" file="/www/wwwroot/jobportal.prus.dev/tests/Feature/Requests/CreateCompanyRequestTest.php" line="116" class="Tests\Feature\Requests\CreateCompanyRequestTest" classname="Tests.Feature.Requests.CreateCompanyRequestTest" assertions="0" time="0.000000">
          <error type="Error">Tests\Feature\Requests\CreateCompanyRequestTest::test_ceo_validation
Error: Class "App\Models\User" not found

/www/wwwroot/jobportal.prus.dev/tests/Feature/Requests/CreateCompanyRequestTest.php:29</error>
        </testcase>
        <testcase name="test_industry_id_validation" file="/www/wwwroot/jobportal.prus.dev/tests/Feature/Requests/CreateCompanyRequestTest.php" line="129" class="Tests\Feature\Requests\CreateCompanyRequestTest" classname="Tests.Feature.Requests.CreateCompanyRequestTest" assertions="0" time="0.000000">
          <error type="Error">Tests\Feature\Requests\CreateCompanyRequestTest::test_industry_id_validation
Error: Class "App\Models\User" not found

/www/wwwroot/jobportal.prus.dev/tests/Feature/Requests/CreateCompanyRequestTest.php:29</error>
        </testcase>
        <testcase name="test_integer_validation" file="/www/wwwroot/jobportal.prus.dev/tests/Feature/Requests/CreateCompanyRequestTest.php" line="142" class="Tests\Feature\Requests\CreateCompanyRequestTest" classname="Tests.Feature.Requests.CreateCompanyRequestTest" assertions="0" time="0.000000">
          <error type="Error">Tests\Feature\Requests\CreateCompanyRequestTest::test_integer_validation
Error: Class "App\Models\User" not found

/www/wwwroot/jobportal.prus.dev/tests/Feature/Requests/CreateCompanyRequestTest.php:29</error>
        </testcase>
        <testcase name="test_ownership_type_id_validation" file="/www/wwwroot/jobportal.prus.dev/tests/Feature/Requests/CreateCompanyRequestTest.php" line="155" class="Tests\Feature\Requests\CreateCompanyRequestTest" classname="Tests.Feature.Requests.CreateCompanyRequestTest" assertions="0" time="0.000000">
          <error type="Error">Tests\Feature\Requests\CreateCompanyRequestTest::test_ownership_type_id_validation
Error: Class "App\Models\User" not found

/www/wwwroot/jobportal.prus.dev/tests/Feature/Requests/CreateCompanyRequestTest.php:29</error>
        </testcase>
        <testcase name="test_company_size_id_validation" file="/www/wwwroot/jobportal.prus.dev/tests/Feature/Requests/CreateCompanyRequestTest.php" line="168" class="Tests\Feature\Requests\CreateCompanyRequestTest" classname="Tests.Feature.Requests.CreateCompanyRequestTest" assertions="0" time="0.000000">
          <error type="Error">Tests\Feature\Requests\CreateCompanyRequestTest::test_company_size_id_validation
Error: Class "App\Models\User" not found

/www/wwwroot/jobportal.prus.dev/tests/Feature/Requests/CreateCompanyRequestTest.php:29</error>
        </testcase>
        <testcase name="test_established_in_validation" file="/www/wwwroot/jobportal.prus.dev/tests/Feature/Requests/CreateCompanyRequestTest.php" line="181" class="Tests\Feature\Requests\CreateCompanyRequestTest" classname="Tests.Feature.Requests.CreateCompanyRequestTest" assertions="0" time="0.000000">
          <error type="Error">Tests\Feature\Requests\CreateCompanyRequestTest::test_established_in_validation
Error: Class "App\Models\User" not found

/www/wwwroot/jobportal.prus.dev/tests/Feature/Requests/CreateCompanyRequestTest.php:29</error>
        </testcase>
        <testcase name="test_y_validation" file="/www/wwwroot/jobportal.prus.dev/tests/Feature/Requests/CreateCompanyRequestTest.php" line="194" class="Tests\Feature\Requests\CreateCompanyRequestTest" classname="Tests.Feature.Requests.CreateCompanyRequestTest" assertions="0" time="0.000000">
          <error type="Error">Tests\Feature\Requests\CreateCompanyRequestTest::test_y_validation
Error: Class "App\Models\User" not found

/www/wwwroot/jobportal.prus.dev/tests/Feature/Requests/CreateCompanyRequestTest.php:29</error>
        </testcase>
        <testcase name="test_details_validation" file="/www/wwwroot/jobportal.prus.dev/tests/Feature/Requests/CreateCompanyRequestTest.php" line="207" class="Tests\Feature\Requests\CreateCompanyRequestTest" classname="Tests.Feature.Requests.CreateCompanyRequestTest" assertions="0" time="0.000000">
          <error type="Error">Tests\Feature\Requests\CreateCompanyRequestTest::test_details_validation
Error: Class "App\Models\User" not found

/www/wwwroot/jobportal.prus.dev/tests/Feature/Requests/CreateCompanyRequestTest.php:29</error>
        </testcase>
        <testcase name="test_nullable_validation" file="/www/wwwroot/jobportal.prus.dev/tests/Feature/Requests/CreateCompanyRequestTest.php" line="220" class="Tests\Feature\Requests\CreateCompanyRequestTest" classname="Tests.Feature.Requests.CreateCompanyRequestTest" assertions="0" time="0.000000">
          <error type="Error">Tests\Feature\Requests\CreateCompanyRequestTest::test_nullable_validation
Error: Class "App\Models\User" not found

/www/wwwroot/jobportal.prus.dev/tests/Feature/Requests/CreateCompanyRequestTest.php:29</error>
        </testcase>
        <testcase name="test_website_validation" file="/www/wwwroot/jobportal.prus.dev/tests/Feature/Requests/CreateCompanyRequestTest.php" line="233" class="Tests\Feature\Requests\CreateCompanyRequestTest" classname="Tests.Feature.Requests.CreateCompanyRequestTest" assertions="0" time="0.000000">
          <error type="Error">Tests\Feature\Requests\CreateCompanyRequestTest::test_website_validation
Error: Class "App\Models\User" not found

/www/wwwroot/jobportal.prus.dev/tests/Feature/Requests/CreateCompanyRequestTest.php:29</error>
        </testcase>
        <testcase name="test_url_validation" file="/www/wwwroot/jobportal.prus.dev/tests/Feature/Requests/CreateCompanyRequestTest.php" line="246" class="Tests\Feature\Requests\CreateCompanyRequestTest" classname="Tests.Feature.Requests.CreateCompanyRequestTest" assertions="0" time="0.000000">
          <error type="Error">Tests\Feature\Requests\CreateCompanyRequestTest::test_url_validation
Error: Class "App\Models\User" not found

/www/wwwroot/jobportal.prus.dev/tests/Feature/Requests/CreateCompanyRequestTest.php:29</error>
        </testcase>
        <testcase name="test_valid_data_passes_validation" file="/www/wwwroot/jobportal.prus.dev/tests/Feature/Requests/CreateCompanyRequestTest.php" line="259" class="Tests\Feature\Requests\CreateCompanyRequestTest" classname="Tests.Feature.Requests.CreateCompanyRequestTest" assertions="0" time="0.000000">
          <error type="Error">Tests\Feature\Requests\CreateCompanyRequestTest::test_valid_data_passes_validation
Error: Class "App\Models\User" not found

/www/wwwroot/jobportal.prus.dev/tests/Feature/Requests/CreateCompanyRequestTest.php:29</error>
        </testcase>
        <testcase name="test_request_handles_empty_data_correctly" file="/www/wwwroot/jobportal.prus.dev/tests/Feature/Requests/CreateCompanyRequestTest.php" line="285" class="Tests\Feature\Requests\CreateCompanyRequestTest" classname="Tests.Feature.Requests.CreateCompanyRequestTest" assertions="0" time="0.000000">
          <error type="Error">Tests\Feature\Requests\CreateCompanyRequestTest::test_request_handles_empty_data_correctly
Error: Class "App\Models\User" not found

/www/wwwroot/jobportal.prus.dev/tests/Feature/Requests/CreateCompanyRequestTest.php:29</error>
        </testcase>
        <testcase name="test_security_validation_prevents_xss" file="/www/wwwroot/jobportal.prus.dev/tests/Feature/Requests/CreateCompanyRequestTest.php" line="297" class="Tests\Feature\Requests\CreateCompanyRequestTest" classname="Tests.Feature.Requests.CreateCompanyRequestTest" assertions="0" time="0.000000">
          <error type="Error">Tests\Feature\Requests\CreateCompanyRequestTest::test_security_validation_prevents_xss
Error: Class "App\Models\User" not found

/www/wwwroot/jobportal.prus.dev/tests/Feature/Requests/CreateCompanyRequestTest.php:29</error>
        </testcase>
        <testcase name="test_sql_injection_prevention" file="/www/wwwroot/jobportal.prus.dev/tests/Feature/Requests/CreateCompanyRequestTest.php" line="320" class="Tests\Feature\Requests\CreateCompanyRequestTest" classname="Tests.Feature.Requests.CreateCompanyRequestTest" assertions="0" time="0.000000">
          <error type="Error">Tests\Feature\Requests\CreateCompanyRequestTest::test_sql_injection_prevention
Error: Class "App\Models\User" not found

/www/wwwroot/jobportal.prus.dev/tests/Feature/Requests/CreateCompanyRequestTest.php:29</error>
        </testcase>
      </testsuite>
      <testsuite name="Tests\Feature\Requests\CreateFunctionalAreaRequestTest" file="/www/wwwroot/jobportal.prus.dev/tests/Feature/Requests/CreateFunctionalAreaRequestTest.php" tests="6" assertions="2" errors="4" failures="0" skipped="0" time="3.661215">
        <testcase name="test_validation_rules_are_defined" file="/www/wwwroot/jobportal.prus.dev/tests/Feature/Requests/CreateFunctionalAreaRequestTest.php" line="24" class="Tests\Feature\Requests\CreateFunctionalAreaRequestTest" classname="Tests.Feature.Requests.CreateFunctionalAreaRequestTest" assertions="0" time="0.636566">
          <error type="Error">Tests\Feature\Requests\CreateFunctionalAreaRequestTest::test_validation_rules_are_defined
Error: Class "App\Http\Requests\CreateFunctionalAreaRequest" not found

/www/wwwroot/jobportal.prus.dev/tests/Feature/Requests/CreateFunctionalAreaRequestTest.php:26</error>
        </testcase>
        <testcase name="test_all_users_are_authorized" file="/www/wwwroot/jobportal.prus.dev/tests/Feature/Requests/CreateFunctionalAreaRequestTest.php" line="36" class="Tests\Feature\Requests\CreateFunctionalAreaRequestTest" classname="Tests.Feature.Requests.CreateFunctionalAreaRequestTest" assertions="0" time="0.632047">
          <error type="Error">Tests\Feature\Requests\CreateFunctionalAreaRequestTest::test_all_users_are_authorized
Error: Class "App\Http\Requests\CreateFunctionalAreaRequest" not found

/www/wwwroot/jobportal.prus.dev/tests/Feature/Requests/CreateFunctionalAreaRequestTest.php:38</error>
        </testcase>
        <testcase name="test_validation_passes_with_valid_data" file="/www/wwwroot/jobportal.prus.dev/tests/Feature/Requests/CreateFunctionalAreaRequestTest.php" line="45" class="Tests\Feature\Requests\CreateFunctionalAreaRequestTest" classname="Tests.Feature.Requests.CreateFunctionalAreaRequestTest" assertions="1" time="0.569700"/>
        <testcase name="test_validation_fails_with_invalid_data" file="/www/wwwroot/jobportal.prus.dev/tests/Feature/Requests/CreateFunctionalAreaRequestTest.php" line="56" class="Tests\Feature\Requests\CreateFunctionalAreaRequestTest" classname="Tests.Feature.Requests.CreateFunctionalAreaRequestTest" assertions="1" time="0.617127"/>
        <testcase name="test_custom_error_messages_are_defined" file="/www/wwwroot/jobportal.prus.dev/tests/Feature/Requests/CreateFunctionalAreaRequestTest.php" line="67" class="Tests\Feature\Requests\CreateFunctionalAreaRequestTest" classname="Tests.Feature.Requests.CreateFunctionalAreaRequestTest" assertions="0" time="0.533338">
          <error type="Error">Tests\Feature\Requests\CreateFunctionalAreaRequestTest::test_custom_error_messages_are_defined
Error: Class "App\Http\Requests\CreateFunctionalAreaRequest" not found

/www/wwwroot/jobportal.prus.dev/tests/Feature/Requests/CreateFunctionalAreaRequestTest.php:69</error>
        </testcase>
        <testcase name="test_custom_attributes_are_defined" file="/www/wwwroot/jobportal.prus.dev/tests/Feature/Requests/CreateFunctionalAreaRequestTest.php" line="82" class="Tests\Feature\Requests\CreateFunctionalAreaRequestTest" classname="Tests.Feature.Requests.CreateFunctionalAreaRequestTest" assertions="0" time="0.672438">
          <error type="Error">Tests\Feature\Requests\CreateFunctionalAreaRequestTest::test_custom_attributes_are_defined
Error: Class "App\Http\Requests\CreateFunctionalAreaRequest" not found

/www/wwwroot/jobportal.prus.dev/tests/Feature/Requests/CreateFunctionalAreaRequestTest.php:84</error>
        </testcase>
      </testsuite>
      <testsuite name="Tests\Feature\Requests\CreateIndustryRequestTest" file="/www/wwwroot/jobportal.prus.dev/tests/Feature/Requests/CreateIndustryRequestTest.php" tests="6" assertions="2" errors="4" failures="0" skipped="0" time="4.138878">
        <testcase name="test_validation_rules_are_defined" file="/www/wwwroot/jobportal.prus.dev/tests/Feature/Requests/CreateIndustryRequestTest.php" line="24" class="Tests\Feature\Requests\CreateIndustryRequestTest" classname="Tests.Feature.Requests.CreateIndustryRequestTest" assertions="0" time="0.588260">
          <error type="Error">Tests\Feature\Requests\CreateIndustryRequestTest::test_validation_rules_are_defined
Error: Class "App\Http\Requests\CreateIndustryRequest" not found

/www/wwwroot/jobportal.prus.dev/tests/Feature/Requests/CreateIndustryRequestTest.php:26</error>
        </testcase>
        <testcase name="test_all_users_are_authorized" file="/www/wwwroot/jobportal.prus.dev/tests/Feature/Requests/CreateIndustryRequestTest.php" line="36" class="Tests\Feature\Requests\CreateIndustryRequestTest" classname="Tests.Feature.Requests.CreateIndustryRequestTest" assertions="0" time="0.555053">
          <error type="Error">Tests\Feature\Requests\CreateIndustryRequestTest::test_all_users_are_authorized
Error: Class "App\Http\Requests\CreateIndustryRequest" not found

/www/wwwroot/jobportal.prus.dev/tests/Feature/Requests/CreateIndustryRequestTest.php:38</error>
        </testcase>
        <testcase name="test_validation_passes_with_valid_data" file="/www/wwwroot/jobportal.prus.dev/tests/Feature/Requests/CreateIndustryRequestTest.php" line="45" class="Tests\Feature\Requests\CreateIndustryRequestTest" classname="Tests.Feature.Requests.CreateIndustryRequestTest" assertions="1" time="0.559193"/>
        <testcase name="test_validation_fails_with_invalid_data" file="/www/wwwroot/jobportal.prus.dev/tests/Feature/Requests/CreateIndustryRequestTest.php" line="56" class="Tests\Feature\Requests\CreateIndustryRequestTest" classname="Tests.Feature.Requests.CreateIndustryRequestTest" assertions="1" time="0.702920"/>
        <testcase name="test_custom_error_messages_are_defined" file="/www/wwwroot/jobportal.prus.dev/tests/Feature/Requests/CreateIndustryRequestTest.php" line="67" class="Tests\Feature\Requests\CreateIndustryRequestTest" classname="Tests.Feature.Requests.CreateIndustryRequestTest" assertions="0" time="0.813756">
          <error type="Error">Tests\Feature\Requests\CreateIndustryRequestTest::test_custom_error_messages_are_defined
Error: Class "App\Http\Requests\CreateIndustryRequest" not found

/www/wwwroot/jobportal.prus.dev/tests/Feature/Requests/CreateIndustryRequestTest.php:69</error>
        </testcase>
        <testcase name="test_custom_attributes_are_defined" file="/www/wwwroot/jobportal.prus.dev/tests/Feature/Requests/CreateIndustryRequestTest.php" line="82" class="Tests\Feature\Requests\CreateIndustryRequestTest" classname="Tests.Feature.Requests.CreateIndustryRequestTest" assertions="0" time="0.919697">
          <error type="Error">Tests\Feature\Requests\CreateIndustryRequestTest::test_custom_attributes_are_defined
Error: Class "App\Http\Requests\CreateIndustryRequest" not found

/www/wwwroot/jobportal.prus.dev/tests/Feature/Requests/CreateIndustryRequestTest.php:84</error>
        </testcase>
      </testsuite>
      <testsuite name="Tests\Feature\Requests\CreateJobCategoryRequestTest" file="/www/wwwroot/jobportal.prus.dev/tests/Feature/Requests/CreateJobCategoryRequestTest.php" tests="6" assertions="2" errors="4" failures="0" skipped="0" time="5.064342">
        <testcase name="test_validation_rules_are_defined" file="/www/wwwroot/jobportal.prus.dev/tests/Feature/Requests/CreateJobCategoryRequestTest.php" line="24" class="Tests\Feature\Requests\CreateJobCategoryRequestTest" classname="Tests.Feature.Requests.CreateJobCategoryRequestTest" assertions="0" time="0.604761">
          <error type="Error">Tests\Feature\Requests\CreateJobCategoryRequestTest::test_validation_rules_are_defined
Error: Class "App\Http\Requests\CreateJobCategoryRequest" not found

/www/wwwroot/jobportal.prus.dev/tests/Feature/Requests/CreateJobCategoryRequestTest.php:26</error>
        </testcase>
        <testcase name="test_all_users_are_authorized" file="/www/wwwroot/jobportal.prus.dev/tests/Feature/Requests/CreateJobCategoryRequestTest.php" line="36" class="Tests\Feature\Requests\CreateJobCategoryRequestTest" classname="Tests.Feature.Requests.CreateJobCategoryRequestTest" assertions="0" time="0.967090">
          <error type="Error">Tests\Feature\Requests\CreateJobCategoryRequestTest::test_all_users_are_authorized
Error: Class "App\Http\Requests\CreateJobCategoryRequest" not found

/www/wwwroot/jobportal.prus.dev/tests/Feature/Requests/CreateJobCategoryRequestTest.php:38</error>
        </testcase>
        <testcase name="test_validation_passes_with_valid_data" file="/www/wwwroot/jobportal.prus.dev/tests/Feature/Requests/CreateJobCategoryRequestTest.php" line="45" class="Tests\Feature\Requests\CreateJobCategoryRequestTest" classname="Tests.Feature.Requests.CreateJobCategoryRequestTest" assertions="1" time="0.846565"/>
        <testcase name="test_validation_fails_with_invalid_data" file="/www/wwwroot/jobportal.prus.dev/tests/Feature/Requests/CreateJobCategoryRequestTest.php" line="56" class="Tests\Feature\Requests\CreateJobCategoryRequestTest" classname="Tests.Feature.Requests.CreateJobCategoryRequestTest" assertions="1" time="0.925908"/>
        <testcase name="test_custom_error_messages_are_defined" file="/www/wwwroot/jobportal.prus.dev/tests/Feature/Requests/CreateJobCategoryRequestTest.php" line="67" class="Tests\Feature\Requests\CreateJobCategoryRequestTest" classname="Tests.Feature.Requests.CreateJobCategoryRequestTest" assertions="0" time="0.919790">
          <error type="Error">Tests\Feature\Requests\CreateJobCategoryRequestTest::test_custom_error_messages_are_defined
Error: Class "App\Http\Requests\CreateJobCategoryRequest" not found

/www/wwwroot/jobportal.prus.dev/tests/Feature/Requests/CreateJobCategoryRequestTest.php:69</error>
        </testcase>
        <testcase name="test_custom_attributes_are_defined" file="/www/wwwroot/jobportal.prus.dev/tests/Feature/Requests/CreateJobCategoryRequestTest.php" line="82" class="Tests\Feature\Requests\CreateJobCategoryRequestTest" classname="Tests.Feature.Requests.CreateJobCategoryRequestTest" assertions="0" time="0.800228">
          <error type="Error">Tests\Feature\Requests\CreateJobCategoryRequestTest::test_custom_attributes_are_defined
Error: Class "App\Http\Requests\CreateJobCategoryRequest" not found

/www/wwwroot/jobportal.prus.dev/tests/Feature/Requests/CreateJobCategoryRequestTest.php:84</error>
        </testcase>
      </testsuite>
      <testsuite name="Tests\Feature\Requests\CreateJobRequestTest" file="/www/wwwroot/jobportal.prus.dev/tests/Feature/Requests/CreateJobRequestTest.php" tests="19" assertions="0" errors="19" failures="0" skipped="0" time="0.000000">
        <testcase name="test_validation_rules_are_defined" file="/www/wwwroot/jobportal.prus.dev/tests/Feature/Requests/CreateJobRequestTest.php" line="38" class="Tests\Feature\Requests\CreateJobRequestTest" classname="Tests.Feature.Requests.CreateJobRequestTest" assertions="0" time="0.000000">
          <error type="Illuminate\Database\UniqueConstraintViolationException">Tests\Feature\Requests\CreateJobRequestTest::test_validation_rules_are_defined
Illuminate\Database\UniqueConstraintViolationException: SQLSTATE[23000]: Integrity constraint violation: 19 UNIQUE constraint failed: job_categories.id (Connection: sqlite, SQL: insert into "job_categories" ("name", "description", "is_featured", "id", "updated_at", "created_at") values (Design &amp; Creative, Atque commodi quod officiis a sit., 0, 1, 2025-08-09 11:11:00, 2025-08-09 11:11:00))

/www/wwwroot/jobportal.prus.dev/vendor/laravel/framework/src/Illuminate/Database/Connection.php:817
/www/wwwroot/jobportal.prus.dev/vendor/laravel/framework/src/Illuminate/Database/Connection.php:776
/www/wwwroot/jobportal.prus.dev/vendor/laravel/framework/src/Illuminate/Database/Connection.php:557
/www/wwwroot/jobportal.prus.dev/vendor/laravel/framework/src/Illuminate/Database/Connection.php:521
/www/wwwroot/jobportal.prus.dev/vendor/laravel/framework/src/Illuminate/Database/Query/Processors/Processor.php:32
/www/wwwroot/jobportal.prus.dev/vendor/laravel/framework/src/Illuminate/Database/Query/Builder.php:3796
/www/wwwroot/jobportal.prus.dev/vendor/laravel/framework/src/Illuminate/Database/Eloquent/Builder.php:2205
/www/wwwroot/jobportal.prus.dev/vendor/laravel/framework/src/Illuminate/Database/Eloquent/Model.php:1408
/www/wwwroot/jobportal.prus.dev/vendor/laravel/framework/src/Illuminate/Database/Eloquent/Model.php:1373
/www/wwwroot/jobportal.prus.dev/vendor/laravel/framework/src/Illuminate/Database/Eloquent/Model.php:1212
/www/wwwroot/jobportal.prus.dev/vendor/laravel/framework/src/Illuminate/Database/Eloquent/Factories/Factory.php:351
/www/wwwroot/jobportal.prus.dev/vendor/laravel/framework/src/Illuminate/Collections/Traits/EnumeratesValues.php:271
/www/wwwroot/jobportal.prus.dev/vendor/laravel/framework/src/Illuminate/Database/Eloquent/Factories/Factory.php:346
/www/wwwroot/jobportal.prus.dev/vendor/laravel/framework/src/Illuminate/Database/Eloquent/Factories/Factory.php:302
/www/wwwroot/jobportal.prus.dev/vendor/laravel/framework/src/Illuminate/Database/Eloquent/Factories/Factory.php:296
/www/wwwroot/jobportal.prus.dev/tests/Feature/Requests/CreateJobRequestTest.php:337
/www/wwwroot/jobportal.prus.dev/tests/Feature/Requests/CreateJobRequestTest.php:32</error>
        </testcase>
        <testcase name="test_employer_user_is_authorized" file="/www/wwwroot/jobportal.prus.dev/tests/Feature/Requests/CreateJobRequestTest.php" line="57" class="Tests\Feature\Requests\CreateJobRequestTest" classname="Tests.Feature.Requests.CreateJobRequestTest" assertions="0" time="0.000000">
          <error type="Illuminate\Database\UniqueConstraintViolationException">Tests\Feature\Requests\CreateJobRequestTest::test_employer_user_is_authorized
Illuminate\Database\UniqueConstraintViolationException: SQLSTATE[23000]: Integrity constraint violation: 19 UNIQUE constraint failed: job_categories.id (Connection: sqlite, SQL: insert into "job_categories" ("name", "description", "is_featured", "id", "updated_at", "created_at") values (Customer Service, Eum amet explicabo omnis et inventore odit autem., 0, 1, 2025-08-09 11:11:01, 2025-08-09 11:11:01))

/www/wwwroot/jobportal.prus.dev/vendor/laravel/framework/src/Illuminate/Database/Connection.php:817
/www/wwwroot/jobportal.prus.dev/vendor/laravel/framework/src/Illuminate/Database/Connection.php:776
/www/wwwroot/jobportal.prus.dev/vendor/laravel/framework/src/Illuminate/Database/Connection.php:557
/www/wwwroot/jobportal.prus.dev/vendor/laravel/framework/src/Illuminate/Database/Connection.php:521
/www/wwwroot/jobportal.prus.dev/vendor/laravel/framework/src/Illuminate/Database/Query/Processors/Processor.php:32
/www/wwwroot/jobportal.prus.dev/vendor/laravel/framework/src/Illuminate/Database/Query/Builder.php:3796
/www/wwwroot/jobportal.prus.dev/vendor/laravel/framework/src/Illuminate/Database/Eloquent/Builder.php:2205
/www/wwwroot/jobportal.prus.dev/vendor/laravel/framework/src/Illuminate/Database/Eloquent/Model.php:1408
/www/wwwroot/jobportal.prus.dev/vendor/laravel/framework/src/Illuminate/Database/Eloquent/Model.php:1373
/www/wwwroot/jobportal.prus.dev/vendor/laravel/framework/src/Illuminate/Database/Eloquent/Model.php:1212
/www/wwwroot/jobportal.prus.dev/vendor/laravel/framework/src/Illuminate/Database/Eloquent/Factories/Factory.php:351
/www/wwwroot/jobportal.prus.dev/vendor/laravel/framework/src/Illuminate/Collections/Traits/EnumeratesValues.php:271
/www/wwwroot/jobportal.prus.dev/vendor/laravel/framework/src/Illuminate/Database/Eloquent/Factories/Factory.php:346
/www/wwwroot/jobportal.prus.dev/vendor/laravel/framework/src/Illuminate/Database/Eloquent/Factories/Factory.php:302
/www/wwwroot/jobportal.prus.dev/vendor/laravel/framework/src/Illuminate/Database/Eloquent/Factories/Factory.php:296
/www/wwwroot/jobportal.prus.dev/tests/Feature/Requests/CreateJobRequestTest.php:337
/www/wwwroot/jobportal.prus.dev/tests/Feature/Requests/CreateJobRequestTest.php:32</error>
        </testcase>
        <testcase name="test_validation_passes_with_valid_data" file="/www/wwwroot/jobportal.prus.dev/tests/Feature/Requests/CreateJobRequestTest.php" line="70" class="Tests\Feature\Requests\CreateJobRequestTest" classname="Tests.Feature.Requests.CreateJobRequestTest" assertions="0" time="0.000000">
          <error type="Illuminate\Database\UniqueConstraintViolationException">Tests\Feature\Requests\CreateJobRequestTest::test_validation_passes_with_valid_data
Illuminate\Database\UniqueConstraintViolationException: SQLSTATE[23000]: Integrity constraint violation: 19 UNIQUE constraint failed: job_categories.id (Connection: sqlite, SQL: insert into "job_categories" ("name", "description", "is_featured", "id", "updated_at", "created_at") values (Legal, Sunt corrupti culpa eos id quia voluptate., 0, 1, 2025-08-09 11:11:01, 2025-08-09 11:11:01))

/www/wwwroot/jobportal.prus.dev/vendor/laravel/framework/src/Illuminate/Database/Connection.php:817
/www/wwwroot/jobportal.prus.dev/vendor/laravel/framework/src/Illuminate/Database/Connection.php:776
/www/wwwroot/jobportal.prus.dev/vendor/laravel/framework/src/Illuminate/Database/Connection.php:557
/www/wwwroot/jobportal.prus.dev/vendor/laravel/framework/src/Illuminate/Database/Connection.php:521
/www/wwwroot/jobportal.prus.dev/vendor/laravel/framework/src/Illuminate/Database/Query/Processors/Processor.php:32
/www/wwwroot/jobportal.prus.dev/vendor/laravel/framework/src/Illuminate/Database/Query/Builder.php:3796
/www/wwwroot/jobportal.prus.dev/vendor/laravel/framework/src/Illuminate/Database/Eloquent/Builder.php:2205
/www/wwwroot/jobportal.prus.dev/vendor/laravel/framework/src/Illuminate/Database/Eloquent/Model.php:1408
/www/wwwroot/jobportal.prus.dev/vendor/laravel/framework/src/Illuminate/Database/Eloquent/Model.php:1373
/www/wwwroot/jobportal.prus.dev/vendor/laravel/framework/src/Illuminate/Database/Eloquent/Model.php:1212
/www/wwwroot/jobportal.prus.dev/vendor/laravel/framework/src/Illuminate/Database/Eloquent/Factories/Factory.php:351
/www/wwwroot/jobportal.prus.dev/vendor/laravel/framework/src/Illuminate/Collections/Traits/EnumeratesValues.php:271
/www/wwwroot/jobportal.prus.dev/vendor/laravel/framework/src/Illuminate/Database/Eloquent/Factories/Factory.php:346
/www/wwwroot/jobportal.prus.dev/vendor/laravel/framework/src/Illuminate/Database/Eloquent/Factories/Factory.php:302
/www/wwwroot/jobportal.prus.dev/vendor/laravel/framework/src/Illuminate/Database/Eloquent/Factories/Factory.php:296
/www/wwwroot/jobportal.prus.dev/tests/Feature/Requests/CreateJobRequestTest.php:337
/www/wwwroot/jobportal.prus.dev/tests/Feature/Requests/CreateJobRequestTest.php:32</error>
        </testcase>
        <testcase name="test_title_is_required" file="/www/wwwroot/jobportal.prus.dev/tests/Feature/Requests/CreateJobRequestTest.php" line="87" class="Tests\Feature\Requests\CreateJobRequestTest" classname="Tests.Feature.Requests.CreateJobRequestTest" assertions="0" time="0.000000">
          <error type="Illuminate\Database\UniqueConstraintViolationException">Tests\Feature\Requests\CreateJobRequestTest::test_title_is_required
Illuminate\Database\UniqueConstraintViolationException: SQLSTATE[23000]: Integrity constraint violation: 19 UNIQUE constraint failed: job_categories.id (Connection: sqlite, SQL: insert into "job_categories" ("name", "description", "is_featured", "id", "updated_at", "created_at") values (Operations, Voluptas necessitatibus sunt officia ipsum enim., 0, 1, 2025-08-09 11:11:02, 2025-08-09 11:11:02))

/www/wwwroot/jobportal.prus.dev/vendor/laravel/framework/src/Illuminate/Database/Connection.php:817
/www/wwwroot/jobportal.prus.dev/vendor/laravel/framework/src/Illuminate/Database/Connection.php:776
/www/wwwroot/jobportal.prus.dev/vendor/laravel/framework/src/Illuminate/Database/Connection.php:557
/www/wwwroot/jobportal.prus.dev/vendor/laravel/framework/src/Illuminate/Database/Connection.php:521
/www/wwwroot/jobportal.prus.dev/vendor/laravel/framework/src/Illuminate/Database/Query/Processors/Processor.php:32
/www/wwwroot/jobportal.prus.dev/vendor/laravel/framework/src/Illuminate/Database/Query/Builder.php:3796
/www/wwwroot/jobportal.prus.dev/vendor/laravel/framework/src/Illuminate/Database/Eloquent/Builder.php:2205
/www/wwwroot/jobportal.prus.dev/vendor/laravel/framework/src/Illuminate/Database/Eloquent/Model.php:1408
/www/wwwroot/jobportal.prus.dev/vendor/laravel/framework/src/Illuminate/Database/Eloquent/Model.php:1373
/www/wwwroot/jobportal.prus.dev/vendor/laravel/framework/src/Illuminate/Database/Eloquent/Model.php:1212
/www/wwwroot/jobportal.prus.dev/vendor/laravel/framework/src/Illuminate/Database/Eloquent/Factories/Factory.php:351
/www/wwwroot/jobportal.prus.dev/vendor/laravel/framework/src/Illuminate/Collections/Traits/EnumeratesValues.php:271
/www/wwwroot/jobportal.prus.dev/vendor/laravel/framework/src/Illuminate/Database/Eloquent/Factories/Factory.php:346
/www/wwwroot/jobportal.prus.dev/vendor/laravel/framework/src/Illuminate/Database/Eloquent/Factories/Factory.php:302
/www/wwwroot/jobportal.prus.dev/vendor/laravel/framework/src/Illuminate/Database/Eloquent/Factories/Factory.php:296
/www/wwwroot/jobportal.prus.dev/tests/Feature/Requests/CreateJobRequestTest.php:337
/www/wwwroot/jobportal.prus.dev/tests/Feature/Requests/CreateJobRequestTest.php:32</error>
        </testcase>
        <testcase name="test_description_is_required" file="/www/wwwroot/jobportal.prus.dev/tests/Feature/Requests/CreateJobRequestTest.php" line="102" class="Tests\Feature\Requests\CreateJobRequestTest" classname="Tests.Feature.Requests.CreateJobRequestTest" assertions="0" time="0.000000">
          <error type="Illuminate\Database\UniqueConstraintViolationException">Tests\Feature\Requests\CreateJobRequestTest::test_description_is_required
Illuminate\Database\UniqueConstraintViolationException: SQLSTATE[23000]: Integrity constraint violation: 19 UNIQUE constraint failed: job_categories.id (Connection: sqlite, SQL: insert into "job_categories" ("name", "description", "is_featured", "id", "updated_at", "created_at") values (Research &amp; Development, Dolore quaerat voluptas expedita magni inventore., 0, 1, 2025-08-09 11:11:02, 2025-08-09 11:11:02))

/www/wwwroot/jobportal.prus.dev/vendor/laravel/framework/src/Illuminate/Database/Connection.php:817
/www/wwwroot/jobportal.prus.dev/vendor/laravel/framework/src/Illuminate/Database/Connection.php:776
/www/wwwroot/jobportal.prus.dev/vendor/laravel/framework/src/Illuminate/Database/Connection.php:557
/www/wwwroot/jobportal.prus.dev/vendor/laravel/framework/src/Illuminate/Database/Connection.php:521
/www/wwwroot/jobportal.prus.dev/vendor/laravel/framework/src/Illuminate/Database/Query/Processors/Processor.php:32
/www/wwwroot/jobportal.prus.dev/vendor/laravel/framework/src/Illuminate/Database/Query/Builder.php:3796
/www/wwwroot/jobportal.prus.dev/vendor/laravel/framework/src/Illuminate/Database/Eloquent/Builder.php:2205
/www/wwwroot/jobportal.prus.dev/vendor/laravel/framework/src/Illuminate/Database/Eloquent/Model.php:1408
/www/wwwroot/jobportal.prus.dev/vendor/laravel/framework/src/Illuminate/Database/Eloquent/Model.php:1373
/www/wwwroot/jobportal.prus.dev/vendor/laravel/framework/src/Illuminate/Database/Eloquent/Model.php:1212
/www/wwwroot/jobportal.prus.dev/vendor/laravel/framework/src/Illuminate/Database/Eloquent/Factories/Factory.php:351
/www/wwwroot/jobportal.prus.dev/vendor/laravel/framework/src/Illuminate/Collections/Traits/EnumeratesValues.php:271
/www/wwwroot/jobportal.prus.dev/vendor/laravel/framework/src/Illuminate/Database/Eloquent/Factories/Factory.php:346
/www/wwwroot/jobportal.prus.dev/vendor/laravel/framework/src/Illuminate/Database/Eloquent/Factories/Factory.php:302
/www/wwwroot/jobportal.prus.dev/vendor/laravel/framework/src/Illuminate/Database/Eloquent/Factories/Factory.php:296
/www/wwwroot/jobportal.prus.dev/tests/Feature/Requests/CreateJobRequestTest.php:337
/www/wwwroot/jobportal.prus.dev/tests/Feature/Requests/CreateJobRequestTest.php:32</error>
        </testcase>
        <testcase name="test_description_minimum_length" file="/www/wwwroot/jobportal.prus.dev/tests/Feature/Requests/CreateJobRequestTest.php" line="117" class="Tests\Feature\Requests\CreateJobRequestTest" classname="Tests.Feature.Requests.CreateJobRequestTest" assertions="0" time="0.000000">
          <error type="Illuminate\Database\UniqueConstraintViolationException">Tests\Feature\Requests\CreateJobRequestTest::test_description_minimum_length
Illuminate\Database\UniqueConstraintViolationException: SQLSTATE[23000]: Integrity constraint violation: 19 UNIQUE constraint failed: job_categories.id (Connection: sqlite, SQL: insert into "job_categories" ("name", "description", "is_featured", "id", "updated_at", "created_at") values (Design &amp; Creative, Est inventore nostrum soluta optio., 0, 1, 2025-08-09 11:11:03, 2025-08-09 11:11:03))

/www/wwwroot/jobportal.prus.dev/vendor/laravel/framework/src/Illuminate/Database/Connection.php:817
/www/wwwroot/jobportal.prus.dev/vendor/laravel/framework/src/Illuminate/Database/Connection.php:776
/www/wwwroot/jobportal.prus.dev/vendor/laravel/framework/src/Illuminate/Database/Connection.php:557
/www/wwwroot/jobportal.prus.dev/vendor/laravel/framework/src/Illuminate/Database/Connection.php:521
/www/wwwroot/jobportal.prus.dev/vendor/laravel/framework/src/Illuminate/Database/Query/Processors/Processor.php:32
/www/wwwroot/jobportal.prus.dev/vendor/laravel/framework/src/Illuminate/Database/Query/Builder.php:3796
/www/wwwroot/jobportal.prus.dev/vendor/laravel/framework/src/Illuminate/Database/Eloquent/Builder.php:2205
/www/wwwroot/jobportal.prus.dev/vendor/laravel/framework/src/Illuminate/Database/Eloquent/Model.php:1408
/www/wwwroot/jobportal.prus.dev/vendor/laravel/framework/src/Illuminate/Database/Eloquent/Model.php:1373
/www/wwwroot/jobportal.prus.dev/vendor/laravel/framework/src/Illuminate/Database/Eloquent/Model.php:1212
/www/wwwroot/jobportal.prus.dev/vendor/laravel/framework/src/Illuminate/Database/Eloquent/Factories/Factory.php:351
/www/wwwroot/jobportal.prus.dev/vendor/laravel/framework/src/Illuminate/Collections/Traits/EnumeratesValues.php:271
/www/wwwroot/jobportal.prus.dev/vendor/laravel/framework/src/Illuminate/Database/Eloquent/Factories/Factory.php:346
/www/wwwroot/jobportal.prus.dev/vendor/laravel/framework/src/Illuminate/Database/Eloquent/Factories/Factory.php:302
/www/wwwroot/jobportal.prus.dev/vendor/laravel/framework/src/Illuminate/Database/Eloquent/Factories/Factory.php:296
/www/wwwroot/jobportal.prus.dev/tests/Feature/Requests/CreateJobRequestTest.php:337
/www/wwwroot/jobportal.prus.dev/tests/Feature/Requests/CreateJobRequestTest.php:32</error>
        </testcase>
        <testcase name="test_job_category_id_is_required" file="/www/wwwroot/jobportal.prus.dev/tests/Feature/Requests/CreateJobRequestTest.php" line="132" class="Tests\Feature\Requests\CreateJobRequestTest" classname="Tests.Feature.Requests.CreateJobRequestTest" assertions="0" time="0.000000">
          <error type="Illuminate\Database\UniqueConstraintViolationException">Tests\Feature\Requests\CreateJobRequestTest::test_job_category_id_is_required
Illuminate\Database\UniqueConstraintViolationException: SQLSTATE[23000]: Integrity constraint violation: 19 UNIQUE constraint failed: job_categories.id (Connection: sqlite, SQL: insert into "job_categories" ("name", "description", "is_featured", "id", "updated_at", "created_at") values (Customer Service, Libero quasi sint ipsum omnis eaque., 0, 1, 2025-08-09 11:11:03, 2025-08-09 11:11:03))

/www/wwwroot/jobportal.prus.dev/vendor/laravel/framework/src/Illuminate/Database/Connection.php:817
/www/wwwroot/jobportal.prus.dev/vendor/laravel/framework/src/Illuminate/Database/Connection.php:776
/www/wwwroot/jobportal.prus.dev/vendor/laravel/framework/src/Illuminate/Database/Connection.php:557
/www/wwwroot/jobportal.prus.dev/vendor/laravel/framework/src/Illuminate/Database/Connection.php:521
/www/wwwroot/jobportal.prus.dev/vendor/laravel/framework/src/Illuminate/Database/Query/Processors/Processor.php:32
/www/wwwroot/jobportal.prus.dev/vendor/laravel/framework/src/Illuminate/Database/Query/Builder.php:3796
/www/wwwroot/jobportal.prus.dev/vendor/laravel/framework/src/Illuminate/Database/Eloquent/Builder.php:2205
/www/wwwroot/jobportal.prus.dev/vendor/laravel/framework/src/Illuminate/Database/Eloquent/Model.php:1408
/www/wwwroot/jobportal.prus.dev/vendor/laravel/framework/src/Illuminate/Database/Eloquent/Model.php:1373
/www/wwwroot/jobportal.prus.dev/vendor/laravel/framework/src/Illuminate/Database/Eloquent/Model.php:1212
/www/wwwroot/jobportal.prus.dev/vendor/laravel/framework/src/Illuminate/Database/Eloquent/Factories/Factory.php:351
/www/wwwroot/jobportal.prus.dev/vendor/laravel/framework/src/Illuminate/Collections/Traits/EnumeratesValues.php:271
/www/wwwroot/jobportal.prus.dev/vendor/laravel/framework/src/Illuminate/Database/Eloquent/Factories/Factory.php:346
/www/wwwroot/jobportal.prus.dev/vendor/laravel/framework/src/Illuminate/Database/Eloquent/Factories/Factory.php:302
/www/wwwroot/jobportal.prus.dev/vendor/laravel/framework/src/Illuminate/Database/Eloquent/Factories/Factory.php:296
/www/wwwroot/jobportal.prus.dev/tests/Feature/Requests/CreateJobRequestTest.php:337
/www/wwwroot/jobportal.prus.dev/tests/Feature/Requests/CreateJobRequestTest.php:32</error>
        </testcase>
        <testcase name="test_job_type_id_is_required" file="/www/wwwroot/jobportal.prus.dev/tests/Feature/Requests/CreateJobRequestTest.php" line="147" class="Tests\Feature\Requests\CreateJobRequestTest" classname="Tests.Feature.Requests.CreateJobRequestTest" assertions="0" time="0.000000">
          <error type="Illuminate\Database\UniqueConstraintViolationException">Tests\Feature\Requests\CreateJobRequestTest::test_job_type_id_is_required
Illuminate\Database\UniqueConstraintViolationException: SQLSTATE[23000]: Integrity constraint violation: 19 UNIQUE constraint failed: job_categories.id (Connection: sqlite, SQL: insert into "job_categories" ("name", "description", "is_featured", "id", "updated_at", "created_at") values (Human Resources, Est tempore tempore laboriosam eos aut., 0, 1, 2025-08-09 11:11:04, 2025-08-09 11:11:04))

/www/wwwroot/jobportal.prus.dev/vendor/laravel/framework/src/Illuminate/Database/Connection.php:817
/www/wwwroot/jobportal.prus.dev/vendor/laravel/framework/src/Illuminate/Database/Connection.php:776
/www/wwwroot/jobportal.prus.dev/vendor/laravel/framework/src/Illuminate/Database/Connection.php:557
/www/wwwroot/jobportal.prus.dev/vendor/laravel/framework/src/Illuminate/Database/Connection.php:521
/www/wwwroot/jobportal.prus.dev/vendor/laravel/framework/src/Illuminate/Database/Query/Processors/Processor.php:32
/www/wwwroot/jobportal.prus.dev/vendor/laravel/framework/src/Illuminate/Database/Query/Builder.php:3796
/www/wwwroot/jobportal.prus.dev/vendor/laravel/framework/src/Illuminate/Database/Eloquent/Builder.php:2205
/www/wwwroot/jobportal.prus.dev/vendor/laravel/framework/src/Illuminate/Database/Eloquent/Model.php:1408
/www/wwwroot/jobportal.prus.dev/vendor/laravel/framework/src/Illuminate/Database/Eloquent/Model.php:1373
/www/wwwroot/jobportal.prus.dev/vendor/laravel/framework/src/Illuminate/Database/Eloquent/Model.php:1212
/www/wwwroot/jobportal.prus.dev/vendor/laravel/framework/src/Illuminate/Database/Eloquent/Factories/Factory.php:351
/www/wwwroot/jobportal.prus.dev/vendor/laravel/framework/src/Illuminate/Collections/Traits/EnumeratesValues.php:271
/www/wwwroot/jobportal.prus.dev/vendor/laravel/framework/src/Illuminate/Database/Eloquent/Factories/Factory.php:346
/www/wwwroot/jobportal.prus.dev/vendor/laravel/framework/src/Illuminate/Database/Eloquent/Factories/Factory.php:302
/www/wwwroot/jobportal.prus.dev/vendor/laravel/framework/src/Illuminate/Database/Eloquent/Factories/Factory.php:296
/www/wwwroot/jobportal.prus.dev/tests/Feature/Requests/CreateJobRequestTest.php:337
/www/wwwroot/jobportal.prus.dev/tests/Feature/Requests/CreateJobRequestTest.php:32</error>
        </testcase>
        <testcase name="test_location_is_required" file="/www/wwwroot/jobportal.prus.dev/tests/Feature/Requests/CreateJobRequestTest.php" line="162" class="Tests\Feature\Requests\CreateJobRequestTest" classname="Tests.Feature.Requests.CreateJobRequestTest" assertions="0" time="0.000000">
          <error type="Illuminate\Database\UniqueConstraintViolationException">Tests\Feature\Requests\CreateJobRequestTest::test_location_is_required
Illuminate\Database\UniqueConstraintViolationException: SQLSTATE[23000]: Integrity constraint violation: 19 UNIQUE constraint failed: job_categories.id (Connection: sqlite, SQL: insert into "job_categories" ("name", "description", "is_featured", "id", "updated_at", "created_at") values (Human Resources, Et quo consequatur enim omnis., 0, 1, 2025-08-09 11:11:04, 2025-08-09 11:11:04))

/www/wwwroot/jobportal.prus.dev/vendor/laravel/framework/src/Illuminate/Database/Connection.php:817
/www/wwwroot/jobportal.prus.dev/vendor/laravel/framework/src/Illuminate/Database/Connection.php:776
/www/wwwroot/jobportal.prus.dev/vendor/laravel/framework/src/Illuminate/Database/Connection.php:557
/www/wwwroot/jobportal.prus.dev/vendor/laravel/framework/src/Illuminate/Database/Connection.php:521
/www/wwwroot/jobportal.prus.dev/vendor/laravel/framework/src/Illuminate/Database/Query/Processors/Processor.php:32
/www/wwwroot/jobportal.prus.dev/vendor/laravel/framework/src/Illuminate/Database/Query/Builder.php:3796
/www/wwwroot/jobportal.prus.dev/vendor/laravel/framework/src/Illuminate/Database/Eloquent/Builder.php:2205
/www/wwwroot/jobportal.prus.dev/vendor/laravel/framework/src/Illuminate/Database/Eloquent/Model.php:1408
/www/wwwroot/jobportal.prus.dev/vendor/laravel/framework/src/Illuminate/Database/Eloquent/Model.php:1373
/www/wwwroot/jobportal.prus.dev/vendor/laravel/framework/src/Illuminate/Database/Eloquent/Model.php:1212
/www/wwwroot/jobportal.prus.dev/vendor/laravel/framework/src/Illuminate/Database/Eloquent/Factories/Factory.php:351
/www/wwwroot/jobportal.prus.dev/vendor/laravel/framework/src/Illuminate/Collections/Traits/EnumeratesValues.php:271
/www/wwwroot/jobportal.prus.dev/vendor/laravel/framework/src/Illuminate/Database/Eloquent/Factories/Factory.php:346
/www/wwwroot/jobportal.prus.dev/vendor/laravel/framework/src/Illuminate/Database/Eloquent/Factories/Factory.php:302
/www/wwwroot/jobportal.prus.dev/vendor/laravel/framework/src/Illuminate/Database/Eloquent/Factories/Factory.php:296
/www/wwwroot/jobportal.prus.dev/tests/Feature/Requests/CreateJobRequestTest.php:337
/www/wwwroot/jobportal.prus.dev/tests/Feature/Requests/CreateJobRequestTest.php:32</error>
        </testcase>
        <testcase name="test_salary_to_must_be_greater_than_salary_from" file="/www/wwwroot/jobportal.prus.dev/tests/Feature/Requests/CreateJobRequestTest.php" line="177" class="Tests\Feature\Requests\CreateJobRequestTest" classname="Tests.Feature.Requests.CreateJobRequestTest" assertions="0" time="0.000000">
          <error type="Illuminate\Database\UniqueConstraintViolationException">Tests\Feature\Requests\CreateJobRequestTest::test_salary_to_must_be_greater_than_salary_from
Illuminate\Database\UniqueConstraintViolationException: SQLSTATE[23000]: Integrity constraint violation: 19 UNIQUE constraint failed: job_categories.id (Connection: sqlite, SQL: insert into "job_categories" ("name", "description", "is_featured", "id", "updated_at", "created_at") values (Marketing &amp; Sales, Voluptatem id repudiandae porro non tenetur quis., 0, 1, 2025-08-09 11:11:05, 2025-08-09 11:11:05))

/www/wwwroot/jobportal.prus.dev/vendor/laravel/framework/src/Illuminate/Database/Connection.php:817
/www/wwwroot/jobportal.prus.dev/vendor/laravel/framework/src/Illuminate/Database/Connection.php:776
/www/wwwroot/jobportal.prus.dev/vendor/laravel/framework/src/Illuminate/Database/Connection.php:557
/www/wwwroot/jobportal.prus.dev/vendor/laravel/framework/src/Illuminate/Database/Connection.php:521
/www/wwwroot/jobportal.prus.dev/vendor/laravel/framework/src/Illuminate/Database/Query/Processors/Processor.php:32
/www/wwwroot/jobportal.prus.dev/vendor/laravel/framework/src/Illuminate/Database/Query/Builder.php:3796
/www/wwwroot/jobportal.prus.dev/vendor/laravel/framework/src/Illuminate/Database/Eloquent/Builder.php:2205
/www/wwwroot/jobportal.prus.dev/vendor/laravel/framework/src/Illuminate/Database/Eloquent/Model.php:1408
/www/wwwroot/jobportal.prus.dev/vendor/laravel/framework/src/Illuminate/Database/Eloquent/Model.php:1373
/www/wwwroot/jobportal.prus.dev/vendor/laravel/framework/src/Illuminate/Database/Eloquent/Model.php:1212
/www/wwwroot/jobportal.prus.dev/vendor/laravel/framework/src/Illuminate/Database/Eloquent/Factories/Factory.php:351
/www/wwwroot/jobportal.prus.dev/vendor/laravel/framework/src/Illuminate/Collections/Traits/EnumeratesValues.php:271
/www/wwwroot/jobportal.prus.dev/vendor/laravel/framework/src/Illuminate/Database/Eloquent/Factories/Factory.php:346
/www/wwwroot/jobportal.prus.dev/vendor/laravel/framework/src/Illuminate/Database/Eloquent/Factories/Factory.php:302
/www/wwwroot/jobportal.prus.dev/vendor/laravel/framework/src/Illuminate/Database/Eloquent/Factories/Factory.php:296
/www/wwwroot/jobportal.prus.dev/tests/Feature/Requests/CreateJobRequestTest.php:337
/www/wwwroot/jobportal.prus.dev/tests/Feature/Requests/CreateJobRequestTest.php:32</error>
        </testcase>
        <testcase name="test_salary_fields_accept_numeric_values" file="/www/wwwroot/jobportal.prus.dev/tests/Feature/Requests/CreateJobRequestTest.php" line="193" class="Tests\Feature\Requests\CreateJobRequestTest" classname="Tests.Feature.Requests.CreateJobRequestTest" assertions="0" time="0.000000">
          <error type="Illuminate\Database\UniqueConstraintViolationException">Tests\Feature\Requests\CreateJobRequestTest::test_salary_fields_accept_numeric_values
Illuminate\Database\UniqueConstraintViolationException: SQLSTATE[23000]: Integrity constraint violation: 19 UNIQUE constraint failed: job_categories.id (Connection: sqlite, SQL: insert into "job_categories" ("name", "description", "is_featured", "id", "updated_at", "created_at") values (Engineering, Voluptas minus porro facilis eum quis quis illum., 0, 1, 2025-08-09 11:11:05, 2025-08-09 11:11:05))

/www/wwwroot/jobportal.prus.dev/vendor/laravel/framework/src/Illuminate/Database/Connection.php:817
/www/wwwroot/jobportal.prus.dev/vendor/laravel/framework/src/Illuminate/Database/Connection.php:776
/www/wwwroot/jobportal.prus.dev/vendor/laravel/framework/src/Illuminate/Database/Connection.php:557
/www/wwwroot/jobportal.prus.dev/vendor/laravel/framework/src/Illuminate/Database/Connection.php:521
/www/wwwroot/jobportal.prus.dev/vendor/laravel/framework/src/Illuminate/Database/Query/Processors/Processor.php:32
/www/wwwroot/jobportal.prus.dev/vendor/laravel/framework/src/Illuminate/Database/Query/Builder.php:3796
/www/wwwroot/jobportal.prus.dev/vendor/laravel/framework/src/Illuminate/Database/Eloquent/Builder.php:2205
/www/wwwroot/jobportal.prus.dev/vendor/laravel/framework/src/Illuminate/Database/Eloquent/Model.php:1408
/www/wwwroot/jobportal.prus.dev/vendor/laravel/framework/src/Illuminate/Database/Eloquent/Model.php:1373
/www/wwwroot/jobportal.prus.dev/vendor/laravel/framework/src/Illuminate/Database/Eloquent/Model.php:1212
/www/wwwroot/jobportal.prus.dev/vendor/laravel/framework/src/Illuminate/Database/Eloquent/Factories/Factory.php:351
/www/wwwroot/jobportal.prus.dev/vendor/laravel/framework/src/Illuminate/Collections/Traits/EnumeratesValues.php:271
/www/wwwroot/jobportal.prus.dev/vendor/laravel/framework/src/Illuminate/Database/Eloquent/Factories/Factory.php:346
/www/wwwroot/jobportal.prus.dev/vendor/laravel/framework/src/Illuminate/Database/Eloquent/Factories/Factory.php:302
/www/wwwroot/jobportal.prus.dev/vendor/laravel/framework/src/Illuminate/Database/Eloquent/Factories/Factory.php:296
/www/wwwroot/jobportal.prus.dev/tests/Feature/Requests/CreateJobRequestTest.php:337
/www/wwwroot/jobportal.prus.dev/tests/Feature/Requests/CreateJobRequestTest.php:32</error>
        </testcase>
        <testcase name="test_salary_fields_reject_non_numeric_values" file="/www/wwwroot/jobportal.prus.dev/tests/Feature/Requests/CreateJobRequestTest.php" line="208" class="Tests\Feature\Requests\CreateJobRequestTest" classname="Tests.Feature.Requests.CreateJobRequestTest" assertions="0" time="0.000000">
          <error type="Illuminate\Database\UniqueConstraintViolationException">Tests\Feature\Requests\CreateJobRequestTest::test_salary_fields_reject_non_numeric_values
Illuminate\Database\UniqueConstraintViolationException: SQLSTATE[23000]: Integrity constraint violation: 19 UNIQUE constraint failed: job_categories.id (Connection: sqlite, SQL: insert into "job_categories" ("name", "description", "is_featured", "id", "updated_at", "created_at") values (Customer Service, Esse saepe distinctio quod voluptatum., 0, 1, 2025-08-09 11:11:06, 2025-08-09 11:11:06))

/www/wwwroot/jobportal.prus.dev/vendor/laravel/framework/src/Illuminate/Database/Connection.php:817
/www/wwwroot/jobportal.prus.dev/vendor/laravel/framework/src/Illuminate/Database/Connection.php:776
/www/wwwroot/jobportal.prus.dev/vendor/laravel/framework/src/Illuminate/Database/Connection.php:557
/www/wwwroot/jobportal.prus.dev/vendor/laravel/framework/src/Illuminate/Database/Connection.php:521
/www/wwwroot/jobportal.prus.dev/vendor/laravel/framework/src/Illuminate/Database/Query/Processors/Processor.php:32
/www/wwwroot/jobportal.prus.dev/vendor/laravel/framework/src/Illuminate/Database/Query/Builder.php:3796
/www/wwwroot/jobportal.prus.dev/vendor/laravel/framework/src/Illuminate/Database/Eloquent/Builder.php:2205
/www/wwwroot/jobportal.prus.dev/vendor/laravel/framework/src/Illuminate/Database/Eloquent/Model.php:1408
/www/wwwroot/jobportal.prus.dev/vendor/laravel/framework/src/Illuminate/Database/Eloquent/Model.php:1373
/www/wwwroot/jobportal.prus.dev/vendor/laravel/framework/src/Illuminate/Database/Eloquent/Model.php:1212
/www/wwwroot/jobportal.prus.dev/vendor/laravel/framework/src/Illuminate/Database/Eloquent/Factories/Factory.php:351
/www/wwwroot/jobportal.prus.dev/vendor/laravel/framework/src/Illuminate/Collections/Traits/EnumeratesValues.php:271
/www/wwwroot/jobportal.prus.dev/vendor/laravel/framework/src/Illuminate/Database/Eloquent/Factories/Factory.php:346
/www/wwwroot/jobportal.prus.dev/vendor/laravel/framework/src/Illuminate/Database/Eloquent/Factories/Factory.php:302
/www/wwwroot/jobportal.prus.dev/vendor/laravel/framework/src/Illuminate/Database/Eloquent/Factories/Factory.php:296
/www/wwwroot/jobportal.prus.dev/tests/Feature/Requests/CreateJobRequestTest.php:337
/www/wwwroot/jobportal.prus.dev/tests/Feature/Requests/CreateJobRequestTest.php:32</error>
        </testcase>
        <testcase name="test_expires_at_must_be_future_date" file="/www/wwwroot/jobportal.prus.dev/tests/Feature/Requests/CreateJobRequestTest.php" line="223" class="Tests\Feature\Requests\CreateJobRequestTest" classname="Tests.Feature.Requests.CreateJobRequestTest" assertions="0" time="0.000000">
          <error type="Illuminate\Database\UniqueConstraintViolationException">Tests\Feature\Requests\CreateJobRequestTest::test_expires_at_must_be_future_date
Illuminate\Database\UniqueConstraintViolationException: SQLSTATE[23000]: Integrity constraint violation: 19 UNIQUE constraint failed: job_categories.id (Connection: sqlite, SQL: insert into "job_categories" ("name", "description", "is_featured", "id", "updated_at", "created_at") values (Engineering, Suscipit aspernatur natus esse dolorum perspiciatis quibusdam dolorum., 0, 1, 2025-08-09 11:11:06, 2025-08-09 11:11:06))

/www/wwwroot/jobportal.prus.dev/vendor/laravel/framework/src/Illuminate/Database/Connection.php:817
/www/wwwroot/jobportal.prus.dev/vendor/laravel/framework/src/Illuminate/Database/Connection.php:776
/www/wwwroot/jobportal.prus.dev/vendor/laravel/framework/src/Illuminate/Database/Connection.php:557
/www/wwwroot/jobportal.prus.dev/vendor/laravel/framework/src/Illuminate/Database/Connection.php:521
/www/wwwroot/jobportal.prus.dev/vendor/laravel/framework/src/Illuminate/Database/Query/Processors/Processor.php:32
/www/wwwroot/jobportal.prus.dev/vendor/laravel/framework/src/Illuminate/Database/Query/Builder.php:3796
/www/wwwroot/jobportal.prus.dev/vendor/laravel/framework/src/Illuminate/Database/Eloquent/Builder.php:2205
/www/wwwroot/jobportal.prus.dev/vendor/laravel/framework/src/Illuminate/Database/Eloquent/Model.php:1408
/www/wwwroot/jobportal.prus.dev/vendor/laravel/framework/src/Illuminate/Database/Eloquent/Model.php:1373
/www/wwwroot/jobportal.prus.dev/vendor/laravel/framework/src/Illuminate/Database/Eloquent/Model.php:1212
/www/wwwroot/jobportal.prus.dev/vendor/laravel/framework/src/Illuminate/Database/Eloquent/Factories/Factory.php:351
/www/wwwroot/jobportal.prus.dev/vendor/laravel/framework/src/Illuminate/Collections/Traits/EnumeratesValues.php:271
/www/wwwroot/jobportal.prus.dev/vendor/laravel/framework/src/Illuminate/Database/Eloquent/Factories/Factory.php:346
/www/wwwroot/jobportal.prus.dev/vendor/laravel/framework/src/Illuminate/Database/Eloquent/Factories/Factory.php:302
/www/wwwroot/jobportal.prus.dev/vendor/laravel/framework/src/Illuminate/Database/Eloquent/Factories/Factory.php:296
/www/wwwroot/jobportal.prus.dev/tests/Feature/Requests/CreateJobRequestTest.php:337
/www/wwwroot/jobportal.prus.dev/tests/Feature/Requests/CreateJobRequestTest.php:32</error>
        </testcase>
        <testcase name="test_experience_accepts_valid_range" file="/www/wwwroot/jobportal.prus.dev/tests/Feature/Requests/CreateJobRequestTest.php" line="238" class="Tests\Feature\Requests\CreateJobRequestTest" classname="Tests.Feature.Requests.CreateJobRequestTest" assertions="0" time="0.000000">
          <error type="Illuminate\Database\UniqueConstraintViolationException">Tests\Feature\Requests\CreateJobRequestTest::test_experience_accepts_valid_range
Illuminate\Database\UniqueConstraintViolationException: SQLSTATE[23000]: Integrity constraint violation: 19 UNIQUE constraint failed: job_categories.id (Connection: sqlite, SQL: insert into "job_categories" ("name", "description", "is_featured", "id", "updated_at", "created_at") values (Legal, Sit eos omnis consequatur facere consequatur., 0, 1, 2025-08-09 11:11:06, 2025-08-09 11:11:06))

/www/wwwroot/jobportal.prus.dev/vendor/laravel/framework/src/Illuminate/Database/Connection.php:817
/www/wwwroot/jobportal.prus.dev/vendor/laravel/framework/src/Illuminate/Database/Connection.php:776
/www/wwwroot/jobportal.prus.dev/vendor/laravel/framework/src/Illuminate/Database/Connection.php:557
/www/wwwroot/jobportal.prus.dev/vendor/laravel/framework/src/Illuminate/Database/Connection.php:521
/www/wwwroot/jobportal.prus.dev/vendor/laravel/framework/src/Illuminate/Database/Query/Processors/Processor.php:32
/www/wwwroot/jobportal.prus.dev/vendor/laravel/framework/src/Illuminate/Database/Query/Builder.php:3796
/www/wwwroot/jobportal.prus.dev/vendor/laravel/framework/src/Illuminate/Database/Eloquent/Builder.php:2205
/www/wwwroot/jobportal.prus.dev/vendor/laravel/framework/src/Illuminate/Database/Eloquent/Model.php:1408
/www/wwwroot/jobportal.prus.dev/vendor/laravel/framework/src/Illuminate/Database/Eloquent/Model.php:1373
/www/wwwroot/jobportal.prus.dev/vendor/laravel/framework/src/Illuminate/Database/Eloquent/Model.php:1212
/www/wwwroot/jobportal.prus.dev/vendor/laravel/framework/src/Illuminate/Database/Eloquent/Factories/Factory.php:351
/www/wwwroot/jobportal.prus.dev/vendor/laravel/framework/src/Illuminate/Collections/Traits/EnumeratesValues.php:271
/www/wwwroot/jobportal.prus.dev/vendor/laravel/framework/src/Illuminate/Database/Eloquent/Factories/Factory.php:346
/www/wwwroot/jobportal.prus.dev/vendor/laravel/framework/src/Illuminate/Database/Eloquent/Factories/Factory.php:302
/www/wwwroot/jobportal.prus.dev/vendor/laravel/framework/src/Illuminate/Database/Eloquent/Factories/Factory.php:296
/www/wwwroot/jobportal.prus.dev/tests/Feature/Requests/CreateJobRequestTest.php:337
/www/wwwroot/jobportal.prus.dev/tests/Feature/Requests/CreateJobRequestTest.php:32</error>
        </testcase>
        <testcase name="test_experience_rejects_over50" file="/www/wwwroot/jobportal.prus.dev/tests/Feature/Requests/CreateJobRequestTest.php" line="252" class="Tests\Feature\Requests\CreateJobRequestTest" classname="Tests.Feature.Requests.CreateJobRequestTest" assertions="0" time="0.000000">
          <error type="Illuminate\Database\UniqueConstraintViolationException">Tests\Feature\Requests\CreateJobRequestTest::test_experience_rejects_over50
Illuminate\Database\UniqueConstraintViolationException: SQLSTATE[23000]: Integrity constraint violation: 19 UNIQUE constraint failed: job_categories.id (Connection: sqlite, SQL: insert into "job_categories" ("name", "description", "is_featured", "id", "updated_at", "created_at") values (Design &amp; Creative, Facilis totam non aut dignissimos pariatur sit rerum., 0, 1, 2025-08-09 11:11:07, 2025-08-09 11:11:07))

/www/wwwroot/jobportal.prus.dev/vendor/laravel/framework/src/Illuminate/Database/Connection.php:817
/www/wwwroot/jobportal.prus.dev/vendor/laravel/framework/src/Illuminate/Database/Connection.php:776
/www/wwwroot/jobportal.prus.dev/vendor/laravel/framework/src/Illuminate/Database/Connection.php:557
/www/wwwroot/jobportal.prus.dev/vendor/laravel/framework/src/Illuminate/Database/Connection.php:521
/www/wwwroot/jobportal.prus.dev/vendor/laravel/framework/src/Illuminate/Database/Query/Processors/Processor.php:32
/www/wwwroot/jobportal.prus.dev/vendor/laravel/framework/src/Illuminate/Database/Query/Builder.php:3796
/www/wwwroot/jobportal.prus.dev/vendor/laravel/framework/src/Illuminate/Database/Eloquent/Builder.php:2205
/www/wwwroot/jobportal.prus.dev/vendor/laravel/framework/src/Illuminate/Database/Eloquent/Model.php:1408
/www/wwwroot/jobportal.prus.dev/vendor/laravel/framework/src/Illuminate/Database/Eloquent/Model.php:1373
/www/wwwroot/jobportal.prus.dev/vendor/laravel/framework/src/Illuminate/Database/Eloquent/Model.php:1212
/www/wwwroot/jobportal.prus.dev/vendor/laravel/framework/src/Illuminate/Database/Eloquent/Factories/Factory.php:351
/www/wwwroot/jobportal.prus.dev/vendor/laravel/framework/src/Illuminate/Collections/Traits/EnumeratesValues.php:271
/www/wwwroot/jobportal.prus.dev/vendor/laravel/framework/src/Illuminate/Database/Eloquent/Factories/Factory.php:346
/www/wwwroot/jobportal.prus.dev/vendor/laravel/framework/src/Illuminate/Database/Eloquent/Factories/Factory.php:302
/www/wwwroot/jobportal.prus.dev/vendor/laravel/framework/src/Illuminate/Database/Eloquent/Factories/Factory.php:296
/www/wwwroot/jobportal.prus.dev/tests/Feature/Requests/CreateJobRequestTest.php:337
/www/wwwroot/jobportal.prus.dev/tests/Feature/Requests/CreateJobRequestTest.php:32</error>
        </testcase>
        <testcase name="test_gender_accepts_valid_values" file="/www/wwwroot/jobportal.prus.dev/tests/Feature/Requests/CreateJobRequestTest.php" line="267" class="Tests\Feature\Requests\CreateJobRequestTest" classname="Tests.Feature.Requests.CreateJobRequestTest" assertions="0" time="0.000000">
          <error type="Illuminate\Database\UniqueConstraintViolationException">Tests\Feature\Requests\CreateJobRequestTest::test_gender_accepts_valid_values
Illuminate\Database\UniqueConstraintViolationException: SQLSTATE[23000]: Integrity constraint violation: 19 UNIQUE constraint failed: job_categories.id (Connection: sqlite, SQL: insert into "job_categories" ("name", "description", "is_featured", "id", "updated_at", "created_at") values (Research &amp; Development, Nesciunt et sunt aperiam et et voluptas debitis., 0, 1, 2025-08-09 11:11:07, 2025-08-09 11:11:07))

/www/wwwroot/jobportal.prus.dev/vendor/laravel/framework/src/Illuminate/Database/Connection.php:817
/www/wwwroot/jobportal.prus.dev/vendor/laravel/framework/src/Illuminate/Database/Connection.php:776
/www/wwwroot/jobportal.prus.dev/vendor/laravel/framework/src/Illuminate/Database/Connection.php:557
/www/wwwroot/jobportal.prus.dev/vendor/laravel/framework/src/Illuminate/Database/Connection.php:521
/www/wwwroot/jobportal.prus.dev/vendor/laravel/framework/src/Illuminate/Database/Query/Processors/Processor.php:32
/www/wwwroot/jobportal.prus.dev/vendor/laravel/framework/src/Illuminate/Database/Query/Builder.php:3796
/www/wwwroot/jobportal.prus.dev/vendor/laravel/framework/src/Illuminate/Database/Eloquent/Builder.php:2205
/www/wwwroot/jobportal.prus.dev/vendor/laravel/framework/src/Illuminate/Database/Eloquent/Model.php:1408
/www/wwwroot/jobportal.prus.dev/vendor/laravel/framework/src/Illuminate/Database/Eloquent/Model.php:1373
/www/wwwroot/jobportal.prus.dev/vendor/laravel/framework/src/Illuminate/Database/Eloquent/Model.php:1212
/www/wwwroot/jobportal.prus.dev/vendor/laravel/framework/src/Illuminate/Database/Eloquent/Factories/Factory.php:351
/www/wwwroot/jobportal.prus.dev/vendor/laravel/framework/src/Illuminate/Collections/Traits/EnumeratesValues.php:271
/www/wwwroot/jobportal.prus.dev/vendor/laravel/framework/src/Illuminate/Database/Eloquent/Factories/Factory.php:346
/www/wwwroot/jobportal.prus.dev/vendor/laravel/framework/src/Illuminate/Database/Eloquent/Factories/Factory.php:302
/www/wwwroot/jobportal.prus.dev/vendor/laravel/framework/src/Illuminate/Database/Eloquent/Factories/Factory.php:296
/www/wwwroot/jobportal.prus.dev/tests/Feature/Requests/CreateJobRequestTest.php:337
/www/wwwroot/jobportal.prus.dev/tests/Feature/Requests/CreateJobRequestTest.php:32</error>
        </testcase>
        <testcase name="test_gender_rejects_invalid_values" file="/www/wwwroot/jobportal.prus.dev/tests/Feature/Requests/CreateJobRequestTest.php" line="284" class="Tests\Feature\Requests\CreateJobRequestTest" classname="Tests.Feature.Requests.CreateJobRequestTest" assertions="0" time="0.000000">
          <error type="Illuminate\Database\UniqueConstraintViolationException">Tests\Feature\Requests\CreateJobRequestTest::test_gender_rejects_invalid_values
Illuminate\Database\UniqueConstraintViolationException: SQLSTATE[23000]: Integrity constraint violation: 19 UNIQUE constraint failed: job_categories.id (Connection: sqlite, SQL: insert into "job_categories" ("name", "description", "is_featured", "id", "updated_at", "created_at") values (Engineering, Fugiat sint suscipit vel excepturi., 0, 1, 2025-08-09 11:11:08, 2025-08-09 11:11:08))

/www/wwwroot/jobportal.prus.dev/vendor/laravel/framework/src/Illuminate/Database/Connection.php:817
/www/wwwroot/jobportal.prus.dev/vendor/laravel/framework/src/Illuminate/Database/Connection.php:776
/www/wwwroot/jobportal.prus.dev/vendor/laravel/framework/src/Illuminate/Database/Connection.php:557
/www/wwwroot/jobportal.prus.dev/vendor/laravel/framework/src/Illuminate/Database/Connection.php:521
/www/wwwroot/jobportal.prus.dev/vendor/laravel/framework/src/Illuminate/Database/Query/Processors/Processor.php:32
/www/wwwroot/jobportal.prus.dev/vendor/laravel/framework/src/Illuminate/Database/Query/Builder.php:3796
/www/wwwroot/jobportal.prus.dev/vendor/laravel/framework/src/Illuminate/Database/Eloquent/Builder.php:2205
/www/wwwroot/jobportal.prus.dev/vendor/laravel/framework/src/Illuminate/Database/Eloquent/Model.php:1408
/www/wwwroot/jobportal.prus.dev/vendor/laravel/framework/src/Illuminate/Database/Eloquent/Model.php:1373
/www/wwwroot/jobportal.prus.dev/vendor/laravel/framework/src/Illuminate/Database/Eloquent/Model.php:1212
/www/wwwroot/jobportal.prus.dev/vendor/laravel/framework/src/Illuminate/Database/Eloquent/Factories/Factory.php:351
/www/wwwroot/jobportal.prus.dev/vendor/laravel/framework/src/Illuminate/Collections/Traits/EnumeratesValues.php:271
/www/wwwroot/jobportal.prus.dev/vendor/laravel/framework/src/Illuminate/Database/Eloquent/Factories/Factory.php:346
/www/wwwroot/jobportal.prus.dev/vendor/laravel/framework/src/Illuminate/Database/Eloquent/Factories/Factory.php:302
/www/wwwroot/jobportal.prus.dev/vendor/laravel/framework/src/Illuminate/Database/Eloquent/Factories/Factory.php:296
/www/wwwroot/jobportal.prus.dev/tests/Feature/Requests/CreateJobRequestTest.php:337
/www/wwwroot/jobportal.prus.dev/tests/Feature/Requests/CreateJobRequestTest.php:32</error>
        </testcase>
        <testcase name="test_custom_error_messages_are_defined" file="/www/wwwroot/jobportal.prus.dev/tests/Feature/Requests/CreateJobRequestTest.php" line="299" class="Tests\Feature\Requests\CreateJobRequestTest" classname="Tests.Feature.Requests.CreateJobRequestTest" assertions="0" time="0.000000">
          <error type="Illuminate\Database\UniqueConstraintViolationException">Tests\Feature\Requests\CreateJobRequestTest::test_custom_error_messages_are_defined
Illuminate\Database\UniqueConstraintViolationException: SQLSTATE[23000]: Integrity constraint violation: 19 UNIQUE constraint failed: job_categories.id (Connection: sqlite, SQL: insert into "job_categories" ("name", "description", "is_featured", "id", "updated_at", "created_at") values (Healthcare, Tempora quisquam tempora sequi et accusantium qui., 0, 1, 2025-08-09 11:11:08, 2025-08-09 11:11:08))

/www/wwwroot/jobportal.prus.dev/vendor/laravel/framework/src/Illuminate/Database/Connection.php:817
/www/wwwroot/jobportal.prus.dev/vendor/laravel/framework/src/Illuminate/Database/Connection.php:776
/www/wwwroot/jobportal.prus.dev/vendor/laravel/framework/src/Illuminate/Database/Connection.php:557
/www/wwwroot/jobportal.prus.dev/vendor/laravel/framework/src/Illuminate/Database/Connection.php:521
/www/wwwroot/jobportal.prus.dev/vendor/laravel/framework/src/Illuminate/Database/Query/Processors/Processor.php:32
/www/wwwroot/jobportal.prus.dev/vendor/laravel/framework/src/Illuminate/Database/Query/Builder.php:3796
/www/wwwroot/jobportal.prus.dev/vendor/laravel/framework/src/Illuminate/Database/Eloquent/Builder.php:2205
/www/wwwroot/jobportal.prus.dev/vendor/laravel/framework/src/Illuminate/Database/Eloquent/Model.php:1408
/www/wwwroot/jobportal.prus.dev/vendor/laravel/framework/src/Illuminate/Database/Eloquent/Model.php:1373
/www/wwwroot/jobportal.prus.dev/vendor/laravel/framework/src/Illuminate/Database/Eloquent/Model.php:1212
/www/wwwroot/jobportal.prus.dev/vendor/laravel/framework/src/Illuminate/Database/Eloquent/Factories/Factory.php:351
/www/wwwroot/jobportal.prus.dev/vendor/laravel/framework/src/Illuminate/Collections/Traits/EnumeratesValues.php:271
/www/wwwroot/jobportal.prus.dev/vendor/laravel/framework/src/Illuminate/Database/Eloquent/Factories/Factory.php:346
/www/wwwroot/jobportal.prus.dev/vendor/laravel/framework/src/Illuminate/Database/Eloquent/Factories/Factory.php:302
/www/wwwroot/jobportal.prus.dev/vendor/laravel/framework/src/Illuminate/Database/Eloquent/Factories/Factory.php:296
/www/wwwroot/jobportal.prus.dev/tests/Feature/Requests/CreateJobRequestTest.php:337
/www/wwwroot/jobportal.prus.dev/tests/Feature/Requests/CreateJobRequestTest.php:32</error>
        </testcase>
        <testcase name="test_custom_attributes_are_defined" file="/www/wwwroot/jobportal.prus.dev/tests/Feature/Requests/CreateJobRequestTest.php" line="318" class="Tests\Feature\Requests\CreateJobRequestTest" classname="Tests.Feature.Requests.CreateJobRequestTest" assertions="0" time="0.000000">
          <error type="Illuminate\Database\UniqueConstraintViolationException">Tests\Feature\Requests\CreateJobRequestTest::test_custom_attributes_are_defined
Illuminate\Database\UniqueConstraintViolationException: SQLSTATE[23000]: Integrity constraint violation: 19 UNIQUE constraint failed: job_categories.id (Connection: sqlite, SQL: insert into "job_categories" ("name", "description", "is_featured", "id", "updated_at", "created_at") values (Research &amp; Development, Qui delectus qui est et minus molestiae sed., 0, 1, 2025-08-09 11:11:09, 2025-08-09 11:11:09))

/www/wwwroot/jobportal.prus.dev/vendor/laravel/framework/src/Illuminate/Database/Connection.php:817
/www/wwwroot/jobportal.prus.dev/vendor/laravel/framework/src/Illuminate/Database/Connection.php:776
/www/wwwroot/jobportal.prus.dev/vendor/laravel/framework/src/Illuminate/Database/Connection.php:557
/www/wwwroot/jobportal.prus.dev/vendor/laravel/framework/src/Illuminate/Database/Connection.php:521
/www/wwwroot/jobportal.prus.dev/vendor/laravel/framework/src/Illuminate/Database/Query/Processors/Processor.php:32
/www/wwwroot/jobportal.prus.dev/vendor/laravel/framework/src/Illuminate/Database/Query/Builder.php:3796
/www/wwwroot/jobportal.prus.dev/vendor/laravel/framework/src/Illuminate/Database/Eloquent/Builder.php:2205
/www/wwwroot/jobportal.prus.dev/vendor/laravel/framework/src/Illuminate/Database/Eloquent/Model.php:1408
/www/wwwroot/jobportal.prus.dev/vendor/laravel/framework/src/Illuminate/Database/Eloquent/Model.php:1373
/www/wwwroot/jobportal.prus.dev/vendor/laravel/framework/src/Illuminate/Database/Eloquent/Model.php:1212
/www/wwwroot/jobportal.prus.dev/vendor/laravel/framework/src/Illuminate/Database/Eloquent/Factories/Factory.php:351
/www/wwwroot/jobportal.prus.dev/vendor/laravel/framework/src/Illuminate/Collections/Traits/EnumeratesValues.php:271
/www/wwwroot/jobportal.prus.dev/vendor/laravel/framework/src/Illuminate/Database/Eloquent/Factories/Factory.php:346
/www/wwwroot/jobportal.prus.dev/vendor/laravel/framework/src/Illuminate/Database/Eloquent/Factories/Factory.php:302
/www/wwwroot/jobportal.prus.dev/vendor/laravel/framework/src/Illuminate/Database/Eloquent/Factories/Factory.php:296
/www/wwwroot/jobportal.prus.dev/tests/Feature/Requests/CreateJobRequestTest.php:337
/www/wwwroot/jobportal.prus.dev/tests/Feature/Requests/CreateJobRequestTest.php:32</error>
        </testcase>
      </testsuite>
      <testsuite name="Tests\Feature\Requests\CreateJobShiftRequestTest" file="/www/wwwroot/jobportal.prus.dev/tests/Feature/Requests/CreateJobShiftRequestTest.php" tests="6" assertions="2" errors="4" failures="0" skipped="0" time="2.843393">
        <testcase name="test_validation_rules_are_defined" file="/www/wwwroot/jobportal.prus.dev/tests/Feature/Requests/CreateJobShiftRequestTest.php" line="24" class="Tests\Feature\Requests\CreateJobShiftRequestTest" classname="Tests.Feature.Requests.CreateJobShiftRequestTest" assertions="0" time="0.455556">
          <error type="Error">Tests\Feature\Requests\CreateJobShiftRequestTest::test_validation_rules_are_defined
Error: Class "App\Http\Requests\CreateJobShiftRequest" not found

/www/wwwroot/jobportal.prus.dev/tests/Feature/Requests/CreateJobShiftRequestTest.php:26</error>
        </testcase>
        <testcase name="test_all_users_are_authorized" file="/www/wwwroot/jobportal.prus.dev/tests/Feature/Requests/CreateJobShiftRequestTest.php" line="36" class="Tests\Feature\Requests\CreateJobShiftRequestTest" classname="Tests.Feature.Requests.CreateJobShiftRequestTest" assertions="0" time="0.465840">
          <error type="Error">Tests\Feature\Requests\CreateJobShiftRequestTest::test_all_users_are_authorized
Error: Class "App\Http\Requests\CreateJobShiftRequest" not found

/www/wwwroot/jobportal.prus.dev/tests/Feature/Requests/CreateJobShiftRequestTest.php:38</error>
        </testcase>
        <testcase name="test_validation_passes_with_valid_data" file="/www/wwwroot/jobportal.prus.dev/tests/Feature/Requests/CreateJobShiftRequestTest.php" line="45" class="Tests\Feature\Requests\CreateJobShiftRequestTest" classname="Tests.Feature.Requests.CreateJobShiftRequestTest" assertions="1" time="0.518428"/>
        <testcase name="test_validation_fails_with_invalid_data" file="/www/wwwroot/jobportal.prus.dev/tests/Feature/Requests/CreateJobShiftRequestTest.php" line="56" class="Tests\Feature\Requests\CreateJobShiftRequestTest" classname="Tests.Feature.Requests.CreateJobShiftRequestTest" assertions="1" time="0.465826"/>
        <testcase name="test_custom_error_messages_are_defined" file="/www/wwwroot/jobportal.prus.dev/tests/Feature/Requests/CreateJobShiftRequestTest.php" line="67" class="Tests\Feature\Requests\CreateJobShiftRequestTest" classname="Tests.Feature.Requests.CreateJobShiftRequestTest" assertions="0" time="0.466370">
          <error type="Error">Tests\Feature\Requests\CreateJobShiftRequestTest::test_custom_error_messages_are_defined
Error: Class "App\Http\Requests\CreateJobShiftRequest" not found

/www/wwwroot/jobportal.prus.dev/tests/Feature/Requests/CreateJobShiftRequestTest.php:69</error>
        </testcase>
        <testcase name="test_custom_attributes_are_defined" file="/www/wwwroot/jobportal.prus.dev/tests/Feature/Requests/CreateJobShiftRequestTest.php" line="82" class="Tests\Feature\Requests\CreateJobShiftRequestTest" classname="Tests.Feature.Requests.CreateJobShiftRequestTest" assertions="0" time="0.471372">
          <error type="Error">Tests\Feature\Requests\CreateJobShiftRequestTest::test_custom_attributes_are_defined
Error: Class "App\Http\Requests\CreateJobShiftRequest" not found

/www/wwwroot/jobportal.prus.dev/tests/Feature/Requests/CreateJobShiftRequestTest.php:84</error>
        </testcase>
      </testsuite>
      <testsuite name="Tests\Feature\Requests\CreateJobStageRequestTest" file="/www/wwwroot/jobportal.prus.dev/tests/Feature/Requests/CreateJobStageRequestTest.php" tests="6" assertions="2" errors="4" failures="0" skipped="0" time="3.066109">
        <testcase name="test_validation_rules_are_defined" file="/www/wwwroot/jobportal.prus.dev/tests/Feature/Requests/CreateJobStageRequestTest.php" line="24" class="Tests\Feature\Requests\CreateJobStageRequestTest" classname="Tests.Feature.Requests.CreateJobStageRequestTest" assertions="0" time="0.471324">
          <error type="Error">Tests\Feature\Requests\CreateJobStageRequestTest::test_validation_rules_are_defined
Error: Class "App\Http\Requests\CreateJobStageRequest" not found

/www/wwwroot/jobportal.prus.dev/tests/Feature/Requests/CreateJobStageRequestTest.php:26</error>
        </testcase>
        <testcase name="test_all_users_are_authorized" file="/www/wwwroot/jobportal.prus.dev/tests/Feature/Requests/CreateJobStageRequestTest.php" line="36" class="Tests\Feature\Requests\CreateJobStageRequestTest" classname="Tests.Feature.Requests.CreateJobStageRequestTest" assertions="0" time="0.471656">
          <error type="Error">Tests\Feature\Requests\CreateJobStageRequestTest::test_all_users_are_authorized
Error: Class "App\Http\Requests\CreateJobStageRequest" not found

/www/wwwroot/jobportal.prus.dev/tests/Feature/Requests/CreateJobStageRequestTest.php:38</error>
        </testcase>
        <testcase name="test_validation_passes_with_valid_data" file="/www/wwwroot/jobportal.prus.dev/tests/Feature/Requests/CreateJobStageRequestTest.php" line="45" class="Tests\Feature\Requests\CreateJobStageRequestTest" classname="Tests.Feature.Requests.CreateJobStageRequestTest" assertions="1" time="0.480235"/>
        <testcase name="test_validation_fails_with_invalid_data" file="/www/wwwroot/jobportal.prus.dev/tests/Feature/Requests/CreateJobStageRequestTest.php" line="56" class="Tests\Feature\Requests\CreateJobStageRequestTest" classname="Tests.Feature.Requests.CreateJobStageRequestTest" assertions="1" time="0.580263"/>
        <testcase name="test_custom_error_messages_are_defined" file="/www/wwwroot/jobportal.prus.dev/tests/Feature/Requests/CreateJobStageRequestTest.php" line="67" class="Tests\Feature\Requests\CreateJobStageRequestTest" classname="Tests.Feature.Requests.CreateJobStageRequestTest" assertions="0" time="0.581677">
          <error type="Error">Tests\Feature\Requests\CreateJobStageRequestTest::test_custom_error_messages_are_defined
Error: Class "App\Http\Requests\CreateJobStageRequest" not found

/www/wwwroot/jobportal.prus.dev/tests/Feature/Requests/CreateJobStageRequestTest.php:69</error>
        </testcase>
        <testcase name="test_custom_attributes_are_defined" file="/www/wwwroot/jobportal.prus.dev/tests/Feature/Requests/CreateJobStageRequestTest.php" line="82" class="Tests\Feature\Requests\CreateJobStageRequestTest" classname="Tests.Feature.Requests.CreateJobStageRequestTest" assertions="0" time="0.480953">
          <error type="Error">Tests\Feature\Requests\CreateJobStageRequestTest::test_custom_attributes_are_defined
Error: Class "App\Http\Requests\CreateJobStageRequest" not found

/www/wwwroot/jobportal.prus.dev/tests/Feature/Requests/CreateJobStageRequestTest.php:84</error>
        </testcase>
      </testsuite>
      <testsuite name="Tests\Feature\Requests\CreateJobTypeRequestTest" file="/www/wwwroot/jobportal.prus.dev/tests/Feature/Requests/CreateJobTypeRequestTest.php" tests="6" assertions="2" errors="4" failures="0" skipped="0" time="3.055408">
        <testcase name="test_validation_rules_are_defined" file="/www/wwwroot/jobportal.prus.dev/tests/Feature/Requests/CreateJobTypeRequestTest.php" line="24" class="Tests\Feature\Requests\CreateJobTypeRequestTest" classname="Tests.Feature.Requests.CreateJobTypeRequestTest" assertions="0" time="0.505596">
          <error type="Error">Tests\Feature\Requests\CreateJobTypeRequestTest::test_validation_rules_are_defined
Error: Class "App\Http\Requests\CreateJobTypeRequest" not found

/www/wwwroot/jobportal.prus.dev/tests/Feature/Requests/CreateJobTypeRequestTest.php:26</error>
        </testcase>
        <testcase name="test_all_users_are_authorized" file="/www/wwwroot/jobportal.prus.dev/tests/Feature/Requests/CreateJobTypeRequestTest.php" line="36" class="Tests\Feature\Requests\CreateJobTypeRequestTest" classname="Tests.Feature.Requests.CreateJobTypeRequestTest" assertions="0" time="0.484778">
          <error type="Error">Tests\Feature\Requests\CreateJobTypeRequestTest::test_all_users_are_authorized
Error: Class "App\Http\Requests\CreateJobTypeRequest" not found

/www/wwwroot/jobportal.prus.dev/tests/Feature/Requests/CreateJobTypeRequestTest.php:38</error>
        </testcase>
        <testcase name="test_validation_passes_with_valid_data" file="/www/wwwroot/jobportal.prus.dev/tests/Feature/Requests/CreateJobTypeRequestTest.php" line="45" class="Tests\Feature\Requests\CreateJobTypeRequestTest" classname="Tests.Feature.Requests.CreateJobTypeRequestTest" assertions="1" time="0.454820"/>
        <testcase name="test_validation_fails_with_invalid_data" file="/www/wwwroot/jobportal.prus.dev/tests/Feature/Requests/CreateJobTypeRequestTest.php" line="56" class="Tests\Feature\Requests\CreateJobTypeRequestTest" classname="Tests.Feature.Requests.CreateJobTypeRequestTest" assertions="1" time="0.501811"/>
        <testcase name="test_custom_error_messages_are_defined" file="/www/wwwroot/jobportal.prus.dev/tests/Feature/Requests/CreateJobTypeRequestTest.php" line="67" class="Tests\Feature\Requests\CreateJobTypeRequestTest" classname="Tests.Feature.Requests.CreateJobTypeRequestTest" assertions="0" time="0.470233">
          <error type="Error">Tests\Feature\Requests\CreateJobTypeRequestTest::test_custom_error_messages_are_defined
Error: Class "App\Http\Requests\CreateJobTypeRequest" not found

/www/wwwroot/jobportal.prus.dev/tests/Feature/Requests/CreateJobTypeRequestTest.php:69</error>
        </testcase>
        <testcase name="test_custom_attributes_are_defined" file="/www/wwwroot/jobportal.prus.dev/tests/Feature/Requests/CreateJobTypeRequestTest.php" line="82" class="Tests\Feature\Requests\CreateJobTypeRequestTest" classname="Tests.Feature.Requests.CreateJobTypeRequestTest" assertions="0" time="0.638170">
          <error type="Error">Tests\Feature\Requests\CreateJobTypeRequestTest::test_custom_attributes_are_defined
Error: Class "App\Http\Requests\CreateJobTypeRequest" not found

/www/wwwroot/jobportal.prus.dev/tests/Feature/Requests/CreateJobTypeRequestTest.php:84</error>
        </testcase>
      </testsuite>
      <testsuite name="Tests\Feature\Requests\CreateRequiredDegreeLevelRequestTest" file="/www/wwwroot/jobportal.prus.dev/tests/Feature/Requests/CreateRequiredDegreeLevelRequestTest.php" tests="6" assertions="2" errors="4" failures="0" skipped="0" time="2.925152">
        <testcase name="test_validation_rules_are_defined" file="/www/wwwroot/jobportal.prus.dev/tests/Feature/Requests/CreateRequiredDegreeLevelRequestTest.php" line="24" class="Tests\Feature\Requests\CreateRequiredDegreeLevelRequestTest" classname="Tests.Feature.Requests.CreateRequiredDegreeLevelRequestTest" assertions="0" time="0.499301">
          <error type="Error">Tests\Feature\Requests\CreateRequiredDegreeLevelRequestTest::test_validation_rules_are_defined
Error: Class "App\Http\Requests\CreateRequiredDegreeLevelRequest" not found

/www/wwwroot/jobportal.prus.dev/tests/Feature/Requests/CreateRequiredDegreeLevelRequestTest.php:26</error>
        </testcase>
        <testcase name="test_all_users_are_authorized" file="/www/wwwroot/jobportal.prus.dev/tests/Feature/Requests/CreateRequiredDegreeLevelRequestTest.php" line="36" class="Tests\Feature\Requests\CreateRequiredDegreeLevelRequestTest" classname="Tests.Feature.Requests.CreateRequiredDegreeLevelRequestTest" assertions="0" time="0.580785">
          <error type="Error">Tests\Feature\Requests\CreateRequiredDegreeLevelRequestTest::test_all_users_are_authorized
Error: Class "App\Http\Requests\CreateRequiredDegreeLevelRequest" not found

/www/wwwroot/jobportal.prus.dev/tests/Feature/Requests/CreateRequiredDegreeLevelRequestTest.php:38</error>
        </testcase>
        <testcase name="test_validation_passes_with_valid_data" file="/www/wwwroot/jobportal.prus.dev/tests/Feature/Requests/CreateRequiredDegreeLevelRequestTest.php" line="45" class="Tests\Feature\Requests\CreateRequiredDegreeLevelRequestTest" classname="Tests.Feature.Requests.CreateRequiredDegreeLevelRequestTest" assertions="1" time="0.465090"/>
        <testcase name="test_validation_fails_with_invalid_data" file="/www/wwwroot/jobportal.prus.dev/tests/Feature/Requests/CreateRequiredDegreeLevelRequestTest.php" line="56" class="Tests\Feature\Requests\CreateRequiredDegreeLevelRequestTest" classname="Tests.Feature.Requests.CreateRequiredDegreeLevelRequestTest" assertions="1" time="0.460048"/>
        <testcase name="test_custom_error_messages_are_defined" file="/www/wwwroot/jobportal.prus.dev/tests/Feature/Requests/CreateRequiredDegreeLevelRequestTest.php" line="67" class="Tests\Feature\Requests\CreateRequiredDegreeLevelRequestTest" classname="Tests.Feature.Requests.CreateRequiredDegreeLevelRequestTest" assertions="0" time="0.467824">
          <error type="Error">Tests\Feature\Requests\CreateRequiredDegreeLevelRequestTest::test_custom_error_messages_are_defined
Error: Class "App\Http\Requests\CreateRequiredDegreeLevelRequest" not found

/www/wwwroot/jobportal.prus.dev/tests/Feature/Requests/CreateRequiredDegreeLevelRequestTest.php:69</error>
        </testcase>
        <testcase name="test_custom_attributes_are_defined" file="/www/wwwroot/jobportal.prus.dev/tests/Feature/Requests/CreateRequiredDegreeLevelRequestTest.php" line="82" class="Tests\Feature\Requests\CreateRequiredDegreeLevelRequestTest" classname="Tests.Feature.Requests.CreateRequiredDegreeLevelRequestTest" assertions="0" time="0.452104">
          <error type="Error">Tests\Feature\Requests\CreateRequiredDegreeLevelRequestTest::test_custom_attributes_are_defined
Error: Class "App\Http\Requests\CreateRequiredDegreeLevelRequest" not found

/www/wwwroot/jobportal.prus.dev/tests/Feature/Requests/CreateRequiredDegreeLevelRequestTest.php:84</error>
        </testcase>
      </testsuite>
      <testsuite name="Tests\Feature\Requests\CreateTagRequestTest" file="/www/wwwroot/jobportal.prus.dev/tests/Feature/Requests/CreateTagRequestTest.php" tests="6" assertions="2" errors="4" failures="0" skipped="0" time="2.759781">
        <testcase name="test_validation_rules_are_defined" file="/www/wwwroot/jobportal.prus.dev/tests/Feature/Requests/CreateTagRequestTest.php" line="24" class="Tests\Feature\Requests\CreateTagRequestTest" classname="Tests.Feature.Requests.CreateTagRequestTest" assertions="0" time="0.451237">
          <error type="Error">Tests\Feature\Requests\CreateTagRequestTest::test_validation_rules_are_defined
Error: Class "App\Http\Requests\CreateTagRequest" not found

/www/wwwroot/jobportal.prus.dev/tests/Feature/Requests/CreateTagRequestTest.php:26</error>
        </testcase>
        <testcase name="test_all_users_are_authorized" file="/www/wwwroot/jobportal.prus.dev/tests/Feature/Requests/CreateTagRequestTest.php" line="36" class="Tests\Feature\Requests\CreateTagRequestTest" classname="Tests.Feature.Requests.CreateTagRequestTest" assertions="0" time="0.455230">
          <error type="Error">Tests\Feature\Requests\CreateTagRequestTest::test_all_users_are_authorized
Error: Class "App\Http\Requests\CreateTagRequest" not found

/www/wwwroot/jobportal.prus.dev/tests/Feature/Requests/CreateTagRequestTest.php:38</error>
        </testcase>
        <testcase name="test_validation_passes_with_valid_data" file="/www/wwwroot/jobportal.prus.dev/tests/Feature/Requests/CreateTagRequestTest.php" line="45" class="Tests\Feature\Requests\CreateTagRequestTest" classname="Tests.Feature.Requests.CreateTagRequestTest" assertions="1" time="0.477055"/>
        <testcase name="test_validation_fails_with_invalid_data" file="/www/wwwroot/jobportal.prus.dev/tests/Feature/Requests/CreateTagRequestTest.php" line="56" class="Tests\Feature\Requests\CreateTagRequestTest" classname="Tests.Feature.Requests.CreateTagRequestTest" assertions="1" time="0.453122"/>
        <testcase name="test_custom_error_messages_are_defined" file="/www/wwwroot/jobportal.prus.dev/tests/Feature/Requests/CreateTagRequestTest.php" line="67" class="Tests\Feature\Requests\CreateTagRequestTest" classname="Tests.Feature.Requests.CreateTagRequestTest" assertions="0" time="0.461456">
          <error type="Error">Tests\Feature\Requests\CreateTagRequestTest::test_custom_error_messages_are_defined
Error: Class "App\Http\Requests\CreateTagRequest" not found

/www/wwwroot/jobportal.prus.dev/tests/Feature/Requests/CreateTagRequestTest.php:69</error>
        </testcase>
        <testcase name="test_custom_attributes_are_defined" file="/www/wwwroot/jobportal.prus.dev/tests/Feature/Requests/CreateTagRequestTest.php" line="82" class="Tests\Feature\Requests\CreateTagRequestTest" classname="Tests.Feature.Requests.CreateTagRequestTest" assertions="0" time="0.461680">
          <error type="Error">Tests\Feature\Requests\CreateTagRequestTest::test_custom_attributes_are_defined
Error: Class "App\Http\Requests\CreateTagRequest" not found

/www/wwwroot/jobportal.prus.dev/tests/Feature/Requests/CreateTagRequestTest.php:84</error>
        </testcase>
      </testsuite>
      <testsuite name="Tests\Feature\Requests\CreateUserRequestTest" file="/www/wwwroot/jobportal.prus.dev/tests/Feature/Requests/CreateUserRequestTest.php" tests="17" assertions="0" errors="17" failures="0" skipped="0" time="0.000000">
        <testcase name="test_authorization_returns_true" file="/www/wwwroot/jobportal.prus.dev/tests/Feature/Requests/CreateUserRequestTest.php" line="33" class="Tests\Feature\Requests\CreateUserRequestTest" classname="Tests.Feature.Requests.CreateUserRequestTest" assertions="0" time="0.000000">
          <error type="Error">Tests\Feature\Requests\CreateUserRequestTest::test_authorization_returns_true
Error: Class "App\Models\User" not found

/www/wwwroot/jobportal.prus.dev/tests/Feature/Requests/CreateUserRequestTest.php:29</error>
        </testcase>
        <testcase name="test_validation_rules_are_defined" file="/www/wwwroot/jobportal.prus.dev/tests/Feature/Requests/CreateUserRequestTest.php" line="41" class="Tests\Feature\Requests\CreateUserRequestTest" classname="Tests.Feature.Requests.CreateUserRequestTest" assertions="0" time="0.000000">
          <error type="Error">Tests\Feature\Requests\CreateUserRequestTest::test_validation_rules_are_defined
Error: Class "App\Models\User" not found

/www/wwwroot/jobportal.prus.dev/tests/Feature/Requests/CreateUserRequestTest.php:29</error>
        </testcase>
        <testcase name="test_validation_messages_are_defined" file="/www/wwwroot/jobportal.prus.dev/tests/Feature/Requests/CreateUserRequestTest.php" line="51" class="Tests\Feature\Requests\CreateUserRequestTest" classname="Tests.Feature.Requests.CreateUserRequestTest" assertions="0" time="0.000000">
          <error type="Error">Tests\Feature\Requests\CreateUserRequestTest::test_validation_messages_are_defined
Error: Class "App\Models\User" not found

/www/wwwroot/jobportal.prus.dev/tests/Feature/Requests/CreateUserRequestTest.php:29</error>
        </testcase>
        <testcase name="test_validation_attributes_are_defined" file="/www/wwwroot/jobportal.prus.dev/tests/Feature/Requests/CreateUserRequestTest.php" line="64" class="Tests\Feature\Requests\CreateUserRequestTest" classname="Tests.Feature.Requests.CreateUserRequestTest" assertions="0" time="0.000000">
          <error type="Error">Tests\Feature\Requests\CreateUserRequestTest::test_validation_attributes_are_defined
Error: Class "App\Models\User" not found

/www/wwwroot/jobportal.prus.dev/tests/Feature/Requests/CreateUserRequestTest.php:29</error>
        </testcase>
        <testcase name="test_first_name_validation" file="/www/wwwroot/jobportal.prus.dev/tests/Feature/Requests/CreateUserRequestTest.php" line="77" class="Tests\Feature\Requests\CreateUserRequestTest" classname="Tests.Feature.Requests.CreateUserRequestTest" assertions="0" time="0.000000">
          <error type="Error">Tests\Feature\Requests\CreateUserRequestTest::test_first_name_validation
Error: Class "App\Models\User" not found

/www/wwwroot/jobportal.prus.dev/tests/Feature/Requests/CreateUserRequestTest.php:29</error>
        </testcase>
        <testcase name="test_required_validation" file="/www/wwwroot/jobportal.prus.dev/tests/Feature/Requests/CreateUserRequestTest.php" line="90" class="Tests\Feature\Requests\CreateUserRequestTest" classname="Tests.Feature.Requests.CreateUserRequestTest" assertions="0" time="0.000000">
          <error type="Error">Tests\Feature\Requests\CreateUserRequestTest::test_required_validation
Error: Class "App\Models\User" not found

/www/wwwroot/jobportal.prus.dev/tests/Feature/Requests/CreateUserRequestTest.php:29</error>
        </testcase>
        <testcase name="test_string_validation" file="/www/wwwroot/jobportal.prus.dev/tests/Feature/Requests/CreateUserRequestTest.php" line="103" class="Tests\Feature\Requests\CreateUserRequestTest" classname="Tests.Feature.Requests.CreateUserRequestTest" assertions="0" time="0.000000">
          <error type="Error">Tests\Feature\Requests\CreateUserRequestTest::test_string_validation
Error: Class "App\Models\User" not found

/www/wwwroot/jobportal.prus.dev/tests/Feature/Requests/CreateUserRequestTest.php:29</error>
        </testcase>
        <testcase name="test_last_name_validation" file="/www/wwwroot/jobportal.prus.dev/tests/Feature/Requests/CreateUserRequestTest.php" line="116" class="Tests\Feature\Requests\CreateUserRequestTest" classname="Tests.Feature.Requests.CreateUserRequestTest" assertions="0" time="0.000000">
          <error type="Error">Tests\Feature\Requests\CreateUserRequestTest::test_last_name_validation
Error: Class "App\Models\User" not found

/www/wwwroot/jobportal.prus.dev/tests/Feature/Requests/CreateUserRequestTest.php:29</error>
        </testcase>
        <testcase name="test_email_validation" file="/www/wwwroot/jobportal.prus.dev/tests/Feature/Requests/CreateUserRequestTest.php" line="129" class="Tests\Feature\Requests\CreateUserRequestTest" classname="Tests.Feature.Requests.CreateUserRequestTest" assertions="0" time="0.000000">
          <error type="Error">Tests\Feature\Requests\CreateUserRequestTest::test_email_validation
Error: Class "App\Models\User" not found

/www/wwwroot/jobportal.prus.dev/tests/Feature/Requests/CreateUserRequestTest.php:29</error>
        </testcase>
        <testcase name="test_password_validation" file="/www/wwwroot/jobportal.prus.dev/tests/Feature/Requests/CreateUserRequestTest.php" line="142" class="Tests\Feature\Requests\CreateUserRequestTest" classname="Tests.Feature.Requests.CreateUserRequestTest" assertions="0" time="0.000000">
          <error type="Error">Tests\Feature\Requests\CreateUserRequestTest::test_password_validation
Error: Class "App\Models\User" not found

/www/wwwroot/jobportal.prus.dev/tests/Feature/Requests/CreateUserRequestTest.php:29</error>
        </testcase>
        <testcase name="test_confirmed_validation" file="/www/wwwroot/jobportal.prus.dev/tests/Feature/Requests/CreateUserRequestTest.php" line="155" class="Tests\Feature\Requests\CreateUserRequestTest" classname="Tests.Feature.Requests.CreateUserRequestTest" assertions="0" time="0.000000">
          <error type="Error">Tests\Feature\Requests\CreateUserRequestTest::test_confirmed_validation
Error: Class "App\Models\User" not found

/www/wwwroot/jobportal.prus.dev/tests/Feature/Requests/CreateUserRequestTest.php:29</error>
        </testcase>
        <testcase name="test_phone_validation" file="/www/wwwroot/jobportal.prus.dev/tests/Feature/Requests/CreateUserRequestTest.php" line="168" class="Tests\Feature\Requests\CreateUserRequestTest" classname="Tests.Feature.Requests.CreateUserRequestTest" assertions="0" time="0.000000">
          <error type="Error">Tests\Feature\Requests\CreateUserRequestTest::test_phone_validation
Error: Class "App\Models\User" not found

/www/wwwroot/jobportal.prus.dev/tests/Feature/Requests/CreateUserRequestTest.php:29</error>
        </testcase>
        <testcase name="test_nullable_validation" file="/www/wwwroot/jobportal.prus.dev/tests/Feature/Requests/CreateUserRequestTest.php" line="181" class="Tests\Feature\Requests\CreateUserRequestTest" classname="Tests.Feature.Requests.CreateUserRequestTest" assertions="0" time="0.000000">
          <error type="Error">Tests\Feature\Requests\CreateUserRequestTest::test_nullable_validation
Error: Class "App\Models\User" not found

/www/wwwroot/jobportal.prus.dev/tests/Feature/Requests/CreateUserRequestTest.php:29</error>
        </testcase>
        <testcase name="test_valid_data_passes_validation" file="/www/wwwroot/jobportal.prus.dev/tests/Feature/Requests/CreateUserRequestTest.php" line="194" class="Tests\Feature\Requests\CreateUserRequestTest" classname="Tests.Feature.Requests.CreateUserRequestTest" assertions="0" time="0.000000">
          <error type="Error">Tests\Feature\Requests\CreateUserRequestTest::test_valid_data_passes_validation
Error: Class "App\Models\User" not found

/www/wwwroot/jobportal.prus.dev/tests/Feature/Requests/CreateUserRequestTest.php:29</error>
        </testcase>
        <testcase name="test_request_handles_empty_data_correctly" file="/www/wwwroot/jobportal.prus.dev/tests/Feature/Requests/CreateUserRequestTest.php" line="215" class="Tests\Feature\Requests\CreateUserRequestTest" classname="Tests.Feature.Requests.CreateUserRequestTest" assertions="0" time="0.000000">
          <error type="Error">Tests\Feature\Requests\CreateUserRequestTest::test_request_handles_empty_data_correctly
Error: Class "App\Models\User" not found

/www/wwwroot/jobportal.prus.dev/tests/Feature/Requests/CreateUserRequestTest.php:29</error>
        </testcase>
        <testcase name="test_security_validation_prevents_xss" file="/www/wwwroot/jobportal.prus.dev/tests/Feature/Requests/CreateUserRequestTest.php" line="227" class="Tests\Feature\Requests\CreateUserRequestTest" classname="Tests.Feature.Requests.CreateUserRequestTest" assertions="0" time="0.000000">
          <error type="Error">Tests\Feature\Requests\CreateUserRequestTest::test_security_validation_prevents_xss
Error: Class "App\Models\User" not found

/www/wwwroot/jobportal.prus.dev/tests/Feature/Requests/CreateUserRequestTest.php:29</error>
        </testcase>
        <testcase name="test_sql_injection_prevention" file="/www/wwwroot/jobportal.prus.dev/tests/Feature/Requests/CreateUserRequestTest.php" line="250" class="Tests\Feature\Requests\CreateUserRequestTest" classname="Tests.Feature.Requests.CreateUserRequestTest" assertions="0" time="0.000000">
          <error type="Error">Tests\Feature\Requests\CreateUserRequestTest::test_sql_injection_prevention
Error: Class "App\Models\User" not found

/www/wwwroot/jobportal.prus.dev/tests/Feature/Requests/CreateUserRequestTest.php:29</error>
        </testcase>
      </testsuite>
      <testsuite name="Tests\Feature\Requests\ForgotPasswordRequestTest" file="/www/wwwroot/jobportal.prus.dev/tests/Feature/Requests/ForgotPasswordRequestTest.php" tests="9" assertions="0" errors="9" failures="0" skipped="0" time="0.000000">
        <testcase name="test_authorization_returns_true" file="/www/wwwroot/jobportal.prus.dev/tests/Feature/Requests/ForgotPasswordRequestTest.php" line="33" class="Tests\Feature\Requests\ForgotPasswordRequestTest" classname="Tests.Feature.Requests.ForgotPasswordRequestTest" assertions="0" time="0.000000">
          <error type="Error">Tests\Feature\Requests\ForgotPasswordRequestTest::test_authorization_returns_true
Error: Class "App\Models\User" not found

/www/wwwroot/jobportal.prus.dev/tests/Feature/Requests/ForgotPasswordRequestTest.php:29</error>
        </testcase>
        <testcase name="test_validation_rules_are_defined" file="/www/wwwroot/jobportal.prus.dev/tests/Feature/Requests/ForgotPasswordRequestTest.php" line="41" class="Tests\Feature\Requests\ForgotPasswordRequestTest" classname="Tests.Feature.Requests.ForgotPasswordRequestTest" assertions="0" time="0.000000">
          <error type="Error">Tests\Feature\Requests\ForgotPasswordRequestTest::test_validation_rules_are_defined
Error: Class "App\Models\User" not found

/www/wwwroot/jobportal.prus.dev/tests/Feature/Requests/ForgotPasswordRequestTest.php:29</error>
        </testcase>
        <testcase name="test_validation_messages_are_defined" file="/www/wwwroot/jobportal.prus.dev/tests/Feature/Requests/ForgotPasswordRequestTest.php" line="51" class="Tests\Feature\Requests\ForgotPasswordRequestTest" classname="Tests.Feature.Requests.ForgotPasswordRequestTest" assertions="0" time="0.000000">
          <error type="Error">Tests\Feature\Requests\ForgotPasswordRequestTest::test_validation_messages_are_defined
Error: Class "App\Models\User" not found

/www/wwwroot/jobportal.prus.dev/tests/Feature/Requests/ForgotPasswordRequestTest.php:29</error>
        </testcase>
        <testcase name="test_validation_attributes_are_defined" file="/www/wwwroot/jobportal.prus.dev/tests/Feature/Requests/ForgotPasswordRequestTest.php" line="64" class="Tests\Feature\Requests\ForgotPasswordRequestTest" classname="Tests.Feature.Requests.ForgotPasswordRequestTest" assertions="0" time="0.000000">
          <error type="Error">Tests\Feature\Requests\ForgotPasswordRequestTest::test_validation_attributes_are_defined
Error: Class "App\Models\User" not found

/www/wwwroot/jobportal.prus.dev/tests/Feature/Requests/ForgotPasswordRequestTest.php:29</error>
        </testcase>
        <testcase name="test_email_validation" file="/www/wwwroot/jobportal.prus.dev/tests/Feature/Requests/ForgotPasswordRequestTest.php" line="77" class="Tests\Feature\Requests\ForgotPasswordRequestTest" classname="Tests.Feature.Requests.ForgotPasswordRequestTest" assertions="0" time="0.000000">
          <error type="Error">Tests\Feature\Requests\ForgotPasswordRequestTest::test_email_validation
Error: Class "App\Models\User" not found

/www/wwwroot/jobportal.prus.dev/tests/Feature/Requests/ForgotPasswordRequestTest.php:29</error>
        </testcase>
        <testcase name="test_valid_data_passes_validation" file="/www/wwwroot/jobportal.prus.dev/tests/Feature/Requests/ForgotPasswordRequestTest.php" line="90" class="Tests\Feature\Requests\ForgotPasswordRequestTest" classname="Tests.Feature.Requests.ForgotPasswordRequestTest" assertions="0" time="0.000000">
          <error type="Error">Tests\Feature\Requests\ForgotPasswordRequestTest::test_valid_data_passes_validation
Error: Class "App\Models\User" not found

/www/wwwroot/jobportal.prus.dev/tests/Feature/Requests/ForgotPasswordRequestTest.php:29</error>
        </testcase>
        <testcase name="test_request_handles_empty_data_correctly" file="/www/wwwroot/jobportal.prus.dev/tests/Feature/Requests/ForgotPasswordRequestTest.php" line="103" class="Tests\Feature\Requests\ForgotPasswordRequestTest" classname="Tests.Feature.Requests.ForgotPasswordRequestTest" assertions="0" time="0.000000">
          <error type="Error">Tests\Feature\Requests\ForgotPasswordRequestTest::test_request_handles_empty_data_correctly
Error: Class "App\Models\User" not found

/www/wwwroot/jobportal.prus.dev/tests/Feature/Requests/ForgotPasswordRequestTest.php:29</error>
        </testcase>
        <testcase name="test_security_validation_prevents_xss" file="/www/wwwroot/jobportal.prus.dev/tests/Feature/Requests/ForgotPasswordRequestTest.php" line="115" class="Tests\Feature\Requests\ForgotPasswordRequestTest" classname="Tests.Feature.Requests.ForgotPasswordRequestTest" assertions="0" time="0.000000">
          <error type="Error">Tests\Feature\Requests\ForgotPasswordRequestTest::test_security_validation_prevents_xss
Error: Class "App\Models\User" not found

/www/wwwroot/jobportal.prus.dev/tests/Feature/Requests/ForgotPasswordRequestTest.php:29</error>
        </testcase>
        <testcase name="test_sql_injection_prevention" file="/www/wwwroot/jobportal.prus.dev/tests/Feature/Requests/ForgotPasswordRequestTest.php" line="138" class="Tests\Feature\Requests\ForgotPasswordRequestTest" classname="Tests.Feature.Requests.ForgotPasswordRequestTest" assertions="0" time="0.000000">
          <error type="Error">Tests\Feature\Requests\ForgotPasswordRequestTest::test_sql_injection_prevention
Error: Class "App\Models\User" not found

/www/wwwroot/jobportal.prus.dev/tests/Feature/Requests/ForgotPasswordRequestTest.php:29</error>
        </testcase>
      </testsuite>
      <testsuite name="Tests\Feature\Requests\JobFilterRequestTest" file="/www/wwwroot/jobportal.prus.dev/tests/Feature/Requests/JobFilterRequestTest.php" tests="48" assertions="0" errors="48" failures="0" skipped="0" time="0.000000">
        <testcase name="test_authorization_returns_true" file="/www/wwwroot/jobportal.prus.dev/tests/Feature/Requests/JobFilterRequestTest.php" line="33" class="Tests\Feature\Requests\JobFilterRequestTest" classname="Tests.Feature.Requests.JobFilterRequestTest" assertions="0" time="0.000000">
          <error type="Error">Tests\Feature\Requests\JobFilterRequestTest::test_authorization_returns_true
Error: Class "App\Models\User" not found

/www/wwwroot/jobportal.prus.dev/tests/Feature/Requests/JobFilterRequestTest.php:29</error>
        </testcase>
        <testcase name="test_validation_rules_are_defined" file="/www/wwwroot/jobportal.prus.dev/tests/Feature/Requests/JobFilterRequestTest.php" line="41" class="Tests\Feature\Requests\JobFilterRequestTest" classname="Tests.Feature.Requests.JobFilterRequestTest" assertions="0" time="0.000000">
          <error type="Error">Tests\Feature\Requests\JobFilterRequestTest::test_validation_rules_are_defined
Error: Class "App\Models\User" not found

/www/wwwroot/jobportal.prus.dev/tests/Feature/Requests/JobFilterRequestTest.php:29</error>
        </testcase>
        <testcase name="test_validation_messages_are_defined" file="/www/wwwroot/jobportal.prus.dev/tests/Feature/Requests/JobFilterRequestTest.php" line="51" class="Tests\Feature\Requests\JobFilterRequestTest" classname="Tests.Feature.Requests.JobFilterRequestTest" assertions="0" time="0.000000">
          <error type="Error">Tests\Feature\Requests\JobFilterRequestTest::test_validation_messages_are_defined
Error: Class "App\Models\User" not found

/www/wwwroot/jobportal.prus.dev/tests/Feature/Requests/JobFilterRequestTest.php:29</error>
        </testcase>
        <testcase name="test_validation_attributes_are_defined" file="/www/wwwroot/jobportal.prus.dev/tests/Feature/Requests/JobFilterRequestTest.php" line="64" class="Tests\Feature\Requests\JobFilterRequestTest" classname="Tests.Feature.Requests.JobFilterRequestTest" assertions="0" time="0.000000">
          <error type="Error">Tests\Feature\Requests\JobFilterRequestTest::test_validation_attributes_are_defined
Error: Class "App\Models\User" not found

/www/wwwroot/jobportal.prus.dev/tests/Feature/Requests/JobFilterRequestTest.php:29</error>
        </testcase>
        <testcase name="test_search_validation" file="/www/wwwroot/jobportal.prus.dev/tests/Feature/Requests/JobFilterRequestTest.php" line="77" class="Tests\Feature\Requests\JobFilterRequestTest" classname="Tests.Feature.Requests.JobFilterRequestTest" assertions="0" time="0.000000">
          <error type="Error">Tests\Feature\Requests\JobFilterRequestTest::test_search_validation
Error: Class "App\Models\User" not found

/www/wwwroot/jobportal.prus.dev/tests/Feature/Requests/JobFilterRequestTest.php:29</error>
        </testcase>
        <testcase name="test_nullable_validation" file="/www/wwwroot/jobportal.prus.dev/tests/Feature/Requests/JobFilterRequestTest.php" line="90" class="Tests\Feature\Requests\JobFilterRequestTest" classname="Tests.Feature.Requests.JobFilterRequestTest" assertions="0" time="0.000000">
          <error type="Error">Tests\Feature\Requests\JobFilterRequestTest::test_nullable_validation
Error: Class "App\Models\User" not found

/www/wwwroot/jobportal.prus.dev/tests/Feature/Requests/JobFilterRequestTest.php:29</error>
        </testcase>
        <testcase name="test_string_validation" file="/www/wwwroot/jobportal.prus.dev/tests/Feature/Requests/JobFilterRequestTest.php" line="103" class="Tests\Feature\Requests\JobFilterRequestTest" classname="Tests.Feature.Requests.JobFilterRequestTest" assertions="0" time="0.000000">
          <error type="Error">Tests\Feature\Requests\JobFilterRequestTest::test_string_validation
Error: Class "App\Models\User" not found

/www/wwwroot/jobportal.prus.dev/tests/Feature/Requests/JobFilterRequestTest.php:29</error>
        </testcase>
        <testcase name="test_category_id_validation" file="/www/wwwroot/jobportal.prus.dev/tests/Feature/Requests/JobFilterRequestTest.php" line="116" class="Tests\Feature\Requests\JobFilterRequestTest" classname="Tests.Feature.Requests.JobFilterRequestTest" assertions="0" time="0.000000">
          <error type="Error">Tests\Feature\Requests\JobFilterRequestTest::test_category_id_validation
Error: Class "App\Models\User" not found

/www/wwwroot/jobportal.prus.dev/tests/Feature/Requests/JobFilterRequestTest.php:29</error>
        </testcase>
        <testcase name="test_job_type_id_validation" file="/www/wwwroot/jobportal.prus.dev/tests/Feature/Requests/JobFilterRequestTest.php" line="129" class="Tests\Feature\Requests\JobFilterRequestTest" classname="Tests.Feature.Requests.JobFilterRequestTest" assertions="0" time="0.000000">
          <error type="Error">Tests\Feature\Requests\JobFilterRequestTest::test_job_type_id_validation
Error: Class "App\Models\User" not found

/www/wwwroot/jobportal.prus.dev/tests/Feature/Requests/JobFilterRequestTest.php:29</error>
        </testcase>
        <testcase name="test_country_id_validation" file="/www/wwwroot/jobportal.prus.dev/tests/Feature/Requests/JobFilterRequestTest.php" line="142" class="Tests\Feature\Requests\JobFilterRequestTest" classname="Tests.Feature.Requests.JobFilterRequestTest" assertions="0" time="0.000000">
          <error type="Error">Tests\Feature\Requests\JobFilterRequestTest::test_country_id_validation
Error: Class "App\Models\User" not found

/www/wwwroot/jobportal.prus.dev/tests/Feature/Requests/JobFilterRequestTest.php:29</error>
        </testcase>
        <testcase name="test_state_id_validation" file="/www/wwwroot/jobportal.prus.dev/tests/Feature/Requests/JobFilterRequestTest.php" line="155" class="Tests\Feature\Requests\JobFilterRequestTest" classname="Tests.Feature.Requests.JobFilterRequestTest" assertions="0" time="0.000000">
          <error type="Error">Tests\Feature\Requests\JobFilterRequestTest::test_state_id_validation
Error: Class "App\Models\User" not found

/www/wwwroot/jobportal.prus.dev/tests/Feature/Requests/JobFilterRequestTest.php:29</error>
        </testcase>
        <testcase name="test_city_id_validation" file="/www/wwwroot/jobportal.prus.dev/tests/Feature/Requests/JobFilterRequestTest.php" line="168" class="Tests\Feature\Requests\JobFilterRequestTest" classname="Tests.Feature.Requests.JobFilterRequestTest" assertions="0" time="0.000000">
          <error type="Error">Tests\Feature\Requests\JobFilterRequestTest::test_city_id_validation
Error: Class "App\Models\User" not found

/www/wwwroot/jobportal.prus.dev/tests/Feature/Requests/JobFilterRequestTest.php:29</error>
        </testcase>
        <testcase name="test_company_id_validation" file="/www/wwwroot/jobportal.prus.dev/tests/Feature/Requests/JobFilterRequestTest.php" line="181" class="Tests\Feature\Requests\JobFilterRequestTest" classname="Tests.Feature.Requests.JobFilterRequestTest" assertions="0" time="0.000000">
          <error type="Error">Tests\Feature\Requests\JobFilterRequestTest::test_company_id_validation
Error: Class "App\Models\User" not found

/www/wwwroot/jobportal.prus.dev/tests/Feature/Requests/JobFilterRequestTest.php:29</error>
        </testcase>
        <testcase name="test_functional_area_id_validation" file="/www/wwwroot/jobportal.prus.dev/tests/Feature/Requests/JobFilterRequestTest.php" line="194" class="Tests\Feature\Requests\JobFilterRequestTest" classname="Tests.Feature.Requests.JobFilterRequestTest" assertions="0" time="0.000000">
          <error type="Error">Tests\Feature\Requests\JobFilterRequestTest::test_functional_area_id_validation
Error: Class "App\Models\User" not found

/www/wwwroot/jobportal.prus.dev/tests/Feature/Requests/JobFilterRequestTest.php:29</error>
        </testcase>
        <testcase name="test_career_level_id_validation" file="/www/wwwroot/jobportal.prus.dev/tests/Feature/Requests/JobFilterRequestTest.php" line="207" class="Tests\Feature\Requests\JobFilterRequestTest" classname="Tests.Feature.Requests.JobFilterRequestTest" assertions="0" time="0.000000">
          <error type="Error">Tests\Feature\Requests\JobFilterRequestTest::test_career_level_id_validation
Error: Class "App\Models\User" not found

/www/wwwroot/jobportal.prus.dev/tests/Feature/Requests/JobFilterRequestTest.php:29</error>
        </testcase>
        <testcase name="test_degree_level_id_validation" file="/www/wwwroot/jobportal.prus.dev/tests/Feature/Requests/JobFilterRequestTest.php" line="220" class="Tests\Feature\Requests\JobFilterRequestTest" classname="Tests.Feature.Requests.JobFilterRequestTest" assertions="0" time="0.000000">
          <error type="Error">Tests\Feature\Requests\JobFilterRequestTest::test_degree_level_id_validation
Error: Class "App\Models\User" not found

/www/wwwroot/jobportal.prus.dev/tests/Feature/Requests/JobFilterRequestTest.php:29</error>
        </testcase>
        <testcase name="test_job_shift_id_validation" file="/www/wwwroot/jobportal.prus.dev/tests/Feature/Requests/JobFilterRequestTest.php" line="233" class="Tests\Feature\Requests\JobFilterRequestTest" classname="Tests.Feature.Requests.JobFilterRequestTest" assertions="0" time="0.000000">
          <error type="Error">Tests\Feature\Requests\JobFilterRequestTest::test_job_shift_id_validation
Error: Class "App\Models\User" not found

/www/wwwroot/jobportal.prus.dev/tests/Feature/Requests/JobFilterRequestTest.php:29</error>
        </testcase>
        <testcase name="test_currency_id_validation" file="/www/wwwroot/jobportal.prus.dev/tests/Feature/Requests/JobFilterRequestTest.php" line="246" class="Tests\Feature\Requests\JobFilterRequestTest" classname="Tests.Feature.Requests.JobFilterRequestTest" assertions="0" time="0.000000">
          <error type="Error">Tests\Feature\Requests\JobFilterRequestTest::test_currency_id_validation
Error: Class "App\Models\User" not found

/www/wwwroot/jobportal.prus.dev/tests/Feature/Requests/JobFilterRequestTest.php:29</error>
        </testcase>
        <testcase name="test_salary_period_id_validation" file="/www/wwwroot/jobportal.prus.dev/tests/Feature/Requests/JobFilterRequestTest.php" line="259" class="Tests\Feature\Requests\JobFilterRequestTest" classname="Tests.Feature.Requests.JobFilterRequestTest" assertions="0" time="0.000000">
          <error type="Error">Tests\Feature\Requests\JobFilterRequestTest::test_salary_period_id_validation
Error: Class "App\Models\User" not found

/www/wwwroot/jobportal.prus.dev/tests/Feature/Requests/JobFilterRequestTest.php:29</error>
        </testcase>
        <testcase name="test_min_salary_validation" file="/www/wwwroot/jobportal.prus.dev/tests/Feature/Requests/JobFilterRequestTest.php" line="272" class="Tests\Feature\Requests\JobFilterRequestTest" classname="Tests.Feature.Requests.JobFilterRequestTest" assertions="0" time="0.000000">
          <error type="Error">Tests\Feature\Requests\JobFilterRequestTest::test_min_salary_validation
Error: Class "App\Models\User" not found

/www/wwwroot/jobportal.prus.dev/tests/Feature/Requests/JobFilterRequestTest.php:29</error>
        </testcase>
        <testcase name="test_numeric_validation" file="/www/wwwroot/jobportal.prus.dev/tests/Feature/Requests/JobFilterRequestTest.php" line="285" class="Tests\Feature\Requests\JobFilterRequestTest" classname="Tests.Feature.Requests.JobFilterRequestTest" assertions="0" time="0.000000">
          <error type="Error">Tests\Feature\Requests\JobFilterRequestTest::test_numeric_validation
Error: Class "App\Models\User" not found

/www/wwwroot/jobportal.prus.dev/tests/Feature/Requests/JobFilterRequestTest.php:29</error>
        </testcase>
        <testcase name="test_max_salary_validation" file="/www/wwwroot/jobportal.prus.dev/tests/Feature/Requests/JobFilterRequestTest.php" line="298" class="Tests\Feature\Requests\JobFilterRequestTest" classname="Tests.Feature.Requests.JobFilterRequestTest" assertions="0" time="0.000000">
          <error type="Error">Tests\Feature\Requests\JobFilterRequestTest::test_max_salary_validation
Error: Class "App\Models\User" not found

/www/wwwroot/jobportal.prus.dev/tests/Feature/Requests/JobFilterRequestTest.php:29</error>
        </testcase>
        <testcase name="test_min_experience_validation" file="/www/wwwroot/jobportal.prus.dev/tests/Feature/Requests/JobFilterRequestTest.php" line="311" class="Tests\Feature\Requests\JobFilterRequestTest" classname="Tests.Feature.Requests.JobFilterRequestTest" assertions="0" time="0.000000">
          <error type="Error">Tests\Feature\Requests\JobFilterRequestTest::test_min_experience_validation
Error: Class "App\Models\User" not found

/www/wwwroot/jobportal.prus.dev/tests/Feature/Requests/JobFilterRequestTest.php:29</error>
        </testcase>
        <testcase name="test_integer_validation" file="/www/wwwroot/jobportal.prus.dev/tests/Feature/Requests/JobFilterRequestTest.php" line="324" class="Tests\Feature\Requests\JobFilterRequestTest" classname="Tests.Feature.Requests.JobFilterRequestTest" assertions="0" time="0.000000">
          <error type="Error">Tests\Feature\Requests\JobFilterRequestTest::test_integer_validation
Error: Class "App\Models\User" not found

/www/wwwroot/jobportal.prus.dev/tests/Feature/Requests/JobFilterRequestTest.php:29</error>
        </testcase>
        <testcase name="test_max_experience_validation" file="/www/wwwroot/jobportal.prus.dev/tests/Feature/Requests/JobFilterRequestTest.php" line="337" class="Tests\Feature\Requests\JobFilterRequestTest" classname="Tests.Feature.Requests.JobFilterRequestTest" assertions="0" time="0.000000">
          <error type="Error">Tests\Feature\Requests\JobFilterRequestTest::test_max_experience_validation
Error: Class "App\Models\User" not found

/www/wwwroot/jobportal.prus.dev/tests/Feature/Requests/JobFilterRequestTest.php:29</error>
        </testcase>
        <testcase name="test_skills_validation" file="/www/wwwroot/jobportal.prus.dev/tests/Feature/Requests/JobFilterRequestTest.php" line="350" class="Tests\Feature\Requests\JobFilterRequestTest" classname="Tests.Feature.Requests.JobFilterRequestTest" assertions="0" time="0.000000">
          <error type="Error">Tests\Feature\Requests\JobFilterRequestTest::test_skills_validation
Error: Class "App\Models\User" not found

/www/wwwroot/jobportal.prus.dev/tests/Feature/Requests/JobFilterRequestTest.php:29</error>
        </testcase>
        <testcase name="test_array_validation" file="/www/wwwroot/jobportal.prus.dev/tests/Feature/Requests/JobFilterRequestTest.php" line="363" class="Tests\Feature\Requests\JobFilterRequestTest" classname="Tests.Feature.Requests.JobFilterRequestTest" assertions="0" time="0.000000">
          <error type="Error">Tests\Feature\Requests\JobFilterRequestTest::test_array_validation
Error: Class "App\Models\User" not found

/www/wwwroot/jobportal.prus.dev/tests/Feature/Requests/JobFilterRequestTest.php:29</error>
        </testcase>
        <testcase name="test_tags_validation" file="/www/wwwroot/jobportal.prus.dev/tests/Feature/Requests/JobFilterRequestTest.php" line="376" class="Tests\Feature\Requests\JobFilterRequestTest" classname="Tests.Feature.Requests.JobFilterRequestTest" assertions="0" time="0.000000">
          <error type="Error">Tests\Feature\Requests\JobFilterRequestTest::test_tags_validation
Error: Class "App\Models\User" not found

/www/wwwroot/jobportal.prus.dev/tests/Feature/Requests/JobFilterRequestTest.php:29</error>
        </testcase>
        <testcase name="test_posted_within_validation" file="/www/wwwroot/jobportal.prus.dev/tests/Feature/Requests/JobFilterRequestTest.php" line="389" class="Tests\Feature\Requests\JobFilterRequestTest" classname="Tests.Feature.Requests.JobFilterRequestTest" assertions="0" time="0.000000">
          <error type="Error">Tests\Feature\Requests\JobFilterRequestTest::test_posted_within_validation
Error: Class "App\Models\User" not found

/www/wwwroot/jobportal.prus.dev/tests/Feature/Requests/JobFilterRequestTest.php:29</error>
        </testcase>
        <testcase name="test_is_featured_validation" file="/www/wwwroot/jobportal.prus.dev/tests/Feature/Requests/JobFilterRequestTest.php" line="402" class="Tests\Feature\Requests\JobFilterRequestTest" classname="Tests.Feature.Requests.JobFilterRequestTest" assertions="0" time="0.000000">
          <error type="Error">Tests\Feature\Requests\JobFilterRequestTest::test_is_featured_validation
Error: Class "App\Models\User" not found

/www/wwwroot/jobportal.prus.dev/tests/Feature/Requests/JobFilterRequestTest.php:29</error>
        </testcase>
        <testcase name="test_boolean_validation" file="/www/wwwroot/jobportal.prus.dev/tests/Feature/Requests/JobFilterRequestTest.php" line="415" class="Tests\Feature\Requests\JobFilterRequestTest" classname="Tests.Feature.Requests.JobFilterRequestTest" assertions="0" time="0.000000">
          <error type="Error">Tests\Feature\Requests\JobFilterRequestTest::test_boolean_validation
Error: Class "App\Models\User" not found

/www/wwwroot/jobportal.prus.dev/tests/Feature/Requests/JobFilterRequestTest.php:29</error>
        </testcase>
        <testcase name="test_is_freelance_validation" file="/www/wwwroot/jobportal.prus.dev/tests/Feature/Requests/JobFilterRequestTest.php" line="428" class="Tests\Feature\Requests\JobFilterRequestTest" classname="Tests.Feature.Requests.JobFilterRequestTest" assertions="0" time="0.000000">
          <error type="Error">Tests\Feature\Requests\JobFilterRequestTest::test_is_freelance_validation
Error: Class "App\Models\User" not found

/www/wwwroot/jobportal.prus.dev/tests/Feature/Requests/JobFilterRequestTest.php:29</error>
        </testcase>
        <testcase name="test_hide_salary_validation" file="/www/wwwroot/jobportal.prus.dev/tests/Feature/Requests/JobFilterRequestTest.php" line="441" class="Tests\Feature\Requests\JobFilterRequestTest" classname="Tests.Feature.Requests.JobFilterRequestTest" assertions="0" time="0.000000">
          <error type="Error">Tests\Feature\Requests\JobFilterRequestTest::test_hide_salary_validation
Error: Class "App\Models\User" not found

/www/wwwroot/jobportal.prus.dev/tests/Feature/Requests/JobFilterRequestTest.php:29</error>
        </testcase>
        <testcase name="test_sort_by_validation" file="/www/wwwroot/jobportal.prus.dev/tests/Feature/Requests/JobFilterRequestTest.php" line="454" class="Tests\Feature\Requests\JobFilterRequestTest" classname="Tests.Feature.Requests.JobFilterRequestTest" assertions="0" time="0.000000">
          <error type="Error">Tests\Feature\Requests\JobFilterRequestTest::test_sort_by_validation
Error: Class "App\Models\User" not found

/www/wwwroot/jobportal.prus.dev/tests/Feature/Requests/JobFilterRequestTest.php:29</error>
        </testcase>
        <testcase name="test_relevance_validation" file="/www/wwwroot/jobportal.prus.dev/tests/Feature/Requests/JobFilterRequestTest.php" line="467" class="Tests\Feature\Requests\JobFilterRequestTest" classname="Tests.Feature.Requests.JobFilterRequestTest" assertions="0" time="0.000000">
          <error type="Error">Tests\Feature\Requests\JobFilterRequestTest::test_relevance_validation
Error: Class "App\Models\User" not found

/www/wwwroot/jobportal.prus.dev/tests/Feature/Requests/JobFilterRequestTest.php:29</error>
        </testcase>
        <testcase name="test_date_desc_validation" file="/www/wwwroot/jobportal.prus.dev/tests/Feature/Requests/JobFilterRequestTest.php" line="480" class="Tests\Feature\Requests\JobFilterRequestTest" classname="Tests.Feature.Requests.JobFilterRequestTest" assertions="0" time="0.000000">
          <error type="Error">Tests\Feature\Requests\JobFilterRequestTest::test_date_desc_validation
Error: Class "App\Models\User" not found

/www/wwwroot/jobportal.prus.dev/tests/Feature/Requests/JobFilterRequestTest.php:29</error>
        </testcase>
        <testcase name="test_date_asc_validation" file="/www/wwwroot/jobportal.prus.dev/tests/Feature/Requests/JobFilterRequestTest.php" line="493" class="Tests\Feature\Requests\JobFilterRequestTest" classname="Tests.Feature.Requests.JobFilterRequestTest" assertions="0" time="0.000000">
          <error type="Error">Tests\Feature\Requests\JobFilterRequestTest::test_date_asc_validation
Error: Class "App\Models\User" not found

/www/wwwroot/jobportal.prus.dev/tests/Feature/Requests/JobFilterRequestTest.php:29</error>
        </testcase>
        <testcase name="test_salary_desc_validation" file="/www/wwwroot/jobportal.prus.dev/tests/Feature/Requests/JobFilterRequestTest.php" line="506" class="Tests\Feature\Requests\JobFilterRequestTest" classname="Tests.Feature.Requests.JobFilterRequestTest" assertions="0" time="0.000000">
          <error type="Error">Tests\Feature\Requests\JobFilterRequestTest::test_salary_desc_validation
Error: Class "App\Models\User" not found

/www/wwwroot/jobportal.prus.dev/tests/Feature/Requests/JobFilterRequestTest.php:29</error>
        </testcase>
        <testcase name="test_salary_asc_validation" file="/www/wwwroot/jobportal.prus.dev/tests/Feature/Requests/JobFilterRequestTest.php" line="519" class="Tests\Feature\Requests\JobFilterRequestTest" classname="Tests.Feature.Requests.JobFilterRequestTest" assertions="0" time="0.000000">
          <error type="Error">Tests\Feature\Requests\JobFilterRequestTest::test_salary_asc_validation
Error: Class "App\Models\User" not found

/www/wwwroot/jobportal.prus.dev/tests/Feature/Requests/JobFilterRequestTest.php:29</error>
        </testcase>
        <testcase name="test_company_name_validation" file="/www/wwwroot/jobportal.prus.dev/tests/Feature/Requests/JobFilterRequestTest.php" line="532" class="Tests\Feature\Requests\JobFilterRequestTest" classname="Tests.Feature.Requests.JobFilterRequestTest" assertions="0" time="0.000000">
          <error type="Error">Tests\Feature\Requests\JobFilterRequestTest::test_company_name_validation
Error: Class "App\Models\User" not found

/www/wwwroot/jobportal.prus.dev/tests/Feature/Requests/JobFilterRequestTest.php:29</error>
        </testcase>
        <testcase name="test_location_validation" file="/www/wwwroot/jobportal.prus.dev/tests/Feature/Requests/JobFilterRequestTest.php" line="545" class="Tests\Feature\Requests\JobFilterRequestTest" classname="Tests.Feature.Requests.JobFilterRequestTest" assertions="0" time="0.000000">
          <error type="Error">Tests\Feature\Requests\JobFilterRequestTest::test_location_validation
Error: Class "App\Models\User" not found

/www/wwwroot/jobportal.prus.dev/tests/Feature/Requests/JobFilterRequestTest.php:29</error>
        </testcase>
        <testcase name="test_popularity_validation" file="/www/wwwroot/jobportal.prus.dev/tests/Feature/Requests/JobFilterRequestTest.php" line="558" class="Tests\Feature\Requests\JobFilterRequestTest" classname="Tests.Feature.Requests.JobFilterRequestTest" assertions="0" time="0.000000">
          <error type="Error">Tests\Feature\Requests\JobFilterRequestTest::test_popularity_validation
Error: Class "App\Models\User" not found

/www/wwwroot/jobportal.prus.dev/tests/Feature/Requests/JobFilterRequestTest.php:29</error>
        </testcase>
        <testcase name="test_per_page_validation" file="/www/wwwroot/jobportal.prus.dev/tests/Feature/Requests/JobFilterRequestTest.php" line="571" class="Tests\Feature\Requests\JobFilterRequestTest" classname="Tests.Feature.Requests.JobFilterRequestTest" assertions="0" time="0.000000">
          <error type="Error">Tests\Feature\Requests\JobFilterRequestTest::test_per_page_validation
Error: Class "App\Models\User" not found

/www/wwwroot/jobportal.prus.dev/tests/Feature/Requests/JobFilterRequestTest.php:29</error>
        </testcase>
        <testcase name="test_page_validation" file="/www/wwwroot/jobportal.prus.dev/tests/Feature/Requests/JobFilterRequestTest.php" line="584" class="Tests\Feature\Requests\JobFilterRequestTest" classname="Tests.Feature.Requests.JobFilterRequestTest" assertions="0" time="0.000000">
          <error type="Error">Tests\Feature\Requests\JobFilterRequestTest::test_page_validation
Error: Class "App\Models\User" not found

/www/wwwroot/jobportal.prus.dev/tests/Feature/Requests/JobFilterRequestTest.php:29</error>
        </testcase>
        <testcase name="test_valid_data_passes_validation" file="/www/wwwroot/jobportal.prus.dev/tests/Feature/Requests/JobFilterRequestTest.php" line="597" class="Tests\Feature\Requests\JobFilterRequestTest" classname="Tests.Feature.Requests.JobFilterRequestTest" assertions="0" time="0.000000">
          <error type="Error">Tests\Feature\Requests\JobFilterRequestTest::test_valid_data_passes_validation
Error: Class "App\Models\User" not found

/www/wwwroot/jobportal.prus.dev/tests/Feature/Requests/JobFilterRequestTest.php:29</error>
        </testcase>
        <testcase name="test_request_handles_empty_data_correctly" file="/www/wwwroot/jobportal.prus.dev/tests/Feature/Requests/JobFilterRequestTest.php" line="649" class="Tests\Feature\Requests\JobFilterRequestTest" classname="Tests.Feature.Requests.JobFilterRequestTest" assertions="0" time="0.000000">
          <error type="Error">Tests\Feature\Requests\JobFilterRequestTest::test_request_handles_empty_data_correctly
Error: Class "App\Models\User" not found

/www/wwwroot/jobportal.prus.dev/tests/Feature/Requests/JobFilterRequestTest.php:29</error>
        </testcase>
        <testcase name="test_security_validation_prevents_xss" file="/www/wwwroot/jobportal.prus.dev/tests/Feature/Requests/JobFilterRequestTest.php" line="661" class="Tests\Feature\Requests\JobFilterRequestTest" classname="Tests.Feature.Requests.JobFilterRequestTest" assertions="0" time="0.000000">
          <error type="Error">Tests\Feature\Requests\JobFilterRequestTest::test_security_validation_prevents_xss
Error: Class "App\Models\User" not found

/www/wwwroot/jobportal.prus.dev/tests/Feature/Requests/JobFilterRequestTest.php:29</error>
        </testcase>
        <testcase name="test_sql_injection_prevention" file="/www/wwwroot/jobportal.prus.dev/tests/Feature/Requests/JobFilterRequestTest.php" line="684" class="Tests\Feature\Requests\JobFilterRequestTest" classname="Tests.Feature.Requests.JobFilterRequestTest" assertions="0" time="0.000000">
          <error type="Error">Tests\Feature\Requests\JobFilterRequestTest::test_sql_injection_prevention
Error: Class "App\Models\User" not found

/www/wwwroot/jobportal.prus.dev/tests/Feature/Requests/JobFilterRequestTest.php:29</error>
        </testcase>
      </testsuite>
      <testsuite name="Tests\Feature\Requests\LoginRequestTest" file="/www/wwwroot/jobportal.prus.dev/tests/Feature/Requests/LoginRequestTest.php" tests="12" assertions="0" errors="12" failures="0" skipped="0" time="0.000000">
        <testcase name="test_authorization_returns_true" file="/www/wwwroot/jobportal.prus.dev/tests/Feature/Requests/LoginRequestTest.php" line="33" class="Tests\Feature\Requests\LoginRequestTest" classname="Tests.Feature.Requests.LoginRequestTest" assertions="0" time="0.000000">
          <error type="Error">Tests\Feature\Requests\LoginRequestTest::test_authorization_returns_true
Error: Class "App\Models\User" not found

/www/wwwroot/jobportal.prus.dev/tests/Feature/Requests/LoginRequestTest.php:29</error>
        </testcase>
        <testcase name="test_validation_rules_are_defined" file="/www/wwwroot/jobportal.prus.dev/tests/Feature/Requests/LoginRequestTest.php" line="41" class="Tests\Feature\Requests\LoginRequestTest" classname="Tests.Feature.Requests.LoginRequestTest" assertions="0" time="0.000000">
          <error type="Error">Tests\Feature\Requests\LoginRequestTest::test_validation_rules_are_defined
Error: Class "App\Models\User" not found

/www/wwwroot/jobportal.prus.dev/tests/Feature/Requests/LoginRequestTest.php:29</error>
        </testcase>
        <testcase name="test_validation_messages_are_defined" file="/www/wwwroot/jobportal.prus.dev/tests/Feature/Requests/LoginRequestTest.php" line="51" class="Tests\Feature\Requests\LoginRequestTest" classname="Tests.Feature.Requests.LoginRequestTest" assertions="0" time="0.000000">
          <error type="Error">Tests\Feature\Requests\LoginRequestTest::test_validation_messages_are_defined
Error: Class "App\Models\User" not found

/www/wwwroot/jobportal.prus.dev/tests/Feature/Requests/LoginRequestTest.php:29</error>
        </testcase>
        <testcase name="test_validation_attributes_are_defined" file="/www/wwwroot/jobportal.prus.dev/tests/Feature/Requests/LoginRequestTest.php" line="64" class="Tests\Feature\Requests\LoginRequestTest" classname="Tests.Feature.Requests.LoginRequestTest" assertions="0" time="0.000000">
          <error type="Error">Tests\Feature\Requests\LoginRequestTest::test_validation_attributes_are_defined
Error: Class "App\Models\User" not found

/www/wwwroot/jobportal.prus.dev/tests/Feature/Requests/LoginRequestTest.php:29</error>
        </testcase>
        <testcase name="test_email_validation" file="/www/wwwroot/jobportal.prus.dev/tests/Feature/Requests/LoginRequestTest.php" line="77" class="Tests\Feature\Requests\LoginRequestTest" classname="Tests.Feature.Requests.LoginRequestTest" assertions="0" time="0.000000">
          <error type="Error">Tests\Feature\Requests\LoginRequestTest::test_email_validation
Error: Class "App\Models\User" not found

/www/wwwroot/jobportal.prus.dev/tests/Feature/Requests/LoginRequestTest.php:29</error>
        </testcase>
        <testcase name="test_password_validation" file="/www/wwwroot/jobportal.prus.dev/tests/Feature/Requests/LoginRequestTest.php" line="90" class="Tests\Feature\Requests\LoginRequestTest" classname="Tests.Feature.Requests.LoginRequestTest" assertions="0" time="0.000000">
          <error type="Error">Tests\Feature\Requests\LoginRequestTest::test_password_validation
Error: Class "App\Models\User" not found

/www/wwwroot/jobportal.prus.dev/tests/Feature/Requests/LoginRequestTest.php:29</error>
        </testcase>
        <testcase name="test_remember_validation" file="/www/wwwroot/jobportal.prus.dev/tests/Feature/Requests/LoginRequestTest.php" line="103" class="Tests\Feature\Requests\LoginRequestTest" classname="Tests.Feature.Requests.LoginRequestTest" assertions="0" time="0.000000">
          <error type="Error">Tests\Feature\Requests\LoginRequestTest::test_remember_validation
Error: Class "App\Models\User" not found

/www/wwwroot/jobportal.prus.dev/tests/Feature/Requests/LoginRequestTest.php:29</error>
        </testcase>
        <testcase name="test_boolean_validation" file="/www/wwwroot/jobportal.prus.dev/tests/Feature/Requests/LoginRequestTest.php" line="116" class="Tests\Feature\Requests\LoginRequestTest" classname="Tests.Feature.Requests.LoginRequestTest" assertions="0" time="0.000000">
          <error type="Error">Tests\Feature\Requests\LoginRequestTest::test_boolean_validation
Error: Class "App\Models\User" not found

/www/wwwroot/jobportal.prus.dev/tests/Feature/Requests/LoginRequestTest.php:29</error>
        </testcase>
        <testcase name="test_valid_data_passes_validation" file="/www/wwwroot/jobportal.prus.dev/tests/Feature/Requests/LoginRequestTest.php" line="130" class="Tests\Feature\Requests\LoginRequestTest" classname="Tests.Feature.Requests.LoginRequestTest" assertions="0" time="0.000000">
          <error type="Error">Tests\Feature\Requests\LoginRequestTest::test_valid_data_passes_validation
Error: Class "App\Models\User" not found

/www/wwwroot/jobportal.prus.dev/tests/Feature/Requests/LoginRequestTest.php:29</error>
        </testcase>
        <testcase name="test_request_handles_empty_data_correctly" file="/www/wwwroot/jobportal.prus.dev/tests/Feature/Requests/LoginRequestTest.php" line="145" class="Tests\Feature\Requests\LoginRequestTest" classname="Tests.Feature.Requests.LoginRequestTest" assertions="0" time="0.000000">
          <error type="Error">Tests\Feature\Requests\LoginRequestTest::test_request_handles_empty_data_correctly
Error: Class "App\Models\User" not found

/www/wwwroot/jobportal.prus.dev/tests/Feature/Requests/LoginRequestTest.php:29</error>
        </testcase>
        <testcase name="test_security_validation_prevents_xss" file="/www/wwwroot/jobportal.prus.dev/tests/Feature/Requests/LoginRequestTest.php" line="158" class="Tests\Feature\Requests\LoginRequestTest" classname="Tests.Feature.Requests.LoginRequestTest" assertions="0" time="0.000000">
          <error type="Error">Tests\Feature\Requests\LoginRequestTest::test_security_validation_prevents_xss
Error: Class "App\Models\User" not found

/www/wwwroot/jobportal.prus.dev/tests/Feature/Requests/LoginRequestTest.php:29</error>
        </testcase>
        <testcase name="test_sql_injection_prevention" file="/www/wwwroot/jobportal.prus.dev/tests/Feature/Requests/LoginRequestTest.php" line="174" class="Tests\Feature\Requests\LoginRequestTest" classname="Tests.Feature.Requests.LoginRequestTest" assertions="0" time="0.000000">
          <error type="Error">Tests\Feature\Requests\LoginRequestTest::test_sql_injection_prevention
Error: Class "App\Models\User" not found

/www/wwwroot/jobportal.prus.dev/tests/Feature/Requests/LoginRequestTest.php:29</error>
        </testcase>
      </testsuite>
      <testsuite name="Tests\Feature\Requests\RegisterRequestTest" file="/www/wwwroot/jobportal.prus.dev/tests/Feature/Requests/RegisterRequestTest.php" tests="20" assertions="0" errors="20" failures="0" skipped="0" time="0.000000">
        <testcase name="test_authorization_returns_true" file="/www/wwwroot/jobportal.prus.dev/tests/Feature/Requests/RegisterRequestTest.php" line="33" class="Tests\Feature\Requests\RegisterRequestTest" classname="Tests.Feature.Requests.RegisterRequestTest" assertions="0" time="0.000000">
          <error type="Error">Tests\Feature\Requests\RegisterRequestTest::test_authorization_returns_true
Error: Class "App\Models\User" not found

/www/wwwroot/jobportal.prus.dev/tests/Feature/Requests/RegisterRequestTest.php:29</error>
        </testcase>
        <testcase name="test_validation_rules_are_defined" file="/www/wwwroot/jobportal.prus.dev/tests/Feature/Requests/RegisterRequestTest.php" line="41" class="Tests\Feature\Requests\RegisterRequestTest" classname="Tests.Feature.Requests.RegisterRequestTest" assertions="0" time="0.000000">
          <error type="Error">Tests\Feature\Requests\RegisterRequestTest::test_validation_rules_are_defined
Error: Class "App\Models\User" not found

/www/wwwroot/jobportal.prus.dev/tests/Feature/Requests/RegisterRequestTest.php:29</error>
        </testcase>
        <testcase name="test_validation_messages_are_defined" file="/www/wwwroot/jobportal.prus.dev/tests/Feature/Requests/RegisterRequestTest.php" line="51" class="Tests\Feature\Requests\RegisterRequestTest" classname="Tests.Feature.Requests.RegisterRequestTest" assertions="0" time="0.000000">
          <error type="Error">Tests\Feature\Requests\RegisterRequestTest::test_validation_messages_are_defined
Error: Class "App\Models\User" not found

/www/wwwroot/jobportal.prus.dev/tests/Feature/Requests/RegisterRequestTest.php:29</error>
        </testcase>
        <testcase name="test_validation_attributes_are_defined" file="/www/wwwroot/jobportal.prus.dev/tests/Feature/Requests/RegisterRequestTest.php" line="64" class="Tests\Feature\Requests\RegisterRequestTest" classname="Tests.Feature.Requests.RegisterRequestTest" assertions="0" time="0.000000">
          <error type="Error">Tests\Feature\Requests\RegisterRequestTest::test_validation_attributes_are_defined
Error: Class "App\Models\User" not found

/www/wwwroot/jobportal.prus.dev/tests/Feature/Requests/RegisterRequestTest.php:29</error>
        </testcase>
        <testcase name="test_first_name_validation" file="/www/wwwroot/jobportal.prus.dev/tests/Feature/Requests/RegisterRequestTest.php" line="77" class="Tests\Feature\Requests\RegisterRequestTest" classname="Tests.Feature.Requests.RegisterRequestTest" assertions="0" time="0.000000">
          <error type="Error">Tests\Feature\Requests\RegisterRequestTest::test_first_name_validation
Error: Class "App\Models\User" not found

/www/wwwroot/jobportal.prus.dev/tests/Feature/Requests/RegisterRequestTest.php:29</error>
        </testcase>
        <testcase name="test_required_validation" file="/www/wwwroot/jobportal.prus.dev/tests/Feature/Requests/RegisterRequestTest.php" line="90" class="Tests\Feature\Requests\RegisterRequestTest" classname="Tests.Feature.Requests.RegisterRequestTest" assertions="0" time="0.000000">
          <error type="Error">Tests\Feature\Requests\RegisterRequestTest::test_required_validation
Error: Class "App\Models\User" not found

/www/wwwroot/jobportal.prus.dev/tests/Feature/Requests/RegisterRequestTest.php:29</error>
        </testcase>
        <testcase name="test_string_validation" file="/www/wwwroot/jobportal.prus.dev/tests/Feature/Requests/RegisterRequestTest.php" line="103" class="Tests\Feature\Requests\RegisterRequestTest" classname="Tests.Feature.Requests.RegisterRequestTest" assertions="0" time="0.000000">
          <error type="Error">Tests\Feature\Requests\RegisterRequestTest::test_string_validation
Error: Class "App\Models\User" not found

/www/wwwroot/jobportal.prus.dev/tests/Feature/Requests/RegisterRequestTest.php:29</error>
        </testcase>
        <testcase name="test_last_name_validation" file="/www/wwwroot/jobportal.prus.dev/tests/Feature/Requests/RegisterRequestTest.php" line="116" class="Tests\Feature\Requests\RegisterRequestTest" classname="Tests.Feature.Requests.RegisterRequestTest" assertions="0" time="0.000000">
          <error type="Error">Tests\Feature\Requests\RegisterRequestTest::test_last_name_validation
Error: Class "App\Models\User" not found

/www/wwwroot/jobportal.prus.dev/tests/Feature/Requests/RegisterRequestTest.php:29</error>
        </testcase>
        <testcase name="test_email_validation" file="/www/wwwroot/jobportal.prus.dev/tests/Feature/Requests/RegisterRequestTest.php" line="129" class="Tests\Feature\Requests\RegisterRequestTest" classname="Tests.Feature.Requests.RegisterRequestTest" assertions="0" time="0.000000">
          <error type="Error">Tests\Feature\Requests\RegisterRequestTest::test_email_validation
Error: Class "App\Models\User" not found

/www/wwwroot/jobportal.prus.dev/tests/Feature/Requests/RegisterRequestTest.php:29</error>
        </testcase>
        <testcase name="test_password_validation" file="/www/wwwroot/jobportal.prus.dev/tests/Feature/Requests/RegisterRequestTest.php" line="142" class="Tests\Feature\Requests\RegisterRequestTest" classname="Tests.Feature.Requests.RegisterRequestTest" assertions="0" time="0.000000">
          <error type="Error">Tests\Feature\Requests\RegisterRequestTest::test_password_validation
Error: Class "App\Models\User" not found

/www/wwwroot/jobportal.prus.dev/tests/Feature/Requests/RegisterRequestTest.php:29</error>
        </testcase>
        <testcase name="test_confirmed_validation" file="/www/wwwroot/jobportal.prus.dev/tests/Feature/Requests/RegisterRequestTest.php" line="155" class="Tests\Feature\Requests\RegisterRequestTest" classname="Tests.Feature.Requests.RegisterRequestTest" assertions="0" time="0.000000">
          <error type="Error">Tests\Feature\Requests\RegisterRequestTest::test_confirmed_validation
Error: Class "App\Models\User" not found

/www/wwwroot/jobportal.prus.dev/tests/Feature/Requests/RegisterRequestTest.php:29</error>
        </testcase>
        <testcase name="test_security_authentication_password_min_length_validation" file="/www/wwwroot/jobportal.prus.dev/tests/Feature/Requests/RegisterRequestTest.php" line="168" class="Tests\Feature\Requests\RegisterRequestTest" classname="Tests.Feature.Requests.RegisterRequestTest" assertions="0" time="0.000000">
          <error type="Error">Tests\Feature\Requests\RegisterRequestTest::test_security_authentication_password_min_length_validation
Error: Class "App\Models\User" not found

/www/wwwroot/jobportal.prus.dev/tests/Feature/Requests/RegisterRequestTest.php:29</error>
        </testcase>
        <testcase name="test_phone_validation" file="/www/wwwroot/jobportal.prus.dev/tests/Feature/Requests/RegisterRequestTest.php" line="181" class="Tests\Feature\Requests\RegisterRequestTest" classname="Tests.Feature.Requests.RegisterRequestTest" assertions="0" time="0.000000">
          <error type="Error">Tests\Feature\Requests\RegisterRequestTest::test_phone_validation
Error: Class "App\Models\User" not found

/www/wwwroot/jobportal.prus.dev/tests/Feature/Requests/RegisterRequestTest.php:29</error>
        </testcase>
        <testcase name="test_nullable_validation" file="/www/wwwroot/jobportal.prus.dev/tests/Feature/Requests/RegisterRequestTest.php" line="194" class="Tests\Feature\Requests\RegisterRequestTest" classname="Tests.Feature.Requests.RegisterRequestTest" assertions="0" time="0.000000">
          <error type="Error">Tests\Feature\Requests\RegisterRequestTest::test_nullable_validation
Error: Class "App\Models\User" not found

/www/wwwroot/jobportal.prus.dev/tests/Feature/Requests/RegisterRequestTest.php:29</error>
        </testcase>
        <testcase name="test_terms_validation" file="/www/wwwroot/jobportal.prus.dev/tests/Feature/Requests/RegisterRequestTest.php" line="207" class="Tests\Feature\Requests\RegisterRequestTest" classname="Tests.Feature.Requests.RegisterRequestTest" assertions="0" time="0.000000">
          <error type="Error">Tests\Feature\Requests\RegisterRequestTest::test_terms_validation
Error: Class "App\Models\User" not found

/www/wwwroot/jobportal.prus.dev/tests/Feature/Requests/RegisterRequestTest.php:29</error>
        </testcase>
        <testcase name="test_accepted_validation" file="/www/wwwroot/jobportal.prus.dev/tests/Feature/Requests/RegisterRequestTest.php" line="220" class="Tests\Feature\Requests\RegisterRequestTest" classname="Tests.Feature.Requests.RegisterRequestTest" assertions="0" time="0.000000">
          <error type="Error">Tests\Feature\Requests\RegisterRequestTest::test_accepted_validation
Error: Class "App\Models\User" not found

/www/wwwroot/jobportal.prus.dev/tests/Feature/Requests/RegisterRequestTest.php:29</error>
        </testcase>
        <testcase name="test_valid_data_passes_validation" file="/www/wwwroot/jobportal.prus.dev/tests/Feature/Requests/RegisterRequestTest.php" line="233" class="Tests\Feature\Requests\RegisterRequestTest" classname="Tests.Feature.Requests.RegisterRequestTest" assertions="0" time="0.000000">
          <error type="Error">Tests\Feature\Requests\RegisterRequestTest::test_valid_data_passes_validation
Error: Class "App\Models\User" not found

/www/wwwroot/jobportal.prus.dev/tests/Feature/Requests/RegisterRequestTest.php:29</error>
        </testcase>
        <testcase name="test_request_handles_empty_data_correctly" file="/www/wwwroot/jobportal.prus.dev/tests/Feature/Requests/RegisterRequestTest.php" line="257" class="Tests\Feature\Requests\RegisterRequestTest" classname="Tests.Feature.Requests.RegisterRequestTest" assertions="0" time="0.000000">
          <error type="Error">Tests\Feature\Requests\RegisterRequestTest::test_request_handles_empty_data_correctly
Error: Class "App\Models\User" not found

/www/wwwroot/jobportal.prus.dev/tests/Feature/Requests/RegisterRequestTest.php:29</error>
        </testcase>
        <testcase name="test_security_validation_prevents_xss" file="/www/wwwroot/jobportal.prus.dev/tests/Feature/Requests/RegisterRequestTest.php" line="269" class="Tests\Feature\Requests\RegisterRequestTest" classname="Tests.Feature.Requests.RegisterRequestTest" assertions="0" time="0.000000">
          <error type="Error">Tests\Feature\Requests\RegisterRequestTest::test_security_validation_prevents_xss
Error: Class "App\Models\User" not found

/www/wwwroot/jobportal.prus.dev/tests/Feature/Requests/RegisterRequestTest.php:29</error>
        </testcase>
        <testcase name="test_sql_injection_prevention" file="/www/wwwroot/jobportal.prus.dev/tests/Feature/Requests/RegisterRequestTest.php" line="292" class="Tests\Feature\Requests\RegisterRequestTest" classname="Tests.Feature.Requests.RegisterRequestTest" assertions="0" time="0.000000">
          <error type="Error">Tests\Feature\Requests\RegisterRequestTest::test_sql_injection_prevention
Error: Class "App\Models\User" not found

/www/wwwroot/jobportal.prus.dev/tests/Feature/Requests/RegisterRequestTest.php:29</error>
        </testcase>
      </testsuite>
      <testsuite name="Tests\Feature\Requests\ResetPasswordRequestTest" file="/www/wwwroot/jobportal.prus.dev/tests/Feature/Requests/ResetPasswordRequestTest.php" tests="11" assertions="0" errors="11" failures="0" skipped="0" time="0.000000">
        <testcase name="test_authorization_returns_true" file="/www/wwwroot/jobportal.prus.dev/tests/Feature/Requests/ResetPasswordRequestTest.php" line="33" class="Tests\Feature\Requests\ResetPasswordRequestTest" classname="Tests.Feature.Requests.ResetPasswordRequestTest" assertions="0" time="0.000000">
          <error type="Error">Tests\Feature\Requests\ResetPasswordRequestTest::test_authorization_returns_true
Error: Class "App\Models\User" not found

/www/wwwroot/jobportal.prus.dev/tests/Feature/Requests/ResetPasswordRequestTest.php:29</error>
        </testcase>
        <testcase name="test_validation_rules_are_defined" file="/www/wwwroot/jobportal.prus.dev/tests/Feature/Requests/ResetPasswordRequestTest.php" line="41" class="Tests\Feature\Requests\ResetPasswordRequestTest" classname="Tests.Feature.Requests.ResetPasswordRequestTest" assertions="0" time="0.000000">
          <error type="Error">Tests\Feature\Requests\ResetPasswordRequestTest::test_validation_rules_are_defined
Error: Class "App\Models\User" not found

/www/wwwroot/jobportal.prus.dev/tests/Feature/Requests/ResetPasswordRequestTest.php:29</error>
        </testcase>
        <testcase name="test_validation_messages_are_defined" file="/www/wwwroot/jobportal.prus.dev/tests/Feature/Requests/ResetPasswordRequestTest.php" line="51" class="Tests\Feature\Requests\ResetPasswordRequestTest" classname="Tests.Feature.Requests.ResetPasswordRequestTest" assertions="0" time="0.000000">
          <error type="Error">Tests\Feature\Requests\ResetPasswordRequestTest::test_validation_messages_are_defined
Error: Class "App\Models\User" not found

/www/wwwroot/jobportal.prus.dev/tests/Feature/Requests/ResetPasswordRequestTest.php:29</error>
        </testcase>
        <testcase name="test_validation_attributes_are_defined" file="/www/wwwroot/jobportal.prus.dev/tests/Feature/Requests/ResetPasswordRequestTest.php" line="64" class="Tests\Feature\Requests\ResetPasswordRequestTest" classname="Tests.Feature.Requests.ResetPasswordRequestTest" assertions="0" time="0.000000">
          <error type="Error">Tests\Feature\Requests\ResetPasswordRequestTest::test_validation_attributes_are_defined
Error: Class "App\Models\User" not found

/www/wwwroot/jobportal.prus.dev/tests/Feature/Requests/ResetPasswordRequestTest.php:29</error>
        </testcase>
        <testcase name="test_token_validation" file="/www/wwwroot/jobportal.prus.dev/tests/Feature/Requests/ResetPasswordRequestTest.php" line="77" class="Tests\Feature\Requests\ResetPasswordRequestTest" classname="Tests.Feature.Requests.ResetPasswordRequestTest" assertions="0" time="0.000000">
          <error type="Error">Tests\Feature\Requests\ResetPasswordRequestTest::test_token_validation
Error: Class "App\Models\User" not found

/www/wwwroot/jobportal.prus.dev/tests/Feature/Requests/ResetPasswordRequestTest.php:29</error>
        </testcase>
        <testcase name="test_email_validation" file="/www/wwwroot/jobportal.prus.dev/tests/Feature/Requests/ResetPasswordRequestTest.php" line="90" class="Tests\Feature\Requests\ResetPasswordRequestTest" classname="Tests.Feature.Requests.ResetPasswordRequestTest" assertions="0" time="0.000000">
          <error type="Error">Tests\Feature\Requests\ResetPasswordRequestTest::test_email_validation
Error: Class "App\Models\User" not found

/www/wwwroot/jobportal.prus.dev/tests/Feature/Requests/ResetPasswordRequestTest.php:29</error>
        </testcase>
        <testcase name="test_password_validation" file="/www/wwwroot/jobportal.prus.dev/tests/Feature/Requests/ResetPasswordRequestTest.php" line="103" class="Tests\Feature\Requests\ResetPasswordRequestTest" classname="Tests.Feature.Requests.ResetPasswordRequestTest" assertions="0" time="0.000000">
          <error type="Error">Tests\Feature\Requests\ResetPasswordRequestTest::test_password_validation
Error: Class "App\Models\User" not found

/www/wwwroot/jobportal.prus.dev/tests/Feature/Requests/ResetPasswordRequestTest.php:29</error>
        </testcase>
        <testcase name="test_valid_data_passes_validation" file="/www/wwwroot/jobportal.prus.dev/tests/Feature/Requests/ResetPasswordRequestTest.php" line="116" class="Tests\Feature\Requests\ResetPasswordRequestTest" classname="Tests.Feature.Requests.ResetPasswordRequestTest" assertions="0" time="0.000000">
          <error type="Error">Tests\Feature\Requests\ResetPasswordRequestTest::test_valid_data_passes_validation
Error: Class "App\Models\User" not found

/www/wwwroot/jobportal.prus.dev/tests/Feature/Requests/ResetPasswordRequestTest.php:29</error>
        </testcase>
        <testcase name="test_request_handles_empty_data_correctly" file="/www/wwwroot/jobportal.prus.dev/tests/Feature/Requests/ResetPasswordRequestTest.php" line="131" class="Tests\Feature\Requests\ResetPasswordRequestTest" classname="Tests.Feature.Requests.ResetPasswordRequestTest" assertions="0" time="0.000000">
          <error type="Error">Tests\Feature\Requests\ResetPasswordRequestTest::test_request_handles_empty_data_correctly
Error: Class "App\Models\User" not found

/www/wwwroot/jobportal.prus.dev/tests/Feature/Requests/ResetPasswordRequestTest.php:29</error>
        </testcase>
        <testcase name="test_security_validation_prevents_xss" file="/www/wwwroot/jobportal.prus.dev/tests/Feature/Requests/ResetPasswordRequestTest.php" line="143" class="Tests\Feature\Requests\ResetPasswordRequestTest" classname="Tests.Feature.Requests.ResetPasswordRequestTest" assertions="0" time="0.000000">
          <error type="Error">Tests\Feature\Requests\ResetPasswordRequestTest::test_security_validation_prevents_xss
Error: Class "App\Models\User" not found

/www/wwwroot/jobportal.prus.dev/tests/Feature/Requests/ResetPasswordRequestTest.php:29</error>
        </testcase>
        <testcase name="test_sql_injection_prevention" file="/www/wwwroot/jobportal.prus.dev/tests/Feature/Requests/ResetPasswordRequestTest.php" line="166" class="Tests\Feature\Requests\ResetPasswordRequestTest" classname="Tests.Feature.Requests.ResetPasswordRequestTest" assertions="0" time="0.000000">
          <error type="Error">Tests\Feature\Requests\ResetPasswordRequestTest::test_sql_injection_prevention
Error: Class "App\Models\User" not found

/www/wwwroot/jobportal.prus.dev/tests/Feature/Requests/ResetPasswordRequestTest.php:29</error>
        </testcase>
      </testsuite>
      <testsuite name="Tests\Feature\Requests\StoreAdminRequestTest" file="/www/wwwroot/jobportal.prus.dev/tests/Feature/Requests/StoreAdminRequestTest.php" tests="15" assertions="0" errors="15" failures="0" skipped="0" time="0.000000">
        <testcase name="test_authorization_returns_true" file="/www/wwwroot/jobportal.prus.dev/tests/Feature/Requests/StoreAdminRequestTest.php" line="33" class="Tests\Feature\Requests\StoreAdminRequestTest" classname="Tests.Feature.Requests.StoreAdminRequestTest" assertions="0" time="0.000000">
          <error type="Error">Tests\Feature\Requests\StoreAdminRequestTest::test_authorization_returns_true
Error: Class "App\Models\User" not found

/www/wwwroot/jobportal.prus.dev/tests/Feature/Requests/StoreAdminRequestTest.php:29</error>
        </testcase>
        <testcase name="test_validation_rules_are_defined" file="/www/wwwroot/jobportal.prus.dev/tests/Feature/Requests/StoreAdminRequestTest.php" line="41" class="Tests\Feature\Requests\StoreAdminRequestTest" classname="Tests.Feature.Requests.StoreAdminRequestTest" assertions="0" time="0.000000">
          <error type="Error">Tests\Feature\Requests\StoreAdminRequestTest::test_validation_rules_are_defined
Error: Class "App\Models\User" not found

/www/wwwroot/jobportal.prus.dev/tests/Feature/Requests/StoreAdminRequestTest.php:29</error>
        </testcase>
        <testcase name="test_validation_messages_are_defined" file="/www/wwwroot/jobportal.prus.dev/tests/Feature/Requests/StoreAdminRequestTest.php" line="51" class="Tests\Feature\Requests\StoreAdminRequestTest" classname="Tests.Feature.Requests.StoreAdminRequestTest" assertions="0" time="0.000000">
          <error type="Error">Tests\Feature\Requests\StoreAdminRequestTest::test_validation_messages_are_defined
Error: Class "App\Models\User" not found

/www/wwwroot/jobportal.prus.dev/tests/Feature/Requests/StoreAdminRequestTest.php:29</error>
        </testcase>
        <testcase name="test_validation_attributes_are_defined" file="/www/wwwroot/jobportal.prus.dev/tests/Feature/Requests/StoreAdminRequestTest.php" line="64" class="Tests\Feature\Requests\StoreAdminRequestTest" classname="Tests.Feature.Requests.StoreAdminRequestTest" assertions="0" time="0.000000">
          <error type="Error">Tests\Feature\Requests\StoreAdminRequestTest::test_validation_attributes_are_defined
Error: Class "App\Models\User" not found

/www/wwwroot/jobportal.prus.dev/tests/Feature/Requests/StoreAdminRequestTest.php:29</error>
        </testcase>
        <testcase name="test_first_name_validation" file="/www/wwwroot/jobportal.prus.dev/tests/Feature/Requests/StoreAdminRequestTest.php" line="77" class="Tests\Feature\Requests\StoreAdminRequestTest" classname="Tests.Feature.Requests.StoreAdminRequestTest" assertions="0" time="0.000000">
          <error type="Error">Tests\Feature\Requests\StoreAdminRequestTest::test_first_name_validation
Error: Class "App\Models\User" not found

/www/wwwroot/jobportal.prus.dev/tests/Feature/Requests/StoreAdminRequestTest.php:29</error>
        </testcase>
        <testcase name="test_last_name_validation" file="/www/wwwroot/jobportal.prus.dev/tests/Feature/Requests/StoreAdminRequestTest.php" line="90" class="Tests\Feature\Requests\StoreAdminRequestTest" classname="Tests.Feature.Requests.StoreAdminRequestTest" assertions="0" time="0.000000">
          <error type="Error">Tests\Feature\Requests\StoreAdminRequestTest::test_last_name_validation
Error: Class "App\Models\User" not found

/www/wwwroot/jobportal.prus.dev/tests/Feature/Requests/StoreAdminRequestTest.php:29</error>
        </testcase>
        <testcase name="test_email_validation" file="/www/wwwroot/jobportal.prus.dev/tests/Feature/Requests/StoreAdminRequestTest.php" line="103" class="Tests\Feature\Requests\StoreAdminRequestTest" classname="Tests.Feature.Requests.StoreAdminRequestTest" assertions="0" time="0.000000">
          <error type="Error">Tests\Feature\Requests\StoreAdminRequestTest::test_email_validation
Error: Class "App\Models\User" not found

/www/wwwroot/jobportal.prus.dev/tests/Feature/Requests/StoreAdminRequestTest.php:29</error>
        </testcase>
        <testcase name="test_password_validation" file="/www/wwwroot/jobportal.prus.dev/tests/Feature/Requests/StoreAdminRequestTest.php" line="116" class="Tests\Feature\Requests\StoreAdminRequestTest" classname="Tests.Feature.Requests.StoreAdminRequestTest" assertions="0" time="0.000000">
          <error type="Error">Tests\Feature\Requests\StoreAdminRequestTest::test_password_validation
Error: Class "App\Models\User" not found

/www/wwwroot/jobportal.prus.dev/tests/Feature/Requests/StoreAdminRequestTest.php:29</error>
        </testcase>
        <testcase name="test_phone_validation" file="/www/wwwroot/jobportal.prus.dev/tests/Feature/Requests/StoreAdminRequestTest.php" line="129" class="Tests\Feature\Requests\StoreAdminRequestTest" classname="Tests.Feature.Requests.StoreAdminRequestTest" assertions="0" time="0.000000">
          <error type="Error">Tests\Feature\Requests\StoreAdminRequestTest::test_phone_validation
Error: Class "App\Models\User" not found

/www/wwwroot/jobportal.prus.dev/tests/Feature/Requests/StoreAdminRequestTest.php:29</error>
        </testcase>
        <testcase name="test_is_active_validation" file="/www/wwwroot/jobportal.prus.dev/tests/Feature/Requests/StoreAdminRequestTest.php" line="142" class="Tests\Feature\Requests\StoreAdminRequestTest" classname="Tests.Feature.Requests.StoreAdminRequestTest" assertions="0" time="0.000000">
          <error type="Error">Tests\Feature\Requests\StoreAdminRequestTest::test_is_active_validation
Error: Class "App\Models\User" not found

/www/wwwroot/jobportal.prus.dev/tests/Feature/Requests/StoreAdminRequestTest.php:29</error>
        </testcase>
        <testcase name="test_boolean_validation" file="/www/wwwroot/jobportal.prus.dev/tests/Feature/Requests/StoreAdminRequestTest.php" line="155" class="Tests\Feature\Requests\StoreAdminRequestTest" classname="Tests.Feature.Requests.StoreAdminRequestTest" assertions="0" time="0.000000">
          <error type="Error">Tests\Feature\Requests\StoreAdminRequestTest::test_boolean_validation
Error: Class "App\Models\User" not found

/www/wwwroot/jobportal.prus.dev/tests/Feature/Requests/StoreAdminRequestTest.php:29</error>
        </testcase>
        <testcase name="test_valid_data_passes_validation" file="/www/wwwroot/jobportal.prus.dev/tests/Feature/Requests/StoreAdminRequestTest.php" line="168" class="Tests\Feature\Requests\StoreAdminRequestTest" classname="Tests.Feature.Requests.StoreAdminRequestTest" assertions="0" time="0.000000">
          <error type="Error">Tests\Feature\Requests\StoreAdminRequestTest::test_valid_data_passes_validation
Error: Class "App\Models\User" not found

/www/wwwroot/jobportal.prus.dev/tests/Feature/Requests/StoreAdminRequestTest.php:29</error>
        </testcase>
        <testcase name="test_request_handles_empty_data_correctly" file="/www/wwwroot/jobportal.prus.dev/tests/Feature/Requests/StoreAdminRequestTest.php" line="187" class="Tests\Feature\Requests\StoreAdminRequestTest" classname="Tests.Feature.Requests.StoreAdminRequestTest" assertions="0" time="0.000000">
          <error type="Error">Tests\Feature\Requests\StoreAdminRequestTest::test_request_handles_empty_data_correctly
Error: Class "App\Models\User" not found

/www/wwwroot/jobportal.prus.dev/tests/Feature/Requests/StoreAdminRequestTest.php:29</error>
        </testcase>
        <testcase name="test_security_validation_prevents_xss" file="/www/wwwroot/jobportal.prus.dev/tests/Feature/Requests/StoreAdminRequestTest.php" line="199" class="Tests\Feature\Requests\StoreAdminRequestTest" classname="Tests.Feature.Requests.StoreAdminRequestTest" assertions="0" time="0.000000">
          <error type="Error">Tests\Feature\Requests\StoreAdminRequestTest::test_security_validation_prevents_xss
Error: Class "App\Models\User" not found

/www/wwwroot/jobportal.prus.dev/tests/Feature/Requests/StoreAdminRequestTest.php:29</error>
        </testcase>
        <testcase name="test_sql_injection_prevention" file="/www/wwwroot/jobportal.prus.dev/tests/Feature/Requests/StoreAdminRequestTest.php" line="222" class="Tests\Feature\Requests\StoreAdminRequestTest" classname="Tests.Feature.Requests.StoreAdminRequestTest" assertions="0" time="0.000000">
          <error type="Error">Tests\Feature\Requests\StoreAdminRequestTest::test_sql_injection_prevention
Error: Class "App\Models\User" not found

/www/wwwroot/jobportal.prus.dev/tests/Feature/Requests/StoreAdminRequestTest.php:29</error>
        </testcase>
      </testsuite>
      <testsuite name="Tests\Feature\Requests\StoreCandidateRequestTest" file="/www/wwwroot/jobportal.prus.dev/tests/Feature/Requests/StoreCandidateRequestTest.php" tests="22" assertions="0" errors="22" failures="0" skipped="0" time="0.000000">
        <testcase name="test_authorization_returns_true" file="/www/wwwroot/jobportal.prus.dev/tests/Feature/Requests/StoreCandidateRequestTest.php" line="33" class="Tests\Feature\Requests\StoreCandidateRequestTest" classname="Tests.Feature.Requests.StoreCandidateRequestTest" assertions="0" time="0.000000">
          <error type="Error">Tests\Feature\Requests\StoreCandidateRequestTest::test_authorization_returns_true
Error: Class "App\Models\User" not found

/www/wwwroot/jobportal.prus.dev/tests/Feature/Requests/StoreCandidateRequestTest.php:29</error>
        </testcase>
        <testcase name="test_validation_rules_are_defined" file="/www/wwwroot/jobportal.prus.dev/tests/Feature/Requests/StoreCandidateRequestTest.php" line="41" class="Tests\Feature\Requests\StoreCandidateRequestTest" classname="Tests.Feature.Requests.StoreCandidateRequestTest" assertions="0" time="0.000000">
          <error type="Error">Tests\Feature\Requests\StoreCandidateRequestTest::test_validation_rules_are_defined
Error: Class "App\Models\User" not found

/www/wwwroot/jobportal.prus.dev/tests/Feature/Requests/StoreCandidateRequestTest.php:29</error>
        </testcase>
        <testcase name="test_validation_messages_are_defined" file="/www/wwwroot/jobportal.prus.dev/tests/Feature/Requests/StoreCandidateRequestTest.php" line="51" class="Tests\Feature\Requests\StoreCandidateRequestTest" classname="Tests.Feature.Requests.StoreCandidateRequestTest" assertions="0" time="0.000000">
          <error type="Error">Tests\Feature\Requests\StoreCandidateRequestTest::test_validation_messages_are_defined
Error: Class "App\Models\User" not found

/www/wwwroot/jobportal.prus.dev/tests/Feature/Requests/StoreCandidateRequestTest.php:29</error>
        </testcase>
        <testcase name="test_validation_attributes_are_defined" file="/www/wwwroot/jobportal.prus.dev/tests/Feature/Requests/StoreCandidateRequestTest.php" line="64" class="Tests\Feature\Requests\StoreCandidateRequestTest" classname="Tests.Feature.Requests.StoreCandidateRequestTest" assertions="0" time="0.000000">
          <error type="Error">Tests\Feature\Requests\StoreCandidateRequestTest::test_validation_attributes_are_defined
Error: Class "App\Models\User" not found

/www/wwwroot/jobportal.prus.dev/tests/Feature/Requests/StoreCandidateRequestTest.php:29</error>
        </testcase>
        <testcase name="test_user_first_name_validation" file="/www/wwwroot/jobportal.prus.dev/tests/Feature/Requests/StoreCandidateRequestTest.php" line="77" class="Tests\Feature\Requests\StoreCandidateRequestTest" classname="Tests.Feature.Requests.StoreCandidateRequestTest" assertions="0" time="0.000000">
          <error type="Error">Tests\Feature\Requests\StoreCandidateRequestTest::test_user_first_name_validation
Error: Class "App\Models\User" not found

/www/wwwroot/jobportal.prus.dev/tests/Feature/Requests/StoreCandidateRequestTest.php:29</error>
        </testcase>
        <testcase name="test_user_last_name_validation" file="/www/wwwroot/jobportal.prus.dev/tests/Feature/Requests/StoreCandidateRequestTest.php" line="90" class="Tests\Feature\Requests\StoreCandidateRequestTest" classname="Tests.Feature.Requests.StoreCandidateRequestTest" assertions="0" time="0.000000">
          <error type="Error">Tests\Feature\Requests\StoreCandidateRequestTest::test_user_last_name_validation
Error: Class "App\Models\User" not found

/www/wwwroot/jobportal.prus.dev/tests/Feature/Requests/StoreCandidateRequestTest.php:29</error>
        </testcase>
        <testcase name="test_user_email_validation" file="/www/wwwroot/jobportal.prus.dev/tests/Feature/Requests/StoreCandidateRequestTest.php" line="103" class="Tests\Feature\Requests\StoreCandidateRequestTest" classname="Tests.Feature.Requests.StoreCandidateRequestTest" assertions="0" time="0.000000">
          <error type="Error">Tests\Feature\Requests\StoreCandidateRequestTest::test_user_email_validation
Error: Class "App\Models\User" not found

/www/wwwroot/jobportal.prus.dev/tests/Feature/Requests/StoreCandidateRequestTest.php:29</error>
        </testcase>
        <testcase name="test_user_password_validation" file="/www/wwwroot/jobportal.prus.dev/tests/Feature/Requests/StoreCandidateRequestTest.php" line="116" class="Tests\Feature\Requests\StoreCandidateRequestTest" classname="Tests.Feature.Requests.StoreCandidateRequestTest" assertions="0" time="0.000000">
          <error type="Error">Tests\Feature\Requests\StoreCandidateRequestTest::test_user_password_validation
Error: Class "App\Models\User" not found

/www/wwwroot/jobportal.prus.dev/tests/Feature/Requests/StoreCandidateRequestTest.php:29</error>
        </testcase>
        <testcase name="test_user_phone_validation" file="/www/wwwroot/jobportal.prus.dev/tests/Feature/Requests/StoreCandidateRequestTest.php" line="129" class="Tests\Feature\Requests\StoreCandidateRequestTest" classname="Tests.Feature.Requests.StoreCandidateRequestTest" assertions="0" time="0.000000">
          <error type="Error">Tests\Feature\Requests\StoreCandidateRequestTest::test_user_phone_validation
Error: Class "App\Models\User" not found

/www/wwwroot/jobportal.prus.dev/tests/Feature/Requests/StoreCandidateRequestTest.php:29</error>
        </testcase>
        <testcase name="test_user_dob_validation" file="/www/wwwroot/jobportal.prus.dev/tests/Feature/Requests/StoreCandidateRequestTest.php" line="142" class="Tests\Feature\Requests\StoreCandidateRequestTest" classname="Tests.Feature.Requests.StoreCandidateRequestTest" assertions="0" time="0.000000">
          <error type="Error">Tests\Feature\Requests\StoreCandidateRequestTest::test_user_dob_validation
Error: Class "App\Models\User" not found

/www/wwwroot/jobportal.prus.dev/tests/Feature/Requests/StoreCandidateRequestTest.php:29</error>
        </testcase>
        <testcase name="test_marital_status_id_validation" file="/www/wwwroot/jobportal.prus.dev/tests/Feature/Requests/StoreCandidateRequestTest.php" line="155" class="Tests\Feature\Requests\StoreCandidateRequestTest" classname="Tests.Feature.Requests.StoreCandidateRequestTest" assertions="0" time="0.000000">
          <error type="Error">Tests\Feature\Requests\StoreCandidateRequestTest::test_marital_status_id_validation
Error: Class "App\Models\User" not found

/www/wwwroot/jobportal.prus.dev/tests/Feature/Requests/StoreCandidateRequestTest.php:29</error>
        </testcase>
        <testcase name="test_nationality_validation" file="/www/wwwroot/jobportal.prus.dev/tests/Feature/Requests/StoreCandidateRequestTest.php" line="168" class="Tests\Feature\Requests\StoreCandidateRequestTest" classname="Tests.Feature.Requests.StoreCandidateRequestTest" assertions="0" time="0.000000">
          <error type="Error">Tests\Feature\Requests\StoreCandidateRequestTest::test_nationality_validation
Error: Class "App\Models\User" not found

/www/wwwroot/jobportal.prus.dev/tests/Feature/Requests/StoreCandidateRequestTest.php:29</error>
        </testcase>
        <testcase name="test_country_id_validation" file="/www/wwwroot/jobportal.prus.dev/tests/Feature/Requests/StoreCandidateRequestTest.php" line="181" class="Tests\Feature\Requests\StoreCandidateRequestTest" classname="Tests.Feature.Requests.StoreCandidateRequestTest" assertions="0" time="0.000000">
          <error type="Error">Tests\Feature\Requests\StoreCandidateRequestTest::test_country_id_validation
Error: Class "App\Models\User" not found

/www/wwwroot/jobportal.prus.dev/tests/Feature/Requests/StoreCandidateRequestTest.php:29</error>
        </testcase>
        <testcase name="test_state_id_validation" file="/www/wwwroot/jobportal.prus.dev/tests/Feature/Requests/StoreCandidateRequestTest.php" line="194" class="Tests\Feature\Requests\StoreCandidateRequestTest" classname="Tests.Feature.Requests.StoreCandidateRequestTest" assertions="0" time="0.000000">
          <error type="Error">Tests\Feature\Requests\StoreCandidateRequestTest::test_state_id_validation
Error: Class "App\Models\User" not found

/www/wwwroot/jobportal.prus.dev/tests/Feature/Requests/StoreCandidateRequestTest.php:29</error>
        </testcase>
        <testcase name="test_city_id_validation" file="/www/wwwroot/jobportal.prus.dev/tests/Feature/Requests/StoreCandidateRequestTest.php" line="207" class="Tests\Feature\Requests\StoreCandidateRequestTest" classname="Tests.Feature.Requests.StoreCandidateRequestTest" assertions="0" time="0.000000">
          <error type="Error">Tests\Feature\Requests\StoreCandidateRequestTest::test_city_id_validation
Error: Class "App\Models\User" not found

/www/wwwroot/jobportal.prus.dev/tests/Feature/Requests/StoreCandidateRequestTest.php:29</error>
        </testcase>
        <testcase name="test_is_active_validation" file="/www/wwwroot/jobportal.prus.dev/tests/Feature/Requests/StoreCandidateRequestTest.php" line="220" class="Tests\Feature\Requests\StoreCandidateRequestTest" classname="Tests.Feature.Requests.StoreCandidateRequestTest" assertions="0" time="0.000000">
          <error type="Error">Tests\Feature\Requests\StoreCandidateRequestTest::test_is_active_validation
Error: Class "App\Models\User" not found

/www/wwwroot/jobportal.prus.dev/tests/Feature/Requests/StoreCandidateRequestTest.php:29</error>
        </testcase>
        <testcase name="test_boolean_validation" file="/www/wwwroot/jobportal.prus.dev/tests/Feature/Requests/StoreCandidateRequestTest.php" line="233" class="Tests\Feature\Requests\StoreCandidateRequestTest" classname="Tests.Feature.Requests.StoreCandidateRequestTest" assertions="0" time="0.000000">
          <error type="Error">Tests\Feature\Requests\StoreCandidateRequestTest::test_boolean_validation
Error: Class "App\Models\User" not found

/www/wwwroot/jobportal.prus.dev/tests/Feature/Requests/StoreCandidateRequestTest.php:29</error>
        </testcase>
        <testcase name="test_is_verified_validation" file="/www/wwwroot/jobportal.prus.dev/tests/Feature/Requests/StoreCandidateRequestTest.php" line="246" class="Tests\Feature\Requests\StoreCandidateRequestTest" classname="Tests.Feature.Requests.StoreCandidateRequestTest" assertions="0" time="0.000000">
          <error type="Error">Tests\Feature\Requests\StoreCandidateRequestTest::test_is_verified_validation
Error: Class "App\Models\User" not found

/www/wwwroot/jobportal.prus.dev/tests/Feature/Requests/StoreCandidateRequestTest.php:29</error>
        </testcase>
        <testcase name="test_valid_data_passes_validation" file="/www/wwwroot/jobportal.prus.dev/tests/Feature/Requests/StoreCandidateRequestTest.php" line="259" class="Tests\Feature\Requests\StoreCandidateRequestTest" classname="Tests.Feature.Requests.StoreCandidateRequestTest" assertions="0" time="0.000000">
          <error type="Error">Tests\Feature\Requests\StoreCandidateRequestTest::test_valid_data_passes_validation
Error: Class "App\Models\User" not found

/www/wwwroot/jobportal.prus.dev/tests/Feature/Requests/StoreCandidateRequestTest.php:29</error>
        </testcase>
        <testcase name="test_request_handles_empty_data_correctly" file="/www/wwwroot/jobportal.prus.dev/tests/Feature/Requests/StoreCandidateRequestTest.php" line="285" class="Tests\Feature\Requests\StoreCandidateRequestTest" classname="Tests.Feature.Requests.StoreCandidateRequestTest" assertions="0" time="0.000000">
          <error type="Error">Tests\Feature\Requests\StoreCandidateRequestTest::test_request_handles_empty_data_correctly
Error: Class "App\Models\User" not found

/www/wwwroot/jobportal.prus.dev/tests/Feature/Requests/StoreCandidateRequestTest.php:29</error>
        </testcase>
        <testcase name="test_security_validation_prevents_xss" file="/www/wwwroot/jobportal.prus.dev/tests/Feature/Requests/StoreCandidateRequestTest.php" line="297" class="Tests\Feature\Requests\StoreCandidateRequestTest" classname="Tests.Feature.Requests.StoreCandidateRequestTest" assertions="0" time="0.000000">
          <error type="Error">Tests\Feature\Requests\StoreCandidateRequestTest::test_security_validation_prevents_xss
Error: Class "App\Models\User" not found

/www/wwwroot/jobportal.prus.dev/tests/Feature/Requests/StoreCandidateRequestTest.php:29</error>
        </testcase>
        <testcase name="test_sql_injection_prevention" file="/www/wwwroot/jobportal.prus.dev/tests/Feature/Requests/StoreCandidateRequestTest.php" line="320" class="Tests\Feature\Requests\StoreCandidateRequestTest" classname="Tests.Feature.Requests.StoreCandidateRequestTest" assertions="0" time="0.000000">
          <error type="Error">Tests\Feature\Requests\StoreCandidateRequestTest::test_sql_injection_prevention
Error: Class "App\Models\User" not found

/www/wwwroot/jobportal.prus.dev/tests/Feature/Requests/StoreCandidateRequestTest.php:29</error>
        </testcase>
      </testsuite>
      <testsuite name="Tests\Feature\Requests\StoreCategoriesRequestTest" file="/www/wwwroot/jobportal.prus.dev/tests/Feature/Requests/StoreCategoriesRequestTest.php" tests="18" assertions="0" errors="18" failures="0" skipped="0" time="0.000000">
        <testcase name="test_authorization_returns_true" file="/www/wwwroot/jobportal.prus.dev/tests/Feature/Requests/StoreCategoriesRequestTest.php" line="33" class="Tests\Feature\Requests\StoreCategoriesRequestTest" classname="Tests.Feature.Requests.StoreCategoriesRequestTest" assertions="0" time="0.000000">
          <error type="Error">Tests\Feature\Requests\StoreCategoriesRequestTest::test_authorization_returns_true
Error: Class "App\Models\User" not found

/www/wwwroot/jobportal.prus.dev/tests/Feature/Requests/StoreCategoriesRequestTest.php:29</error>
        </testcase>
        <testcase name="test_validation_rules_are_defined" file="/www/wwwroot/jobportal.prus.dev/tests/Feature/Requests/StoreCategoriesRequestTest.php" line="41" class="Tests\Feature\Requests\StoreCategoriesRequestTest" classname="Tests.Feature.Requests.StoreCategoriesRequestTest" assertions="0" time="0.000000">
          <error type="Error">Tests\Feature\Requests\StoreCategoriesRequestTest::test_validation_rules_are_defined
Error: Class "App\Models\User" not found

/www/wwwroot/jobportal.prus.dev/tests/Feature/Requests/StoreCategoriesRequestTest.php:29</error>
        </testcase>
        <testcase name="test_validation_messages_are_defined" file="/www/wwwroot/jobportal.prus.dev/tests/Feature/Requests/StoreCategoriesRequestTest.php" line="51" class="Tests\Feature\Requests\StoreCategoriesRequestTest" classname="Tests.Feature.Requests.StoreCategoriesRequestTest" assertions="0" time="0.000000">
          <error type="Error">Tests\Feature\Requests\StoreCategoriesRequestTest::test_validation_messages_are_defined
Error: Class "App\Models\User" not found

/www/wwwroot/jobportal.prus.dev/tests/Feature/Requests/StoreCategoriesRequestTest.php:29</error>
        </testcase>
        <testcase name="test_validation_attributes_are_defined" file="/www/wwwroot/jobportal.prus.dev/tests/Feature/Requests/StoreCategoriesRequestTest.php" line="64" class="Tests\Feature\Requests\StoreCategoriesRequestTest" classname="Tests.Feature.Requests.StoreCategoriesRequestTest" assertions="0" time="0.000000">
          <error type="Error">Tests\Feature\Requests\StoreCategoriesRequestTest::test_validation_attributes_are_defined
Error: Class "App\Models\User" not found

/www/wwwroot/jobportal.prus.dev/tests/Feature/Requests/StoreCategoriesRequestTest.php:29</error>
        </testcase>
        <testcase name="test_name_validation" file="/www/wwwroot/jobportal.prus.dev/tests/Feature/Requests/StoreCategoriesRequestTest.php" line="77" class="Tests\Feature\Requests\StoreCategoriesRequestTest" classname="Tests.Feature.Requests.StoreCategoriesRequestTest" assertions="0" time="0.000000">
          <error type="Error">Tests\Feature\Requests\StoreCategoriesRequestTest::test_name_validation
Error: Class "App\Models\User" not found

/www/wwwroot/jobportal.prus.dev/tests/Feature/Requests/StoreCategoriesRequestTest.php:29</error>
        </testcase>
        <testcase name="test_required_validation" file="/www/wwwroot/jobportal.prus.dev/tests/Feature/Requests/StoreCategoriesRequestTest.php" line="90" class="Tests\Feature\Requests\StoreCategoriesRequestTest" classname="Tests.Feature.Requests.StoreCategoriesRequestTest" assertions="0" time="0.000000">
          <error type="Error">Tests\Feature\Requests\StoreCategoriesRequestTest::test_required_validation
Error: Class "App\Models\User" not found

/www/wwwroot/jobportal.prus.dev/tests/Feature/Requests/StoreCategoriesRequestTest.php:29</error>
        </testcase>
        <testcase name="test_string_validation" file="/www/wwwroot/jobportal.prus.dev/tests/Feature/Requests/StoreCategoriesRequestTest.php" line="103" class="Tests\Feature\Requests\StoreCategoriesRequestTest" classname="Tests.Feature.Requests.StoreCategoriesRequestTest" assertions="0" time="0.000000">
          <error type="Error">Tests\Feature\Requests\StoreCategoriesRequestTest::test_string_validation
Error: Class "App\Models\User" not found

/www/wwwroot/jobportal.prus.dev/tests/Feature/Requests/StoreCategoriesRequestTest.php:29</error>
        </testcase>
        <testcase name="test_email_validation" file="/www/wwwroot/jobportal.prus.dev/tests/Feature/Requests/StoreCategoriesRequestTest.php" line="116" class="Tests\Feature\Requests\StoreCategoriesRequestTest" classname="Tests.Feature.Requests.StoreCategoriesRequestTest" assertions="0" time="0.000000">
          <error type="Error">Tests\Feature\Requests\StoreCategoriesRequestTest::test_email_validation
Error: Class "App\Models\User" not found

/www/wwwroot/jobportal.prus.dev/tests/Feature/Requests/StoreCategoriesRequestTest.php:29</error>
        </testcase>
        <testcase name="test_nullable_validation" file="/www/wwwroot/jobportal.prus.dev/tests/Feature/Requests/StoreCategoriesRequestTest.php" line="129" class="Tests\Feature\Requests\StoreCategoriesRequestTest" classname="Tests.Feature.Requests.StoreCategoriesRequestTest" assertions="0" time="0.000000">
          <error type="Error">Tests\Feature\Requests\StoreCategoriesRequestTest::test_nullable_validation
Error: Class "App\Models\User" not found

/www/wwwroot/jobportal.prus.dev/tests/Feature/Requests/StoreCategoriesRequestTest.php:29</error>
        </testcase>
        <testcase name="test_description_validation" file="/www/wwwroot/jobportal.prus.dev/tests/Feature/Requests/StoreCategoriesRequestTest.php" line="142" class="Tests\Feature\Requests\StoreCategoriesRequestTest" classname="Tests.Feature.Requests.StoreCategoriesRequestTest" assertions="0" time="0.000000">
          <error type="Error">Tests\Feature\Requests\StoreCategoriesRequestTest::test_description_validation
Error: Class "App\Models\User" not found

/www/wwwroot/jobportal.prus.dev/tests/Feature/Requests/StoreCategoriesRequestTest.php:29</error>
        </testcase>
        <testcase name="test_status_validation" file="/www/wwwroot/jobportal.prus.dev/tests/Feature/Requests/StoreCategoriesRequestTest.php" line="155" class="Tests\Feature\Requests\StoreCategoriesRequestTest" classname="Tests.Feature.Requests.StoreCategoriesRequestTest" assertions="0" time="0.000000">
          <error type="Error">Tests\Feature\Requests\StoreCategoriesRequestTest::test_status_validation
Error: Class "App\Models\User" not found

/www/wwwroot/jobportal.prus.dev/tests/Feature/Requests/StoreCategoriesRequestTest.php:29</error>
        </testcase>
        <testcase name="test_boolean_validation" file="/www/wwwroot/jobportal.prus.dev/tests/Feature/Requests/StoreCategoriesRequestTest.php" line="168" class="Tests\Feature\Requests\StoreCategoriesRequestTest" classname="Tests.Feature.Requests.StoreCategoriesRequestTest" assertions="0" time="0.000000">
          <error type="Error">Tests\Feature\Requests\StoreCategoriesRequestTest::test_boolean_validation
Error: Class "App\Models\User" not found

/www/wwwroot/jobportal.prus.dev/tests/Feature/Requests/StoreCategoriesRequestTest.php:29</error>
        </testcase>
        <testcase name="test_app_recaptcha_enabled_validation" file="/www/wwwroot/jobportal.prus.dev/tests/Feature/Requests/StoreCategoriesRequestTest.php" line="181" class="Tests\Feature\Requests\StoreCategoriesRequestTest" classname="Tests.Feature.Requests.StoreCategoriesRequestTest" assertions="0" time="0.000000">
          <error type="Error">Tests\Feature\Requests\StoreCategoriesRequestTest::test_app_recaptcha_enabled_validation
Error: Class "App\Models\User" not found

/www/wwwroot/jobportal.prus.dev/tests/Feature/Requests/StoreCategoriesRequestTest.php:29</error>
        </testcase>
        <testcase name="test_validation_recaptcha_required_validation" file="/www/wwwroot/jobportal.prus.dev/tests/Feature/Requests/StoreCategoriesRequestTest.php" line="194" class="Tests\Feature\Requests\StoreCategoriesRequestTest" classname="Tests.Feature.Requests.StoreCategoriesRequestTest" assertions="0" time="0.000000">
          <error type="Error">Tests\Feature\Requests\StoreCategoriesRequestTest::test_validation_recaptcha_required_validation
Error: Class "App\Models\User" not found

/www/wwwroot/jobportal.prus.dev/tests/Feature/Requests/StoreCategoriesRequestTest.php:29</error>
        </testcase>
        <testcase name="test_valid_data_passes_validation" file="/www/wwwroot/jobportal.prus.dev/tests/Feature/Requests/StoreCategoriesRequestTest.php" line="207" class="Tests\Feature\Requests\StoreCategoriesRequestTest" classname="Tests.Feature.Requests.StoreCategoriesRequestTest" assertions="0" time="0.000000">
          <error type="Error">Tests\Feature\Requests\StoreCategoriesRequestTest::test_valid_data_passes_validation
Error: Class "App\Models\User" not found

/www/wwwroot/jobportal.prus.dev/tests/Feature/Requests/StoreCategoriesRequestTest.php:29</error>
        </testcase>
        <testcase name="test_request_handles_empty_data_correctly" file="/www/wwwroot/jobportal.prus.dev/tests/Feature/Requests/StoreCategoriesRequestTest.php" line="229" class="Tests\Feature\Requests\StoreCategoriesRequestTest" classname="Tests.Feature.Requests.StoreCategoriesRequestTest" assertions="0" time="0.000000">
          <error type="Error">Tests\Feature\Requests\StoreCategoriesRequestTest::test_request_handles_empty_data_correctly
Error: Class "App\Models\User" not found

/www/wwwroot/jobportal.prus.dev/tests/Feature/Requests/StoreCategoriesRequestTest.php:29</error>
        </testcase>
        <testcase name="test_security_validation_prevents_xss" file="/www/wwwroot/jobportal.prus.dev/tests/Feature/Requests/StoreCategoriesRequestTest.php" line="241" class="Tests\Feature\Requests\StoreCategoriesRequestTest" classname="Tests.Feature.Requests.StoreCategoriesRequestTest" assertions="0" time="0.000000">
          <error type="Error">Tests\Feature\Requests\StoreCategoriesRequestTest::test_security_validation_prevents_xss
Error: Class "App\Models\User" not found

/www/wwwroot/jobportal.prus.dev/tests/Feature/Requests/StoreCategoriesRequestTest.php:29</error>
        </testcase>
        <testcase name="test_sql_injection_prevention" file="/www/wwwroot/jobportal.prus.dev/tests/Feature/Requests/StoreCategoriesRequestTest.php" line="264" class="Tests\Feature\Requests\StoreCategoriesRequestTest" classname="Tests.Feature.Requests.StoreCategoriesRequestTest" assertions="0" time="0.000000">
          <error type="Error">Tests\Feature\Requests\StoreCategoriesRequestTest::test_sql_injection_prevention
Error: Class "App\Models\User" not found

/www/wwwroot/jobportal.prus.dev/tests/Feature/Requests/StoreCategoriesRequestTest.php:29</error>
        </testcase>
      </testsuite>
      <testsuite name="Tests\Feature\Requests\StoreCompanyRequestTest" file="/www/wwwroot/jobportal.prus.dev/tests/Feature/Requests/StoreCompanyRequestTest.php" tests="25" assertions="0" errors="25" failures="0" skipped="0" time="0.000000">
        <testcase name="test_authorization_returns_true" file="/www/wwwroot/jobportal.prus.dev/tests/Feature/Requests/StoreCompanyRequestTest.php" line="33" class="Tests\Feature\Requests\StoreCompanyRequestTest" classname="Tests.Feature.Requests.StoreCompanyRequestTest" assertions="0" time="0.000000">
          <error type="Error">Tests\Feature\Requests\StoreCompanyRequestTest::test_authorization_returns_true
Error: Class "App\Models\User" not found

/www/wwwroot/jobportal.prus.dev/tests/Feature/Requests/StoreCompanyRequestTest.php:29</error>
        </testcase>
        <testcase name="test_validation_rules_are_defined" file="/www/wwwroot/jobportal.prus.dev/tests/Feature/Requests/StoreCompanyRequestTest.php" line="41" class="Tests\Feature\Requests\StoreCompanyRequestTest" classname="Tests.Feature.Requests.StoreCompanyRequestTest" assertions="0" time="0.000000">
          <error type="Error">Tests\Feature\Requests\StoreCompanyRequestTest::test_validation_rules_are_defined
Error: Class "App\Models\User" not found

/www/wwwroot/jobportal.prus.dev/tests/Feature/Requests/StoreCompanyRequestTest.php:29</error>
        </testcase>
        <testcase name="test_validation_messages_are_defined" file="/www/wwwroot/jobportal.prus.dev/tests/Feature/Requests/StoreCompanyRequestTest.php" line="51" class="Tests\Feature\Requests\StoreCompanyRequestTest" classname="Tests.Feature.Requests.StoreCompanyRequestTest" assertions="0" time="0.000000">
          <error type="Error">Tests\Feature\Requests\StoreCompanyRequestTest::test_validation_messages_are_defined
Error: Class "App\Models\User" not found

/www/wwwroot/jobportal.prus.dev/tests/Feature/Requests/StoreCompanyRequestTest.php:29</error>
        </testcase>
        <testcase name="test_validation_attributes_are_defined" file="/www/wwwroot/jobportal.prus.dev/tests/Feature/Requests/StoreCompanyRequestTest.php" line="64" class="Tests\Feature\Requests\StoreCompanyRequestTest" classname="Tests.Feature.Requests.StoreCompanyRequestTest" assertions="0" time="0.000000">
          <error type="Error">Tests\Feature\Requests\StoreCompanyRequestTest::test_validation_attributes_are_defined
Error: Class "App\Models\User" not found

/www/wwwroot/jobportal.prus.dev/tests/Feature/Requests/StoreCompanyRequestTest.php:29</error>
        </testcase>
        <testcase name="test_name_validation" file="/www/wwwroot/jobportal.prus.dev/tests/Feature/Requests/StoreCompanyRequestTest.php" line="77" class="Tests\Feature\Requests\StoreCompanyRequestTest" classname="Tests.Feature.Requests.StoreCompanyRequestTest" assertions="0" time="0.000000">
          <error type="Error">Tests\Feature\Requests\StoreCompanyRequestTest::test_name_validation
Error: Class "App\Models\User" not found

/www/wwwroot/jobportal.prus.dev/tests/Feature/Requests/StoreCompanyRequestTest.php:29</error>
        </testcase>
        <testcase name="test_email_validation" file="/www/wwwroot/jobportal.prus.dev/tests/Feature/Requests/StoreCompanyRequestTest.php" line="90" class="Tests\Feature\Requests\StoreCompanyRequestTest" classname="Tests.Feature.Requests.StoreCompanyRequestTest" assertions="0" time="0.000000">
          <error type="Error">Tests\Feature\Requests\StoreCompanyRequestTest::test_email_validation
Error: Class "App\Models\User" not found

/www/wwwroot/jobportal.prus.dev/tests/Feature/Requests/StoreCompanyRequestTest.php:29</error>
        </testcase>
        <testcase name="test_phone_validation" file="/www/wwwroot/jobportal.prus.dev/tests/Feature/Requests/StoreCompanyRequestTest.php" line="103" class="Tests\Feature\Requests\StoreCompanyRequestTest" classname="Tests.Feature.Requests.StoreCompanyRequestTest" assertions="0" time="0.000000">
          <error type="Error">Tests\Feature\Requests\StoreCompanyRequestTest::test_phone_validation
Error: Class "App\Models\User" not found

/www/wwwroot/jobportal.prus.dev/tests/Feature/Requests/StoreCompanyRequestTest.php:29</error>
        </testcase>
        <testcase name="test_website_validation" file="/www/wwwroot/jobportal.prus.dev/tests/Feature/Requests/StoreCompanyRequestTest.php" line="116" class="Tests\Feature\Requests\StoreCompanyRequestTest" classname="Tests.Feature.Requests.StoreCompanyRequestTest" assertions="0" time="0.000000">
          <error type="Error">Tests\Feature\Requests\StoreCompanyRequestTest::test_website_validation
Error: Class "App\Models\User" not found

/www/wwwroot/jobportal.prus.dev/tests/Feature/Requests/StoreCompanyRequestTest.php:29</error>
        </testcase>
        <testcase name="test_industry_id_validation" file="/www/wwwroot/jobportal.prus.dev/tests/Feature/Requests/StoreCompanyRequestTest.php" line="129" class="Tests\Feature\Requests\StoreCompanyRequestTest" classname="Tests.Feature.Requests.StoreCompanyRequestTest" assertions="0" time="0.000000">
          <error type="Error">Tests\Feature\Requests\StoreCompanyRequestTest::test_industry_id_validation
Error: Class "App\Models\User" not found

/www/wwwroot/jobportal.prus.dev/tests/Feature/Requests/StoreCompanyRequestTest.php:29</error>
        </testcase>
        <testcase name="test_ownership_type_id_validation" file="/www/wwwroot/jobportal.prus.dev/tests/Feature/Requests/StoreCompanyRequestTest.php" line="142" class="Tests\Feature\Requests\StoreCompanyRequestTest" classname="Tests.Feature.Requests.StoreCompanyRequestTest" assertions="0" time="0.000000">
          <error type="Error">Tests\Feature\Requests\StoreCompanyRequestTest::test_ownership_type_id_validation
Error: Class "App\Models\User" not found

/www/wwwroot/jobportal.prus.dev/tests/Feature/Requests/StoreCompanyRequestTest.php:29</error>
        </testcase>
        <testcase name="test_company_size_id_validation" file="/www/wwwroot/jobportal.prus.dev/tests/Feature/Requests/StoreCompanyRequestTest.php" line="155" class="Tests\Feature\Requests\StoreCompanyRequestTest" classname="Tests.Feature.Requests.StoreCompanyRequestTest" assertions="0" time="0.000000">
          <error type="Error">Tests\Feature\Requests\StoreCompanyRequestTest::test_company_size_id_validation
Error: Class "App\Models\User" not found

/www/wwwroot/jobportal.prus.dev/tests/Feature/Requests/StoreCompanyRequestTest.php:29</error>
        </testcase>
        <testcase name="test_established_in_validation" file="/www/wwwroot/jobportal.prus.dev/tests/Feature/Requests/StoreCompanyRequestTest.php" line="168" class="Tests\Feature\Requests\StoreCompanyRequestTest" classname="Tests.Feature.Requests.StoreCompanyRequestTest" assertions="0" time="0.000000">
          <error type="Error">Tests\Feature\Requests\StoreCompanyRequestTest::test_established_in_validation
Error: Class "App\Models\User" not found

/www/wwwroot/jobportal.prus.dev/tests/Feature/Requests/StoreCompanyRequestTest.php:29</error>
        </testcase>
        <testcase name="test_description_validation" file="/www/wwwroot/jobportal.prus.dev/tests/Feature/Requests/StoreCompanyRequestTest.php" line="181" class="Tests\Feature\Requests\StoreCompanyRequestTest" classname="Tests.Feature.Requests.StoreCompanyRequestTest" assertions="0" time="0.000000">
          <error type="Error">Tests\Feature\Requests\StoreCompanyRequestTest::test_description_validation
Error: Class "App\Models\User" not found

/www/wwwroot/jobportal.prus.dev/tests/Feature/Requests/StoreCompanyRequestTest.php:29</error>
        </testcase>
        <testcase name="test_country_id_validation" file="/www/wwwroot/jobportal.prus.dev/tests/Feature/Requests/StoreCompanyRequestTest.php" line="194" class="Tests\Feature\Requests\StoreCompanyRequestTest" classname="Tests.Feature.Requests.StoreCompanyRequestTest" assertions="0" time="0.000000">
          <error type="Error">Tests\Feature\Requests\StoreCompanyRequestTest::test_country_id_validation
Error: Class "App\Models\User" not found

/www/wwwroot/jobportal.prus.dev/tests/Feature/Requests/StoreCompanyRequestTest.php:29</error>
        </testcase>
        <testcase name="test_state_id_validation" file="/www/wwwroot/jobportal.prus.dev/tests/Feature/Requests/StoreCompanyRequestTest.php" line="207" class="Tests\Feature\Requests\StoreCompanyRequestTest" classname="Tests.Feature.Requests.StoreCompanyRequestTest" assertions="0" time="0.000000">
          <error type="Error">Tests\Feature\Requests\StoreCompanyRequestTest::test_state_id_validation
Error: Class "App\Models\User" not found

/www/wwwroot/jobportal.prus.dev/tests/Feature/Requests/StoreCompanyRequestTest.php:29</error>
        </testcase>
        <testcase name="test_city_id_validation" file="/www/wwwroot/jobportal.prus.dev/tests/Feature/Requests/StoreCompanyRequestTest.php" line="220" class="Tests\Feature\Requests\StoreCompanyRequestTest" classname="Tests.Feature.Requests.StoreCompanyRequestTest" assertions="0" time="0.000000">
          <error type="Error">Tests\Feature\Requests\StoreCompanyRequestTest::test_city_id_validation
Error: Class "App\Models\User" not found

/www/wwwroot/jobportal.prus.dev/tests/Feature/Requests/StoreCompanyRequestTest.php:29</error>
        </testcase>
        <testcase name="test_address_validation" file="/www/wwwroot/jobportal.prus.dev/tests/Feature/Requests/StoreCompanyRequestTest.php" line="233" class="Tests\Feature\Requests\StoreCompanyRequestTest" classname="Tests.Feature.Requests.StoreCompanyRequestTest" assertions="0" time="0.000000">
          <error type="Error">Tests\Feature\Requests\StoreCompanyRequestTest::test_address_validation
Error: Class "App\Models\User" not found

/www/wwwroot/jobportal.prus.dev/tests/Feature/Requests/StoreCompanyRequestTest.php:29</error>
        </testcase>
        <testcase name="test_postal_code_validation" file="/www/wwwroot/jobportal.prus.dev/tests/Feature/Requests/StoreCompanyRequestTest.php" line="246" class="Tests\Feature\Requests\StoreCompanyRequestTest" classname="Tests.Feature.Requests.StoreCompanyRequestTest" assertions="0" time="0.000000">
          <error type="Error">Tests\Feature\Requests\StoreCompanyRequestTest::test_postal_code_validation
Error: Class "App\Models\User" not found

/www/wwwroot/jobportal.prus.dev/tests/Feature/Requests/StoreCompanyRequestTest.php:29</error>
        </testcase>
        <testcase name="test_logo_validation" file="/www/wwwroot/jobportal.prus.dev/tests/Feature/Requests/StoreCompanyRequestTest.php" line="259" class="Tests\Feature\Requests\StoreCompanyRequestTest" classname="Tests.Feature.Requests.StoreCompanyRequestTest" assertions="0" time="0.000000">
          <error type="Error">Tests\Feature\Requests\StoreCompanyRequestTest::test_logo_validation
Error: Class "App\Models\User" not found

/www/wwwroot/jobportal.prus.dev/tests/Feature/Requests/StoreCompanyRequestTest.php:29</error>
        </testcase>
        <testcase name="test_is_active_validation" file="/www/wwwroot/jobportal.prus.dev/tests/Feature/Requests/StoreCompanyRequestTest.php" line="272" class="Tests\Feature\Requests\StoreCompanyRequestTest" classname="Tests.Feature.Requests.StoreCompanyRequestTest" assertions="0" time="0.000000">
          <error type="Error">Tests\Feature\Requests\StoreCompanyRequestTest::test_is_active_validation
Error: Class "App\Models\User" not found

/www/wwwroot/jobportal.prus.dev/tests/Feature/Requests/StoreCompanyRequestTest.php:29</error>
        </testcase>
        <testcase name="test_boolean_validation" file="/www/wwwroot/jobportal.prus.dev/tests/Feature/Requests/StoreCompanyRequestTest.php" line="285" class="Tests\Feature\Requests\StoreCompanyRequestTest" classname="Tests.Feature.Requests.StoreCompanyRequestTest" assertions="0" time="0.000000">
          <error type="Error">Tests\Feature\Requests\StoreCompanyRequestTest::test_boolean_validation
Error: Class "App\Models\User" not found

/www/wwwroot/jobportal.prus.dev/tests/Feature/Requests/StoreCompanyRequestTest.php:29</error>
        </testcase>
        <testcase name="test_valid_data_passes_validation" file="/www/wwwroot/jobportal.prus.dev/tests/Feature/Requests/StoreCompanyRequestTest.php" line="298" class="Tests\Feature\Requests\StoreCompanyRequestTest" classname="Tests.Feature.Requests.StoreCompanyRequestTest" assertions="0" time="0.000000">
          <error type="Error">Tests\Feature\Requests\StoreCompanyRequestTest::test_valid_data_passes_validation
Error: Class "App\Models\User" not found

/www/wwwroot/jobportal.prus.dev/tests/Feature/Requests/StoreCompanyRequestTest.php:29</error>
        </testcase>
        <testcase name="test_request_handles_empty_data_correctly" file="/www/wwwroot/jobportal.prus.dev/tests/Feature/Requests/StoreCompanyRequestTest.php" line="327" class="Tests\Feature\Requests\StoreCompanyRequestTest" classname="Tests.Feature.Requests.StoreCompanyRequestTest" assertions="0" time="0.000000">
          <error type="Error">Tests\Feature\Requests\StoreCompanyRequestTest::test_request_handles_empty_data_correctly
Error: Class "App\Models\User" not found

/www/wwwroot/jobportal.prus.dev/tests/Feature/Requests/StoreCompanyRequestTest.php:29</error>
        </testcase>
        <testcase name="test_security_validation_prevents_xss" file="/www/wwwroot/jobportal.prus.dev/tests/Feature/Requests/StoreCompanyRequestTest.php" line="339" class="Tests\Feature\Requests\StoreCompanyRequestTest" classname="Tests.Feature.Requests.StoreCompanyRequestTest" assertions="0" time="0.000000">
          <error type="Error">Tests\Feature\Requests\StoreCompanyRequestTest::test_security_validation_prevents_xss
Error: Class "App\Models\User" not found

/www/wwwroot/jobportal.prus.dev/tests/Feature/Requests/StoreCompanyRequestTest.php:29</error>
        </testcase>
        <testcase name="test_sql_injection_prevention" file="/www/wwwroot/jobportal.prus.dev/tests/Feature/Requests/StoreCompanyRequestTest.php" line="362" class="Tests\Feature\Requests\StoreCompanyRequestTest" classname="Tests.Feature.Requests.StoreCompanyRequestTest" assertions="0" time="0.000000">
          <error type="Error">Tests\Feature\Requests\StoreCompanyRequestTest::test_sql_injection_prevention
Error: Class "App\Models\User" not found

/www/wwwroot/jobportal.prus.dev/tests/Feature/Requests/StoreCompanyRequestTest.php:29</error>
        </testcase>
      </testsuite>
      <testsuite name="Tests\Feature\Requests\StoreConfirmPasswordRequestTest" file="/www/wwwroot/jobportal.prus.dev/tests/Feature/Requests/StoreConfirmPasswordRequestTest.php" tests="18" assertions="0" errors="18" failures="0" skipped="0" time="0.000000">
        <testcase name="test_authorization_returns_true" file="/www/wwwroot/jobportal.prus.dev/tests/Feature/Requests/StoreConfirmPasswordRequestTest.php" line="33" class="Tests\Feature\Requests\StoreConfirmPasswordRequestTest" classname="Tests.Feature.Requests.StoreConfirmPasswordRequestTest" assertions="0" time="0.000000">
          <error type="Error">Tests\Feature\Requests\StoreConfirmPasswordRequestTest::test_authorization_returns_true
Error: Class "App\Models\User" not found

/www/wwwroot/jobportal.prus.dev/tests/Feature/Requests/StoreConfirmPasswordRequestTest.php:29</error>
        </testcase>
        <testcase name="test_validation_rules_are_defined" file="/www/wwwroot/jobportal.prus.dev/tests/Feature/Requests/StoreConfirmPasswordRequestTest.php" line="41" class="Tests\Feature\Requests\StoreConfirmPasswordRequestTest" classname="Tests.Feature.Requests.StoreConfirmPasswordRequestTest" assertions="0" time="0.000000">
          <error type="Error">Tests\Feature\Requests\StoreConfirmPasswordRequestTest::test_validation_rules_are_defined
Error: Class "App\Models\User" not found

/www/wwwroot/jobportal.prus.dev/tests/Feature/Requests/StoreConfirmPasswordRequestTest.php:29</error>
        </testcase>
        <testcase name="test_validation_messages_are_defined" file="/www/wwwroot/jobportal.prus.dev/tests/Feature/Requests/StoreConfirmPasswordRequestTest.php" line="51" class="Tests\Feature\Requests\StoreConfirmPasswordRequestTest" classname="Tests.Feature.Requests.StoreConfirmPasswordRequestTest" assertions="0" time="0.000000">
          <error type="Error">Tests\Feature\Requests\StoreConfirmPasswordRequestTest::test_validation_messages_are_defined
Error: Class "App\Models\User" not found

/www/wwwroot/jobportal.prus.dev/tests/Feature/Requests/StoreConfirmPasswordRequestTest.php:29</error>
        </testcase>
        <testcase name="test_validation_attributes_are_defined" file="/www/wwwroot/jobportal.prus.dev/tests/Feature/Requests/StoreConfirmPasswordRequestTest.php" line="64" class="Tests\Feature\Requests\StoreConfirmPasswordRequestTest" classname="Tests.Feature.Requests.StoreConfirmPasswordRequestTest" assertions="0" time="0.000000">
          <error type="Error">Tests\Feature\Requests\StoreConfirmPasswordRequestTest::test_validation_attributes_are_defined
Error: Class "App\Models\User" not found

/www/wwwroot/jobportal.prus.dev/tests/Feature/Requests/StoreConfirmPasswordRequestTest.php:29</error>
        </testcase>
        <testcase name="test_name_validation" file="/www/wwwroot/jobportal.prus.dev/tests/Feature/Requests/StoreConfirmPasswordRequestTest.php" line="77" class="Tests\Feature\Requests\StoreConfirmPasswordRequestTest" classname="Tests.Feature.Requests.StoreConfirmPasswordRequestTest" assertions="0" time="0.000000">
          <error type="Error">Tests\Feature\Requests\StoreConfirmPasswordRequestTest::test_name_validation
Error: Class "App\Models\User" not found

/www/wwwroot/jobportal.prus.dev/tests/Feature/Requests/StoreConfirmPasswordRequestTest.php:29</error>
        </testcase>
        <testcase name="test_required_validation" file="/www/wwwroot/jobportal.prus.dev/tests/Feature/Requests/StoreConfirmPasswordRequestTest.php" line="90" class="Tests\Feature\Requests\StoreConfirmPasswordRequestTest" classname="Tests.Feature.Requests.StoreConfirmPasswordRequestTest" assertions="0" time="0.000000">
          <error type="Error">Tests\Feature\Requests\StoreConfirmPasswordRequestTest::test_required_validation
Error: Class "App\Models\User" not found

/www/wwwroot/jobportal.prus.dev/tests/Feature/Requests/StoreConfirmPasswordRequestTest.php:29</error>
        </testcase>
        <testcase name="test_string_validation" file="/www/wwwroot/jobportal.prus.dev/tests/Feature/Requests/StoreConfirmPasswordRequestTest.php" line="103" class="Tests\Feature\Requests\StoreConfirmPasswordRequestTest" classname="Tests.Feature.Requests.StoreConfirmPasswordRequestTest" assertions="0" time="0.000000">
          <error type="Error">Tests\Feature\Requests\StoreConfirmPasswordRequestTest::test_string_validation
Error: Class "App\Models\User" not found

/www/wwwroot/jobportal.prus.dev/tests/Feature/Requests/StoreConfirmPasswordRequestTest.php:29</error>
        </testcase>
        <testcase name="test_email_validation" file="/www/wwwroot/jobportal.prus.dev/tests/Feature/Requests/StoreConfirmPasswordRequestTest.php" line="116" class="Tests\Feature\Requests\StoreConfirmPasswordRequestTest" classname="Tests.Feature.Requests.StoreConfirmPasswordRequestTest" assertions="0" time="0.000000">
          <error type="Error">Tests\Feature\Requests\StoreConfirmPasswordRequestTest::test_email_validation
Error: Class "App\Models\User" not found

/www/wwwroot/jobportal.prus.dev/tests/Feature/Requests/StoreConfirmPasswordRequestTest.php:29</error>
        </testcase>
        <testcase name="test_nullable_validation" file="/www/wwwroot/jobportal.prus.dev/tests/Feature/Requests/StoreConfirmPasswordRequestTest.php" line="129" class="Tests\Feature\Requests\StoreConfirmPasswordRequestTest" classname="Tests.Feature.Requests.StoreConfirmPasswordRequestTest" assertions="0" time="0.000000">
          <error type="Error">Tests\Feature\Requests\StoreConfirmPasswordRequestTest::test_nullable_validation
Error: Class "App\Models\User" not found

/www/wwwroot/jobportal.prus.dev/tests/Feature/Requests/StoreConfirmPasswordRequestTest.php:29</error>
        </testcase>
        <testcase name="test_description_validation" file="/www/wwwroot/jobportal.prus.dev/tests/Feature/Requests/StoreConfirmPasswordRequestTest.php" line="142" class="Tests\Feature\Requests\StoreConfirmPasswordRequestTest" classname="Tests.Feature.Requests.StoreConfirmPasswordRequestTest" assertions="0" time="0.000000">
          <error type="Error">Tests\Feature\Requests\StoreConfirmPasswordRequestTest::test_description_validation
Error: Class "App\Models\User" not found

/www/wwwroot/jobportal.prus.dev/tests/Feature/Requests/StoreConfirmPasswordRequestTest.php:29</error>
        </testcase>
        <testcase name="test_status_validation" file="/www/wwwroot/jobportal.prus.dev/tests/Feature/Requests/StoreConfirmPasswordRequestTest.php" line="155" class="Tests\Feature\Requests\StoreConfirmPasswordRequestTest" classname="Tests.Feature.Requests.StoreConfirmPasswordRequestTest" assertions="0" time="0.000000">
          <error type="Error">Tests\Feature\Requests\StoreConfirmPasswordRequestTest::test_status_validation
Error: Class "App\Models\User" not found

/www/wwwroot/jobportal.prus.dev/tests/Feature/Requests/StoreConfirmPasswordRequestTest.php:29</error>
        </testcase>
        <testcase name="test_boolean_validation" file="/www/wwwroot/jobportal.prus.dev/tests/Feature/Requests/StoreConfirmPasswordRequestTest.php" line="168" class="Tests\Feature\Requests\StoreConfirmPasswordRequestTest" classname="Tests.Feature.Requests.StoreConfirmPasswordRequestTest" assertions="0" time="0.000000">
          <error type="Error">Tests\Feature\Requests\StoreConfirmPasswordRequestTest::test_boolean_validation
Error: Class "App\Models\User" not found

/www/wwwroot/jobportal.prus.dev/tests/Feature/Requests/StoreConfirmPasswordRequestTest.php:29</error>
        </testcase>
        <testcase name="test_app_recaptcha_enabled_validation" file="/www/wwwroot/jobportal.prus.dev/tests/Feature/Requests/StoreConfirmPasswordRequestTest.php" line="181" class="Tests\Feature\Requests\StoreConfirmPasswordRequestTest" classname="Tests.Feature.Requests.StoreConfirmPasswordRequestTest" assertions="0" time="0.000000">
          <error type="Error">Tests\Feature\Requests\StoreConfirmPasswordRequestTest::test_app_recaptcha_enabled_validation
Error: Class "App\Models\User" not found

/www/wwwroot/jobportal.prus.dev/tests/Feature/Requests/StoreConfirmPasswordRequestTest.php:29</error>
        </testcase>
        <testcase name="test_validation_recaptcha_required_validation" file="/www/wwwroot/jobportal.prus.dev/tests/Feature/Requests/StoreConfirmPasswordRequestTest.php" line="194" class="Tests\Feature\Requests\StoreConfirmPasswordRequestTest" classname="Tests.Feature.Requests.StoreConfirmPasswordRequestTest" assertions="0" time="0.000000">
          <error type="Error">Tests\Feature\Requests\StoreConfirmPasswordRequestTest::test_validation_recaptcha_required_validation
Error: Class "App\Models\User" not found

/www/wwwroot/jobportal.prus.dev/tests/Feature/Requests/StoreConfirmPasswordRequestTest.php:29</error>
        </testcase>
        <testcase name="test_valid_data_passes_validation" file="/www/wwwroot/jobportal.prus.dev/tests/Feature/Requests/StoreConfirmPasswordRequestTest.php" line="207" class="Tests\Feature\Requests\StoreConfirmPasswordRequestTest" classname="Tests.Feature.Requests.StoreConfirmPasswordRequestTest" assertions="0" time="0.000000">
          <error type="Error">Tests\Feature\Requests\StoreConfirmPasswordRequestTest::test_valid_data_passes_validation
Error: Class "App\Models\User" not found

/www/wwwroot/jobportal.prus.dev/tests/Feature/Requests/StoreConfirmPasswordRequestTest.php:29</error>
        </testcase>
        <testcase name="test_request_handles_empty_data_correctly" file="/www/wwwroot/jobportal.prus.dev/tests/Feature/Requests/StoreConfirmPasswordRequestTest.php" line="229" class="Tests\Feature\Requests\StoreConfirmPasswordRequestTest" classname="Tests.Feature.Requests.StoreConfirmPasswordRequestTest" assertions="0" time="0.000000">
          <error type="Error">Tests\Feature\Requests\StoreConfirmPasswordRequestTest::test_request_handles_empty_data_correctly
Error: Class "App\Models\User" not found

/www/wwwroot/jobportal.prus.dev/tests/Feature/Requests/StoreConfirmPasswordRequestTest.php:29</error>
        </testcase>
        <testcase name="test_security_validation_prevents_xss" file="/www/wwwroot/jobportal.prus.dev/tests/Feature/Requests/StoreConfirmPasswordRequestTest.php" line="241" class="Tests\Feature\Requests\StoreConfirmPasswordRequestTest" classname="Tests.Feature.Requests.StoreConfirmPasswordRequestTest" assertions="0" time="0.000000">
          <error type="Error">Tests\Feature\Requests\StoreConfirmPasswordRequestTest::test_security_validation_prevents_xss
Error: Class "App\Models\User" not found

/www/wwwroot/jobportal.prus.dev/tests/Feature/Requests/StoreConfirmPasswordRequestTest.php:29</error>
        </testcase>
        <testcase name="test_sql_injection_prevention" file="/www/wwwroot/jobportal.prus.dev/tests/Feature/Requests/StoreConfirmPasswordRequestTest.php" line="264" class="Tests\Feature\Requests\StoreConfirmPasswordRequestTest" classname="Tests.Feature.Requests.StoreConfirmPasswordRequestTest" assertions="0" time="0.000000">
          <error type="Error">Tests\Feature\Requests\StoreConfirmPasswordRequestTest::test_sql_injection_prevention
Error: Class "App\Models\User" not found

/www/wwwroot/jobportal.prus.dev/tests/Feature/Requests/StoreConfirmPasswordRequestTest.php:29</error>
        </testcase>
      </testsuite>
      <testsuite name="Tests\Feature\Requests\StoreJobRequestTest" file="/www/wwwroot/jobportal.prus.dev/tests/Feature/Requests/StoreJobRequestTest.php" tests="32" assertions="0" errors="32" failures="0" skipped="0" time="0.000000">
        <testcase name="test_authorization_returns_true" file="/www/wwwroot/jobportal.prus.dev/tests/Feature/Requests/StoreJobRequestTest.php" line="33" class="Tests\Feature\Requests\StoreJobRequestTest" classname="Tests.Feature.Requests.StoreJobRequestTest" assertions="0" time="0.000000">
          <error type="Error">Tests\Feature\Requests\StoreJobRequestTest::test_authorization_returns_true
Error: Class "App\Models\User" not found

/www/wwwroot/jobportal.prus.dev/tests/Feature/Requests/StoreJobRequestTest.php:29</error>
        </testcase>
        <testcase name="test_validation_rules_are_defined" file="/www/wwwroot/jobportal.prus.dev/tests/Feature/Requests/StoreJobRequestTest.php" line="41" class="Tests\Feature\Requests\StoreJobRequestTest" classname="Tests.Feature.Requests.StoreJobRequestTest" assertions="0" time="0.000000">
          <error type="Error">Tests\Feature\Requests\StoreJobRequestTest::test_validation_rules_are_defined
Error: Class "App\Models\User" not found

/www/wwwroot/jobportal.prus.dev/tests/Feature/Requests/StoreJobRequestTest.php:29</error>
        </testcase>
        <testcase name="test_validation_messages_are_defined" file="/www/wwwroot/jobportal.prus.dev/tests/Feature/Requests/StoreJobRequestTest.php" line="51" class="Tests\Feature\Requests\StoreJobRequestTest" classname="Tests.Feature.Requests.StoreJobRequestTest" assertions="0" time="0.000000">
          <error type="Error">Tests\Feature\Requests\StoreJobRequestTest::test_validation_messages_are_defined
Error: Class "App\Models\User" not found

/www/wwwroot/jobportal.prus.dev/tests/Feature/Requests/StoreJobRequestTest.php:29</error>
        </testcase>
        <testcase name="test_validation_attributes_are_defined" file="/www/wwwroot/jobportal.prus.dev/tests/Feature/Requests/StoreJobRequestTest.php" line="64" class="Tests\Feature\Requests\StoreJobRequestTest" classname="Tests.Feature.Requests.StoreJobRequestTest" assertions="0" time="0.000000">
          <error type="Error">Tests\Feature\Requests\StoreJobRequestTest::test_validation_attributes_are_defined
Error: Class "App\Models\User" not found

/www/wwwroot/jobportal.prus.dev/tests/Feature/Requests/StoreJobRequestTest.php:29</error>
        </testcase>
        <testcase name="test_job_title_validation" file="/www/wwwroot/jobportal.prus.dev/tests/Feature/Requests/StoreJobRequestTest.php" line="77" class="Tests\Feature\Requests\StoreJobRequestTest" classname="Tests.Feature.Requests.StoreJobRequestTest" assertions="0" time="0.000000">
          <error type="Error">Tests\Feature\Requests\StoreJobRequestTest::test_job_title_validation
Error: Class "App\Models\User" not found

/www/wwwroot/jobportal.prus.dev/tests/Feature/Requests/StoreJobRequestTest.php:29</error>
        </testcase>
        <testcase name="test_job_description_validation" file="/www/wwwroot/jobportal.prus.dev/tests/Feature/Requests/StoreJobRequestTest.php" line="90" class="Tests\Feature\Requests\StoreJobRequestTest" classname="Tests.Feature.Requests.StoreJobRequestTest" assertions="0" time="0.000000">
          <error type="Error">Tests\Feature\Requests\StoreJobRequestTest::test_job_description_validation
Error: Class "App\Models\User" not found

/www/wwwroot/jobportal.prus.dev/tests/Feature/Requests/StoreJobRequestTest.php:29</error>
        </testcase>
        <testcase name="test_job_requirement_validation" file="/www/wwwroot/jobportal.prus.dev/tests/Feature/Requests/StoreJobRequestTest.php" line="103" class="Tests\Feature\Requests\StoreJobRequestTest" classname="Tests.Feature.Requests.StoreJobRequestTest" assertions="0" time="0.000000">
          <error type="Error">Tests\Feature\Requests\StoreJobRequestTest::test_job_requirement_validation
Error: Class "App\Models\User" not found

/www/wwwroot/jobportal.prus.dev/tests/Feature/Requests/StoreJobRequestTest.php:29</error>
        </testcase>
        <testcase name="test_job_benefit_validation" file="/www/wwwroot/jobportal.prus.dev/tests/Feature/Requests/StoreJobRequestTest.php" line="116" class="Tests\Feature\Requests\StoreJobRequestTest" classname="Tests.Feature.Requests.StoreJobRequestTest" assertions="0" time="0.000000">
          <error type="Error">Tests\Feature\Requests\StoreJobRequestTest::test_job_benefit_validation
Error: Class "App\Models\User" not found

/www/wwwroot/jobportal.prus.dev/tests/Feature/Requests/StoreJobRequestTest.php:29</error>
        </testcase>
        <testcase name="test_country_id_validation" file="/www/wwwroot/jobportal.prus.dev/tests/Feature/Requests/StoreJobRequestTest.php" line="129" class="Tests\Feature\Requests\StoreJobRequestTest" classname="Tests.Feature.Requests.StoreJobRequestTest" assertions="0" time="0.000000">
          <error type="Error">Tests\Feature\Requests\StoreJobRequestTest::test_country_id_validation
Error: Class "App\Models\User" not found

/www/wwwroot/jobportal.prus.dev/tests/Feature/Requests/StoreJobRequestTest.php:29</error>
        </testcase>
        <testcase name="test_state_id_validation" file="/www/wwwroot/jobportal.prus.dev/tests/Feature/Requests/StoreJobRequestTest.php" line="142" class="Tests\Feature\Requests\StoreJobRequestTest" classname="Tests.Feature.Requests.StoreJobRequestTest" assertions="0" time="0.000000">
          <error type="Error">Tests\Feature\Requests\StoreJobRequestTest::test_state_id_validation
Error: Class "App\Models\User" not found

/www/wwwroot/jobportal.prus.dev/tests/Feature/Requests/StoreJobRequestTest.php:29</error>
        </testcase>
        <testcase name="test_city_id_validation" file="/www/wwwroot/jobportal.prus.dev/tests/Feature/Requests/StoreJobRequestTest.php" line="155" class="Tests\Feature\Requests\StoreJobRequestTest" classname="Tests.Feature.Requests.StoreJobRequestTest" assertions="0" time="0.000000">
          <error type="Error">Tests\Feature\Requests\StoreJobRequestTest::test_city_id_validation
Error: Class "App\Models\User" not found

/www/wwwroot/jobportal.prus.dev/tests/Feature/Requests/StoreJobRequestTest.php:29</error>
        </testcase>
        <testcase name="test_salary_from_validation" file="/www/wwwroot/jobportal.prus.dev/tests/Feature/Requests/StoreJobRequestTest.php" line="168" class="Tests\Feature\Requests\StoreJobRequestTest" classname="Tests.Feature.Requests.StoreJobRequestTest" assertions="0" time="0.000000">
          <error type="Error">Tests\Feature\Requests\StoreJobRequestTest::test_salary_from_validation
Error: Class "App\Models\User" not found

/www/wwwroot/jobportal.prus.dev/tests/Feature/Requests/StoreJobRequestTest.php:29</error>
        </testcase>
        <testcase name="test_salary_to_validation" file="/www/wwwroot/jobportal.prus.dev/tests/Feature/Requests/StoreJobRequestTest.php" line="181" class="Tests\Feature\Requests\StoreJobRequestTest" classname="Tests.Feature.Requests.StoreJobRequestTest" assertions="0" time="0.000000">
          <error type="Error">Tests\Feature\Requests\StoreJobRequestTest::test_salary_to_validation
Error: Class "App\Models\User" not found

/www/wwwroot/jobportal.prus.dev/tests/Feature/Requests/StoreJobRequestTest.php:29</error>
        </testcase>
        <testcase name="test_salary_currency_id_validation" file="/www/wwwroot/jobportal.prus.dev/tests/Feature/Requests/StoreJobRequestTest.php" line="194" class="Tests\Feature\Requests\StoreJobRequestTest" classname="Tests.Feature.Requests.StoreJobRequestTest" assertions="0" time="0.000000">
          <error type="Error">Tests\Feature\Requests\StoreJobRequestTest::test_salary_currency_id_validation
Error: Class "App\Models\User" not found

/www/wwwroot/jobportal.prus.dev/tests/Feature/Requests/StoreJobRequestTest.php:29</error>
        </testcase>
        <testcase name="test_salary_period_id_validation" file="/www/wwwroot/jobportal.prus.dev/tests/Feature/Requests/StoreJobRequestTest.php" line="207" class="Tests\Feature\Requests\StoreJobRequestTest" classname="Tests.Feature.Requests.StoreJobRequestTest" assertions="0" time="0.000000">
          <error type="Error">Tests\Feature\Requests\StoreJobRequestTest::test_salary_period_id_validation
Error: Class "App\Models\User" not found

/www/wwwroot/jobportal.prus.dev/tests/Feature/Requests/StoreJobRequestTest.php:29</error>
        </testcase>
        <testcase name="test_job_category_id_validation" file="/www/wwwroot/jobportal.prus.dev/tests/Feature/Requests/StoreJobRequestTest.php" line="220" class="Tests\Feature\Requests\StoreJobRequestTest" classname="Tests.Feature.Requests.StoreJobRequestTest" assertions="0" time="0.000000">
          <error type="Error">Tests\Feature\Requests\StoreJobRequestTest::test_job_category_id_validation
Error: Class "App\Models\User" not found

/www/wwwroot/jobportal.prus.dev/tests/Feature/Requests/StoreJobRequestTest.php:29</error>
        </testcase>
        <testcase name="test_job_type_id_validation" file="/www/wwwroot/jobportal.prus.dev/tests/Feature/Requests/StoreJobRequestTest.php" line="233" class="Tests\Feature\Requests\StoreJobRequestTest" classname="Tests.Feature.Requests.StoreJobRequestTest" assertions="0" time="0.000000">
          <error type="Error">Tests\Feature\Requests\StoreJobRequestTest::test_job_type_id_validation
Error: Class "App\Models\User" not found

/www/wwwroot/jobportal.prus.dev/tests/Feature/Requests/StoreJobRequestTest.php:29</error>
        </testcase>
        <testcase name="test_career_level_id_validation" file="/www/wwwroot/jobportal.prus.dev/tests/Feature/Requests/StoreJobRequestTest.php" line="246" class="Tests\Feature\Requests\StoreJobRequestTest" classname="Tests.Feature.Requests.StoreJobRequestTest" assertions="0" time="0.000000">
          <error type="Error">Tests\Feature\Requests\StoreJobRequestTest::test_career_level_id_validation
Error: Class "App\Models\User" not found

/www/wwwroot/jobportal.prus.dev/tests/Feature/Requests/StoreJobRequestTest.php:29</error>
        </testcase>
        <testcase name="test_functional_area_id_validation" file="/www/wwwroot/jobportal.prus.dev/tests/Feature/Requests/StoreJobRequestTest.php" line="259" class="Tests\Feature\Requests\StoreJobRequestTest" classname="Tests.Feature.Requests.StoreJobRequestTest" assertions="0" time="0.000000">
          <error type="Error">Tests\Feature\Requests\StoreJobRequestTest::test_functional_area_id_validation
Error: Class "App\Models\User" not found

/www/wwwroot/jobportal.prus.dev/tests/Feature/Requests/StoreJobRequestTest.php:29</error>
        </testcase>
        <testcase name="test_job_shift_id_validation" file="/www/wwwroot/jobportal.prus.dev/tests/Feature/Requests/StoreJobRequestTest.php" line="272" class="Tests\Feature\Requests\StoreJobRequestTest" classname="Tests.Feature.Requests.StoreJobRequestTest" assertions="0" time="0.000000">
          <error type="Error">Tests\Feature\Requests\StoreJobRequestTest::test_job_shift_id_validation
Error: Class "App\Models\User" not found

/www/wwwroot/jobportal.prus.dev/tests/Feature/Requests/StoreJobRequestTest.php:29</error>
        </testcase>
        <testcase name="test_degree_level_id_validation" file="/www/wwwroot/jobportal.prus.dev/tests/Feature/Requests/StoreJobRequestTest.php" line="285" class="Tests\Feature\Requests\StoreJobRequestTest" classname="Tests.Feature.Requests.StoreJobRequestTest" assertions="0" time="0.000000">
          <error type="Error">Tests\Feature\Requests\StoreJobRequestTest::test_degree_level_id_validation
Error: Class "App\Models\User" not found

/www/wwwroot/jobportal.prus.dev/tests/Feature/Requests/StoreJobRequestTest.php:29</error>
        </testcase>
        <testcase name="test_position_validation" file="/www/wwwroot/jobportal.prus.dev/tests/Feature/Requests/StoreJobRequestTest.php" line="298" class="Tests\Feature\Requests\StoreJobRequestTest" classname="Tests.Feature.Requests.StoreJobRequestTest" assertions="0" time="0.000000">
          <error type="Error">Tests\Feature\Requests\StoreJobRequestTest::test_position_validation
Error: Class "App\Models\User" not found

/www/wwwroot/jobportal.prus.dev/tests/Feature/Requests/StoreJobRequestTest.php:29</error>
        </testcase>
        <testcase name="test_experience_validation" file="/www/wwwroot/jobportal.prus.dev/tests/Feature/Requests/StoreJobRequestTest.php" line="311" class="Tests\Feature\Requests\StoreJobRequestTest" classname="Tests.Feature.Requests.StoreJobRequestTest" assertions="0" time="0.000000">
          <error type="Error">Tests\Feature\Requests\StoreJobRequestTest::test_experience_validation
Error: Class "App\Models\User" not found

/www/wwwroot/jobportal.prus.dev/tests/Feature/Requests/StoreJobRequestTest.php:29</error>
        </testcase>
        <testcase name="test_job_expiry_date_validation" file="/www/wwwroot/jobportal.prus.dev/tests/Feature/Requests/StoreJobRequestTest.php" line="324" class="Tests\Feature\Requests\StoreJobRequestTest" classname="Tests.Feature.Requests.StoreJobRequestTest" assertions="0" time="0.000000">
          <error type="Error">Tests\Feature\Requests\StoreJobRequestTest::test_job_expiry_date_validation
Error: Class "App\Models\User" not found

/www/wwwroot/jobportal.prus.dev/tests/Feature/Requests/StoreJobRequestTest.php:29</error>
        </testcase>
        <testcase name="test_hide_salary_validation" file="/www/wwwroot/jobportal.prus.dev/tests/Feature/Requests/StoreJobRequestTest.php" line="337" class="Tests\Feature\Requests\StoreJobRequestTest" classname="Tests.Feature.Requests.StoreJobRequestTest" assertions="0" time="0.000000">
          <error type="Error">Tests\Feature\Requests\StoreJobRequestTest::test_hide_salary_validation
Error: Class "App\Models\User" not found

/www/wwwroot/jobportal.prus.dev/tests/Feature/Requests/StoreJobRequestTest.php:29</error>
        </testcase>
        <testcase name="test_boolean_validation" file="/www/wwwroot/jobportal.prus.dev/tests/Feature/Requests/StoreJobRequestTest.php" line="350" class="Tests\Feature\Requests\StoreJobRequestTest" classname="Tests.Feature.Requests.StoreJobRequestTest" assertions="0" time="0.000000">
          <error type="Error">Tests\Feature\Requests\StoreJobRequestTest::test_boolean_validation
Error: Class "App\Models\User" not found

/www/wwwroot/jobportal.prus.dev/tests/Feature/Requests/StoreJobRequestTest.php:29</error>
        </testcase>
        <testcase name="test_is_freelance_validation" file="/www/wwwroot/jobportal.prus.dev/tests/Feature/Requests/StoreJobRequestTest.php" line="363" class="Tests\Feature\Requests\StoreJobRequestTest" classname="Tests.Feature.Requests.StoreJobRequestTest" assertions="0" time="0.000000">
          <error type="Error">Tests\Feature\Requests\StoreJobRequestTest::test_is_freelance_validation
Error: Class "App\Models\User" not found

/www/wwwroot/jobportal.prus.dev/tests/Feature/Requests/StoreJobRequestTest.php:29</error>
        </testcase>
        <testcase name="test_is_suspended_validation" file="/www/wwwroot/jobportal.prus.dev/tests/Feature/Requests/StoreJobRequestTest.php" line="376" class="Tests\Feature\Requests\StoreJobRequestTest" classname="Tests.Feature.Requests.StoreJobRequestTest" assertions="0" time="0.000000">
          <error type="Error">Tests\Feature\Requests\StoreJobRequestTest::test_is_suspended_validation
Error: Class "App\Models\User" not found

/www/wwwroot/jobportal.prus.dev/tests/Feature/Requests/StoreJobRequestTest.php:29</error>
        </testcase>
        <testcase name="test_valid_data_passes_validation" file="/www/wwwroot/jobportal.prus.dev/tests/Feature/Requests/StoreJobRequestTest.php" line="389" class="Tests\Feature\Requests\StoreJobRequestTest" classname="Tests.Feature.Requests.StoreJobRequestTest" assertions="0" time="0.000000">
          <error type="Error">Tests\Feature\Requests\StoreJobRequestTest::test_valid_data_passes_validation
Error: Class "App\Models\User" not found

/www/wwwroot/jobportal.prus.dev/tests/Feature/Requests/StoreJobRequestTest.php:29</error>
        </testcase>
        <testcase name="test_request_handles_empty_data_correctly" file="/www/wwwroot/jobportal.prus.dev/tests/Feature/Requests/StoreJobRequestTest.php" line="425" class="Tests\Feature\Requests\StoreJobRequestTest" classname="Tests.Feature.Requests.StoreJobRequestTest" assertions="0" time="0.000000">
          <error type="Error">Tests\Feature\Requests\StoreJobRequestTest::test_request_handles_empty_data_correctly
Error: Class "App\Models\User" not found

/www/wwwroot/jobportal.prus.dev/tests/Feature/Requests/StoreJobRequestTest.php:29</error>
        </testcase>
        <testcase name="test_security_validation_prevents_xss" file="/www/wwwroot/jobportal.prus.dev/tests/Feature/Requests/StoreJobRequestTest.php" line="437" class="Tests\Feature\Requests\StoreJobRequestTest" classname="Tests.Feature.Requests.StoreJobRequestTest" assertions="0" time="0.000000">
          <error type="Error">Tests\Feature\Requests\StoreJobRequestTest::test_security_validation_prevents_xss
Error: Class "App\Models\User" not found

/www/wwwroot/jobportal.prus.dev/tests/Feature/Requests/StoreJobRequestTest.php:29</error>
        </testcase>
        <testcase name="test_sql_injection_prevention" file="/www/wwwroot/jobportal.prus.dev/tests/Feature/Requests/StoreJobRequestTest.php" line="460" class="Tests\Feature\Requests\StoreJobRequestTest" classname="Tests.Feature.Requests.StoreJobRequestTest" assertions="0" time="0.000000">
          <error type="Error">Tests\Feature\Requests\StoreJobRequestTest::test_sql_injection_prevention
Error: Class "App\Models\User" not found

/www/wwwroot/jobportal.prus.dev/tests/Feature/Requests/StoreJobRequestTest.php:29</error>
        </testcase>
      </testsuite>
      <testsuite name="Tests\Feature\Requests\StoreMasterDataRequestTest" file="/www/wwwroot/jobportal.prus.dev/tests/Feature/Requests/StoreMasterDataRequestTest.php" tests="18" assertions="0" errors="18" failures="0" skipped="0" time="0.000000">
        <testcase name="test_authorization_returns_true" file="/www/wwwroot/jobportal.prus.dev/tests/Feature/Requests/StoreMasterDataRequestTest.php" line="33" class="Tests\Feature\Requests\StoreMasterDataRequestTest" classname="Tests.Feature.Requests.StoreMasterDataRequestTest" assertions="0" time="0.000000">
          <error type="Error">Tests\Feature\Requests\StoreMasterDataRequestTest::test_authorization_returns_true
Error: Class "App\Models\User" not found

/www/wwwroot/jobportal.prus.dev/tests/Feature/Requests/StoreMasterDataRequestTest.php:29</error>
        </testcase>
        <testcase name="test_validation_rules_are_defined" file="/www/wwwroot/jobportal.prus.dev/tests/Feature/Requests/StoreMasterDataRequestTest.php" line="41" class="Tests\Feature\Requests\StoreMasterDataRequestTest" classname="Tests.Feature.Requests.StoreMasterDataRequestTest" assertions="0" time="0.000000">
          <error type="Error">Tests\Feature\Requests\StoreMasterDataRequestTest::test_validation_rules_are_defined
Error: Class "App\Models\User" not found

/www/wwwroot/jobportal.prus.dev/tests/Feature/Requests/StoreMasterDataRequestTest.php:29</error>
        </testcase>
        <testcase name="test_validation_messages_are_defined" file="/www/wwwroot/jobportal.prus.dev/tests/Feature/Requests/StoreMasterDataRequestTest.php" line="51" class="Tests\Feature\Requests\StoreMasterDataRequestTest" classname="Tests.Feature.Requests.StoreMasterDataRequestTest" assertions="0" time="0.000000">
          <error type="Error">Tests\Feature\Requests\StoreMasterDataRequestTest::test_validation_messages_are_defined
Error: Class "App\Models\User" not found

/www/wwwroot/jobportal.prus.dev/tests/Feature/Requests/StoreMasterDataRequestTest.php:29</error>
        </testcase>
        <testcase name="test_validation_attributes_are_defined" file="/www/wwwroot/jobportal.prus.dev/tests/Feature/Requests/StoreMasterDataRequestTest.php" line="64" class="Tests\Feature\Requests\StoreMasterDataRequestTest" classname="Tests.Feature.Requests.StoreMasterDataRequestTest" assertions="0" time="0.000000">
          <error type="Error">Tests\Feature\Requests\StoreMasterDataRequestTest::test_validation_attributes_are_defined
Error: Class "App\Models\User" not found

/www/wwwroot/jobportal.prus.dev/tests/Feature/Requests/StoreMasterDataRequestTest.php:29</error>
        </testcase>
        <testcase name="test_name_validation" file="/www/wwwroot/jobportal.prus.dev/tests/Feature/Requests/StoreMasterDataRequestTest.php" line="77" class="Tests\Feature\Requests\StoreMasterDataRequestTest" classname="Tests.Feature.Requests.StoreMasterDataRequestTest" assertions="0" time="0.000000">
          <error type="Error">Tests\Feature\Requests\StoreMasterDataRequestTest::test_name_validation
Error: Class "App\Models\User" not found

/www/wwwroot/jobportal.prus.dev/tests/Feature/Requests/StoreMasterDataRequestTest.php:29</error>
        </testcase>
        <testcase name="test_required_validation" file="/www/wwwroot/jobportal.prus.dev/tests/Feature/Requests/StoreMasterDataRequestTest.php" line="90" class="Tests\Feature\Requests\StoreMasterDataRequestTest" classname="Tests.Feature.Requests.StoreMasterDataRequestTest" assertions="0" time="0.000000">
          <error type="Error">Tests\Feature\Requests\StoreMasterDataRequestTest::test_required_validation
Error: Class "App\Models\User" not found

/www/wwwroot/jobportal.prus.dev/tests/Feature/Requests/StoreMasterDataRequestTest.php:29</error>
        </testcase>
        <testcase name="test_string_validation" file="/www/wwwroot/jobportal.prus.dev/tests/Feature/Requests/StoreMasterDataRequestTest.php" line="103" class="Tests\Feature\Requests\StoreMasterDataRequestTest" classname="Tests.Feature.Requests.StoreMasterDataRequestTest" assertions="0" time="0.000000">
          <error type="Error">Tests\Feature\Requests\StoreMasterDataRequestTest::test_string_validation
Error: Class "App\Models\User" not found

/www/wwwroot/jobportal.prus.dev/tests/Feature/Requests/StoreMasterDataRequestTest.php:29</error>
        </testcase>
        <testcase name="test_email_validation" file="/www/wwwroot/jobportal.prus.dev/tests/Feature/Requests/StoreMasterDataRequestTest.php" line="116" class="Tests\Feature\Requests\StoreMasterDataRequestTest" classname="Tests.Feature.Requests.StoreMasterDataRequestTest" assertions="0" time="0.000000">
          <error type="Error">Tests\Feature\Requests\StoreMasterDataRequestTest::test_email_validation
Error: Class "App\Models\User" not found

/www/wwwroot/jobportal.prus.dev/tests/Feature/Requests/StoreMasterDataRequestTest.php:29</error>
        </testcase>
        <testcase name="test_nullable_validation" file="/www/wwwroot/jobportal.prus.dev/tests/Feature/Requests/StoreMasterDataRequestTest.php" line="129" class="Tests\Feature\Requests\StoreMasterDataRequestTest" classname="Tests.Feature.Requests.StoreMasterDataRequestTest" assertions="0" time="0.000000">
          <error type="Error">Tests\Feature\Requests\StoreMasterDataRequestTest::test_nullable_validation
Error: Class "App\Models\User" not found

/www/wwwroot/jobportal.prus.dev/tests/Feature/Requests/StoreMasterDataRequestTest.php:29</error>
        </testcase>
        <testcase name="test_description_validation" file="/www/wwwroot/jobportal.prus.dev/tests/Feature/Requests/StoreMasterDataRequestTest.php" line="142" class="Tests\Feature\Requests\StoreMasterDataRequestTest" classname="Tests.Feature.Requests.StoreMasterDataRequestTest" assertions="0" time="0.000000">
          <error type="Error">Tests\Feature\Requests\StoreMasterDataRequestTest::test_description_validation
Error: Class "App\Models\User" not found

/www/wwwroot/jobportal.prus.dev/tests/Feature/Requests/StoreMasterDataRequestTest.php:29</error>
        </testcase>
        <testcase name="test_status_validation" file="/www/wwwroot/jobportal.prus.dev/tests/Feature/Requests/StoreMasterDataRequestTest.php" line="155" class="Tests\Feature\Requests\StoreMasterDataRequestTest" classname="Tests.Feature.Requests.StoreMasterDataRequestTest" assertions="0" time="0.000000">
          <error type="Error">Tests\Feature\Requests\StoreMasterDataRequestTest::test_status_validation
Error: Class "App\Models\User" not found

/www/wwwroot/jobportal.prus.dev/tests/Feature/Requests/StoreMasterDataRequestTest.php:29</error>
        </testcase>
        <testcase name="test_boolean_validation" file="/www/wwwroot/jobportal.prus.dev/tests/Feature/Requests/StoreMasterDataRequestTest.php" line="168" class="Tests\Feature\Requests\StoreMasterDataRequestTest" classname="Tests.Feature.Requests.StoreMasterDataRequestTest" assertions="0" time="0.000000">
          <error type="Error">Tests\Feature\Requests\StoreMasterDataRequestTest::test_boolean_validation
Error: Class "App\Models\User" not found

/www/wwwroot/jobportal.prus.dev/tests/Feature/Requests/StoreMasterDataRequestTest.php:29</error>
        </testcase>
        <testcase name="test_app_recaptcha_enabled_validation" file="/www/wwwroot/jobportal.prus.dev/tests/Feature/Requests/StoreMasterDataRequestTest.php" line="181" class="Tests\Feature\Requests\StoreMasterDataRequestTest" classname="Tests.Feature.Requests.StoreMasterDataRequestTest" assertions="0" time="0.000000">
          <error type="Error">Tests\Feature\Requests\StoreMasterDataRequestTest::test_app_recaptcha_enabled_validation
Error: Class "App\Models\User" not found

/www/wwwroot/jobportal.prus.dev/tests/Feature/Requests/StoreMasterDataRequestTest.php:29</error>
        </testcase>
        <testcase name="test_validation_recaptcha_required_validation" file="/www/wwwroot/jobportal.prus.dev/tests/Feature/Requests/StoreMasterDataRequestTest.php" line="194" class="Tests\Feature\Requests\StoreMasterDataRequestTest" classname="Tests.Feature.Requests.StoreMasterDataRequestTest" assertions="0" time="0.000000">
          <error type="Error">Tests\Feature\Requests\StoreMasterDataRequestTest::test_validation_recaptcha_required_validation
Error: Class "App\Models\User" not found

/www/wwwroot/jobportal.prus.dev/tests/Feature/Requests/StoreMasterDataRequestTest.php:29</error>
        </testcase>
        <testcase name="test_valid_data_passes_validation" file="/www/wwwroot/jobportal.prus.dev/tests/Feature/Requests/StoreMasterDataRequestTest.php" line="207" class="Tests\Feature\Requests\StoreMasterDataRequestTest" classname="Tests.Feature.Requests.StoreMasterDataRequestTest" assertions="0" time="0.000000">
          <error type="Error">Tests\Feature\Requests\StoreMasterDataRequestTest::test_valid_data_passes_validation
Error: Class "App\Models\User" not found

/www/wwwroot/jobportal.prus.dev/tests/Feature/Requests/StoreMasterDataRequestTest.php:29</error>
        </testcase>
        <testcase name="test_request_handles_empty_data_correctly" file="/www/wwwroot/jobportal.prus.dev/tests/Feature/Requests/StoreMasterDataRequestTest.php" line="229" class="Tests\Feature\Requests\StoreMasterDataRequestTest" classname="Tests.Feature.Requests.StoreMasterDataRequestTest" assertions="0" time="0.000000">
          <error type="Error">Tests\Feature\Requests\StoreMasterDataRequestTest::test_request_handles_empty_data_correctly
Error: Class "App\Models\User" not found

/www/wwwroot/jobportal.prus.dev/tests/Feature/Requests/StoreMasterDataRequestTest.php:29</error>
        </testcase>
        <testcase name="test_security_validation_prevents_xss" file="/www/wwwroot/jobportal.prus.dev/tests/Feature/Requests/StoreMasterDataRequestTest.php" line="241" class="Tests\Feature\Requests\StoreMasterDataRequestTest" classname="Tests.Feature.Requests.StoreMasterDataRequestTest" assertions="0" time="0.000000">
          <error type="Error">Tests\Feature\Requests\StoreMasterDataRequestTest::test_security_validation_prevents_xss
Error: Class "App\Models\User" not found

/www/wwwroot/jobportal.prus.dev/tests/Feature/Requests/StoreMasterDataRequestTest.php:29</error>
        </testcase>
        <testcase name="test_sql_injection_prevention" file="/www/wwwroot/jobportal.prus.dev/tests/Feature/Requests/StoreMasterDataRequestTest.php" line="264" class="Tests\Feature\Requests\StoreMasterDataRequestTest" classname="Tests.Feature.Requests.StoreMasterDataRequestTest" assertions="0" time="0.000000">
          <error type="Error">Tests\Feature\Requests\StoreMasterDataRequestTest::test_sql_injection_prevention
Error: Class "App\Models\User" not found

/www/wwwroot/jobportal.prus.dev/tests/Feature/Requests/StoreMasterDataRequestTest.php:29</error>
        </testcase>
      </testsuite>
      <testsuite name="Tests\Feature\Requests\StoreOwnershipTypeRequestTest" file="/www/wwwroot/jobportal.prus.dev/tests/Feature/Requests/StoreOwnershipTypeRequestTest.php" tests="18" assertions="0" errors="18" failures="0" skipped="0" time="0.000000">
        <testcase name="test_authorization_returns_true" file="/www/wwwroot/jobportal.prus.dev/tests/Feature/Requests/StoreOwnershipTypeRequestTest.php" line="33" class="Tests\Feature\Requests\StoreOwnershipTypeRequestTest" classname="Tests.Feature.Requests.StoreOwnershipTypeRequestTest" assertions="0" time="0.000000">
          <error type="Error">Tests\Feature\Requests\StoreOwnershipTypeRequestTest::test_authorization_returns_true
Error: Class "App\Models\User" not found

/www/wwwroot/jobportal.prus.dev/tests/Feature/Requests/StoreOwnershipTypeRequestTest.php:29</error>
        </testcase>
        <testcase name="test_validation_rules_are_defined" file="/www/wwwroot/jobportal.prus.dev/tests/Feature/Requests/StoreOwnershipTypeRequestTest.php" line="41" class="Tests\Feature\Requests\StoreOwnershipTypeRequestTest" classname="Tests.Feature.Requests.StoreOwnershipTypeRequestTest" assertions="0" time="0.000000">
          <error type="Error">Tests\Feature\Requests\StoreOwnershipTypeRequestTest::test_validation_rules_are_defined
Error: Class "App\Models\User" not found

/www/wwwroot/jobportal.prus.dev/tests/Feature/Requests/StoreOwnershipTypeRequestTest.php:29</error>
        </testcase>
        <testcase name="test_validation_messages_are_defined" file="/www/wwwroot/jobportal.prus.dev/tests/Feature/Requests/StoreOwnershipTypeRequestTest.php" line="51" class="Tests\Feature\Requests\StoreOwnershipTypeRequestTest" classname="Tests.Feature.Requests.StoreOwnershipTypeRequestTest" assertions="0" time="0.000000">
          <error type="Error">Tests\Feature\Requests\StoreOwnershipTypeRequestTest::test_validation_messages_are_defined
Error: Class "App\Models\User" not found

/www/wwwroot/jobportal.prus.dev/tests/Feature/Requests/StoreOwnershipTypeRequestTest.php:29</error>
        </testcase>
        <testcase name="test_validation_attributes_are_defined" file="/www/wwwroot/jobportal.prus.dev/tests/Feature/Requests/StoreOwnershipTypeRequestTest.php" line="64" class="Tests\Feature\Requests\StoreOwnershipTypeRequestTest" classname="Tests.Feature.Requests.StoreOwnershipTypeRequestTest" assertions="0" time="0.000000">
          <error type="Error">Tests\Feature\Requests\StoreOwnershipTypeRequestTest::test_validation_attributes_are_defined
Error: Class "App\Models\User" not found

/www/wwwroot/jobportal.prus.dev/tests/Feature/Requests/StoreOwnershipTypeRequestTest.php:29</error>
        </testcase>
        <testcase name="test_name_validation" file="/www/wwwroot/jobportal.prus.dev/tests/Feature/Requests/StoreOwnershipTypeRequestTest.php" line="77" class="Tests\Feature\Requests\StoreOwnershipTypeRequestTest" classname="Tests.Feature.Requests.StoreOwnershipTypeRequestTest" assertions="0" time="0.000000">
          <error type="Error">Tests\Feature\Requests\StoreOwnershipTypeRequestTest::test_name_validation
Error: Class "App\Models\User" not found

/www/wwwroot/jobportal.prus.dev/tests/Feature/Requests/StoreOwnershipTypeRequestTest.php:29</error>
        </testcase>
        <testcase name="test_required_validation" file="/www/wwwroot/jobportal.prus.dev/tests/Feature/Requests/StoreOwnershipTypeRequestTest.php" line="90" class="Tests\Feature\Requests\StoreOwnershipTypeRequestTest" classname="Tests.Feature.Requests.StoreOwnershipTypeRequestTest" assertions="0" time="0.000000">
          <error type="Error">Tests\Feature\Requests\StoreOwnershipTypeRequestTest::test_required_validation
Error: Class "App\Models\User" not found

/www/wwwroot/jobportal.prus.dev/tests/Feature/Requests/StoreOwnershipTypeRequestTest.php:29</error>
        </testcase>
        <testcase name="test_string_validation" file="/www/wwwroot/jobportal.prus.dev/tests/Feature/Requests/StoreOwnershipTypeRequestTest.php" line="103" class="Tests\Feature\Requests\StoreOwnershipTypeRequestTest" classname="Tests.Feature.Requests.StoreOwnershipTypeRequestTest" assertions="0" time="0.000000">
          <error type="Error">Tests\Feature\Requests\StoreOwnershipTypeRequestTest::test_string_validation
Error: Class "App\Models\User" not found

/www/wwwroot/jobportal.prus.dev/tests/Feature/Requests/StoreOwnershipTypeRequestTest.php:29</error>
        </testcase>
        <testcase name="test_email_validation" file="/www/wwwroot/jobportal.prus.dev/tests/Feature/Requests/StoreOwnershipTypeRequestTest.php" line="116" class="Tests\Feature\Requests\StoreOwnershipTypeRequestTest" classname="Tests.Feature.Requests.StoreOwnershipTypeRequestTest" assertions="0" time="0.000000">
          <error type="Error">Tests\Feature\Requests\StoreOwnershipTypeRequestTest::test_email_validation
Error: Class "App\Models\User" not found

/www/wwwroot/jobportal.prus.dev/tests/Feature/Requests/StoreOwnershipTypeRequestTest.php:29</error>
        </testcase>
        <testcase name="test_nullable_validation" file="/www/wwwroot/jobportal.prus.dev/tests/Feature/Requests/StoreOwnershipTypeRequestTest.php" line="129" class="Tests\Feature\Requests\StoreOwnershipTypeRequestTest" classname="Tests.Feature.Requests.StoreOwnershipTypeRequestTest" assertions="0" time="0.000000">
          <error type="Error">Tests\Feature\Requests\StoreOwnershipTypeRequestTest::test_nullable_validation
Error: Class "App\Models\User" not found

/www/wwwroot/jobportal.prus.dev/tests/Feature/Requests/StoreOwnershipTypeRequestTest.php:29</error>
        </testcase>
        <testcase name="test_description_validation" file="/www/wwwroot/jobportal.prus.dev/tests/Feature/Requests/StoreOwnershipTypeRequestTest.php" line="142" class="Tests\Feature\Requests\StoreOwnershipTypeRequestTest" classname="Tests.Feature.Requests.StoreOwnershipTypeRequestTest" assertions="0" time="0.000000">
          <error type="Error">Tests\Feature\Requests\StoreOwnershipTypeRequestTest::test_description_validation
Error: Class "App\Models\User" not found

/www/wwwroot/jobportal.prus.dev/tests/Feature/Requests/StoreOwnershipTypeRequestTest.php:29</error>
        </testcase>
        <testcase name="test_status_validation" file="/www/wwwroot/jobportal.prus.dev/tests/Feature/Requests/StoreOwnershipTypeRequestTest.php" line="155" class="Tests\Feature\Requests\StoreOwnershipTypeRequestTest" classname="Tests.Feature.Requests.StoreOwnershipTypeRequestTest" assertions="0" time="0.000000">
          <error type="Error">Tests\Feature\Requests\StoreOwnershipTypeRequestTest::test_status_validation
Error: Class "App\Models\User" not found

/www/wwwroot/jobportal.prus.dev/tests/Feature/Requests/StoreOwnershipTypeRequestTest.php:29</error>
        </testcase>
        <testcase name="test_boolean_validation" file="/www/wwwroot/jobportal.prus.dev/tests/Feature/Requests/StoreOwnershipTypeRequestTest.php" line="168" class="Tests\Feature\Requests\StoreOwnershipTypeRequestTest" classname="Tests.Feature.Requests.StoreOwnershipTypeRequestTest" assertions="0" time="0.000000">
          <error type="Error">Tests\Feature\Requests\StoreOwnershipTypeRequestTest::test_boolean_validation
Error: Class "App\Models\User" not found

/www/wwwroot/jobportal.prus.dev/tests/Feature/Requests/StoreOwnershipTypeRequestTest.php:29</error>
        </testcase>
        <testcase name="test_app_recaptcha_enabled_validation" file="/www/wwwroot/jobportal.prus.dev/tests/Feature/Requests/StoreOwnershipTypeRequestTest.php" line="181" class="Tests\Feature\Requests\StoreOwnershipTypeRequestTest" classname="Tests.Feature.Requests.StoreOwnershipTypeRequestTest" assertions="0" time="0.000000">
          <error type="Error">Tests\Feature\Requests\StoreOwnershipTypeRequestTest::test_app_recaptcha_enabled_validation
Error: Class "App\Models\User" not found

/www/wwwroot/jobportal.prus.dev/tests/Feature/Requests/StoreOwnershipTypeRequestTest.php:29</error>
        </testcase>
        <testcase name="test_validation_recaptcha_required_validation" file="/www/wwwroot/jobportal.prus.dev/tests/Feature/Requests/StoreOwnershipTypeRequestTest.php" line="194" class="Tests\Feature\Requests\StoreOwnershipTypeRequestTest" classname="Tests.Feature.Requests.StoreOwnershipTypeRequestTest" assertions="0" time="0.000000">
          <error type="Error">Tests\Feature\Requests\StoreOwnershipTypeRequestTest::test_validation_recaptcha_required_validation
Error: Class "App\Models\User" not found

/www/wwwroot/jobportal.prus.dev/tests/Feature/Requests/StoreOwnershipTypeRequestTest.php:29</error>
        </testcase>
        <testcase name="test_valid_data_passes_validation" file="/www/wwwroot/jobportal.prus.dev/tests/Feature/Requests/StoreOwnershipTypeRequestTest.php" line="207" class="Tests\Feature\Requests\StoreOwnershipTypeRequestTest" classname="Tests.Feature.Requests.StoreOwnershipTypeRequestTest" assertions="0" time="0.000000">
          <error type="Error">Tests\Feature\Requests\StoreOwnershipTypeRequestTest::test_valid_data_passes_validation
Error: Class "App\Models\User" not found

/www/wwwroot/jobportal.prus.dev/tests/Feature/Requests/StoreOwnershipTypeRequestTest.php:29</error>
        </testcase>
        <testcase name="test_request_handles_empty_data_correctly" file="/www/wwwroot/jobportal.prus.dev/tests/Feature/Requests/StoreOwnershipTypeRequestTest.php" line="229" class="Tests\Feature\Requests\StoreOwnershipTypeRequestTest" classname="Tests.Feature.Requests.StoreOwnershipTypeRequestTest" assertions="0" time="0.000000">
          <error type="Error">Tests\Feature\Requests\StoreOwnershipTypeRequestTest::test_request_handles_empty_data_correctly
Error: Class "App\Models\User" not found

/www/wwwroot/jobportal.prus.dev/tests/Feature/Requests/StoreOwnershipTypeRequestTest.php:29</error>
        </testcase>
        <testcase name="test_security_validation_prevents_xss" file="/www/wwwroot/jobportal.prus.dev/tests/Feature/Requests/StoreOwnershipTypeRequestTest.php" line="241" class="Tests\Feature\Requests\StoreOwnershipTypeRequestTest" classname="Tests.Feature.Requests.StoreOwnershipTypeRequestTest" assertions="0" time="0.000000">
          <error type="Error">Tests\Feature\Requests\StoreOwnershipTypeRequestTest::test_security_validation_prevents_xss
Error: Class "App\Models\User" not found

/www/wwwroot/jobportal.prus.dev/tests/Feature/Requests/StoreOwnershipTypeRequestTest.php:29</error>
        </testcase>
        <testcase name="test_sql_injection_prevention" file="/www/wwwroot/jobportal.prus.dev/tests/Feature/Requests/StoreOwnershipTypeRequestTest.php" line="264" class="Tests\Feature\Requests\StoreOwnershipTypeRequestTest" classname="Tests.Feature.Requests.StoreOwnershipTypeRequestTest" assertions="0" time="0.000000">
          <error type="Error">Tests\Feature\Requests\StoreOwnershipTypeRequestTest::test_sql_injection_prevention
Error: Class "App\Models\User" not found

/www/wwwroot/jobportal.prus.dev/tests/Feature/Requests/StoreOwnershipTypeRequestTest.php:29</error>
        </testcase>
      </testsuite>
      <testsuite name="Tests\Feature\Requests\StoreReportedJobRequestTest" file="/www/wwwroot/jobportal.prus.dev/tests/Feature/Requests/StoreReportedJobRequestTest.php" tests="18" assertions="0" errors="18" failures="0" skipped="0" time="0.000000">
        <testcase name="test_authorization_returns_true" file="/www/wwwroot/jobportal.prus.dev/tests/Feature/Requests/StoreReportedJobRequestTest.php" line="33" class="Tests\Feature\Requests\StoreReportedJobRequestTest" classname="Tests.Feature.Requests.StoreReportedJobRequestTest" assertions="0" time="0.000000">
          <error type="Error">Tests\Feature\Requests\StoreReportedJobRequestTest::test_authorization_returns_true
Error: Class "App\Models\User" not found

/www/wwwroot/jobportal.prus.dev/tests/Feature/Requests/StoreReportedJobRequestTest.php:29</error>
        </testcase>
        <testcase name="test_validation_rules_are_defined" file="/www/wwwroot/jobportal.prus.dev/tests/Feature/Requests/StoreReportedJobRequestTest.php" line="41" class="Tests\Feature\Requests\StoreReportedJobRequestTest" classname="Tests.Feature.Requests.StoreReportedJobRequestTest" assertions="0" time="0.000000">
          <error type="Error">Tests\Feature\Requests\StoreReportedJobRequestTest::test_validation_rules_are_defined
Error: Class "App\Models\User" not found

/www/wwwroot/jobportal.prus.dev/tests/Feature/Requests/StoreReportedJobRequestTest.php:29</error>
        </testcase>
        <testcase name="test_validation_messages_are_defined" file="/www/wwwroot/jobportal.prus.dev/tests/Feature/Requests/StoreReportedJobRequestTest.php" line="51" class="Tests\Feature\Requests\StoreReportedJobRequestTest" classname="Tests.Feature.Requests.StoreReportedJobRequestTest" assertions="0" time="0.000000">
          <error type="Error">Tests\Feature\Requests\StoreReportedJobRequestTest::test_validation_messages_are_defined
Error: Class "App\Models\User" not found

/www/wwwroot/jobportal.prus.dev/tests/Feature/Requests/StoreReportedJobRequestTest.php:29</error>
        </testcase>
        <testcase name="test_validation_attributes_are_defined" file="/www/wwwroot/jobportal.prus.dev/tests/Feature/Requests/StoreReportedJobRequestTest.php" line="64" class="Tests\Feature\Requests\StoreReportedJobRequestTest" classname="Tests.Feature.Requests.StoreReportedJobRequestTest" assertions="0" time="0.000000">
          <error type="Error">Tests\Feature\Requests\StoreReportedJobRequestTest::test_validation_attributes_are_defined
Error: Class "App\Models\User" not found

/www/wwwroot/jobportal.prus.dev/tests/Feature/Requests/StoreReportedJobRequestTest.php:29</error>
        </testcase>
        <testcase name="test_name_validation" file="/www/wwwroot/jobportal.prus.dev/tests/Feature/Requests/StoreReportedJobRequestTest.php" line="77" class="Tests\Feature\Requests\StoreReportedJobRequestTest" classname="Tests.Feature.Requests.StoreReportedJobRequestTest" assertions="0" time="0.000000">
          <error type="Error">Tests\Feature\Requests\StoreReportedJobRequestTest::test_name_validation
Error: Class "App\Models\User" not found

/www/wwwroot/jobportal.prus.dev/tests/Feature/Requests/StoreReportedJobRequestTest.php:29</error>
        </testcase>
        <testcase name="test_required_validation" file="/www/wwwroot/jobportal.prus.dev/tests/Feature/Requests/StoreReportedJobRequestTest.php" line="90" class="Tests\Feature\Requests\StoreReportedJobRequestTest" classname="Tests.Feature.Requests.StoreReportedJobRequestTest" assertions="0" time="0.000000">
          <error type="Error">Tests\Feature\Requests\StoreReportedJobRequestTest::test_required_validation
Error: Class "App\Models\User" not found

/www/wwwroot/jobportal.prus.dev/tests/Feature/Requests/StoreReportedJobRequestTest.php:29</error>
        </testcase>
        <testcase name="test_string_validation" file="/www/wwwroot/jobportal.prus.dev/tests/Feature/Requests/StoreReportedJobRequestTest.php" line="103" class="Tests\Feature\Requests\StoreReportedJobRequestTest" classname="Tests.Feature.Requests.StoreReportedJobRequestTest" assertions="0" time="0.000000">
          <error type="Error">Tests\Feature\Requests\StoreReportedJobRequestTest::test_string_validation
Error: Class "App\Models\User" not found

/www/wwwroot/jobportal.prus.dev/tests/Feature/Requests/StoreReportedJobRequestTest.php:29</error>
        </testcase>
        <testcase name="test_email_validation" file="/www/wwwroot/jobportal.prus.dev/tests/Feature/Requests/StoreReportedJobRequestTest.php" line="116" class="Tests\Feature\Requests\StoreReportedJobRequestTest" classname="Tests.Feature.Requests.StoreReportedJobRequestTest" assertions="0" time="0.000000">
          <error type="Error">Tests\Feature\Requests\StoreReportedJobRequestTest::test_email_validation
Error: Class "App\Models\User" not found

/www/wwwroot/jobportal.prus.dev/tests/Feature/Requests/StoreReportedJobRequestTest.php:29</error>
        </testcase>
        <testcase name="test_nullable_validation" file="/www/wwwroot/jobportal.prus.dev/tests/Feature/Requests/StoreReportedJobRequestTest.php" line="129" class="Tests\Feature\Requests\StoreReportedJobRequestTest" classname="Tests.Feature.Requests.StoreReportedJobRequestTest" assertions="0" time="0.000000">
          <error type="Error">Tests\Feature\Requests\StoreReportedJobRequestTest::test_nullable_validation
Error: Class "App\Models\User" not found

/www/wwwroot/jobportal.prus.dev/tests/Feature/Requests/StoreReportedJobRequestTest.php:29</error>
        </testcase>
        <testcase name="test_description_validation" file="/www/wwwroot/jobportal.prus.dev/tests/Feature/Requests/StoreReportedJobRequestTest.php" line="142" class="Tests\Feature\Requests\StoreReportedJobRequestTest" classname="Tests.Feature.Requests.StoreReportedJobRequestTest" assertions="0" time="0.000000">
          <error type="Error">Tests\Feature\Requests\StoreReportedJobRequestTest::test_description_validation
Error: Class "App\Models\User" not found

/www/wwwroot/jobportal.prus.dev/tests/Feature/Requests/StoreReportedJobRequestTest.php:29</error>
        </testcase>
        <testcase name="test_status_validation" file="/www/wwwroot/jobportal.prus.dev/tests/Feature/Requests/StoreReportedJobRequestTest.php" line="155" class="Tests\Feature\Requests\StoreReportedJobRequestTest" classname="Tests.Feature.Requests.StoreReportedJobRequestTest" assertions="0" time="0.000000">
          <error type="Error">Tests\Feature\Requests\StoreReportedJobRequestTest::test_status_validation
Error: Class "App\Models\User" not found

/www/wwwroot/jobportal.prus.dev/tests/Feature/Requests/StoreReportedJobRequestTest.php:29</error>
        </testcase>
        <testcase name="test_boolean_validation" file="/www/wwwroot/jobportal.prus.dev/tests/Feature/Requests/StoreReportedJobRequestTest.php" line="168" class="Tests\Feature\Requests\StoreReportedJobRequestTest" classname="Tests.Feature.Requests.StoreReportedJobRequestTest" assertions="0" time="0.000000">
          <error type="Error">Tests\Feature\Requests\StoreReportedJobRequestTest::test_boolean_validation
Error: Class "App\Models\User" not found

/www/wwwroot/jobportal.prus.dev/tests/Feature/Requests/StoreReportedJobRequestTest.php:29</error>
        </testcase>
        <testcase name="test_app_recaptcha_enabled_validation" file="/www/wwwroot/jobportal.prus.dev/tests/Feature/Requests/StoreReportedJobRequestTest.php" line="181" class="Tests\Feature\Requests\StoreReportedJobRequestTest" classname="Tests.Feature.Requests.StoreReportedJobRequestTest" assertions="0" time="0.000000">
          <error type="Error">Tests\Feature\Requests\StoreReportedJobRequestTest::test_app_recaptcha_enabled_validation
Error: Class "App\Models\User" not found

/www/wwwroot/jobportal.prus.dev/tests/Feature/Requests/StoreReportedJobRequestTest.php:29</error>
        </testcase>
        <testcase name="test_validation_recaptcha_required_validation" file="/www/wwwroot/jobportal.prus.dev/tests/Feature/Requests/StoreReportedJobRequestTest.php" line="194" class="Tests\Feature\Requests\StoreReportedJobRequestTest" classname="Tests.Feature.Requests.StoreReportedJobRequestTest" assertions="0" time="0.000000">
          <error type="Error">Tests\Feature\Requests\StoreReportedJobRequestTest::test_validation_recaptcha_required_validation
Error: Class "App\Models\User" not found

/www/wwwroot/jobportal.prus.dev/tests/Feature/Requests/StoreReportedJobRequestTest.php:29</error>
        </testcase>
        <testcase name="test_valid_data_passes_validation" file="/www/wwwroot/jobportal.prus.dev/tests/Feature/Requests/StoreReportedJobRequestTest.php" line="207" class="Tests\Feature\Requests\StoreReportedJobRequestTest" classname="Tests.Feature.Requests.StoreReportedJobRequestTest" assertions="0" time="0.000000">
          <error type="Error">Tests\Feature\Requests\StoreReportedJobRequestTest::test_valid_data_passes_validation
Error: Class "App\Models\User" not found

/www/wwwroot/jobportal.prus.dev/tests/Feature/Requests/StoreReportedJobRequestTest.php:29</error>
        </testcase>
        <testcase name="test_request_handles_empty_data_correctly" file="/www/wwwroot/jobportal.prus.dev/tests/Feature/Requests/StoreReportedJobRequestTest.php" line="229" class="Tests\Feature\Requests\StoreReportedJobRequestTest" classname="Tests.Feature.Requests.StoreReportedJobRequestTest" assertions="0" time="0.000000">
          <error type="Error">Tests\Feature\Requests\StoreReportedJobRequestTest::test_request_handles_empty_data_correctly
Error: Class "App\Models\User" not found

/www/wwwroot/jobportal.prus.dev/tests/Feature/Requests/StoreReportedJobRequestTest.php:29</error>
        </testcase>
        <testcase name="test_security_validation_prevents_xss" file="/www/wwwroot/jobportal.prus.dev/tests/Feature/Requests/StoreReportedJobRequestTest.php" line="241" class="Tests\Feature\Requests\StoreReportedJobRequestTest" classname="Tests.Feature.Requests.StoreReportedJobRequestTest" assertions="0" time="0.000000">
          <error type="Error">Tests\Feature\Requests\StoreReportedJobRequestTest::test_security_validation_prevents_xss
Error: Class "App\Models\User" not found

/www/wwwroot/jobportal.prus.dev/tests/Feature/Requests/StoreReportedJobRequestTest.php:29</error>
        </testcase>
        <testcase name="test_sql_injection_prevention" file="/www/wwwroot/jobportal.prus.dev/tests/Feature/Requests/StoreReportedJobRequestTest.php" line="264" class="Tests\Feature\Requests\StoreReportedJobRequestTest" classname="Tests.Feature.Requests.StoreReportedJobRequestTest" assertions="0" time="0.000000">
          <error type="Error">Tests\Feature\Requests\StoreReportedJobRequestTest::test_sql_injection_prevention
Error: Class "App\Models\User" not found

/www/wwwroot/jobportal.prus.dev/tests/Feature/Requests/StoreReportedJobRequestTest.php:29</error>
        </testcase>
      </testsuite>
      <testsuite name="Tests\Feature\Requests\StoreTransactionRequestTest" file="/www/wwwroot/jobportal.prus.dev/tests/Feature/Requests/StoreTransactionRequestTest.php" tests="15" assertions="0" errors="15" failures="0" skipped="0" time="0.000000">
        <testcase name="test_authorization_returns_true" file="/www/wwwroot/jobportal.prus.dev/tests/Feature/Requests/StoreTransactionRequestTest.php" line="33" class="Tests\Feature\Requests\StoreTransactionRequestTest" classname="Tests.Feature.Requests.StoreTransactionRequestTest" assertions="0" time="0.000000">
          <error type="Error">Tests\Feature\Requests\StoreTransactionRequestTest::test_authorization_returns_true
Error: Class "App\Models\User" not found

/www/wwwroot/jobportal.prus.dev/tests/Feature/Requests/StoreTransactionRequestTest.php:29</error>
        </testcase>
        <testcase name="test_validation_rules_are_defined" file="/www/wwwroot/jobportal.prus.dev/tests/Feature/Requests/StoreTransactionRequestTest.php" line="41" class="Tests\Feature\Requests\StoreTransactionRequestTest" classname="Tests.Feature.Requests.StoreTransactionRequestTest" assertions="0" time="0.000000">
          <error type="Error">Tests\Feature\Requests\StoreTransactionRequestTest::test_validation_rules_are_defined
Error: Class "App\Models\User" not found

/www/wwwroot/jobportal.prus.dev/tests/Feature/Requests/StoreTransactionRequestTest.php:29</error>
        </testcase>
        <testcase name="test_validation_messages_are_defined" file="/www/wwwroot/jobportal.prus.dev/tests/Feature/Requests/StoreTransactionRequestTest.php" line="51" class="Tests\Feature\Requests\StoreTransactionRequestTest" classname="Tests.Feature.Requests.StoreTransactionRequestTest" assertions="0" time="0.000000">
          <error type="Error">Tests\Feature\Requests\StoreTransactionRequestTest::test_validation_messages_are_defined
Error: Class "App\Models\User" not found

/www/wwwroot/jobportal.prus.dev/tests/Feature/Requests/StoreTransactionRequestTest.php:29</error>
        </testcase>
        <testcase name="test_validation_attributes_are_defined" file="/www/wwwroot/jobportal.prus.dev/tests/Feature/Requests/StoreTransactionRequestTest.php" line="64" class="Tests\Feature\Requests\StoreTransactionRequestTest" classname="Tests.Feature.Requests.StoreTransactionRequestTest" assertions="0" time="0.000000">
          <error type="Error">Tests\Feature\Requests\StoreTransactionRequestTest::test_validation_attributes_are_defined
Error: Class "App\Models\User" not found

/www/wwwroot/jobportal.prus.dev/tests/Feature/Requests/StoreTransactionRequestTest.php:29</error>
        </testcase>
        <testcase name="test_user_id_validation" file="/www/wwwroot/jobportal.prus.dev/tests/Feature/Requests/StoreTransactionRequestTest.php" line="77" class="Tests\Feature\Requests\StoreTransactionRequestTest" classname="Tests.Feature.Requests.StoreTransactionRequestTest" assertions="0" time="0.000000">
          <error type="Error">Tests\Feature\Requests\StoreTransactionRequestTest::test_user_id_validation
Error: Class "App\Models\User" not found

/www/wwwroot/jobportal.prus.dev/tests/Feature/Requests/StoreTransactionRequestTest.php:29</error>
        </testcase>
        <testcase name="test_subscription_plan_id_validation" file="/www/wwwroot/jobportal.prus.dev/tests/Feature/Requests/StoreTransactionRequestTest.php" line="90" class="Tests\Feature\Requests\StoreTransactionRequestTest" classname="Tests.Feature.Requests.StoreTransactionRequestTest" assertions="0" time="0.000000">
          <error type="Error">Tests\Feature\Requests\StoreTransactionRequestTest::test_subscription_plan_id_validation
Error: Class "App\Models\User" not found

/www/wwwroot/jobportal.prus.dev/tests/Feature/Requests/StoreTransactionRequestTest.php:29</error>
        </testcase>
        <testcase name="test_transaction_id_validation" file="/www/wwwroot/jobportal.prus.dev/tests/Feature/Requests/StoreTransactionRequestTest.php" line="103" class="Tests\Feature\Requests\StoreTransactionRequestTest" classname="Tests.Feature.Requests.StoreTransactionRequestTest" assertions="0" time="0.000000">
          <error type="Error">Tests\Feature\Requests\StoreTransactionRequestTest::test_transaction_id_validation
Error: Class "App\Models\User" not found

/www/wwwroot/jobportal.prus.dev/tests/Feature/Requests/StoreTransactionRequestTest.php:29</error>
        </testcase>
        <testcase name="test_amount_validation" file="/www/wwwroot/jobportal.prus.dev/tests/Feature/Requests/StoreTransactionRequestTest.php" line="116" class="Tests\Feature\Requests\StoreTransactionRequestTest" classname="Tests.Feature.Requests.StoreTransactionRequestTest" assertions="0" time="0.000000">
          <error type="Error">Tests\Feature\Requests\StoreTransactionRequestTest::test_amount_validation
Error: Class "App\Models\User" not found

/www/wwwroot/jobportal.prus.dev/tests/Feature/Requests/StoreTransactionRequestTest.php:29</error>
        </testcase>
        <testcase name="test_payment_type_validation" file="/www/wwwroot/jobportal.prus.dev/tests/Feature/Requests/StoreTransactionRequestTest.php" line="129" class="Tests\Feature\Requests\StoreTransactionRequestTest" classname="Tests.Feature.Requests.StoreTransactionRequestTest" assertions="0" time="0.000000">
          <error type="Error">Tests\Feature\Requests\StoreTransactionRequestTest::test_payment_type_validation
Error: Class "App\Models\User" not found

/www/wwwroot/jobportal.prus.dev/tests/Feature/Requests/StoreTransactionRequestTest.php:29</error>
        </testcase>
        <testcase name="test_status_validation" file="/www/wwwroot/jobportal.prus.dev/tests/Feature/Requests/StoreTransactionRequestTest.php" line="142" class="Tests\Feature\Requests\StoreTransactionRequestTest" classname="Tests.Feature.Requests.StoreTransactionRequestTest" assertions="0" time="0.000000">
          <error type="Error">Tests\Feature\Requests\StoreTransactionRequestTest::test_status_validation
Error: Class "App\Models\User" not found

/www/wwwroot/jobportal.prus.dev/tests/Feature/Requests/StoreTransactionRequestTest.php:29</error>
        </testcase>
        <testcase name="test_meta_validation" file="/www/wwwroot/jobportal.prus.dev/tests/Feature/Requests/StoreTransactionRequestTest.php" line="155" class="Tests\Feature\Requests\StoreTransactionRequestTest" classname="Tests.Feature.Requests.StoreTransactionRequestTest" assertions="0" time="0.000000">
          <error type="Error">Tests\Feature\Requests\StoreTransactionRequestTest::test_meta_validation
Error: Class "App\Models\User" not found

/www/wwwroot/jobportal.prus.dev/tests/Feature/Requests/StoreTransactionRequestTest.php:29</error>
        </testcase>
        <testcase name="test_valid_data_passes_validation" file="/www/wwwroot/jobportal.prus.dev/tests/Feature/Requests/StoreTransactionRequestTest.php" line="168" class="Tests\Feature\Requests\StoreTransactionRequestTest" classname="Tests.Feature.Requests.StoreTransactionRequestTest" assertions="0" time="0.000000">
          <error type="Error">Tests\Feature\Requests\StoreTransactionRequestTest::test_valid_data_passes_validation
Error: Class "App\Models\User" not found

/www/wwwroot/jobportal.prus.dev/tests/Feature/Requests/StoreTransactionRequestTest.php:29</error>
        </testcase>
        <testcase name="test_request_handles_empty_data_correctly" file="/www/wwwroot/jobportal.prus.dev/tests/Feature/Requests/StoreTransactionRequestTest.php" line="187" class="Tests\Feature\Requests\StoreTransactionRequestTest" classname="Tests.Feature.Requests.StoreTransactionRequestTest" assertions="0" time="0.000000">
          <error type="Error">Tests\Feature\Requests\StoreTransactionRequestTest::test_request_handles_empty_data_correctly
Error: Class "App\Models\User" not found

/www/wwwroot/jobportal.prus.dev/tests/Feature/Requests/StoreTransactionRequestTest.php:29</error>
        </testcase>
        <testcase name="test_security_validation_prevents_xss" file="/www/wwwroot/jobportal.prus.dev/tests/Feature/Requests/StoreTransactionRequestTest.php" line="199" class="Tests\Feature\Requests\StoreTransactionRequestTest" classname="Tests.Feature.Requests.StoreTransactionRequestTest" assertions="0" time="0.000000">
          <error type="Error">Tests\Feature\Requests\StoreTransactionRequestTest::test_security_validation_prevents_xss
Error: Class "App\Models\User" not found

/www/wwwroot/jobportal.prus.dev/tests/Feature/Requests/StoreTransactionRequestTest.php:29</error>
        </testcase>
        <testcase name="test_sql_injection_prevention" file="/www/wwwroot/jobportal.prus.dev/tests/Feature/Requests/StoreTransactionRequestTest.php" line="222" class="Tests\Feature\Requests\StoreTransactionRequestTest" classname="Tests.Feature.Requests.StoreTransactionRequestTest" assertions="0" time="0.000000">
          <error type="Error">Tests\Feature\Requests\StoreTransactionRequestTest::test_sql_injection_prevention
Error: Class "App\Models\User" not found

/www/wwwroot/jobportal.prus.dev/tests/Feature/Requests/StoreTransactionRequestTest.php:29</error>
        </testcase>
      </testsuite>
      <testsuite name="Tests\Feature\Requests\StoreUserRequestTest" file="/www/wwwroot/jobportal.prus.dev/tests/Feature/Requests/StoreUserRequestTest.php" tests="36" assertions="0" errors="36" failures="0" skipped="0" time="0.000000">
        <testcase name="test_authorization_returns_true" file="/www/wwwroot/jobportal.prus.dev/tests/Feature/Requests/StoreUserRequestTest.php" line="33" class="Tests\Feature\Requests\StoreUserRequestTest" classname="Tests.Feature.Requests.StoreUserRequestTest" assertions="0" time="0.000000">
          <error type="Error">Tests\Feature\Requests\StoreUserRequestTest::test_authorization_returns_true
Error: Class "App\Models\User" not found

/www/wwwroot/jobportal.prus.dev/tests/Feature/Requests/StoreUserRequestTest.php:29</error>
        </testcase>
        <testcase name="test_validation_rules_are_defined" file="/www/wwwroot/jobportal.prus.dev/tests/Feature/Requests/StoreUserRequestTest.php" line="41" class="Tests\Feature\Requests\StoreUserRequestTest" classname="Tests.Feature.Requests.StoreUserRequestTest" assertions="0" time="0.000000">
          <error type="Error">Tests\Feature\Requests\StoreUserRequestTest::test_validation_rules_are_defined
Error: Class "App\Models\User" not found

/www/wwwroot/jobportal.prus.dev/tests/Feature/Requests/StoreUserRequestTest.php:29</error>
        </testcase>
        <testcase name="test_validation_messages_are_defined" file="/www/wwwroot/jobportal.prus.dev/tests/Feature/Requests/StoreUserRequestTest.php" line="51" class="Tests\Feature\Requests\StoreUserRequestTest" classname="Tests.Feature.Requests.StoreUserRequestTest" assertions="0" time="0.000000">
          <error type="Error">Tests\Feature\Requests\StoreUserRequestTest::test_validation_messages_are_defined
Error: Class "App\Models\User" not found

/www/wwwroot/jobportal.prus.dev/tests/Feature/Requests/StoreUserRequestTest.php:29</error>
        </testcase>
        <testcase name="test_validation_attributes_are_defined" file="/www/wwwroot/jobportal.prus.dev/tests/Feature/Requests/StoreUserRequestTest.php" line="64" class="Tests\Feature\Requests\StoreUserRequestTest" classname="Tests.Feature.Requests.StoreUserRequestTest" assertions="0" time="0.000000">
          <error type="Error">Tests\Feature\Requests\StoreUserRequestTest::test_validation_attributes_are_defined
Error: Class "App\Models\User" not found

/www/wwwroot/jobportal.prus.dev/tests/Feature/Requests/StoreUserRequestTest.php:29</error>
        </testcase>
        <testcase name="test_first_name_validation" file="/www/wwwroot/jobportal.prus.dev/tests/Feature/Requests/StoreUserRequestTest.php" line="77" class="Tests\Feature\Requests\StoreUserRequestTest" classname="Tests.Feature.Requests.StoreUserRequestTest" assertions="0" time="0.000000">
          <error type="Error">Tests\Feature\Requests\StoreUserRequestTest::test_first_name_validation
Error: Class "App\Models\User" not found

/www/wwwroot/jobportal.prus.dev/tests/Feature/Requests/StoreUserRequestTest.php:29</error>
        </testcase>
        <testcase name="test_required_validation" file="/www/wwwroot/jobportal.prus.dev/tests/Feature/Requests/StoreUserRequestTest.php" line="90" class="Tests\Feature\Requests\StoreUserRequestTest" classname="Tests.Feature.Requests.StoreUserRequestTest" assertions="0" time="0.000000">
          <error type="Error">Tests\Feature\Requests\StoreUserRequestTest::test_required_validation
Error: Class "App\Models\User" not found

/www/wwwroot/jobportal.prus.dev/tests/Feature/Requests/StoreUserRequestTest.php:29</error>
        </testcase>
        <testcase name="test_string_validation" file="/www/wwwroot/jobportal.prus.dev/tests/Feature/Requests/StoreUserRequestTest.php" line="103" class="Tests\Feature\Requests\StoreUserRequestTest" classname="Tests.Feature.Requests.StoreUserRequestTest" assertions="0" time="0.000000">
          <error type="Error">Tests\Feature\Requests\StoreUserRequestTest::test_string_validation
Error: Class "App\Models\User" not found

/www/wwwroot/jobportal.prus.dev/tests/Feature/Requests/StoreUserRequestTest.php:29</error>
        </testcase>
        <testcase name="test_last_name_validation" file="/www/wwwroot/jobportal.prus.dev/tests/Feature/Requests/StoreUserRequestTest.php" line="116" class="Tests\Feature\Requests\StoreUserRequestTest" classname="Tests.Feature.Requests.StoreUserRequestTest" assertions="0" time="0.000000">
          <error type="Error">Tests\Feature\Requests\StoreUserRequestTest::test_last_name_validation
Error: Class "App\Models\User" not found

/www/wwwroot/jobportal.prus.dev/tests/Feature/Requests/StoreUserRequestTest.php:29</error>
        </testcase>
        <testcase name="test_email_validation" file="/www/wwwroot/jobportal.prus.dev/tests/Feature/Requests/StoreUserRequestTest.php" line="129" class="Tests\Feature\Requests\StoreUserRequestTest" classname="Tests.Feature.Requests.StoreUserRequestTest" assertions="0" time="0.000000">
          <error type="Error">Tests\Feature\Requests\StoreUserRequestTest::test_email_validation
Error: Class "App\Models\User" not found

/www/wwwroot/jobportal.prus.dev/tests/Feature/Requests/StoreUserRequestTest.php:29</error>
        </testcase>
        <testcase name="test_password_validation" file="/www/wwwroot/jobportal.prus.dev/tests/Feature/Requests/StoreUserRequestTest.php" line="142" class="Tests\Feature\Requests\StoreUserRequestTest" classname="Tests.Feature.Requests.StoreUserRequestTest" assertions="0" time="0.000000">
          <error type="Error">Tests\Feature\Requests\StoreUserRequestTest::test_password_validation
Error: Class "App\Models\User" not found

/www/wwwroot/jobportal.prus.dev/tests/Feature/Requests/StoreUserRequestTest.php:29</error>
        </testcase>
        <testcase name="test_confirmed_validation" file="/www/wwwroot/jobportal.prus.dev/tests/Feature/Requests/StoreUserRequestTest.php" line="155" class="Tests\Feature\Requests\StoreUserRequestTest" classname="Tests.Feature.Requests.StoreUserRequestTest" assertions="0" time="0.000000">
          <error type="Error">Tests\Feature\Requests\StoreUserRequestTest::test_confirmed_validation
Error: Class "App\Models\User" not found

/www/wwwroot/jobportal.prus.dev/tests/Feature/Requests/StoreUserRequestTest.php:29</error>
        </testcase>
        <testcase name="test_user_type_validation" file="/www/wwwroot/jobportal.prus.dev/tests/Feature/Requests/StoreUserRequestTest.php" line="168" class="Tests\Feature\Requests\StoreUserRequestTest" classname="Tests.Feature.Requests.StoreUserRequestTest" assertions="0" time="0.000000">
          <error type="Error">Tests\Feature\Requests\StoreUserRequestTest::test_user_type_validation
Error: Class "App\Models\User" not found

/www/wwwroot/jobportal.prus.dev/tests/Feature/Requests/StoreUserRequestTest.php:29</error>
        </testcase>
        <testcase name="test_integer_validation" file="/www/wwwroot/jobportal.prus.dev/tests/Feature/Requests/StoreUserRequestTest.php" line="181" class="Tests\Feature\Requests\StoreUserRequestTest" classname="Tests.Feature.Requests.StoreUserRequestTest" assertions="0" time="0.000000">
          <error type="Error">Tests\Feature\Requests\StoreUserRequestTest::test_integer_validation
Error: Class "App\Models\User" not found

/www/wwwroot/jobportal.prus.dev/tests/Feature/Requests/StoreUserRequestTest.php:29</error>
        </testcase>
        <testcase name="test_dob_validation" file="/www/wwwroot/jobportal.prus.dev/tests/Feature/Requests/StoreUserRequestTest.php" line="194" class="Tests\Feature\Requests\StoreUserRequestTest" classname="Tests.Feature.Requests.StoreUserRequestTest" assertions="0" time="0.000000">
          <error type="Error">Tests\Feature\Requests\StoreUserRequestTest::test_dob_validation
Error: Class "App\Models\User" not found

/www/wwwroot/jobportal.prus.dev/tests/Feature/Requests/StoreUserRequestTest.php:29</error>
        </testcase>
        <testcase name="test_nullable_validation" file="/www/wwwroot/jobportal.prus.dev/tests/Feature/Requests/StoreUserRequestTest.php" line="207" class="Tests\Feature\Requests\StoreUserRequestTest" classname="Tests.Feature.Requests.StoreUserRequestTest" assertions="0" time="0.000000">
          <error type="Error">Tests\Feature\Requests\StoreUserRequestTest::test_nullable_validation
Error: Class "App\Models\User" not found

/www/wwwroot/jobportal.prus.dev/tests/Feature/Requests/StoreUserRequestTest.php:29</error>
        </testcase>
        <testcase name="test_date_validation" file="/www/wwwroot/jobportal.prus.dev/tests/Feature/Requests/StoreUserRequestTest.php" line="220" class="Tests\Feature\Requests\StoreUserRequestTest" classname="Tests.Feature.Requests.StoreUserRequestTest" assertions="0" time="0.000000">
          <error type="Error">Tests\Feature\Requests\StoreUserRequestTest::test_date_validation
Error: Class "App\Models\User" not found

/www/wwwroot/jobportal.prus.dev/tests/Feature/Requests/StoreUserRequestTest.php:29</error>
        </testcase>
        <testcase name="test_gender_validation" file="/www/wwwroot/jobportal.prus.dev/tests/Feature/Requests/StoreUserRequestTest.php" line="233" class="Tests\Feature\Requests\StoreUserRequestTest" classname="Tests.Feature.Requests.StoreUserRequestTest" assertions="0" time="0.000000">
          <error type="Error">Tests\Feature\Requests\StoreUserRequestTest::test_gender_validation
Error: Class "App\Models\User" not found

/www/wwwroot/jobportal.prus.dev/tests/Feature/Requests/StoreUserRequestTest.php:29</error>
        </testcase>
        <testcase name="test_phone_validation" file="/www/wwwroot/jobportal.prus.dev/tests/Feature/Requests/StoreUserRequestTest.php" line="246" class="Tests\Feature\Requests\StoreUserRequestTest" classname="Tests.Feature.Requests.StoreUserRequestTest" assertions="0" time="0.000000">
          <error type="Error">Tests\Feature\Requests\StoreUserRequestTest::test_phone_validation
Error: Class "App\Models\User" not found

/www/wwwroot/jobportal.prus.dev/tests/Feature/Requests/StoreUserRequestTest.php:29</error>
        </testcase>
        <testcase name="test_country_id_validation" file="/www/wwwroot/jobportal.prus.dev/tests/Feature/Requests/StoreUserRequestTest.php" line="259" class="Tests\Feature\Requests\StoreUserRequestTest" classname="Tests.Feature.Requests.StoreUserRequestTest" assertions="0" time="0.000000">
          <error type="Error">Tests\Feature\Requests\StoreUserRequestTest::test_country_id_validation
Error: Class "App\Models\User" not found

/www/wwwroot/jobportal.prus.dev/tests/Feature/Requests/StoreUserRequestTest.php:29</error>
        </testcase>
        <testcase name="test_state_id_validation" file="/www/wwwroot/jobportal.prus.dev/tests/Feature/Requests/StoreUserRequestTest.php" line="272" class="Tests\Feature\Requests\StoreUserRequestTest" classname="Tests.Feature.Requests.StoreUserRequestTest" assertions="0" time="0.000000">
          <error type="Error">Tests\Feature\Requests\StoreUserRequestTest::test_state_id_validation
Error: Class "App\Models\User" not found

/www/wwwroot/jobportal.prus.dev/tests/Feature/Requests/StoreUserRequestTest.php:29</error>
        </testcase>
        <testcase name="test_city_id_validation" file="/www/wwwroot/jobportal.prus.dev/tests/Feature/Requests/StoreUserRequestTest.php" line="285" class="Tests\Feature\Requests\StoreUserRequestTest" classname="Tests.Feature.Requests.StoreUserRequestTest" assertions="0" time="0.000000">
          <error type="Error">Tests\Feature\Requests\StoreUserRequestTest::test_city_id_validation
Error: Class "App\Models\User" not found

/www/wwwroot/jobportal.prus.dev/tests/Feature/Requests/StoreUserRequestTest.php:29</error>
        </testcase>
        <testcase name="test_facebook_url_validation" file="/www/wwwroot/jobportal.prus.dev/tests/Feature/Requests/StoreUserRequestTest.php" line="298" class="Tests\Feature\Requests\StoreUserRequestTest" classname="Tests.Feature.Requests.StoreUserRequestTest" assertions="0" time="0.000000">
          <error type="Error">Tests\Feature\Requests\StoreUserRequestTest::test_facebook_url_validation
Error: Class "App\Models\User" not found

/www/wwwroot/jobportal.prus.dev/tests/Feature/Requests/StoreUserRequestTest.php:29</error>
        </testcase>
        <testcase name="test_url_validation" file="/www/wwwroot/jobportal.prus.dev/tests/Feature/Requests/StoreUserRequestTest.php" line="311" class="Tests\Feature\Requests\StoreUserRequestTest" classname="Tests.Feature.Requests.StoreUserRequestTest" assertions="0" time="0.000000">
          <error type="Error">Tests\Feature\Requests\StoreUserRequestTest::test_url_validation
Error: Class "App\Models\User" not found

/www/wwwroot/jobportal.prus.dev/tests/Feature/Requests/StoreUserRequestTest.php:29</error>
        </testcase>
        <testcase name="test_twitter_url_validation" file="/www/wwwroot/jobportal.prus.dev/tests/Feature/Requests/StoreUserRequestTest.php" line="324" class="Tests\Feature\Requests\StoreUserRequestTest" classname="Tests.Feature.Requests.StoreUserRequestTest" assertions="0" time="0.000000">
          <error type="Error">Tests\Feature\Requests\StoreUserRequestTest::test_twitter_url_validation
Error: Class "App\Models\User" not found

/www/wwwroot/jobportal.prus.dev/tests/Feature/Requests/StoreUserRequestTest.php:29</error>
        </testcase>
        <testcase name="test_linkedin_url_validation" file="/www/wwwroot/jobportal.prus.dev/tests/Feature/Requests/StoreUserRequestTest.php" line="337" class="Tests\Feature\Requests\StoreUserRequestTest" classname="Tests.Feature.Requests.StoreUserRequestTest" assertions="0" time="0.000000">
          <error type="Error">Tests\Feature\Requests\StoreUserRequestTest::test_linkedin_url_validation
Error: Class "App\Models\User" not found

/www/wwwroot/jobportal.prus.dev/tests/Feature/Requests/StoreUserRequestTest.php:29</error>
        </testcase>
        <testcase name="test_google_plus_url_validation" file="/www/wwwroot/jobportal.prus.dev/tests/Feature/Requests/StoreUserRequestTest.php" line="350" class="Tests\Feature\Requests\StoreUserRequestTest" classname="Tests.Feature.Requests.StoreUserRequestTest" assertions="0" time="0.000000">
          <error type="Error">Tests\Feature\Requests\StoreUserRequestTest::test_google_plus_url_validation
Error: Class "App\Models\User" not found

/www/wwwroot/jobportal.prus.dev/tests/Feature/Requests/StoreUserRequestTest.php:29</error>
        </testcase>
        <testcase name="test_pinterest_url_validation" file="/www/wwwroot/jobportal.prus.dev/tests/Feature/Requests/StoreUserRequestTest.php" line="363" class="Tests\Feature\Requests\StoreUserRequestTest" classname="Tests.Feature.Requests.StoreUserRequestTest" assertions="0" time="0.000000">
          <error type="Error">Tests\Feature\Requests\StoreUserRequestTest::test_pinterest_url_validation
Error: Class "App\Models\User" not found

/www/wwwroot/jobportal.prus.dev/tests/Feature/Requests/StoreUserRequestTest.php:29</error>
        </testcase>
        <testcase name="test_language_validation" file="/www/wwwroot/jobportal.prus.dev/tests/Feature/Requests/StoreUserRequestTest.php" line="376" class="Tests\Feature\Requests\StoreUserRequestTest" classname="Tests.Feature.Requests.StoreUserRequestTest" assertions="0" time="0.000000">
          <error type="Error">Tests\Feature\Requests\StoreUserRequestTest::test_language_validation
Error: Class "App\Models\User" not found

/www/wwwroot/jobportal.prus.dev/tests/Feature/Requests/StoreUserRequestTest.php:29</error>
        </testcase>
        <testcase name="test_region_code_validation" file="/www/wwwroot/jobportal.prus.dev/tests/Feature/Requests/StoreUserRequestTest.php" line="389" class="Tests\Feature\Requests\StoreUserRequestTest" classname="Tests.Feature.Requests.StoreUserRequestTest" assertions="0" time="0.000000">
          <error type="Error">Tests\Feature\Requests\StoreUserRequestTest::test_region_code_validation
Error: Class "App\Models\User" not found

/www/wwwroot/jobportal.prus.dev/tests/Feature/Requests/StoreUserRequestTest.php:29</error>
        </testcase>
        <testcase name="test_terms_accepted_validation" file="/www/wwwroot/jobportal.prus.dev/tests/Feature/Requests/StoreUserRequestTest.php" line="402" class="Tests\Feature\Requests\StoreUserRequestTest" classname="Tests.Feature.Requests.StoreUserRequestTest" assertions="0" time="0.000000">
          <error type="Error">Tests\Feature\Requests\StoreUserRequestTest::test_terms_accepted_validation
Error: Class "App\Models\User" not found

/www/wwwroot/jobportal.prus.dev/tests/Feature/Requests/StoreUserRequestTest.php:29</error>
        </testcase>
        <testcase name="test_accepted_validation" file="/www/wwwroot/jobportal.prus.dev/tests/Feature/Requests/StoreUserRequestTest.php" line="415" class="Tests\Feature\Requests\StoreUserRequestTest" classname="Tests.Feature.Requests.StoreUserRequestTest" assertions="0" time="0.000000">
          <error type="Error">Tests\Feature\Requests\StoreUserRequestTest::test_accepted_validation
Error: Class "App\Models\User" not found

/www/wwwroot/jobportal.prus.dev/tests/Feature/Requests/StoreUserRequestTest.php:29</error>
        </testcase>
        <testcase name="test_privacy_accepted_validation" file="/www/wwwroot/jobportal.prus.dev/tests/Feature/Requests/StoreUserRequestTest.php" line="428" class="Tests\Feature\Requests\StoreUserRequestTest" classname="Tests.Feature.Requests.StoreUserRequestTest" assertions="0" time="0.000000">
          <error type="Error">Tests\Feature\Requests\StoreUserRequestTest::test_privacy_accepted_validation
Error: Class "App\Models\User" not found

/www/wwwroot/jobportal.prus.dev/tests/Feature/Requests/StoreUserRequestTest.php:29</error>
        </testcase>
        <testcase name="test_valid_data_passes_validation" file="/www/wwwroot/jobportal.prus.dev/tests/Feature/Requests/StoreUserRequestTest.php" line="441" class="Tests\Feature\Requests\StoreUserRequestTest" classname="Tests.Feature.Requests.StoreUserRequestTest" assertions="0" time="0.000000">
          <error type="Error">Tests\Feature\Requests\StoreUserRequestTest::test_valid_data_passes_validation
Error: Class "App\Models\User" not found

/www/wwwroot/jobportal.prus.dev/tests/Feature/Requests/StoreUserRequestTest.php:29</error>
        </testcase>
        <testcase name="test_request_handles_empty_data_correctly" file="/www/wwwroot/jobportal.prus.dev/tests/Feature/Requests/StoreUserRequestTest.php" line="481" class="Tests\Feature\Requests\StoreUserRequestTest" classname="Tests.Feature.Requests.StoreUserRequestTest" assertions="0" time="0.000000">
          <error type="Error">Tests\Feature\Requests\StoreUserRequestTest::test_request_handles_empty_data_correctly
Error: Class "App\Models\User" not found

/www/wwwroot/jobportal.prus.dev/tests/Feature/Requests/StoreUserRequestTest.php:29</error>
        </testcase>
        <testcase name="test_security_validation_prevents_xss" file="/www/wwwroot/jobportal.prus.dev/tests/Feature/Requests/StoreUserRequestTest.php" line="493" class="Tests\Feature\Requests\StoreUserRequestTest" classname="Tests.Feature.Requests.StoreUserRequestTest" assertions="0" time="0.000000">
          <error type="Error">Tests\Feature\Requests\StoreUserRequestTest::test_security_validation_prevents_xss
Error: Class "App\Models\User" not found

/www/wwwroot/jobportal.prus.dev/tests/Feature/Requests/StoreUserRequestTest.php:29</error>
        </testcase>
        <testcase name="test_sql_injection_prevention" file="/www/wwwroot/jobportal.prus.dev/tests/Feature/Requests/StoreUserRequestTest.php" line="516" class="Tests\Feature\Requests\StoreUserRequestTest" classname="Tests.Feature.Requests.StoreUserRequestTest" assertions="0" time="0.000000">
          <error type="Error">Tests\Feature\Requests\StoreUserRequestTest::test_sql_injection_prevention
Error: Class "App\Models\User" not found

/www/wwwroot/jobportal.prus.dev/tests/Feature/Requests/StoreUserRequestTest.php:29</error>
        </testcase>
      </testsuite>
      <testsuite name="Tests\Feature\Requests\UpdateAdminRequestTest" file="/www/wwwroot/jobportal.prus.dev/tests/Feature/Requests/UpdateAdminRequestTest.php" tests="11" assertions="0" errors="11" failures="0" skipped="0" time="0.000000">
        <testcase name="test_authorization_returns_true" file="/www/wwwroot/jobportal.prus.dev/tests/Feature/Requests/UpdateAdminRequestTest.php" line="33" class="Tests\Feature\Requests\UpdateAdminRequestTest" classname="Tests.Feature.Requests.UpdateAdminRequestTest" assertions="0" time="0.000000">
          <error type="Error">Tests\Feature\Requests\UpdateAdminRequestTest::test_authorization_returns_true
Error: Class "App\Models\User" not found

/www/wwwroot/jobportal.prus.dev/tests/Feature/Requests/UpdateAdminRequestTest.php:29</error>
        </testcase>
        <testcase name="test_validation_rules_are_defined" file="/www/wwwroot/jobportal.prus.dev/tests/Feature/Requests/UpdateAdminRequestTest.php" line="41" class="Tests\Feature\Requests\UpdateAdminRequestTest" classname="Tests.Feature.Requests.UpdateAdminRequestTest" assertions="0" time="0.000000">
          <error type="Error">Tests\Feature\Requests\UpdateAdminRequestTest::test_validation_rules_are_defined
Error: Class "App\Models\User" not found

/www/wwwroot/jobportal.prus.dev/tests/Feature/Requests/UpdateAdminRequestTest.php:29</error>
        </testcase>
        <testcase name="test_validation_messages_are_defined" file="/www/wwwroot/jobportal.prus.dev/tests/Feature/Requests/UpdateAdminRequestTest.php" line="51" class="Tests\Feature\Requests\UpdateAdminRequestTest" classname="Tests.Feature.Requests.UpdateAdminRequestTest" assertions="0" time="0.000000">
          <error type="Error">Tests\Feature\Requests\UpdateAdminRequestTest::test_validation_messages_are_defined
Error: Class "App\Models\User" not found

/www/wwwroot/jobportal.prus.dev/tests/Feature/Requests/UpdateAdminRequestTest.php:29</error>
        </testcase>
        <testcase name="test_validation_attributes_are_defined" file="/www/wwwroot/jobportal.prus.dev/tests/Feature/Requests/UpdateAdminRequestTest.php" line="64" class="Tests\Feature\Requests\UpdateAdminRequestTest" classname="Tests.Feature.Requests.UpdateAdminRequestTest" assertions="0" time="0.000000">
          <error type="Error">Tests\Feature\Requests\UpdateAdminRequestTest::test_validation_attributes_are_defined
Error: Class "App\Models\User" not found

/www/wwwroot/jobportal.prus.dev/tests/Feature/Requests/UpdateAdminRequestTest.php:29</error>
        </testcase>
        <testcase name="test_first_name_validation" file="/www/wwwroot/jobportal.prus.dev/tests/Feature/Requests/UpdateAdminRequestTest.php" line="77" class="Tests\Feature\Requests\UpdateAdminRequestTest" classname="Tests.Feature.Requests.UpdateAdminRequestTest" assertions="0" time="0.000000">
          <error type="Error">Tests\Feature\Requests\UpdateAdminRequestTest::test_first_name_validation
Error: Class "App\Models\User" not found

/www/wwwroot/jobportal.prus.dev/tests/Feature/Requests/UpdateAdminRequestTest.php:29</error>
        </testcase>
        <testcase name="test_last_name_validation" file="/www/wwwroot/jobportal.prus.dev/tests/Feature/Requests/UpdateAdminRequestTest.php" line="90" class="Tests\Feature\Requests\UpdateAdminRequestTest" classname="Tests.Feature.Requests.UpdateAdminRequestTest" assertions="0" time="0.000000">
          <error type="Error">Tests\Feature\Requests\UpdateAdminRequestTest::test_last_name_validation
Error: Class "App\Models\User" not found

/www/wwwroot/jobportal.prus.dev/tests/Feature/Requests/UpdateAdminRequestTest.php:29</error>
        </testcase>
        <testcase name="test_email_validation" file="/www/wwwroot/jobportal.prus.dev/tests/Feature/Requests/UpdateAdminRequestTest.php" line="103" class="Tests\Feature\Requests\UpdateAdminRequestTest" classname="Tests.Feature.Requests.UpdateAdminRequestTest" assertions="0" time="0.000000">
          <error type="Error">Tests\Feature\Requests\UpdateAdminRequestTest::test_email_validation
Error: Class "App\Models\User" not found

/www/wwwroot/jobportal.prus.dev/tests/Feature/Requests/UpdateAdminRequestTest.php:29</error>
        </testcase>
        <testcase name="test_valid_data_passes_validation" file="/www/wwwroot/jobportal.prus.dev/tests/Feature/Requests/UpdateAdminRequestTest.php" line="116" class="Tests\Feature\Requests\UpdateAdminRequestTest" classname="Tests.Feature.Requests.UpdateAdminRequestTest" assertions="0" time="0.000000">
          <error type="Error">Tests\Feature\Requests\UpdateAdminRequestTest::test_valid_data_passes_validation
Error: Class "App\Models\User" not found

/www/wwwroot/jobportal.prus.dev/tests/Feature/Requests/UpdateAdminRequestTest.php:29</error>
        </testcase>
        <testcase name="test_request_handles_empty_data_correctly" file="/www/wwwroot/jobportal.prus.dev/tests/Feature/Requests/UpdateAdminRequestTest.php" line="131" class="Tests\Feature\Requests\UpdateAdminRequestTest" classname="Tests.Feature.Requests.UpdateAdminRequestTest" assertions="0" time="0.000000">
          <error type="Error">Tests\Feature\Requests\UpdateAdminRequestTest::test_request_handles_empty_data_correctly
Error: Class "App\Models\User" not found

/www/wwwroot/jobportal.prus.dev/tests/Feature/Requests/UpdateAdminRequestTest.php:29</error>
        </testcase>
        <testcase name="test_security_validation_prevents_xss" file="/www/wwwroot/jobportal.prus.dev/tests/Feature/Requests/UpdateAdminRequestTest.php" line="143" class="Tests\Feature\Requests\UpdateAdminRequestTest" classname="Tests.Feature.Requests.UpdateAdminRequestTest" assertions="0" time="0.000000">
          <error type="Error">Tests\Feature\Requests\UpdateAdminRequestTest::test_security_validation_prevents_xss
Error: Class "App\Models\User" not found

/www/wwwroot/jobportal.prus.dev/tests/Feature/Requests/UpdateAdminRequestTest.php:29</error>
        </testcase>
        <testcase name="test_sql_injection_prevention" file="/www/wwwroot/jobportal.prus.dev/tests/Feature/Requests/UpdateAdminRequestTest.php" line="166" class="Tests\Feature\Requests\UpdateAdminRequestTest" classname="Tests.Feature.Requests.UpdateAdminRequestTest" assertions="0" time="0.000000">
          <error type="Error">Tests\Feature\Requests\UpdateAdminRequestTest::test_sql_injection_prevention
Error: Class "App\Models\User" not found

/www/wwwroot/jobportal.prus.dev/tests/Feature/Requests/UpdateAdminRequestTest.php:29</error>
        </testcase>
      </testsuite>
      <testsuite name="Tests\Feature\Requests\UpdateCandidateRequestTest" file="/www/wwwroot/jobportal.prus.dev/tests/Feature/Requests/UpdateCandidateRequestTest.php" tests="11" assertions="0" errors="11" failures="0" skipped="0" time="0.000000">
        <testcase name="test_authorization_returns_true" file="/www/wwwroot/jobportal.prus.dev/tests/Feature/Requests/UpdateCandidateRequestTest.php" line="33" class="Tests\Feature\Requests\UpdateCandidateRequestTest" classname="Tests.Feature.Requests.UpdateCandidateRequestTest" assertions="0" time="0.000000">
          <error type="Error">Tests\Feature\Requests\UpdateCandidateRequestTest::test_authorization_returns_true
Error: Class "App\Models\User" not found

/www/wwwroot/jobportal.prus.dev/tests/Feature/Requests/UpdateCandidateRequestTest.php:29</error>
        </testcase>
        <testcase name="test_validation_rules_are_defined" file="/www/wwwroot/jobportal.prus.dev/tests/Feature/Requests/UpdateCandidateRequestTest.php" line="41" class="Tests\Feature\Requests\UpdateCandidateRequestTest" classname="Tests.Feature.Requests.UpdateCandidateRequestTest" assertions="0" time="0.000000">
          <error type="Error">Tests\Feature\Requests\UpdateCandidateRequestTest::test_validation_rules_are_defined
Error: Class "App\Models\User" not found

/www/wwwroot/jobportal.prus.dev/tests/Feature/Requests/UpdateCandidateRequestTest.php:29</error>
        </testcase>
        <testcase name="test_validation_messages_are_defined" file="/www/wwwroot/jobportal.prus.dev/tests/Feature/Requests/UpdateCandidateRequestTest.php" line="51" class="Tests\Feature\Requests\UpdateCandidateRequestTest" classname="Tests.Feature.Requests.UpdateCandidateRequestTest" assertions="0" time="0.000000">
          <error type="Error">Tests\Feature\Requests\UpdateCandidateRequestTest::test_validation_messages_are_defined
Error: Class "App\Models\User" not found

/www/wwwroot/jobportal.prus.dev/tests/Feature/Requests/UpdateCandidateRequestTest.php:29</error>
        </testcase>
        <testcase name="test_validation_attributes_are_defined" file="/www/wwwroot/jobportal.prus.dev/tests/Feature/Requests/UpdateCandidateRequestTest.php" line="64" class="Tests\Feature\Requests\UpdateCandidateRequestTest" classname="Tests.Feature.Requests.UpdateCandidateRequestTest" assertions="0" time="0.000000">
          <error type="Error">Tests\Feature\Requests\UpdateCandidateRequestTest::test_validation_attributes_are_defined
Error: Class "App\Models\User" not found

/www/wwwroot/jobportal.prus.dev/tests/Feature/Requests/UpdateCandidateRequestTest.php:29</error>
        </testcase>
        <testcase name="test_user_first_name_validation" file="/www/wwwroot/jobportal.prus.dev/tests/Feature/Requests/UpdateCandidateRequestTest.php" line="77" class="Tests\Feature\Requests\UpdateCandidateRequestTest" classname="Tests.Feature.Requests.UpdateCandidateRequestTest" assertions="0" time="0.000000">
          <error type="Error">Tests\Feature\Requests\UpdateCandidateRequestTest::test_user_first_name_validation
Error: Class "App\Models\User" not found

/www/wwwroot/jobportal.prus.dev/tests/Feature/Requests/UpdateCandidateRequestTest.php:29</error>
        </testcase>
        <testcase name="test_user_last_name_validation" file="/www/wwwroot/jobportal.prus.dev/tests/Feature/Requests/UpdateCandidateRequestTest.php" line="90" class="Tests\Feature\Requests\UpdateCandidateRequestTest" classname="Tests.Feature.Requests.UpdateCandidateRequestTest" assertions="0" time="0.000000">
          <error type="Error">Tests\Feature\Requests\UpdateCandidateRequestTest::test_user_last_name_validation
Error: Class "App\Models\User" not found

/www/wwwroot/jobportal.prus.dev/tests/Feature/Requests/UpdateCandidateRequestTest.php:29</error>
        </testcase>
        <testcase name="test_user_email_validation" file="/www/wwwroot/jobportal.prus.dev/tests/Feature/Requests/UpdateCandidateRequestTest.php" line="103" class="Tests\Feature\Requests\UpdateCandidateRequestTest" classname="Tests.Feature.Requests.UpdateCandidateRequestTest" assertions="0" time="0.000000">
          <error type="Error">Tests\Feature\Requests\UpdateCandidateRequestTest::test_user_email_validation
Error: Class "App\Models\User" not found

/www/wwwroot/jobportal.prus.dev/tests/Feature/Requests/UpdateCandidateRequestTest.php:29</error>
        </testcase>
        <testcase name="test_valid_data_passes_validation" file="/www/wwwroot/jobportal.prus.dev/tests/Feature/Requests/UpdateCandidateRequestTest.php" line="116" class="Tests\Feature\Requests\UpdateCandidateRequestTest" classname="Tests.Feature.Requests.UpdateCandidateRequestTest" assertions="0" time="0.000000">
          <error type="Error">Tests\Feature\Requests\UpdateCandidateRequestTest::test_valid_data_passes_validation
Error: Class "App\Models\User" not found

/www/wwwroot/jobportal.prus.dev/tests/Feature/Requests/UpdateCandidateRequestTest.php:29</error>
        </testcase>
        <testcase name="test_request_handles_empty_data_correctly" file="/www/wwwroot/jobportal.prus.dev/tests/Feature/Requests/UpdateCandidateRequestTest.php" line="131" class="Tests\Feature\Requests\UpdateCandidateRequestTest" classname="Tests.Feature.Requests.UpdateCandidateRequestTest" assertions="0" time="0.000000">
          <error type="Error">Tests\Feature\Requests\UpdateCandidateRequestTest::test_request_handles_empty_data_correctly
Error: Class "App\Models\User" not found

/www/wwwroot/jobportal.prus.dev/tests/Feature/Requests/UpdateCandidateRequestTest.php:29</error>
        </testcase>
        <testcase name="test_security_validation_prevents_xss" file="/www/wwwroot/jobportal.prus.dev/tests/Feature/Requests/UpdateCandidateRequestTest.php" line="143" class="Tests\Feature\Requests\UpdateCandidateRequestTest" classname="Tests.Feature.Requests.UpdateCandidateRequestTest" assertions="0" time="0.000000">
          <error type="Error">Tests\Feature\Requests\UpdateCandidateRequestTest::test_security_validation_prevents_xss
Error: Class "App\Models\User" not found

/www/wwwroot/jobportal.prus.dev/tests/Feature/Requests/UpdateCandidateRequestTest.php:29</error>
        </testcase>
        <testcase name="test_sql_injection_prevention" file="/www/wwwroot/jobportal.prus.dev/tests/Feature/Requests/UpdateCandidateRequestTest.php" line="166" class="Tests\Feature\Requests\UpdateCandidateRequestTest" classname="Tests.Feature.Requests.UpdateCandidateRequestTest" assertions="0" time="0.000000">
          <error type="Error">Tests\Feature\Requests\UpdateCandidateRequestTest::test_sql_injection_prevention
Error: Class "App\Models\User" not found

/www/wwwroot/jobportal.prus.dev/tests/Feature/Requests/UpdateCandidateRequestTest.php:29</error>
        </testcase>
      </testsuite>
      <testsuite name="Tests\Feature\Requests\UpdateCategoriesRequestTest" file="/www/wwwroot/jobportal.prus.dev/tests/Feature/Requests/UpdateCategoriesRequestTest.php" tests="20" assertions="0" errors="20" failures="0" skipped="0" time="0.000000">
        <testcase name="test_authorization_returns_true" file="/www/wwwroot/jobportal.prus.dev/tests/Feature/Requests/UpdateCategoriesRequestTest.php" line="33" class="Tests\Feature\Requests\UpdateCategoriesRequestTest" classname="Tests.Feature.Requests.UpdateCategoriesRequestTest" assertions="0" time="0.000000">
          <error type="Error">Tests\Feature\Requests\UpdateCategoriesRequestTest::test_authorization_returns_true
Error: Class "App\Models\User" not found

/www/wwwroot/jobportal.prus.dev/tests/Feature/Requests/UpdateCategoriesRequestTest.php:29</error>
        </testcase>
        <testcase name="test_validation_rules_are_defined" file="/www/wwwroot/jobportal.prus.dev/tests/Feature/Requests/UpdateCategoriesRequestTest.php" line="41" class="Tests\Feature\Requests\UpdateCategoriesRequestTest" classname="Tests.Feature.Requests.UpdateCategoriesRequestTest" assertions="0" time="0.000000">
          <error type="Error">Tests\Feature\Requests\UpdateCategoriesRequestTest::test_validation_rules_are_defined
Error: Class "App\Models\User" not found

/www/wwwroot/jobportal.prus.dev/tests/Feature/Requests/UpdateCategoriesRequestTest.php:29</error>
        </testcase>
        <testcase name="test_validation_messages_are_defined" file="/www/wwwroot/jobportal.prus.dev/tests/Feature/Requests/UpdateCategoriesRequestTest.php" line="51" class="Tests\Feature\Requests\UpdateCategoriesRequestTest" classname="Tests.Feature.Requests.UpdateCategoriesRequestTest" assertions="0" time="0.000000">
          <error type="Error">Tests\Feature\Requests\UpdateCategoriesRequestTest::test_validation_messages_are_defined
Error: Class "App\Models\User" not found

/www/wwwroot/jobportal.prus.dev/tests/Feature/Requests/UpdateCategoriesRequestTest.php:29</error>
        </testcase>
        <testcase name="test_validation_attributes_are_defined" file="/www/wwwroot/jobportal.prus.dev/tests/Feature/Requests/UpdateCategoriesRequestTest.php" line="64" class="Tests\Feature\Requests\UpdateCategoriesRequestTest" classname="Tests.Feature.Requests.UpdateCategoriesRequestTest" assertions="0" time="0.000000">
          <error type="Error">Tests\Feature\Requests\UpdateCategoriesRequestTest::test_validation_attributes_are_defined
Error: Class "App\Models\User" not found

/www/wwwroot/jobportal.prus.dev/tests/Feature/Requests/UpdateCategoriesRequestTest.php:29</error>
        </testcase>
        <testcase name="test_categories_validation" file="/www/wwwroot/jobportal.prus.dev/tests/Feature/Requests/UpdateCategoriesRequestTest.php" line="77" class="Tests\Feature\Requests\UpdateCategoriesRequestTest" classname="Tests.Feature.Requests.UpdateCategoriesRequestTest" assertions="0" time="0.000000">
          <error type="Error">Tests\Feature\Requests\UpdateCategoriesRequestTest::test_categories_validation
Error: Class "App\Models\User" not found

/www/wwwroot/jobportal.prus.dev/tests/Feature/Requests/UpdateCategoriesRequestTest.php:29</error>
        </testcase>
        <testcase name="test_id_validation" file="/www/wwwroot/jobportal.prus.dev/tests/Feature/Requests/UpdateCategoriesRequestTest.php" line="90" class="Tests\Feature\Requests\UpdateCategoriesRequestTest" classname="Tests.Feature.Requests.UpdateCategoriesRequestTest" assertions="0" time="0.000000">
          <error type="Error">Tests\Feature\Requests\UpdateCategoriesRequestTest::test_id_validation
Error: Class "App\Models\User" not found

/www/wwwroot/jobportal.prus.dev/tests/Feature/Requests/UpdateCategoriesRequestTest.php:29</error>
        </testcase>
        <testcase name="test_name_validation" file="/www/wwwroot/jobportal.prus.dev/tests/Feature/Requests/UpdateCategoriesRequestTest.php" line="103" class="Tests\Feature\Requests\UpdateCategoriesRequestTest" classname="Tests.Feature.Requests.UpdateCategoriesRequestTest" assertions="0" time="0.000000">
          <error type="Error">Tests\Feature\Requests\UpdateCategoriesRequestTest::test_name_validation
Error: Class "App\Models\User" not found

/www/wwwroot/jobportal.prus.dev/tests/Feature/Requests/UpdateCategoriesRequestTest.php:29</error>
        </testcase>
        <testcase name="test_required_validation" file="/www/wwwroot/jobportal.prus.dev/tests/Feature/Requests/UpdateCategoriesRequestTest.php" line="116" class="Tests\Feature\Requests\UpdateCategoriesRequestTest" classname="Tests.Feature.Requests.UpdateCategoriesRequestTest" assertions="0" time="0.000000">
          <error type="Error">Tests\Feature\Requests\UpdateCategoriesRequestTest::test_required_validation
Error: Class "App\Models\User" not found

/www/wwwroot/jobportal.prus.dev/tests/Feature/Requests/UpdateCategoriesRequestTest.php:29</error>
        </testcase>
        <testcase name="test_string_validation" file="/www/wwwroot/jobportal.prus.dev/tests/Feature/Requests/UpdateCategoriesRequestTest.php" line="129" class="Tests\Feature\Requests\UpdateCategoriesRequestTest" classname="Tests.Feature.Requests.UpdateCategoriesRequestTest" assertions="0" time="0.000000">
          <error type="Error">Tests\Feature\Requests\UpdateCategoriesRequestTest::test_string_validation
Error: Class "App\Models\User" not found

/www/wwwroot/jobportal.prus.dev/tests/Feature/Requests/UpdateCategoriesRequestTest.php:29</error>
        </testcase>
        <testcase name="test_categoriess_validation" file="/www/wwwroot/jobportal.prus.dev/tests/Feature/Requests/UpdateCategoriesRequestTest.php" line="142" class="Tests\Feature\Requests\UpdateCategoriesRequestTest" classname="Tests.Feature.Requests.UpdateCategoriesRequestTest" assertions="0" time="0.000000">
          <error type="Error">Tests\Feature\Requests\UpdateCategoriesRequestTest::test_categoriess_validation
Error: Class "App\Models\User" not found

/www/wwwroot/jobportal.prus.dev/tests/Feature/Requests/UpdateCategoriesRequestTest.php:29</error>
        </testcase>
        <testcase name="test_email_validation" file="/www/wwwroot/jobportal.prus.dev/tests/Feature/Requests/UpdateCategoriesRequestTest.php" line="155" class="Tests\Feature\Requests\UpdateCategoriesRequestTest" classname="Tests.Feature.Requests.UpdateCategoriesRequestTest" assertions="0" time="0.000000">
          <error type="Error">Tests\Feature\Requests\UpdateCategoriesRequestTest::test_email_validation
Error: Class "App\Models\User" not found

/www/wwwroot/jobportal.prus.dev/tests/Feature/Requests/UpdateCategoriesRequestTest.php:29</error>
        </testcase>
        <testcase name="test_nullable_validation" file="/www/wwwroot/jobportal.prus.dev/tests/Feature/Requests/UpdateCategoriesRequestTest.php" line="168" class="Tests\Feature\Requests\UpdateCategoriesRequestTest" classname="Tests.Feature.Requests.UpdateCategoriesRequestTest" assertions="0" time="0.000000">
          <error type="Error">Tests\Feature\Requests\UpdateCategoriesRequestTest::test_nullable_validation
Error: Class "App\Models\User" not found

/www/wwwroot/jobportal.prus.dev/tests/Feature/Requests/UpdateCategoriesRequestTest.php:29</error>
        </testcase>
        <testcase name="test_users_validation" file="/www/wwwroot/jobportal.prus.dev/tests/Feature/Requests/UpdateCategoriesRequestTest.php" line="181" class="Tests\Feature\Requests\UpdateCategoriesRequestTest" classname="Tests.Feature.Requests.UpdateCategoriesRequestTest" assertions="0" time="0.000000">
          <error type="Error">Tests\Feature\Requests\UpdateCategoriesRequestTest::test_users_validation
Error: Class "App\Models\User" not found

/www/wwwroot/jobportal.prus.dev/tests/Feature/Requests/UpdateCategoriesRequestTest.php:29</error>
        </testcase>
        <testcase name="test_description_validation" file="/www/wwwroot/jobportal.prus.dev/tests/Feature/Requests/UpdateCategoriesRequestTest.php" line="194" class="Tests\Feature\Requests\UpdateCategoriesRequestTest" classname="Tests.Feature.Requests.UpdateCategoriesRequestTest" assertions="0" time="0.000000">
          <error type="Error">Tests\Feature\Requests\UpdateCategoriesRequestTest::test_description_validation
Error: Class "App\Models\User" not found

/www/wwwroot/jobportal.prus.dev/tests/Feature/Requests/UpdateCategoriesRequestTest.php:29</error>
        </testcase>
        <testcase name="test_status_validation" file="/www/wwwroot/jobportal.prus.dev/tests/Feature/Requests/UpdateCategoriesRequestTest.php" line="207" class="Tests\Feature\Requests\UpdateCategoriesRequestTest" classname="Tests.Feature.Requests.UpdateCategoriesRequestTest" assertions="0" time="0.000000">
          <error type="Error">Tests\Feature\Requests\UpdateCategoriesRequestTest::test_status_validation
Error: Class "App\Models\User" not found

/www/wwwroot/jobportal.prus.dev/tests/Feature/Requests/UpdateCategoriesRequestTest.php:29</error>
        </testcase>
        <testcase name="test_boolean_validation" file="/www/wwwroot/jobportal.prus.dev/tests/Feature/Requests/UpdateCategoriesRequestTest.php" line="220" class="Tests\Feature\Requests\UpdateCategoriesRequestTest" classname="Tests.Feature.Requests.UpdateCategoriesRequestTest" assertions="0" time="0.000000">
          <error type="Error">Tests\Feature\Requests\UpdateCategoriesRequestTest::test_boolean_validation
Error: Class "App\Models\User" not found

/www/wwwroot/jobportal.prus.dev/tests/Feature/Requests/UpdateCategoriesRequestTest.php:29</error>
        </testcase>
        <testcase name="test_valid_data_passes_validation" file="/www/wwwroot/jobportal.prus.dev/tests/Feature/Requests/UpdateCategoriesRequestTest.php" line="233" class="Tests\Feature\Requests\UpdateCategoriesRequestTest" classname="Tests.Feature.Requests.UpdateCategoriesRequestTest" assertions="0" time="0.000000">
          <error type="Error">Tests\Feature\Requests\UpdateCategoriesRequestTest::test_valid_data_passes_validation
Error: Class "App\Models\User" not found

/www/wwwroot/jobportal.prus.dev/tests/Feature/Requests/UpdateCategoriesRequestTest.php:29</error>
        </testcase>
        <testcase name="test_request_handles_empty_data_correctly" file="/www/wwwroot/jobportal.prus.dev/tests/Feature/Requests/UpdateCategoriesRequestTest.php" line="257" class="Tests\Feature\Requests\UpdateCategoriesRequestTest" classname="Tests.Feature.Requests.UpdateCategoriesRequestTest" assertions="0" time="0.000000">
          <error type="Error">Tests\Feature\Requests\UpdateCategoriesRequestTest::test_request_handles_empty_data_correctly
Error: Class "App\Models\User" not found

/www/wwwroot/jobportal.prus.dev/tests/Feature/Requests/UpdateCategoriesRequestTest.php:29</error>
        </testcase>
        <testcase name="test_security_validation_prevents_xss" file="/www/wwwroot/jobportal.prus.dev/tests/Feature/Requests/UpdateCategoriesRequestTest.php" line="269" class="Tests\Feature\Requests\UpdateCategoriesRequestTest" classname="Tests.Feature.Requests.UpdateCategoriesRequestTest" assertions="0" time="0.000000">
          <error type="Error">Tests\Feature\Requests\UpdateCategoriesRequestTest::test_security_validation_prevents_xss
Error: Class "App\Models\User" not found

/www/wwwroot/jobportal.prus.dev/tests/Feature/Requests/UpdateCategoriesRequestTest.php:29</error>
        </testcase>
        <testcase name="test_sql_injection_prevention" file="/www/wwwroot/jobportal.prus.dev/tests/Feature/Requests/UpdateCategoriesRequestTest.php" line="292" class="Tests\Feature\Requests\UpdateCategoriesRequestTest" classname="Tests.Feature.Requests.UpdateCategoriesRequestTest" assertions="0" time="0.000000">
          <error type="Error">Tests\Feature\Requests\UpdateCategoriesRequestTest::test_sql_injection_prevention
Error: Class "App\Models\User" not found

/www/wwwroot/jobportal.prus.dev/tests/Feature/Requests/UpdateCategoriesRequestTest.php:29</error>
        </testcase>
      </testsuite>
      <testsuite name="Tests\Feature\Requests\UpdateCompanyRequestTest" file="/www/wwwroot/jobportal.prus.dev/tests/Feature/Requests/UpdateCompanyRequestTest.php" tests="25" assertions="0" errors="25" failures="0" skipped="0" time="0.000000">
        <testcase name="test_authorization_returns_true" file="/www/wwwroot/jobportal.prus.dev/tests/Feature/Requests/UpdateCompanyRequestTest.php" line="33" class="Tests\Feature\Requests\UpdateCompanyRequestTest" classname="Tests.Feature.Requests.UpdateCompanyRequestTest" assertions="0" time="0.000000">
          <error type="Error">Tests\Feature\Requests\UpdateCompanyRequestTest::test_authorization_returns_true
Error: Class "App\Models\User" not found

/www/wwwroot/jobportal.prus.dev/tests/Feature/Requests/UpdateCompanyRequestTest.php:29</error>
        </testcase>
        <testcase name="test_validation_rules_are_defined" file="/www/wwwroot/jobportal.prus.dev/tests/Feature/Requests/UpdateCompanyRequestTest.php" line="41" class="Tests\Feature\Requests\UpdateCompanyRequestTest" classname="Tests.Feature.Requests.UpdateCompanyRequestTest" assertions="0" time="0.000000">
          <error type="Error">Tests\Feature\Requests\UpdateCompanyRequestTest::test_validation_rules_are_defined
Error: Class "App\Models\User" not found

/www/wwwroot/jobportal.prus.dev/tests/Feature/Requests/UpdateCompanyRequestTest.php:29</error>
        </testcase>
        <testcase name="test_validation_messages_are_defined" file="/www/wwwroot/jobportal.prus.dev/tests/Feature/Requests/UpdateCompanyRequestTest.php" line="51" class="Tests\Feature\Requests\UpdateCompanyRequestTest" classname="Tests.Feature.Requests.UpdateCompanyRequestTest" assertions="0" time="0.000000">
          <error type="Error">Tests\Feature\Requests\UpdateCompanyRequestTest::test_validation_messages_are_defined
Error: Class "App\Models\User" not found

/www/wwwroot/jobportal.prus.dev/tests/Feature/Requests/UpdateCompanyRequestTest.php:29</error>
        </testcase>
        <testcase name="test_validation_attributes_are_defined" file="/www/wwwroot/jobportal.prus.dev/tests/Feature/Requests/UpdateCompanyRequestTest.php" line="64" class="Tests\Feature\Requests\UpdateCompanyRequestTest" classname="Tests.Feature.Requests.UpdateCompanyRequestTest" assertions="0" time="0.000000">
          <error type="Error">Tests\Feature\Requests\UpdateCompanyRequestTest::test_validation_attributes_are_defined
Error: Class "App\Models\User" not found

/www/wwwroot/jobportal.prus.dev/tests/Feature/Requests/UpdateCompanyRequestTest.php:29</error>
        </testcase>
        <testcase name="test_name_validation" file="/www/wwwroot/jobportal.prus.dev/tests/Feature/Requests/UpdateCompanyRequestTest.php" line="77" class="Tests\Feature\Requests\UpdateCompanyRequestTest" classname="Tests.Feature.Requests.UpdateCompanyRequestTest" assertions="0" time="0.000000">
          <error type="Error">Tests\Feature\Requests\UpdateCompanyRequestTest::test_name_validation
Error: Class "App\Models\User" not found

/www/wwwroot/jobportal.prus.dev/tests/Feature/Requests/UpdateCompanyRequestTest.php:29</error>
        </testcase>
        <testcase name="test_email_validation" file="/www/wwwroot/jobportal.prus.dev/tests/Feature/Requests/UpdateCompanyRequestTest.php" line="90" class="Tests\Feature\Requests\UpdateCompanyRequestTest" classname="Tests.Feature.Requests.UpdateCompanyRequestTest" assertions="0" time="0.000000">
          <error type="Error">Tests\Feature\Requests\UpdateCompanyRequestTest::test_email_validation
Error: Class "App\Models\User" not found

/www/wwwroot/jobportal.prus.dev/tests/Feature/Requests/UpdateCompanyRequestTest.php:29</error>
        </testcase>
        <testcase name="test_phone_validation" file="/www/wwwroot/jobportal.prus.dev/tests/Feature/Requests/UpdateCompanyRequestTest.php" line="103" class="Tests\Feature\Requests\UpdateCompanyRequestTest" classname="Tests.Feature.Requests.UpdateCompanyRequestTest" assertions="0" time="0.000000">
          <error type="Error">Tests\Feature\Requests\UpdateCompanyRequestTest::test_phone_validation
Error: Class "App\Models\User" not found

/www/wwwroot/jobportal.prus.dev/tests/Feature/Requests/UpdateCompanyRequestTest.php:29</error>
        </testcase>
        <testcase name="test_website_validation" file="/www/wwwroot/jobportal.prus.dev/tests/Feature/Requests/UpdateCompanyRequestTest.php" line="116" class="Tests\Feature\Requests\UpdateCompanyRequestTest" classname="Tests.Feature.Requests.UpdateCompanyRequestTest" assertions="0" time="0.000000">
          <error type="Error">Tests\Feature\Requests\UpdateCompanyRequestTest::test_website_validation
Error: Class "App\Models\User" not found

/www/wwwroot/jobportal.prus.dev/tests/Feature/Requests/UpdateCompanyRequestTest.php:29</error>
        </testcase>
        <testcase name="test_industry_id_validation" file="/www/wwwroot/jobportal.prus.dev/tests/Feature/Requests/UpdateCompanyRequestTest.php" line="129" class="Tests\Feature\Requests\UpdateCompanyRequestTest" classname="Tests.Feature.Requests.UpdateCompanyRequestTest" assertions="0" time="0.000000">
          <error type="Error">Tests\Feature\Requests\UpdateCompanyRequestTest::test_industry_id_validation
Error: Class "App\Models\User" not found

/www/wwwroot/jobportal.prus.dev/tests/Feature/Requests/UpdateCompanyRequestTest.php:29</error>
        </testcase>
        <testcase name="test_ownership_type_id_validation" file="/www/wwwroot/jobportal.prus.dev/tests/Feature/Requests/UpdateCompanyRequestTest.php" line="142" class="Tests\Feature\Requests\UpdateCompanyRequestTest" classname="Tests.Feature.Requests.UpdateCompanyRequestTest" assertions="0" time="0.000000">
          <error type="Error">Tests\Feature\Requests\UpdateCompanyRequestTest::test_ownership_type_id_validation
Error: Class "App\Models\User" not found

/www/wwwroot/jobportal.prus.dev/tests/Feature/Requests/UpdateCompanyRequestTest.php:29</error>
        </testcase>
        <testcase name="test_company_size_id_validation" file="/www/wwwroot/jobportal.prus.dev/tests/Feature/Requests/UpdateCompanyRequestTest.php" line="155" class="Tests\Feature\Requests\UpdateCompanyRequestTest" classname="Tests.Feature.Requests.UpdateCompanyRequestTest" assertions="0" time="0.000000">
          <error type="Error">Tests\Feature\Requests\UpdateCompanyRequestTest::test_company_size_id_validation
Error: Class "App\Models\User" not found

/www/wwwroot/jobportal.prus.dev/tests/Feature/Requests/UpdateCompanyRequestTest.php:29</error>
        </testcase>
        <testcase name="test_established_in_validation" file="/www/wwwroot/jobportal.prus.dev/tests/Feature/Requests/UpdateCompanyRequestTest.php" line="168" class="Tests\Feature\Requests\UpdateCompanyRequestTest" classname="Tests.Feature.Requests.UpdateCompanyRequestTest" assertions="0" time="0.000000">
          <error type="Error">Tests\Feature\Requests\UpdateCompanyRequestTest::test_established_in_validation
Error: Class "App\Models\User" not found

/www/wwwroot/jobportal.prus.dev/tests/Feature/Requests/UpdateCompanyRequestTest.php:29</error>
        </testcase>
        <testcase name="test_description_validation" file="/www/wwwroot/jobportal.prus.dev/tests/Feature/Requests/UpdateCompanyRequestTest.php" line="181" class="Tests\Feature\Requests\UpdateCompanyRequestTest" classname="Tests.Feature.Requests.UpdateCompanyRequestTest" assertions="0" time="0.000000">
          <error type="Error">Tests\Feature\Requests\UpdateCompanyRequestTest::test_description_validation
Error: Class "App\Models\User" not found

/www/wwwroot/jobportal.prus.dev/tests/Feature/Requests/UpdateCompanyRequestTest.php:29</error>
        </testcase>
        <testcase name="test_country_id_validation" file="/www/wwwroot/jobportal.prus.dev/tests/Feature/Requests/UpdateCompanyRequestTest.php" line="194" class="Tests\Feature\Requests\UpdateCompanyRequestTest" classname="Tests.Feature.Requests.UpdateCompanyRequestTest" assertions="0" time="0.000000">
          <error type="Error">Tests\Feature\Requests\UpdateCompanyRequestTest::test_country_id_validation
Error: Class "App\Models\User" not found

/www/wwwroot/jobportal.prus.dev/tests/Feature/Requests/UpdateCompanyRequestTest.php:29</error>
        </testcase>
        <testcase name="test_state_id_validation" file="/www/wwwroot/jobportal.prus.dev/tests/Feature/Requests/UpdateCompanyRequestTest.php" line="207" class="Tests\Feature\Requests\UpdateCompanyRequestTest" classname="Tests.Feature.Requests.UpdateCompanyRequestTest" assertions="0" time="0.000000">
          <error type="Error">Tests\Feature\Requests\UpdateCompanyRequestTest::test_state_id_validation
Error: Class "App\Models\User" not found

/www/wwwroot/jobportal.prus.dev/tests/Feature/Requests/UpdateCompanyRequestTest.php:29</error>
        </testcase>
        <testcase name="test_city_id_validation" file="/www/wwwroot/jobportal.prus.dev/tests/Feature/Requests/UpdateCompanyRequestTest.php" line="220" class="Tests\Feature\Requests\UpdateCompanyRequestTest" classname="Tests.Feature.Requests.UpdateCompanyRequestTest" assertions="0" time="0.000000">
          <error type="Error">Tests\Feature\Requests\UpdateCompanyRequestTest::test_city_id_validation
Error: Class "App\Models\User" not found

/www/wwwroot/jobportal.prus.dev/tests/Feature/Requests/UpdateCompanyRequestTest.php:29</error>
        </testcase>
        <testcase name="test_address_validation" file="/www/wwwroot/jobportal.prus.dev/tests/Feature/Requests/UpdateCompanyRequestTest.php" line="233" class="Tests\Feature\Requests\UpdateCompanyRequestTest" classname="Tests.Feature.Requests.UpdateCompanyRequestTest" assertions="0" time="0.000000">
          <error type="Error">Tests\Feature\Requests\UpdateCompanyRequestTest::test_address_validation
Error: Class "App\Models\User" not found

/www/wwwroot/jobportal.prus.dev/tests/Feature/Requests/UpdateCompanyRequestTest.php:29</error>
        </testcase>
        <testcase name="test_postal_code_validation" file="/www/wwwroot/jobportal.prus.dev/tests/Feature/Requests/UpdateCompanyRequestTest.php" line="246" class="Tests\Feature\Requests\UpdateCompanyRequestTest" classname="Tests.Feature.Requests.UpdateCompanyRequestTest" assertions="0" time="0.000000">
          <error type="Error">Tests\Feature\Requests\UpdateCompanyRequestTest::test_postal_code_validation
Error: Class "App\Models\User" not found

/www/wwwroot/jobportal.prus.dev/tests/Feature/Requests/UpdateCompanyRequestTest.php:29</error>
        </testcase>
        <testcase name="test_logo_validation" file="/www/wwwroot/jobportal.prus.dev/tests/Feature/Requests/UpdateCompanyRequestTest.php" line="259" class="Tests\Feature\Requests\UpdateCompanyRequestTest" classname="Tests.Feature.Requests.UpdateCompanyRequestTest" assertions="0" time="0.000000">
          <error type="Error">Tests\Feature\Requests\UpdateCompanyRequestTest::test_logo_validation
Error: Class "App\Models\User" not found

/www/wwwroot/jobportal.prus.dev/tests/Feature/Requests/UpdateCompanyRequestTest.php:29</error>
        </testcase>
        <testcase name="test_is_active_validation" file="/www/wwwroot/jobportal.prus.dev/tests/Feature/Requests/UpdateCompanyRequestTest.php" line="272" class="Tests\Feature\Requests\UpdateCompanyRequestTest" classname="Tests.Feature.Requests.UpdateCompanyRequestTest" assertions="0" time="0.000000">
          <error type="Error">Tests\Feature\Requests\UpdateCompanyRequestTest::test_is_active_validation
Error: Class "App\Models\User" not found

/www/wwwroot/jobportal.prus.dev/tests/Feature/Requests/UpdateCompanyRequestTest.php:29</error>
        </testcase>
        <testcase name="test_boolean_validation" file="/www/wwwroot/jobportal.prus.dev/tests/Feature/Requests/UpdateCompanyRequestTest.php" line="285" class="Tests\Feature\Requests\UpdateCompanyRequestTest" classname="Tests.Feature.Requests.UpdateCompanyRequestTest" assertions="0" time="0.000000">
          <error type="Error">Tests\Feature\Requests\UpdateCompanyRequestTest::test_boolean_validation
Error: Class "App\Models\User" not found

/www/wwwroot/jobportal.prus.dev/tests/Feature/Requests/UpdateCompanyRequestTest.php:29</error>
        </testcase>
        <testcase name="test_valid_data_passes_validation" file="/www/wwwroot/jobportal.prus.dev/tests/Feature/Requests/UpdateCompanyRequestTest.php" line="298" class="Tests\Feature\Requests\UpdateCompanyRequestTest" classname="Tests.Feature.Requests.UpdateCompanyRequestTest" assertions="0" time="0.000000">
          <error type="Error">Tests\Feature\Requests\UpdateCompanyRequestTest::test_valid_data_passes_validation
Error: Class "App\Models\User" not found

/www/wwwroot/jobportal.prus.dev/tests/Feature/Requests/UpdateCompanyRequestTest.php:29</error>
        </testcase>
        <testcase name="test_request_handles_empty_data_correctly" file="/www/wwwroot/jobportal.prus.dev/tests/Feature/Requests/UpdateCompanyRequestTest.php" line="327" class="Tests\Feature\Requests\UpdateCompanyRequestTest" classname="Tests.Feature.Requests.UpdateCompanyRequestTest" assertions="0" time="0.000000">
          <error type="Error">Tests\Feature\Requests\UpdateCompanyRequestTest::test_request_handles_empty_data_correctly
Error: Class "App\Models\User" not found

/www/wwwroot/jobportal.prus.dev/tests/Feature/Requests/UpdateCompanyRequestTest.php:29</error>
        </testcase>
        <testcase name="test_security_validation_prevents_xss" file="/www/wwwroot/jobportal.prus.dev/tests/Feature/Requests/UpdateCompanyRequestTest.php" line="339" class="Tests\Feature\Requests\UpdateCompanyRequestTest" classname="Tests.Feature.Requests.UpdateCompanyRequestTest" assertions="0" time="0.000000">
          <error type="Error">Tests\Feature\Requests\UpdateCompanyRequestTest::test_security_validation_prevents_xss
Error: Class "App\Models\User" not found

/www/wwwroot/jobportal.prus.dev/tests/Feature/Requests/UpdateCompanyRequestTest.php:29</error>
        </testcase>
        <testcase name="test_sql_injection_prevention" file="/www/wwwroot/jobportal.prus.dev/tests/Feature/Requests/UpdateCompanyRequestTest.php" line="362" class="Tests\Feature\Requests\UpdateCompanyRequestTest" classname="Tests.Feature.Requests.UpdateCompanyRequestTest" assertions="0" time="0.000000">
          <error type="Error">Tests\Feature\Requests\UpdateCompanyRequestTest::test_sql_injection_prevention
Error: Class "App\Models\User" not found

/www/wwwroot/jobportal.prus.dev/tests/Feature/Requests/UpdateCompanyRequestTest.php:29</error>
        </testcase>
      </testsuite>
      <testsuite name="Tests\Feature\Requests\UpdateConfirmPasswordRequestTest" file="/www/wwwroot/jobportal.prus.dev/tests/Feature/Requests/UpdateConfirmPasswordRequestTest.php" tests="20" assertions="0" errors="20" failures="0" skipped="0" time="0.000000">
        <testcase name="test_authorization_returns_true" file="/www/wwwroot/jobportal.prus.dev/tests/Feature/Requests/UpdateConfirmPasswordRequestTest.php" line="33" class="Tests\Feature\Requests\UpdateConfirmPasswordRequestTest" classname="Tests.Feature.Requests.UpdateConfirmPasswordRequestTest" assertions="0" time="0.000000">
          <error type="Error">Tests\Feature\Requests\UpdateConfirmPasswordRequestTest::test_authorization_returns_true
Error: Class "App\Models\User" not found

/www/wwwroot/jobportal.prus.dev/tests/Feature/Requests/UpdateConfirmPasswordRequestTest.php:29</error>
        </testcase>
        <testcase name="test_validation_rules_are_defined" file="/www/wwwroot/jobportal.prus.dev/tests/Feature/Requests/UpdateConfirmPasswordRequestTest.php" line="41" class="Tests\Feature\Requests\UpdateConfirmPasswordRequestTest" classname="Tests.Feature.Requests.UpdateConfirmPasswordRequestTest" assertions="0" time="0.000000">
          <error type="Error">Tests\Feature\Requests\UpdateConfirmPasswordRequestTest::test_validation_rules_are_defined
Error: Class "App\Models\User" not found

/www/wwwroot/jobportal.prus.dev/tests/Feature/Requests/UpdateConfirmPasswordRequestTest.php:29</error>
        </testcase>
        <testcase name="test_validation_messages_are_defined" file="/www/wwwroot/jobportal.prus.dev/tests/Feature/Requests/UpdateConfirmPasswordRequestTest.php" line="51" class="Tests\Feature\Requests\UpdateConfirmPasswordRequestTest" classname="Tests.Feature.Requests.UpdateConfirmPasswordRequestTest" assertions="0" time="0.000000">
          <error type="Error">Tests\Feature\Requests\UpdateConfirmPasswordRequestTest::test_validation_messages_are_defined
Error: Class "App\Models\User" not found

/www/wwwroot/jobportal.prus.dev/tests/Feature/Requests/UpdateConfirmPasswordRequestTest.php:29</error>
        </testcase>
        <testcase name="test_validation_attributes_are_defined" file="/www/wwwroot/jobportal.prus.dev/tests/Feature/Requests/UpdateConfirmPasswordRequestTest.php" line="64" class="Tests\Feature\Requests\UpdateConfirmPasswordRequestTest" classname="Tests.Feature.Requests.UpdateConfirmPasswordRequestTest" assertions="0" time="0.000000">
          <error type="Error">Tests\Feature\Requests\UpdateConfirmPasswordRequestTest::test_validation_attributes_are_defined
Error: Class "App\Models\User" not found

/www/wwwroot/jobportal.prus.dev/tests/Feature/Requests/UpdateConfirmPasswordRequestTest.php:29</error>
        </testcase>
        <testcase name="test_confirm_password_validation" file="/www/wwwroot/jobportal.prus.dev/tests/Feature/Requests/UpdateConfirmPasswordRequestTest.php" line="77" class="Tests\Feature\Requests\UpdateConfirmPasswordRequestTest" classname="Tests.Feature.Requests.UpdateConfirmPasswordRequestTest" assertions="0" time="0.000000">
          <error type="Error">Tests\Feature\Requests\UpdateConfirmPasswordRequestTest::test_confirm_password_validation
Error: Class "App\Models\User" not found

/www/wwwroot/jobportal.prus.dev/tests/Feature/Requests/UpdateConfirmPasswordRequestTest.php:29</error>
        </testcase>
        <testcase name="test_id_validation" file="/www/wwwroot/jobportal.prus.dev/tests/Feature/Requests/UpdateConfirmPasswordRequestTest.php" line="90" class="Tests\Feature\Requests\UpdateConfirmPasswordRequestTest" classname="Tests.Feature.Requests.UpdateConfirmPasswordRequestTest" assertions="0" time="0.000000">
          <error type="Error">Tests\Feature\Requests\UpdateConfirmPasswordRequestTest::test_id_validation
Error: Class "App\Models\User" not found

/www/wwwroot/jobportal.prus.dev/tests/Feature/Requests/UpdateConfirmPasswordRequestTest.php:29</error>
        </testcase>
        <testcase name="test_name_validation" file="/www/wwwroot/jobportal.prus.dev/tests/Feature/Requests/UpdateConfirmPasswordRequestTest.php" line="103" class="Tests\Feature\Requests\UpdateConfirmPasswordRequestTest" classname="Tests.Feature.Requests.UpdateConfirmPasswordRequestTest" assertions="0" time="0.000000">
          <error type="Error">Tests\Feature\Requests\UpdateConfirmPasswordRequestTest::test_name_validation
Error: Class "App\Models\User" not found

/www/wwwroot/jobportal.prus.dev/tests/Feature/Requests/UpdateConfirmPasswordRequestTest.php:29</error>
        </testcase>
        <testcase name="test_required_validation" file="/www/wwwroot/jobportal.prus.dev/tests/Feature/Requests/UpdateConfirmPasswordRequestTest.php" line="116" class="Tests\Feature\Requests\UpdateConfirmPasswordRequestTest" classname="Tests.Feature.Requests.UpdateConfirmPasswordRequestTest" assertions="0" time="0.000000">
          <error type="Error">Tests\Feature\Requests\UpdateConfirmPasswordRequestTest::test_required_validation
Error: Class "App\Models\User" not found

/www/wwwroot/jobportal.prus.dev/tests/Feature/Requests/UpdateConfirmPasswordRequestTest.php:29</error>
        </testcase>
        <testcase name="test_string_validation" file="/www/wwwroot/jobportal.prus.dev/tests/Feature/Requests/UpdateConfirmPasswordRequestTest.php" line="129" class="Tests\Feature\Requests\UpdateConfirmPasswordRequestTest" classname="Tests.Feature.Requests.UpdateConfirmPasswordRequestTest" assertions="0" time="0.000000">
          <error type="Error">Tests\Feature\Requests\UpdateConfirmPasswordRequestTest::test_string_validation
Error: Class "App\Models\User" not found

/www/wwwroot/jobportal.prus.dev/tests/Feature/Requests/UpdateConfirmPasswordRequestTest.php:29</error>
        </testcase>
        <testcase name="test_confirm_passwords_validation" file="/www/wwwroot/jobportal.prus.dev/tests/Feature/Requests/UpdateConfirmPasswordRequestTest.php" line="142" class="Tests\Feature\Requests\UpdateConfirmPasswordRequestTest" classname="Tests.Feature.Requests.UpdateConfirmPasswordRequestTest" assertions="0" time="0.000000">
          <error type="Error">Tests\Feature\Requests\UpdateConfirmPasswordRequestTest::test_confirm_passwords_validation
Error: Class "App\Models\User" not found

/www/wwwroot/jobportal.prus.dev/tests/Feature/Requests/UpdateConfirmPasswordRequestTest.php:29</error>
        </testcase>
        <testcase name="test_email_validation" file="/www/wwwroot/jobportal.prus.dev/tests/Feature/Requests/UpdateConfirmPasswordRequestTest.php" line="155" class="Tests\Feature\Requests\UpdateConfirmPasswordRequestTest" classname="Tests.Feature.Requests.UpdateConfirmPasswordRequestTest" assertions="0" time="0.000000">
          <error type="Error">Tests\Feature\Requests\UpdateConfirmPasswordRequestTest::test_email_validation
Error: Class "App\Models\User" not found

/www/wwwroot/jobportal.prus.dev/tests/Feature/Requests/UpdateConfirmPasswordRequestTest.php:29</error>
        </testcase>
        <testcase name="test_nullable_validation" file="/www/wwwroot/jobportal.prus.dev/tests/Feature/Requests/UpdateConfirmPasswordRequestTest.php" line="168" class="Tests\Feature\Requests\UpdateConfirmPasswordRequestTest" classname="Tests.Feature.Requests.UpdateConfirmPasswordRequestTest" assertions="0" time="0.000000">
          <error type="Error">Tests\Feature\Requests\UpdateConfirmPasswordRequestTest::test_nullable_validation
Error: Class "App\Models\User" not found

/www/wwwroot/jobportal.prus.dev/tests/Feature/Requests/UpdateConfirmPasswordRequestTest.php:29</error>
        </testcase>
        <testcase name="test_users_validation" file="/www/wwwroot/jobportal.prus.dev/tests/Feature/Requests/UpdateConfirmPasswordRequestTest.php" line="181" class="Tests\Feature\Requests\UpdateConfirmPasswordRequestTest" classname="Tests.Feature.Requests.UpdateConfirmPasswordRequestTest" assertions="0" time="0.000000">
          <error type="Error">Tests\Feature\Requests\UpdateConfirmPasswordRequestTest::test_users_validation
Error: Class "App\Models\User" not found

/www/wwwroot/jobportal.prus.dev/tests/Feature/Requests/UpdateConfirmPasswordRequestTest.php:29</error>
        </testcase>
        <testcase name="test_description_validation" file="/www/wwwroot/jobportal.prus.dev/tests/Feature/Requests/UpdateConfirmPasswordRequestTest.php" line="194" class="Tests\Feature\Requests\UpdateConfirmPasswordRequestTest" classname="Tests.Feature.Requests.UpdateConfirmPasswordRequestTest" assertions="0" time="0.000000">
          <error type="Error">Tests\Feature\Requests\UpdateConfirmPasswordRequestTest::test_description_validation
Error: Class "App\Models\User" not found

/www/wwwroot/jobportal.prus.dev/tests/Feature/Requests/UpdateConfirmPasswordRequestTest.php:29</error>
        </testcase>
        <testcase name="test_status_validation" file="/www/wwwroot/jobportal.prus.dev/tests/Feature/Requests/UpdateConfirmPasswordRequestTest.php" line="207" class="Tests\Feature\Requests\UpdateConfirmPasswordRequestTest" classname="Tests.Feature.Requests.UpdateConfirmPasswordRequestTest" assertions="0" time="0.000000">
          <error type="Error">Tests\Feature\Requests\UpdateConfirmPasswordRequestTest::test_status_validation
Error: Class "App\Models\User" not found

/www/wwwroot/jobportal.prus.dev/tests/Feature/Requests/UpdateConfirmPasswordRequestTest.php:29</error>
        </testcase>
        <testcase name="test_boolean_validation" file="/www/wwwroot/jobportal.prus.dev/tests/Feature/Requests/UpdateConfirmPasswordRequestTest.php" line="220" class="Tests\Feature\Requests\UpdateConfirmPasswordRequestTest" classname="Tests.Feature.Requests.UpdateConfirmPasswordRequestTest" assertions="0" time="0.000000">
          <error type="Error">Tests\Feature\Requests\UpdateConfirmPasswordRequestTest::test_boolean_validation
Error: Class "App\Models\User" not found

/www/wwwroot/jobportal.prus.dev/tests/Feature/Requests/UpdateConfirmPasswordRequestTest.php:29</error>
        </testcase>
        <testcase name="test_valid_data_passes_validation" file="/www/wwwroot/jobportal.prus.dev/tests/Feature/Requests/UpdateConfirmPasswordRequestTest.php" line="233" class="Tests\Feature\Requests\UpdateConfirmPasswordRequestTest" classname="Tests.Feature.Requests.UpdateConfirmPasswordRequestTest" assertions="0" time="0.000000">
          <error type="Error">Tests\Feature\Requests\UpdateConfirmPasswordRequestTest::test_valid_data_passes_validation
Error: Class "App\Models\User" not found

/www/wwwroot/jobportal.prus.dev/tests/Feature/Requests/UpdateConfirmPasswordRequestTest.php:29</error>
        </testcase>
        <testcase name="test_request_handles_empty_data_correctly" file="/www/wwwroot/jobportal.prus.dev/tests/Feature/Requests/UpdateConfirmPasswordRequestTest.php" line="257" class="Tests\Feature\Requests\UpdateConfirmPasswordRequestTest" classname="Tests.Feature.Requests.UpdateConfirmPasswordRequestTest" assertions="0" time="0.000000">
          <error type="Error">Tests\Feature\Requests\UpdateConfirmPasswordRequestTest::test_request_handles_empty_data_correctly
Error: Class "App\Models\User" not found

/www/wwwroot/jobportal.prus.dev/tests/Feature/Requests/UpdateConfirmPasswordRequestTest.php:29</error>
        </testcase>
        <testcase name="test_security_validation_prevents_xss" file="/www/wwwroot/jobportal.prus.dev/tests/Feature/Requests/UpdateConfirmPasswordRequestTest.php" line="269" class="Tests\Feature\Requests\UpdateConfirmPasswordRequestTest" classname="Tests.Feature.Requests.UpdateConfirmPasswordRequestTest" assertions="0" time="0.000000">
          <error type="Error">Tests\Feature\Requests\UpdateConfirmPasswordRequestTest::test_security_validation_prevents_xss
Error: Class "App\Models\User" not found

/www/wwwroot/jobportal.prus.dev/tests/Feature/Requests/UpdateConfirmPasswordRequestTest.php:29</error>
        </testcase>
        <testcase name="test_sql_injection_prevention" file="/www/wwwroot/jobportal.prus.dev/tests/Feature/Requests/UpdateConfirmPasswordRequestTest.php" line="292" class="Tests\Feature\Requests\UpdateConfirmPasswordRequestTest" classname="Tests.Feature.Requests.UpdateConfirmPasswordRequestTest" assertions="0" time="0.000000">
          <error type="Error">Tests\Feature\Requests\UpdateConfirmPasswordRequestTest::test_sql_injection_prevention
Error: Class "App\Models\User" not found

/www/wwwroot/jobportal.prus.dev/tests/Feature/Requests/UpdateConfirmPasswordRequestTest.php:29</error>
        </testcase>
      </testsuite>
      <testsuite name="Tests\Feature\Requests\UpdateEMailTemplateRequestTest" file="/www/wwwroot/jobportal.prus.dev/tests/Feature/Requests/UpdateEMailTemplateRequestTest.php" tests="6" assertions="2" errors="4" failures="0" skipped="0" time="2.780430">
        <testcase name="test_validation_rules_are_defined" file="/www/wwwroot/jobportal.prus.dev/tests/Feature/Requests/UpdateEMailTemplateRequestTest.php" line="24" class="Tests\Feature\Requests\UpdateEMailTemplateRequestTest" classname="Tests.Feature.Requests.UpdateEMailTemplateRequestTest" assertions="0" time="0.460459">
          <error type="Error">Tests\Feature\Requests\UpdateEMailTemplateRequestTest::test_validation_rules_are_defined
Error: Class "App\Http\Requests\UpdateEMailTemplateRequest" not found

/www/wwwroot/jobportal.prus.dev/tests/Feature/Requests/UpdateEMailTemplateRequestTest.php:26</error>
        </testcase>
        <testcase name="test_all_users_are_authorized" file="/www/wwwroot/jobportal.prus.dev/tests/Feature/Requests/UpdateEMailTemplateRequestTest.php" line="36" class="Tests\Feature\Requests\UpdateEMailTemplateRequestTest" classname="Tests.Feature.Requests.UpdateEMailTemplateRequestTest" assertions="0" time="0.460153">
          <error type="Error">Tests\Feature\Requests\UpdateEMailTemplateRequestTest::test_all_users_are_authorized
Error: Class "App\Http\Requests\UpdateEMailTemplateRequest" not found

/www/wwwroot/jobportal.prus.dev/tests/Feature/Requests/UpdateEMailTemplateRequestTest.php:38</error>
        </testcase>
        <testcase name="test_validation_passes_with_valid_data" file="/www/wwwroot/jobportal.prus.dev/tests/Feature/Requests/UpdateEMailTemplateRequestTest.php" line="45" class="Tests\Feature\Requests\UpdateEMailTemplateRequestTest" classname="Tests.Feature.Requests.UpdateEMailTemplateRequestTest" assertions="1" time="0.459697"/>
        <testcase name="test_validation_fails_with_invalid_data" file="/www/wwwroot/jobportal.prus.dev/tests/Feature/Requests/UpdateEMailTemplateRequestTest.php" line="56" class="Tests\Feature\Requests\UpdateEMailTemplateRequestTest" classname="Tests.Feature.Requests.UpdateEMailTemplateRequestTest" assertions="1" time="0.466114"/>
        <testcase name="test_custom_error_messages_are_defined" file="/www/wwwroot/jobportal.prus.dev/tests/Feature/Requests/UpdateEMailTemplateRequestTest.php" line="67" class="Tests\Feature\Requests\UpdateEMailTemplateRequestTest" classname="Tests.Feature.Requests.UpdateEMailTemplateRequestTest" assertions="0" time="0.473218">
          <error type="Error">Tests\Feature\Requests\UpdateEMailTemplateRequestTest::test_custom_error_messages_are_defined
Error: Class "App\Http\Requests\UpdateEMailTemplateRequest" not found

/www/wwwroot/jobportal.prus.dev/tests/Feature/Requests/UpdateEMailTemplateRequestTest.php:69</error>
        </testcase>
        <testcase name="test_custom_attributes_are_defined" file="/www/wwwroot/jobportal.prus.dev/tests/Feature/Requests/UpdateEMailTemplateRequestTest.php" line="82" class="Tests\Feature\Requests\UpdateEMailTemplateRequestTest" classname="Tests.Feature.Requests.UpdateEMailTemplateRequestTest" assertions="0" time="0.460789">
          <error type="Error">Tests\Feature\Requests\UpdateEMailTemplateRequestTest::test_custom_attributes_are_defined
Error: Class "App\Http\Requests\UpdateEMailTemplateRequest" not found

/www/wwwroot/jobportal.prus.dev/tests/Feature/Requests/UpdateEMailTemplateRequestTest.php:84</error>
        </testcase>
      </testsuite>
      <testsuite name="Tests\Feature\Requests\UpdateFunctionalAreaRequestTest" file="/www/wwwroot/jobportal.prus.dev/tests/Feature/Requests/UpdateFunctionalAreaRequestTest.php" tests="6" assertions="2" errors="4" failures="0" skipped="0" time="2.813003">
        <testcase name="test_validation_rules_are_defined" file="/www/wwwroot/jobportal.prus.dev/tests/Feature/Requests/UpdateFunctionalAreaRequestTest.php" line="24" class="Tests\Feature\Requests\UpdateFunctionalAreaRequestTest" classname="Tests.Feature.Requests.UpdateFunctionalAreaRequestTest" assertions="0" time="0.468609">
          <error type="Error">Tests\Feature\Requests\UpdateFunctionalAreaRequestTest::test_validation_rules_are_defined
Error: Class "App\Http\Requests\UpdateFunctionalAreaRequest" not found

/www/wwwroot/jobportal.prus.dev/tests/Feature/Requests/UpdateFunctionalAreaRequestTest.php:26</error>
        </testcase>
        <testcase name="test_all_users_are_authorized" file="/www/wwwroot/jobportal.prus.dev/tests/Feature/Requests/UpdateFunctionalAreaRequestTest.php" line="36" class="Tests\Feature\Requests\UpdateFunctionalAreaRequestTest" classname="Tests.Feature.Requests.UpdateFunctionalAreaRequestTest" assertions="0" time="0.474229">
          <error type="Error">Tests\Feature\Requests\UpdateFunctionalAreaRequestTest::test_all_users_are_authorized
Error: Class "App\Http\Requests\UpdateFunctionalAreaRequest" not found

/www/wwwroot/jobportal.prus.dev/tests/Feature/Requests/UpdateFunctionalAreaRequestTest.php:38</error>
        </testcase>
        <testcase name="test_validation_passes_with_valid_data" file="/www/wwwroot/jobportal.prus.dev/tests/Feature/Requests/UpdateFunctionalAreaRequestTest.php" line="45" class="Tests\Feature\Requests\UpdateFunctionalAreaRequestTest" classname="Tests.Feature.Requests.UpdateFunctionalAreaRequestTest" assertions="1" time="0.460648"/>
        <testcase name="test_validation_fails_with_invalid_data" file="/www/wwwroot/jobportal.prus.dev/tests/Feature/Requests/UpdateFunctionalAreaRequestTest.php" line="56" class="Tests\Feature\Requests\UpdateFunctionalAreaRequestTest" classname="Tests.Feature.Requests.UpdateFunctionalAreaRequestTest" assertions="1" time="0.462533"/>
        <testcase name="test_custom_error_messages_are_defined" file="/www/wwwroot/jobportal.prus.dev/tests/Feature/Requests/UpdateFunctionalAreaRequestTest.php" line="67" class="Tests\Feature\Requests\UpdateFunctionalAreaRequestTest" classname="Tests.Feature.Requests.UpdateFunctionalAreaRequestTest" assertions="0" time="0.473811">
          <error type="Error">Tests\Feature\Requests\UpdateFunctionalAreaRequestTest::test_custom_error_messages_are_defined
Error: Class "App\Http\Requests\UpdateFunctionalAreaRequest" not found

/www/wwwroot/jobportal.prus.dev/tests/Feature/Requests/UpdateFunctionalAreaRequestTest.php:69</error>
        </testcase>
        <testcase name="test_custom_attributes_are_defined" file="/www/wwwroot/jobportal.prus.dev/tests/Feature/Requests/UpdateFunctionalAreaRequestTest.php" line="82" class="Tests\Feature\Requests\UpdateFunctionalAreaRequestTest" classname="Tests.Feature.Requests.UpdateFunctionalAreaRequestTest" assertions="0" time="0.473175">
          <error type="Error">Tests\Feature\Requests\UpdateFunctionalAreaRequestTest::test_custom_attributes_are_defined
Error: Class "App\Http\Requests\UpdateFunctionalAreaRequest" not found

/www/wwwroot/jobportal.prus.dev/tests/Feature/Requests/UpdateFunctionalAreaRequestTest.php:84</error>
        </testcase>
      </testsuite>
      <testsuite name="Tests\Feature\Requests\UpdateJobRequestTest" file="/www/wwwroot/jobportal.prus.dev/tests/Feature/Requests/UpdateJobRequestTest.php" tests="6" assertions="2" errors="4" failures="0" skipped="0" time="2.950898">
        <testcase name="test_validation_rules_are_defined" file="/www/wwwroot/jobportal.prus.dev/tests/Feature/Requests/UpdateJobRequestTest.php" line="24" class="Tests\Feature\Requests\UpdateJobRequestTest" classname="Tests.Feature.Requests.UpdateJobRequestTest" assertions="0" time="0.474482">
          <error type="Error">Tests\Feature\Requests\UpdateJobRequestTest::test_validation_rules_are_defined
Error: Class "App\Http\Requests\UpdateJobRequest" not found

/www/wwwroot/jobportal.prus.dev/tests/Feature/Requests/UpdateJobRequestTest.php:26</error>
        </testcase>
        <testcase name="test_all_users_are_authorized" file="/www/wwwroot/jobportal.prus.dev/tests/Feature/Requests/UpdateJobRequestTest.php" line="36" class="Tests\Feature\Requests\UpdateJobRequestTest" classname="Tests.Feature.Requests.UpdateJobRequestTest" assertions="0" time="0.473228">
          <error type="Error">Tests\Feature\Requests\UpdateJobRequestTest::test_all_users_are_authorized
Error: Class "App\Http\Requests\UpdateJobRequest" not found

/www/wwwroot/jobportal.prus.dev/tests/Feature/Requests/UpdateJobRequestTest.php:38</error>
        </testcase>
        <testcase name="test_validation_passes_with_valid_data" file="/www/wwwroot/jobportal.prus.dev/tests/Feature/Requests/UpdateJobRequestTest.php" line="45" class="Tests\Feature\Requests\UpdateJobRequestTest" classname="Tests.Feature.Requests.UpdateJobRequestTest" assertions="1" time="0.567072"/>
        <testcase name="test_validation_fails_with_invalid_data" file="/www/wwwroot/jobportal.prus.dev/tests/Feature/Requests/UpdateJobRequestTest.php" line="56" class="Tests\Feature\Requests\UpdateJobRequestTest" classname="Tests.Feature.Requests.UpdateJobRequestTest" assertions="1" time="0.496111"/>
        <testcase name="test_custom_error_messages_are_defined" file="/www/wwwroot/jobportal.prus.dev/tests/Feature/Requests/UpdateJobRequestTest.php" line="67" class="Tests\Feature\Requests\UpdateJobRequestTest" classname="Tests.Feature.Requests.UpdateJobRequestTest" assertions="0" time="0.464224">
          <error type="Error">Tests\Feature\Requests\UpdateJobRequestTest::test_custom_error_messages_are_defined
Error: Class "App\Http\Requests\UpdateJobRequest" not found

/www/wwwroot/jobportal.prus.dev/tests/Feature/Requests/UpdateJobRequestTest.php:69</error>
        </testcase>
        <testcase name="test_custom_attributes_are_defined" file="/www/wwwroot/jobportal.prus.dev/tests/Feature/Requests/UpdateJobRequestTest.php" line="82" class="Tests\Feature\Requests\UpdateJobRequestTest" classname="Tests.Feature.Requests.UpdateJobRequestTest" assertions="0" time="0.475782">
          <error type="Error">Tests\Feature\Requests\UpdateJobRequestTest::test_custom_attributes_are_defined
Error: Class "App\Http\Requests\UpdateJobRequest" not found

/www/wwwroot/jobportal.prus.dev/tests/Feature/Requests/UpdateJobRequestTest.php:84</error>
        </testcase>
      </testsuite>
      <testsuite name="Tests\Feature\Requests\UpdateLanguageRequestTest" file="/www/wwwroot/jobportal.prus.dev/tests/Feature/Requests/UpdateLanguageRequestTest.php" tests="6" assertions="2" errors="4" failures="0" skipped="0" time="2.785221">
        <testcase name="test_validation_rules_are_defined" file="/www/wwwroot/jobportal.prus.dev/tests/Feature/Requests/UpdateLanguageRequestTest.php" line="24" class="Tests\Feature\Requests\UpdateLanguageRequestTest" classname="Tests.Feature.Requests.UpdateLanguageRequestTest" assertions="0" time="0.468740">
          <error type="Error">Tests\Feature\Requests\UpdateLanguageRequestTest::test_validation_rules_are_defined
Error: Class "App\Http\Requests\UpdateLanguageRequest" not found

/www/wwwroot/jobportal.prus.dev/tests/Feature/Requests/UpdateLanguageRequestTest.php:26</error>
        </testcase>
        <testcase name="test_all_users_are_authorized" file="/www/wwwroot/jobportal.prus.dev/tests/Feature/Requests/UpdateLanguageRequestTest.php" line="36" class="Tests\Feature\Requests\UpdateLanguageRequestTest" classname="Tests.Feature.Requests.UpdateLanguageRequestTest" assertions="0" time="0.463200">
          <error type="Error">Tests\Feature\Requests\UpdateLanguageRequestTest::test_all_users_are_authorized
Error: Class "App\Http\Requests\UpdateLanguageRequest" not found

/www/wwwroot/jobportal.prus.dev/tests/Feature/Requests/UpdateLanguageRequestTest.php:38</error>
        </testcase>
        <testcase name="test_validation_passes_with_valid_data" file="/www/wwwroot/jobportal.prus.dev/tests/Feature/Requests/UpdateLanguageRequestTest.php" line="45" class="Tests\Feature\Requests\UpdateLanguageRequestTest" classname="Tests.Feature.Requests.UpdateLanguageRequestTest" assertions="1" time="0.464322"/>
        <testcase name="test_validation_fails_with_invalid_data" file="/www/wwwroot/jobportal.prus.dev/tests/Feature/Requests/UpdateLanguageRequestTest.php" line="56" class="Tests\Feature\Requests\UpdateLanguageRequestTest" classname="Tests.Feature.Requests.UpdateLanguageRequestTest" assertions="1" time="0.462888"/>
        <testcase name="test_custom_error_messages_are_defined" file="/www/wwwroot/jobportal.prus.dev/tests/Feature/Requests/UpdateLanguageRequestTest.php" line="67" class="Tests\Feature\Requests\UpdateLanguageRequestTest" classname="Tests.Feature.Requests.UpdateLanguageRequestTest" assertions="0" time="0.463383">
          <error type="Error">Tests\Feature\Requests\UpdateLanguageRequestTest::test_custom_error_messages_are_defined
Error: Class "App\Http\Requests\UpdateLanguageRequest" not found

/www/wwwroot/jobportal.prus.dev/tests/Feature/Requests/UpdateLanguageRequestTest.php:69</error>
        </testcase>
        <testcase name="test_custom_attributes_are_defined" file="/www/wwwroot/jobportal.prus.dev/tests/Feature/Requests/UpdateLanguageRequestTest.php" line="82" class="Tests\Feature\Requests\UpdateLanguageRequestTest" classname="Tests.Feature.Requests.UpdateLanguageRequestTest" assertions="0" time="0.462688">
          <error type="Error">Tests\Feature\Requests\UpdateLanguageRequestTest::test_custom_attributes_are_defined
Error: Class "App\Http\Requests\UpdateLanguageRequest" not found

/www/wwwroot/jobportal.prus.dev/tests/Feature/Requests/UpdateLanguageRequestTest.php:84</error>
        </testcase>
      </testsuite>
      <testsuite name="Tests\Feature\Requests\UpdateMasterDataRequestTest" file="/www/wwwroot/jobportal.prus.dev/tests/Feature/Requests/UpdateMasterDataRequestTest.php" tests="20" assertions="0" errors="20" failures="0" skipped="0" time="0.000000">
        <testcase name="test_authorization_returns_true" file="/www/wwwroot/jobportal.prus.dev/tests/Feature/Requests/UpdateMasterDataRequestTest.php" line="33" class="Tests\Feature\Requests\UpdateMasterDataRequestTest" classname="Tests.Feature.Requests.UpdateMasterDataRequestTest" assertions="0" time="0.000000">
          <error type="Error">Tests\Feature\Requests\UpdateMasterDataRequestTest::test_authorization_returns_true
Error: Class "App\Models\User" not found

/www/wwwroot/jobportal.prus.dev/tests/Feature/Requests/UpdateMasterDataRequestTest.php:29</error>
        </testcase>
        <testcase name="test_validation_rules_are_defined" file="/www/wwwroot/jobportal.prus.dev/tests/Feature/Requests/UpdateMasterDataRequestTest.php" line="41" class="Tests\Feature\Requests\UpdateMasterDataRequestTest" classname="Tests.Feature.Requests.UpdateMasterDataRequestTest" assertions="0" time="0.000000">
          <error type="Error">Tests\Feature\Requests\UpdateMasterDataRequestTest::test_validation_rules_are_defined
Error: Class "App\Models\User" not found

/www/wwwroot/jobportal.prus.dev/tests/Feature/Requests/UpdateMasterDataRequestTest.php:29</error>
        </testcase>
        <testcase name="test_validation_messages_are_defined" file="/www/wwwroot/jobportal.prus.dev/tests/Feature/Requests/UpdateMasterDataRequestTest.php" line="51" class="Tests\Feature\Requests\UpdateMasterDataRequestTest" classname="Tests.Feature.Requests.UpdateMasterDataRequestTest" assertions="0" time="0.000000">
          <error type="Error">Tests\Feature\Requests\UpdateMasterDataRequestTest::test_validation_messages_are_defined
Error: Class "App\Models\User" not found

/www/wwwroot/jobportal.prus.dev/tests/Feature/Requests/UpdateMasterDataRequestTest.php:29</error>
        </testcase>
        <testcase name="test_validation_attributes_are_defined" file="/www/wwwroot/jobportal.prus.dev/tests/Feature/Requests/UpdateMasterDataRequestTest.php" line="64" class="Tests\Feature\Requests\UpdateMasterDataRequestTest" classname="Tests.Feature.Requests.UpdateMasterDataRequestTest" assertions="0" time="0.000000">
          <error type="Error">Tests\Feature\Requests\UpdateMasterDataRequestTest::test_validation_attributes_are_defined
Error: Class "App\Models\User" not found

/www/wwwroot/jobportal.prus.dev/tests/Feature/Requests/UpdateMasterDataRequestTest.php:29</error>
        </testcase>
        <testcase name="test_master_data_validation" file="/www/wwwroot/jobportal.prus.dev/tests/Feature/Requests/UpdateMasterDataRequestTest.php" line="77" class="Tests\Feature\Requests\UpdateMasterDataRequestTest" classname="Tests.Feature.Requests.UpdateMasterDataRequestTest" assertions="0" time="0.000000">
          <error type="Error">Tests\Feature\Requests\UpdateMasterDataRequestTest::test_master_data_validation
Error: Class "App\Models\User" not found

/www/wwwroot/jobportal.prus.dev/tests/Feature/Requests/UpdateMasterDataRequestTest.php:29</error>
        </testcase>
        <testcase name="test_id_validation" file="/www/wwwroot/jobportal.prus.dev/tests/Feature/Requests/UpdateMasterDataRequestTest.php" line="90" class="Tests\Feature\Requests\UpdateMasterDataRequestTest" classname="Tests.Feature.Requests.UpdateMasterDataRequestTest" assertions="0" time="0.000000">
          <error type="Error">Tests\Feature\Requests\UpdateMasterDataRequestTest::test_id_validation
Error: Class "App\Models\User" not found

/www/wwwroot/jobportal.prus.dev/tests/Feature/Requests/UpdateMasterDataRequestTest.php:29</error>
        </testcase>
        <testcase name="test_name_validation" file="/www/wwwroot/jobportal.prus.dev/tests/Feature/Requests/UpdateMasterDataRequestTest.php" line="103" class="Tests\Feature\Requests\UpdateMasterDataRequestTest" classname="Tests.Feature.Requests.UpdateMasterDataRequestTest" assertions="0" time="0.000000">
          <error type="Error">Tests\Feature\Requests\UpdateMasterDataRequestTest::test_name_validation
Error: Class "App\Models\User" not found

/www/wwwroot/jobportal.prus.dev/tests/Feature/Requests/UpdateMasterDataRequestTest.php:29</error>
        </testcase>
        <testcase name="test_required_validation" file="/www/wwwroot/jobportal.prus.dev/tests/Feature/Requests/UpdateMasterDataRequestTest.php" line="116" class="Tests\Feature\Requests\UpdateMasterDataRequestTest" classname="Tests.Feature.Requests.UpdateMasterDataRequestTest" assertions="0" time="0.000000">
          <error type="Error">Tests\Feature\Requests\UpdateMasterDataRequestTest::test_required_validation
Error: Class "App\Models\User" not found

/www/wwwroot/jobportal.prus.dev/tests/Feature/Requests/UpdateMasterDataRequestTest.php:29</error>
        </testcase>
        <testcase name="test_string_validation" file="/www/wwwroot/jobportal.prus.dev/tests/Feature/Requests/UpdateMasterDataRequestTest.php" line="129" class="Tests\Feature\Requests\UpdateMasterDataRequestTest" classname="Tests.Feature.Requests.UpdateMasterDataRequestTest" assertions="0" time="0.000000">
          <error type="Error">Tests\Feature\Requests\UpdateMasterDataRequestTest::test_string_validation
Error: Class "App\Models\User" not found

/www/wwwroot/jobportal.prus.dev/tests/Feature/Requests/UpdateMasterDataRequestTest.php:29</error>
        </testcase>
        <testcase name="test_master_datas_validation" file="/www/wwwroot/jobportal.prus.dev/tests/Feature/Requests/UpdateMasterDataRequestTest.php" line="142" class="Tests\Feature\Requests\UpdateMasterDataRequestTest" classname="Tests.Feature.Requests.UpdateMasterDataRequestTest" assertions="0" time="0.000000">
          <error type="Error">Tests\Feature\Requests\UpdateMasterDataRequestTest::test_master_datas_validation
Error: Class "App\Models\User" not found

/www/wwwroot/jobportal.prus.dev/tests/Feature/Requests/UpdateMasterDataRequestTest.php:29</error>
        </testcase>
        <testcase name="test_email_validation" file="/www/wwwroot/jobportal.prus.dev/tests/Feature/Requests/UpdateMasterDataRequestTest.php" line="155" class="Tests\Feature\Requests\UpdateMasterDataRequestTest" classname="Tests.Feature.Requests.UpdateMasterDataRequestTest" assertions="0" time="0.000000">
          <error type="Error">Tests\Feature\Requests\UpdateMasterDataRequestTest::test_email_validation
Error: Class "App\Models\User" not found

/www/wwwroot/jobportal.prus.dev/tests/Feature/Requests/UpdateMasterDataRequestTest.php:29</error>
        </testcase>
        <testcase name="test_nullable_validation" file="/www/wwwroot/jobportal.prus.dev/tests/Feature/Requests/UpdateMasterDataRequestTest.php" line="168" class="Tests\Feature\Requests\UpdateMasterDataRequestTest" classname="Tests.Feature.Requests.UpdateMasterDataRequestTest" assertions="0" time="0.000000">
          <error type="Error">Tests\Feature\Requests\UpdateMasterDataRequestTest::test_nullable_validation
Error: Class "App\Models\User" not found

/www/wwwroot/jobportal.prus.dev/tests/Feature/Requests/UpdateMasterDataRequestTest.php:29</error>
        </testcase>
        <testcase name="test_users_validation" file="/www/wwwroot/jobportal.prus.dev/tests/Feature/Requests/UpdateMasterDataRequestTest.php" line="181" class="Tests\Feature\Requests\UpdateMasterDataRequestTest" classname="Tests.Feature.Requests.UpdateMasterDataRequestTest" assertions="0" time="0.000000">
          <error type="Error">Tests\Feature\Requests\UpdateMasterDataRequestTest::test_users_validation
Error: Class "App\Models\User" not found

/www/wwwroot/jobportal.prus.dev/tests/Feature/Requests/UpdateMasterDataRequestTest.php:29</error>
        </testcase>
        <testcase name="test_description_validation" file="/www/wwwroot/jobportal.prus.dev/tests/Feature/Requests/UpdateMasterDataRequestTest.php" line="194" class="Tests\Feature\Requests\UpdateMasterDataRequestTest" classname="Tests.Feature.Requests.UpdateMasterDataRequestTest" assertions="0" time="0.000000">
          <error type="Error">Tests\Feature\Requests\UpdateMasterDataRequestTest::test_description_validation
Error: Class "App\Models\User" not found

/www/wwwroot/jobportal.prus.dev/tests/Feature/Requests/UpdateMasterDataRequestTest.php:29</error>
        </testcase>
        <testcase name="test_status_validation" file="/www/wwwroot/jobportal.prus.dev/tests/Feature/Requests/UpdateMasterDataRequestTest.php" line="207" class="Tests\Feature\Requests\UpdateMasterDataRequestTest" classname="Tests.Feature.Requests.UpdateMasterDataRequestTest" assertions="0" time="0.000000">
          <error type="Error">Tests\Feature\Requests\UpdateMasterDataRequestTest::test_status_validation
Error: Class "App\Models\User" not found

/www/wwwroot/jobportal.prus.dev/tests/Feature/Requests/UpdateMasterDataRequestTest.php:29</error>
        </testcase>
        <testcase name="test_boolean_validation" file="/www/wwwroot/jobportal.prus.dev/tests/Feature/Requests/UpdateMasterDataRequestTest.php" line="220" class="Tests\Feature\Requests\UpdateMasterDataRequestTest" classname="Tests.Feature.Requests.UpdateMasterDataRequestTest" assertions="0" time="0.000000">
          <error type="Error">Tests\Feature\Requests\UpdateMasterDataRequestTest::test_boolean_validation
Error: Class "App\Models\User" not found

/www/wwwroot/jobportal.prus.dev/tests/Feature/Requests/UpdateMasterDataRequestTest.php:29</error>
        </testcase>
        <testcase name="test_valid_data_passes_validation" file="/www/wwwroot/jobportal.prus.dev/tests/Feature/Requests/UpdateMasterDataRequestTest.php" line="233" class="Tests\Feature\Requests\UpdateMasterDataRequestTest" classname="Tests.Feature.Requests.UpdateMasterDataRequestTest" assertions="0" time="0.000000">
          <error type="Error">Tests\Feature\Requests\UpdateMasterDataRequestTest::test_valid_data_passes_validation
Error: Class "App\Models\User" not found

/www/wwwroot/jobportal.prus.dev/tests/Feature/Requests/UpdateMasterDataRequestTest.php:29</error>
        </testcase>
        <testcase name="test_request_handles_empty_data_correctly" file="/www/wwwroot/jobportal.prus.dev/tests/Feature/Requests/UpdateMasterDataRequestTest.php" line="257" class="Tests\Feature\Requests\UpdateMasterDataRequestTest" classname="Tests.Feature.Requests.UpdateMasterDataRequestTest" assertions="0" time="0.000000">
          <error type="Error">Tests\Feature\Requests\UpdateMasterDataRequestTest::test_request_handles_empty_data_correctly
Error: Class "App\Models\User" not found

/www/wwwroot/jobportal.prus.dev/tests/Feature/Requests/UpdateMasterDataRequestTest.php:29</error>
        </testcase>
        <testcase name="test_security_validation_prevents_xss" file="/www/wwwroot/jobportal.prus.dev/tests/Feature/Requests/UpdateMasterDataRequestTest.php" line="269" class="Tests\Feature\Requests\UpdateMasterDataRequestTest" classname="Tests.Feature.Requests.UpdateMasterDataRequestTest" assertions="0" time="0.000000">
          <error type="Error">Tests\Feature\Requests\UpdateMasterDataRequestTest::test_security_validation_prevents_xss
Error: Class "App\Models\User" not found

/www/wwwroot/jobportal.prus.dev/tests/Feature/Requests/UpdateMasterDataRequestTest.php:29</error>
        </testcase>
        <testcase name="test_sql_injection_prevention" file="/www/wwwroot/jobportal.prus.dev/tests/Feature/Requests/UpdateMasterDataRequestTest.php" line="292" class="Tests\Feature\Requests\UpdateMasterDataRequestTest" classname="Tests.Feature.Requests.UpdateMasterDataRequestTest" assertions="0" time="0.000000">
          <error type="Error">Tests\Feature\Requests\UpdateMasterDataRequestTest::test_sql_injection_prevention
Error: Class "App\Models\User" not found

/www/wwwroot/jobportal.prus.dev/tests/Feature/Requests/UpdateMasterDataRequestTest.php:29</error>
        </testcase>
      </testsuite>
      <testsuite name="Tests\Feature\Requests\UpdateOwnershipTypeRequestTest" file="/www/wwwroot/jobportal.prus.dev/tests/Feature/Requests/UpdateOwnershipTypeRequestTest.php" tests="20" assertions="0" errors="20" failures="0" skipped="0" time="0.000000">
        <testcase name="test_authorization_returns_true" file="/www/wwwroot/jobportal.prus.dev/tests/Feature/Requests/UpdateOwnershipTypeRequestTest.php" line="33" class="Tests\Feature\Requests\UpdateOwnershipTypeRequestTest" classname="Tests.Feature.Requests.UpdateOwnershipTypeRequestTest" assertions="0" time="0.000000">
          <error type="Error">Tests\Feature\Requests\UpdateOwnershipTypeRequestTest::test_authorization_returns_true
Error: Class "App\Models\User" not found

/www/wwwroot/jobportal.prus.dev/tests/Feature/Requests/UpdateOwnershipTypeRequestTest.php:29</error>
        </testcase>
        <testcase name="test_validation_rules_are_defined" file="/www/wwwroot/jobportal.prus.dev/tests/Feature/Requests/UpdateOwnershipTypeRequestTest.php" line="41" class="Tests\Feature\Requests\UpdateOwnershipTypeRequestTest" classname="Tests.Feature.Requests.UpdateOwnershipTypeRequestTest" assertions="0" time="0.000000">
          <error type="Error">Tests\Feature\Requests\UpdateOwnershipTypeRequestTest::test_validation_rules_are_defined
Error: Class "App\Models\User" not found

/www/wwwroot/jobportal.prus.dev/tests/Feature/Requests/UpdateOwnershipTypeRequestTest.php:29</error>
        </testcase>
        <testcase name="test_validation_messages_are_defined" file="/www/wwwroot/jobportal.prus.dev/tests/Feature/Requests/UpdateOwnershipTypeRequestTest.php" line="51" class="Tests\Feature\Requests\UpdateOwnershipTypeRequestTest" classname="Tests.Feature.Requests.UpdateOwnershipTypeRequestTest" assertions="0" time="0.000000">
          <error type="Error">Tests\Feature\Requests\UpdateOwnershipTypeRequestTest::test_validation_messages_are_defined
Error: Class "App\Models\User" not found

/www/wwwroot/jobportal.prus.dev/tests/Feature/Requests/UpdateOwnershipTypeRequestTest.php:29</error>
        </testcase>
        <testcase name="test_validation_attributes_are_defined" file="/www/wwwroot/jobportal.prus.dev/tests/Feature/Requests/UpdateOwnershipTypeRequestTest.php" line="64" class="Tests\Feature\Requests\UpdateOwnershipTypeRequestTest" classname="Tests.Feature.Requests.UpdateOwnershipTypeRequestTest" assertions="0" time="0.000000">
          <error type="Error">Tests\Feature\Requests\UpdateOwnershipTypeRequestTest::test_validation_attributes_are_defined
Error: Class "App\Models\User" not found

/www/wwwroot/jobportal.prus.dev/tests/Feature/Requests/UpdateOwnershipTypeRequestTest.php:29</error>
        </testcase>
        <testcase name="test_ownership_type_validation" file="/www/wwwroot/jobportal.prus.dev/tests/Feature/Requests/UpdateOwnershipTypeRequestTest.php" line="77" class="Tests\Feature\Requests\UpdateOwnershipTypeRequestTest" classname="Tests.Feature.Requests.UpdateOwnershipTypeRequestTest" assertions="0" time="0.000000">
          <error type="Error">Tests\Feature\Requests\UpdateOwnershipTypeRequestTest::test_ownership_type_validation
Error: Class "App\Models\User" not found

/www/wwwroot/jobportal.prus.dev/tests/Feature/Requests/UpdateOwnershipTypeRequestTest.php:29</error>
        </testcase>
        <testcase name="test_id_validation" file="/www/wwwroot/jobportal.prus.dev/tests/Feature/Requests/UpdateOwnershipTypeRequestTest.php" line="90" class="Tests\Feature\Requests\UpdateOwnershipTypeRequestTest" classname="Tests.Feature.Requests.UpdateOwnershipTypeRequestTest" assertions="0" time="0.000000">
          <error type="Error">Tests\Feature\Requests\UpdateOwnershipTypeRequestTest::test_id_validation
Error: Class "App\Models\User" not found

/www/wwwroot/jobportal.prus.dev/tests/Feature/Requests/UpdateOwnershipTypeRequestTest.php:29</error>
        </testcase>
        <testcase name="test_name_validation" file="/www/wwwroot/jobportal.prus.dev/tests/Feature/Requests/UpdateOwnershipTypeRequestTest.php" line="103" class="Tests\Feature\Requests\UpdateOwnershipTypeRequestTest" classname="Tests.Feature.Requests.UpdateOwnershipTypeRequestTest" assertions="0" time="0.000000">
          <error type="Error">Tests\Feature\Requests\UpdateOwnershipTypeRequestTest::test_name_validation
Error: Class "App\Models\User" not found

/www/wwwroot/jobportal.prus.dev/tests/Feature/Requests/UpdateOwnershipTypeRequestTest.php:29</error>
        </testcase>
        <testcase name="test_required_validation" file="/www/wwwroot/jobportal.prus.dev/tests/Feature/Requests/UpdateOwnershipTypeRequestTest.php" line="116" class="Tests\Feature\Requests\UpdateOwnershipTypeRequestTest" classname="Tests.Feature.Requests.UpdateOwnershipTypeRequestTest" assertions="0" time="0.000000">
          <error type="Error">Tests\Feature\Requests\UpdateOwnershipTypeRequestTest::test_required_validation
Error: Class "App\Models\User" not found

/www/wwwroot/jobportal.prus.dev/tests/Feature/Requests/UpdateOwnershipTypeRequestTest.php:29</error>
        </testcase>
        <testcase name="test_string_validation" file="/www/wwwroot/jobportal.prus.dev/tests/Feature/Requests/UpdateOwnershipTypeRequestTest.php" line="129" class="Tests\Feature\Requests\UpdateOwnershipTypeRequestTest" classname="Tests.Feature.Requests.UpdateOwnershipTypeRequestTest" assertions="0" time="0.000000">
          <error type="Error">Tests\Feature\Requests\UpdateOwnershipTypeRequestTest::test_string_validation
Error: Class "App\Models\User" not found

/www/wwwroot/jobportal.prus.dev/tests/Feature/Requests/UpdateOwnershipTypeRequestTest.php:29</error>
        </testcase>
        <testcase name="test_ownership_types_validation" file="/www/wwwroot/jobportal.prus.dev/tests/Feature/Requests/UpdateOwnershipTypeRequestTest.php" line="142" class="Tests\Feature\Requests\UpdateOwnershipTypeRequestTest" classname="Tests.Feature.Requests.UpdateOwnershipTypeRequestTest" assertions="0" time="0.000000">
          <error type="Error">Tests\Feature\Requests\UpdateOwnershipTypeRequestTest::test_ownership_types_validation
Error: Class "App\Models\User" not found

/www/wwwroot/jobportal.prus.dev/tests/Feature/Requests/UpdateOwnershipTypeRequestTest.php:29</error>
        </testcase>
        <testcase name="test_email_validation" file="/www/wwwroot/jobportal.prus.dev/tests/Feature/Requests/UpdateOwnershipTypeRequestTest.php" line="155" class="Tests\Feature\Requests\UpdateOwnershipTypeRequestTest" classname="Tests.Feature.Requests.UpdateOwnershipTypeRequestTest" assertions="0" time="0.000000">
          <error type="Error">Tests\Feature\Requests\UpdateOwnershipTypeRequestTest::test_email_validation
Error: Class "App\Models\User" not found

/www/wwwroot/jobportal.prus.dev/tests/Feature/Requests/UpdateOwnershipTypeRequestTest.php:29</error>
        </testcase>
        <testcase name="test_nullable_validation" file="/www/wwwroot/jobportal.prus.dev/tests/Feature/Requests/UpdateOwnershipTypeRequestTest.php" line="168" class="Tests\Feature\Requests\UpdateOwnershipTypeRequestTest" classname="Tests.Feature.Requests.UpdateOwnershipTypeRequestTest" assertions="0" time="0.000000">
          <error type="Error">Tests\Feature\Requests\UpdateOwnershipTypeRequestTest::test_nullable_validation
Error: Class "App\Models\User" not found

/www/wwwroot/jobportal.prus.dev/tests/Feature/Requests/UpdateOwnershipTypeRequestTest.php:29</error>
        </testcase>
        <testcase name="test_users_validation" file="/www/wwwroot/jobportal.prus.dev/tests/Feature/Requests/UpdateOwnershipTypeRequestTest.php" line="181" class="Tests\Feature\Requests\UpdateOwnershipTypeRequestTest" classname="Tests.Feature.Requests.UpdateOwnershipTypeRequestTest" assertions="0" time="0.000000">
          <error type="Error">Tests\Feature\Requests\UpdateOwnershipTypeRequestTest::test_users_validation
Error: Class "App\Models\User" not found

/www/wwwroot/jobportal.prus.dev/tests/Feature/Requests/UpdateOwnershipTypeRequestTest.php:29</error>
        </testcase>
        <testcase name="test_description_validation" file="/www/wwwroot/jobportal.prus.dev/tests/Feature/Requests/UpdateOwnershipTypeRequestTest.php" line="194" class="Tests\Feature\Requests\UpdateOwnershipTypeRequestTest" classname="Tests.Feature.Requests.UpdateOwnershipTypeRequestTest" assertions="0" time="0.000000">
          <error type="Error">Tests\Feature\Requests\UpdateOwnershipTypeRequestTest::test_description_validation
Error: Class "App\Models\User" not found

/www/wwwroot/jobportal.prus.dev/tests/Feature/Requests/UpdateOwnershipTypeRequestTest.php:29</error>
        </testcase>
        <testcase name="test_status_validation" file="/www/wwwroot/jobportal.prus.dev/tests/Feature/Requests/UpdateOwnershipTypeRequestTest.php" line="207" class="Tests\Feature\Requests\UpdateOwnershipTypeRequestTest" classname="Tests.Feature.Requests.UpdateOwnershipTypeRequestTest" assertions="0" time="0.000000">
          <error type="Error">Tests\Feature\Requests\UpdateOwnershipTypeRequestTest::test_status_validation
Error: Class "App\Models\User" not found

/www/wwwroot/jobportal.prus.dev/tests/Feature/Requests/UpdateOwnershipTypeRequestTest.php:29</error>
        </testcase>
        <testcase name="test_boolean_validation" file="/www/wwwroot/jobportal.prus.dev/tests/Feature/Requests/UpdateOwnershipTypeRequestTest.php" line="220" class="Tests\Feature\Requests\UpdateOwnershipTypeRequestTest" classname="Tests.Feature.Requests.UpdateOwnershipTypeRequestTest" assertions="0" time="0.000000">
          <error type="Error">Tests\Feature\Requests\UpdateOwnershipTypeRequestTest::test_boolean_validation
Error: Class "App\Models\User" not found

/www/wwwroot/jobportal.prus.dev/tests/Feature/Requests/UpdateOwnershipTypeRequestTest.php:29</error>
        </testcase>
        <testcase name="test_valid_data_passes_validation" file="/www/wwwroot/jobportal.prus.dev/tests/Feature/Requests/UpdateOwnershipTypeRequestTest.php" line="233" class="Tests\Feature\Requests\UpdateOwnershipTypeRequestTest" classname="Tests.Feature.Requests.UpdateOwnershipTypeRequestTest" assertions="0" time="0.000000">
          <error type="Error">Tests\Feature\Requests\UpdateOwnershipTypeRequestTest::test_valid_data_passes_validation
Error: Class "App\Models\User" not found

/www/wwwroot/jobportal.prus.dev/tests/Feature/Requests/UpdateOwnershipTypeRequestTest.php:29</error>
        </testcase>
        <testcase name="test_request_handles_empty_data_correctly" file="/www/wwwroot/jobportal.prus.dev/tests/Feature/Requests/UpdateOwnershipTypeRequestTest.php" line="257" class="Tests\Feature\Requests\UpdateOwnershipTypeRequestTest" classname="Tests.Feature.Requests.UpdateOwnershipTypeRequestTest" assertions="0" time="0.000000">
          <error type="Error">Tests\Feature\Requests\UpdateOwnershipTypeRequestTest::test_request_handles_empty_data_correctly
Error: Class "App\Models\User" not found

/www/wwwroot/jobportal.prus.dev/tests/Feature/Requests/UpdateOwnershipTypeRequestTest.php:29</error>
        </testcase>
        <testcase name="test_security_validation_prevents_xss" file="/www/wwwroot/jobportal.prus.dev/tests/Feature/Requests/UpdateOwnershipTypeRequestTest.php" line="269" class="Tests\Feature\Requests\UpdateOwnershipTypeRequestTest" classname="Tests.Feature.Requests.UpdateOwnershipTypeRequestTest" assertions="0" time="0.000000">
          <error type="Error">Tests\Feature\Requests\UpdateOwnershipTypeRequestTest::test_security_validation_prevents_xss
Error: Class "App\Models\User" not found

/www/wwwroot/jobportal.prus.dev/tests/Feature/Requests/UpdateOwnershipTypeRequestTest.php:29</error>
        </testcase>
        <testcase name="test_sql_injection_prevention" file="/www/wwwroot/jobportal.prus.dev/tests/Feature/Requests/UpdateOwnershipTypeRequestTest.php" line="292" class="Tests\Feature\Requests\UpdateOwnershipTypeRequestTest" classname="Tests.Feature.Requests.UpdateOwnershipTypeRequestTest" assertions="0" time="0.000000">
          <error type="Error">Tests\Feature\Requests\UpdateOwnershipTypeRequestTest::test_sql_injection_prevention
Error: Class "App\Models\User" not found

/www/wwwroot/jobportal.prus.dev/tests/Feature/Requests/UpdateOwnershipTypeRequestTest.php:29</error>
        </testcase>
      </testsuite>
      <testsuite name="Tests\Feature\Requests\UpdateReportedJobRequestTest" file="/www/wwwroot/jobportal.prus.dev/tests/Feature/Requests/UpdateReportedJobRequestTest.php" tests="20" assertions="0" errors="20" failures="0" skipped="0" time="0.000000">
        <testcase name="test_authorization_returns_true" file="/www/wwwroot/jobportal.prus.dev/tests/Feature/Requests/UpdateReportedJobRequestTest.php" line="33" class="Tests\Feature\Requests\UpdateReportedJobRequestTest" classname="Tests.Feature.Requests.UpdateReportedJobRequestTest" assertions="0" time="0.000000">
          <error type="Error">Tests\Feature\Requests\UpdateReportedJobRequestTest::test_authorization_returns_true
Error: Class "App\Models\User" not found

/www/wwwroot/jobportal.prus.dev/tests/Feature/Requests/UpdateReportedJobRequestTest.php:29</error>
        </testcase>
        <testcase name="test_validation_rules_are_defined" file="/www/wwwroot/jobportal.prus.dev/tests/Feature/Requests/UpdateReportedJobRequestTest.php" line="41" class="Tests\Feature\Requests\UpdateReportedJobRequestTest" classname="Tests.Feature.Requests.UpdateReportedJobRequestTest" assertions="0" time="0.000000">
          <error type="Error">Tests\Feature\Requests\UpdateReportedJobRequestTest::test_validation_rules_are_defined
Error: Class "App\Models\User" not found

/www/wwwroot/jobportal.prus.dev/tests/Feature/Requests/UpdateReportedJobRequestTest.php:29</error>
        </testcase>
        <testcase name="test_validation_messages_are_defined" file="/www/wwwroot/jobportal.prus.dev/tests/Feature/Requests/UpdateReportedJobRequestTest.php" line="51" class="Tests\Feature\Requests\UpdateReportedJobRequestTest" classname="Tests.Feature.Requests.UpdateReportedJobRequestTest" assertions="0" time="0.000000">
          <error type="Error">Tests\Feature\Requests\UpdateReportedJobRequestTest::test_validation_messages_are_defined
Error: Class "App\Models\User" not found

/www/wwwroot/jobportal.prus.dev/tests/Feature/Requests/UpdateReportedJobRequestTest.php:29</error>
        </testcase>
        <testcase name="test_validation_attributes_are_defined" file="/www/wwwroot/jobportal.prus.dev/tests/Feature/Requests/UpdateReportedJobRequestTest.php" line="64" class="Tests\Feature\Requests\UpdateReportedJobRequestTest" classname="Tests.Feature.Requests.UpdateReportedJobRequestTest" assertions="0" time="0.000000">
          <error type="Error">Tests\Feature\Requests\UpdateReportedJobRequestTest::test_validation_attributes_are_defined
Error: Class "App\Models\User" not found

/www/wwwroot/jobportal.prus.dev/tests/Feature/Requests/UpdateReportedJobRequestTest.php:29</error>
        </testcase>
        <testcase name="test_reported_job_validation" file="/www/wwwroot/jobportal.prus.dev/tests/Feature/Requests/UpdateReportedJobRequestTest.php" line="77" class="Tests\Feature\Requests\UpdateReportedJobRequestTest" classname="Tests.Feature.Requests.UpdateReportedJobRequestTest" assertions="0" time="0.000000">
          <error type="Error">Tests\Feature\Requests\UpdateReportedJobRequestTest::test_reported_job_validation
Error: Class "App\Models\User" not found

/www/wwwroot/jobportal.prus.dev/tests/Feature/Requests/UpdateReportedJobRequestTest.php:29</error>
        </testcase>
        <testcase name="test_id_validation" file="/www/wwwroot/jobportal.prus.dev/tests/Feature/Requests/UpdateReportedJobRequestTest.php" line="90" class="Tests\Feature\Requests\UpdateReportedJobRequestTest" classname="Tests.Feature.Requests.UpdateReportedJobRequestTest" assertions="0" time="0.000000">
          <error type="Error">Tests\Feature\Requests\UpdateReportedJobRequestTest::test_id_validation
Error: Class "App\Models\User" not found

/www/wwwroot/jobportal.prus.dev/tests/Feature/Requests/UpdateReportedJobRequestTest.php:29</error>
        </testcase>
        <testcase name="test_name_validation" file="/www/wwwroot/jobportal.prus.dev/tests/Feature/Requests/UpdateReportedJobRequestTest.php" line="103" class="Tests\Feature\Requests\UpdateReportedJobRequestTest" classname="Tests.Feature.Requests.UpdateReportedJobRequestTest" assertions="0" time="0.000000">
          <error type="Error">Tests\Feature\Requests\UpdateReportedJobRequestTest::test_name_validation
Error: Class "App\Models\User" not found

/www/wwwroot/jobportal.prus.dev/tests/Feature/Requests/UpdateReportedJobRequestTest.php:29</error>
        </testcase>
        <testcase name="test_required_validation" file="/www/wwwroot/jobportal.prus.dev/tests/Feature/Requests/UpdateReportedJobRequestTest.php" line="116" class="Tests\Feature\Requests\UpdateReportedJobRequestTest" classname="Tests.Feature.Requests.UpdateReportedJobRequestTest" assertions="0" time="0.000000">
          <error type="Error">Tests\Feature\Requests\UpdateReportedJobRequestTest::test_required_validation
Error: Class "App\Models\User" not found

/www/wwwroot/jobportal.prus.dev/tests/Feature/Requests/UpdateReportedJobRequestTest.php:29</error>
        </testcase>
        <testcase name="test_string_validation" file="/www/wwwroot/jobportal.prus.dev/tests/Feature/Requests/UpdateReportedJobRequestTest.php" line="129" class="Tests\Feature\Requests\UpdateReportedJobRequestTest" classname="Tests.Feature.Requests.UpdateReportedJobRequestTest" assertions="0" time="0.000000">
          <error type="Error">Tests\Feature\Requests\UpdateReportedJobRequestTest::test_string_validation
Error: Class "App\Models\User" not found

/www/wwwroot/jobportal.prus.dev/tests/Feature/Requests/UpdateReportedJobRequestTest.php:29</error>
        </testcase>
        <testcase name="test_reported_jobs_validation" file="/www/wwwroot/jobportal.prus.dev/tests/Feature/Requests/UpdateReportedJobRequestTest.php" line="142" class="Tests\Feature\Requests\UpdateReportedJobRequestTest" classname="Tests.Feature.Requests.UpdateReportedJobRequestTest" assertions="0" time="0.000000">
          <error type="Error">Tests\Feature\Requests\UpdateReportedJobRequestTest::test_reported_jobs_validation
Error: Class "App\Models\User" not found

/www/wwwroot/jobportal.prus.dev/tests/Feature/Requests/UpdateReportedJobRequestTest.php:29</error>
        </testcase>
        <testcase name="test_email_validation" file="/www/wwwroot/jobportal.prus.dev/tests/Feature/Requests/UpdateReportedJobRequestTest.php" line="155" class="Tests\Feature\Requests\UpdateReportedJobRequestTest" classname="Tests.Feature.Requests.UpdateReportedJobRequestTest" assertions="0" time="0.000000">
          <error type="Error">Tests\Feature\Requests\UpdateReportedJobRequestTest::test_email_validation
Error: Class "App\Models\User" not found

/www/wwwroot/jobportal.prus.dev/tests/Feature/Requests/UpdateReportedJobRequestTest.php:29</error>
        </testcase>
        <testcase name="test_nullable_validation" file="/www/wwwroot/jobportal.prus.dev/tests/Feature/Requests/UpdateReportedJobRequestTest.php" line="168" class="Tests\Feature\Requests\UpdateReportedJobRequestTest" classname="Tests.Feature.Requests.UpdateReportedJobRequestTest" assertions="0" time="0.000000">
          <error type="Error">Tests\Feature\Requests\UpdateReportedJobRequestTest::test_nullable_validation
Error: Class "App\Models\User" not found

/www/wwwroot/jobportal.prus.dev/tests/Feature/Requests/UpdateReportedJobRequestTest.php:29</error>
        </testcase>
        <testcase name="test_users_validation" file="/www/wwwroot/jobportal.prus.dev/tests/Feature/Requests/UpdateReportedJobRequestTest.php" line="181" class="Tests\Feature\Requests\UpdateReportedJobRequestTest" classname="Tests.Feature.Requests.UpdateReportedJobRequestTest" assertions="0" time="0.000000">
          <error type="Error">Tests\Feature\Requests\UpdateReportedJobRequestTest::test_users_validation
Error: Class "App\Models\User" not found

/www/wwwroot/jobportal.prus.dev/tests/Feature/Requests/UpdateReportedJobRequestTest.php:29</error>
        </testcase>
        <testcase name="test_description_validation" file="/www/wwwroot/jobportal.prus.dev/tests/Feature/Requests/UpdateReportedJobRequestTest.php" line="194" class="Tests\Feature\Requests\UpdateReportedJobRequestTest" classname="Tests.Feature.Requests.UpdateReportedJobRequestTest" assertions="0" time="0.000000">
          <error type="Error">Tests\Feature\Requests\UpdateReportedJobRequestTest::test_description_validation
Error: Class "App\Models\User" not found

/www/wwwroot/jobportal.prus.dev/tests/Feature/Requests/UpdateReportedJobRequestTest.php:29</error>
        </testcase>
        <testcase name="test_status_validation" file="/www/wwwroot/jobportal.prus.dev/tests/Feature/Requests/UpdateReportedJobRequestTest.php" line="207" class="Tests\Feature\Requests\UpdateReportedJobRequestTest" classname="Tests.Feature.Requests.UpdateReportedJobRequestTest" assertions="0" time="0.000000">
          <error type="Error">Tests\Feature\Requests\UpdateReportedJobRequestTest::test_status_validation
Error: Class "App\Models\User" not found

/www/wwwroot/jobportal.prus.dev/tests/Feature/Requests/UpdateReportedJobRequestTest.php:29</error>
        </testcase>
        <testcase name="test_boolean_validation" file="/www/wwwroot/jobportal.prus.dev/tests/Feature/Requests/UpdateReportedJobRequestTest.php" line="220" class="Tests\Feature\Requests\UpdateReportedJobRequestTest" classname="Tests.Feature.Requests.UpdateReportedJobRequestTest" assertions="0" time="0.000000">
          <error type="Error">Tests\Feature\Requests\UpdateReportedJobRequestTest::test_boolean_validation
Error: Class "App\Models\User" not found

/www/wwwroot/jobportal.prus.dev/tests/Feature/Requests/UpdateReportedJobRequestTest.php:29</error>
        </testcase>
        <testcase name="test_valid_data_passes_validation" file="/www/wwwroot/jobportal.prus.dev/tests/Feature/Requests/UpdateReportedJobRequestTest.php" line="233" class="Tests\Feature\Requests\UpdateReportedJobRequestTest" classname="Tests.Feature.Requests.UpdateReportedJobRequestTest" assertions="0" time="0.000000">
          <error type="Error">Tests\Feature\Requests\UpdateReportedJobRequestTest::test_valid_data_passes_validation
Error: Class "App\Models\User" not found

/www/wwwroot/jobportal.prus.dev/tests/Feature/Requests/UpdateReportedJobRequestTest.php:29</error>
        </testcase>
        <testcase name="test_request_handles_empty_data_correctly" file="/www/wwwroot/jobportal.prus.dev/tests/Feature/Requests/UpdateReportedJobRequestTest.php" line="257" class="Tests\Feature\Requests\UpdateReportedJobRequestTest" classname="Tests.Feature.Requests.UpdateReportedJobRequestTest" assertions="0" time="0.000000">
          <error type="Error">Tests\Feature\Requests\UpdateReportedJobRequestTest::test_request_handles_empty_data_correctly
Error: Class "App\Models\User" not found

/www/wwwroot/jobportal.prus.dev/tests/Feature/Requests/UpdateReportedJobRequestTest.php:29</error>
        </testcase>
        <testcase name="test_security_validation_prevents_xss" file="/www/wwwroot/jobportal.prus.dev/tests/Feature/Requests/UpdateReportedJobRequestTest.php" line="269" class="Tests\Feature\Requests\UpdateReportedJobRequestTest" classname="Tests.Feature.Requests.UpdateReportedJobRequestTest" assertions="0" time="0.000000">
          <error type="Error">Tests\Feature\Requests\UpdateReportedJobRequestTest::test_security_validation_prevents_xss
Error: Class "App\Models\User" not found

/www/wwwroot/jobportal.prus.dev/tests/Feature/Requests/UpdateReportedJobRequestTest.php:29</error>
        </testcase>
        <testcase name="test_sql_injection_prevention" file="/www/wwwroot/jobportal.prus.dev/tests/Feature/Requests/UpdateReportedJobRequestTest.php" line="292" class="Tests\Feature\Requests\UpdateReportedJobRequestTest" classname="Tests.Feature.Requests.UpdateReportedJobRequestTest" assertions="0" time="0.000000">
          <error type="Error">Tests\Feature\Requests\UpdateReportedJobRequestTest::test_sql_injection_prevention
Error: Class "App\Models\User" not found

/www/wwwroot/jobportal.prus.dev/tests/Feature/Requests/UpdateReportedJobRequestTest.php:29</error>
        </testcase>
      </testsuite>
      <testsuite name="Tests\Feature\Requests\UpdateTransactionRequestTest" file="/www/wwwroot/jobportal.prus.dev/tests/Feature/Requests/UpdateTransactionRequestTest.php" tests="10" assertions="0" errors="10" failures="0" skipped="0" time="0.000000">
        <testcase name="test_authorization_returns_true" file="/www/wwwroot/jobportal.prus.dev/tests/Feature/Requests/UpdateTransactionRequestTest.php" line="33" class="Tests\Feature\Requests\UpdateTransactionRequestTest" classname="Tests.Feature.Requests.UpdateTransactionRequestTest" assertions="0" time="0.000000">
          <error type="Error">Tests\Feature\Requests\UpdateTransactionRequestTest::test_authorization_returns_true
Error: Class "App\Models\User" not found

/www/wwwroot/jobportal.prus.dev/tests/Feature/Requests/UpdateTransactionRequestTest.php:29</error>
        </testcase>
        <testcase name="test_validation_rules_are_defined" file="/www/wwwroot/jobportal.prus.dev/tests/Feature/Requests/UpdateTransactionRequestTest.php" line="41" class="Tests\Feature\Requests\UpdateTransactionRequestTest" classname="Tests.Feature.Requests.UpdateTransactionRequestTest" assertions="0" time="0.000000">
          <error type="Error">Tests\Feature\Requests\UpdateTransactionRequestTest::test_validation_rules_are_defined
Error: Class "App\Models\User" not found

/www/wwwroot/jobportal.prus.dev/tests/Feature/Requests/UpdateTransactionRequestTest.php:29</error>
        </testcase>
        <testcase name="test_validation_messages_are_defined" file="/www/wwwroot/jobportal.prus.dev/tests/Feature/Requests/UpdateTransactionRequestTest.php" line="51" class="Tests\Feature\Requests\UpdateTransactionRequestTest" classname="Tests.Feature.Requests.UpdateTransactionRequestTest" assertions="0" time="0.000000">
          <error type="Error">Tests\Feature\Requests\UpdateTransactionRequestTest::test_validation_messages_are_defined
Error: Class "App\Models\User" not found

/www/wwwroot/jobportal.prus.dev/tests/Feature/Requests/UpdateTransactionRequestTest.php:29</error>
        </testcase>
        <testcase name="test_validation_attributes_are_defined" file="/www/wwwroot/jobportal.prus.dev/tests/Feature/Requests/UpdateTransactionRequestTest.php" line="64" class="Tests\Feature\Requests\UpdateTransactionRequestTest" classname="Tests.Feature.Requests.UpdateTransactionRequestTest" assertions="0" time="0.000000">
          <error type="Error">Tests\Feature\Requests\UpdateTransactionRequestTest::test_validation_attributes_are_defined
Error: Class "App\Models\User" not found

/www/wwwroot/jobportal.prus.dev/tests/Feature/Requests/UpdateTransactionRequestTest.php:29</error>
        </testcase>
        <testcase name="test_status_validation" file="/www/wwwroot/jobportal.prus.dev/tests/Feature/Requests/UpdateTransactionRequestTest.php" line="77" class="Tests\Feature\Requests\UpdateTransactionRequestTest" classname="Tests.Feature.Requests.UpdateTransactionRequestTest" assertions="0" time="0.000000">
          <error type="Error">Tests\Feature\Requests\UpdateTransactionRequestTest::test_status_validation
Error: Class "App\Models\User" not found

/www/wwwroot/jobportal.prus.dev/tests/Feature/Requests/UpdateTransactionRequestTest.php:29</error>
        </testcase>
        <testcase name="test_meta_validation" file="/www/wwwroot/jobportal.prus.dev/tests/Feature/Requests/UpdateTransactionRequestTest.php" line="90" class="Tests\Feature\Requests\UpdateTransactionRequestTest" classname="Tests.Feature.Requests.UpdateTransactionRequestTest" assertions="0" time="0.000000">
          <error type="Error">Tests\Feature\Requests\UpdateTransactionRequestTest::test_meta_validation
Error: Class "App\Models\User" not found

/www/wwwroot/jobportal.prus.dev/tests/Feature/Requests/UpdateTransactionRequestTest.php:29</error>
        </testcase>
        <testcase name="test_valid_data_passes_validation" file="/www/wwwroot/jobportal.prus.dev/tests/Feature/Requests/UpdateTransactionRequestTest.php" line="103" class="Tests\Feature\Requests\UpdateTransactionRequestTest" classname="Tests.Feature.Requests.UpdateTransactionRequestTest" assertions="0" time="0.000000">
          <error type="Error">Tests\Feature\Requests\UpdateTransactionRequestTest::test_valid_data_passes_validation
Error: Class "App\Models\User" not found

/www/wwwroot/jobportal.prus.dev/tests/Feature/Requests/UpdateTransactionRequestTest.php:29</error>
        </testcase>
        <testcase name="test_request_handles_empty_data_correctly" file="/www/wwwroot/jobportal.prus.dev/tests/Feature/Requests/UpdateTransactionRequestTest.php" line="117" class="Tests\Feature\Requests\UpdateTransactionRequestTest" classname="Tests.Feature.Requests.UpdateTransactionRequestTest" assertions="0" time="0.000000">
          <error type="Error">Tests\Feature\Requests\UpdateTransactionRequestTest::test_request_handles_empty_data_correctly
Error: Class "App\Models\User" not found

/www/wwwroot/jobportal.prus.dev/tests/Feature/Requests/UpdateTransactionRequestTest.php:29</error>
        </testcase>
        <testcase name="test_security_validation_prevents_xss" file="/www/wwwroot/jobportal.prus.dev/tests/Feature/Requests/UpdateTransactionRequestTest.php" line="129" class="Tests\Feature\Requests\UpdateTransactionRequestTest" classname="Tests.Feature.Requests.UpdateTransactionRequestTest" assertions="0" time="0.000000">
          <error type="Error">Tests\Feature\Requests\UpdateTransactionRequestTest::test_security_validation_prevents_xss
Error: Class "App\Models\User" not found

/www/wwwroot/jobportal.prus.dev/tests/Feature/Requests/UpdateTransactionRequestTest.php:29</error>
        </testcase>
        <testcase name="test_sql_injection_prevention" file="/www/wwwroot/jobportal.prus.dev/tests/Feature/Requests/UpdateTransactionRequestTest.php" line="152" class="Tests\Feature\Requests\UpdateTransactionRequestTest" classname="Tests.Feature.Requests.UpdateTransactionRequestTest" assertions="0" time="0.000000">
          <error type="Error">Tests\Feature\Requests\UpdateTransactionRequestTest::test_sql_injection_prevention
Error: Class "App\Models\User" not found

/www/wwwroot/jobportal.prus.dev/tests/Feature/Requests/UpdateTransactionRequestTest.php:29</error>
        </testcase>
      </testsuite>
      <testsuite name="Tests\Feature\Requests\UpdateUserProfileRequestTest" file="/www/wwwroot/jobportal.prus.dev/tests/Feature/Requests/UpdateUserProfileRequestTest.php" tests="6" assertions="2" errors="4" failures="0" skipped="0" time="3.138504">
        <testcase name="test_validation_rules_are_defined" file="/www/wwwroot/jobportal.prus.dev/tests/Feature/Requests/UpdateUserProfileRequestTest.php" line="24" class="Tests\Feature\Requests\UpdateUserProfileRequestTest" classname="Tests.Feature.Requests.UpdateUserProfileRequestTest" assertions="0" time="0.550157">
          <error type="Error">Tests\Feature\Requests\UpdateUserProfileRequestTest::test_validation_rules_are_defined
Error: Class "App\Http\Requests\UpdateUserProfileRequest" not found

/www/wwwroot/jobportal.prus.dev/tests/Feature/Requests/UpdateUserProfileRequestTest.php:26</error>
        </testcase>
        <testcase name="test_all_users_are_authorized" file="/www/wwwroot/jobportal.prus.dev/tests/Feature/Requests/UpdateUserProfileRequestTest.php" line="36" class="Tests\Feature\Requests\UpdateUserProfileRequestTest" classname="Tests.Feature.Requests.UpdateUserProfileRequestTest" assertions="0" time="0.720573">
          <error type="Error">Tests\Feature\Requests\UpdateUserProfileRequestTest::test_all_users_are_authorized
Error: Class "App\Http\Requests\UpdateUserProfileRequest" not found

/www/wwwroot/jobportal.prus.dev/tests/Feature/Requests/UpdateUserProfileRequestTest.php:38</error>
        </testcase>
        <testcase name="test_validation_passes_with_valid_data" file="/www/wwwroot/jobportal.prus.dev/tests/Feature/Requests/UpdateUserProfileRequestTest.php" line="45" class="Tests\Feature\Requests\UpdateUserProfileRequestTest" classname="Tests.Feature.Requests.UpdateUserProfileRequestTest" assertions="1" time="0.466200"/>
        <testcase name="test_validation_fails_with_invalid_data" file="/www/wwwroot/jobportal.prus.dev/tests/Feature/Requests/UpdateUserProfileRequestTest.php" line="56" class="Tests\Feature\Requests\UpdateUserProfileRequestTest" classname="Tests.Feature.Requests.UpdateUserProfileRequestTest" assertions="1" time="0.466380"/>
        <testcase name="test_custom_error_messages_are_defined" file="/www/wwwroot/jobportal.prus.dev/tests/Feature/Requests/UpdateUserProfileRequestTest.php" line="67" class="Tests\Feature\Requests\UpdateUserProfileRequestTest" classname="Tests.Feature.Requests.UpdateUserProfileRequestTest" assertions="0" time="0.470838">
          <error type="Error">Tests\Feature\Requests\UpdateUserProfileRequestTest::test_custom_error_messages_are_defined
Error: Class "App\Http\Requests\UpdateUserProfileRequest" not found

/www/wwwroot/jobportal.prus.dev/tests/Feature/Requests/UpdateUserProfileRequestTest.php:69</error>
        </testcase>
        <testcase name="test_custom_attributes_are_defined" file="/www/wwwroot/jobportal.prus.dev/tests/Feature/Requests/UpdateUserProfileRequestTest.php" line="82" class="Tests\Feature\Requests\UpdateUserProfileRequestTest" classname="Tests.Feature.Requests.UpdateUserProfileRequestTest" assertions="0" time="0.464357">
          <error type="Error">Tests\Feature\Requests\UpdateUserProfileRequestTest::test_custom_attributes_are_defined
Error: Class "App\Http\Requests\UpdateUserProfileRequest" not found

/www/wwwroot/jobportal.prus.dev/tests/Feature/Requests/UpdateUserProfileRequestTest.php:84</error>
        </testcase>
      </testsuite>
      <testsuite name="Tests\Feature\Requests\ValidationIntegrationTest" file="/www/wwwroot/jobportal.prus.dev/tests/Feature/Requests/ValidationIntegrationTest.php" tests="8" assertions="38" errors="0" failures="0" skipped="0" time="4.049940">
        <testcase name="it_integrates_all_domain_validation_classes" file="/www/wwwroot/jobportal.prus.dev/tests/Feature/Requests/ValidationIntegrationTest.php" line="22" class="Tests\Feature\Requests\ValidationIntegrationTest" classname="Tests.Feature.Requests.ValidationIntegrationTest" assertions="4" time="0.472429"/>
        <testcase name="it_combines_multiple_domain_validations" file="/www/wwwroot/jobportal.prus.dev/tests/Feature/Requests/ValidationIntegrationTest.php" line="32" class="Tests\Feature\Requests\ValidationIntegrationTest" classname="Tests.Feature.Requests.ValidationIntegrationTest" assertions="1" time="0.479988"/>
        <testcase name="it_validates_api_requests_with_domain_data" file="/www/wwwroot/jobportal.prus.dev/tests/Feature/Requests/ValidationIntegrationTest.php" line="112" class="Tests\Feature\Requests\ValidationIntegrationTest" classname="Tests.Feature.Requests.ValidationIntegrationTest" assertions="1" time="0.530537"/>
        <testcase name="it_handles_validation_errors_consistently" file="/www/wwwroot/jobportal.prus.dev/tests/Feature/Requests/ValidationIntegrationTest.php" line="144" class="Tests\Feature\Requests\ValidationIntegrationTest" classname="Tests.Feature.Requests.ValidationIntegrationTest" assertions="16" time="0.474764"/>
        <testcase name="it_applies_sanitization_across_domains" file="/www/wwwroot/jobportal.prus.dev/tests/Feature/Requests/ValidationIntegrationTest.php" line="169" class="Tests\Feature\Requests\ValidationIntegrationTest" classname="Tests.Feature.Requests.ValidationIntegrationTest" assertions="6" time="0.516002"/>
        <testcase name="it_maintains_security_levels_across_domains" file="/www/wwwroot/jobportal.prus.dev/tests/Feature/Requests/ValidationIntegrationTest.php" line="215" class="Tests\Feature\Requests\ValidationIntegrationTest" classname="Tests.Feature.Requests.ValidationIntegrationTest" assertions="4" time="0.620570"/>
        <testcase name="it_validates_multilingual_content" file="/www/wwwroot/jobportal.prus.dev/tests/Feature/Requests/ValidationIntegrationTest.php" line="240" class="Tests\Feature\Requests\ValidationIntegrationTest" classname="Tests.Feature.Requests.ValidationIntegrationTest" assertions="1" time="0.473530"/>
        <testcase name="it_handles_cross_domain_validation_failures" file="/www/wwwroot/jobportal.prus.dev/tests/Feature/Requests/ValidationIntegrationTest.php" line="255" class="Tests\Feature\Requests\ValidationIntegrationTest" classname="Tests.Feature.Requests.ValidationIntegrationTest" assertions="5" time="0.482122"/>
      </testsuite>
      <testsuite name="Tests\Feature\Requests\ValidationPerformanceTest" file="/www/wwwroot/jobportal.prus.dev/tests/Feature/Requests/ValidationPerformanceTest.php" tests="4" assertions="1154" errors="0" failures="0" skipped="0" time="2.166116">
        <testcase name="it_validates_large_datasets_within_performance_limits" file="/www/wwwroot/jobportal.prus.dev/tests/Feature/Requests/ValidationPerformanceTest.php" line="18" class="Tests\Feature\Requests\ValidationPerformanceTest" classname="Tests.Feature.Requests.ValidationPerformanceTest" assertions="101" time="0.563713"/>
        <testcase name="it_handles_complex_validation_efficiently" file="/www/wwwroot/jobportal.prus.dev/tests/Feature/Requests/ValidationPerformanceTest.php" line="70" class="Tests\Feature\Requests\ValidationPerformanceTest" classname="Tests.Feature.Requests.ValidationPerformanceTest" assertions="51" time="0.541632"/>
        <testcase name="it_handles_sanitization_efficiently" file="/www/wwwroot/jobportal.prus.dev/tests/Feature/Requests/ValidationPerformanceTest.php" line="127" class="Tests\Feature\Requests\ValidationPerformanceTest" classname="Tests.Feature.Requests.ValidationPerformanceTest" assertions="1001" time="0.475148"/>
        <testcase name="it_maintains_memory_efficiency" file="/www/wwwroot/jobportal.prus.dev/tests/Feature/Requests/ValidationPerformanceTest.php" line="180" class="Tests\Feature\Requests\ValidationPerformanceTest" classname="Tests.Feature.Requests.ValidationPerformanceTest" assertions="1" time="0.585622"/>
      </testsuite>
      <testsuite name="Tests\Feature\RouteTest" file="/www/wwwroot/jobportal.prus.dev/tests/Feature/RouteTest.php" tests="2" assertions="3" errors="0" failures="2" skipped="0" time="1.359759">
        <testcase name="important_routes_exist" file="/www/wwwroot/jobportal.prus.dev/tests/Feature/RouteTest.php" line="18" class="Tests\Feature\RouteTest" classname="Tests.Feature.RouteTest" assertions="2" time="0.808772">
          <failure type="PHPUnit\Framework\ExpectationFailedException">Tests\Feature\RouteTest::important_routes_exist
Route /login is not accessible
Failed asserting that false is true.

/www/wwwroot/jobportal.prus.dev/tests/Feature/RouteTest.php:28</failure>
        </testcase>
        <testcase name="authenticated_routes_require_login" file="/www/wwwroot/jobportal.prus.dev/tests/Feature/RouteTest.php" line="36" class="Tests\Feature\RouteTest" classname="Tests.Feature.RouteTest" assertions="1" time="0.550987">
          <failure type="PHPUnit\Framework\ExpectationFailedException">Tests\Feature\RouteTest::authenticated_routes_require_login
Expected response status code [201, 301, 302, 303, 307, 308] but received 200.
Failed asserting that false is true.

/www/wwwroot/jobportal.prus.dev/vendor/laravel/framework/src/Illuminate/Testing/TestResponseAssert.php:45
/www/wwwroot/jobportal.prus.dev/vendor/laravel/framework/src/Illuminate/Testing/TestResponse.php:199
/www/wwwroot/jobportal.prus.dev/tests/Feature/RouteTest.php:45</failure>
        </testcase>
      </testsuite>
      <testsuite name="Tests\Feature\RoutesTest" file="/www/wwwroot/jobportal.prus.dev/tests/Feature/RoutesTest.php" tests="14" assertions="32" errors="1" failures="12" skipped="0" time="11.362959">
        <testcase name="test_all_public_routes_are_accessible" file="/www/wwwroot/jobportal.prus.dev/tests/Feature/RoutesTest.php" line="20" class="Tests\Feature\RoutesTest" classname="Tests.Feature.RoutesTest" assertions="2" time="1.243961">
          <failure type="PHPUnit\Framework\ExpectationFailedException">Tests\Feature\RoutesTest::test_all_public_routes_are_accessible
Route /jobs failed with status 500
Failed asserting that 500 matches expected 200.

/www/wwwroot/jobportal.prus.dev/tests/Feature/RoutesTest.php:35</failure>
        </testcase>
        <testcase name="test_route_names_are_correctly_defined" file="/www/wwwroot/jobportal.prus.dev/tests/Feature/RoutesTest.php" line="42" class="Tests\Feature\RoutesTest" classname="Tests.Feature.RoutesTest" assertions="3" time="0.700900">
          <error type="Symfony\Component\Routing\Exception\RouteNotFoundException">Tests\Feature\RoutesTest::test_route_names_are_correctly_defined
Symfony\Component\Routing\Exception\RouteNotFoundException: Route [company.show] not defined.

/www/wwwroot/jobportal.prus.dev/vendor/laravel/framework/src/Illuminate/Routing/UrlGenerator.php:526
/www/wwwroot/jobportal.prus.dev/vendor/laravel/framework/src/Illuminate/Foundation/helpers.php:883
/www/wwwroot/jobportal.prus.dev/tests/Feature/RoutesTest.php:54</error>
        </testcase>
        <testcase name="test_jobs_search_with_query_parameters" file="/www/wwwroot/jobportal.prus.dev/tests/Feature/RoutesTest.php" line="62" class="Tests\Feature\RoutesTest" classname="Tests.Feature.RoutesTest" assertions="1" time="1.095534">
          <failure type="PHPUnit\Framework\ExpectationFailedException">Tests\Feature\RoutesTest::test_jobs_search_with_query_parameters
Expected response status code [200] but received 500.
Failed asserting that 500 is identical to 200.

The following exception occurred during the last request:

InvalidArgumentException: Unable to locate a class or view for component [jobs.active-filters]. in /www/wwwroot/jobportal.prus.dev/vendor/laravel/framework/src/Illuminate/View/Compilers/ComponentTagCompiler.php:315
Stack trace:
#0 /www/wwwroot/jobportal.prus.dev/vendor/laravel/framework/src/Illuminate/View/Compilers/ComponentTagCompiler.php(235): Illuminate\View\Compilers\ComponentTagCompiler-&gt;componentClass()
#1 /www/wwwroot/jobportal.prus.dev/vendor/laravel/framework/src/Illuminate/View/Compilers/ComponentTagCompiler.php(220): Illuminate\View\Compilers\ComponentTagCompiler-&gt;componentString()
#2 [internal function]: Illuminate\View\Compilers\ComponentTagCompiler-&gt;Illuminate\View\Compilers\{closure}()
#3 /www/wwwroot/jobportal.prus.dev/vendor/laravel/framework/src/Illuminate/View/Compilers/ComponentTagCompiler.php(215): preg_replace_callback()
#4 /www/wwwroot/jobportal.prus.dev/vendor/laravel/framework/src/Illuminate/View/Compilers/ComponentTagCompiler.php(89): Illuminate\View\Compilers\ComponentTagCompiler-&gt;compileSelfClosingTags()
#5 /www/wwwroot/jobportal.prus.dev/vendor/laravel/framework/src/Illuminate/View/Compilers/ComponentTagCompiler.php(76): Illuminate\View\Compilers\ComponentTagCompiler-&gt;compileTags()
#6 /www/wwwroot/jobportal.prus.dev/vendor/laravel/framework/src/Illuminate/View/Compilers/BladeCompiler.php(454): Illuminate\View\Compilers\ComponentTagCompiler-&gt;compile()
#7 /www/wwwroot/jobportal.prus.dev/vendor/laravel/framework/src/Illuminate/View/Compilers/BladeCompiler.php(286): Illuminate\View\Compilers\BladeCompiler-&gt;compileComponentTags()
#8 /www/wwwroot/jobportal.prus.dev/vendor/laravel/framework/src/Illuminate/View/Compilers/BladeCompiler.php(186): Illuminate\View\Compilers\BladeCompiler-&gt;compileString()
#9 /www/wwwroot/jobportal.prus.dev/vendor/laravel/framework/src/Illuminate/View/Engines/CompilerEngine.php(66): Illuminate\View\Compilers\BladeCompiler-&gt;compile()
#10 /www/wwwroot/jobportal.prus.dev/vendor/livewire/livewire/src/Mechanisms/ExtendBlade/ExtendedCompilerEngine.php(10): Illuminate\View\Engines\CompilerEngine-&gt;get()
#11 /www/wwwroot/jobportal.prus.dev/vendor/laravel/framework/src/Illuminate/View/View.php(208): Livewire\Mechanisms\ExtendBlade\ExtendedCompilerEngine-&gt;get()
#12 /www/wwwroot/jobportal.prus.dev/vendor/laravel/framework/src/Illuminate/View/View.php(191): Illuminate\View\View-&gt;getContents()
#13 /www/wwwroot/jobportal.prus.dev/vendor/laravel/framework/src/Illuminate/View/View.php(160): Illuminate\View\View-&gt;renderContents()
#14 /www/wwwroot/jobportal.prus.dev/vendor/laravel/framework/src/Illuminate/Http/Response.php(78): Illuminate\View\View-&gt;render()
#15 /www/wwwroot/jobportal.prus.dev/vendor/laravel/framework/src/Illuminate/Http/Response.php(34): Illuminate\Http\Response-&gt;setContent()
#16 /www/wwwroot/jobportal.prus.dev/vendor/laravel/framework/src/Illuminate/Routing/Router.php(924): Illuminate\Http\Response-&gt;__construct()
#17 /www/wwwroot/jobportal.prus.dev/vendor/laravel/framework/src/Illuminate/Routing/Router.php(891): Illuminate\Routing\Router::toResponse()
#18 /www/wwwroot/jobportal.prus.dev/vendor/laravel/framework/src/Illuminate/Routing/Router.php(807): Illuminate\Routing\Router-&gt;prepareResponse()
#19 /www/wwwroot/jobportal.prus.dev/vendor/laravel/framework/src/Illuminate/Pipeline/Pipeline.php(169): Illuminate\Routing\Router-&gt;Illuminate\Routing\{closure}()
#20 /www/wwwroot/jobportal.prus.dev/vendor/barryvdh/laravel-debugbar/src/Middleware/InjectDebugbar.php(59): Illuminate\Pipeline\Pipeline-&gt;Illuminate\Pipeline\{closure}()
#21 /www/wwwroot/jobportal.prus.dev/vendor/laravel/framework/src/Illuminate/Pipeline/Pipeline.php(208): Barryvdh\Debugbar\Middleware\InjectDebugbar-&gt;handle()
#22 /www/wwwroot/jobportal.prus.dev/app/Http/Middleware/LocaleMiddleware.php(54): Illuminate\Pipeline\Pipeline-&gt;Illuminate\Pipeline\{closure}()
#23 /www/wwwroot/jobportal.prus.dev/vendor/laravel/framework/src/Illuminate/Pipeline/Pipeline.php(208): App\Http\Middleware\LocaleMiddleware-&gt;handle()
#24 /www/wwwroot/jobportal.prus.dev/app/Http/Middleware/SetLocale.php(38): Illuminate\Pipeline\Pipeline-&gt;Illuminate\Pipeline\{closure}()
#25 /www/wwwroot/jobportal.prus.dev/vendor/laravel/framework/src/Illuminate/Pipeline/Pipeline.php(208): App\Http\Middleware\SetLocale-&gt;handle()
#26 /www/wwwroot/jobportal.prus.dev/app/Http/Middleware/LanguageMiddleware.php(47): Illuminate\Pipeline\Pipeline-&gt;Illuminate\Pipeline\{closure}()
#27 /www/wwwroot/jobportal.prus.dev/vendor/laravel/framework/src/Illuminate/Pipeline/Pipeline.php(208): App\Http\Middleware\LanguageMiddleware-&gt;handle()
#28 /www/wwwroot/jobportal.prus.dev/vendor/laravel/framework/src/Illuminate/Routing/Middleware/SubstituteBindings.php(50): Illuminate\Pipeline\Pipeline-&gt;Illuminate\Pipeline\{closure}()
#29 /www/wwwroot/jobportal.prus.dev/vendor/laravel/framework/src/Illuminate/Pipeline/Pipeline.php(208): Illuminate\Routing\Middleware\SubstituteBindings-&gt;handle()
#30 /www/wwwroot/jobportal.prus.dev/vendor/laravel/framework/src/Illuminate/Foundation/Http/Middleware/VerifyCsrfToken.php(87): Illuminate\Pipeline\Pipeline-&gt;Illuminate\Pipeline\{closure}()
#31 /www/wwwroot/jobportal.prus.dev/vendor/laravel/framework/src/Illuminate/Pipeline/Pipeline.php(208): Illuminate\Foundation\Http\Middleware\VerifyCsrfToken-&gt;handle()
#32 /www/wwwroot/jobportal.prus.dev/vendor/laravel/framework/src/Illuminate/View/Middleware/ShareErrorsFromSession.php(48): Illuminate\Pipeline\Pipeline-&gt;Illuminate\Pipeline\{closure}()
#33 /www/wwwroot/jobportal.prus.dev/vendor/laravel/framework/src/Illuminate/Pipeline/Pipeline.php(208): Illuminate\View\Middleware\ShareErrorsFromSession-&gt;handle()
#34 /www/wwwroot/jobportal.prus.dev/vendor/laravel/framework/src/Illuminate/Session/Middleware/StartSession.php(120): Illuminate\Pipeline\Pipeline-&gt;Illuminate\Pipeline\{closure}()
#35 /www/wwwroot/jobportal.prus.dev/vendor/laravel/framework/src/Illuminate/Session/Middleware/StartSession.php(63): Illuminate\Session\Middleware\StartSession-&gt;handleStatefulRequest()
#36 /www/wwwroot/jobportal.prus.dev/vendor/laravel/framework/src/Illuminate/Pipeline/Pipeline.php(208): Illuminate\Session\Middleware\StartSession-&gt;handle()
#37 /www/wwwroot/jobportal.prus.dev/vendor/laravel/framework/src/Illuminate/Cookie/Middleware/AddQueuedCookiesToResponse.php(36): Illuminate\Pipeline\Pipeline-&gt;Illuminate\Pipeline\{closure}()
#38 /www/wwwroot/jobportal.prus.dev/vendor/laravel/framework/src/Illuminate/Pipeline/Pipeline.php(208): Illuminate\Cookie\Middleware\AddQueuedCookiesToResponse-&gt;handle()
#39 /www/wwwroot/jobportal.prus.dev/vendor/laravel/framework/src/Illuminate/Cookie/Middleware/EncryptCookies.php(74): Illuminate\Pipeline\Pipeline-&gt;Illuminate\Pipeline\{closure}()
#40 /www/wwwroot/jobportal.prus.dev/vendor/laravel/framework/src/Illuminate/Pipeline/Pipeline.php(208): Illuminate\Cookie\Middleware\EncryptCookies-&gt;handle()
#41 /www/wwwroot/jobportal.prus.dev/vendor/laravel/framework/src/Illuminate/Pipeline/Pipeline.php(126): Illuminate\Pipeline\Pipeline-&gt;Illuminate\Pipeline\{closure}()
#42 /www/wwwroot/jobportal.prus.dev/vendor/laravel/framework/src/Illuminate/Routing/Router.php(807): Illuminate\Pipeline\Pipeline-&gt;then()
#43 /www/wwwroot/jobportal.prus.dev/vendor/laravel/framework/src/Illuminate/Routing/Router.php(786): Illuminate\Routing\Router-&gt;runRouteWithinStack()
#44 /www/wwwroot/jobportal.prus.dev/vendor/laravel/framework/src/Illuminate/Routing/Router.php(750): Illuminate\Routing\Router-&gt;runRoute()
#45 /www/wwwroot/jobportal.prus.dev/vendor/laravel/framework/src/Illuminate/Routing/Router.php(739): Illuminate\Routing\Router-&gt;dispatchToRoute()
#46 /www/wwwroot/jobportal.prus.dev/vendor/laravel/framework/src/Illuminate/Foundation/Http/Kernel.php(200): Illuminate\Routing\Router-&gt;dispatch()
#47 /www/wwwroot/jobportal.prus.dev/vendor/laravel/framework/src/Illuminate/Pipeline/Pipeline.php(169): Illuminate\Foundation\Http\Kernel-&gt;Illuminate\Foundation\Http\{closure}()
#48 /www/wwwroot/jobportal.prus.dev/vendor/livewire/livewire/src/Features/SupportDisablingBackButtonCache/DisableBackButtonCacheMiddleware.php(19): Illuminate\Pipeline\Pipeline-&gt;Illuminate\Pipeline\{closure}()
#49 /www/wwwroot/jobportal.prus.dev/vendor/laravel/framework/src/Illuminate/Pipeline/Pipeline.php(208): Livewire\Features\SupportDisablingBackButtonCache\DisableBackButtonCacheMiddleware-&gt;handle()
#50 /www/wwwroot/jobportal.prus.dev/vendor/barryvdh/laravel-debugbar/src/Middleware/InjectDebugbar.php(59): Illuminate\Pipeline\Pipeline-&gt;Illuminate\Pipeline\{closure}()
#51 /www/wwwroot/jobportal.prus.dev/vendor/laravel/framework/src/Illuminate/Pipeline/Pipeline.php(208): Barryvdh\Debugbar\Middleware\InjectDebugbar-&gt;handle()
#52 /www/wwwroot/jobportal.prus.dev/vendor/spatie/laravel-csp/src/AddCspHeaders.php(17): Illuminate\Pipeline\Pipeline-&gt;Illuminate\Pipeline\{closure}()
#53 /www/wwwroot/jobportal.prus.dev/vendor/laravel/framework/src/Illuminate/Pipeline/Pipeline.php(208): Spatie\Csp\AddCspHeaders-&gt;handle()
#54 /www/wwwroot/jobportal.prus.dev/app/Http/Middleware/SecurityHeaders.php(11): Illuminate\Pipeline\Pipeline-&gt;Illuminate\Pipeline\{closure}()
#55 /www/wwwroot/jobportal.prus.dev/vendor/laravel/framework/src/Illuminate/Pipeline/Pipeline.php(208): App\Http\Middleware\SecurityHeaders-&gt;handle()
#56 /www/wwwroot/jobportal.prus.dev/vendor/laravel/framework/src/Illuminate/Foundation/Http/Middleware/TransformsRequest.php(21): Illuminate\Pipeline\Pipeline-&gt;Illuminate\Pipeline\{closure}()
#57 /www/wwwroot/jobportal.prus.dev/vendor/laravel/framework/src/Illuminate/Foundation/Http/Middleware/ConvertEmptyStringsToNull.php(31): Illuminate\Foundation\Http\Middleware\TransformsRequest-&gt;handle()
#58 /www/wwwroot/jobportal.prus.dev/vendor/laravel/framework/src/Illuminate/Pipeline/Pipeline.php(208): Illuminate\Foundation\Http\Middleware\ConvertEmptyStringsToNull-&gt;handle()
#59 /www/wwwroot/jobportal.prus.dev/vendor/laravel/framework/src/Illuminate/Foundation/Http/Middleware/TransformsRequest.php(21): Illuminate\Pipeline\Pipeline-&gt;Illuminate\Pipeline\{closure}()
#60 /www/wwwroot/jobportal.prus.dev/vendor/laravel/framework/src/Illuminate/Foundation/Http/Middleware/TrimStrings.php(51): Illuminate\Foundation\Http\Middleware\TransformsRequest-&gt;handle()
#61 /www/wwwroot/jobportal.prus.dev/vendor/laravel/framework/src/Illuminate/Pipeline/Pipeline.php(208): Illuminate\Foundation\Http\Middleware\TrimStrings-&gt;handle()
#62 /www/wwwroot/jobportal.prus.dev/vendor/laravel/framework/src/Illuminate/Http/Middleware/ValidatePostSize.php(27): Illuminate\Pipeline\Pipeline-&gt;Illuminate\Pipeline\{closure}()
#63 /www/wwwroot/jobportal.prus.dev/vendor/laravel/framework/src/Illuminate/Pipeline/Pipeline.php(208): Illuminate\Http\Middleware\ValidatePostSize-&gt;handle()
#64 /www/wwwroot/jobportal.prus.dev/vendor/laravel/framework/src/Illuminate/Foundation/Http/Middleware/PreventRequestsDuringMaintenance.php(109): Illuminate\Pipeline\Pipeline-&gt;Illuminate\Pipeline\{closure}()
#65 /www/wwwroot/jobportal.prus.dev/vendor/laravel/framework/src/Illuminate/Pipeline/Pipeline.php(208): Illuminate\Foundation\Http\Middleware\PreventRequestsDuringMaintenance-&gt;handle()
#66 /www/wwwroot/jobportal.prus.dev/vendor/laravel/framework/src/Illuminate/Http/Middleware/HandleCors.php(48): Illuminate\Pipeline\Pipeline-&gt;Illuminate\Pipeline\{closure}()
#67 /www/wwwroot/jobportal.prus.dev/vendor/laravel/framework/src/Illuminate/Pipeline/Pipeline.php(208): Illuminate\Http\Middleware\HandleCors-&gt;handle()
#68 /www/wwwroot/jobportal.prus.dev/vendor/laravel/framework/src/Illuminate/Http/Middleware/TrustProxies.php(58): Illuminate\Pipeline\Pipeline-&gt;Illuminate\Pipeline\{closure}()
#69 /www/wwwroot/jobportal.prus.dev/vendor/laravel/framework/src/Illuminate/Pipeline/Pipeline.php(208): Illuminate\Http\Middleware\TrustProxies-&gt;handle()
#70 /www/wwwroot/jobportal.prus.dev/vendor/laravel/framework/src/Illuminate/Pipeline/Pipeline.php(126): Illuminate\Pipeline\Pipeline-&gt;Illuminate\Pipeline\{closure}()
#71 /www/wwwroot/jobportal.prus.dev/vendor/laravel/framework/src/Illuminate/Foundation/Http/Kernel.php(175): Illuminate\Pipeline\Pipeline-&gt;then()
#72 /www/wwwroot/jobportal.prus.dev/vendor/laravel/framework/src/Illuminate/Foundation/Http/Kernel.php(144): Illuminate\Foundation\Http\Kernel-&gt;sendRequestThroughRouter()
#73 /www/wwwroot/jobportal.prus.dev/vendor/laravel/framework/src/Illuminate/Foundation/Testing/Concerns/MakesHttpRequests.php(607): Illuminate\Foundation\Http\Kernel-&gt;handle()
#74 /www/wwwroot/jobportal.prus.dev/vendor/laravel/framework/src/Illuminate/Foundation/Testing/Concerns/MakesHttpRequests.php(368): Illuminate\Foundation\Testing\TestCase-&gt;call()
#75 /www/wwwroot/jobportal.prus.dev/tests/Feature/RoutesTest.php(70): Illuminate\Foundation\Testing\TestCase-&gt;get()
#76 /www/wwwroot/jobportal.prus.dev/vendor/phpunit/phpunit/src/Framework/TestCase.php(1656): Tests\Feature\RoutesTest-&gt;test_jobs_search_with_query_parameters()
#77 /www/wwwroot/jobportal.prus.dev/vendor/phpunit/phpunit/src/Framework/TestCase.php(514): PHPUnit\Framework\TestCase-&gt;runTest()
#78 /www/wwwroot/jobportal.prus.dev/vendor/phpunit/phpunit/src/Framework/TestRunner/TestRunner.php(87): PHPUnit\Framework\TestCase-&gt;runBare()
#79 /www/wwwroot/jobportal.prus.dev/vendor/phpunit/phpunit/src/Framework/TestCase.php(361): PHPUnit\Framework\TestRunner-&gt;run()
#80 /www/wwwroot/jobportal.prus.dev/vendor/phpunit/phpunit/src/Framework/TestSuite.php(369): PHPUnit\Framework\TestCase-&gt;run()
#81 /www/wwwroot/jobportal.prus.dev/vendor/phpunit/phpunit/src/Framework/TestSuite.php(369): PHPUnit\Framework\TestSuite-&gt;run()
#82 /www/wwwroot/jobportal.prus.dev/vendor/phpunit/phpunit/src/Framework/TestSuite.php(369): PHPUnit\Framework\TestSuite-&gt;run()
#83 /www/wwwroot/jobportal.prus.dev/vendor/phpunit/phpunit/src/TextUI/TestRunner.php(64): PHPUnit\Framework\TestSuite-&gt;run()
#84 /www/wwwroot/jobportal.prus.dev/vendor/phpunit/phpunit/src/TextUI/Application.php(210): PHPUnit\TextUI\TestRunner-&gt;run()
#85 /www/wwwroot/jobportal.prus.dev/vendor/phpunit/phpunit/phpunit(104): PHPUnit\TextUI\Application-&gt;run()
#86 /www/wwwroot/jobportal.prus.dev/vendor/bin/phpunit(122): include('...')
#87 {main}

----------------------------------------------------------------------------------

Unable to locate a class or view for component [jobs.active-filters].

/www/wwwroot/jobportal.prus.dev/vendor/laravel/framework/src/Illuminate/Testing/TestResponseAssert.php:45
/www/wwwroot/jobportal.prus.dev/vendor/laravel/framework/src/Illuminate/Testing/TestResponse.php:174
/www/wwwroot/jobportal.prus.dev/tests/Feature/RoutesTest.php:72</failure>
        </testcase>
        <testcase name="test_companies_search_with_query_parameters" file="/www/wwwroot/jobportal.prus.dev/tests/Feature/RoutesTest.php" line="79" class="Tests\Feature\RoutesTest" classname="Tests.Feature.RoutesTest" assertions="1" time="1.150052">
          <failure type="PHPUnit\Framework\ExpectationFailedException">Tests\Feature\RoutesTest::test_companies_search_with_query_parameters
Expected response status code [200] but received 500.
Failed asserting that 500 is identical to 200.

The following exception occurred during the last request:

ErrorException: Undefined variable $companies in /www/wwwroot/jobportal.prus.dev/storage/framework/views/b5cbd9250c937433825b653ab11db8da.php:15
Stack trace:
#0 /www/wwwroot/jobportal.prus.dev/vendor/laravel/framework/src/Illuminate/Foundation/Bootstrap/HandleExceptions.php(256): Illuminate\Foundation\Bootstrap\HandleExceptions-&gt;handleError()
#1 /www/wwwroot/jobportal.prus.dev/storage/framework/views/b5cbd9250c937433825b653ab11db8da.php(15): Illuminate\Foundation\Bootstrap\HandleExceptions-&gt;Illuminate\Foundation\Bootstrap\{closure}()
#2 /www/wwwroot/jobportal.prus.dev/vendor/laravel/framework/src/Illuminate/Filesystem/Filesystem.php(123): require('...')
#3 /www/wwwroot/jobportal.prus.dev/vendor/laravel/framework/src/Illuminate/Filesystem/Filesystem.php(124): Illuminate\Filesystem\Filesystem::Illuminate\Filesystem\{closure}()
#4 /www/wwwroot/jobportal.prus.dev/vendor/laravel/framework/src/Illuminate/View/Engines/PhpEngine.php(57): Illuminate\Filesystem\Filesystem-&gt;getRequire()
#5 /www/wwwroot/jobportal.prus.dev/vendor/livewire/livewire/src/Mechanisms/ExtendBlade/ExtendedCompilerEngine.php(22): Illuminate\View\Engines\PhpEngine-&gt;evaluatePath()
#6 /www/wwwroot/jobportal.prus.dev/vendor/laravel/framework/src/Illuminate/View/Engines/CompilerEngine.php(74): Livewire\Mechanisms\ExtendBlade\ExtendedCompilerEngine-&gt;evaluatePath()
#7 /www/wwwroot/jobportal.prus.dev/vendor/livewire/livewire/src/Mechanisms/ExtendBlade/ExtendedCompilerEngine.php(10): Illuminate\View\Engines\CompilerEngine-&gt;get()
#8 /www/wwwroot/jobportal.prus.dev/vendor/laravel/framework/src/Illuminate/View/View.php(208): Livewire\Mechanisms\ExtendBlade\ExtendedCompilerEngine-&gt;get()
#9 /www/wwwroot/jobportal.prus.dev/vendor/laravel/framework/src/Illuminate/View/View.php(191): Illuminate\View\View-&gt;getContents()
#10 /www/wwwroot/jobportal.prus.dev/vendor/laravel/framework/src/Illuminate/View/View.php(160): Illuminate\View\View-&gt;renderContents()
#11 /www/wwwroot/jobportal.prus.dev/vendor/laravel/framework/src/Illuminate/Http/Response.php(78): Illuminate\View\View-&gt;render()
#12 /www/wwwroot/jobportal.prus.dev/vendor/laravel/framework/src/Illuminate/Http/Response.php(34): Illuminate\Http\Response-&gt;setContent()
#13 /www/wwwroot/jobportal.prus.dev/vendor/laravel/framework/src/Illuminate/Routing/Router.php(924): Illuminate\Http\Response-&gt;__construct()
#14 /www/wwwroot/jobportal.prus.dev/vendor/laravel/framework/src/Illuminate/Routing/Router.php(891): Illuminate\Routing\Router::toResponse()
#15 /www/wwwroot/jobportal.prus.dev/vendor/laravel/framework/src/Illuminate/Routing/Router.php(807): Illuminate\Routing\Router-&gt;prepareResponse()
#16 /www/wwwroot/jobportal.prus.dev/vendor/laravel/framework/src/Illuminate/Pipeline/Pipeline.php(169): Illuminate\Routing\Router-&gt;Illuminate\Routing\{closure}()
#17 /www/wwwroot/jobportal.prus.dev/vendor/barryvdh/laravel-debugbar/src/Middleware/InjectDebugbar.php(59): Illuminate\Pipeline\Pipeline-&gt;Illuminate\Pipeline\{closure}()
#18 /www/wwwroot/jobportal.prus.dev/vendor/laravel/framework/src/Illuminate/Pipeline/Pipeline.php(208): Barryvdh\Debugbar\Middleware\InjectDebugbar-&gt;handle()
#19 /www/wwwroot/jobportal.prus.dev/app/Http/Middleware/LocaleMiddleware.php(54): Illuminate\Pipeline\Pipeline-&gt;Illuminate\Pipeline\{closure}()
#20 /www/wwwroot/jobportal.prus.dev/vendor/laravel/framework/src/Illuminate/Pipeline/Pipeline.php(208): App\Http\Middleware\LocaleMiddleware-&gt;handle()
#21 /www/wwwroot/jobportal.prus.dev/app/Http/Middleware/SetLocale.php(38): Illuminate\Pipeline\Pipeline-&gt;Illuminate\Pipeline\{closure}()
#22 /www/wwwroot/jobportal.prus.dev/vendor/laravel/framework/src/Illuminate/Pipeline/Pipeline.php(208): App\Http\Middleware\SetLocale-&gt;handle()
#23 /www/wwwroot/jobportal.prus.dev/app/Http/Middleware/LanguageMiddleware.php(47): Illuminate\Pipeline\Pipeline-&gt;Illuminate\Pipeline\{closure}()
#24 /www/wwwroot/jobportal.prus.dev/vendor/laravel/framework/src/Illuminate/Pipeline/Pipeline.php(208): App\Http\Middleware\LanguageMiddleware-&gt;handle()
#25 /www/wwwroot/jobportal.prus.dev/vendor/laravel/framework/src/Illuminate/Routing/Middleware/SubstituteBindings.php(50): Illuminate\Pipeline\Pipeline-&gt;Illuminate\Pipeline\{closure}()
#26 /www/wwwroot/jobportal.prus.dev/vendor/laravel/framework/src/Illuminate/Pipeline/Pipeline.php(208): Illuminate\Routing\Middleware\SubstituteBindings-&gt;handle()
#27 /www/wwwroot/jobportal.prus.dev/vendor/laravel/framework/src/Illuminate/Foundation/Http/Middleware/VerifyCsrfToken.php(87): Illuminate\Pipeline\Pipeline-&gt;Illuminate\Pipeline\{closure}()
#28 /www/wwwroot/jobportal.prus.dev/vendor/laravel/framework/src/Illuminate/Pipeline/Pipeline.php(208): Illuminate\Foundation\Http\Middleware\VerifyCsrfToken-&gt;handle()
#29 /www/wwwroot/jobportal.prus.dev/vendor/laravel/framework/src/Illuminate/View/Middleware/ShareErrorsFromSession.php(48): Illuminate\Pipeline\Pipeline-&gt;Illuminate\Pipeline\{closure}()
#30 /www/wwwroot/jobportal.prus.dev/vendor/laravel/framework/src/Illuminate/Pipeline/Pipeline.php(208): Illuminate\View\Middleware\ShareErrorsFromSession-&gt;handle()
#31 /www/wwwroot/jobportal.prus.dev/vendor/laravel/framework/src/Illuminate/Session/Middleware/StartSession.php(120): Illuminate\Pipeline\Pipeline-&gt;Illuminate\Pipeline\{closure}()
#32 /www/wwwroot/jobportal.prus.dev/vendor/laravel/framework/src/Illuminate/Session/Middleware/StartSession.php(63): Illuminate\Session\Middleware\StartSession-&gt;handleStatefulRequest()
#33 /www/wwwroot/jobportal.prus.dev/vendor/laravel/framework/src/Illuminate/Pipeline/Pipeline.php(208): Illuminate\Session\Middleware\StartSession-&gt;handle()
#34 /www/wwwroot/jobportal.prus.dev/vendor/laravel/framework/src/Illuminate/Cookie/Middleware/AddQueuedCookiesToResponse.php(36): Illuminate\Pipeline\Pipeline-&gt;Illuminate\Pipeline\{closure}()
#35 /www/wwwroot/jobportal.prus.dev/vendor/laravel/framework/src/Illuminate/Pipeline/Pipeline.php(208): Illuminate\Cookie\Middleware\AddQueuedCookiesToResponse-&gt;handle()
#36 /www/wwwroot/jobportal.prus.dev/vendor/laravel/framework/src/Illuminate/Cookie/Middleware/EncryptCookies.php(74): Illuminate\Pipeline\Pipeline-&gt;Illuminate\Pipeline\{closure}()
#37 /www/wwwroot/jobportal.prus.dev/vendor/laravel/framework/src/Illuminate/Pipeline/Pipeline.php(208): Illuminate\Cookie\Middleware\EncryptCookies-&gt;handle()
#38 /www/wwwroot/jobportal.prus.dev/vendor/laravel/framework/src/Illuminate/Pipeline/Pipeline.php(126): Illuminate\Pipeline\Pipeline-&gt;Illuminate\Pipeline\{closure}()
#39 /www/wwwroot/jobportal.prus.dev/vendor/laravel/framework/src/Illuminate/Routing/Router.php(807): Illuminate\Pipeline\Pipeline-&gt;then()
#40 /www/wwwroot/jobportal.prus.dev/vendor/laravel/framework/src/Illuminate/Routing/Router.php(786): Illuminate\Routing\Router-&gt;runRouteWithinStack()
#41 /www/wwwroot/jobportal.prus.dev/vendor/laravel/framework/src/Illuminate/Routing/Router.php(750): Illuminate\Routing\Router-&gt;runRoute()
#42 /www/wwwroot/jobportal.prus.dev/vendor/laravel/framework/src/Illuminate/Routing/Router.php(739): Illuminate\Routing\Router-&gt;dispatchToRoute()
#43 /www/wwwroot/jobportal.prus.dev/vendor/laravel/framework/src/Illuminate/Foundation/Http/Kernel.php(200): Illuminate\Routing\Router-&gt;dispatch()
#44 /www/wwwroot/jobportal.prus.dev/vendor/laravel/framework/src/Illuminate/Pipeline/Pipeline.php(169): Illuminate\Foundation\Http\Kernel-&gt;Illuminate\Foundation\Http\{closure}()
#45 /www/wwwroot/jobportal.prus.dev/vendor/livewire/livewire/src/Features/SupportDisablingBackButtonCache/DisableBackButtonCacheMiddleware.php(19): Illuminate\Pipeline\Pipeline-&gt;Illuminate\Pipeline\{closure}()
#46 /www/wwwroot/jobportal.prus.dev/vendor/laravel/framework/src/Illuminate/Pipeline/Pipeline.php(208): Livewire\Features\SupportDisablingBackButtonCache\DisableBackButtonCacheMiddleware-&gt;handle()
#47 /www/wwwroot/jobportal.prus.dev/vendor/barryvdh/laravel-debugbar/src/Middleware/InjectDebugbar.php(59): Illuminate\Pipeline\Pipeline-&gt;Illuminate\Pipeline\{closure}()
#48 /www/wwwroot/jobportal.prus.dev/vendor/laravel/framework/src/Illuminate/Pipeline/Pipeline.php(208): Barryvdh\Debugbar\Middleware\InjectDebugbar-&gt;handle()
#49 /www/wwwroot/jobportal.prus.dev/vendor/spatie/laravel-csp/src/AddCspHeaders.php(17): Illuminate\Pipeline\Pipeline-&gt;Illuminate\Pipeline\{closure}()
#50 /www/wwwroot/jobportal.prus.dev/vendor/laravel/framework/src/Illuminate/Pipeline/Pipeline.php(208): Spatie\Csp\AddCspHeaders-&gt;handle()
#51 /www/wwwroot/jobportal.prus.dev/app/Http/Middleware/SecurityHeaders.php(11): Illuminate\Pipeline\Pipeline-&gt;Illuminate\Pipeline\{closure}()
#52 /www/wwwroot/jobportal.prus.dev/vendor/laravel/framework/src/Illuminate/Pipeline/Pipeline.php(208): App\Http\Middleware\SecurityHeaders-&gt;handle()
#53 /www/wwwroot/jobportal.prus.dev/vendor/laravel/framework/src/Illuminate/Foundation/Http/Middleware/TransformsRequest.php(21): Illuminate\Pipeline\Pipeline-&gt;Illuminate\Pipeline\{closure}()
#54 /www/wwwroot/jobportal.prus.dev/vendor/laravel/framework/src/Illuminate/Foundation/Http/Middleware/ConvertEmptyStringsToNull.php(31): Illuminate\Foundation\Http\Middleware\TransformsRequest-&gt;handle()
#55 /www/wwwroot/jobportal.prus.dev/vendor/laravel/framework/src/Illuminate/Pipeline/Pipeline.php(208): Illuminate\Foundation\Http\Middleware\ConvertEmptyStringsToNull-&gt;handle()
#56 /www/wwwroot/jobportal.prus.dev/vendor/laravel/framework/src/Illuminate/Foundation/Http/Middleware/TransformsRequest.php(21): Illuminate\Pipeline\Pipeline-&gt;Illuminate\Pipeline\{closure}()
#57 /www/wwwroot/jobportal.prus.dev/vendor/laravel/framework/src/Illuminate/Foundation/Http/Middleware/TrimStrings.php(51): Illuminate\Foundation\Http\Middleware\TransformsRequest-&gt;handle()
#58 /www/wwwroot/jobportal.prus.dev/vendor/laravel/framework/src/Illuminate/Pipeline/Pipeline.php(208): Illuminate\Foundation\Http\Middleware\TrimStrings-&gt;handle()
#59 /www/wwwroot/jobportal.prus.dev/vendor/laravel/framework/src/Illuminate/Http/Middleware/ValidatePostSize.php(27): Illuminate\Pipeline\Pipeline-&gt;Illuminate\Pipeline\{closure}()
#60 /www/wwwroot/jobportal.prus.dev/vendor/laravel/framework/src/Illuminate/Pipeline/Pipeline.php(208): Illuminate\Http\Middleware\ValidatePostSize-&gt;handle()
#61 /www/wwwroot/jobportal.prus.dev/vendor/laravel/framework/src/Illuminate/Foundation/Http/Middleware/PreventRequestsDuringMaintenance.php(109): Illuminate\Pipeline\Pipeline-&gt;Illuminate\Pipeline\{closure}()
#62 /www/wwwroot/jobportal.prus.dev/vendor/laravel/framework/src/Illuminate/Pipeline/Pipeline.php(208): Illuminate\Foundation\Http\Middleware\PreventRequestsDuringMaintenance-&gt;handle()
#63 /www/wwwroot/jobportal.prus.dev/vendor/laravel/framework/src/Illuminate/Http/Middleware/HandleCors.php(48): Illuminate\Pipeline\Pipeline-&gt;Illuminate\Pipeline\{closure}()
#64 /www/wwwroot/jobportal.prus.dev/vendor/laravel/framework/src/Illuminate/Pipeline/Pipeline.php(208): Illuminate\Http\Middleware\HandleCors-&gt;handle()
#65 /www/wwwroot/jobportal.prus.dev/vendor/laravel/framework/src/Illuminate/Http/Middleware/TrustProxies.php(58): Illuminate\Pipeline\Pipeline-&gt;Illuminate\Pipeline\{closure}()
#66 /www/wwwroot/jobportal.prus.dev/vendor/laravel/framework/src/Illuminate/Pipeline/Pipeline.php(208): Illuminate\Http\Middleware\TrustProxies-&gt;handle()
#67 /www/wwwroot/jobportal.prus.dev/vendor/laravel/framework/src/Illuminate/Pipeline/Pipeline.php(126): Illuminate\Pipeline\Pipeline-&gt;Illuminate\Pipeline\{closure}()
#68 /www/wwwroot/jobportal.prus.dev/vendor/laravel/framework/src/Illuminate/Foundation/Http/Kernel.php(175): Illuminate\Pipeline\Pipeline-&gt;then()
#69 /www/wwwroot/jobportal.prus.dev/vendor/laravel/framework/src/Illuminate/Foundation/Http/Kernel.php(144): Illuminate\Foundation\Http\Kernel-&gt;sendRequestThroughRouter()
#70 /www/wwwroot/jobportal.prus.dev/vendor/laravel/framework/src/Illuminate/Foundation/Testing/Concerns/MakesHttpRequests.php(607): Illuminate\Foundation\Http\Kernel-&gt;handle()
#71 /www/wwwroot/jobportal.prus.dev/vendor/laravel/framework/src/Illuminate/Foundation/Testing/Concerns/MakesHttpRequests.php(368): Illuminate\Foundation\Testing\TestCase-&gt;call()
#72 /www/wwwroot/jobportal.prus.dev/tests/Feature/RoutesTest.php(86): Illuminate\Foundation\Testing\TestCase-&gt;get()
#73 /www/wwwroot/jobportal.prus.dev/vendor/phpunit/phpunit/src/Framework/TestCase.php(1656): Tests\Feature\RoutesTest-&gt;test_companies_search_with_query_parameters()
#74 /www/wwwroot/jobportal.prus.dev/vendor/phpunit/phpunit/src/Framework/TestCase.php(514): PHPUnit\Framework\TestCase-&gt;runTest()
#75 /www/wwwroot/jobportal.prus.dev/vendor/phpunit/phpunit/src/Framework/TestRunner/TestRunner.php(87): PHPUnit\Framework\TestCase-&gt;runBare()
#76 /www/wwwroot/jobportal.prus.dev/vendor/phpunit/phpunit/src/Framework/TestCase.php(361): PHPUnit\Framework\TestRunner-&gt;run()
#77 /www/wwwroot/jobportal.prus.dev/vendor/phpunit/phpunit/src/Framework/TestSuite.php(369): PHPUnit\Framework\TestCase-&gt;run()
#78 /www/wwwroot/jobportal.prus.dev/vendor/phpunit/phpunit/src/Framework/TestSuite.php(369): PHPUnit\Framework\TestSuite-&gt;run()
#79 /www/wwwroot/jobportal.prus.dev/vendor/phpunit/phpunit/src/Framework/TestSuite.php(369): PHPUnit\Framework\TestSuite-&gt;run()
#80 /www/wwwroot/jobportal.prus.dev/vendor/phpunit/phpunit/src/TextUI/TestRunner.php(64): PHPUnit\Framework\TestSuite-&gt;run()
#81 /www/wwwroot/jobportal.prus.dev/vendor/phpunit/phpunit/src/TextUI/Application.php(210): PHPUnit\TextUI\TestRunner-&gt;run()
#82 /www/wwwroot/jobportal.prus.dev/vendor/phpunit/phpunit/phpunit(104): PHPUnit\TextUI\Application-&gt;run()
#83 /www/wwwroot/jobportal.prus.dev/vendor/bin/phpunit(122): include('...')
#84 {main}

Next Spatie\LaravelIgnition\Exceptions\ViewException: Undefined variable $companies in /www/wwwroot/jobportal.prus.dev/resources/views/companies/index.blade.php:16
Stack trace:
#0 /www/wwwroot/jobportal.prus.dev/vendor/laravel/framework/src/Illuminate/Filesystem/Filesystem.php(123): require('...')
#1 /www/wwwroot/jobportal.prus.dev/vendor/laravel/framework/src/Illuminate/Filesystem/Filesystem.php(124): Illuminate\Filesystem\Filesystem::Illuminate\Filesystem\{closure}()
#2 /www/wwwroot/jobportal.prus.dev/vendor/laravel/framework/src/Illuminate/View/Engines/PhpEngine.php(57): Illuminate\Filesystem\Filesystem-&gt;getRequire()
#3 /www/wwwroot/jobportal.prus.dev/vendor/livewire/livewire/src/Mechanisms/ExtendBlade/ExtendedCompilerEngine.php(22): Illuminate\View\Engines\PhpEngine-&gt;evaluatePath()
#4 /www/wwwroot/jobportal.prus.dev/vendor/laravel/framework/src/Illuminate/View/Engines/CompilerEngine.php(74): Livewire\Mechanisms\ExtendBlade\ExtendedCompilerEngine-&gt;evaluatePath()
#5 /www/wwwroot/jobportal.prus.dev/vendor/livewire/livewire/src/Mechanisms/ExtendBlade/ExtendedCompilerEngine.php(10): Illuminate\View\Engines\CompilerEngine-&gt;get()
#6 /www/wwwroot/jobportal.prus.dev/vendor/laravel/framework/src/Illuminate/View/View.php(208): Livewire\Mechanisms\ExtendBlade\ExtendedCompilerEngine-&gt;get()
#7 /www/wwwroot/jobportal.prus.dev/vendor/laravel/framework/src/Illuminate/View/View.php(191): Illuminate\View\View-&gt;getContents()
#8 /www/wwwroot/jobportal.prus.dev/vendor/laravel/framework/src/Illuminate/View/View.php(160): Illuminate\View\View-&gt;renderContents()
#9 /www/wwwroot/jobportal.prus.dev/vendor/laravel/framework/src/Illuminate/Http/Response.php(78): Illuminate\View\View-&gt;render()
#10 /www/wwwroot/jobportal.prus.dev/vendor/laravel/framework/src/Illuminate/Http/Response.php(34): Illuminate\Http\Response-&gt;setContent()
#11 /www/wwwroot/jobportal.prus.dev/vendor/laravel/framework/src/Illuminate/Routing/Router.php(924): Illuminate\Http\Response-&gt;__construct()
#12 /www/wwwroot/jobportal.prus.dev/vendor/laravel/framework/src/Illuminate/Routing/Router.php(891): Illuminate\Routing\Router::toResponse()
#13 /www/wwwroot/jobportal.prus.dev/vendor/laravel/framework/src/Illuminate/Routing/Router.php(807): Illuminate\Routing\Router-&gt;prepareResponse()
#14 /www/wwwroot/jobportal.prus.dev/vendor/laravel/framework/src/Illuminate/Pipeline/Pipeline.php(169): Illuminate\Routing\Router-&gt;Illuminate\Routing\{closure}()
#15 /www/wwwroot/jobportal.prus.dev/vendor/barryvdh/laravel-debugbar/src/Middleware/InjectDebugbar.php(59): Illuminate\Pipeline\Pipeline-&gt;Illuminate\Pipeline\{closure}()
#16 /www/wwwroot/jobportal.prus.dev/vendor/laravel/framework/src/Illuminate/Pipeline/Pipeline.php(208): Barryvdh\Debugbar\Middleware\InjectDebugbar-&gt;handle()
#17 /www/wwwroot/jobportal.prus.dev/app/Http/Middleware/LocaleMiddleware.php(54): Illuminate\Pipeline\Pipeline-&gt;Illuminate\Pipeline\{closure}()
#18 /www/wwwroot/jobportal.prus.dev/vendor/laravel/framework/src/Illuminate/Pipeline/Pipeline.php(208): App\Http\Middleware\LocaleMiddleware-&gt;handle()
#19 /www/wwwroot/jobportal.prus.dev/app/Http/Middleware/SetLocale.php(38): Illuminate\Pipeline\Pipeline-&gt;Illuminate\Pipeline\{closure}()
#20 /www/wwwroot/jobportal.prus.dev/vendor/laravel/framework/src/Illuminate/Pipeline/Pipeline.php(208): App\Http\Middleware\SetLocale-&gt;handle()
#21 /www/wwwroot/jobportal.prus.dev/app/Http/Middleware/LanguageMiddleware.php(47): Illuminate\Pipeline\Pipeline-&gt;Illuminate\Pipeline\{closure}()
#22 /www/wwwroot/jobportal.prus.dev/vendor/laravel/framework/src/Illuminate/Pipeline/Pipeline.php(208): App\Http\Middleware\LanguageMiddleware-&gt;handle()
#23 /www/wwwroot/jobportal.prus.dev/vendor/laravel/framework/src/Illuminate/Routing/Middleware/SubstituteBindings.php(50): Illuminate\Pipeline\Pipeline-&gt;Illuminate\Pipeline\{closure}()
#24 /www/wwwroot/jobportal.prus.dev/vendor/laravel/framework/src/Illuminate/Pipeline/Pipeline.php(208): Illuminate\Routing\Middleware\SubstituteBindings-&gt;handle()
#25 /www/wwwroot/jobportal.prus.dev/vendor/laravel/framework/src/Illuminate/Foundation/Http/Middleware/VerifyCsrfToken.php(87): Illuminate\Pipeline\Pipeline-&gt;Illuminate\Pipeline\{closure}()
#26 /www/wwwroot/jobportal.prus.dev/vendor/laravel/framework/src/Illuminate/Pipeline/Pipeline.php(208): Illuminate\Foundation\Http\Middleware\VerifyCsrfToken-&gt;handle()
#27 /www/wwwroot/jobportal.prus.dev/vendor/laravel/framework/src/Illuminate/View/Middleware/ShareErrorsFromSession.php(48): Illuminate\Pipeline\Pipeline-&gt;Illuminate\Pipeline\{closure}()
#28 /www/wwwroot/jobportal.prus.dev/vendor/laravel/framework/src/Illuminate/Pipeline/Pipeline.php(208): Illuminate\View\Middleware\ShareErrorsFromSession-&gt;handle()
#29 /www/wwwroot/jobportal.prus.dev/vendor/laravel/framework/src/Illuminate/Session/Middleware/StartSession.php(120): Illuminate\Pipeline\Pipeline-&gt;Illuminate\Pipeline\{closure}()
#30 /www/wwwroot/jobportal.prus.dev/vendor/laravel/framework/src/Illuminate/Session/Middleware/StartSession.php(63): Illuminate\Session\Middleware\StartSession-&gt;handleStatefulRequest()
#31 /www/wwwroot/jobportal.prus.dev/vendor/laravel/framework/src/Illuminate/Pipeline/Pipeline.php(208): Illuminate\Session\Middleware\StartSession-&gt;handle()
#32 /www/wwwroot/jobportal.prus.dev/vendor/laravel/framework/src/Illuminate/Cookie/Middleware/AddQueuedCookiesToResponse.php(36): Illuminate\Pipeline\Pipeline-&gt;Illuminate\Pipeline\{closure}()
#33 /www/wwwroot/jobportal.prus.dev/vendor/laravel/framework/src/Illuminate/Pipeline/Pipeline.php(208): Illuminate\Cookie\Middleware\AddQueuedCookiesToResponse-&gt;handle()
#34 /www/wwwroot/jobportal.prus.dev/vendor/laravel/framework/src/Illuminate/Cookie/Middleware/EncryptCookies.php(74): Illuminate\Pipeline\Pipeline-&gt;Illuminate\Pipeline\{closure}()
#35 /www/wwwroot/jobportal.prus.dev/vendor/laravel/framework/src/Illuminate/Pipeline/Pipeline.php(208): Illuminate\Cookie\Middleware\EncryptCookies-&gt;handle()
#36 /www/wwwroot/jobportal.prus.dev/vendor/laravel/framework/src/Illuminate/Pipeline/Pipeline.php(126): Illuminate\Pipeline\Pipeline-&gt;Illuminate\Pipeline\{closure}()
#37 /www/wwwroot/jobportal.prus.dev/vendor/laravel/framework/src/Illuminate/Routing/Router.php(807): Illuminate\Pipeline\Pipeline-&gt;then()
#38 /www/wwwroot/jobportal.prus.dev/vendor/laravel/framework/src/Illuminate/Routing/Router.php(786): Illuminate\Routing\Router-&gt;runRouteWithinStack()
#39 /www/wwwroot/jobportal.prus.dev/vendor/laravel/framework/src/Illuminate/Routing/Router.php(750): Illuminate\Routing\Router-&gt;runRoute()
#40 /www/wwwroot/jobportal.prus.dev/vendor/laravel/framework/src/Illuminate/Routing/Router.php(739): Illuminate\Routing\Router-&gt;dispatchToRoute()
#41 /www/wwwroot/jobportal.prus.dev/vendor/laravel/framework/src/Illuminate/Foundation/Http/Kernel.php(200): Illuminate\Routing\Router-&gt;dispatch()
#42 /www/wwwroot/jobportal.prus.dev/vendor/laravel/framework/src/Illuminate/Pipeline/Pipeline.php(169): Illuminate\Foundation\Http\Kernel-&gt;Illuminate\Foundation\Http\{closure}()
#43 /www/wwwroot/jobportal.prus.dev/vendor/livewire/livewire/src/Features/SupportDisablingBackButtonCache/DisableBackButtonCacheMiddleware.php(19): Illuminate\Pipeline\Pipeline-&gt;Illuminate\Pipeline\{closure}()
#44 /www/wwwroot/jobportal.prus.dev/vendor/laravel/framework/src/Illuminate/Pipeline/Pipeline.php(208): Livewire\Features\SupportDisablingBackButtonCache\DisableBackButtonCacheMiddleware-&gt;handle()
#45 /www/wwwroot/jobportal.prus.dev/vendor/barryvdh/laravel-debugbar/src/Middleware/InjectDebugbar.php(59): Illuminate\Pipeline\Pipeline-&gt;Illuminate\Pipeline\{closure}()
#46 /www/wwwroot/jobportal.prus.dev/vendor/laravel/framework/src/Illuminate/Pipeline/Pipeline.php(208): Barryvdh\Debugbar\Middleware\InjectDebugbar-&gt;handle()
#47 /www/wwwroot/jobportal.prus.dev/vendor/spatie/laravel-csp/src/AddCspHeaders.php(17): Illuminate\Pipeline\Pipeline-&gt;Illuminate\Pipeline\{closure}()
#48 /www/wwwroot/jobportal.prus.dev/vendor/laravel/framework/src/Illuminate/Pipeline/Pipeline.php(208): Spatie\Csp\AddCspHeaders-&gt;handle()
#49 /www/wwwroot/jobportal.prus.dev/app/Http/Middleware/SecurityHeaders.php(11): Illuminate\Pipeline\Pipeline-&gt;Illuminate\Pipeline\{closure}()
#50 /www/wwwroot/jobportal.prus.dev/vendor/laravel/framework/src/Illuminate/Pipeline/Pipeline.php(208): App\Http\Middleware\SecurityHeaders-&gt;handle()
#51 /www/wwwroot/jobportal.prus.dev/vendor/laravel/framework/src/Illuminate/Foundation/Http/Middleware/TransformsRequest.php(21): Illuminate\Pipeline\Pipeline-&gt;Illuminate\Pipeline\{closure}()
#52 /www/wwwroot/jobportal.prus.dev/vendor/laravel/framework/src/Illuminate/Foundation/Http/Middleware/ConvertEmptyStringsToNull.php(31): Illuminate\Foundation\Http\Middleware\TransformsRequest-&gt;handle()
#53 /www/wwwroot/jobportal.prus.dev/vendor/laravel/framework/src/Illuminate/Pipeline/Pipeline.php(208): Illuminate\Foundation\Http\Middleware\ConvertEmptyStringsToNull-&gt;handle()
#54 /www/wwwroot/jobportal.prus.dev/vendor/laravel/framework/src/Illuminate/Foundation/Http/Middleware/TransformsRequest.php(21): Illuminate\Pipeline\Pipeline-&gt;Illuminate\Pipeline\{closure}()
#55 /www/wwwroot/jobportal.prus.dev/vendor/laravel/framework/src/Illuminate/Foundation/Http/Middleware/TrimStrings.php(51): Illuminate\Foundation\Http\Middleware\TransformsRequest-&gt;handle()
#56 /www/wwwroot/jobportal.prus.dev/vendor/laravel/framework/src/Illuminate/Pipeline/Pipeline.php(208): Illuminate\Foundation\Http\Middleware\TrimStrings-&gt;handle()
#57 /www/wwwroot/jobportal.prus.dev/vendor/laravel/framework/src/Illuminate/Http/Middleware/ValidatePostSize.php(27): Illuminate\Pipeline\Pipeline-&gt;Illuminate\Pipeline\{closure}()
#58 /www/wwwroot/jobportal.prus.dev/vendor/laravel/framework/src/Illuminate/Pipeline/Pipeline.php(208): Illuminate\Http\Middleware\ValidatePostSize-&gt;handle()
#59 /www/wwwroot/jobportal.prus.dev/vendor/laravel/framework/src/Illuminate/Foundation/Http/Middleware/PreventRequestsDuringMaintenance.php(109): Illuminate\Pipeline\Pipeline-&gt;Illuminate\Pipeline\{closure}()
#60 /www/wwwroot/jobportal.prus.dev/vendor/laravel/framework/src/Illuminate/Pipeline/Pipeline.php(208): Illuminate\Foundation\Http\Middleware\PreventRequestsDuringMaintenance-&gt;handle()
#61 /www/wwwroot/jobportal.prus.dev/vendor/laravel/framework/src/Illuminate/Http/Middleware/HandleCors.php(48): Illuminate\Pipeline\Pipeline-&gt;Illuminate\Pipeline\{closure}()
#62 /www/wwwroot/jobportal.prus.dev/vendor/laravel/framework/src/Illuminate/Pipeline/Pipeline.php(208): Illuminate\Http\Middleware\HandleCors-&gt;handle()
#63 /www/wwwroot/jobportal.prus.dev/vendor/laravel/framework/src/Illuminate/Http/Middleware/TrustProxies.php(58): Illuminate\Pipeline\Pipeline-&gt;Illuminate\Pipeline\{closure}()
#64 /www/wwwroot/jobportal.prus.dev/vendor/laravel/framework/src/Illuminate/Pipeline/Pipeline.php(208): Illuminate\Http\Middleware\TrustProxies-&gt;handle()
#65 /www/wwwroot/jobportal.prus.dev/vendor/laravel/framework/src/Illuminate/Pipeline/Pipeline.php(126): Illuminate\Pipeline\Pipeline-&gt;Illuminate\Pipeline\{closure}()
#66 /www/wwwroot/jobportal.prus.dev/vendor/laravel/framework/src/Illuminate/Foundation/Http/Kernel.php(175): Illuminate\Pipeline\Pipeline-&gt;then()
#67 /www/wwwroot/jobportal.prus.dev/vendor/laravel/framework/src/Illuminate/Foundation/Http/Kernel.php(144): Illuminate\Foundation\Http\Kernel-&gt;sendRequestThroughRouter()
#68 /www/wwwroot/jobportal.prus.dev/vendor/laravel/framework/src/Illuminate/Foundation/Testing/Concerns/MakesHttpRequests.php(607): Illuminate\Foundation\Http\Kernel-&gt;handle()
#69 /www/wwwroot/jobportal.prus.dev/vendor/laravel/framework/src/Illuminate/Foundation/Testing/Concerns/MakesHttpRequests.php(368): Illuminate\Foundation\Testing\TestCase-&gt;call()
#70 /www/wwwroot/jobportal.prus.dev/tests/Feature/RoutesTest.php(86): Illuminate\Foundation\Testing\TestCase-&gt;get()
#71 /www/wwwroot/jobportal.prus.dev/vendor/phpunit/phpunit/src/Framework/TestCase.php(1656): Tests\Feature\RoutesTest-&gt;test_companies_search_with_query_parameters()
#72 /www/wwwroot/jobportal.prus.dev/vendor/phpunit/phpunit/src/Framework/TestCase.php(514): PHPUnit\Framework\TestCase-&gt;runTest()
#73 /www/wwwroot/jobportal.prus.dev/vendor/phpunit/phpunit/src/Framework/TestRunner/TestRunner.php(87): PHPUnit\Framework\TestCase-&gt;runBare()
#74 /www/wwwroot/jobportal.prus.dev/vendor/phpunit/phpunit/src/Framework/TestCase.php(361): PHPUnit\Framework\TestRunner-&gt;run()
#75 /www/wwwroot/jobportal.prus.dev/vendor/phpunit/phpunit/src/Framework/TestSuite.php(369): PHPUnit\Framework\TestCase-&gt;run()
#76 /www/wwwroot/jobportal.prus.dev/vendor/phpunit/phpunit/src/Framework/TestSuite.php(369): PHPUnit\Framework\TestSuite-&gt;run()
#77 /www/wwwroot/jobportal.prus.dev/vendor/phpunit/phpunit/src/Framework/TestSuite.php(369): PHPUnit\Framework\TestSuite-&gt;run()
#78 /www/wwwroot/jobportal.prus.dev/vendor/phpunit/phpunit/src/TextUI/TestRunner.php(64): PHPUnit\Framework\TestSuite-&gt;run()
#79 /www/wwwroot/jobportal.prus.dev/vendor/phpunit/phpunit/src/TextUI/Application.php(210): PHPUnit\TextUI\TestRunner-&gt;run()
#80 /www/wwwroot/jobportal.prus.dev/vendor/phpunit/phpunit/phpunit(104): PHPUnit\TextUI\Application-&gt;run()
#81 /www/wwwroot/jobportal.prus.dev/vendor/bin/phpunit(122): include('...')
#82 {main}

----------------------------------------------------------------------------------

Undefined variable $companies

/www/wwwroot/jobportal.prus.dev/vendor/laravel/framework/src/Illuminate/Testing/TestResponseAssert.php:45
/www/wwwroot/jobportal.prus.dev/vendor/laravel/framework/src/Illuminate/Testing/TestResponse.php:174
/www/wwwroot/jobportal.prus.dev/tests/Feature/RoutesTest.php:88</failure>
        </testcase>
        <testcase name="test_job_detail_page_with_different_ids" file="/www/wwwroot/jobportal.prus.dev/tests/Feature/RoutesTest.php" line="95" class="Tests\Feature\RoutesTest" classname="Tests.Feature.RoutesTest" assertions="1" time="0.973973">
          <failure type="PHPUnit\Framework\ExpectationFailedException">Tests\Feature\RoutesTest::test_job_detail_page_with_different_ids
Expected response status code [200] but received 500.
Failed asserting that 500 is identical to 200.

The following exception occurred during the last request:

InvalidArgumentException: Unable to locate a class or view for component [jobs.application-modal]. in /www/wwwroot/jobportal.prus.dev/vendor/laravel/framework/src/Illuminate/View/Compilers/ComponentTagCompiler.php:315
Stack trace:
#0 /www/wwwroot/jobportal.prus.dev/vendor/laravel/framework/src/Illuminate/View/Compilers/ComponentTagCompiler.php(235): Illuminate\View\Compilers\ComponentTagCompiler-&gt;componentClass()
#1 /www/wwwroot/jobportal.prus.dev/vendor/laravel/framework/src/Illuminate/View/Compilers/ComponentTagCompiler.php(220): Illuminate\View\Compilers\ComponentTagCompiler-&gt;componentString()
#2 [internal function]: Illuminate\View\Compilers\ComponentTagCompiler-&gt;Illuminate\View\Compilers\{closure}()
#3 /www/wwwroot/jobportal.prus.dev/vendor/laravel/framework/src/Illuminate/View/Compilers/ComponentTagCompiler.php(215): preg_replace_callback()
#4 /www/wwwroot/jobportal.prus.dev/vendor/laravel/framework/src/Illuminate/View/Compilers/ComponentTagCompiler.php(89): Illuminate\View\Compilers\ComponentTagCompiler-&gt;compileSelfClosingTags()
#5 /www/wwwroot/jobportal.prus.dev/vendor/laravel/framework/src/Illuminate/View/Compilers/ComponentTagCompiler.php(76): Illuminate\View\Compilers\ComponentTagCompiler-&gt;compileTags()
#6 /www/wwwroot/jobportal.prus.dev/vendor/laravel/framework/src/Illuminate/View/Compilers/BladeCompiler.php(454): Illuminate\View\Compilers\ComponentTagCompiler-&gt;compile()
#7 /www/wwwroot/jobportal.prus.dev/vendor/laravel/framework/src/Illuminate/View/Compilers/BladeCompiler.php(286): Illuminate\View\Compilers\BladeCompiler-&gt;compileComponentTags()
#8 /www/wwwroot/jobportal.prus.dev/vendor/laravel/framework/src/Illuminate/View/Compilers/BladeCompiler.php(186): Illuminate\View\Compilers\BladeCompiler-&gt;compileString()
#9 /www/wwwroot/jobportal.prus.dev/vendor/laravel/framework/src/Illuminate/View/Engines/CompilerEngine.php(66): Illuminate\View\Compilers\BladeCompiler-&gt;compile()
#10 /www/wwwroot/jobportal.prus.dev/vendor/livewire/livewire/src/Mechanisms/ExtendBlade/ExtendedCompilerEngine.php(10): Illuminate\View\Engines\CompilerEngine-&gt;get()
#11 /www/wwwroot/jobportal.prus.dev/vendor/laravel/framework/src/Illuminate/View/View.php(208): Livewire\Mechanisms\ExtendBlade\ExtendedCompilerEngine-&gt;get()
#12 /www/wwwroot/jobportal.prus.dev/vendor/laravel/framework/src/Illuminate/View/View.php(191): Illuminate\View\View-&gt;getContents()
#13 /www/wwwroot/jobportal.prus.dev/vendor/laravel/framework/src/Illuminate/View/View.php(160): Illuminate\View\View-&gt;renderContents()
#14 /www/wwwroot/jobportal.prus.dev/vendor/laravel/framework/src/Illuminate/Http/Response.php(78): Illuminate\View\View-&gt;render()
#15 /www/wwwroot/jobportal.prus.dev/vendor/laravel/framework/src/Illuminate/Http/Response.php(34): Illuminate\Http\Response-&gt;setContent()
#16 /www/wwwroot/jobportal.prus.dev/vendor/laravel/framework/src/Illuminate/Routing/Router.php(924): Illuminate\Http\Response-&gt;__construct()
#17 /www/wwwroot/jobportal.prus.dev/vendor/laravel/framework/src/Illuminate/Routing/Router.php(891): Illuminate\Routing\Router::toResponse()
#18 /www/wwwroot/jobportal.prus.dev/vendor/laravel/framework/src/Illuminate/Routing/Router.php(807): Illuminate\Routing\Router-&gt;prepareResponse()
#19 /www/wwwroot/jobportal.prus.dev/vendor/laravel/framework/src/Illuminate/Pipeline/Pipeline.php(169): Illuminate\Routing\Router-&gt;Illuminate\Routing\{closure}()
#20 /www/wwwroot/jobportal.prus.dev/vendor/barryvdh/laravel-debugbar/src/Middleware/InjectDebugbar.php(59): Illuminate\Pipeline\Pipeline-&gt;Illuminate\Pipeline\{closure}()
#21 /www/wwwroot/jobportal.prus.dev/vendor/laravel/framework/src/Illuminate/Pipeline/Pipeline.php(208): Barryvdh\Debugbar\Middleware\InjectDebugbar-&gt;handle()
#22 /www/wwwroot/jobportal.prus.dev/app/Http/Middleware/LocaleMiddleware.php(54): Illuminate\Pipeline\Pipeline-&gt;Illuminate\Pipeline\{closure}()
#23 /www/wwwroot/jobportal.prus.dev/vendor/laravel/framework/src/Illuminate/Pipeline/Pipeline.php(208): App\Http\Middleware\LocaleMiddleware-&gt;handle()
#24 /www/wwwroot/jobportal.prus.dev/app/Http/Middleware/SetLocale.php(38): Illuminate\Pipeline\Pipeline-&gt;Illuminate\Pipeline\{closure}()
#25 /www/wwwroot/jobportal.prus.dev/vendor/laravel/framework/src/Illuminate/Pipeline/Pipeline.php(208): App\Http\Middleware\SetLocale-&gt;handle()
#26 /www/wwwroot/jobportal.prus.dev/app/Http/Middleware/LanguageMiddleware.php(47): Illuminate\Pipeline\Pipeline-&gt;Illuminate\Pipeline\{closure}()
#27 /www/wwwroot/jobportal.prus.dev/vendor/laravel/framework/src/Illuminate/Pipeline/Pipeline.php(208): App\Http\Middleware\LanguageMiddleware-&gt;handle()
#28 /www/wwwroot/jobportal.prus.dev/vendor/laravel/framework/src/Illuminate/Routing/Middleware/SubstituteBindings.php(50): Illuminate\Pipeline\Pipeline-&gt;Illuminate\Pipeline\{closure}()
#29 /www/wwwroot/jobportal.prus.dev/vendor/laravel/framework/src/Illuminate/Pipeline/Pipeline.php(208): Illuminate\Routing\Middleware\SubstituteBindings-&gt;handle()
#30 /www/wwwroot/jobportal.prus.dev/vendor/laravel/framework/src/Illuminate/Foundation/Http/Middleware/VerifyCsrfToken.php(87): Illuminate\Pipeline\Pipeline-&gt;Illuminate\Pipeline\{closure}()
#31 /www/wwwroot/jobportal.prus.dev/vendor/laravel/framework/src/Illuminate/Pipeline/Pipeline.php(208): Illuminate\Foundation\Http\Middleware\VerifyCsrfToken-&gt;handle()
#32 /www/wwwroot/jobportal.prus.dev/vendor/laravel/framework/src/Illuminate/View/Middleware/ShareErrorsFromSession.php(48): Illuminate\Pipeline\Pipeline-&gt;Illuminate\Pipeline\{closure}()
#33 /www/wwwroot/jobportal.prus.dev/vendor/laravel/framework/src/Illuminate/Pipeline/Pipeline.php(208): Illuminate\View\Middleware\ShareErrorsFromSession-&gt;handle()
#34 /www/wwwroot/jobportal.prus.dev/vendor/laravel/framework/src/Illuminate/Session/Middleware/StartSession.php(120): Illuminate\Pipeline\Pipeline-&gt;Illuminate\Pipeline\{closure}()
#35 /www/wwwroot/jobportal.prus.dev/vendor/laravel/framework/src/Illuminate/Session/Middleware/StartSession.php(63): Illuminate\Session\Middleware\StartSession-&gt;handleStatefulRequest()
#36 /www/wwwroot/jobportal.prus.dev/vendor/laravel/framework/src/Illuminate/Pipeline/Pipeline.php(208): Illuminate\Session\Middleware\StartSession-&gt;handle()
#37 /www/wwwroot/jobportal.prus.dev/vendor/laravel/framework/src/Illuminate/Cookie/Middleware/AddQueuedCookiesToResponse.php(36): Illuminate\Pipeline\Pipeline-&gt;Illuminate\Pipeline\{closure}()
#38 /www/wwwroot/jobportal.prus.dev/vendor/laravel/framework/src/Illuminate/Pipeline/Pipeline.php(208): Illuminate\Cookie\Middleware\AddQueuedCookiesToResponse-&gt;handle()
#39 /www/wwwroot/jobportal.prus.dev/vendor/laravel/framework/src/Illuminate/Cookie/Middleware/EncryptCookies.php(74): Illuminate\Pipeline\Pipeline-&gt;Illuminate\Pipeline\{closure}()
#40 /www/wwwroot/jobportal.prus.dev/vendor/laravel/framework/src/Illuminate/Pipeline/Pipeline.php(208): Illuminate\Cookie\Middleware\EncryptCookies-&gt;handle()
#41 /www/wwwroot/jobportal.prus.dev/vendor/laravel/framework/src/Illuminate/Pipeline/Pipeline.php(126): Illuminate\Pipeline\Pipeline-&gt;Illuminate\Pipeline\{closure}()
#42 /www/wwwroot/jobportal.prus.dev/vendor/laravel/framework/src/Illuminate/Routing/Router.php(807): Illuminate\Pipeline\Pipeline-&gt;then()
#43 /www/wwwroot/jobportal.prus.dev/vendor/laravel/framework/src/Illuminate/Routing/Router.php(786): Illuminate\Routing\Router-&gt;runRouteWithinStack()
#44 /www/wwwroot/jobportal.prus.dev/vendor/laravel/framework/src/Illuminate/Routing/Router.php(750): Illuminate\Routing\Router-&gt;runRoute()
#45 /www/wwwroot/jobportal.prus.dev/vendor/laravel/framework/src/Illuminate/Routing/Router.php(739): Illuminate\Routing\Router-&gt;dispatchToRoute()
#46 /www/wwwroot/jobportal.prus.dev/vendor/laravel/framework/src/Illuminate/Foundation/Http/Kernel.php(200): Illuminate\Routing\Router-&gt;dispatch()
#47 /www/wwwroot/jobportal.prus.dev/vendor/laravel/framework/src/Illuminate/Pipeline/Pipeline.php(169): Illuminate\Foundation\Http\Kernel-&gt;Illuminate\Foundation\Http\{closure}()
#48 /www/wwwroot/jobportal.prus.dev/vendor/livewire/livewire/src/Features/SupportDisablingBackButtonCache/DisableBackButtonCacheMiddleware.php(19): Illuminate\Pipeline\Pipeline-&gt;Illuminate\Pipeline\{closure}()
#49 /www/wwwroot/jobportal.prus.dev/vendor/laravel/framework/src/Illuminate/Pipeline/Pipeline.php(208): Livewire\Features\SupportDisablingBackButtonCache\DisableBackButtonCacheMiddleware-&gt;handle()
#50 /www/wwwroot/jobportal.prus.dev/vendor/barryvdh/laravel-debugbar/src/Middleware/InjectDebugbar.php(59): Illuminate\Pipeline\Pipeline-&gt;Illuminate\Pipeline\{closure}()
#51 /www/wwwroot/jobportal.prus.dev/vendor/laravel/framework/src/Illuminate/Pipeline/Pipeline.php(208): Barryvdh\Debugbar\Middleware\InjectDebugbar-&gt;handle()
#52 /www/wwwroot/jobportal.prus.dev/vendor/spatie/laravel-csp/src/AddCspHeaders.php(17): Illuminate\Pipeline\Pipeline-&gt;Illuminate\Pipeline\{closure}()
#53 /www/wwwroot/jobportal.prus.dev/vendor/laravel/framework/src/Illuminate/Pipeline/Pipeline.php(208): Spatie\Csp\AddCspHeaders-&gt;handle()
#54 /www/wwwroot/jobportal.prus.dev/app/Http/Middleware/SecurityHeaders.php(11): Illuminate\Pipeline\Pipeline-&gt;Illuminate\Pipeline\{closure}()
#55 /www/wwwroot/jobportal.prus.dev/vendor/laravel/framework/src/Illuminate/Pipeline/Pipeline.php(208): App\Http\Middleware\SecurityHeaders-&gt;handle()
#56 /www/wwwroot/jobportal.prus.dev/vendor/laravel/framework/src/Illuminate/Foundation/Http/Middleware/TransformsRequest.php(21): Illuminate\Pipeline\Pipeline-&gt;Illuminate\Pipeline\{closure}()
#57 /www/wwwroot/jobportal.prus.dev/vendor/laravel/framework/src/Illuminate/Foundation/Http/Middleware/ConvertEmptyStringsToNull.php(31): Illuminate\Foundation\Http\Middleware\TransformsRequest-&gt;handle()
#58 /www/wwwroot/jobportal.prus.dev/vendor/laravel/framework/src/Illuminate/Pipeline/Pipeline.php(208): Illuminate\Foundation\Http\Middleware\ConvertEmptyStringsToNull-&gt;handle()
#59 /www/wwwroot/jobportal.prus.dev/vendor/laravel/framework/src/Illuminate/Foundation/Http/Middleware/TransformsRequest.php(21): Illuminate\Pipeline\Pipeline-&gt;Illuminate\Pipeline\{closure}()
#60 /www/wwwroot/jobportal.prus.dev/vendor/laravel/framework/src/Illuminate/Foundation/Http/Middleware/TrimStrings.php(51): Illuminate\Foundation\Http\Middleware\TransformsRequest-&gt;handle()
#61 /www/wwwroot/jobportal.prus.dev/vendor/laravel/framework/src/Illuminate/Pipeline/Pipeline.php(208): Illuminate\Foundation\Http\Middleware\TrimStrings-&gt;handle()
#62 /www/wwwroot/jobportal.prus.dev/vendor/laravel/framework/src/Illuminate/Http/Middleware/ValidatePostSize.php(27): Illuminate\Pipeline\Pipeline-&gt;Illuminate\Pipeline\{closure}()
#63 /www/wwwroot/jobportal.prus.dev/vendor/laravel/framework/src/Illuminate/Pipeline/Pipeline.php(208): Illuminate\Http\Middleware\ValidatePostSize-&gt;handle()
#64 /www/wwwroot/jobportal.prus.dev/vendor/laravel/framework/src/Illuminate/Foundation/Http/Middleware/PreventRequestsDuringMaintenance.php(109): Illuminate\Pipeline\Pipeline-&gt;Illuminate\Pipeline\{closure}()
#65 /www/wwwroot/jobportal.prus.dev/vendor/laravel/framework/src/Illuminate/Pipeline/Pipeline.php(208): Illuminate\Foundation\Http\Middleware\PreventRequestsDuringMaintenance-&gt;handle()
#66 /www/wwwroot/jobportal.prus.dev/vendor/laravel/framework/src/Illuminate/Http/Middleware/HandleCors.php(48): Illuminate\Pipeline\Pipeline-&gt;Illuminate\Pipeline\{closure}()
#67 /www/wwwroot/jobportal.prus.dev/vendor/laravel/framework/src/Illuminate/Pipeline/Pipeline.php(208): Illuminate\Http\Middleware\HandleCors-&gt;handle()
#68 /www/wwwroot/jobportal.prus.dev/vendor/laravel/framework/src/Illuminate/Http/Middleware/TrustProxies.php(58): Illuminate\Pipeline\Pipeline-&gt;Illuminate\Pipeline\{closure}()
#69 /www/wwwroot/jobportal.prus.dev/vendor/laravel/framework/src/Illuminate/Pipeline/Pipeline.php(208): Illuminate\Http\Middleware\TrustProxies-&gt;handle()
#70 /www/wwwroot/jobportal.prus.dev/vendor/laravel/framework/src/Illuminate/Pipeline/Pipeline.php(126): Illuminate\Pipeline\Pipeline-&gt;Illuminate\Pipeline\{closure}()
#71 /www/wwwroot/jobportal.prus.dev/vendor/laravel/framework/src/Illuminate/Foundation/Http/Kernel.php(175): Illuminate\Pipeline\Pipeline-&gt;then()
#72 /www/wwwroot/jobportal.prus.dev/vendor/laravel/framework/src/Illuminate/Foundation/Http/Kernel.php(144): Illuminate\Foundation\Http\Kernel-&gt;sendRequestThroughRouter()
#73 /www/wwwroot/jobportal.prus.dev/vendor/laravel/framework/src/Illuminate/Foundation/Testing/Concerns/MakesHttpRequests.php(607): Illuminate\Foundation\Http\Kernel-&gt;handle()
#74 /www/wwwroot/jobportal.prus.dev/vendor/laravel/framework/src/Illuminate/Foundation/Testing/Concerns/MakesHttpRequests.php(368): Illuminate\Foundation\Testing\TestCase-&gt;call()
#75 /www/wwwroot/jobportal.prus.dev/tests/Feature/RoutesTest.php(100): Illuminate\Foundation\Testing\TestCase-&gt;get()
#76 /www/wwwroot/jobportal.prus.dev/vendor/phpunit/phpunit/src/Framework/TestCase.php(1656): Tests\Feature\RoutesTest-&gt;test_job_detail_page_with_different_ids()
#77 /www/wwwroot/jobportal.prus.dev/vendor/phpunit/phpunit/src/Framework/TestCase.php(514): PHPUnit\Framework\TestCase-&gt;runTest()
#78 /www/wwwroot/jobportal.prus.dev/vendor/phpunit/phpunit/src/Framework/TestRunner/TestRunner.php(87): PHPUnit\Framework\TestCase-&gt;runBare()
#79 /www/wwwroot/jobportal.prus.dev/vendor/phpunit/phpunit/src/Framework/TestCase.php(361): PHPUnit\Framework\TestRunner-&gt;run()
#80 /www/wwwroot/jobportal.prus.dev/vendor/phpunit/phpunit/src/Framework/TestSuite.php(369): PHPUnit\Framework\TestCase-&gt;run()
#81 /www/wwwroot/jobportal.prus.dev/vendor/phpunit/phpunit/src/Framework/TestSuite.php(369): PHPUnit\Framework\TestSuite-&gt;run()
#82 /www/wwwroot/jobportal.prus.dev/vendor/phpunit/phpunit/src/Framework/TestSuite.php(369): PHPUnit\Framework\TestSuite-&gt;run()
#83 /www/wwwroot/jobportal.prus.dev/vendor/phpunit/phpunit/src/TextUI/TestRunner.php(64): PHPUnit\Framework\TestSuite-&gt;run()
#84 /www/wwwroot/jobportal.prus.dev/vendor/phpunit/phpunit/src/TextUI/Application.php(210): PHPUnit\TextUI\TestRunner-&gt;run()
#85 /www/wwwroot/jobportal.prus.dev/vendor/phpunit/phpunit/phpunit(104): PHPUnit\TextUI\Application-&gt;run()
#86 /www/wwwroot/jobportal.prus.dev/vendor/bin/phpunit(122): include('...')
#87 {main}

----------------------------------------------------------------------------------

Unable to locate a class or view for component [jobs.application-modal].

/www/wwwroot/jobportal.prus.dev/vendor/laravel/framework/src/Illuminate/Testing/TestResponseAssert.php:45
/www/wwwroot/jobportal.prus.dev/vendor/laravel/framework/src/Illuminate/Testing/TestResponse.php:174
/www/wwwroot/jobportal.prus.dev/tests/Feature/RoutesTest.php:101</failure>
        </testcase>
        <testcase name="test_company_detail_page_with_different_ids" file="/www/wwwroot/jobportal.prus.dev/tests/Feature/RoutesTest.php" line="109" class="Tests\Feature\RoutesTest" classname="Tests.Feature.RoutesTest" assertions="1" time="0.740117">
          <failure type="PHPUnit\Framework\ExpectationFailedException">Tests\Feature\RoutesTest::test_company_detail_page_with_different_ids
Expected response status code [200] but received 500.
Failed asserting that 500 is identical to 200.

The following exception occurred during the last request:

Symfony\Component\Routing\Exception\RouteNotFoundException: Route [search] not defined. in /www/wwwroot/jobportal.prus.dev/vendor/laravel/framework/src/Illuminate/Routing/UrlGenerator.php:526
Stack trace:
#0 /www/wwwroot/jobportal.prus.dev/vendor/laravel/framework/src/Illuminate/Foundation/helpers.php(883): Illuminate\Routing\UrlGenerator-&gt;route()
#1 /www/wwwroot/jobportal.prus.dev/storage/framework/views/d69d9ccf2dc289690e52004e0568f7de.php(44): route()
#2 /www/wwwroot/jobportal.prus.dev/vendor/laravel/framework/src/Illuminate/Filesystem/Filesystem.php(123): require('...')
#3 /www/wwwroot/jobportal.prus.dev/vendor/laravel/framework/src/Illuminate/Filesystem/Filesystem.php(124): Illuminate\Filesystem\Filesystem::Illuminate\Filesystem\{closure}()
#4 /www/wwwroot/jobportal.prus.dev/vendor/laravel/framework/src/Illuminate/View/Engines/PhpEngine.php(57): Illuminate\Filesystem\Filesystem-&gt;getRequire()
#5 /www/wwwroot/jobportal.prus.dev/vendor/livewire/livewire/src/Mechanisms/ExtendBlade/ExtendedCompilerEngine.php(22): Illuminate\View\Engines\PhpEngine-&gt;evaluatePath()
#6 /www/wwwroot/jobportal.prus.dev/vendor/laravel/framework/src/Illuminate/View/Engines/CompilerEngine.php(74): Livewire\Mechanisms\ExtendBlade\ExtendedCompilerEngine-&gt;evaluatePath()
#7 /www/wwwroot/jobportal.prus.dev/vendor/livewire/livewire/src/Mechanisms/ExtendBlade/ExtendedCompilerEngine.php(10): Illuminate\View\Engines\CompilerEngine-&gt;get()
#8 /www/wwwroot/jobportal.prus.dev/vendor/laravel/framework/src/Illuminate/View/View.php(208): Livewire\Mechanisms\ExtendBlade\ExtendedCompilerEngine-&gt;get()
#9 /www/wwwroot/jobportal.prus.dev/vendor/laravel/framework/src/Illuminate/View/View.php(191): Illuminate\View\View-&gt;getContents()
#10 /www/wwwroot/jobportal.prus.dev/vendor/laravel/framework/src/Illuminate/View/View.php(160): Illuminate\View\View-&gt;renderContents()
#11 /www/wwwroot/jobportal.prus.dev/vendor/laravel/framework/src/Illuminate/Http/Response.php(78): Illuminate\View\View-&gt;render()
#12 /www/wwwroot/jobportal.prus.dev/vendor/laravel/framework/src/Illuminate/Http/Response.php(34): Illuminate\Http\Response-&gt;setContent()
#13 /www/wwwroot/jobportal.prus.dev/vendor/laravel/framework/src/Illuminate/Routing/ResponseFactory.php(61): Illuminate\Http\Response-&gt;__construct()
#14 /www/wwwroot/jobportal.prus.dev/vendor/laravel/framework/src/Illuminate/Routing/ResponseFactory.php(91): Illuminate\Routing\ResponseFactory-&gt;make()
#15 /www/wwwroot/jobportal.prus.dev/vendor/laravel/framework/src/Illuminate/Foundation/Exceptions/Handler.php(897): Illuminate\Routing\ResponseFactory-&gt;view()
#16 /www/wwwroot/jobportal.prus.dev/vendor/laravel/framework/src/Illuminate/Foundation/Exceptions/Handler.php(818): Illuminate\Foundation\Exceptions\Handler-&gt;renderHttpException()
#17 /www/wwwroot/jobportal.prus.dev/vendor/laravel/framework/src/Illuminate/Foundation/Exceptions/Handler.php(709): Illuminate\Foundation\Exceptions\Handler-&gt;prepareResponse()
#18 /www/wwwroot/jobportal.prus.dev/vendor/laravel/framework/src/Illuminate/Foundation/Exceptions/Handler.php(597): Illuminate\Foundation\Exceptions\Handler-&gt;renderExceptionResponse()
#19 /www/wwwroot/jobportal.prus.dev/app/Exceptions/Handler.php(80): Illuminate\Foundation\Exceptions\Handler-&gt;render()
#20 /www/wwwroot/jobportal.prus.dev/vendor/laravel/framework/src/Illuminate/Routing/Pipeline.php(51): App\Exceptions\Handler-&gt;render()
#21 /www/wwwroot/jobportal.prus.dev/vendor/laravel/framework/src/Illuminate/Pipeline/Pipeline.php(171): Illuminate\Routing\Pipeline-&gt;handleException()
#22 /www/wwwroot/jobportal.prus.dev/vendor/livewire/livewire/src/Features/SupportDisablingBackButtonCache/DisableBackButtonCacheMiddleware.php(19): Illuminate\Pipeline\Pipeline-&gt;Illuminate\Pipeline\{closure}()
#23 /www/wwwroot/jobportal.prus.dev/vendor/laravel/framework/src/Illuminate/Pipeline/Pipeline.php(208): Livewire\Features\SupportDisablingBackButtonCache\DisableBackButtonCacheMiddleware-&gt;handle()
#24 /www/wwwroot/jobportal.prus.dev/vendor/barryvdh/laravel-debugbar/src/Middleware/InjectDebugbar.php(59): Illuminate\Pipeline\Pipeline-&gt;Illuminate\Pipeline\{closure}()
#25 /www/wwwroot/jobportal.prus.dev/vendor/laravel/framework/src/Illuminate/Pipeline/Pipeline.php(208): Barryvdh\Debugbar\Middleware\InjectDebugbar-&gt;handle()
#26 /www/wwwroot/jobportal.prus.dev/vendor/spatie/laravel-csp/src/AddCspHeaders.php(17): Illuminate\Pipeline\Pipeline-&gt;Illuminate\Pipeline\{closure}()
#27 /www/wwwroot/jobportal.prus.dev/vendor/laravel/framework/src/Illuminate/Pipeline/Pipeline.php(208): Spatie\Csp\AddCspHeaders-&gt;handle()
#28 /www/wwwroot/jobportal.prus.dev/app/Http/Middleware/SecurityHeaders.php(11): Illuminate\Pipeline\Pipeline-&gt;Illuminate\Pipeline\{closure}()
#29 /www/wwwroot/jobportal.prus.dev/vendor/laravel/framework/src/Illuminate/Pipeline/Pipeline.php(208): App\Http\Middleware\SecurityHeaders-&gt;handle()
#30 /www/wwwroot/jobportal.prus.dev/vendor/laravel/framework/src/Illuminate/Foundation/Http/Middleware/TransformsRequest.php(21): Illuminate\Pipeline\Pipeline-&gt;Illuminate\Pipeline\{closure}()
#31 /www/wwwroot/jobportal.prus.dev/vendor/laravel/framework/src/Illuminate/Foundation/Http/Middleware/ConvertEmptyStringsToNull.php(31): Illuminate\Foundation\Http\Middleware\TransformsRequest-&gt;handle()
#32 /www/wwwroot/jobportal.prus.dev/vendor/laravel/framework/src/Illuminate/Pipeline/Pipeline.php(208): Illuminate\Foundation\Http\Middleware\ConvertEmptyStringsToNull-&gt;handle()
#33 /www/wwwroot/jobportal.prus.dev/vendor/laravel/framework/src/Illuminate/Foundation/Http/Middleware/TransformsRequest.php(21): Illuminate\Pipeline\Pipeline-&gt;Illuminate\Pipeline\{closure}()
#34 /www/wwwroot/jobportal.prus.dev/vendor/laravel/framework/src/Illuminate/Foundation/Http/Middleware/TrimStrings.php(51): Illuminate\Foundation\Http\Middleware\TransformsRequest-&gt;handle()
#35 /www/wwwroot/jobportal.prus.dev/vendor/laravel/framework/src/Illuminate/Pipeline/Pipeline.php(208): Illuminate\Foundation\Http\Middleware\TrimStrings-&gt;handle()
#36 /www/wwwroot/jobportal.prus.dev/vendor/laravel/framework/src/Illuminate/Http/Middleware/ValidatePostSize.php(27): Illuminate\Pipeline\Pipeline-&gt;Illuminate\Pipeline\{closure}()
#37 /www/wwwroot/jobportal.prus.dev/vendor/laravel/framework/src/Illuminate/Pipeline/Pipeline.php(208): Illuminate\Http\Middleware\ValidatePostSize-&gt;handle()
#38 /www/wwwroot/jobportal.prus.dev/vendor/laravel/framework/src/Illuminate/Foundation/Http/Middleware/PreventRequestsDuringMaintenance.php(109): Illuminate\Pipeline\Pipeline-&gt;Illuminate\Pipeline\{closure}()
#39 /www/wwwroot/jobportal.prus.dev/vendor/laravel/framework/src/Illuminate/Pipeline/Pipeline.php(208): Illuminate\Foundation\Http\Middleware\PreventRequestsDuringMaintenance-&gt;handle()
#40 /www/wwwroot/jobportal.prus.dev/vendor/laravel/framework/src/Illuminate/Http/Middleware/HandleCors.php(48): Illuminate\Pipeline\Pipeline-&gt;Illuminate\Pipeline\{closure}()
#41 /www/wwwroot/jobportal.prus.dev/vendor/laravel/framework/src/Illuminate/Pipeline/Pipeline.php(208): Illuminate\Http\Middleware\HandleCors-&gt;handle()
#42 /www/wwwroot/jobportal.prus.dev/vendor/laravel/framework/src/Illuminate/Http/Middleware/TrustProxies.php(58): Illuminate\Pipeline\Pipeline-&gt;Illuminate\Pipeline\{closure}()
#43 /www/wwwroot/jobportal.prus.dev/vendor/laravel/framework/src/Illuminate/Pipeline/Pipeline.php(208): Illuminate\Http\Middleware\TrustProxies-&gt;handle()
#44 /www/wwwroot/jobportal.prus.dev/vendor/laravel/framework/src/Illuminate/Pipeline/Pipeline.php(126): Illuminate\Pipeline\Pipeline-&gt;Illuminate\Pipeline\{closure}()
#45 /www/wwwroot/jobportal.prus.dev/vendor/laravel/framework/src/Illuminate/Foundation/Http/Kernel.php(175): Illuminate\Pipeline\Pipeline-&gt;then()
#46 /www/wwwroot/jobportal.prus.dev/vendor/laravel/framework/src/Illuminate/Foundation/Http/Kernel.php(144): Illuminate\Foundation\Http\Kernel-&gt;sendRequestThroughRouter()
#47 /www/wwwroot/jobportal.prus.dev/vendor/laravel/framework/src/Illuminate/Foundation/Testing/Concerns/MakesHttpRequests.php(607): Illuminate\Foundation\Http\Kernel-&gt;handle()
#48 /www/wwwroot/jobportal.prus.dev/vendor/laravel/framework/src/Illuminate/Foundation/Testing/Concerns/MakesHttpRequests.php(368): Illuminate\Foundation\Testing\TestCase-&gt;call()
#49 /www/wwwroot/jobportal.prus.dev/tests/Feature/RoutesTest.php(114): Illuminate\Foundation\Testing\TestCase-&gt;get()
#50 /www/wwwroot/jobportal.prus.dev/vendor/phpunit/phpunit/src/Framework/TestCase.php(1656): Tests\Feature\RoutesTest-&gt;test_company_detail_page_with_different_ids()
#51 /www/wwwroot/jobportal.prus.dev/vendor/phpunit/phpunit/src/Framework/TestCase.php(514): PHPUnit\Framework\TestCase-&gt;runTest()
#52 /www/wwwroot/jobportal.prus.dev/vendor/phpunit/phpunit/src/Framework/TestRunner/TestRunner.php(87): PHPUnit\Framework\TestCase-&gt;runBare()
#53 /www/wwwroot/jobportal.prus.dev/vendor/phpunit/phpunit/src/Framework/TestCase.php(361): PHPUnit\Framework\TestRunner-&gt;run()
#54 /www/wwwroot/jobportal.prus.dev/vendor/phpunit/phpunit/src/Framework/TestSuite.php(369): PHPUnit\Framework\TestCase-&gt;run()
#55 /www/wwwroot/jobportal.prus.dev/vendor/phpunit/phpunit/src/Framework/TestSuite.php(369): PHPUnit\Framework\TestSuite-&gt;run()
#56 /www/wwwroot/jobportal.prus.dev/vendor/phpunit/phpunit/src/Framework/TestSuite.php(369): PHPUnit\Framework\TestSuite-&gt;run()
#57 /www/wwwroot/jobportal.prus.dev/vendor/phpunit/phpunit/src/TextUI/TestRunner.php(64): PHPUnit\Framework\TestSuite-&gt;run()
#58 /www/wwwroot/jobportal.prus.dev/vendor/phpunit/phpunit/src/TextUI/Application.php(210): PHPUnit\TextUI\TestRunner-&gt;run()
#59 /www/wwwroot/jobportal.prus.dev/vendor/phpunit/phpunit/phpunit(104): PHPUnit\TextUI\Application-&gt;run()
#60 /www/wwwroot/jobportal.prus.dev/vendor/bin/phpunit(122): include('...')
#61 {main}

Next Spatie\LaravelIgnition\Exceptions\ViewException: Route [search] not defined. in /www/wwwroot/jobportal.prus.dev/vendor/laravel/framework/src/Illuminate/Routing/UrlGenerator.php:526
Stack trace:
#0 /www/wwwroot/jobportal.prus.dev/vendor/laravel/framework/src/Illuminate/Foundation/helpers.php(883): Illuminate\Routing\UrlGenerator-&gt;route()
#1 /www/wwwroot/jobportal.prus.dev/resources/views/errors/404.blade.php(44): route()
#2 /www/wwwroot/jobportal.prus.dev/vendor/laravel/framework/src/Illuminate/Filesystem/Filesystem.php(123): require('...')
#3 /www/wwwroot/jobportal.prus.dev/vendor/laravel/framework/src/Illuminate/Filesystem/Filesystem.php(124): Illuminate\Filesystem\Filesystem::Illuminate\Filesystem\{closure}()
#4 /www/wwwroot/jobportal.prus.dev/vendor/laravel/framework/src/Illuminate/View/Engines/PhpEngine.php(57): Illuminate\Filesystem\Filesystem-&gt;getRequire()
#5 /www/wwwroot/jobportal.prus.dev/vendor/livewire/livewire/src/Mechanisms/ExtendBlade/ExtendedCompilerEngine.php(22): Illuminate\View\Engines\PhpEngine-&gt;evaluatePath()
#6 /www/wwwroot/jobportal.prus.dev/vendor/laravel/framework/src/Illuminate/View/Engines/CompilerEngine.php(74): Livewire\Mechanisms\ExtendBlade\ExtendedCompilerEngine-&gt;evaluatePath()
#7 /www/wwwroot/jobportal.prus.dev/vendor/livewire/livewire/src/Mechanisms/ExtendBlade/ExtendedCompilerEngine.php(10): Illuminate\View\Engines\CompilerEngine-&gt;get()
#8 /www/wwwroot/jobportal.prus.dev/vendor/laravel/framework/src/Illuminate/View/View.php(208): Livewire\Mechanisms\ExtendBlade\ExtendedCompilerEngine-&gt;get()
#9 /www/wwwroot/jobportal.prus.dev/vendor/laravel/framework/src/Illuminate/View/View.php(191): Illuminate\View\View-&gt;getContents()
#10 /www/wwwroot/jobportal.prus.dev/vendor/laravel/framework/src/Illuminate/View/View.php(160): Illuminate\View\View-&gt;renderContents()
#11 /www/wwwroot/jobportal.prus.dev/vendor/laravel/framework/src/Illuminate/Http/Response.php(78): Illuminate\View\View-&gt;render()
#12 /www/wwwroot/jobportal.prus.dev/vendor/laravel/framework/src/Illuminate/Http/Response.php(34): Illuminate\Http\Response-&gt;setContent()
#13 /www/wwwroot/jobportal.prus.dev/vendor/laravel/framework/src/Illuminate/Routing/ResponseFactory.php(61): Illuminate\Http\Response-&gt;__construct()
#14 /www/wwwroot/jobportal.prus.dev/vendor/laravel/framework/src/Illuminate/Routing/ResponseFactory.php(91): Illuminate\Routing\ResponseFactory-&gt;make()
#15 /www/wwwroot/jobportal.prus.dev/vendor/laravel/framework/src/Illuminate/Foundation/Exceptions/Handler.php(897): Illuminate\Routing\ResponseFactory-&gt;view()
#16 /www/wwwroot/jobportal.prus.dev/vendor/laravel/framework/src/Illuminate/Foundation/Exceptions/Handler.php(818): Illuminate\Foundation\Exceptions\Handler-&gt;renderHttpException()
#17 /www/wwwroot/jobportal.prus.dev/vendor/laravel/framework/src/Illuminate/Foundation/Exceptions/Handler.php(709): Illuminate\Foundation\Exceptions\Handler-&gt;prepareResponse()
#18 /www/wwwroot/jobportal.prus.dev/vendor/laravel/framework/src/Illuminate/Foundation/Exceptions/Handler.php(597): Illuminate\Foundation\Exceptions\Handler-&gt;renderExceptionResponse()
#19 /www/wwwroot/jobportal.prus.dev/app/Exceptions/Handler.php(80): Illuminate\Foundation\Exceptions\Handler-&gt;render()
#20 /www/wwwroot/jobportal.prus.dev/vendor/laravel/framework/src/Illuminate/Routing/Pipeline.php(51): App\Exceptions\Handler-&gt;render()
#21 /www/wwwroot/jobportal.prus.dev/vendor/laravel/framework/src/Illuminate/Pipeline/Pipeline.php(171): Illuminate\Routing\Pipeline-&gt;handleException()
#22 /www/wwwroot/jobportal.prus.dev/vendor/livewire/livewire/src/Features/SupportDisablingBackButtonCache/DisableBackButtonCacheMiddleware.php(19): Illuminate\Pipeline\Pipeline-&gt;Illuminate\Pipeline\{closure}()
#23 /www/wwwroot/jobportal.prus.dev/vendor/laravel/framework/src/Illuminate/Pipeline/Pipeline.php(208): Livewire\Features\SupportDisablingBackButtonCache\DisableBackButtonCacheMiddleware-&gt;handle()
#24 /www/wwwroot/jobportal.prus.dev/vendor/barryvdh/laravel-debugbar/src/Middleware/InjectDebugbar.php(59): Illuminate\Pipeline\Pipeline-&gt;Illuminate\Pipeline\{closure}()
#25 /www/wwwroot/jobportal.prus.dev/vendor/laravel/framework/src/Illuminate/Pipeline/Pipeline.php(208): Barryvdh\Debugbar\Middleware\InjectDebugbar-&gt;handle()
#26 /www/wwwroot/jobportal.prus.dev/vendor/spatie/laravel-csp/src/AddCspHeaders.php(17): Illuminate\Pipeline\Pipeline-&gt;Illuminate\Pipeline\{closure}()
#27 /www/wwwroot/jobportal.prus.dev/vendor/laravel/framework/src/Illuminate/Pipeline/Pipeline.php(208): Spatie\Csp\AddCspHeaders-&gt;handle()
#28 /www/wwwroot/jobportal.prus.dev/app/Http/Middleware/SecurityHeaders.php(11): Illuminate\Pipeline\Pipeline-&gt;Illuminate\Pipeline\{closure}()
#29 /www/wwwroot/jobportal.prus.dev/vendor/laravel/framework/src/Illuminate/Pipeline/Pipeline.php(208): App\Http\Middleware\SecurityHeaders-&gt;handle()
#30 /www/wwwroot/jobportal.prus.dev/vendor/laravel/framework/src/Illuminate/Foundation/Http/Middleware/TransformsRequest.php(21): Illuminate\Pipeline\Pipeline-&gt;Illuminate\Pipeline\{closure}()
#31 /www/wwwroot/jobportal.prus.dev/vendor/laravel/framework/src/Illuminate/Foundation/Http/Middleware/ConvertEmptyStringsToNull.php(31): Illuminate\Foundation\Http\Middleware\TransformsRequest-&gt;handle()
#32 /www/wwwroot/jobportal.prus.dev/vendor/laravel/framework/src/Illuminate/Pipeline/Pipeline.php(208): Illuminate\Foundation\Http\Middleware\ConvertEmptyStringsToNull-&gt;handle()
#33 /www/wwwroot/jobportal.prus.dev/vendor/laravel/framework/src/Illuminate/Foundation/Http/Middleware/TransformsRequest.php(21): Illuminate\Pipeline\Pipeline-&gt;Illuminate\Pipeline\{closure}()
#34 /www/wwwroot/jobportal.prus.dev/vendor/laravel/framework/src/Illuminate/Foundation/Http/Middleware/TrimStrings.php(51): Illuminate\Foundation\Http\Middleware\TransformsRequest-&gt;handle()
#35 /www/wwwroot/jobportal.prus.dev/vendor/laravel/framework/src/Illuminate/Pipeline/Pipeline.php(208): Illuminate\Foundation\Http\Middleware\TrimStrings-&gt;handle()
#36 /www/wwwroot/jobportal.prus.dev/vendor/laravel/framework/src/Illuminate/Http/Middleware/ValidatePostSize.php(27): Illuminate\Pipeline\Pipeline-&gt;Illuminate\Pipeline\{closure}()
#37 /www/wwwroot/jobportal.prus.dev/vendor/laravel/framework/src/Illuminate/Pipeline/Pipeline.php(208): Illuminate\Http\Middleware\ValidatePostSize-&gt;handle()
#38 /www/wwwroot/jobportal.prus.dev/vendor/laravel/framework/src/Illuminate/Foundation/Http/Middleware/PreventRequestsDuringMaintenance.php(109): Illuminate\Pipeline\Pipeline-&gt;Illuminate\Pipeline\{closure}()
#39 /www/wwwroot/jobportal.prus.dev/vendor/laravel/framework/src/Illuminate/Pipeline/Pipeline.php(208): Illuminate\Foundation\Http\Middleware\PreventRequestsDuringMaintenance-&gt;handle()
#40 /www/wwwroot/jobportal.prus.dev/vendor/laravel/framework/src/Illuminate/Http/Middleware/HandleCors.php(48): Illuminate\Pipeline\Pipeline-&gt;Illuminate\Pipeline\{closure}()
#41 /www/wwwroot/jobportal.prus.dev/vendor/laravel/framework/src/Illuminate/Pipeline/Pipeline.php(208): Illuminate\Http\Middleware\HandleCors-&gt;handle()
#42 /www/wwwroot/jobportal.prus.dev/vendor/laravel/framework/src/Illuminate/Http/Middleware/TrustProxies.php(58): Illuminate\Pipeline\Pipeline-&gt;Illuminate\Pipeline\{closure}()
#43 /www/wwwroot/jobportal.prus.dev/vendor/laravel/framework/src/Illuminate/Pipeline/Pipeline.php(208): Illuminate\Http\Middleware\TrustProxies-&gt;handle()
#44 /www/wwwroot/jobportal.prus.dev/vendor/laravel/framework/src/Illuminate/Pipeline/Pipeline.php(126): Illuminate\Pipeline\Pipeline-&gt;Illuminate\Pipeline\{closure}()
#45 /www/wwwroot/jobportal.prus.dev/vendor/laravel/framework/src/Illuminate/Foundation/Http/Kernel.php(175): Illuminate\Pipeline\Pipeline-&gt;then()
#46 /www/wwwroot/jobportal.prus.dev/vendor/laravel/framework/src/Illuminate/Foundation/Http/Kernel.php(144): Illuminate\Foundation\Http\Kernel-&gt;sendRequestThroughRouter()
#47 /www/wwwroot/jobportal.prus.dev/vendor/laravel/framework/src/Illuminate/Foundation/Testing/Concerns/MakesHttpRequests.php(607): Illuminate\Foundation\Http\Kernel-&gt;handle()
#48 /www/wwwroot/jobportal.prus.dev/vendor/laravel/framework/src/Illuminate/Foundation/Testing/Concerns/MakesHttpRequests.php(368): Illuminate\Foundation\Testing\TestCase-&gt;call()
#49 /www/wwwroot/jobportal.prus.dev/tests/Feature/RoutesTest.php(114): Illuminate\Foundation\Testing\TestCase-&gt;get()
#50 /www/wwwroot/jobportal.prus.dev/vendor/phpunit/phpunit/src/Framework/TestCase.php(1656): Tests\Feature\RoutesTest-&gt;test_company_detail_page_with_different_ids()
#51 /www/wwwroot/jobportal.prus.dev/vendor/phpunit/phpunit/src/Framework/TestCase.php(514): PHPUnit\Framework\TestCase-&gt;runTest()
#52 /www/wwwroot/jobportal.prus.dev/vendor/phpunit/phpunit/src/Framework/TestRunner/TestRunner.php(87): PHPUnit\Framework\TestCase-&gt;runBare()
#53 /www/wwwroot/jobportal.prus.dev/vendor/phpunit/phpunit/src/Framework/TestCase.php(361): PHPUnit\Framework\TestRunner-&gt;run()
#54 /www/wwwroot/jobportal.prus.dev/vendor/phpunit/phpunit/src/Framework/TestSuite.php(369): PHPUnit\Framework\TestCase-&gt;run()
#55 /www/wwwroot/jobportal.prus.dev/vendor/phpunit/phpunit/src/Framework/TestSuite.php(369): PHPUnit\Framework\TestSuite-&gt;run()
#56 /www/wwwroot/jobportal.prus.dev/vendor/phpunit/phpunit/src/Framework/TestSuite.php(369): PHPUnit\Framework\TestSuite-&gt;run()
#57 /www/wwwroot/jobportal.prus.dev/vendor/phpunit/phpunit/src/TextUI/TestRunner.php(64): PHPUnit\Framework\TestSuite-&gt;run()
#58 /www/wwwroot/jobportal.prus.dev/vendor/phpunit/phpunit/src/TextUI/Application.php(210): PHPUnit\TextUI\TestRunner-&gt;run()
#59 /www/wwwroot/jobportal.prus.dev/vendor/phpunit/phpunit/phpunit(104): PHPUnit\TextUI\Application-&gt;run()
#60 /www/wwwroot/jobportal.prus.dev/vendor/bin/phpunit(122): include('...')
#61 {main}

----------------------------------------------------------------------------------

Route [search] not defined.

/www/wwwroot/jobportal.prus.dev/vendor/laravel/framework/src/Illuminate/Testing/TestResponseAssert.php:45
/www/wwwroot/jobportal.prus.dev/vendor/laravel/framework/src/Illuminate/Testing/TestResponse.php:174
/www/wwwroot/jobportal.prus.dev/tests/Feature/RoutesTest.php:115</failure>
        </testcase>
        <testcase name="test_invalid_routes_return404" file="/www/wwwroot/jobportal.prus.dev/tests/Feature/RoutesTest.php" line="122" class="Tests\Feature\RoutesTest" classname="Tests.Feature.RoutesTest" assertions="1" time="0.718042">
          <failure type="PHPUnit\Framework\ExpectationFailedException">Tests\Feature\RoutesTest::test_invalid_routes_return404
Route /invalid-page should return 404
Failed asserting that 500 matches expected 404.

/www/wwwroot/jobportal.prus.dev/tests/Feature/RoutesTest.php:134</failure>
        </testcase>
        <testcase name="test_api_test_route_returns_json" file="/www/wwwroot/jobportal.prus.dev/tests/Feature/RoutesTest.php" line="141" class="Tests\Feature\RoutesTest" classname="Tests.Feature.RoutesTest" assertions="9" time="0.471247">
          <failure type="PHPUnit\Framework\ExpectationFailedException">Tests\Feature\RoutesTest::test_api_test_route_returns_json
Failed asserting that two strings are equal.
--- Expected
+++ Actual
@@ @@
-'Laravel is working!'
+'Laravel API is working!'

/www/wwwroot/jobportal.prus.dev/tests/Feature/RoutesTest.php:156</failure>
        </testcase>
        <testcase name="test_post_routes" file="/www/wwwroot/jobportal.prus.dev/tests/Feature/RoutesTest.php" line="162" class="Tests\Feature\RoutesTest" classname="Tests.Feature.RoutesTest" assertions="2" time="0.974071"/>
        <testcase name="test_routes_with_special_characters" file="/www/wwwroot/jobportal.prus.dev/tests/Feature/RoutesTest.php" line="177" class="Tests\Feature\RoutesTest" classname="Tests.Feature.RoutesTest" assertions="1" time="0.707744">
          <failure type="PHPUnit\Framework\ExpectationFailedException">Tests\Feature\RoutesTest::test_routes_with_special_characters
Expected response status code [200] but received 500.
Failed asserting that 500 is identical to 200.

The following exception occurred during the last request:

InvalidArgumentException: Unable to locate a class or view for component [jobs.active-filters]. in /www/wwwroot/jobportal.prus.dev/vendor/laravel/framework/src/Illuminate/View/Compilers/ComponentTagCompiler.php:315
Stack trace:
#0 /www/wwwroot/jobportal.prus.dev/vendor/laravel/framework/src/Illuminate/View/Compilers/ComponentTagCompiler.php(235): Illuminate\View\Compilers\ComponentTagCompiler-&gt;componentClass()
#1 /www/wwwroot/jobportal.prus.dev/vendor/laravel/framework/src/Illuminate/View/Compilers/ComponentTagCompiler.php(220): Illuminate\View\Compilers\ComponentTagCompiler-&gt;componentString()
#2 [internal function]: Illuminate\View\Compilers\ComponentTagCompiler-&gt;Illuminate\View\Compilers\{closure}()
#3 /www/wwwroot/jobportal.prus.dev/vendor/laravel/framework/src/Illuminate/View/Compilers/ComponentTagCompiler.php(215): preg_replace_callback()
#4 /www/wwwroot/jobportal.prus.dev/vendor/laravel/framework/src/Illuminate/View/Compilers/ComponentTagCompiler.php(89): Illuminate\View\Compilers\ComponentTagCompiler-&gt;compileSelfClosingTags()
#5 /www/wwwroot/jobportal.prus.dev/vendor/laravel/framework/src/Illuminate/View/Compilers/ComponentTagCompiler.php(76): Illuminate\View\Compilers\ComponentTagCompiler-&gt;compileTags()
#6 /www/wwwroot/jobportal.prus.dev/vendor/laravel/framework/src/Illuminate/View/Compilers/BladeCompiler.php(454): Illuminate\View\Compilers\ComponentTagCompiler-&gt;compile()
#7 /www/wwwroot/jobportal.prus.dev/vendor/laravel/framework/src/Illuminate/View/Compilers/BladeCompiler.php(286): Illuminate\View\Compilers\BladeCompiler-&gt;compileComponentTags()
#8 /www/wwwroot/jobportal.prus.dev/vendor/laravel/framework/src/Illuminate/View/Compilers/BladeCompiler.php(186): Illuminate\View\Compilers\BladeCompiler-&gt;compileString()
#9 /www/wwwroot/jobportal.prus.dev/vendor/laravel/framework/src/Illuminate/View/Engines/CompilerEngine.php(66): Illuminate\View\Compilers\BladeCompiler-&gt;compile()
#10 /www/wwwroot/jobportal.prus.dev/vendor/livewire/livewire/src/Mechanisms/ExtendBlade/ExtendedCompilerEngine.php(10): Illuminate\View\Engines\CompilerEngine-&gt;get()
#11 /www/wwwroot/jobportal.prus.dev/vendor/laravel/framework/src/Illuminate/View/View.php(208): Livewire\Mechanisms\ExtendBlade\ExtendedCompilerEngine-&gt;get()
#12 /www/wwwroot/jobportal.prus.dev/vendor/laravel/framework/src/Illuminate/View/View.php(191): Illuminate\View\View-&gt;getContents()
#13 /www/wwwroot/jobportal.prus.dev/vendor/laravel/framework/src/Illuminate/View/View.php(160): Illuminate\View\View-&gt;renderContents()
#14 /www/wwwroot/jobportal.prus.dev/vendor/laravel/framework/src/Illuminate/Http/Response.php(78): Illuminate\View\View-&gt;render()
#15 /www/wwwroot/jobportal.prus.dev/vendor/laravel/framework/src/Illuminate/Http/Response.php(34): Illuminate\Http\Response-&gt;setContent()
#16 /www/wwwroot/jobportal.prus.dev/vendor/laravel/framework/src/Illuminate/Routing/Router.php(924): Illuminate\Http\Response-&gt;__construct()
#17 /www/wwwroot/jobportal.prus.dev/vendor/laravel/framework/src/Illuminate/Routing/Router.php(891): Illuminate\Routing\Router::toResponse()
#18 /www/wwwroot/jobportal.prus.dev/vendor/laravel/framework/src/Illuminate/Routing/Router.php(807): Illuminate\Routing\Router-&gt;prepareResponse()
#19 /www/wwwroot/jobportal.prus.dev/vendor/laravel/framework/src/Illuminate/Pipeline/Pipeline.php(169): Illuminate\Routing\Router-&gt;Illuminate\Routing\{closure}()
#20 /www/wwwroot/jobportal.prus.dev/vendor/barryvdh/laravel-debugbar/src/Middleware/InjectDebugbar.php(59): Illuminate\Pipeline\Pipeline-&gt;Illuminate\Pipeline\{closure}()
#21 /www/wwwroot/jobportal.prus.dev/vendor/laravel/framework/src/Illuminate/Pipeline/Pipeline.php(208): Barryvdh\Debugbar\Middleware\InjectDebugbar-&gt;handle()
#22 /www/wwwroot/jobportal.prus.dev/app/Http/Middleware/LocaleMiddleware.php(54): Illuminate\Pipeline\Pipeline-&gt;Illuminate\Pipeline\{closure}()
#23 /www/wwwroot/jobportal.prus.dev/vendor/laravel/framework/src/Illuminate/Pipeline/Pipeline.php(208): App\Http\Middleware\LocaleMiddleware-&gt;handle()
#24 /www/wwwroot/jobportal.prus.dev/app/Http/Middleware/SetLocale.php(38): Illuminate\Pipeline\Pipeline-&gt;Illuminate\Pipeline\{closure}()
#25 /www/wwwroot/jobportal.prus.dev/vendor/laravel/framework/src/Illuminate/Pipeline/Pipeline.php(208): App\Http\Middleware\SetLocale-&gt;handle()
#26 /www/wwwroot/jobportal.prus.dev/app/Http/Middleware/LanguageMiddleware.php(47): Illuminate\Pipeline\Pipeline-&gt;Illuminate\Pipeline\{closure}()
#27 /www/wwwroot/jobportal.prus.dev/vendor/laravel/framework/src/Illuminate/Pipeline/Pipeline.php(208): App\Http\Middleware\LanguageMiddleware-&gt;handle()
#28 /www/wwwroot/jobportal.prus.dev/vendor/laravel/framework/src/Illuminate/Routing/Middleware/SubstituteBindings.php(50): Illuminate\Pipeline\Pipeline-&gt;Illuminate\Pipeline\{closure}()
#29 /www/wwwroot/jobportal.prus.dev/vendor/laravel/framework/src/Illuminate/Pipeline/Pipeline.php(208): Illuminate\Routing\Middleware\SubstituteBindings-&gt;handle()
#30 /www/wwwroot/jobportal.prus.dev/vendor/laravel/framework/src/Illuminate/Foundation/Http/Middleware/VerifyCsrfToken.php(87): Illuminate\Pipeline\Pipeline-&gt;Illuminate\Pipeline\{closure}()
#31 /www/wwwroot/jobportal.prus.dev/vendor/laravel/framework/src/Illuminate/Pipeline/Pipeline.php(208): Illuminate\Foundation\Http\Middleware\VerifyCsrfToken-&gt;handle()
#32 /www/wwwroot/jobportal.prus.dev/vendor/laravel/framework/src/Illuminate/View/Middleware/ShareErrorsFromSession.php(48): Illuminate\Pipeline\Pipeline-&gt;Illuminate\Pipeline\{closure}()
#33 /www/wwwroot/jobportal.prus.dev/vendor/laravel/framework/src/Illuminate/Pipeline/Pipeline.php(208): Illuminate\View\Middleware\ShareErrorsFromSession-&gt;handle()
#34 /www/wwwroot/jobportal.prus.dev/vendor/laravel/framework/src/Illuminate/Session/Middleware/StartSession.php(120): Illuminate\Pipeline\Pipeline-&gt;Illuminate\Pipeline\{closure}()
#35 /www/wwwroot/jobportal.prus.dev/vendor/laravel/framework/src/Illuminate/Session/Middleware/StartSession.php(63): Illuminate\Session\Middleware\StartSession-&gt;handleStatefulRequest()
#36 /www/wwwroot/jobportal.prus.dev/vendor/laravel/framework/src/Illuminate/Pipeline/Pipeline.php(208): Illuminate\Session\Middleware\StartSession-&gt;handle()
#37 /www/wwwroot/jobportal.prus.dev/vendor/laravel/framework/src/Illuminate/Cookie/Middleware/AddQueuedCookiesToResponse.php(36): Illuminate\Pipeline\Pipeline-&gt;Illuminate\Pipeline\{closure}()
#38 /www/wwwroot/jobportal.prus.dev/vendor/laravel/framework/src/Illuminate/Pipeline/Pipeline.php(208): Illuminate\Cookie\Middleware\AddQueuedCookiesToResponse-&gt;handle()
#39 /www/wwwroot/jobportal.prus.dev/vendor/laravel/framework/src/Illuminate/Cookie/Middleware/EncryptCookies.php(74): Illuminate\Pipeline\Pipeline-&gt;Illuminate\Pipeline\{closure}()
#40 /www/wwwroot/jobportal.prus.dev/vendor/laravel/framework/src/Illuminate/Pipeline/Pipeline.php(208): Illuminate\Cookie\Middleware\EncryptCookies-&gt;handle()
#41 /www/wwwroot/jobportal.prus.dev/vendor/laravel/framework/src/Illuminate/Pipeline/Pipeline.php(126): Illuminate\Pipeline\Pipeline-&gt;Illuminate\Pipeline\{closure}()
#42 /www/wwwroot/jobportal.prus.dev/vendor/laravel/framework/src/Illuminate/Routing/Router.php(807): Illuminate\Pipeline\Pipeline-&gt;then()
#43 /www/wwwroot/jobportal.prus.dev/vendor/laravel/framework/src/Illuminate/Routing/Router.php(786): Illuminate\Routing\Router-&gt;runRouteWithinStack()
#44 /www/wwwroot/jobportal.prus.dev/vendor/laravel/framework/src/Illuminate/Routing/Router.php(750): Illuminate\Routing\Router-&gt;runRoute()
#45 /www/wwwroot/jobportal.prus.dev/vendor/laravel/framework/src/Illuminate/Routing/Router.php(739): Illuminate\Routing\Router-&gt;dispatchToRoute()
#46 /www/wwwroot/jobportal.prus.dev/vendor/laravel/framework/src/Illuminate/Foundation/Http/Kernel.php(200): Illuminate\Routing\Router-&gt;dispatch()
#47 /www/wwwroot/jobportal.prus.dev/vendor/laravel/framework/src/Illuminate/Pipeline/Pipeline.php(169): Illuminate\Foundation\Http\Kernel-&gt;Illuminate\Foundation\Http\{closure}()
#48 /www/wwwroot/jobportal.prus.dev/vendor/livewire/livewire/src/Features/SupportDisablingBackButtonCache/DisableBackButtonCacheMiddleware.php(19): Illuminate\Pipeline\Pipeline-&gt;Illuminate\Pipeline\{closure}()
#49 /www/wwwroot/jobportal.prus.dev/vendor/laravel/framework/src/Illuminate/Pipeline/Pipeline.php(208): Livewire\Features\SupportDisablingBackButtonCache\DisableBackButtonCacheMiddleware-&gt;handle()
#50 /www/wwwroot/jobportal.prus.dev/vendor/barryvdh/laravel-debugbar/src/Middleware/InjectDebugbar.php(59): Illuminate\Pipeline\Pipeline-&gt;Illuminate\Pipeline\{closure}()
#51 /www/wwwroot/jobportal.prus.dev/vendor/laravel/framework/src/Illuminate/Pipeline/Pipeline.php(208): Barryvdh\Debugbar\Middleware\InjectDebugbar-&gt;handle()
#52 /www/wwwroot/jobportal.prus.dev/vendor/spatie/laravel-csp/src/AddCspHeaders.php(17): Illuminate\Pipeline\Pipeline-&gt;Illuminate\Pipeline\{closure}()
#53 /www/wwwroot/jobportal.prus.dev/vendor/laravel/framework/src/Illuminate/Pipeline/Pipeline.php(208): Spatie\Csp\AddCspHeaders-&gt;handle()
#54 /www/wwwroot/jobportal.prus.dev/app/Http/Middleware/SecurityHeaders.php(11): Illuminate\Pipeline\Pipeline-&gt;Illuminate\Pipeline\{closure}()
#55 /www/wwwroot/jobportal.prus.dev/vendor/laravel/framework/src/Illuminate/Pipeline/Pipeline.php(208): App\Http\Middleware\SecurityHeaders-&gt;handle()
#56 /www/wwwroot/jobportal.prus.dev/vendor/laravel/framework/src/Illuminate/Foundation/Http/Middleware/TransformsRequest.php(21): Illuminate\Pipeline\Pipeline-&gt;Illuminate\Pipeline\{closure}()
#57 /www/wwwroot/jobportal.prus.dev/vendor/laravel/framework/src/Illuminate/Foundation/Http/Middleware/ConvertEmptyStringsToNull.php(31): Illuminate\Foundation\Http\Middleware\TransformsRequest-&gt;handle()
#58 /www/wwwroot/jobportal.prus.dev/vendor/laravel/framework/src/Illuminate/Pipeline/Pipeline.php(208): Illuminate\Foundation\Http\Middleware\ConvertEmptyStringsToNull-&gt;handle()
#59 /www/wwwroot/jobportal.prus.dev/vendor/laravel/framework/src/Illuminate/Foundation/Http/Middleware/TransformsRequest.php(21): Illuminate\Pipeline\Pipeline-&gt;Illuminate\Pipeline\{closure}()
#60 /www/wwwroot/jobportal.prus.dev/vendor/laravel/framework/src/Illuminate/Foundation/Http/Middleware/TrimStrings.php(51): Illuminate\Foundation\Http\Middleware\TransformsRequest-&gt;handle()
#61 /www/wwwroot/jobportal.prus.dev/vendor/laravel/framework/src/Illuminate/Pipeline/Pipeline.php(208): Illuminate\Foundation\Http\Middleware\TrimStrings-&gt;handle()
#62 /www/wwwroot/jobportal.prus.dev/vendor/laravel/framework/src/Illuminate/Http/Middleware/ValidatePostSize.php(27): Illuminate\Pipeline\Pipeline-&gt;Illuminate\Pipeline\{closure}()
#63 /www/wwwroot/jobportal.prus.dev/vendor/laravel/framework/src/Illuminate/Pipeline/Pipeline.php(208): Illuminate\Http\Middleware\ValidatePostSize-&gt;handle()
#64 /www/wwwroot/jobportal.prus.dev/vendor/laravel/framework/src/Illuminate/Foundation/Http/Middleware/PreventRequestsDuringMaintenance.php(109): Illuminate\Pipeline\Pipeline-&gt;Illuminate\Pipeline\{closure}()
#65 /www/wwwroot/jobportal.prus.dev/vendor/laravel/framework/src/Illuminate/Pipeline/Pipeline.php(208): Illuminate\Foundation\Http\Middleware\PreventRequestsDuringMaintenance-&gt;handle()
#66 /www/wwwroot/jobportal.prus.dev/vendor/laravel/framework/src/Illuminate/Http/Middleware/HandleCors.php(48): Illuminate\Pipeline\Pipeline-&gt;Illuminate\Pipeline\{closure}()
#67 /www/wwwroot/jobportal.prus.dev/vendor/laravel/framework/src/Illuminate/Pipeline/Pipeline.php(208): Illuminate\Http\Middleware\HandleCors-&gt;handle()
#68 /www/wwwroot/jobportal.prus.dev/vendor/laravel/framework/src/Illuminate/Http/Middleware/TrustProxies.php(58): Illuminate\Pipeline\Pipeline-&gt;Illuminate\Pipeline\{closure}()
#69 /www/wwwroot/jobportal.prus.dev/vendor/laravel/framework/src/Illuminate/Pipeline/Pipeline.php(208): Illuminate\Http\Middleware\TrustProxies-&gt;handle()
#70 /www/wwwroot/jobportal.prus.dev/vendor/laravel/framework/src/Illuminate/Pipeline/Pipeline.php(126): Illuminate\Pipeline\Pipeline-&gt;Illuminate\Pipeline\{closure}()
#71 /www/wwwroot/jobportal.prus.dev/vendor/laravel/framework/src/Illuminate/Foundation/Http/Kernel.php(175): Illuminate\Pipeline\Pipeline-&gt;then()
#72 /www/wwwroot/jobportal.prus.dev/vendor/laravel/framework/src/Illuminate/Foundation/Http/Kernel.php(144): Illuminate\Foundation\Http\Kernel-&gt;sendRequestThroughRouter()
#73 /www/wwwroot/jobportal.prus.dev/vendor/laravel/framework/src/Illuminate/Foundation/Testing/Concerns/MakesHttpRequests.php(607): Illuminate\Foundation\Http\Kernel-&gt;handle()
#74 /www/wwwroot/jobportal.prus.dev/vendor/laravel/framework/src/Illuminate/Foundation/Testing/Concerns/MakesHttpRequests.php(368): Illuminate\Foundation\Testing\TestCase-&gt;call()
#75 /www/wwwroot/jobportal.prus.dev/tests/Feature/RoutesTest.php(186): Illuminate\Foundation\Testing\TestCase-&gt;get()
#76 /www/wwwroot/jobportal.prus.dev/vendor/phpunit/phpunit/src/Framework/TestCase.php(1656): Tests\Feature\RoutesTest-&gt;test_routes_with_special_characters()
#77 /www/wwwroot/jobportal.prus.dev/vendor/phpunit/phpunit/src/Framework/TestCase.php(514): PHPUnit\Framework\TestCase-&gt;runTest()
#78 /www/wwwroot/jobportal.prus.dev/vendor/phpunit/phpunit/src/Framework/TestRunner/TestRunner.php(87): PHPUnit\Framework\TestCase-&gt;runBare()
#79 /www/wwwroot/jobportal.prus.dev/vendor/phpunit/phpunit/src/Framework/TestCase.php(361): PHPUnit\Framework\TestRunner-&gt;run()
#80 /www/wwwroot/jobportal.prus.dev/vendor/phpunit/phpunit/src/Framework/TestSuite.php(369): PHPUnit\Framework\TestCase-&gt;run()
#81 /www/wwwroot/jobportal.prus.dev/vendor/phpunit/phpunit/src/Framework/TestSuite.php(369): PHPUnit\Framework\TestSuite-&gt;run()
#82 /www/wwwroot/jobportal.prus.dev/vendor/phpunit/phpunit/src/Framework/TestSuite.php(369): PHPUnit\Framework\TestSuite-&gt;run()
#83 /www/wwwroot/jobportal.prus.dev/vendor/phpunit/phpunit/src/TextUI/TestRunner.php(64): PHPUnit\Framework\TestSuite-&gt;run()
#84 /www/wwwroot/jobportal.prus.dev/vendor/phpunit/phpunit/src/TextUI/Application.php(210): PHPUnit\TextUI\TestRunner-&gt;run()
#85 /www/wwwroot/jobportal.prus.dev/vendor/phpunit/phpunit/phpunit(104): PHPUnit\TextUI\Application-&gt;run()
#86 /www/wwwroot/jobportal.prus.dev/vendor/bin/phpunit(122): include('...')
#87 {main}

----------------------------------------------------------------------------------

Unable to locate a class or view for component [jobs.active-filters].

/www/wwwroot/jobportal.prus.dev/vendor/laravel/framework/src/Illuminate/Testing/TestResponseAssert.php:45
/www/wwwroot/jobportal.prus.dev/vendor/laravel/framework/src/Illuminate/Testing/TestResponse.php:174
/www/wwwroot/jobportal.prus.dev/tests/Feature/RoutesTest.php:187</failure>
        </testcase>
        <testcase name="test_routes_handle_empty_parameters" file="/www/wwwroot/jobportal.prus.dev/tests/Feature/RoutesTest.php" line="194" class="Tests\Feature\RoutesTest" classname="Tests.Feature.RoutesTest" assertions="1" time="0.684473">
          <failure type="PHPUnit\Framework\ExpectationFailedException">Tests\Feature\RoutesTest::test_routes_handle_empty_parameters
Expected response status code [200] but received 500.
Failed asserting that 500 is identical to 200.

The following exception occurred during the last request:

InvalidArgumentException: Unable to locate a class or view for component [jobs.active-filters]. in /www/wwwroot/jobportal.prus.dev/vendor/laravel/framework/src/Illuminate/View/Compilers/ComponentTagCompiler.php:315
Stack trace:
#0 /www/wwwroot/jobportal.prus.dev/vendor/laravel/framework/src/Illuminate/View/Compilers/ComponentTagCompiler.php(235): Illuminate\View\Compilers\ComponentTagCompiler-&gt;componentClass()
#1 /www/wwwroot/jobportal.prus.dev/vendor/laravel/framework/src/Illuminate/View/Compilers/ComponentTagCompiler.php(220): Illuminate\View\Compilers\ComponentTagCompiler-&gt;componentString()
#2 [internal function]: Illuminate\View\Compilers\ComponentTagCompiler-&gt;Illuminate\View\Compilers\{closure}()
#3 /www/wwwroot/jobportal.prus.dev/vendor/laravel/framework/src/Illuminate/View/Compilers/ComponentTagCompiler.php(215): preg_replace_callback()
#4 /www/wwwroot/jobportal.prus.dev/vendor/laravel/framework/src/Illuminate/View/Compilers/ComponentTagCompiler.php(89): Illuminate\View\Compilers\ComponentTagCompiler-&gt;compileSelfClosingTags()
#5 /www/wwwroot/jobportal.prus.dev/vendor/laravel/framework/src/Illuminate/View/Compilers/ComponentTagCompiler.php(76): Illuminate\View\Compilers\ComponentTagCompiler-&gt;compileTags()
#6 /www/wwwroot/jobportal.prus.dev/vendor/laravel/framework/src/Illuminate/View/Compilers/BladeCompiler.php(454): Illuminate\View\Compilers\ComponentTagCompiler-&gt;compile()
#7 /www/wwwroot/jobportal.prus.dev/vendor/laravel/framework/src/Illuminate/View/Compilers/BladeCompiler.php(286): Illuminate\View\Compilers\BladeCompiler-&gt;compileComponentTags()
#8 /www/wwwroot/jobportal.prus.dev/vendor/laravel/framework/src/Illuminate/View/Compilers/BladeCompiler.php(186): Illuminate\View\Compilers\BladeCompiler-&gt;compileString()
#9 /www/wwwroot/jobportal.prus.dev/vendor/laravel/framework/src/Illuminate/View/Engines/CompilerEngine.php(66): Illuminate\View\Compilers\BladeCompiler-&gt;compile()
#10 /www/wwwroot/jobportal.prus.dev/vendor/livewire/livewire/src/Mechanisms/ExtendBlade/ExtendedCompilerEngine.php(10): Illuminate\View\Engines\CompilerEngine-&gt;get()
#11 /www/wwwroot/jobportal.prus.dev/vendor/laravel/framework/src/Illuminate/View/View.php(208): Livewire\Mechanisms\ExtendBlade\ExtendedCompilerEngine-&gt;get()
#12 /www/wwwroot/jobportal.prus.dev/vendor/laravel/framework/src/Illuminate/View/View.php(191): Illuminate\View\View-&gt;getContents()
#13 /www/wwwroot/jobportal.prus.dev/vendor/laravel/framework/src/Illuminate/View/View.php(160): Illuminate\View\View-&gt;renderContents()
#14 /www/wwwroot/jobportal.prus.dev/vendor/laravel/framework/src/Illuminate/Http/Response.php(78): Illuminate\View\View-&gt;render()
#15 /www/wwwroot/jobportal.prus.dev/vendor/laravel/framework/src/Illuminate/Http/Response.php(34): Illuminate\Http\Response-&gt;setContent()
#16 /www/wwwroot/jobportal.prus.dev/vendor/laravel/framework/src/Illuminate/Routing/Router.php(924): Illuminate\Http\Response-&gt;__construct()
#17 /www/wwwroot/jobportal.prus.dev/vendor/laravel/framework/src/Illuminate/Routing/Router.php(891): Illuminate\Routing\Router::toResponse()
#18 /www/wwwroot/jobportal.prus.dev/vendor/laravel/framework/src/Illuminate/Routing/Router.php(807): Illuminate\Routing\Router-&gt;prepareResponse()
#19 /www/wwwroot/jobportal.prus.dev/vendor/laravel/framework/src/Illuminate/Pipeline/Pipeline.php(169): Illuminate\Routing\Router-&gt;Illuminate\Routing\{closure}()
#20 /www/wwwroot/jobportal.prus.dev/vendor/barryvdh/laravel-debugbar/src/Middleware/InjectDebugbar.php(59): Illuminate\Pipeline\Pipeline-&gt;Illuminate\Pipeline\{closure}()
#21 /www/wwwroot/jobportal.prus.dev/vendor/laravel/framework/src/Illuminate/Pipeline/Pipeline.php(208): Barryvdh\Debugbar\Middleware\InjectDebugbar-&gt;handle()
#22 /www/wwwroot/jobportal.prus.dev/app/Http/Middleware/LocaleMiddleware.php(54): Illuminate\Pipeline\Pipeline-&gt;Illuminate\Pipeline\{closure}()
#23 /www/wwwroot/jobportal.prus.dev/vendor/laravel/framework/src/Illuminate/Pipeline/Pipeline.php(208): App\Http\Middleware\LocaleMiddleware-&gt;handle()
#24 /www/wwwroot/jobportal.prus.dev/app/Http/Middleware/SetLocale.php(38): Illuminate\Pipeline\Pipeline-&gt;Illuminate\Pipeline\{closure}()
#25 /www/wwwroot/jobportal.prus.dev/vendor/laravel/framework/src/Illuminate/Pipeline/Pipeline.php(208): App\Http\Middleware\SetLocale-&gt;handle()
#26 /www/wwwroot/jobportal.prus.dev/app/Http/Middleware/LanguageMiddleware.php(47): Illuminate\Pipeline\Pipeline-&gt;Illuminate\Pipeline\{closure}()
#27 /www/wwwroot/jobportal.prus.dev/vendor/laravel/framework/src/Illuminate/Pipeline/Pipeline.php(208): App\Http\Middleware\LanguageMiddleware-&gt;handle()
#28 /www/wwwroot/jobportal.prus.dev/vendor/laravel/framework/src/Illuminate/Routing/Middleware/SubstituteBindings.php(50): Illuminate\Pipeline\Pipeline-&gt;Illuminate\Pipeline\{closure}()
#29 /www/wwwroot/jobportal.prus.dev/vendor/laravel/framework/src/Illuminate/Pipeline/Pipeline.php(208): Illuminate\Routing\Middleware\SubstituteBindings-&gt;handle()
#30 /www/wwwroot/jobportal.prus.dev/vendor/laravel/framework/src/Illuminate/Foundation/Http/Middleware/VerifyCsrfToken.php(87): Illuminate\Pipeline\Pipeline-&gt;Illuminate\Pipeline\{closure}()
#31 /www/wwwroot/jobportal.prus.dev/vendor/laravel/framework/src/Illuminate/Pipeline/Pipeline.php(208): Illuminate\Foundation\Http\Middleware\VerifyCsrfToken-&gt;handle()
#32 /www/wwwroot/jobportal.prus.dev/vendor/laravel/framework/src/Illuminate/View/Middleware/ShareErrorsFromSession.php(48): Illuminate\Pipeline\Pipeline-&gt;Illuminate\Pipeline\{closure}()
#33 /www/wwwroot/jobportal.prus.dev/vendor/laravel/framework/src/Illuminate/Pipeline/Pipeline.php(208): Illuminate\View\Middleware\ShareErrorsFromSession-&gt;handle()
#34 /www/wwwroot/jobportal.prus.dev/vendor/laravel/framework/src/Illuminate/Session/Middleware/StartSession.php(120): Illuminate\Pipeline\Pipeline-&gt;Illuminate\Pipeline\{closure}()
#35 /www/wwwroot/jobportal.prus.dev/vendor/laravel/framework/src/Illuminate/Session/Middleware/StartSession.php(63): Illuminate\Session\Middleware\StartSession-&gt;handleStatefulRequest()
#36 /www/wwwroot/jobportal.prus.dev/vendor/laravel/framework/src/Illuminate/Pipeline/Pipeline.php(208): Illuminate\Session\Middleware\StartSession-&gt;handle()
#37 /www/wwwroot/jobportal.prus.dev/vendor/laravel/framework/src/Illuminate/Cookie/Middleware/AddQueuedCookiesToResponse.php(36): Illuminate\Pipeline\Pipeline-&gt;Illuminate\Pipeline\{closure}()
#38 /www/wwwroot/jobportal.prus.dev/vendor/laravel/framework/src/Illuminate/Pipeline/Pipeline.php(208): Illuminate\Cookie\Middleware\AddQueuedCookiesToResponse-&gt;handle()
#39 /www/wwwroot/jobportal.prus.dev/vendor/laravel/framework/src/Illuminate/Cookie/Middleware/EncryptCookies.php(74): Illuminate\Pipeline\Pipeline-&gt;Illuminate\Pipeline\{closure}()
#40 /www/wwwroot/jobportal.prus.dev/vendor/laravel/framework/src/Illuminate/Pipeline/Pipeline.php(208): Illuminate\Cookie\Middleware\EncryptCookies-&gt;handle()
#41 /www/wwwroot/jobportal.prus.dev/vendor/laravel/framework/src/Illuminate/Pipeline/Pipeline.php(126): Illuminate\Pipeline\Pipeline-&gt;Illuminate\Pipeline\{closure}()
#42 /www/wwwroot/jobportal.prus.dev/vendor/laravel/framework/src/Illuminate/Routing/Router.php(807): Illuminate\Pipeline\Pipeline-&gt;then()
#43 /www/wwwroot/jobportal.prus.dev/vendor/laravel/framework/src/Illuminate/Routing/Router.php(786): Illuminate\Routing\Router-&gt;runRouteWithinStack()
#44 /www/wwwroot/jobportal.prus.dev/vendor/laravel/framework/src/Illuminate/Routing/Router.php(750): Illuminate\Routing\Router-&gt;runRoute()
#45 /www/wwwroot/jobportal.prus.dev/vendor/laravel/framework/src/Illuminate/Routing/Router.php(739): Illuminate\Routing\Router-&gt;dispatchToRoute()
#46 /www/wwwroot/jobportal.prus.dev/vendor/laravel/framework/src/Illuminate/Foundation/Http/Kernel.php(200): Illuminate\Routing\Router-&gt;dispatch()
#47 /www/wwwroot/jobportal.prus.dev/vendor/laravel/framework/src/Illuminate/Pipeline/Pipeline.php(169): Illuminate\Foundation\Http\Kernel-&gt;Illuminate\Foundation\Http\{closure}()
#48 /www/wwwroot/jobportal.prus.dev/vendor/livewire/livewire/src/Features/SupportDisablingBackButtonCache/DisableBackButtonCacheMiddleware.php(19): Illuminate\Pipeline\Pipeline-&gt;Illuminate\Pipeline\{closure}()
#49 /www/wwwroot/jobportal.prus.dev/vendor/laravel/framework/src/Illuminate/Pipeline/Pipeline.php(208): Livewire\Features\SupportDisablingBackButtonCache\DisableBackButtonCacheMiddleware-&gt;handle()
#50 /www/wwwroot/jobportal.prus.dev/vendor/barryvdh/laravel-debugbar/src/Middleware/InjectDebugbar.php(59): Illuminate\Pipeline\Pipeline-&gt;Illuminate\Pipeline\{closure}()
#51 /www/wwwroot/jobportal.prus.dev/vendor/laravel/framework/src/Illuminate/Pipeline/Pipeline.php(208): Barryvdh\Debugbar\Middleware\InjectDebugbar-&gt;handle()
#52 /www/wwwroot/jobportal.prus.dev/vendor/spatie/laravel-csp/src/AddCspHeaders.php(17): Illuminate\Pipeline\Pipeline-&gt;Illuminate\Pipeline\{closure}()
#53 /www/wwwroot/jobportal.prus.dev/vendor/laravel/framework/src/Illuminate/Pipeline/Pipeline.php(208): Spatie\Csp\AddCspHeaders-&gt;handle()
#54 /www/wwwroot/jobportal.prus.dev/app/Http/Middleware/SecurityHeaders.php(11): Illuminate\Pipeline\Pipeline-&gt;Illuminate\Pipeline\{closure}()
#55 /www/wwwroot/jobportal.prus.dev/vendor/laravel/framework/src/Illuminate/Pipeline/Pipeline.php(208): App\Http\Middleware\SecurityHeaders-&gt;handle()
#56 /www/wwwroot/jobportal.prus.dev/vendor/laravel/framework/src/Illuminate/Foundation/Http/Middleware/TransformsRequest.php(21): Illuminate\Pipeline\Pipeline-&gt;Illuminate\Pipeline\{closure}()
#57 /www/wwwroot/jobportal.prus.dev/vendor/laravel/framework/src/Illuminate/Foundation/Http/Middleware/ConvertEmptyStringsToNull.php(31): Illuminate\Foundation\Http\Middleware\TransformsRequest-&gt;handle()
#58 /www/wwwroot/jobportal.prus.dev/vendor/laravel/framework/src/Illuminate/Pipeline/Pipeline.php(208): Illuminate\Foundation\Http\Middleware\ConvertEmptyStringsToNull-&gt;handle()
#59 /www/wwwroot/jobportal.prus.dev/vendor/laravel/framework/src/Illuminate/Foundation/Http/Middleware/TransformsRequest.php(21): Illuminate\Pipeline\Pipeline-&gt;Illuminate\Pipeline\{closure}()
#60 /www/wwwroot/jobportal.prus.dev/vendor/laravel/framework/src/Illuminate/Foundation/Http/Middleware/TrimStrings.php(51): Illuminate\Foundation\Http\Middleware\TransformsRequest-&gt;handle()
#61 /www/wwwroot/jobportal.prus.dev/vendor/laravel/framework/src/Illuminate/Pipeline/Pipeline.php(208): Illuminate\Foundation\Http\Middleware\TrimStrings-&gt;handle()
#62 /www/wwwroot/jobportal.prus.dev/vendor/laravel/framework/src/Illuminate/Http/Middleware/ValidatePostSize.php(27): Illuminate\Pipeline\Pipeline-&gt;Illuminate\Pipeline\{closure}()
#63 /www/wwwroot/jobportal.prus.dev/vendor/laravel/framework/src/Illuminate/Pipeline/Pipeline.php(208): Illuminate\Http\Middleware\ValidatePostSize-&gt;handle()
#64 /www/wwwroot/jobportal.prus.dev/vendor/laravel/framework/src/Illuminate/Foundation/Http/Middleware/PreventRequestsDuringMaintenance.php(109): Illuminate\Pipeline\Pipeline-&gt;Illuminate\Pipeline\{closure}()
#65 /www/wwwroot/jobportal.prus.dev/vendor/laravel/framework/src/Illuminate/Pipeline/Pipeline.php(208): Illuminate\Foundation\Http\Middleware\PreventRequestsDuringMaintenance-&gt;handle()
#66 /www/wwwroot/jobportal.prus.dev/vendor/laravel/framework/src/Illuminate/Http/Middleware/HandleCors.php(48): Illuminate\Pipeline\Pipeline-&gt;Illuminate\Pipeline\{closure}()
#67 /www/wwwroot/jobportal.prus.dev/vendor/laravel/framework/src/Illuminate/Pipeline/Pipeline.php(208): Illuminate\Http\Middleware\HandleCors-&gt;handle()
#68 /www/wwwroot/jobportal.prus.dev/vendor/laravel/framework/src/Illuminate/Http/Middleware/TrustProxies.php(58): Illuminate\Pipeline\Pipeline-&gt;Illuminate\Pipeline\{closure}()
#69 /www/wwwroot/jobportal.prus.dev/vendor/laravel/framework/src/Illuminate/Pipeline/Pipeline.php(208): Illuminate\Http\Middleware\TrustProxies-&gt;handle()
#70 /www/wwwroot/jobportal.prus.dev/vendor/laravel/framework/src/Illuminate/Pipeline/Pipeline.php(126): Illuminate\Pipeline\Pipeline-&gt;Illuminate\Pipeline\{closure}()
#71 /www/wwwroot/jobportal.prus.dev/vendor/laravel/framework/src/Illuminate/Foundation/Http/Kernel.php(175): Illuminate\Pipeline\Pipeline-&gt;then()
#72 /www/wwwroot/jobportal.prus.dev/vendor/laravel/framework/src/Illuminate/Foundation/Http/Kernel.php(144): Illuminate\Foundation\Http\Kernel-&gt;sendRequestThroughRouter()
#73 /www/wwwroot/jobportal.prus.dev/vendor/laravel/framework/src/Illuminate/Foundation/Testing/Concerns/MakesHttpRequests.php(607): Illuminate\Foundation\Http\Kernel-&gt;handle()
#74 /www/wwwroot/jobportal.prus.dev/vendor/laravel/framework/src/Illuminate/Foundation/Testing/Concerns/MakesHttpRequests.php(368): Illuminate\Foundation\Testing\TestCase-&gt;call()
#75 /www/wwwroot/jobportal.prus.dev/tests/Feature/RoutesTest.php(204): Illuminate\Foundation\Testing\TestCase-&gt;get()
#76 /www/wwwroot/jobportal.prus.dev/vendor/phpunit/phpunit/src/Framework/TestCase.php(1656): Tests\Feature\RoutesTest-&gt;test_routes_handle_empty_parameters()
#77 /www/wwwroot/jobportal.prus.dev/vendor/phpunit/phpunit/src/Framework/TestCase.php(514): PHPUnit\Framework\TestCase-&gt;runTest()
#78 /www/wwwroot/jobportal.prus.dev/vendor/phpunit/phpunit/src/Framework/TestRunner/TestRunner.php(87): PHPUnit\Framework\TestCase-&gt;runBare()
#79 /www/wwwroot/jobportal.prus.dev/vendor/phpunit/phpunit/src/Framework/TestCase.php(361): PHPUnit\Framework\TestRunner-&gt;run()
#80 /www/wwwroot/jobportal.prus.dev/vendor/phpunit/phpunit/src/Framework/TestSuite.php(369): PHPUnit\Framework\TestCase-&gt;run()
#81 /www/wwwroot/jobportal.prus.dev/vendor/phpunit/phpunit/src/Framework/TestSuite.php(369): PHPUnit\Framework\TestSuite-&gt;run()
#82 /www/wwwroot/jobportal.prus.dev/vendor/phpunit/phpunit/src/Framework/TestSuite.php(369): PHPUnit\Framework\TestSuite-&gt;run()
#83 /www/wwwroot/jobportal.prus.dev/vendor/phpunit/phpunit/src/TextUI/TestRunner.php(64): PHPUnit\Framework\TestSuite-&gt;run()
#84 /www/wwwroot/jobportal.prus.dev/vendor/phpunit/phpunit/src/TextUI/Application.php(210): PHPUnit\TextUI\TestRunner-&gt;run()
#85 /www/wwwroot/jobportal.prus.dev/vendor/phpunit/phpunit/phpunit(104): PHPUnit\TextUI\Application-&gt;run()
#86 /www/wwwroot/jobportal.prus.dev/vendor/bin/phpunit(122): include('...')
#87 {main}

----------------------------------------------------------------------------------

Unable to locate a class or view for component [jobs.active-filters].

/www/wwwroot/jobportal.prus.dev/vendor/laravel/framework/src/Illuminate/Testing/TestResponseAssert.php:45
/www/wwwroot/jobportal.prus.dev/vendor/laravel/framework/src/Illuminate/Testing/TestResponse.php:174
/www/wwwroot/jobportal.prus.dev/tests/Feature/RoutesTest.php:205</failure>
        </testcase>
        <testcase name="test_routes_handle_concurrent_requests" file="/www/wwwroot/jobportal.prus.dev/tests/Feature/RoutesTest.php" line="212" class="Tests\Feature\RoutesTest" classname="Tests.Feature.RoutesTest" assertions="6" time="0.746530">
          <failure type="PHPUnit\Framework\ExpectationFailedException">Tests\Feature\RoutesTest::test_routes_handle_concurrent_requests
Expected response status code [200] but received 500.
Failed asserting that 500 is identical to 200.

The following exception occurred during the last request:

InvalidArgumentException: Unable to locate a class or view for component [jobs.active-filters]. in /www/wwwroot/jobportal.prus.dev/vendor/laravel/framework/src/Illuminate/View/Compilers/ComponentTagCompiler.php:315
Stack trace:
#0 /www/wwwroot/jobportal.prus.dev/vendor/laravel/framework/src/Illuminate/View/Compilers/ComponentTagCompiler.php(235): Illuminate\View\Compilers\ComponentTagCompiler-&gt;componentClass()
#1 /www/wwwroot/jobportal.prus.dev/vendor/laravel/framework/src/Illuminate/View/Compilers/ComponentTagCompiler.php(220): Illuminate\View\Compilers\ComponentTagCompiler-&gt;componentString()
#2 [internal function]: Illuminate\View\Compilers\ComponentTagCompiler-&gt;Illuminate\View\Compilers\{closure}()
#3 /www/wwwroot/jobportal.prus.dev/vendor/laravel/framework/src/Illuminate/View/Compilers/ComponentTagCompiler.php(215): preg_replace_callback()
#4 /www/wwwroot/jobportal.prus.dev/vendor/laravel/framework/src/Illuminate/View/Compilers/ComponentTagCompiler.php(89): Illuminate\View\Compilers\ComponentTagCompiler-&gt;compileSelfClosingTags()
#5 /www/wwwroot/jobportal.prus.dev/vendor/laravel/framework/src/Illuminate/View/Compilers/ComponentTagCompiler.php(76): Illuminate\View\Compilers\ComponentTagCompiler-&gt;compileTags()
#6 /www/wwwroot/jobportal.prus.dev/vendor/laravel/framework/src/Illuminate/View/Compilers/BladeCompiler.php(454): Illuminate\View\Compilers\ComponentTagCompiler-&gt;compile()
#7 /www/wwwroot/jobportal.prus.dev/vendor/laravel/framework/src/Illuminate/View/Compilers/BladeCompiler.php(286): Illuminate\View\Compilers\BladeCompiler-&gt;compileComponentTags()
#8 /www/wwwroot/jobportal.prus.dev/vendor/laravel/framework/src/Illuminate/View/Compilers/BladeCompiler.php(186): Illuminate\View\Compilers\BladeCompiler-&gt;compileString()
#9 /www/wwwroot/jobportal.prus.dev/vendor/laravel/framework/src/Illuminate/View/Engines/CompilerEngine.php(66): Illuminate\View\Compilers\BladeCompiler-&gt;compile()
#10 /www/wwwroot/jobportal.prus.dev/vendor/livewire/livewire/src/Mechanisms/ExtendBlade/ExtendedCompilerEngine.php(10): Illuminate\View\Engines\CompilerEngine-&gt;get()
#11 /www/wwwroot/jobportal.prus.dev/vendor/laravel/framework/src/Illuminate/View/View.php(208): Livewire\Mechanisms\ExtendBlade\ExtendedCompilerEngine-&gt;get()
#12 /www/wwwroot/jobportal.prus.dev/vendor/laravel/framework/src/Illuminate/View/View.php(191): Illuminate\View\View-&gt;getContents()
#13 /www/wwwroot/jobportal.prus.dev/vendor/laravel/framework/src/Illuminate/View/View.php(160): Illuminate\View\View-&gt;renderContents()
#14 /www/wwwroot/jobportal.prus.dev/vendor/laravel/framework/src/Illuminate/Http/Response.php(78): Illuminate\View\View-&gt;render()
#15 /www/wwwroot/jobportal.prus.dev/vendor/laravel/framework/src/Illuminate/Http/Response.php(34): Illuminate\Http\Response-&gt;setContent()
#16 /www/wwwroot/jobportal.prus.dev/vendor/laravel/framework/src/Illuminate/Routing/Router.php(924): Illuminate\Http\Response-&gt;__construct()
#17 /www/wwwroot/jobportal.prus.dev/vendor/laravel/framework/src/Illuminate/Routing/Router.php(891): Illuminate\Routing\Router::toResponse()
#18 /www/wwwroot/jobportal.prus.dev/vendor/laravel/framework/src/Illuminate/Routing/Router.php(807): Illuminate\Routing\Router-&gt;prepareResponse()
#19 /www/wwwroot/jobportal.prus.dev/vendor/laravel/framework/src/Illuminate/Pipeline/Pipeline.php(169): Illuminate\Routing\Router-&gt;Illuminate\Routing\{closure}()
#20 /www/wwwroot/jobportal.prus.dev/vendor/barryvdh/laravel-debugbar/src/Middleware/InjectDebugbar.php(59): Illuminate\Pipeline\Pipeline-&gt;Illuminate\Pipeline\{closure}()
#21 /www/wwwroot/jobportal.prus.dev/vendor/laravel/framework/src/Illuminate/Pipeline/Pipeline.php(208): Barryvdh\Debugbar\Middleware\InjectDebugbar-&gt;handle()
#22 /www/wwwroot/jobportal.prus.dev/app/Http/Middleware/LocaleMiddleware.php(54): Illuminate\Pipeline\Pipeline-&gt;Illuminate\Pipeline\{closure}()
#23 /www/wwwroot/jobportal.prus.dev/vendor/laravel/framework/src/Illuminate/Pipeline/Pipeline.php(208): App\Http\Middleware\LocaleMiddleware-&gt;handle()
#24 /www/wwwroot/jobportal.prus.dev/app/Http/Middleware/SetLocale.php(38): Illuminate\Pipeline\Pipeline-&gt;Illuminate\Pipeline\{closure}()
#25 /www/wwwroot/jobportal.prus.dev/vendor/laravel/framework/src/Illuminate/Pipeline/Pipeline.php(208): App\Http\Middleware\SetLocale-&gt;handle()
#26 /www/wwwroot/jobportal.prus.dev/app/Http/Middleware/LanguageMiddleware.php(47): Illuminate\Pipeline\Pipeline-&gt;Illuminate\Pipeline\{closure}()
#27 /www/wwwroot/jobportal.prus.dev/vendor/laravel/framework/src/Illuminate/Pipeline/Pipeline.php(208): App\Http\Middleware\LanguageMiddleware-&gt;handle()
#28 /www/wwwroot/jobportal.prus.dev/vendor/laravel/framework/src/Illuminate/Routing/Middleware/SubstituteBindings.php(50): Illuminate\Pipeline\Pipeline-&gt;Illuminate\Pipeline\{closure}()
#29 /www/wwwroot/jobportal.prus.dev/vendor/laravel/framework/src/Illuminate/Pipeline/Pipeline.php(208): Illuminate\Routing\Middleware\SubstituteBindings-&gt;handle()
#30 /www/wwwroot/jobportal.prus.dev/vendor/laravel/framework/src/Illuminate/Foundation/Http/Middleware/VerifyCsrfToken.php(87): Illuminate\Pipeline\Pipeline-&gt;Illuminate\Pipeline\{closure}()
#31 /www/wwwroot/jobportal.prus.dev/vendor/laravel/framework/src/Illuminate/Pipeline/Pipeline.php(208): Illuminate\Foundation\Http\Middleware\VerifyCsrfToken-&gt;handle()
#32 /www/wwwroot/jobportal.prus.dev/vendor/laravel/framework/src/Illuminate/View/Middleware/ShareErrorsFromSession.php(48): Illuminate\Pipeline\Pipeline-&gt;Illuminate\Pipeline\{closure}()
#33 /www/wwwroot/jobportal.prus.dev/vendor/laravel/framework/src/Illuminate/Pipeline/Pipeline.php(208): Illuminate\View\Middleware\ShareErrorsFromSession-&gt;handle()
#34 /www/wwwroot/jobportal.prus.dev/vendor/laravel/framework/src/Illuminate/Session/Middleware/StartSession.php(120): Illuminate\Pipeline\Pipeline-&gt;Illuminate\Pipeline\{closure}()
#35 /www/wwwroot/jobportal.prus.dev/vendor/laravel/framework/src/Illuminate/Session/Middleware/StartSession.php(63): Illuminate\Session\Middleware\StartSession-&gt;handleStatefulRequest()
#36 /www/wwwroot/jobportal.prus.dev/vendor/laravel/framework/src/Illuminate/Pipeline/Pipeline.php(208): Illuminate\Session\Middleware\StartSession-&gt;handle()
#37 /www/wwwroot/jobportal.prus.dev/vendor/laravel/framework/src/Illuminate/Cookie/Middleware/AddQueuedCookiesToResponse.php(36): Illuminate\Pipeline\Pipeline-&gt;Illuminate\Pipeline\{closure}()
#38 /www/wwwroot/jobportal.prus.dev/vendor/laravel/framework/src/Illuminate/Pipeline/Pipeline.php(208): Illuminate\Cookie\Middleware\AddQueuedCookiesToResponse-&gt;handle()
#39 /www/wwwroot/jobportal.prus.dev/vendor/laravel/framework/src/Illuminate/Cookie/Middleware/EncryptCookies.php(74): Illuminate\Pipeline\Pipeline-&gt;Illuminate\Pipeline\{closure}()
#40 /www/wwwroot/jobportal.prus.dev/vendor/laravel/framework/src/Illuminate/Pipeline/Pipeline.php(208): Illuminate\Cookie\Middleware\EncryptCookies-&gt;handle()
#41 /www/wwwroot/jobportal.prus.dev/vendor/laravel/framework/src/Illuminate/Pipeline/Pipeline.php(126): Illuminate\Pipeline\Pipeline-&gt;Illuminate\Pipeline\{closure}()
#42 /www/wwwroot/jobportal.prus.dev/vendor/laravel/framework/src/Illuminate/Routing/Router.php(807): Illuminate\Pipeline\Pipeline-&gt;then()
#43 /www/wwwroot/jobportal.prus.dev/vendor/laravel/framework/src/Illuminate/Routing/Router.php(786): Illuminate\Routing\Router-&gt;runRouteWithinStack()
#44 /www/wwwroot/jobportal.prus.dev/vendor/laravel/framework/src/Illuminate/Routing/Router.php(750): Illuminate\Routing\Router-&gt;runRoute()
#45 /www/wwwroot/jobportal.prus.dev/vendor/laravel/framework/src/Illuminate/Routing/Router.php(739): Illuminate\Routing\Router-&gt;dispatchToRoute()
#46 /www/wwwroot/jobportal.prus.dev/vendor/laravel/framework/src/Illuminate/Foundation/Http/Kernel.php(200): Illuminate\Routing\Router-&gt;dispatch()
#47 /www/wwwroot/jobportal.prus.dev/vendor/laravel/framework/src/Illuminate/Pipeline/Pipeline.php(169): Illuminate\Foundation\Http\Kernel-&gt;Illuminate\Foundation\Http\{closure}()
#48 /www/wwwroot/jobportal.prus.dev/vendor/livewire/livewire/src/Features/SupportDisablingBackButtonCache/DisableBackButtonCacheMiddleware.php(19): Illuminate\Pipeline\Pipeline-&gt;Illuminate\Pipeline\{closure}()
#49 /www/wwwroot/jobportal.prus.dev/vendor/laravel/framework/src/Illuminate/Pipeline/Pipeline.php(208): Livewire\Features\SupportDisablingBackButtonCache\DisableBackButtonCacheMiddleware-&gt;handle()
#50 /www/wwwroot/jobportal.prus.dev/vendor/barryvdh/laravel-debugbar/src/Middleware/InjectDebugbar.php(59): Illuminate\Pipeline\Pipeline-&gt;Illuminate\Pipeline\{closure}()
#51 /www/wwwroot/jobportal.prus.dev/vendor/laravel/framework/src/Illuminate/Pipeline/Pipeline.php(208): Barryvdh\Debugbar\Middleware\InjectDebugbar-&gt;handle()
#52 /www/wwwroot/jobportal.prus.dev/vendor/spatie/laravel-csp/src/AddCspHeaders.php(17): Illuminate\Pipeline\Pipeline-&gt;Illuminate\Pipeline\{closure}()
#53 /www/wwwroot/jobportal.prus.dev/vendor/laravel/framework/src/Illuminate/Pipeline/Pipeline.php(208): Spatie\Csp\AddCspHeaders-&gt;handle()
#54 /www/wwwroot/jobportal.prus.dev/app/Http/Middleware/SecurityHeaders.php(11): Illuminate\Pipeline\Pipeline-&gt;Illuminate\Pipeline\{closure}()
#55 /www/wwwroot/jobportal.prus.dev/vendor/laravel/framework/src/Illuminate/Pipeline/Pipeline.php(208): App\Http\Middleware\SecurityHeaders-&gt;handle()
#56 /www/wwwroot/jobportal.prus.dev/vendor/laravel/framework/src/Illuminate/Foundation/Http/Middleware/TransformsRequest.php(21): Illuminate\Pipeline\Pipeline-&gt;Illuminate\Pipeline\{closure}()
#57 /www/wwwroot/jobportal.prus.dev/vendor/laravel/framework/src/Illuminate/Foundation/Http/Middleware/ConvertEmptyStringsToNull.php(31): Illuminate\Foundation\Http\Middleware\TransformsRequest-&gt;handle()
#58 /www/wwwroot/jobportal.prus.dev/vendor/laravel/framework/src/Illuminate/Pipeline/Pipeline.php(208): Illuminate\Foundation\Http\Middleware\ConvertEmptyStringsToNull-&gt;handle()
#59 /www/wwwroot/jobportal.prus.dev/vendor/laravel/framework/src/Illuminate/Foundation/Http/Middleware/TransformsRequest.php(21): Illuminate\Pipeline\Pipeline-&gt;Illuminate\Pipeline\{closure}()
#60 /www/wwwroot/jobportal.prus.dev/vendor/laravel/framework/src/Illuminate/Foundation/Http/Middleware/TrimStrings.php(51): Illuminate\Foundation\Http\Middleware\TransformsRequest-&gt;handle()
#61 /www/wwwroot/jobportal.prus.dev/vendor/laravel/framework/src/Illuminate/Pipeline/Pipeline.php(208): Illuminate\Foundation\Http\Middleware\TrimStrings-&gt;handle()
#62 /www/wwwroot/jobportal.prus.dev/vendor/laravel/framework/src/Illuminate/Http/Middleware/ValidatePostSize.php(27): Illuminate\Pipeline\Pipeline-&gt;Illuminate\Pipeline\{closure}()
#63 /www/wwwroot/jobportal.prus.dev/vendor/laravel/framework/src/Illuminate/Pipeline/Pipeline.php(208): Illuminate\Http\Middleware\ValidatePostSize-&gt;handle()
#64 /www/wwwroot/jobportal.prus.dev/vendor/laravel/framework/src/Illuminate/Foundation/Http/Middleware/PreventRequestsDuringMaintenance.php(109): Illuminate\Pipeline\Pipeline-&gt;Illuminate\Pipeline\{closure}()
#65 /www/wwwroot/jobportal.prus.dev/vendor/laravel/framework/src/Illuminate/Pipeline/Pipeline.php(208): Illuminate\Foundation\Http\Middleware\PreventRequestsDuringMaintenance-&gt;handle()
#66 /www/wwwroot/jobportal.prus.dev/vendor/laravel/framework/src/Illuminate/Http/Middleware/HandleCors.php(48): Illuminate\Pipeline\Pipeline-&gt;Illuminate\Pipeline\{closure}()
#67 /www/wwwroot/jobportal.prus.dev/vendor/laravel/framework/src/Illuminate/Pipeline/Pipeline.php(208): Illuminate\Http\Middleware\HandleCors-&gt;handle()
#68 /www/wwwroot/jobportal.prus.dev/vendor/laravel/framework/src/Illuminate/Http/Middleware/TrustProxies.php(58): Illuminate\Pipeline\Pipeline-&gt;Illuminate\Pipeline\{closure}()
#69 /www/wwwroot/jobportal.prus.dev/vendor/laravel/framework/src/Illuminate/Pipeline/Pipeline.php(208): Illuminate\Http\Middleware\TrustProxies-&gt;handle()
#70 /www/wwwroot/jobportal.prus.dev/vendor/laravel/framework/src/Illuminate/Pipeline/Pipeline.php(126): Illuminate\Pipeline\Pipeline-&gt;Illuminate\Pipeline\{closure}()
#71 /www/wwwroot/jobportal.prus.dev/vendor/laravel/framework/src/Illuminate/Foundation/Http/Kernel.php(175): Illuminate\Pipeline\Pipeline-&gt;then()
#72 /www/wwwroot/jobportal.prus.dev/vendor/laravel/framework/src/Illuminate/Foundation/Http/Kernel.php(144): Illuminate\Foundation\Http\Kernel-&gt;sendRequestThroughRouter()
#73 /www/wwwroot/jobportal.prus.dev/vendor/laravel/framework/src/Illuminate/Foundation/Testing/Concerns/MakesHttpRequests.php(607): Illuminate\Foundation\Http\Kernel-&gt;handle()
#74 /www/wwwroot/jobportal.prus.dev/vendor/laravel/framework/src/Illuminate/Foundation/Testing/Concerns/MakesHttpRequests.php(368): Illuminate\Foundation\Testing\TestCase-&gt;call()
#75 /www/wwwroot/jobportal.prus.dev/tests/Feature/RoutesTest.php(219): Illuminate\Foundation\Testing\TestCase-&gt;get()
#76 /www/wwwroot/jobportal.prus.dev/vendor/phpunit/phpunit/src/Framework/TestCase.php(1656): Tests\Feature\RoutesTest-&gt;test_routes_handle_concurrent_requests()
#77 /www/wwwroot/jobportal.prus.dev/vendor/phpunit/phpunit/src/Framework/TestCase.php(514): PHPUnit\Framework\TestCase-&gt;runTest()
#78 /www/wwwroot/jobportal.prus.dev/vendor/phpunit/phpunit/src/Framework/TestRunner/TestRunner.php(87): PHPUnit\Framework\TestCase-&gt;runBare()
#79 /www/wwwroot/jobportal.prus.dev/vendor/phpunit/phpunit/src/Framework/TestCase.php(361): PHPUnit\Framework\TestRunner-&gt;run()
#80 /www/wwwroot/jobportal.prus.dev/vendor/phpunit/phpunit/src/Framework/TestSuite.php(369): PHPUnit\Framework\TestCase-&gt;run()
#81 /www/wwwroot/jobportal.prus.dev/vendor/phpunit/phpunit/src/Framework/TestSuite.php(369): PHPUnit\Framework\TestSuite-&gt;run()
#82 /www/wwwroot/jobportal.prus.dev/vendor/phpunit/phpunit/src/Framework/TestSuite.php(369): PHPUnit\Framework\TestSuite-&gt;run()
#83 /www/wwwroot/jobportal.prus.dev/vendor/phpunit/phpunit/src/TextUI/TestRunner.php(64): PHPUnit\Framework\TestSuite-&gt;run()
#84 /www/wwwroot/jobportal.prus.dev/vendor/phpunit/phpunit/src/TextUI/Application.php(210): PHPUnit\TextUI\TestRunner-&gt;run()
#85 /www/wwwroot/jobportal.prus.dev/vendor/phpunit/phpunit/phpunit(104): PHPUnit\TextUI\Application-&gt;run()
#86 /www/wwwroot/jobportal.prus.dev/vendor/bin/phpunit(122): include('...')
#87 {main}

----------------------------------------------------------------------------------

Unable to locate a class or view for component [jobs.active-filters].

/www/wwwroot/jobportal.prus.dev/vendor/laravel/framework/src/Illuminate/Testing/TestResponseAssert.php:45
/www/wwwroot/jobportal.prus.dev/vendor/laravel/framework/src/Illuminate/Testing/TestResponse.php:174
/www/wwwroot/jobportal.prus.dev/tests/Feature/RoutesTest.php:220</failure>
        </testcase>
        <testcase name="test_routes_with_malformed_parameters" file="/www/wwwroot/jobportal.prus.dev/tests/Feature/RoutesTest.php" line="228" class="Tests\Feature\RoutesTest" classname="Tests.Feature.RoutesTest" assertions="1" time="0.674745">
          <failure type="PHPUnit\Framework\ExpectationFailedException">Tests\Feature\RoutesTest::test_routes_with_malformed_parameters
Failed asserting that 500 is not equal to 500.

/www/wwwroot/jobportal.prus.dev/tests/Feature/RoutesTest.php:239</failure>
        </testcase>
        <testcase name="test_route_caching_compatibility" file="/www/wwwroot/jobportal.prus.dev/tests/Feature/RoutesTest.php" line="246" class="Tests\Feature\RoutesTest" classname="Tests.Feature.RoutesTest" assertions="2" time="0.481569">
          <failure type="PHPUnit\Framework\ExpectationFailedException">Tests\Feature\RoutesTest::test_route_caching_compatibility
Failed asserting that '&lt;!DOCTYPE html&gt;\n
&lt;html lang="en"&gt;\n
&lt;head&gt;\n
    &lt;meta charset="utf-8"&gt;\n
    &lt;meta name="viewport" content="width=device-width, initial-scale=1"&gt;\n
    &lt;meta name="csrf-token" content="HRHq34n1SPIE41YJSO1IkeZvTs3P7wUFj1xblwAi"&gt;\n
    &lt;title&gt;JobPortal - Home&lt;/title&gt;\n
    \n
    &lt;link rel="preload" as="style" href="https://jobportal.prus.dev/build/assets/app-DDhGWgft.css" /&gt;&lt;link rel="modulepreload" href="https://jobportal.prus.dev/build/assets/app-DCoCvc3a.js" /&gt;&lt;link rel="stylesheet" href="https://jobportal.prus.dev/build/assets/app-DDhGWgft.css" data-navigate-track="reload" /&gt;&lt;script type="module" src="https://jobportal.prus.dev/build/assets/app-DCoCvc3a.js" data-navigate-track="reload"&gt;&lt;/script&gt;&lt;/head&gt;\n
&lt;body class="bg-gray-50 font-sans antialiased"&gt;\n
    &lt;div class="min-h-screen"&gt;\n
        &lt;!-- Simple Header --&gt;\n
        &lt;header class="bg-white shadow"&gt;\n
            &lt;div class="max-w-7xl mx-auto px-4 sm:px-6 lg:px-8"&gt;\n
                &lt;div class="flex justify-between h-16"&gt;\n
                    &lt;div class="flex items-center"&gt;\n
                        &lt;h1 class="text-xl font-bold text-gray-900"&gt;JobPortal&lt;/h1&gt;\n
                    &lt;/div&gt;\n
                    &lt;div class="flex items-center space-x-4"&gt;\n
                        &lt;a href="https://jobportal.prus.dev/jobs" class="text-gray-700 hover:text-blue-600"&gt;Jobs&lt;/a&gt;\n
                        &lt;a href="https://jobportal.prus.dev/companies" class="text-gray-700 hover:text-blue-600"&gt;Companies&lt;/a&gt;\n
                        &lt;a href="https://jobportal.prus.dev/contact" class="text-gray-700 hover:text-blue-600"&gt;Contact&lt;/a&gt;\n
                    &lt;/div&gt;\n
                &lt;/div&gt;\n
            &lt;/div&gt;\n
        &lt;/header&gt;\n
\n
        &lt;!-- Main Content --&gt;\n
        &lt;main&gt;\n
            &lt;div class="max-w-7xl mx-auto py-12 px-4 sm:px-6 lg:px-8"&gt;\n
                &lt;div class="text-center"&gt;\n
                    &lt;h1 class="text-4xl font-bold text-gray-900 sm:text-6xl"&gt;\n
                        Welcome to Job Portal\n
                    &lt;/h1&gt;\n
                    &lt;p class="mt-6 text-lg leading-8 text-gray-600"&gt;\n
                        Your gateway to career opportunities. Find the perfect job or discover talented candidates.\n
                    &lt;/p&gt;\n
                    &lt;div class="mt-10 flex items-center justify-center gap-x-6"&gt;\n
                        &lt;a href="https://jobportal.prus.dev/jobs" \n
                           class="rounded-md bg-blue-600 px-3.5 py-2.5 text-sm font-semibold text-white shadow-sm hover:bg-blue-500 focus-visible:outline focus-visible:outline-2 focus-visible:outline-offset-2 focus-visible:outline-blue-600"&gt;\n
                            Browse Jobs\n
                        &lt;/a&gt;\n
                        &lt;a href="https://jobportal.prus.dev/companies" \n
                           class="text-sm font-semibold leading-6 text-gray-900"&gt;\n
                            View Companies &lt;span aria-hidden="true"&gt;→&lt;/span&gt;\n
                        &lt;/a&gt;\n
                    &lt;/div&gt;\n
                &lt;/div&gt;\n
\n
                &lt;!-- Stats Section --&gt;\n
                &lt;div class="mt-16"&gt;\n
                    &lt;div class="mx-auto max-w-7xl"&gt;\n
                        &lt;div class="grid grid-cols-1 gap-x-8 gap-y-16 text-center lg:grid-cols-3"&gt;\n
                            &lt;div class="mx-auto flex max-w-xs flex-col gap-y-4"&gt;\n
                                &lt;dt class="text-base leading-7 text-gray-600"&gt;Jobs Available&lt;/dt&gt;\n
                                &lt;dd class="order-first text-3xl font-semibold tracking-tight text-gray-900 sm:text-5xl"&gt;1,000+&lt;/dd&gt;\n
                            &lt;/div&gt;\n
                            &lt;div class="mx-auto flex max-w-xs flex-col gap-y-4"&gt;\n
                                &lt;dt class="text-base leading-7 text-gray-600"&gt;Companies&lt;/dt&gt;\n
                                &lt;dd class="order-first text-3xl font-semibold tracking-tight text-gray-900 sm:text-5xl"&gt;500+&lt;/dd&gt;\n
                            &lt;/div&gt;\n
                            &lt;div class="mx-auto flex max-w-xs flex-col gap-y-4"&gt;\n
                                &lt;dt class="text-base leading-7 text-gray-600"&gt;Success Stories&lt;/dt&gt;\n
                                &lt;dd class="order-first text-3xl font-semibold tracking-tight text-gray-900 sm:text-5xl"&gt;10,000+&lt;/dd&gt;\n
                            &lt;/div&gt;\n
                        &lt;/div&gt;\n
                    &lt;/div&gt;\n
                &lt;/div&gt;\n
            &lt;/div&gt;\n
        &lt;/main&gt;\n
\n
        &lt;!-- Simple Footer --&gt;\n
        &lt;footer class="bg-gray-900"&gt;\n
            &lt;div class="max-w-7xl mx-auto py-12 px-4 sm:px-6 lg:px-8"&gt;\n
                &lt;div class="text-center"&gt;\n
                    &lt;p class="text-base text-gray-400"&gt;&amp;copy; 2025 JobPortal. All rights reserved&lt;/p&gt;\n
                &lt;/div&gt;\n
            &lt;/div&gt;\n
        &lt;/footer&gt;\n
&lt;/div&gt;\n
&lt;/body&gt;\n
&lt;/html&gt;' [UTF-8](length: 4683) contains "Find Your Dream Job Today" [ASCII](length: 25).

/www/wwwroot/jobportal.prus.dev/vendor/laravel/framework/src/Illuminate/Testing/TestResponseAssert.php:45
/www/wwwroot/jobportal.prus.dev/vendor/laravel/framework/src/Illuminate/Testing/TestResponse.php:655
/www/wwwroot/jobportal.prus.dev/tests/Feature/RoutesTest.php:254</failure>
        </testcase>
      </testsuite>
      <testsuite name="Tests\Feature\SecurityEnhancementsTest" file="/www/wwwroot/jobportal.prus.dev/tests/Feature/SecurityEnhancementsTest.php" tests="19" assertions="20" errors="9" failures="1" skipped="1" time="10.126805">
        <testcase name="test_security_headers_are_present" file="/www/wwwroot/jobportal.prus.dev/tests/Feature/SecurityEnhancementsTest.php" line="50" class="Tests\Feature\SecurityEnhancementsTest" classname="Tests.Feature.SecurityEnhancementsTest" assertions="8" time="0.487999"/>
        <testcase name="test_login_rate_limiting_works" file="/www/wwwroot/jobportal.prus.dev/tests/Feature/SecurityEnhancementsTest.php" line="61" class="Tests\Feature\SecurityEnhancementsTest" classname="Tests.Feature.SecurityEnhancementsTest" assertions="0" time="0.462039">
          <error type="Error">Tests\Feature\SecurityEnhancementsTest::test_login_rate_limiting_works
Error: Class "App\Models\User" not found

/www/wwwroot/jobportal.prus.dev/tests/Feature/SecurityEnhancementsTest.php:63</error>
        </testcase>
        <testcase name="test_api_rate_limiting_works" file="/www/wwwroot/jobportal.prus.dev/tests/Feature/SecurityEnhancementsTest.php" line="81" class="Tests\Feature\SecurityEnhancementsTest" classname="Tests.Feature.SecurityEnhancementsTest" assertions="0" time="0.465830">
          <error type="Error">Tests\Feature\SecurityEnhancementsTest::test_api_rate_limiting_works
Error: Class "App\Models\User" not found

/www/wwwroot/jobportal.prus.dev/tests/Feature/SecurityEnhancementsTest.php:83</error>
        </testcase>
        <testcase name="test_csp_header_is_present" file="/www/wwwroot/jobportal.prus.dev/tests/Feature/SecurityEnhancementsTest.php" line="96" class="Tests\Feature\SecurityEnhancementsTest" classname="Tests.Feature.SecurityEnhancementsTest" assertions="1" time="0.495166"/>
        <testcase name="test_hsts_header_is_present" file="/www/wwwroot/jobportal.prus.dev/tests/Feature/SecurityEnhancementsTest.php" line="105" class="Tests\Feature\SecurityEnhancementsTest" classname="Tests.Feature.SecurityEnhancementsTest" assertions="1" time="0.500796"/>
        <testcase name="test_password_validation_enforces_complexity" file="/www/wwwroot/jobportal.prus.dev/tests/Feature/SecurityEnhancementsTest.php" line="118" class="Tests\Feature\SecurityEnhancementsTest" classname="Tests.Feature.SecurityEnhancementsTest" assertions="2" time="0.495836"/>
        <testcase name="test_strong_password_is_accepted" file="/www/wwwroot/jobportal.prus.dev/tests/Feature/SecurityEnhancementsTest.php" line="134" class="Tests\Feature\SecurityEnhancementsTest" classname="Tests.Feature.SecurityEnhancementsTest" assertions="1" time="0.980980"/>
        <testcase name="test_xss_prevention_in_forms" file="/www/wwwroot/jobportal.prus.dev/tests/Feature/SecurityEnhancementsTest.php" line="149" class="Tests\Feature\SecurityEnhancementsTest" classname="Tests.Feature.SecurityEnhancementsTest" assertions="0" time="0.483433">
          <error type="Error">Tests\Feature\SecurityEnhancementsTest::test_xss_prevention_in_forms
Error: Class "App\Models\User" not found

/www/wwwroot/jobportal.prus.dev/tests/Feature/SecurityEnhancementsTest.php:151</error>
        </testcase>
        <testcase name="test_file_upload_restrictions" file="/www/wwwroot/jobportal.prus.dev/tests/Feature/SecurityEnhancementsTest.php" line="166" class="Tests\Feature\SecurityEnhancementsTest" classname="Tests.Feature.SecurityEnhancementsTest" assertions="0" time="0.574029">
          <error type="Error">Tests\Feature\SecurityEnhancementsTest::test_file_upload_restrictions
Error: Class "App\Models\User" not found

/www/wwwroot/jobportal.prus.dev/tests/Feature/SecurityEnhancementsTest.php:168</error>
        </testcase>
        <testcase name="test_admin_routes_require_admin_role" file="/www/wwwroot/jobportal.prus.dev/tests/Feature/SecurityEnhancementsTest.php" line="181" class="Tests\Feature\SecurityEnhancementsTest" classname="Tests.Feature.SecurityEnhancementsTest" assertions="0" time="0.524090">
          <error type="Error">Tests\Feature\SecurityEnhancementsTest::test_admin_routes_require_admin_role
Error: Class "App\Models\User" not found

/www/wwwroot/jobportal.prus.dev/tests/Feature/SecurityEnhancementsTest.php:183</error>
        </testcase>
        <testcase name="test_admin_user_can_access_admin_routes" file="/www/wwwroot/jobportal.prus.dev/tests/Feature/SecurityEnhancementsTest.php" line="193" class="Tests\Feature\SecurityEnhancementsTest" classname="Tests.Feature.SecurityEnhancementsTest" assertions="0" time="0.467793">
          <skipped/>
        </testcase>
        <testcase name="test_csrf_protection_is_active" file="/www/wwwroot/jobportal.prus.dev/tests/Feature/SecurityEnhancementsTest.php" line="200" class="Tests\Feature\SecurityEnhancementsTest" classname="Tests.Feature.SecurityEnhancementsTest" assertions="1" time="0.765281">
          <failure type="PHPUnit\Framework\ExpectationFailedException">Tests\Feature\SecurityEnhancementsTest::test_csrf_protection_is_active
Failed asserting that an array contains 500.

/www/wwwroot/jobportal.prus.dev/tests/Feature/SecurityEnhancementsTest.php:211</failure>
        </testcase>
        <testcase name="test_sql_injection_prevention" file="/www/wwwroot/jobportal.prus.dev/tests/Feature/SecurityEnhancementsTest.php" line="215" class="Tests\Feature\SecurityEnhancementsTest" classname="Tests.Feature.SecurityEnhancementsTest" assertions="0" time="0.537927">
          <error type="Error">Tests\Feature\SecurityEnhancementsTest::test_sql_injection_prevention
Error: Class "App\Models\User" not found

/www/wwwroot/jobportal.prus.dev/tests/Feature/SecurityEnhancementsTest.php:217</error>
        </testcase>
        <testcase name="test_session_security_validation" file="/www/wwwroot/jobportal.prus.dev/tests/Feature/SecurityEnhancementsTest.php" line="230" class="Tests\Feature\SecurityEnhancementsTest" classname="Tests.Feature.SecurityEnhancementsTest" assertions="0" time="0.508631">
          <error type="Error">Tests\Feature\SecurityEnhancementsTest::test_session_security_validation
Error: Class "App\Models\User" not found

/www/wwwroot/jobportal.prus.dev/tests/Feature/SecurityEnhancementsTest.php:232</error>
        </testcase>
        <testcase name="test_password_reset_rate_limiting" file="/www/wwwroot/jobportal.prus.dev/tests/Feature/SecurityEnhancementsTest.php" line="246" class="Tests\Feature\SecurityEnhancementsTest" classname="Tests.Feature.SecurityEnhancementsTest" assertions="0" time="0.469597">
          <error type="Error">Tests\Feature\SecurityEnhancementsTest::test_password_reset_rate_limiting
Error: Class "App\Models\User" not found

/www/wwwroot/jobportal.prus.dev/tests/Feature/SecurityEnhancementsTest.php:248</error>
        </testcase>
        <testcase name="test_authentication_logging" file="/www/wwwroot/jobportal.prus.dev/tests/Feature/SecurityEnhancementsTest.php" line="262" class="Tests\Feature\SecurityEnhancementsTest" classname="Tests.Feature.SecurityEnhancementsTest" assertions="1" time="0.474675"/>
        <testcase name="test_authorization_policies" file="/www/wwwroot/jobportal.prus.dev/tests/Feature/SecurityEnhancementsTest.php" line="270" class="Tests\Feature\SecurityEnhancementsTest" classname="Tests.Feature.SecurityEnhancementsTest" assertions="0" time="0.474857">
          <error type="Error">Tests\Feature\SecurityEnhancementsTest::test_authorization_policies
Error: Class "App\Models\User" not found

/www/wwwroot/jobportal.prus.dev/tests/Feature/SecurityEnhancementsTest.php:272</error>
        </testcase>
        <testcase name="test_api_authentication_required" file="/www/wwwroot/jobportal.prus.dev/tests/Feature/SecurityEnhancementsTest.php" line="285" class="Tests\Feature\SecurityEnhancementsTest" classname="Tests.Feature.SecurityEnhancementsTest" assertions="2" time="0.486783"/>
        <testcase name="test_security_configuration_is_loaded" file="/www/wwwroot/jobportal.prus.dev/tests/Feature/SecurityEnhancementsTest.php" line="298" class="Tests\Feature\SecurityEnhancementsTest" classname="Tests.Feature.SecurityEnhancementsTest" assertions="3" time="0.471063"/>
      </testsuite>
      <testsuite name="Tests\Feature\SettingTest" file="/www/wwwroot/jobportal.prus.dev/tests/Feature/SettingTest.php" tests="5" assertions="0" errors="5" failures="0" skipped="0" time="0.000000">
        <testcase name="admin_can_view_general_settings" file="/www/wwwroot/jobportal.prus.dev/tests/Feature/SettingTest.php" line="41" class="Tests\Feature\SettingTest" classname="Tests.Feature.SettingTest" assertions="0" time="0.000000">
          <error type="Error">Tests\Feature\SettingTest::admin_can_view_general_settings
Error: Class "App\Models\User" not found

/www/wwwroot/jobportal.prus.dev/tests/Feature/SettingTest.php:29</error>
        </testcase>
        <testcase name="admin_can_view_specific_settings_section" file="/www/wwwroot/jobportal.prus.dev/tests/Feature/SettingTest.php" line="52" class="Tests\Feature\SettingTest" classname="Tests.Feature.SettingTest" assertions="0" time="0.000000">
          <error type="Error">Tests\Feature\SettingTest::admin_can_view_specific_settings_section
Error: Class "App\Models\User" not found

/www/wwwroot/jobportal.prus.dev/tests/Feature/SettingTest.php:29</error>
        </testcase>
        <testcase name="admin_can_update_general_settings" file="/www/wwwroot/jobportal.prus.dev/tests/Feature/SettingTest.php" line="67" class="Tests\Feature\SettingTest" classname="Tests.Feature.SettingTest" assertions="0" time="0.000000">
          <error type="Error">Tests\Feature\SettingTest::admin_can_update_general_settings
Error: Class "App\Models\User" not found

/www/wwwroot/jobportal.prus.dev/tests/Feature/SettingTest.php:29</error>
        </testcase>
        <testcase name="non_admin_cannot_access_settings" file="/www/wwwroot/jobportal.prus.dev/tests/Feature/SettingTest.php" line="89" class="Tests\Feature\SettingTest" classname="Tests.Feature.SettingTest" assertions="0" time="0.000000">
          <error type="Error">Tests\Feature\SettingTest::non_admin_cannot_access_settings
Error: Class "App\Models\User" not found

/www/wwwroot/jobportal.prus.dev/tests/Feature/SettingTest.php:29</error>
        </testcase>
        <testcase name="admin_can_update_env_settings" file="/www/wwwroot/jobportal.prus.dev/tests/Feature/SettingTest.php" line="101" class="Tests\Feature\SettingTest" classname="Tests.Feature.SettingTest" assertions="0" time="0.000000">
          <error type="Error">Tests\Feature\SettingTest::admin_can_update_env_settings
Error: Class "App\Models\User" not found

/www/wwwroot/jobportal.prus.dev/tests/Feature/SettingTest.php:29</error>
        </testcase>
      </testsuite>
      <testsuite name="Tests\Feature\SimpleRoutesTest" file="/www/wwwroot/jobportal.prus.dev/tests/Feature/SimpleRoutesTest.php" tests="13" assertions="12" errors="1" failures="6" skipped="4" time="6.975541">
        <testcase name="test_public_routes_are_accessible" file="/www/wwwroot/jobportal.prus.dev/tests/Feature/SimpleRoutesTest.php" line="21" class="Tests\Feature\SimpleRoutesTest" classname="Tests.Feature.SimpleRoutesTest" assertions="3" time="0.727426">
          <failure type="PHPUnit\Framework\ExpectationFailedException">Tests\Feature\SimpleRoutesTest::test_public_routes_are_accessible
Expected response status code [200] but received 500.
Failed asserting that 500 is identical to 200.

The following exception occurred during the last request:

Symfony\Component\Routing\Exception\RouteNotFoundException: Route [search] not defined. in /www/wwwroot/jobportal.prus.dev/vendor/laravel/framework/src/Illuminate/Routing/UrlGenerator.php:526
Stack trace:
#0 /www/wwwroot/jobportal.prus.dev/vendor/laravel/framework/src/Illuminate/Foundation/helpers.php(883): Illuminate\Routing\UrlGenerator-&gt;route()
#1 /www/wwwroot/jobportal.prus.dev/storage/framework/views/d69d9ccf2dc289690e52004e0568f7de.php(44): route()
#2 /www/wwwroot/jobportal.prus.dev/vendor/laravel/framework/src/Illuminate/Filesystem/Filesystem.php(123): require('...')
#3 /www/wwwroot/jobportal.prus.dev/vendor/laravel/framework/src/Illuminate/Filesystem/Filesystem.php(124): Illuminate\Filesystem\Filesystem::Illuminate\Filesystem\{closure}()
#4 /www/wwwroot/jobportal.prus.dev/vendor/laravel/framework/src/Illuminate/View/Engines/PhpEngine.php(57): Illuminate\Filesystem\Filesystem-&gt;getRequire()
#5 /www/wwwroot/jobportal.prus.dev/vendor/livewire/livewire/src/Mechanisms/ExtendBlade/ExtendedCompilerEngine.php(22): Illuminate\View\Engines\PhpEngine-&gt;evaluatePath()
#6 /www/wwwroot/jobportal.prus.dev/vendor/laravel/framework/src/Illuminate/View/Engines/CompilerEngine.php(74): Livewire\Mechanisms\ExtendBlade\ExtendedCompilerEngine-&gt;evaluatePath()
#7 /www/wwwroot/jobportal.prus.dev/vendor/livewire/livewire/src/Mechanisms/ExtendBlade/ExtendedCompilerEngine.php(10): Illuminate\View\Engines\CompilerEngine-&gt;get()
#8 /www/wwwroot/jobportal.prus.dev/vendor/laravel/framework/src/Illuminate/View/View.php(208): Livewire\Mechanisms\ExtendBlade\ExtendedCompilerEngine-&gt;get()
#9 /www/wwwroot/jobportal.prus.dev/vendor/laravel/framework/src/Illuminate/View/View.php(191): Illuminate\View\View-&gt;getContents()
#10 /www/wwwroot/jobportal.prus.dev/vendor/laravel/framework/src/Illuminate/View/View.php(160): Illuminate\View\View-&gt;renderContents()
#11 /www/wwwroot/jobportal.prus.dev/vendor/laravel/framework/src/Illuminate/Http/Response.php(78): Illuminate\View\View-&gt;render()
#12 /www/wwwroot/jobportal.prus.dev/vendor/laravel/framework/src/Illuminate/Http/Response.php(34): Illuminate\Http\Response-&gt;setContent()
#13 /www/wwwroot/jobportal.prus.dev/vendor/laravel/framework/src/Illuminate/Routing/ResponseFactory.php(61): Illuminate\Http\Response-&gt;__construct()
#14 /www/wwwroot/jobportal.prus.dev/vendor/laravel/framework/src/Illuminate/Routing/ResponseFactory.php(91): Illuminate\Routing\ResponseFactory-&gt;make()
#15 /www/wwwroot/jobportal.prus.dev/vendor/laravel/framework/src/Illuminate/Foundation/Exceptions/Handler.php(897): Illuminate\Routing\ResponseFactory-&gt;view()
#16 /www/wwwroot/jobportal.prus.dev/vendor/laravel/framework/src/Illuminate/Foundation/Exceptions/Handler.php(818): Illuminate\Foundation\Exceptions\Handler-&gt;renderHttpException()
#17 /www/wwwroot/jobportal.prus.dev/vendor/laravel/framework/src/Illuminate/Foundation/Exceptions/Handler.php(709): Illuminate\Foundation\Exceptions\Handler-&gt;prepareResponse()
#18 /www/wwwroot/jobportal.prus.dev/vendor/laravel/framework/src/Illuminate/Foundation/Exceptions/Handler.php(597): Illuminate\Foundation\Exceptions\Handler-&gt;renderExceptionResponse()
#19 /www/wwwroot/jobportal.prus.dev/app/Exceptions/Handler.php(80): Illuminate\Foundation\Exceptions\Handler-&gt;render()
#20 /www/wwwroot/jobportal.prus.dev/vendor/laravel/framework/src/Illuminate/Routing/Pipeline.php(51): App\Exceptions\Handler-&gt;render()
#21 /www/wwwroot/jobportal.prus.dev/vendor/laravel/framework/src/Illuminate/Pipeline/Pipeline.php(171): Illuminate\Routing\Pipeline-&gt;handleException()
#22 /www/wwwroot/jobportal.prus.dev/vendor/laravel/framework/src/Illuminate/Pipeline/Pipeline.php(126): Illuminate\Pipeline\Pipeline-&gt;Illuminate\Pipeline\{closure}()
#23 /www/wwwroot/jobportal.prus.dev/vendor/laravel/framework/src/Illuminate/Foundation/Http/Kernel.php(175): Illuminate\Pipeline\Pipeline-&gt;then()
#24 /www/wwwroot/jobportal.prus.dev/vendor/laravel/framework/src/Illuminate/Foundation/Http/Kernel.php(144): Illuminate\Foundation\Http\Kernel-&gt;sendRequestThroughRouter()
#25 /www/wwwroot/jobportal.prus.dev/vendor/laravel/framework/src/Illuminate/Foundation/Testing/Concerns/MakesHttpRequests.php(607): Illuminate\Foundation\Http\Kernel-&gt;handle()
#26 /www/wwwroot/jobportal.prus.dev/vendor/laravel/framework/src/Illuminate/Foundation/Testing/Concerns/MakesHttpRequests.php(368): Illuminate\Foundation\Testing\TestCase-&gt;call()
#27 /www/wwwroot/jobportal.prus.dev/tests/Feature/SimpleRoutesTest.php(31): Illuminate\Foundation\Testing\TestCase-&gt;get()
#28 /www/wwwroot/jobportal.prus.dev/vendor/phpunit/phpunit/src/Framework/TestCase.php(1656): Tests\Feature\SimpleRoutesTest-&gt;test_public_routes_are_accessible()
#29 /www/wwwroot/jobportal.prus.dev/vendor/phpunit/phpunit/src/Framework/TestCase.php(514): PHPUnit\Framework\TestCase-&gt;runTest()
#30 /www/wwwroot/jobportal.prus.dev/vendor/phpunit/phpunit/src/Framework/TestRunner/TestRunner.php(87): PHPUnit\Framework\TestCase-&gt;runBare()
#31 /www/wwwroot/jobportal.prus.dev/vendor/phpunit/phpunit/src/Framework/TestCase.php(361): PHPUnit\Framework\TestRunner-&gt;run()
#32 /www/wwwroot/jobportal.prus.dev/vendor/phpunit/phpunit/src/Framework/TestSuite.php(369): PHPUnit\Framework\TestCase-&gt;run()
#33 /www/wwwroot/jobportal.prus.dev/vendor/phpunit/phpunit/src/Framework/TestSuite.php(369): PHPUnit\Framework\TestSuite-&gt;run()
#34 /www/wwwroot/jobportal.prus.dev/vendor/phpunit/phpunit/src/Framework/TestSuite.php(369): PHPUnit\Framework\TestSuite-&gt;run()
#35 /www/wwwroot/jobportal.prus.dev/vendor/phpunit/phpunit/src/TextUI/TestRunner.php(64): PHPUnit\Framework\TestSuite-&gt;run()
#36 /www/wwwroot/jobportal.prus.dev/vendor/phpunit/phpunit/src/TextUI/Application.php(210): PHPUnit\TextUI\TestRunner-&gt;run()
#37 /www/wwwroot/jobportal.prus.dev/vendor/phpunit/phpunit/phpunit(104): PHPUnit\TextUI\Application-&gt;run()
#38 /www/wwwroot/jobportal.prus.dev/vendor/bin/phpunit(122): include('...')
#39 {main}

Next Spatie\LaravelIgnition\Exceptions\ViewException: Route [search] not defined. in /www/wwwroot/jobportal.prus.dev/vendor/laravel/framework/src/Illuminate/Routing/UrlGenerator.php:526
Stack trace:
#0 /www/wwwroot/jobportal.prus.dev/vendor/laravel/framework/src/Illuminate/Foundation/helpers.php(883): Illuminate\Routing\UrlGenerator-&gt;route()
#1 /www/wwwroot/jobportal.prus.dev/resources/views/errors/404.blade.php(44): route()
#2 /www/wwwroot/jobportal.prus.dev/vendor/laravel/framework/src/Illuminate/Filesystem/Filesystem.php(123): require('...')
#3 /www/wwwroot/jobportal.prus.dev/vendor/laravel/framework/src/Illuminate/Filesystem/Filesystem.php(124): Illuminate\Filesystem\Filesystem::Illuminate\Filesystem\{closure}()
#4 /www/wwwroot/jobportal.prus.dev/vendor/laravel/framework/src/Illuminate/View/Engines/PhpEngine.php(57): Illuminate\Filesystem\Filesystem-&gt;getRequire()
#5 /www/wwwroot/jobportal.prus.dev/vendor/livewire/livewire/src/Mechanisms/ExtendBlade/ExtendedCompilerEngine.php(22): Illuminate\View\Engines\PhpEngine-&gt;evaluatePath()
#6 /www/wwwroot/jobportal.prus.dev/vendor/laravel/framework/src/Illuminate/View/Engines/CompilerEngine.php(74): Livewire\Mechanisms\ExtendBlade\ExtendedCompilerEngine-&gt;evaluatePath()
#7 /www/wwwroot/jobportal.prus.dev/vendor/livewire/livewire/src/Mechanisms/ExtendBlade/ExtendedCompilerEngine.php(10): Illuminate\View\Engines\CompilerEngine-&gt;get()
#8 /www/wwwroot/jobportal.prus.dev/vendor/laravel/framework/src/Illuminate/View/View.php(208): Livewire\Mechanisms\ExtendBlade\ExtendedCompilerEngine-&gt;get()
#9 /www/wwwroot/jobportal.prus.dev/vendor/laravel/framework/src/Illuminate/View/View.php(191): Illuminate\View\View-&gt;getContents()
#10 /www/wwwroot/jobportal.prus.dev/vendor/laravel/framework/src/Illuminate/View/View.php(160): Illuminate\View\View-&gt;renderContents()
#11 /www/wwwroot/jobportal.prus.dev/vendor/laravel/framework/src/Illuminate/Http/Response.php(78): Illuminate\View\View-&gt;render()
#12 /www/wwwroot/jobportal.prus.dev/vendor/laravel/framework/src/Illuminate/Http/Response.php(34): Illuminate\Http\Response-&gt;setContent()
#13 /www/wwwroot/jobportal.prus.dev/vendor/laravel/framework/src/Illuminate/Routing/ResponseFactory.php(61): Illuminate\Http\Response-&gt;__construct()
#14 /www/wwwroot/jobportal.prus.dev/vendor/laravel/framework/src/Illuminate/Routing/ResponseFactory.php(91): Illuminate\Routing\ResponseFactory-&gt;make()
#15 /www/wwwroot/jobportal.prus.dev/vendor/laravel/framework/src/Illuminate/Foundation/Exceptions/Handler.php(897): Illuminate\Routing\ResponseFactory-&gt;view()
#16 /www/wwwroot/jobportal.prus.dev/vendor/laravel/framework/src/Illuminate/Foundation/Exceptions/Handler.php(818): Illuminate\Foundation\Exceptions\Handler-&gt;renderHttpException()
#17 /www/wwwroot/jobportal.prus.dev/vendor/laravel/framework/src/Illuminate/Foundation/Exceptions/Handler.php(709): Illuminate\Foundation\Exceptions\Handler-&gt;prepareResponse()
#18 /www/wwwroot/jobportal.prus.dev/vendor/laravel/framework/src/Illuminate/Foundation/Exceptions/Handler.php(597): Illuminate\Foundation\Exceptions\Handler-&gt;renderExceptionResponse()
#19 /www/wwwroot/jobportal.prus.dev/app/Exceptions/Handler.php(80): Illuminate\Foundation\Exceptions\Handler-&gt;render()
#20 /www/wwwroot/jobportal.prus.dev/vendor/laravel/framework/src/Illuminate/Routing/Pipeline.php(51): App\Exceptions\Handler-&gt;render()
#21 /www/wwwroot/jobportal.prus.dev/vendor/laravel/framework/src/Illuminate/Pipeline/Pipeline.php(171): Illuminate\Routing\Pipeline-&gt;handleException()
#22 /www/wwwroot/jobportal.prus.dev/vendor/laravel/framework/src/Illuminate/Pipeline/Pipeline.php(126): Illuminate\Pipeline\Pipeline-&gt;Illuminate\Pipeline\{closure}()
#23 /www/wwwroot/jobportal.prus.dev/vendor/laravel/framework/src/Illuminate/Foundation/Http/Kernel.php(175): Illuminate\Pipeline\Pipeline-&gt;then()
#24 /www/wwwroot/jobportal.prus.dev/vendor/laravel/framework/src/Illuminate/Foundation/Http/Kernel.php(144): Illuminate\Foundation\Http\Kernel-&gt;sendRequestThroughRouter()
#25 /www/wwwroot/jobportal.prus.dev/vendor/laravel/framework/src/Illuminate/Foundation/Testing/Concerns/MakesHttpRequests.php(607): Illuminate\Foundation\Http\Kernel-&gt;handle()
#26 /www/wwwroot/jobportal.prus.dev/vendor/laravel/framework/src/Illuminate/Foundation/Testing/Concerns/MakesHttpRequests.php(368): Illuminate\Foundation\Testing\TestCase-&gt;call()
#27 /www/wwwroot/jobportal.prus.dev/tests/Feature/SimpleRoutesTest.php(31): Illuminate\Foundation\Testing\TestCase-&gt;get()
#28 /www/wwwroot/jobportal.prus.dev/vendor/phpunit/phpunit/src/Framework/TestCase.php(1656): Tests\Feature\SimpleRoutesTest-&gt;test_public_routes_are_accessible()
#29 /www/wwwroot/jobportal.prus.dev/vendor/phpunit/phpunit/src/Framework/TestCase.php(514): PHPUnit\Framework\TestCase-&gt;runTest()
#30 /www/wwwroot/jobportal.prus.dev/vendor/phpunit/phpunit/src/Framework/TestRunner/TestRunner.php(87): PHPUnit\Framework\TestCase-&gt;runBare()
#31 /www/wwwroot/jobportal.prus.dev/vendor/phpunit/phpunit/src/Framework/TestCase.php(361): PHPUnit\Framework\TestRunner-&gt;run()
#32 /www/wwwroot/jobportal.prus.dev/vendor/phpunit/phpunit/src/Framework/TestSuite.php(369): PHPUnit\Framework\TestCase-&gt;run()
#33 /www/wwwroot/jobportal.prus.dev/vendor/phpunit/phpunit/src/Framework/TestSuite.php(369): PHPUnit\Framework\TestSuite-&gt;run()
#34 /www/wwwroot/jobportal.prus.dev/vendor/phpunit/phpunit/src/Framework/TestSuite.php(369): PHPUnit\Framework\TestSuite-&gt;run()
#35 /www/wwwroot/jobportal.prus.dev/vendor/phpunit/phpunit/src/TextUI/TestRunner.php(64): PHPUnit\Framework\TestSuite-&gt;run()
#36 /www/wwwroot/jobportal.prus.dev/vendor/phpunit/phpunit/src/TextUI/Application.php(210): PHPUnit\TextUI\TestRunner-&gt;run()
#37 /www/wwwroot/jobportal.prus.dev/vendor/phpunit/phpunit/phpunit(104): PHPUnit\TextUI\Application-&gt;run()
#38 /www/wwwroot/jobportal.prus.dev/vendor/bin/phpunit(122): include('...')
#39 {main}

----------------------------------------------------------------------------------

Route [search] not defined.

/www/wwwroot/jobportal.prus.dev/vendor/laravel/framework/src/Illuminate/Testing/TestResponseAssert.php:45
/www/wwwroot/jobportal.prus.dev/vendor/laravel/framework/src/Illuminate/Testing/TestResponse.php:174
/www/wwwroot/jobportal.prus.dev/tests/Feature/SimpleRoutesTest.php:32</failure>
        </testcase>
        <testcase name="test_auth_routes_are_accessible" file="/www/wwwroot/jobportal.prus.dev/tests/Feature/SimpleRoutesTest.php" line="39" class="Tests\Feature\SimpleRoutesTest" classname="Tests.Feature.SimpleRoutesTest" assertions="0" time="0.480301">
          <skipped/>
        </testcase>
        <testcase name="test_protected_routes_redirect_to_login" file="/www/wwwroot/jobportal.prus.dev/tests/Feature/SimpleRoutesTest.php" line="48" class="Tests\Feature\SimpleRoutesTest" classname="Tests.Feature.SimpleRoutesTest" assertions="0" time="0.464779">
          <skipped/>
        </testcase>
        <testcase name="test_api_routes" file="/www/wwwroot/jobportal.prus.dev/tests/Feature/SimpleRoutesTest.php" line="57" class="Tests\Feature\SimpleRoutesTest" classname="Tests.Feature.SimpleRoutesTest" assertions="2" time="0.477277">
          <failure type="PHPUnit\Framework\ExpectationFailedException">Tests\Feature\SimpleRoutesTest::test_api_routes
Unable to find JSON: 

[{
    "status": "ok",
    "message": "Laravel is working!"
}]

within response JSON:

[{
    "status": "ok",
    "message": "Laravel API is working!",
    "timestamp": "2025-08-09T11:17:16.493709Z",
    "memory_usage": "222.5 MB"
}].


Failed asserting that an array has the subset Array &amp;0 [
    'status' =&gt; 'ok',
    'message' =&gt; 'Laravel is working!',
].
--- Expected
+++ Actual
@@ @@
 array (
   'status' =&gt; 'ok',
-  'message' =&gt; 'Laravel is working!',
+  'message' =&gt; 'Laravel API is working!',
   'timestamp' =&gt; '2025-08-09T11:17:16.493709Z',
   'memory_usage' =&gt; '222.5 MB',
 )

/www/wwwroot/jobportal.prus.dev/vendor/laravel/framework/src/Illuminate/Testing/Constraints/ArraySubset.php:80
/www/wwwroot/jobportal.prus.dev/vendor/laravel/framework/src/Illuminate/Testing/Assert.php:36
/www/wwwroot/jobportal.prus.dev/vendor/laravel/framework/src/Illuminate/Testing/AssertableJsonString.php:319
/www/wwwroot/jobportal.prus.dev/vendor/laravel/framework/src/Illuminate/Testing/TestResponse.php:802
/www/wwwroot/jobportal.prus.dev/tests/Feature/SimpleRoutesTest.php:61</failure>
        </testcase>
        <testcase name="test_non_existent_routes_return404" file="/www/wwwroot/jobportal.prus.dev/tests/Feature/SimpleRoutesTest.php" line="76" class="Tests\Feature\SimpleRoutesTest" classname="Tests.Feature.SimpleRoutesTest" assertions="0" time="0.460655">
          <skipped/>
        </testcase>
        <testcase name="test_routes_with_parameters" file="/www/wwwroot/jobportal.prus.dev/tests/Feature/SimpleRoutesTest.php" line="85" class="Tests\Feature\SimpleRoutesTest" classname="Tests.Feature.SimpleRoutesTest" assertions="0" time="0.469468">
          <skipped/>
        </testcase>
        <testcase name="test_post_routes_require_csrf" file="/www/wwwroot/jobportal.prus.dev/tests/Feature/SimpleRoutesTest.php" line="94" class="Tests\Feature\SimpleRoutesTest" classname="Tests.Feature.SimpleRoutesTest" assertions="1" time="0.751434">
          <failure type="PHPUnit\Framework\ExpectationFailedException">Tests\Feature\SimpleRoutesTest::test_post_routes_require_csrf
Route /login should require CSRF
Failed asserting that an array contains 500.

/www/wwwroot/jobportal.prus.dev/tests/Feature/SimpleRoutesTest.php:104</failure>
        </testcase>
        <testcase name="test_route_caching_compatibility" file="/www/wwwroot/jobportal.prus.dev/tests/Feature/SimpleRoutesTest.php" line="111" class="Tests\Feature\SimpleRoutesTest" classname="Tests.Feature.SimpleRoutesTest" assertions="0" time="0.596601">
          <error type="LogicException">Tests\Feature\SimpleRoutesTest::test_route_caching_compatibility
LogicException: Unable to prepare route [candidate] for serialization. Another route has already been assigned name [candidate.dashboard].

/www/wwwroot/jobportal.prus.dev/vendor/laravel/framework/src/Illuminate/Routing/AbstractRouteCollection.php:248
/www/wwwroot/jobportal.prus.dev/vendor/laravel/framework/src/Illuminate/Routing/AbstractRouteCollection.php:209
/www/wwwroot/jobportal.prus.dev/vendor/laravel/framework/src/Illuminate/Routing/RouteCollection.php:246
/www/wwwroot/jobportal.prus.dev/vendor/laravel/framework/src/Illuminate/Routing/AbstractRouteCollection.php:193
/www/wwwroot/jobportal.prus.dev/vendor/laravel/framework/src/Illuminate/Routing/AbstractRouteCollection.php:164
/www/wwwroot/jobportal.prus.dev/vendor/laravel/framework/src/Illuminate/Foundation/Console/RouteCacheCommand.php:108
/www/wwwroot/jobportal.prus.dev/vendor/laravel/framework/src/Illuminate/Foundation/Console/RouteCacheCommand.php:67
/www/wwwroot/jobportal.prus.dev/vendor/laravel/framework/src/Illuminate/Container/BoundMethod.php:36
/www/wwwroot/jobportal.prus.dev/vendor/laravel/framework/src/Illuminate/Container/Util.php:43
/www/wwwroot/jobportal.prus.dev/vendor/laravel/framework/src/Illuminate/Container/BoundMethod.php:96
/www/wwwroot/jobportal.prus.dev/vendor/laravel/framework/src/Illuminate/Container/BoundMethod.php:35
/www/wwwroot/jobportal.prus.dev/vendor/laravel/framework/src/Illuminate/Container/Container.php:754
/www/wwwroot/jobportal.prus.dev/vendor/laravel/framework/src/Illuminate/Console/Command.php:211
/www/wwwroot/jobportal.prus.dev/vendor/symfony/console/Command/Command.php:318
/www/wwwroot/jobportal.prus.dev/vendor/laravel/framework/src/Illuminate/Console/Command.php:180
/www/wwwroot/jobportal.prus.dev/vendor/symfony/console/Application.php:1074
/www/wwwroot/jobportal.prus.dev/vendor/symfony/console/Application.php:341
/www/wwwroot/jobportal.prus.dev/vendor/symfony/console/Application.php:192
/www/wwwroot/jobportal.prus.dev/vendor/laravel/framework/src/Illuminate/Console/Application.php:165
/www/wwwroot/jobportal.prus.dev/vendor/laravel/framework/src/Illuminate/Foundation/Console/Kernel.php:426
/www/wwwroot/jobportal.prus.dev/vendor/laravel/framework/src/Illuminate/Testing/PendingCommand.php:330
/www/wwwroot/jobportal.prus.dev/vendor/laravel/framework/src/Illuminate/Testing/PendingCommand.php:533
/www/wwwroot/jobportal.prus.dev/tests/Feature/SimpleRoutesTest.php:115</error>
        </testcase>
        <testcase name="test_middleware_application" file="/www/wwwroot/jobportal.prus.dev/tests/Feature/SimpleRoutesTest.php" line="129" class="Tests\Feature\SimpleRoutesTest" classname="Tests.Feature.SimpleRoutesTest" assertions="2" time="0.571393"/>
        <testcase name="test_route_names_are_correctly_defined" file="/www/wwwroot/jobportal.prus.dev/tests/Feature/SimpleRoutesTest.php" line="142" class="Tests\Feature\SimpleRoutesTest" classname="Tests.Feature.SimpleRoutesTest" assertions="1" time="0.476909">
          <failure type="PHPUnit\Framework\ExpectationFailedException">Tests\Feature\SimpleRoutesTest::test_route_names_are_correctly_defined
Route name 'front.home' should exist
Failed asserting that false is true.

/www/wwwroot/jobportal.prus.dev/tests/Feature/SimpleRoutesTest.php:150</failure>
        </testcase>
        <testcase name="test_api_routes_structure" file="/www/wwwroot/jobportal.prus.dev/tests/Feature/SimpleRoutesTest.php" line="160" class="Tests\Feature\SimpleRoutesTest" classname="Tests.Feature.SimpleRoutesTest" assertions="1" time="0.548903"/>
        <testcase name="test_admin_routes_exist" file="/www/wwwroot/jobportal.prus.dev/tests/Feature/SimpleRoutesTest.php" line="181" class="Tests\Feature\SimpleRoutesTest" classname="Tests.Feature.SimpleRoutesTest" assertions="1" time="0.476374">
          <failure type="PHPUnit\Framework\ExpectationFailedException">Tests\Feature\SimpleRoutesTest::test_admin_routes_exist
Admin route 'admin.candidates.index' should be registered
Failed asserting that false is true.

/www/wwwroot/jobportal.prus.dev/tests/Feature/SimpleRoutesTest.php:193</failure>
        </testcase>
        <testcase name="test_essential_routes_registered" file="/www/wwwroot/jobportal.prus.dev/tests/Feature/SimpleRoutesTest.php" line="200" class="Tests\Feature\SimpleRoutesTest" classname="Tests.Feature.SimpleRoutesTest" assertions="1" time="0.474021">
          <failure type="PHPUnit\Framework\ExpectationFailedException">Tests\Feature\SimpleRoutesTest::test_essential_routes_registered
Essential route 'front.home' should be registered
Failed asserting that an array contains 'front.home'.

/www/wwwroot/jobportal.prus.dev/tests/Feature/SimpleRoutesTest.php:212</failure>
        </testcase>
      </testsuite>
      <testsuite name="Tests\Feature\SitemapControllerTest" file="/www/wwwroot/jobportal.prus.dev/tests/Feature/SitemapControllerTest.php" tests="17" assertions="0" errors="17" failures="0" skipped="0" time="0.000000">
        <testcase name="test_index_displays_correctly" file="/www/wwwroot/jobportal.prus.dev/tests/Feature/SitemapControllerTest.php" line="36" class="Tests\Feature\SitemapControllerTest" classname="Tests.Feature.SitemapControllerTest" assertions="0" time="0.000000">
          <error type="Error">Tests\Feature\SitemapControllerTest::test_index_displays_correctly
Error: Class "App\Models\User" not found

/www/wwwroot/jobportal.prus.dev/tests/Feature/SitemapControllerTest.php:30</error>
        </testcase>
        <testcase name="test_guest_can_access_public_pages" file="/www/wwwroot/jobportal.prus.dev/tests/Feature/SitemapControllerTest.php" line="48" class="Tests\Feature\SitemapControllerTest" classname="Tests.Feature.SitemapControllerTest" assertions="0" time="0.000000">
          <error type="Error">Tests\Feature\SitemapControllerTest::test_guest_can_access_public_pages
Error: Class "App\Models\User" not found

/www/wwwroot/jobportal.prus.dev/tests/Feature/SitemapControllerTest.php:30</error>
        </testcase>
        <testcase name="test_authenticated_user_access" file="/www/wwwroot/jobportal.prus.dev/tests/Feature/SitemapControllerTest.php" line="59" class="Tests\Feature\SitemapControllerTest" classname="Tests.Feature.SitemapControllerTest" assertions="0" time="0.000000">
          <error type="Error">Tests\Feature\SitemapControllerTest::test_authenticated_user_access
Error: Class "App\Models\User" not found

/www/wwwroot/jobportal.prus.dev/tests/Feature/SitemapControllerTest.php:30</error>
        </testcase>
        <testcase name="test_create_displays_form" file="/www/wwwroot/jobportal.prus.dev/tests/Feature/SitemapControllerTest.php" line="71" class="Tests\Feature\SitemapControllerTest" classname="Tests.Feature.SitemapControllerTest" assertions="0" time="0.000000">
          <error type="Error">Tests\Feature\SitemapControllerTest::test_create_displays_form
Error: Class "App\Models\User" not found

/www/wwwroot/jobportal.prus.dev/tests/Feature/SitemapControllerTest.php:30</error>
        </testcase>
        <testcase name="test_store_creates_new_record" file="/www/wwwroot/jobportal.prus.dev/tests/Feature/SitemapControllerTest.php" line="83" class="Tests\Feature\SitemapControllerTest" classname="Tests.Feature.SitemapControllerTest" assertions="0" time="0.000000">
          <error type="Error">Tests\Feature\SitemapControllerTest::test_store_creates_new_record
Error: Class "App\Models\User" not found

/www/wwwroot/jobportal.prus.dev/tests/Feature/SitemapControllerTest.php:30</error>
        </testcase>
        <testcase name="test_store_validates_required_fields" file="/www/wwwroot/jobportal.prus.dev/tests/Feature/SitemapControllerTest.php" line="102" class="Tests\Feature\SitemapControllerTest" classname="Tests.Feature.SitemapControllerTest" assertions="0" time="0.000000">
          <error type="Error">Tests\Feature\SitemapControllerTest::test_store_validates_required_fields
Error: Class "App\Models\User" not found

/www/wwwroot/jobportal.prus.dev/tests/Feature/SitemapControllerTest.php:30</error>
        </testcase>
        <testcase name="test_show_displays_record" file="/www/wwwroot/jobportal.prus.dev/tests/Feature/SitemapControllerTest.php" line="114" class="Tests\Feature\SitemapControllerTest" classname="Tests.Feature.SitemapControllerTest" assertions="0" time="0.000000">
          <error type="Error">Tests\Feature\SitemapControllerTest::test_show_displays_record
Error: Class "App\Models\User" not found

/www/wwwroot/jobportal.prus.dev/tests/Feature/SitemapControllerTest.php:30</error>
        </testcase>
        <testcase name="test_edit_displays_form" file="/www/wwwroot/jobportal.prus.dev/tests/Feature/SitemapControllerTest.php" line="128" class="Tests\Feature\SitemapControllerTest" classname="Tests.Feature.SitemapControllerTest" assertions="0" time="0.000000">
          <error type="Error">Tests\Feature\SitemapControllerTest::test_edit_displays_form
Error: Class "App\Models\User" not found

/www/wwwroot/jobportal.prus.dev/tests/Feature/SitemapControllerTest.php:30</error>
        </testcase>
        <testcase name="test_update_modifies_record" file="/www/wwwroot/jobportal.prus.dev/tests/Feature/SitemapControllerTest.php" line="139" class="Tests\Feature\SitemapControllerTest" classname="Tests.Feature.SitemapControllerTest" assertions="0" time="0.000000">
          <error type="Error">Tests\Feature\SitemapControllerTest::test_update_modifies_record
Error: Class "App\Models\User" not found

/www/wwwroot/jobportal.prus.dev/tests/Feature/SitemapControllerTest.php:30</error>
        </testcase>
        <testcase name="test_destroy_deletes_record" file="/www/wwwroot/jobportal.prus.dev/tests/Feature/SitemapControllerTest.php" line="156" class="Tests\Feature\SitemapControllerTest" classname="Tests.Feature.SitemapControllerTest" assertions="0" time="0.000000">
          <error type="Error">Tests\Feature\SitemapControllerTest::test_destroy_deletes_record
Error: Class "App\Models\User" not found

/www/wwwroot/jobportal.prus.dev/tests/Feature/SitemapControllerTest.php:30</error>
        </testcase>
        <testcase name="test_unauthorized_access_is_prevented" file="/www/wwwroot/jobportal.prus.dev/tests/Feature/SitemapControllerTest.php" line="168" class="Tests\Feature\SitemapControllerTest" classname="Tests.Feature.SitemapControllerTest" assertions="0" time="0.000000">
          <error type="Error">Tests\Feature\SitemapControllerTest::test_unauthorized_access_is_prevented
Error: Class "App\Models\User" not found

/www/wwwroot/jobportal.prus.dev/tests/Feature/SitemapControllerTest.php:30</error>
        </testcase>
        <testcase name="test_handles_invalid_input_gracefully" file="/www/wwwroot/jobportal.prus.dev/tests/Feature/SitemapControllerTest.php" line="179" class="Tests\Feature\SitemapControllerTest" classname="Tests.Feature.SitemapControllerTest" assertions="0" time="0.000000">
          <error type="Error">Tests\Feature\SitemapControllerTest::test_handles_invalid_input_gracefully
Error: Class "App\Models\User" not found

/www/wwwroot/jobportal.prus.dev/tests/Feature/SitemapControllerTest.php:30</error>
        </testcase>
        <testcase name="test_search_functionality" file="/www/wwwroot/jobportal.prus.dev/tests/Feature/SitemapControllerTest.php" line="196" class="Tests\Feature\SitemapControllerTest" classname="Tests.Feature.SitemapControllerTest" assertions="0" time="0.000000">
          <error type="Error">Tests\Feature\SitemapControllerTest::test_search_functionality
Error: Class "App\Models\User" not found

/www/wwwroot/jobportal.prus.dev/tests/Feature/SitemapControllerTest.php:30</error>
        </testcase>
        <testcase name="test_pagination_works_correctly" file="/www/wwwroot/jobportal.prus.dev/tests/Feature/SitemapControllerTest.php" line="210" class="Tests\Feature\SitemapControllerTest" classname="Tests.Feature.SitemapControllerTest" assertions="0" time="0.000000">
          <error type="Error">Tests\Feature\SitemapControllerTest::test_pagination_works_correctly
Error: Class "App\Models\User" not found

/www/wwwroot/jobportal.prus.dev/tests/Feature/SitemapControllerTest.php:30</error>
        </testcase>
        <testcase name="test_csrf_protection_is_enforced" file="/www/wwwroot/jobportal.prus.dev/tests/Feature/SitemapControllerTest.php" line="221" class="Tests\Feature\SitemapControllerTest" classname="Tests.Feature.SitemapControllerTest" assertions="0" time="0.000000">
          <error type="Error">Tests\Feature\SitemapControllerTest::test_csrf_protection_is_enforced
Error: Class "App\Models\User" not found

/www/wwwroot/jobportal.prus.dev/tests/Feature/SitemapControllerTest.php:30</error>
        </testcase>
        <testcase name="test_rate_limiting_prevents_abuse" file="/www/wwwroot/jobportal.prus.dev/tests/Feature/SitemapControllerTest.php" line="233" class="Tests\Feature\SitemapControllerTest" classname="Tests.Feature.SitemapControllerTest" assertions="0" time="0.000000">
          <error type="Error">Tests\Feature\SitemapControllerTest::test_rate_limiting_prevents_abuse
Error: Class "App\Models\User" not found

/www/wwwroot/jobportal.prus.dev/tests/Feature/SitemapControllerTest.php:30</error>
        </testcase>
        <testcase name="test_handles_server_errors_gracefully" file="/www/wwwroot/jobportal.prus.dev/tests/Feature/SitemapControllerTest.php" line="248" class="Tests\Feature\SitemapControllerTest" classname="Tests.Feature.SitemapControllerTest" assertions="0" time="0.000000">
          <error type="Error">Tests\Feature\SitemapControllerTest::test_handles_server_errors_gracefully
Error: Class "App\Models\User" not found

/www/wwwroot/jobportal.prus.dev/tests/Feature/SitemapControllerTest.php:30</error>
        </testcase>
      </testsuite>
      <testsuite name="Tests\Feature\SubscriberControllerTest" file="/www/wwwroot/jobportal.prus.dev/tests/Feature/SubscriberControllerTest.php" tests="17" assertions="0" errors="17" failures="0" skipped="0" time="0.000000">
        <testcase name="test_index_displays_correctly" file="/www/wwwroot/jobportal.prus.dev/tests/Feature/SubscriberControllerTest.php" line="36" class="Tests\Feature\SubscriberControllerTest" classname="Tests.Feature.SubscriberControllerTest" assertions="0" time="0.000000">
          <error type="Error">Tests\Feature\SubscriberControllerTest::test_index_displays_correctly
Error: Class "App\Models\User" not found

/www/wwwroot/jobportal.prus.dev/tests/Feature/SubscriberControllerTest.php:30</error>
        </testcase>
        <testcase name="test_guest_can_access_public_pages" file="/www/wwwroot/jobportal.prus.dev/tests/Feature/SubscriberControllerTest.php" line="48" class="Tests\Feature\SubscriberControllerTest" classname="Tests.Feature.SubscriberControllerTest" assertions="0" time="0.000000">
          <error type="Error">Tests\Feature\SubscriberControllerTest::test_guest_can_access_public_pages
Error: Class "App\Models\User" not found

/www/wwwroot/jobportal.prus.dev/tests/Feature/SubscriberControllerTest.php:30</error>
        </testcase>
        <testcase name="test_authenticated_user_access" file="/www/wwwroot/jobportal.prus.dev/tests/Feature/SubscriberControllerTest.php" line="59" class="Tests\Feature\SubscriberControllerTest" classname="Tests.Feature.SubscriberControllerTest" assertions="0" time="0.000000">
          <error type="Error">Tests\Feature\SubscriberControllerTest::test_authenticated_user_access
Error: Class "App\Models\User" not found

/www/wwwroot/jobportal.prus.dev/tests/Feature/SubscriberControllerTest.php:30</error>
        </testcase>
        <testcase name="test_create_displays_form" file="/www/wwwroot/jobportal.prus.dev/tests/Feature/SubscriberControllerTest.php" line="71" class="Tests\Feature\SubscriberControllerTest" classname="Tests.Feature.SubscriberControllerTest" assertions="0" time="0.000000">
          <error type="Error">Tests\Feature\SubscriberControllerTest::test_create_displays_form
Error: Class "App\Models\User" not found

/www/wwwroot/jobportal.prus.dev/tests/Feature/SubscriberControllerTest.php:30</error>
        </testcase>
        <testcase name="test_store_creates_new_record" file="/www/wwwroot/jobportal.prus.dev/tests/Feature/SubscriberControllerTest.php" line="83" class="Tests\Feature\SubscriberControllerTest" classname="Tests.Feature.SubscriberControllerTest" assertions="0" time="0.000000">
          <error type="Error">Tests\Feature\SubscriberControllerTest::test_store_creates_new_record
Error: Class "App\Models\User" not found

/www/wwwroot/jobportal.prus.dev/tests/Feature/SubscriberControllerTest.php:30</error>
        </testcase>
        <testcase name="test_store_validates_required_fields" file="/www/wwwroot/jobportal.prus.dev/tests/Feature/SubscriberControllerTest.php" line="102" class="Tests\Feature\SubscriberControllerTest" classname="Tests.Feature.SubscriberControllerTest" assertions="0" time="0.000000">
          <error type="Error">Tests\Feature\SubscriberControllerTest::test_store_validates_required_fields
Error: Class "App\Models\User" not found

/www/wwwroot/jobportal.prus.dev/tests/Feature/SubscriberControllerTest.php:30</error>
        </testcase>
        <testcase name="test_show_displays_record" file="/www/wwwroot/jobportal.prus.dev/tests/Feature/SubscriberControllerTest.php" line="114" class="Tests\Feature\SubscriberControllerTest" classname="Tests.Feature.SubscriberControllerTest" assertions="0" time="0.000000">
          <error type="Error">Tests\Feature\SubscriberControllerTest::test_show_displays_record
Error: Class "App\Models\User" not found

/www/wwwroot/jobportal.prus.dev/tests/Feature/SubscriberControllerTest.php:30</error>
        </testcase>
        <testcase name="test_edit_displays_form" file="/www/wwwroot/jobportal.prus.dev/tests/Feature/SubscriberControllerTest.php" line="128" class="Tests\Feature\SubscriberControllerTest" classname="Tests.Feature.SubscriberControllerTest" assertions="0" time="0.000000">
          <error type="Error">Tests\Feature\SubscriberControllerTest::test_edit_displays_form
Error: Class "App\Models\User" not found

/www/wwwroot/jobportal.prus.dev/tests/Feature/SubscriberControllerTest.php:30</error>
        </testcase>
        <testcase name="test_update_modifies_record" file="/www/wwwroot/jobportal.prus.dev/tests/Feature/SubscriberControllerTest.php" line="139" class="Tests\Feature\SubscriberControllerTest" classname="Tests.Feature.SubscriberControllerTest" assertions="0" time="0.000000">
          <error type="Error">Tests\Feature\SubscriberControllerTest::test_update_modifies_record
Error: Class "App\Models\User" not found

/www/wwwroot/jobportal.prus.dev/tests/Feature/SubscriberControllerTest.php:30</error>
        </testcase>
        <testcase name="test_destroy_deletes_record" file="/www/wwwroot/jobportal.prus.dev/tests/Feature/SubscriberControllerTest.php" line="156" class="Tests\Feature\SubscriberControllerTest" classname="Tests.Feature.SubscriberControllerTest" assertions="0" time="0.000000">
          <error type="Error">Tests\Feature\SubscriberControllerTest::test_destroy_deletes_record
Error: Class "App\Models\User" not found

/www/wwwroot/jobportal.prus.dev/tests/Feature/SubscriberControllerTest.php:30</error>
        </testcase>
        <testcase name="test_unauthorized_access_is_prevented" file="/www/wwwroot/jobportal.prus.dev/tests/Feature/SubscriberControllerTest.php" line="168" class="Tests\Feature\SubscriberControllerTest" classname="Tests.Feature.SubscriberControllerTest" assertions="0" time="0.000000">
          <error type="Error">Tests\Feature\SubscriberControllerTest::test_unauthorized_access_is_prevented
Error: Class "App\Models\User" not found

/www/wwwroot/jobportal.prus.dev/tests/Feature/SubscriberControllerTest.php:30</error>
        </testcase>
        <testcase name="test_handles_invalid_input_gracefully" file="/www/wwwroot/jobportal.prus.dev/tests/Feature/SubscriberControllerTest.php" line="179" class="Tests\Feature\SubscriberControllerTest" classname="Tests.Feature.SubscriberControllerTest" assertions="0" time="0.000000">
          <error type="Error">Tests\Feature\SubscriberControllerTest::test_handles_invalid_input_gracefully
Error: Class "App\Models\User" not found

/www/wwwroot/jobportal.prus.dev/tests/Feature/SubscriberControllerTest.php:30</error>
        </testcase>
        <testcase name="test_search_functionality" file="/www/wwwroot/jobportal.prus.dev/tests/Feature/SubscriberControllerTest.php" line="196" class="Tests\Feature\SubscriberControllerTest" classname="Tests.Feature.SubscriberControllerTest" assertions="0" time="0.000000">
          <error type="Error">Tests\Feature\SubscriberControllerTest::test_search_functionality
Error: Class "App\Models\User" not found

/www/wwwroot/jobportal.prus.dev/tests/Feature/SubscriberControllerTest.php:30</error>
        </testcase>
        <testcase name="test_pagination_works_correctly" file="/www/wwwroot/jobportal.prus.dev/tests/Feature/SubscriberControllerTest.php" line="210" class="Tests\Feature\SubscriberControllerTest" classname="Tests.Feature.SubscriberControllerTest" assertions="0" time="0.000000">
          <error type="Error">Tests\Feature\SubscriberControllerTest::test_pagination_works_correctly
Error: Class "App\Models\User" not found

/www/wwwroot/jobportal.prus.dev/tests/Feature/SubscriberControllerTest.php:30</error>
        </testcase>
        <testcase name="test_csrf_protection_is_enforced" file="/www/wwwroot/jobportal.prus.dev/tests/Feature/SubscriberControllerTest.php" line="221" class="Tests\Feature\SubscriberControllerTest" classname="Tests.Feature.SubscriberControllerTest" assertions="0" time="0.000000">
          <error type="Error">Tests\Feature\SubscriberControllerTest::test_csrf_protection_is_enforced
Error: Class "App\Models\User" not found

/www/wwwroot/jobportal.prus.dev/tests/Feature/SubscriberControllerTest.php:30</error>
        </testcase>
        <testcase name="test_rate_limiting_prevents_abuse" file="/www/wwwroot/jobportal.prus.dev/tests/Feature/SubscriberControllerTest.php" line="233" class="Tests\Feature\SubscriberControllerTest" classname="Tests.Feature.SubscriberControllerTest" assertions="0" time="0.000000">
          <error type="Error">Tests\Feature\SubscriberControllerTest::test_rate_limiting_prevents_abuse
Error: Class "App\Models\User" not found

/www/wwwroot/jobportal.prus.dev/tests/Feature/SubscriberControllerTest.php:30</error>
        </testcase>
        <testcase name="test_handles_server_errors_gracefully" file="/www/wwwroot/jobportal.prus.dev/tests/Feature/SubscriberControllerTest.php" line="248" class="Tests\Feature\SubscriberControllerTest" classname="Tests.Feature.SubscriberControllerTest" assertions="0" time="0.000000">
          <error type="Error">Tests\Feature\SubscriberControllerTest::test_handles_server_errors_gracefully
Error: Class "App\Models\User" not found

/www/wwwroot/jobportal.prus.dev/tests/Feature/SubscriberControllerTest.php:30</error>
        </testcase>
      </testsuite>
      <testsuite name="Tests\Feature\TestimonialsControllerTest" file="/www/wwwroot/jobportal.prus.dev/tests/Feature/TestimonialsControllerTest.php" tests="11" assertions="0" errors="11" failures="0" skipped="0" time="0.000000">
        <testcase name="test_index_displays_correctly" file="/www/wwwroot/jobportal.prus.dev/tests/Feature/TestimonialsControllerTest.php" line="34" class="Tests\Feature\TestimonialsControllerTest" classname="Tests.Feature.TestimonialsControllerTest" assertions="0" time="0.000000">
          <error type="Error">Tests\Feature\TestimonialsControllerTest::test_index_displays_correctly
Error: Class "App\Models\User" not found

/www/wwwroot/jobportal.prus.dev/tests/Feature/TestimonialsControllerTest.php:28</error>
        </testcase>
        <testcase name="test_create_displays_form" file="/www/wwwroot/jobportal.prus.dev/tests/Feature/TestimonialsControllerTest.php" line="45" class="Tests\Feature\TestimonialsControllerTest" classname="Tests.Feature.TestimonialsControllerTest" assertions="0" time="0.000000">
          <error type="Error">Tests\Feature\TestimonialsControllerTest::test_create_displays_form
Error: Class "App\Models\User" not found

/www/wwwroot/jobportal.prus.dev/tests/Feature/TestimonialsControllerTest.php:28</error>
        </testcase>
        <testcase name="test_store_creates_new_record" file="/www/wwwroot/jobportal.prus.dev/tests/Feature/TestimonialsControllerTest.php" line="56" class="Tests\Feature\TestimonialsControllerTest" classname="Tests.Feature.TestimonialsControllerTest" assertions="0" time="0.000000">
          <error type="Error">Tests\Feature\TestimonialsControllerTest::test_store_creates_new_record
Error: Class "App\Models\User" not found

/www/wwwroot/jobportal.prus.dev/tests/Feature/TestimonialsControllerTest.php:28</error>
        </testcase>
        <testcase name="test_store_validates_required_fields" file="/www/wwwroot/jobportal.prus.dev/tests/Feature/TestimonialsControllerTest.php" line="78" class="Tests\Feature\TestimonialsControllerTest" classname="Tests.Feature.TestimonialsControllerTest" assertions="0" time="0.000000">
          <error type="Error">Tests\Feature\TestimonialsControllerTest::test_store_validates_required_fields
Error: Class "App\Models\User" not found

/www/wwwroot/jobportal.prus.dev/tests/Feature/TestimonialsControllerTest.php:28</error>
        </testcase>
        <testcase name="test_show_displays_record" file="/www/wwwroot/jobportal.prus.dev/tests/Feature/TestimonialsControllerTest.php" line="89" class="Tests\Feature\TestimonialsControllerTest" classname="Tests.Feature.TestimonialsControllerTest" assertions="0" time="0.000000">
          <error type="Error">Tests\Feature\TestimonialsControllerTest::test_show_displays_record
Error: Class "App\Models\User" not found

/www/wwwroot/jobportal.prus.dev/tests/Feature/TestimonialsControllerTest.php:28</error>
        </testcase>
        <testcase name="test_edit_displays_form" file="/www/wwwroot/jobportal.prus.dev/tests/Feature/TestimonialsControllerTest.php" line="102" class="Tests\Feature\TestimonialsControllerTest" classname="Tests.Feature.TestimonialsControllerTest" assertions="0" time="0.000000">
          <error type="Error">Tests\Feature\TestimonialsControllerTest::test_edit_displays_form
Error: Class "App\Models\User" not found

/www/wwwroot/jobportal.prus.dev/tests/Feature/TestimonialsControllerTest.php:28</error>
        </testcase>
        <testcase name="test_update_modifies_record" file="/www/wwwroot/jobportal.prus.dev/tests/Feature/TestimonialsControllerTest.php" line="115" class="Tests\Feature\TestimonialsControllerTest" classname="Tests.Feature.TestimonialsControllerTest" assertions="0" time="0.000000">
          <error type="Error">Tests\Feature\TestimonialsControllerTest::test_update_modifies_record
Error: Class "App\Models\User" not found

/www/wwwroot/jobportal.prus.dev/tests/Feature/TestimonialsControllerTest.php:28</error>
        </testcase>
        <testcase name="test_destroy_deletes_record" file="/www/wwwroot/jobportal.prus.dev/tests/Feature/TestimonialsControllerTest.php" line="136" class="Tests\Feature\TestimonialsControllerTest" classname="Tests.Feature.TestimonialsControllerTest" assertions="0" time="0.000000">
          <error type="Error">Tests\Feature\TestimonialsControllerTest::test_destroy_deletes_record
Error: Class "App\Models\User" not found

/www/wwwroot/jobportal.prus.dev/tests/Feature/TestimonialsControllerTest.php:28</error>
        </testcase>
        <testcase name="test_unauthorized_access_is_prevented" file="/www/wwwroot/jobportal.prus.dev/tests/Feature/TestimonialsControllerTest.php" line="150" class="Tests\Feature\TestimonialsControllerTest" classname="Tests.Feature.TestimonialsControllerTest" assertions="0" time="0.000000">
          <error type="Error">Tests\Feature\TestimonialsControllerTest::test_unauthorized_access_is_prevented
Error: Class "App\Models\User" not found

/www/wwwroot/jobportal.prus.dev/tests/Feature/TestimonialsControllerTest.php:28</error>
        </testcase>
        <testcase name="test_store_with_invalid_email" file="/www/wwwroot/jobportal.prus.dev/tests/Feature/TestimonialsControllerTest.php" line="160" class="Tests\Feature\TestimonialsControllerTest" classname="Tests.Feature.TestimonialsControllerTest" assertions="0" time="0.000000">
          <error type="Error">Tests\Feature\TestimonialsControllerTest::test_store_with_invalid_email
Error: Class "App\Models\User" not found

/www/wwwroot/jobportal.prus.dev/tests/Feature/TestimonialsControllerTest.php:28</error>
        </testcase>
        <testcase name="test_store_prevents_duplicate_names" file="/www/wwwroot/jobportal.prus.dev/tests/Feature/TestimonialsControllerTest.php" line="177" class="Tests\Feature\TestimonialsControllerTest" classname="Tests.Feature.TestimonialsControllerTest" assertions="0" time="0.000000">
          <error type="Error">Tests\Feature\TestimonialsControllerTest::test_store_prevents_duplicate_names
Error: Class "App\Models\User" not found

/www/wwwroot/jobportal.prus.dev/tests/Feature/TestimonialsControllerTest.php:28</error>
        </testcase>
      </testsuite>
      <testsuite name="Tests\Feature\TranslationManagerControllerTest" file="/www/wwwroot/jobportal.prus.dev/tests/Feature/TranslationManagerControllerTest.php" tests="11" assertions="0" errors="11" failures="0" skipped="0" time="0.000000">
        <testcase name="test_index_displays_correctly" file="/www/wwwroot/jobportal.prus.dev/tests/Feature/TranslationManagerControllerTest.php" line="34" class="Tests\Feature\TranslationManagerControllerTest" classname="Tests.Feature.TranslationManagerControllerTest" assertions="0" time="0.000000">
          <error type="Error">Tests\Feature\TranslationManagerControllerTest::test_index_displays_correctly
Error: Class "App\Models\User" not found

/www/wwwroot/jobportal.prus.dev/tests/Feature/TranslationManagerControllerTest.php:28</error>
        </testcase>
        <testcase name="test_create_displays_form" file="/www/wwwroot/jobportal.prus.dev/tests/Feature/TranslationManagerControllerTest.php" line="45" class="Tests\Feature\TranslationManagerControllerTest" classname="Tests.Feature.TranslationManagerControllerTest" assertions="0" time="0.000000">
          <error type="Error">Tests\Feature\TranslationManagerControllerTest::test_create_displays_form
Error: Class "App\Models\User" not found

/www/wwwroot/jobportal.prus.dev/tests/Feature/TranslationManagerControllerTest.php:28</error>
        </testcase>
        <testcase name="test_store_creates_new_record" file="/www/wwwroot/jobportal.prus.dev/tests/Feature/TranslationManagerControllerTest.php" line="56" class="Tests\Feature\TranslationManagerControllerTest" classname="Tests.Feature.TranslationManagerControllerTest" assertions="0" time="0.000000">
          <error type="Error">Tests\Feature\TranslationManagerControllerTest::test_store_creates_new_record
Error: Class "App\Models\User" not found

/www/wwwroot/jobportal.prus.dev/tests/Feature/TranslationManagerControllerTest.php:28</error>
        </testcase>
        <testcase name="test_store_validates_required_fields" file="/www/wwwroot/jobportal.prus.dev/tests/Feature/TranslationManagerControllerTest.php" line="78" class="Tests\Feature\TranslationManagerControllerTest" classname="Tests.Feature.TranslationManagerControllerTest" assertions="0" time="0.000000">
          <error type="Error">Tests\Feature\TranslationManagerControllerTest::test_store_validates_required_fields
Error: Class "App\Models\User" not found

/www/wwwroot/jobportal.prus.dev/tests/Feature/TranslationManagerControllerTest.php:28</error>
        </testcase>
        <testcase name="test_show_displays_record" file="/www/wwwroot/jobportal.prus.dev/tests/Feature/TranslationManagerControllerTest.php" line="89" class="Tests\Feature\TranslationManagerControllerTest" classname="Tests.Feature.TranslationManagerControllerTest" assertions="0" time="0.000000">
          <error type="Error">Tests\Feature\TranslationManagerControllerTest::test_show_displays_record
Error: Class "App\Models\User" not found

/www/wwwroot/jobportal.prus.dev/tests/Feature/TranslationManagerControllerTest.php:28</error>
        </testcase>
        <testcase name="test_edit_displays_form" file="/www/wwwroot/jobportal.prus.dev/tests/Feature/TranslationManagerControllerTest.php" line="102" class="Tests\Feature\TranslationManagerControllerTest" classname="Tests.Feature.TranslationManagerControllerTest" assertions="0" time="0.000000">
          <error type="Error">Tests\Feature\TranslationManagerControllerTest::test_edit_displays_form
Error: Class "App\Models\User" not found

/www/wwwroot/jobportal.prus.dev/tests/Feature/TranslationManagerControllerTest.php:28</error>
        </testcase>
        <testcase name="test_update_modifies_record" file="/www/wwwroot/jobportal.prus.dev/tests/Feature/TranslationManagerControllerTest.php" line="115" class="Tests\Feature\TranslationManagerControllerTest" classname="Tests.Feature.TranslationManagerControllerTest" assertions="0" time="0.000000">
          <error type="Error">Tests\Feature\TranslationManagerControllerTest::test_update_modifies_record
Error: Class "App\Models\User" not found

/www/wwwroot/jobportal.prus.dev/tests/Feature/TranslationManagerControllerTest.php:28</error>
        </testcase>
        <testcase name="test_destroy_deletes_record" file="/www/wwwroot/jobportal.prus.dev/tests/Feature/TranslationManagerControllerTest.php" line="136" class="Tests\Feature\TranslationManagerControllerTest" classname="Tests.Feature.TranslationManagerControllerTest" assertions="0" time="0.000000">
          <error type="Error">Tests\Feature\TranslationManagerControllerTest::test_destroy_deletes_record
Error: Class "App\Models\User" not found

/www/wwwroot/jobportal.prus.dev/tests/Feature/TranslationManagerControllerTest.php:28</error>
        </testcase>
        <testcase name="test_unauthorized_access_is_prevented" file="/www/wwwroot/jobportal.prus.dev/tests/Feature/TranslationManagerControllerTest.php" line="150" class="Tests\Feature\TranslationManagerControllerTest" classname="Tests.Feature.TranslationManagerControllerTest" assertions="0" time="0.000000">
          <error type="Error">Tests\Feature\TranslationManagerControllerTest::test_unauthorized_access_is_prevented
Error: Class "App\Models\User" not found

/www/wwwroot/jobportal.prus.dev/tests/Feature/TranslationManagerControllerTest.php:28</error>
        </testcase>
        <testcase name="test_store_with_invalid_email" file="/www/wwwroot/jobportal.prus.dev/tests/Feature/TranslationManagerControllerTest.php" line="160" class="Tests\Feature\TranslationManagerControllerTest" classname="Tests.Feature.TranslationManagerControllerTest" assertions="0" time="0.000000">
          <error type="Error">Tests\Feature\TranslationManagerControllerTest::test_store_with_invalid_email
Error: Class "App\Models\User" not found

/www/wwwroot/jobportal.prus.dev/tests/Feature/TranslationManagerControllerTest.php:28</error>
        </testcase>
        <testcase name="test_store_prevents_duplicate_names" file="/www/wwwroot/jobportal.prus.dev/tests/Feature/TranslationManagerControllerTest.php" line="177" class="Tests\Feature\TranslationManagerControllerTest" classname="Tests.Feature.TranslationManagerControllerTest" assertions="0" time="0.000000">
          <error type="Error">Tests\Feature\TranslationManagerControllerTest::test_store_prevents_duplicate_names
Error: Class "App\Models\User" not found

/www/wwwroot/jobportal.prus.dev/tests/Feature/TranslationManagerControllerTest.php:28</error>
        </testcase>
      </testsuite>
      <testsuite name="Tests\Feature\UniqueValues\BasicUniqueValueTest" file="/www/wwwroot/jobportal.prus.dev/tests/Feature/UniqueValues/BasicUniqueValueTest.php" tests="3" assertions="6" errors="0" failures="0" skipped="0" time="1.462711">
        <testcase name="it_can_generate_basic_unique_values" file="/www/wwwroot/jobportal.prus.dev/tests/Feature/UniqueValues/BasicUniqueValueTest.php" line="14" class="Tests\Feature\UniqueValues\BasicUniqueValueTest" classname="Tests.Feature.UniqueValues.BasicUniqueValueTest" assertions="2" time="0.468429"/>
        <testcase name="it_works_with_subject_persistence" file="/www/wwwroot/jobportal.prus.dev/tests/Feature/UniqueValues/BasicUniqueValueTest.php" line="35" class="Tests\Feature\UniqueValues\BasicUniqueValueTest" classname="Tests.Feature.UniqueValues.BasicUniqueValueTest" assertions="2" time="0.485463"/>
        <testcase name="it_can_generate_job_reference_style_values" file="/www/wwwroot/jobportal.prus.dev/tests/Feature/UniqueValues/BasicUniqueValueTest.php" line="61" class="Tests\Feature\UniqueValues\BasicUniqueValueTest" classname="Tests.Feature.UniqueValues.BasicUniqueValueTest" assertions="2" time="0.508819"/>
      </testsuite>
      <testsuite name="Tests\Feature\UniqueValues\UniqueValueGenerationTest" file="/www/wwwroot/jobportal.prus.dev/tests/Feature/UniqueValues/UniqueValueGenerationTest.php" tests="15" assertions="58" errors="0" failures="0" skipped="0" time="8.159201">
        <testcase name="it_can_generate_unique_job_reference" file="/www/wwwroot/jobportal.prus.dev/tests/Feature/UniqueValues/UniqueValueGenerationTest.php" line="25" class="Tests\Feature\UniqueValues\UniqueValueGenerationTest" classname="Tests.Feature.UniqueValues.UniqueValueGenerationTest" assertions="4" time="0.486731"/>
        <testcase name="it_can_generate_unique_application_code" file="/www/wwwroot/jobportal.prus.dev/tests/Feature/UniqueValues/UniqueValueGenerationTest.php" line="37" class="Tests\Feature\UniqueValues\UniqueValueGenerationTest" classname="Tests.Feature.UniqueValues.UniqueValueGenerationTest" assertions="4" time="0.473550"/>
        <testcase name="it_can_generate_unique_candidate_code" file="/www/wwwroot/jobportal.prus.dev/tests/Feature/UniqueValues/UniqueValueGenerationTest.php" line="49" class="Tests\Feature\UniqueValues\UniqueValueGenerationTest" classname="Tests.Feature.UniqueValues.UniqueValueGenerationTest" assertions="4" time="0.471577"/>
        <testcase name="it_can_generate_unique_company_code" file="/www/wwwroot/jobportal.prus.dev/tests/Feature/UniqueValues/UniqueValueGenerationTest.php" line="61" class="Tests\Feature\UniqueValues\UniqueValueGenerationTest" classname="Tests.Feature.UniqueValues.UniqueValueGenerationTest" assertions="4" time="0.472121"/>
        <testcase name="it_can_generate_unique_slugs" file="/www/wwwroot/jobportal.prus.dev/tests/Feature/UniqueValues/UniqueValueGenerationTest.php" line="73" class="Tests\Feature\UniqueValues\UniqueValueGenerationTest" classname="Tests.Feature.UniqueValues.UniqueValueGenerationTest" assertions="2" time="0.471802"/>
        <testcase name="it_can_generate_unique_invoice_number" file="/www/wwwroot/jobportal.prus.dev/tests/Feature/UniqueValues/UniqueValueGenerationTest.php" line="83" class="Tests\Feature\UniqueValues\UniqueValueGenerationTest" classname="Tests.Feature.UniqueValues.UniqueValueGenerationTest" assertions="4" time="0.477564"/>
        <testcase name="it_can_generate_unique_api_key" file="/www/wwwroot/jobportal.prus.dev/tests/Feature/UniqueValues/UniqueValueGenerationTest.php" line="95" class="Tests\Feature\UniqueValues\UniqueValueGenerationTest" classname="Tests.Feature.UniqueValues.UniqueValueGenerationTest" assertions="4" time="0.614602"/>
        <testcase name="it_can_generate_unique_order_reference" file="/www/wwwroot/jobportal.prus.dev/tests/Feature/UniqueValues/UniqueValueGenerationTest.php" line="107" class="Tests\Feature\UniqueValues\UniqueValueGenerationTest" classname="Tests.Feature.UniqueValues.UniqueValueGenerationTest" assertions="4" time="0.483842"/>
        <testcase name="it_handles_concurrency_with_subjects" file="/www/wwwroot/jobportal.prus.dev/tests/Feature/UniqueValues/UniqueValueGenerationTest.php" line="119" class="Tests\Feature\UniqueValues\UniqueValueGenerationTest" classname="Tests.Feature.UniqueValues.UniqueValueGenerationTest" assertions="2" time="0.588856"/>
        <testcase name="it_can_generate_custom_unique_values" file="/www/wwwroot/jobportal.prus.dev/tests/Feature/UniqueValues/UniqueValueGenerationTest.php" line="135" class="Tests\Feature\UniqueValues\UniqueValueGenerationTest" classname="Tests.Feature.UniqueValues.UniqueValueGenerationTest" assertions="2" time="0.509217"/>
        <testcase name="it_can_generate_batch_values" file="/www/wwwroot/jobportal.prus.dev/tests/Feature/UniqueValues/UniqueValueGenerationTest.php" line="162" class="Tests\Feature\UniqueValues\UniqueValueGenerationTest" classname="Tests.Feature.UniqueValues.UniqueValueGenerationTest" assertions="8" time="0.511820"/>
        <testcase name="it_provides_generation_statistics" file="/www/wwwroot/jobportal.prus.dev/tests/Feature/UniqueValues/UniqueValueGenerationTest.php" line="182" class="Tests\Feature\UniqueValues\UniqueValueGenerationTest" classname="Tests.Feature.UniqueValues.UniqueValueGenerationTest" assertions="11" time="0.698605"/>
        <testcase name="it_handles_failed_generation_gracefully" file="/www/wwwroot/jobportal.prus.dev/tests/Feature/UniqueValues/UniqueValueGenerationTest.php" line="207" class="Tests\Feature\UniqueValues\UniqueValueGenerationTest" classname="Tests.Feature.UniqueValues.UniqueValueGenerationTest" assertions="1" time="0.628553"/>
        <testcase name="it_respects_maximum_attempts" file="/www/wwwroot/jobportal.prus.dev/tests/Feature/UniqueValues/UniqueValueGenerationTest.php" line="215" class="Tests\Feature\UniqueValues\UniqueValueGenerationTest" classname="Tests.Feature.UniqueValues.UniqueValueGenerationTest" assertions="2" time="0.539171"/>
        <testcase name="it_works_with_different_scopes" file="/www/wwwroot/jobportal.prus.dev/tests/Feature/UniqueValues/UniqueValueGenerationTest.php" line="242" class="Tests\Feature\UniqueValues\UniqueValueGenerationTest" classname="Tests.Feature.UniqueValues.UniqueValueGenerationTest" assertions="2" time="0.731190"/>
      </testsuite>
      <testsuite name="Tests\Feature\Universal\UniversalApiTest" file="/www/wwwroot/jobportal.prus.dev/tests/Feature/Universal/UniversalApiTest.php" tests="14" assertions="0" errors="14" failures="0" skipped="0" time="0.000000">
        <testcase name="test_unauthenticated_access_is_blocked" file="/www/wwwroot/jobportal.prus.dev/tests/Feature/Universal/UniversalApiTest.php" line="39" class="Tests\Feature\Universal\UniversalApiTest" classname="Tests.Feature.Universal.UniversalApiTest" assertions="0" time="0.000000">
          <error type="Error">Tests\Feature\Universal\UniversalApiTest::test_unauthenticated_access_is_blocked
Error: Class "App\Models\User" not found

/www/wwwroot/jobportal.prus.dev/database/seeders/SQLiteOptimizedSeeder.php:264
/www/wwwroot/jobportal.prus.dev/database/seeders/SQLiteOptimizedSeeder.php:68
/www/wwwroot/jobportal.prus.dev/vendor/laravel/framework/src/Illuminate/Container/BoundMethod.php:36
/www/wwwroot/jobportal.prus.dev/vendor/laravel/framework/src/Illuminate/Container/Util.php:43
/www/wwwroot/jobportal.prus.dev/vendor/laravel/framework/src/Illuminate/Container/BoundMethod.php:96
/www/wwwroot/jobportal.prus.dev/vendor/laravel/framework/src/Illuminate/Container/BoundMethod.php:35
/www/wwwroot/jobportal.prus.dev/vendor/laravel/framework/src/Illuminate/Container/Container.php:754
/www/wwwroot/jobportal.prus.dev/vendor/laravel/framework/src/Illuminate/Database/Seeder.php:188
/www/wwwroot/jobportal.prus.dev/vendor/laravel/framework/src/Illuminate/Database/Seeder.php:197
/www/wwwroot/jobportal.prus.dev/vendor/laravel/framework/src/Illuminate/Database/Seeder.php:61
/www/wwwroot/jobportal.prus.dev/database/seeders/DatabaseSeeder.php:20
/www/wwwroot/jobportal.prus.dev/vendor/laravel/framework/src/Illuminate/Container/BoundMethod.php:36
/www/wwwroot/jobportal.prus.dev/vendor/laravel/framework/src/Illuminate/Container/Util.php:43
/www/wwwroot/jobportal.prus.dev/vendor/laravel/framework/src/Illuminate/Container/BoundMethod.php:96
/www/wwwroot/jobportal.prus.dev/vendor/laravel/framework/src/Illuminate/Container/BoundMethod.php:35
/www/wwwroot/jobportal.prus.dev/vendor/laravel/framework/src/Illuminate/Container/Container.php:754
/www/wwwroot/jobportal.prus.dev/vendor/laravel/framework/src/Illuminate/Database/Seeder.php:188
/www/wwwroot/jobportal.prus.dev/vendor/laravel/framework/src/Illuminate/Database/Seeder.php:197
/www/wwwroot/jobportal.prus.dev/vendor/laravel/framework/src/Illuminate/Database/Console/Seeds/SeedCommand.php:71
/www/wwwroot/jobportal.prus.dev/vendor/laravel/framework/src/Illuminate/Database/Eloquent/Concerns/GuardsAttributes.php:157
/www/wwwroot/jobportal.prus.dev/vendor/laravel/framework/src/Illuminate/Database/Console/Seeds/SeedCommand.php:70
/www/wwwroot/jobportal.prus.dev/vendor/laravel/framework/src/Illuminate/Container/BoundMethod.php:36
/www/wwwroot/jobportal.prus.dev/vendor/laravel/framework/src/Illuminate/Container/Util.php:43
/www/wwwroot/jobportal.prus.dev/vendor/laravel/framework/src/Illuminate/Container/BoundMethod.php:96
/www/wwwroot/jobportal.prus.dev/vendor/laravel/framework/src/Illuminate/Container/BoundMethod.php:35
/www/wwwroot/jobportal.prus.dev/vendor/laravel/framework/src/Illuminate/Container/Container.php:754
/www/wwwroot/jobportal.prus.dev/vendor/laravel/framework/src/Illuminate/Console/Command.php:211
/www/wwwroot/jobportal.prus.dev/vendor/symfony/console/Command/Command.php:318
/www/wwwroot/jobportal.prus.dev/vendor/laravel/framework/src/Illuminate/Console/Command.php:180
/www/wwwroot/jobportal.prus.dev/vendor/symfony/console/Application.php:1074
/www/wwwroot/jobportal.prus.dev/vendor/symfony/console/Application.php:341
/www/wwwroot/jobportal.prus.dev/vendor/symfony/console/Application.php:192
/www/wwwroot/jobportal.prus.dev/vendor/laravel/framework/src/Illuminate/Console/Application.php:165
/www/wwwroot/jobportal.prus.dev/vendor/laravel/framework/src/Illuminate/Foundation/Console/Kernel.php:426
/www/wwwroot/jobportal.prus.dev/vendor/laravel/framework/src/Illuminate/Testing/PendingCommand.php:330
/www/wwwroot/jobportal.prus.dev/vendor/laravel/framework/src/Illuminate/Testing/PendingCommand.php:533
/www/wwwroot/jobportal.prus.dev/vendor/laravel/framework/src/Illuminate/Foundation/Testing/Concerns/InteractsWithConsole.php:87
/www/wwwroot/jobportal.prus.dev/tests/Feature/Universal/UniversalApiTest.php:33</error>
        </testcase>
        <testcase name="test_authenticated_user_endpoint" file="/www/wwwroot/jobportal.prus.dev/tests/Feature/Universal/UniversalApiTest.php" line="49" class="Tests\Feature\Universal\UniversalApiTest" classname="Tests.Feature.Universal.UniversalApiTest" assertions="0" time="0.000000">
          <error type="Illuminate\Database\UniqueConstraintViolationException">Tests\Feature\Universal\UniversalApiTest::test_authenticated_user_endpoint
Illuminate\Database\UniqueConstraintViolationException: SQLSTATE[23000]: Integrity constraint violation: 19 UNIQUE constraint failed: settings.key (Connection: sqlite, SQL: insert into "settings" ("key", "value", "updated_at", "created_at") values (molestiae, voluptatem, 2025-08-09 11:18:00, 2025-08-09 11:18:00))

/www/wwwroot/jobportal.prus.dev/vendor/laravel/framework/src/Illuminate/Database/Connection.php:817
/www/wwwroot/jobportal.prus.dev/vendor/laravel/framework/src/Illuminate/Database/Connection.php:776
/www/wwwroot/jobportal.prus.dev/vendor/laravel/framework/src/Illuminate/Database/Connection.php:557
/www/wwwroot/jobportal.prus.dev/vendor/laravel/framework/src/Illuminate/Database/Connection.php:521
/www/wwwroot/jobportal.prus.dev/vendor/laravel/framework/src/Illuminate/Database/Query/Processors/Processor.php:32
/www/wwwroot/jobportal.prus.dev/vendor/laravel/framework/src/Illuminate/Database/Query/Builder.php:3796
/www/wwwroot/jobportal.prus.dev/vendor/laravel/framework/src/Illuminate/Database/Eloquent/Builder.php:2205
/www/wwwroot/jobportal.prus.dev/vendor/laravel/framework/src/Illuminate/Database/Eloquent/Model.php:1408
/www/wwwroot/jobportal.prus.dev/vendor/laravel/framework/src/Illuminate/Database/Eloquent/Model.php:1373
/www/wwwroot/jobportal.prus.dev/vendor/laravel/framework/src/Illuminate/Database/Eloquent/Model.php:1212
/www/wwwroot/jobportal.prus.dev/vendor/laravel/framework/src/Illuminate/Database/Eloquent/Factories/Factory.php:351
/www/wwwroot/jobportal.prus.dev/vendor/laravel/framework/src/Illuminate/Collections/Traits/EnumeratesValues.php:271
/www/wwwroot/jobportal.prus.dev/vendor/laravel/framework/src/Illuminate/Database/Eloquent/Factories/Factory.php:346
/www/wwwroot/jobportal.prus.dev/vendor/laravel/framework/src/Illuminate/Database/Eloquent/Factories/Factory.php:306
/www/wwwroot/jobportal.prus.dev/database/seeders/SQLiteOptimizedSeeder.php:171
/www/wwwroot/jobportal.prus.dev/database/seeders/SQLiteOptimizedSeeder.php:60
/www/wwwroot/jobportal.prus.dev/vendor/laravel/framework/src/Illuminate/Container/BoundMethod.php:36
/www/wwwroot/jobportal.prus.dev/vendor/laravel/framework/src/Illuminate/Container/Util.php:43
/www/wwwroot/jobportal.prus.dev/vendor/laravel/framework/src/Illuminate/Container/BoundMethod.php:96
/www/wwwroot/jobportal.prus.dev/vendor/laravel/framework/src/Illuminate/Container/BoundMethod.php:35
/www/wwwroot/jobportal.prus.dev/vendor/laravel/framework/src/Illuminate/Container/Container.php:754
/www/wwwroot/jobportal.prus.dev/vendor/laravel/framework/src/Illuminate/Database/Seeder.php:188
/www/wwwroot/jobportal.prus.dev/vendor/laravel/framework/src/Illuminate/Database/Seeder.php:197
/www/wwwroot/jobportal.prus.dev/vendor/laravel/framework/src/Illuminate/Database/Seeder.php:61
/www/wwwroot/jobportal.prus.dev/database/seeders/DatabaseSeeder.php:20
/www/wwwroot/jobportal.prus.dev/vendor/laravel/framework/src/Illuminate/Container/BoundMethod.php:36
/www/wwwroot/jobportal.prus.dev/vendor/laravel/framework/src/Illuminate/Container/Util.php:43
/www/wwwroot/jobportal.prus.dev/vendor/laravel/framework/src/Illuminate/Container/BoundMethod.php:96
/www/wwwroot/jobportal.prus.dev/vendor/laravel/framework/src/Illuminate/Container/BoundMethod.php:35
/www/wwwroot/jobportal.prus.dev/vendor/laravel/framework/src/Illuminate/Container/Container.php:754
/www/wwwroot/jobportal.prus.dev/vendor/laravel/framework/src/Illuminate/Database/Seeder.php:188
/www/wwwroot/jobportal.prus.dev/vendor/laravel/framework/src/Illuminate/Database/Seeder.php:197
/www/wwwroot/jobportal.prus.dev/vendor/laravel/framework/src/Illuminate/Database/Console/Seeds/SeedCommand.php:71
/www/wwwroot/jobportal.prus.dev/vendor/laravel/framework/src/Illuminate/Database/Eloquent/Concerns/GuardsAttributes.php:157
/www/wwwroot/jobportal.prus.dev/vendor/laravel/framework/src/Illuminate/Database/Console/Seeds/SeedCommand.php:70
/www/wwwroot/jobportal.prus.dev/vendor/laravel/framework/src/Illuminate/Container/BoundMethod.php:36
/www/wwwroot/jobportal.prus.dev/vendor/laravel/framework/src/Illuminate/Container/Util.php:43
/www/wwwroot/jobportal.prus.dev/vendor/laravel/framework/src/Illuminate/Container/BoundMethod.php:96
/www/wwwroot/jobportal.prus.dev/vendor/laravel/framework/src/Illuminate/Container/BoundMethod.php:35
/www/wwwroot/jobportal.prus.dev/vendor/laravel/framework/src/Illuminate/Container/Container.php:754
/www/wwwroot/jobportal.prus.dev/vendor/laravel/framework/src/Illuminate/Console/Command.php:211
/www/wwwroot/jobportal.prus.dev/vendor/symfony/console/Command/Command.php:318
/www/wwwroot/jobportal.prus.dev/vendor/laravel/framework/src/Illuminate/Console/Command.php:180
/www/wwwroot/jobportal.prus.dev/vendor/symfony/console/Application.php:1074
/www/wwwroot/jobportal.prus.dev/vendor/symfony/console/Application.php:341
/www/wwwroot/jobportal.prus.dev/vendor/symfony/console/Application.php:192
/www/wwwroot/jobportal.prus.dev/vendor/laravel/framework/src/Illuminate/Console/Application.php:165
/www/wwwroot/jobportal.prus.dev/vendor/laravel/framework/src/Illuminate/Foundation/Console/Kernel.php:426
/www/wwwroot/jobportal.prus.dev/vendor/laravel/framework/src/Illuminate/Testing/PendingCommand.php:330
/www/wwwroot/jobportal.prus.dev/vendor/laravel/framework/src/Illuminate/Testing/PendingCommand.php:533
/www/wwwroot/jobportal.prus.dev/vendor/laravel/framework/src/Illuminate/Foundation/Testing/Concerns/InteractsWithConsole.php:87
/www/wwwroot/jobportal.prus.dev/tests/Feature/Universal/UniversalApiTest.php:33</error>
        </testcase>
        <testcase name="test_public_jobs_index_endpoint" file="/www/wwwroot/jobportal.prus.dev/tests/Feature/Universal/UniversalApiTest.php" line="72" class="Tests\Feature\Universal\UniversalApiTest" classname="Tests.Feature.Universal.UniversalApiTest" assertions="0" time="0.000000">
          <error type="Error">Tests\Feature\Universal\UniversalApiTest::test_public_jobs_index_endpoint
Error: Class "App\Models\User" not found

/www/wwwroot/jobportal.prus.dev/database/seeders/SQLiteOptimizedSeeder.php:264
/www/wwwroot/jobportal.prus.dev/database/seeders/SQLiteOptimizedSeeder.php:68
/www/wwwroot/jobportal.prus.dev/vendor/laravel/framework/src/Illuminate/Container/BoundMethod.php:36
/www/wwwroot/jobportal.prus.dev/vendor/laravel/framework/src/Illuminate/Container/Util.php:43
/www/wwwroot/jobportal.prus.dev/vendor/laravel/framework/src/Illuminate/Container/BoundMethod.php:96
/www/wwwroot/jobportal.prus.dev/vendor/laravel/framework/src/Illuminate/Container/BoundMethod.php:35
/www/wwwroot/jobportal.prus.dev/vendor/laravel/framework/src/Illuminate/Container/Container.php:754
/www/wwwroot/jobportal.prus.dev/vendor/laravel/framework/src/Illuminate/Database/Seeder.php:188
/www/wwwroot/jobportal.prus.dev/vendor/laravel/framework/src/Illuminate/Database/Seeder.php:197
/www/wwwroot/jobportal.prus.dev/vendor/laravel/framework/src/Illuminate/Database/Seeder.php:61
/www/wwwroot/jobportal.prus.dev/database/seeders/DatabaseSeeder.php:20
/www/wwwroot/jobportal.prus.dev/vendor/laravel/framework/src/Illuminate/Container/BoundMethod.php:36
/www/wwwroot/jobportal.prus.dev/vendor/laravel/framework/src/Illuminate/Container/Util.php:43
/www/wwwroot/jobportal.prus.dev/vendor/laravel/framework/src/Illuminate/Container/BoundMethod.php:96
/www/wwwroot/jobportal.prus.dev/vendor/laravel/framework/src/Illuminate/Container/BoundMethod.php:35
/www/wwwroot/jobportal.prus.dev/vendor/laravel/framework/src/Illuminate/Container/Container.php:754
/www/wwwroot/jobportal.prus.dev/vendor/laravel/framework/src/Illuminate/Database/Seeder.php:188
/www/wwwroot/jobportal.prus.dev/vendor/laravel/framework/src/Illuminate/Database/Seeder.php:197
/www/wwwroot/jobportal.prus.dev/vendor/laravel/framework/src/Illuminate/Database/Console/Seeds/SeedCommand.php:71
/www/wwwroot/jobportal.prus.dev/vendor/laravel/framework/src/Illuminate/Database/Eloquent/Concerns/GuardsAttributes.php:157
/www/wwwroot/jobportal.prus.dev/vendor/laravel/framework/src/Illuminate/Database/Console/Seeds/SeedCommand.php:70
/www/wwwroot/jobportal.prus.dev/vendor/laravel/framework/src/Illuminate/Container/BoundMethod.php:36
/www/wwwroot/jobportal.prus.dev/vendor/laravel/framework/src/Illuminate/Container/Util.php:43
/www/wwwroot/jobportal.prus.dev/vendor/laravel/framework/src/Illuminate/Container/BoundMethod.php:96
/www/wwwroot/jobportal.prus.dev/vendor/laravel/framework/src/Illuminate/Container/BoundMethod.php:35
/www/wwwroot/jobportal.prus.dev/vendor/laravel/framework/src/Illuminate/Container/Container.php:754
/www/wwwroot/jobportal.prus.dev/vendor/laravel/framework/src/Illuminate/Console/Command.php:211
/www/wwwroot/jobportal.prus.dev/vendor/symfony/console/Command/Command.php:318
/www/wwwroot/jobportal.prus.dev/vendor/laravel/framework/src/Illuminate/Console/Command.php:180
/www/wwwroot/jobportal.prus.dev/vendor/symfony/console/Application.php:1074
/www/wwwroot/jobportal.prus.dev/vendor/symfony/console/Application.php:341
/www/wwwroot/jobportal.prus.dev/vendor/symfony/console/Application.php:192
/www/wwwroot/jobportal.prus.dev/vendor/laravel/framework/src/Illuminate/Console/Application.php:165
/www/wwwroot/jobportal.prus.dev/vendor/laravel/framework/src/Illuminate/Foundation/Console/Kernel.php:426
/www/wwwroot/jobportal.prus.dev/vendor/laravel/framework/src/Illuminate/Testing/PendingCommand.php:330
/www/wwwroot/jobportal.prus.dev/vendor/laravel/framework/src/Illuminate/Testing/PendingCommand.php:533
/www/wwwroot/jobportal.prus.dev/vendor/laravel/framework/src/Illuminate/Foundation/Testing/Concerns/InteractsWithConsole.php:87
/www/wwwroot/jobportal.prus.dev/tests/Feature/Universal/UniversalApiTest.php:33</error>
        </testcase>
        <testcase name="test_public_job_show_endpoint" file="/www/wwwroot/jobportal.prus.dev/tests/Feature/Universal/UniversalApiTest.php" line="114" class="Tests\Feature\Universal\UniversalApiTest" classname="Tests.Feature.Universal.UniversalApiTest" assertions="0" time="0.000000">
          <error type="Illuminate\Database\UniqueConstraintViolationException">Tests\Feature\Universal\UniversalApiTest::test_public_job_show_endpoint
Illuminate\Database\UniqueConstraintViolationException: SQLSTATE[23000]: Integrity constraint violation: 19 UNIQUE constraint failed: settings.key (Connection: sqlite, SQL: insert into "settings" ("key", "value", "updated_at", "created_at") values (est, quisquam, 2025-08-09 11:18:01, 2025-08-09 11:18:01))

/www/wwwroot/jobportal.prus.dev/vendor/laravel/framework/src/Illuminate/Database/Connection.php:817
/www/wwwroot/jobportal.prus.dev/vendor/laravel/framework/src/Illuminate/Database/Connection.php:776
/www/wwwroot/jobportal.prus.dev/vendor/laravel/framework/src/Illuminate/Database/Connection.php:557
/www/wwwroot/jobportal.prus.dev/vendor/laravel/framework/src/Illuminate/Database/Connection.php:521
/www/wwwroot/jobportal.prus.dev/vendor/laravel/framework/src/Illuminate/Database/Query/Processors/Processor.php:32
/www/wwwroot/jobportal.prus.dev/vendor/laravel/framework/src/Illuminate/Database/Query/Builder.php:3796
/www/wwwroot/jobportal.prus.dev/vendor/laravel/framework/src/Illuminate/Database/Eloquent/Builder.php:2205
/www/wwwroot/jobportal.prus.dev/vendor/laravel/framework/src/Illuminate/Database/Eloquent/Model.php:1408
/www/wwwroot/jobportal.prus.dev/vendor/laravel/framework/src/Illuminate/Database/Eloquent/Model.php:1373
/www/wwwroot/jobportal.prus.dev/vendor/laravel/framework/src/Illuminate/Database/Eloquent/Model.php:1212
/www/wwwroot/jobportal.prus.dev/vendor/laravel/framework/src/Illuminate/Database/Eloquent/Factories/Factory.php:351
/www/wwwroot/jobportal.prus.dev/vendor/laravel/framework/src/Illuminate/Collections/Traits/EnumeratesValues.php:271
/www/wwwroot/jobportal.prus.dev/vendor/laravel/framework/src/Illuminate/Database/Eloquent/Factories/Factory.php:346
/www/wwwroot/jobportal.prus.dev/vendor/laravel/framework/src/Illuminate/Database/Eloquent/Factories/Factory.php:306
/www/wwwroot/jobportal.prus.dev/database/seeders/SQLiteOptimizedSeeder.php:171
/www/wwwroot/jobportal.prus.dev/database/seeders/SQLiteOptimizedSeeder.php:60
/www/wwwroot/jobportal.prus.dev/vendor/laravel/framework/src/Illuminate/Container/BoundMethod.php:36
/www/wwwroot/jobportal.prus.dev/vendor/laravel/framework/src/Illuminate/Container/Util.php:43
/www/wwwroot/jobportal.prus.dev/vendor/laravel/framework/src/Illuminate/Container/BoundMethod.php:96
/www/wwwroot/jobportal.prus.dev/vendor/laravel/framework/src/Illuminate/Container/BoundMethod.php:35
/www/wwwroot/jobportal.prus.dev/vendor/laravel/framework/src/Illuminate/Container/Container.php:754
/www/wwwroot/jobportal.prus.dev/vendor/laravel/framework/src/Illuminate/Database/Seeder.php:188
/www/wwwroot/jobportal.prus.dev/vendor/laravel/framework/src/Illuminate/Database/Seeder.php:197
/www/wwwroot/jobportal.prus.dev/vendor/laravel/framework/src/Illuminate/Database/Seeder.php:61
/www/wwwroot/jobportal.prus.dev/database/seeders/DatabaseSeeder.php:20
/www/wwwroot/jobportal.prus.dev/vendor/laravel/framework/src/Illuminate/Container/BoundMethod.php:36
/www/wwwroot/jobportal.prus.dev/vendor/laravel/framework/src/Illuminate/Container/Util.php:43
/www/wwwroot/jobportal.prus.dev/vendor/laravel/framework/src/Illuminate/Container/BoundMethod.php:96
/www/wwwroot/jobportal.prus.dev/vendor/laravel/framework/src/Illuminate/Container/BoundMethod.php:35
/www/wwwroot/jobportal.prus.dev/vendor/laravel/framework/src/Illuminate/Container/Container.php:754
/www/wwwroot/jobportal.prus.dev/vendor/laravel/framework/src/Illuminate/Database/Seeder.php:188
/www/wwwroot/jobportal.prus.dev/vendor/laravel/framework/src/Illuminate/Database/Seeder.php:197
/www/wwwroot/jobportal.prus.dev/vendor/laravel/framework/src/Illuminate/Database/Console/Seeds/SeedCommand.php:71
/www/wwwroot/jobportal.prus.dev/vendor/laravel/framework/src/Illuminate/Database/Eloquent/Concerns/GuardsAttributes.php:157
/www/wwwroot/jobportal.prus.dev/vendor/laravel/framework/src/Illuminate/Database/Console/Seeds/SeedCommand.php:70
/www/wwwroot/jobportal.prus.dev/vendor/laravel/framework/src/Illuminate/Container/BoundMethod.php:36
/www/wwwroot/jobportal.prus.dev/vendor/laravel/framework/src/Illuminate/Container/Util.php:43
/www/wwwroot/jobportal.prus.dev/vendor/laravel/framework/src/Illuminate/Container/BoundMethod.php:96
/www/wwwroot/jobportal.prus.dev/vendor/laravel/framework/src/Illuminate/Container/BoundMethod.php:35
/www/wwwroot/jobportal.prus.dev/vendor/laravel/framework/src/Illuminate/Container/Container.php:754
/www/wwwroot/jobportal.prus.dev/vendor/laravel/framework/src/Illuminate/Console/Command.php:211
/www/wwwroot/jobportal.prus.dev/vendor/symfony/console/Command/Command.php:318
/www/wwwroot/jobportal.prus.dev/vendor/laravel/framework/src/Illuminate/Console/Command.php:180
/www/wwwroot/jobportal.prus.dev/vendor/symfony/console/Application.php:1074
/www/wwwroot/jobportal.prus.dev/vendor/symfony/console/Application.php:341
/www/wwwroot/jobportal.prus.dev/vendor/symfony/console/Application.php:192
/www/wwwroot/jobportal.prus.dev/vendor/laravel/framework/src/Illuminate/Console/Application.php:165
/www/wwwroot/jobportal.prus.dev/vendor/laravel/framework/src/Illuminate/Foundation/Console/Kernel.php:426
/www/wwwroot/jobportal.prus.dev/vendor/laravel/framework/src/Illuminate/Testing/PendingCommand.php:330
/www/wwwroot/jobportal.prus.dev/vendor/laravel/framework/src/Illuminate/Testing/PendingCommand.php:533
/www/wwwroot/jobportal.prus.dev/vendor/laravel/framework/src/Illuminate/Foundation/Testing/Concerns/InteractsWithConsole.php:87
/www/wwwroot/jobportal.prus.dev/tests/Feature/Universal/UniversalApiTest.php:33</error>
        </testcase>
        <testcase name="test_authenticated_jobs_crud_operations" file="/www/wwwroot/jobportal.prus.dev/tests/Feature/Universal/UniversalApiTest.php" line="139" class="Tests\Feature\Universal\UniversalApiTest" classname="Tests.Feature.Universal.UniversalApiTest" assertions="0" time="0.000000">
          <error type="Error">Tests\Feature\Universal\UniversalApiTest::test_authenticated_jobs_crud_operations
Error: Class "App\Models\User" not found

/www/wwwroot/jobportal.prus.dev/database/seeders/SQLiteOptimizedSeeder.php:264
/www/wwwroot/jobportal.prus.dev/database/seeders/SQLiteOptimizedSeeder.php:68
/www/wwwroot/jobportal.prus.dev/vendor/laravel/framework/src/Illuminate/Container/BoundMethod.php:36
/www/wwwroot/jobportal.prus.dev/vendor/laravel/framework/src/Illuminate/Container/Util.php:43
/www/wwwroot/jobportal.prus.dev/vendor/laravel/framework/src/Illuminate/Container/BoundMethod.php:96
/www/wwwroot/jobportal.prus.dev/vendor/laravel/framework/src/Illuminate/Container/BoundMethod.php:35
/www/wwwroot/jobportal.prus.dev/vendor/laravel/framework/src/Illuminate/Container/Container.php:754
/www/wwwroot/jobportal.prus.dev/vendor/laravel/framework/src/Illuminate/Database/Seeder.php:188
/www/wwwroot/jobportal.prus.dev/vendor/laravel/framework/src/Illuminate/Database/Seeder.php:197
/www/wwwroot/jobportal.prus.dev/vendor/laravel/framework/src/Illuminate/Database/Seeder.php:61
/www/wwwroot/jobportal.prus.dev/database/seeders/DatabaseSeeder.php:20
/www/wwwroot/jobportal.prus.dev/vendor/laravel/framework/src/Illuminate/Container/BoundMethod.php:36
/www/wwwroot/jobportal.prus.dev/vendor/laravel/framework/src/Illuminate/Container/Util.php:43
/www/wwwroot/jobportal.prus.dev/vendor/laravel/framework/src/Illuminate/Container/BoundMethod.php:96
/www/wwwroot/jobportal.prus.dev/vendor/laravel/framework/src/Illuminate/Container/BoundMethod.php:35
/www/wwwroot/jobportal.prus.dev/vendor/laravel/framework/src/Illuminate/Container/Container.php:754
/www/wwwroot/jobportal.prus.dev/vendor/laravel/framework/src/Illuminate/Database/Seeder.php:188
/www/wwwroot/jobportal.prus.dev/vendor/laravel/framework/src/Illuminate/Database/Seeder.php:197
/www/wwwroot/jobportal.prus.dev/vendor/laravel/framework/src/Illuminate/Database/Console/Seeds/SeedCommand.php:71
/www/wwwroot/jobportal.prus.dev/vendor/laravel/framework/src/Illuminate/Database/Eloquent/Concerns/GuardsAttributes.php:157
/www/wwwroot/jobportal.prus.dev/vendor/laravel/framework/src/Illuminate/Database/Console/Seeds/SeedCommand.php:70
/www/wwwroot/jobportal.prus.dev/vendor/laravel/framework/src/Illuminate/Container/BoundMethod.php:36
/www/wwwroot/jobportal.prus.dev/vendor/laravel/framework/src/Illuminate/Container/Util.php:43
/www/wwwroot/jobportal.prus.dev/vendor/laravel/framework/src/Illuminate/Container/BoundMethod.php:96
/www/wwwroot/jobportal.prus.dev/vendor/laravel/framework/src/Illuminate/Container/BoundMethod.php:35
/www/wwwroot/jobportal.prus.dev/vendor/laravel/framework/src/Illuminate/Container/Container.php:754
/www/wwwroot/jobportal.prus.dev/vendor/laravel/framework/src/Illuminate/Console/Command.php:211
/www/wwwroot/jobportal.prus.dev/vendor/symfony/console/Command/Command.php:318
/www/wwwroot/jobportal.prus.dev/vendor/laravel/framework/src/Illuminate/Console/Command.php:180
/www/wwwroot/jobportal.prus.dev/vendor/symfony/console/Application.php:1074
/www/wwwroot/jobportal.prus.dev/vendor/symfony/console/Application.php:341
/www/wwwroot/jobportal.prus.dev/vendor/symfony/console/Application.php:192
/www/wwwroot/jobportal.prus.dev/vendor/laravel/framework/src/Illuminate/Console/Application.php:165
/www/wwwroot/jobportal.prus.dev/vendor/laravel/framework/src/Illuminate/Foundation/Console/Kernel.php:426
/www/wwwroot/jobportal.prus.dev/vendor/laravel/framework/src/Illuminate/Testing/PendingCommand.php:330
/www/wwwroot/jobportal.prus.dev/vendor/laravel/framework/src/Illuminate/Testing/PendingCommand.php:533
/www/wwwroot/jobportal.prus.dev/vendor/laravel/framework/src/Illuminate/Foundation/Testing/Concerns/InteractsWithConsole.php:87
/www/wwwroot/jobportal.prus.dev/tests/Feature/Universal/UniversalApiTest.php:33</error>
        </testcase>
        <testcase name="test_job_creation_validation_errors" file="/www/wwwroot/jobportal.prus.dev/tests/Feature/Universal/UniversalApiTest.php" line="195" class="Tests\Feature\Universal\UniversalApiTest" classname="Tests.Feature.Universal.UniversalApiTest" assertions="0" time="0.000000">
          <error type="Error">Tests\Feature\Universal\UniversalApiTest::test_job_creation_validation_errors
Error: Class "App\Models\User" not found

/www/wwwroot/jobportal.prus.dev/database/seeders/SQLiteOptimizedSeeder.php:264
/www/wwwroot/jobportal.prus.dev/database/seeders/SQLiteOptimizedSeeder.php:68
/www/wwwroot/jobportal.prus.dev/vendor/laravel/framework/src/Illuminate/Container/BoundMethod.php:36
/www/wwwroot/jobportal.prus.dev/vendor/laravel/framework/src/Illuminate/Container/Util.php:43
/www/wwwroot/jobportal.prus.dev/vendor/laravel/framework/src/Illuminate/Container/BoundMethod.php:96
/www/wwwroot/jobportal.prus.dev/vendor/laravel/framework/src/Illuminate/Container/BoundMethod.php:35
/www/wwwroot/jobportal.prus.dev/vendor/laravel/framework/src/Illuminate/Container/Container.php:754
/www/wwwroot/jobportal.prus.dev/vendor/laravel/framework/src/Illuminate/Database/Seeder.php:188
/www/wwwroot/jobportal.prus.dev/vendor/laravel/framework/src/Illuminate/Database/Seeder.php:197
/www/wwwroot/jobportal.prus.dev/vendor/laravel/framework/src/Illuminate/Database/Seeder.php:61
/www/wwwroot/jobportal.prus.dev/database/seeders/DatabaseSeeder.php:20
/www/wwwroot/jobportal.prus.dev/vendor/laravel/framework/src/Illuminate/Container/BoundMethod.php:36
/www/wwwroot/jobportal.prus.dev/vendor/laravel/framework/src/Illuminate/Container/Util.php:43
/www/wwwroot/jobportal.prus.dev/vendor/laravel/framework/src/Illuminate/Container/BoundMethod.php:96
/www/wwwroot/jobportal.prus.dev/vendor/laravel/framework/src/Illuminate/Container/BoundMethod.php:35
/www/wwwroot/jobportal.prus.dev/vendor/laravel/framework/src/Illuminate/Container/Container.php:754
/www/wwwroot/jobportal.prus.dev/vendor/laravel/framework/src/Illuminate/Database/Seeder.php:188
/www/wwwroot/jobportal.prus.dev/vendor/laravel/framework/src/Illuminate/Database/Seeder.php:197
/www/wwwroot/jobportal.prus.dev/vendor/laravel/framework/src/Illuminate/Database/Console/Seeds/SeedCommand.php:71
/www/wwwroot/jobportal.prus.dev/vendor/laravel/framework/src/Illuminate/Database/Eloquent/Concerns/GuardsAttributes.php:157
/www/wwwroot/jobportal.prus.dev/vendor/laravel/framework/src/Illuminate/Database/Console/Seeds/SeedCommand.php:70
/www/wwwroot/jobportal.prus.dev/vendor/laravel/framework/src/Illuminate/Container/BoundMethod.php:36
/www/wwwroot/jobportal.prus.dev/vendor/laravel/framework/src/Illuminate/Container/Util.php:43
/www/wwwroot/jobportal.prus.dev/vendor/laravel/framework/src/Illuminate/Container/BoundMethod.php:96
/www/wwwroot/jobportal.prus.dev/vendor/laravel/framework/src/Illuminate/Container/BoundMethod.php:35
/www/wwwroot/jobportal.prus.dev/vendor/laravel/framework/src/Illuminate/Container/Container.php:754
/www/wwwroot/jobportal.prus.dev/vendor/laravel/framework/src/Illuminate/Console/Command.php:211
/www/wwwroot/jobportal.prus.dev/vendor/symfony/console/Command/Command.php:318
/www/wwwroot/jobportal.prus.dev/vendor/laravel/framework/src/Illuminate/Console/Command.php:180
/www/wwwroot/jobportal.prus.dev/vendor/symfony/console/Application.php:1074
/www/wwwroot/jobportal.prus.dev/vendor/symfony/console/Application.php:341
/www/wwwroot/jobportal.prus.dev/vendor/symfony/console/Application.php:192
/www/wwwroot/jobportal.prus.dev/vendor/laravel/framework/src/Illuminate/Console/Application.php:165
/www/wwwroot/jobportal.prus.dev/vendor/laravel/framework/src/Illuminate/Foundation/Console/Kernel.php:426
/www/wwwroot/jobportal.prus.dev/vendor/laravel/framework/src/Illuminate/Testing/PendingCommand.php:330
/www/wwwroot/jobportal.prus.dev/vendor/laravel/framework/src/Illuminate/Testing/PendingCommand.php:533
/www/wwwroot/jobportal.prus.dev/vendor/laravel/framework/src/Illuminate/Foundation/Testing/Concerns/InteractsWithConsole.php:87
/www/wwwroot/jobportal.prus.dev/tests/Feature/Universal/UniversalApiTest.php:33</error>
        </testcase>
        <testcase name="test_api_rate_limiting" file="/www/wwwroot/jobportal.prus.dev/tests/Feature/Universal/UniversalApiTest.php" line="216" class="Tests\Feature\Universal\UniversalApiTest" classname="Tests.Feature.Universal.UniversalApiTest" assertions="0" time="0.000000">
          <error type="Error">Tests\Feature\Universal\UniversalApiTest::test_api_rate_limiting
Error: Class "App\Models\User" not found

/www/wwwroot/jobportal.prus.dev/database/seeders/SQLiteOptimizedSeeder.php:264
/www/wwwroot/jobportal.prus.dev/database/seeders/SQLiteOptimizedSeeder.php:68
/www/wwwroot/jobportal.prus.dev/vendor/laravel/framework/src/Illuminate/Container/BoundMethod.php:36
/www/wwwroot/jobportal.prus.dev/vendor/laravel/framework/src/Illuminate/Container/Util.php:43
/www/wwwroot/jobportal.prus.dev/vendor/laravel/framework/src/Illuminate/Container/BoundMethod.php:96
/www/wwwroot/jobportal.prus.dev/vendor/laravel/framework/src/Illuminate/Container/BoundMethod.php:35
/www/wwwroot/jobportal.prus.dev/vendor/laravel/framework/src/Illuminate/Container/Container.php:754
/www/wwwroot/jobportal.prus.dev/vendor/laravel/framework/src/Illuminate/Database/Seeder.php:188
/www/wwwroot/jobportal.prus.dev/vendor/laravel/framework/src/Illuminate/Database/Seeder.php:197
/www/wwwroot/jobportal.prus.dev/vendor/laravel/framework/src/Illuminate/Database/Seeder.php:61
/www/wwwroot/jobportal.prus.dev/database/seeders/DatabaseSeeder.php:20
/www/wwwroot/jobportal.prus.dev/vendor/laravel/framework/src/Illuminate/Container/BoundMethod.php:36
/www/wwwroot/jobportal.prus.dev/vendor/laravel/framework/src/Illuminate/Container/Util.php:43
/www/wwwroot/jobportal.prus.dev/vendor/laravel/framework/src/Illuminate/Container/BoundMethod.php:96
/www/wwwroot/jobportal.prus.dev/vendor/laravel/framework/src/Illuminate/Container/BoundMethod.php:35
/www/wwwroot/jobportal.prus.dev/vendor/laravel/framework/src/Illuminate/Container/Container.php:754
/www/wwwroot/jobportal.prus.dev/vendor/laravel/framework/src/Illuminate/Database/Seeder.php:188
/www/wwwroot/jobportal.prus.dev/vendor/laravel/framework/src/Illuminate/Database/Seeder.php:197
/www/wwwroot/jobportal.prus.dev/vendor/laravel/framework/src/Illuminate/Database/Console/Seeds/SeedCommand.php:71
/www/wwwroot/jobportal.prus.dev/vendor/laravel/framework/src/Illuminate/Database/Eloquent/Concerns/GuardsAttributes.php:157
/www/wwwroot/jobportal.prus.dev/vendor/laravel/framework/src/Illuminate/Database/Console/Seeds/SeedCommand.php:70
/www/wwwroot/jobportal.prus.dev/vendor/laravel/framework/src/Illuminate/Container/BoundMethod.php:36
/www/wwwroot/jobportal.prus.dev/vendor/laravel/framework/src/Illuminate/Container/Util.php:43
/www/wwwroot/jobportal.prus.dev/vendor/laravel/framework/src/Illuminate/Container/BoundMethod.php:96
/www/wwwroot/jobportal.prus.dev/vendor/laravel/framework/src/Illuminate/Container/BoundMethod.php:35
/www/wwwroot/jobportal.prus.dev/vendor/laravel/framework/src/Illuminate/Container/Container.php:754
/www/wwwroot/jobportal.prus.dev/vendor/laravel/framework/src/Illuminate/Console/Command.php:211
/www/wwwroot/jobportal.prus.dev/vendor/symfony/console/Command/Command.php:318
/www/wwwroot/jobportal.prus.dev/vendor/laravel/framework/src/Illuminate/Console/Command.php:180
/www/wwwroot/jobportal.prus.dev/vendor/symfony/console/Application.php:1074
/www/wwwroot/jobportal.prus.dev/vendor/symfony/console/Application.php:341
/www/wwwroot/jobportal.prus.dev/vendor/symfony/console/Application.php:192
/www/wwwroot/jobportal.prus.dev/vendor/laravel/framework/src/Illuminate/Console/Application.php:165
/www/wwwroot/jobportal.prus.dev/vendor/laravel/framework/src/Illuminate/Foundation/Console/Kernel.php:426
/www/wwwroot/jobportal.prus.dev/vendor/laravel/framework/src/Illuminate/Testing/PendingCommand.php:330
/www/wwwroot/jobportal.prus.dev/vendor/laravel/framework/src/Illuminate/Testing/PendingCommand.php:533
/www/wwwroot/jobportal.prus.dev/vendor/laravel/framework/src/Illuminate/Foundation/Testing/Concerns/InteractsWithConsole.php:87
/www/wwwroot/jobportal.prus.dev/tests/Feature/Universal/UniversalApiTest.php:33</error>
        </testcase>
        <testcase name="test_companies_filtering_and_search" file="/www/wwwroot/jobportal.prus.dev/tests/Feature/Universal/UniversalApiTest.php" line="234" class="Tests\Feature\Universal\UniversalApiTest" classname="Tests.Feature.Universal.UniversalApiTest" assertions="0" time="0.000000">
          <error type="Illuminate\Database\UniqueConstraintViolationException">Tests\Feature\Universal\UniversalApiTest::test_companies_filtering_and_search
Illuminate\Database\UniqueConstraintViolationException: SQLSTATE[23000]: Integrity constraint violation: 19 UNIQUE constraint failed: settings.key (Connection: sqlite, SQL: insert into "settings" ("key", "value", "updated_at", "created_at") values (sequi, consectetur, 2025-08-09 11:18:04, 2025-08-09 11:18:04))

/www/wwwroot/jobportal.prus.dev/vendor/laravel/framework/src/Illuminate/Database/Connection.php:817
/www/wwwroot/jobportal.prus.dev/vendor/laravel/framework/src/Illuminate/Database/Connection.php:776
/www/wwwroot/jobportal.prus.dev/vendor/laravel/framework/src/Illuminate/Database/Connection.php:557
/www/wwwroot/jobportal.prus.dev/vendor/laravel/framework/src/Illuminate/Database/Connection.php:521
/www/wwwroot/jobportal.prus.dev/vendor/laravel/framework/src/Illuminate/Database/Query/Processors/Processor.php:32
/www/wwwroot/jobportal.prus.dev/vendor/laravel/framework/src/Illuminate/Database/Query/Builder.php:3796
/www/wwwroot/jobportal.prus.dev/vendor/laravel/framework/src/Illuminate/Database/Eloquent/Builder.php:2205
/www/wwwroot/jobportal.prus.dev/vendor/laravel/framework/src/Illuminate/Database/Eloquent/Model.php:1408
/www/wwwroot/jobportal.prus.dev/vendor/laravel/framework/src/Illuminate/Database/Eloquent/Model.php:1373
/www/wwwroot/jobportal.prus.dev/vendor/laravel/framework/src/Illuminate/Database/Eloquent/Model.php:1212
/www/wwwroot/jobportal.prus.dev/vendor/laravel/framework/src/Illuminate/Database/Eloquent/Factories/Factory.php:351
/www/wwwroot/jobportal.prus.dev/vendor/laravel/framework/src/Illuminate/Collections/Traits/EnumeratesValues.php:271
/www/wwwroot/jobportal.prus.dev/vendor/laravel/framework/src/Illuminate/Database/Eloquent/Factories/Factory.php:346
/www/wwwroot/jobportal.prus.dev/vendor/laravel/framework/src/Illuminate/Database/Eloquent/Factories/Factory.php:306
/www/wwwroot/jobportal.prus.dev/database/seeders/SQLiteOptimizedSeeder.php:171
/www/wwwroot/jobportal.prus.dev/database/seeders/SQLiteOptimizedSeeder.php:60
/www/wwwroot/jobportal.prus.dev/vendor/laravel/framework/src/Illuminate/Container/BoundMethod.php:36
/www/wwwroot/jobportal.prus.dev/vendor/laravel/framework/src/Illuminate/Container/Util.php:43
/www/wwwroot/jobportal.prus.dev/vendor/laravel/framework/src/Illuminate/Container/BoundMethod.php:96
/www/wwwroot/jobportal.prus.dev/vendor/laravel/framework/src/Illuminate/Container/BoundMethod.php:35
/www/wwwroot/jobportal.prus.dev/vendor/laravel/framework/src/Illuminate/Container/Container.php:754
/www/wwwroot/jobportal.prus.dev/vendor/laravel/framework/src/Illuminate/Database/Seeder.php:188
/www/wwwroot/jobportal.prus.dev/vendor/laravel/framework/src/Illuminate/Database/Seeder.php:197
/www/wwwroot/jobportal.prus.dev/vendor/laravel/framework/src/Illuminate/Database/Seeder.php:61
/www/wwwroot/jobportal.prus.dev/database/seeders/DatabaseSeeder.php:20
/www/wwwroot/jobportal.prus.dev/vendor/laravel/framework/src/Illuminate/Container/BoundMethod.php:36
/www/wwwroot/jobportal.prus.dev/vendor/laravel/framework/src/Illuminate/Container/Util.php:43
/www/wwwroot/jobportal.prus.dev/vendor/laravel/framework/src/Illuminate/Container/BoundMethod.php:96
/www/wwwroot/jobportal.prus.dev/vendor/laravel/framework/src/Illuminate/Container/BoundMethod.php:35
/www/wwwroot/jobportal.prus.dev/vendor/laravel/framework/src/Illuminate/Container/Container.php:754
/www/wwwroot/jobportal.prus.dev/vendor/laravel/framework/src/Illuminate/Database/Seeder.php:188
/www/wwwroot/jobportal.prus.dev/vendor/laravel/framework/src/Illuminate/Database/Seeder.php:197
/www/wwwroot/jobportal.prus.dev/vendor/laravel/framework/src/Illuminate/Database/Console/Seeds/SeedCommand.php:71
/www/wwwroot/jobportal.prus.dev/vendor/laravel/framework/src/Illuminate/Database/Eloquent/Concerns/GuardsAttributes.php:157
/www/wwwroot/jobportal.prus.dev/vendor/laravel/framework/src/Illuminate/Database/Console/Seeds/SeedCommand.php:70
/www/wwwroot/jobportal.prus.dev/vendor/laravel/framework/src/Illuminate/Container/BoundMethod.php:36
/www/wwwroot/jobportal.prus.dev/vendor/laravel/framework/src/Illuminate/Container/Util.php:43
/www/wwwroot/jobportal.prus.dev/vendor/laravel/framework/src/Illuminate/Container/BoundMethod.php:96
/www/wwwroot/jobportal.prus.dev/vendor/laravel/framework/src/Illuminate/Container/BoundMethod.php:35
/www/wwwroot/jobportal.prus.dev/vendor/laravel/framework/src/Illuminate/Container/Container.php:754
/www/wwwroot/jobportal.prus.dev/vendor/laravel/framework/src/Illuminate/Console/Command.php:211
/www/wwwroot/jobportal.prus.dev/vendor/symfony/console/Command/Command.php:318
/www/wwwroot/jobportal.prus.dev/vendor/laravel/framework/src/Illuminate/Console/Command.php:180
/www/wwwroot/jobportal.prus.dev/vendor/symfony/console/Application.php:1074
/www/wwwroot/jobportal.prus.dev/vendor/symfony/console/Application.php:341
/www/wwwroot/jobportal.prus.dev/vendor/symfony/console/Application.php:192
/www/wwwroot/jobportal.prus.dev/vendor/laravel/framework/src/Illuminate/Console/Application.php:165
/www/wwwroot/jobportal.prus.dev/vendor/laravel/framework/src/Illuminate/Foundation/Console/Kernel.php:426
/www/wwwroot/jobportal.prus.dev/vendor/laravel/framework/src/Illuminate/Testing/PendingCommand.php:330
/www/wwwroot/jobportal.prus.dev/vendor/laravel/framework/src/Illuminate/Testing/PendingCommand.php:533
/www/wwwroot/jobportal.prus.dev/vendor/laravel/framework/src/Illuminate/Foundation/Testing/Concerns/InteractsWithConsole.php:87
/www/wwwroot/jobportal.prus.dev/tests/Feature/Universal/UniversalApiTest.php:33</error>
        </testcase>
        <testcase name="test_health_endpoint" file="/www/wwwroot/jobportal.prus.dev/tests/Feature/Universal/UniversalApiTest.php" line="255" class="Tests\Feature\Universal\UniversalApiTest" classname="Tests.Feature.Universal.UniversalApiTest" assertions="0" time="0.000000">
          <error type="Illuminate\Database\UniqueConstraintViolationException">Tests\Feature\Universal\UniversalApiTest::test_health_endpoint
Illuminate\Database\UniqueConstraintViolationException: SQLSTATE[23000]: Integrity constraint violation: 19 UNIQUE constraint failed: settings.key (Connection: sqlite, SQL: insert into "settings" ("key", "value", "updated_at", "created_at") values (sed, reprehenderit, 2025-08-09 11:18:04, 2025-08-09 11:18:04))

/www/wwwroot/jobportal.prus.dev/vendor/laravel/framework/src/Illuminate/Database/Connection.php:817
/www/wwwroot/jobportal.prus.dev/vendor/laravel/framework/src/Illuminate/Database/Connection.php:776
/www/wwwroot/jobportal.prus.dev/vendor/laravel/framework/src/Illuminate/Database/Connection.php:557
/www/wwwroot/jobportal.prus.dev/vendor/laravel/framework/src/Illuminate/Database/Connection.php:521
/www/wwwroot/jobportal.prus.dev/vendor/laravel/framework/src/Illuminate/Database/Query/Processors/Processor.php:32
/www/wwwroot/jobportal.prus.dev/vendor/laravel/framework/src/Illuminate/Database/Query/Builder.php:3796
/www/wwwroot/jobportal.prus.dev/vendor/laravel/framework/src/Illuminate/Database/Eloquent/Builder.php:2205
/www/wwwroot/jobportal.prus.dev/vendor/laravel/framework/src/Illuminate/Database/Eloquent/Model.php:1408
/www/wwwroot/jobportal.prus.dev/vendor/laravel/framework/src/Illuminate/Database/Eloquent/Model.php:1373
/www/wwwroot/jobportal.prus.dev/vendor/laravel/framework/src/Illuminate/Database/Eloquent/Model.php:1212
/www/wwwroot/jobportal.prus.dev/vendor/laravel/framework/src/Illuminate/Database/Eloquent/Factories/Factory.php:351
/www/wwwroot/jobportal.prus.dev/vendor/laravel/framework/src/Illuminate/Collections/Traits/EnumeratesValues.php:271
/www/wwwroot/jobportal.prus.dev/vendor/laravel/framework/src/Illuminate/Database/Eloquent/Factories/Factory.php:346
/www/wwwroot/jobportal.prus.dev/vendor/laravel/framework/src/Illuminate/Database/Eloquent/Factories/Factory.php:306
/www/wwwroot/jobportal.prus.dev/database/seeders/SQLiteOptimizedSeeder.php:171
/www/wwwroot/jobportal.prus.dev/database/seeders/SQLiteOptimizedSeeder.php:60
/www/wwwroot/jobportal.prus.dev/vendor/laravel/framework/src/Illuminate/Container/BoundMethod.php:36
/www/wwwroot/jobportal.prus.dev/vendor/laravel/framework/src/Illuminate/Container/Util.php:43
/www/wwwroot/jobportal.prus.dev/vendor/laravel/framework/src/Illuminate/Container/BoundMethod.php:96
/www/wwwroot/jobportal.prus.dev/vendor/laravel/framework/src/Illuminate/Container/BoundMethod.php:35
/www/wwwroot/jobportal.prus.dev/vendor/laravel/framework/src/Illuminate/Container/Container.php:754
/www/wwwroot/jobportal.prus.dev/vendor/laravel/framework/src/Illuminate/Database/Seeder.php:188
/www/wwwroot/jobportal.prus.dev/vendor/laravel/framework/src/Illuminate/Database/Seeder.php:197
/www/wwwroot/jobportal.prus.dev/vendor/laravel/framework/src/Illuminate/Database/Seeder.php:61
/www/wwwroot/jobportal.prus.dev/database/seeders/DatabaseSeeder.php:20
/www/wwwroot/jobportal.prus.dev/vendor/laravel/framework/src/Illuminate/Container/BoundMethod.php:36
/www/wwwroot/jobportal.prus.dev/vendor/laravel/framework/src/Illuminate/Container/Util.php:43
/www/wwwroot/jobportal.prus.dev/vendor/laravel/framework/src/Illuminate/Container/BoundMethod.php:96
/www/wwwroot/jobportal.prus.dev/vendor/laravel/framework/src/Illuminate/Container/BoundMethod.php:35
/www/wwwroot/jobportal.prus.dev/vendor/laravel/framework/src/Illuminate/Container/Container.php:754
/www/wwwroot/jobportal.prus.dev/vendor/laravel/framework/src/Illuminate/Database/Seeder.php:188
/www/wwwroot/jobportal.prus.dev/vendor/laravel/framework/src/Illuminate/Database/Seeder.php:197
/www/wwwroot/jobportal.prus.dev/vendor/laravel/framework/src/Illuminate/Database/Console/Seeds/SeedCommand.php:71
/www/wwwroot/jobportal.prus.dev/vendor/laravel/framework/src/Illuminate/Database/Eloquent/Concerns/GuardsAttributes.php:157
/www/wwwroot/jobportal.prus.dev/vendor/laravel/framework/src/Illuminate/Database/Console/Seeds/SeedCommand.php:70
/www/wwwroot/jobportal.prus.dev/vendor/laravel/framework/src/Illuminate/Container/BoundMethod.php:36
/www/wwwroot/jobportal.prus.dev/vendor/laravel/framework/src/Illuminate/Container/Util.php:43
/www/wwwroot/jobportal.prus.dev/vendor/laravel/framework/src/Illuminate/Container/BoundMethod.php:96
/www/wwwroot/jobportal.prus.dev/vendor/laravel/framework/src/Illuminate/Container/BoundMethod.php:35
/www/wwwroot/jobportal.prus.dev/vendor/laravel/framework/src/Illuminate/Container/Container.php:754
/www/wwwroot/jobportal.prus.dev/vendor/laravel/framework/src/Illuminate/Console/Command.php:211
/www/wwwroot/jobportal.prus.dev/vendor/symfony/console/Command/Command.php:318
/www/wwwroot/jobportal.prus.dev/vendor/laravel/framework/src/Illuminate/Console/Command.php:180
/www/wwwroot/jobportal.prus.dev/vendor/symfony/console/Application.php:1074
/www/wwwroot/jobportal.prus.dev/vendor/symfony/console/Application.php:341
/www/wwwroot/jobportal.prus.dev/vendor/symfony/console/Application.php:192
/www/wwwroot/jobportal.prus.dev/vendor/laravel/framework/src/Illuminate/Console/Application.php:165
/www/wwwroot/jobportal.prus.dev/vendor/laravel/framework/src/Illuminate/Foundation/Console/Kernel.php:426
/www/wwwroot/jobportal.prus.dev/vendor/laravel/framework/src/Illuminate/Testing/PendingCommand.php:330
/www/wwwroot/jobportal.prus.dev/vendor/laravel/framework/src/Illuminate/Testing/PendingCommand.php:533
/www/wwwroot/jobportal.prus.dev/vendor/laravel/framework/src/Illuminate/Foundation/Testing/Concerns/InteractsWithConsole.php:87
/www/wwwroot/jobportal.prus.dev/tests/Feature/Universal/UniversalApiTest.php:33</error>
        </testcase>
        <testcase name="test_stats_endpoint" file="/www/wwwroot/jobportal.prus.dev/tests/Feature/Universal/UniversalApiTest.php" line="272" class="Tests\Feature\Universal\UniversalApiTest" classname="Tests.Feature.Universal.UniversalApiTest" assertions="0" time="0.000000">
          <error type="Illuminate\Database\UniqueConstraintViolationException">Tests\Feature\Universal\UniversalApiTest::test_stats_endpoint
Illuminate\Database\UniqueConstraintViolationException: SQLSTATE[23000]: Integrity constraint violation: 19 UNIQUE constraint failed: settings.key (Connection: sqlite, SQL: insert into "settings" ("key", "value", "updated_at", "created_at") values (et, eos, 2025-08-09 11:18:05, 2025-08-09 11:18:05))

/www/wwwroot/jobportal.prus.dev/vendor/laravel/framework/src/Illuminate/Database/Connection.php:817
/www/wwwroot/jobportal.prus.dev/vendor/laravel/framework/src/Illuminate/Database/Connection.php:776
/www/wwwroot/jobportal.prus.dev/vendor/laravel/framework/src/Illuminate/Database/Connection.php:557
/www/wwwroot/jobportal.prus.dev/vendor/laravel/framework/src/Illuminate/Database/Connection.php:521
/www/wwwroot/jobportal.prus.dev/vendor/laravel/framework/src/Illuminate/Database/Query/Processors/Processor.php:32
/www/wwwroot/jobportal.prus.dev/vendor/laravel/framework/src/Illuminate/Database/Query/Builder.php:3796
/www/wwwroot/jobportal.prus.dev/vendor/laravel/framework/src/Illuminate/Database/Eloquent/Builder.php:2205
/www/wwwroot/jobportal.prus.dev/vendor/laravel/framework/src/Illuminate/Database/Eloquent/Model.php:1408
/www/wwwroot/jobportal.prus.dev/vendor/laravel/framework/src/Illuminate/Database/Eloquent/Model.php:1373
/www/wwwroot/jobportal.prus.dev/vendor/laravel/framework/src/Illuminate/Database/Eloquent/Model.php:1212
/www/wwwroot/jobportal.prus.dev/vendor/laravel/framework/src/Illuminate/Database/Eloquent/Factories/Factory.php:351
/www/wwwroot/jobportal.prus.dev/vendor/laravel/framework/src/Illuminate/Collections/Traits/EnumeratesValues.php:271
/www/wwwroot/jobportal.prus.dev/vendor/laravel/framework/src/Illuminate/Database/Eloquent/Factories/Factory.php:346
/www/wwwroot/jobportal.prus.dev/vendor/laravel/framework/src/Illuminate/Database/Eloquent/Factories/Factory.php:306
/www/wwwroot/jobportal.prus.dev/database/seeders/SQLiteOptimizedSeeder.php:171
/www/wwwroot/jobportal.prus.dev/database/seeders/SQLiteOptimizedSeeder.php:60
/www/wwwroot/jobportal.prus.dev/vendor/laravel/framework/src/Illuminate/Container/BoundMethod.php:36
/www/wwwroot/jobportal.prus.dev/vendor/laravel/framework/src/Illuminate/Container/Util.php:43
/www/wwwroot/jobportal.prus.dev/vendor/laravel/framework/src/Illuminate/Container/BoundMethod.php:96
/www/wwwroot/jobportal.prus.dev/vendor/laravel/framework/src/Illuminate/Container/BoundMethod.php:35
/www/wwwroot/jobportal.prus.dev/vendor/laravel/framework/src/Illuminate/Container/Container.php:754
/www/wwwroot/jobportal.prus.dev/vendor/laravel/framework/src/Illuminate/Database/Seeder.php:188
/www/wwwroot/jobportal.prus.dev/vendor/laravel/framework/src/Illuminate/Database/Seeder.php:197
/www/wwwroot/jobportal.prus.dev/vendor/laravel/framework/src/Illuminate/Database/Seeder.php:61
/www/wwwroot/jobportal.prus.dev/database/seeders/DatabaseSeeder.php:20
/www/wwwroot/jobportal.prus.dev/vendor/laravel/framework/src/Illuminate/Container/BoundMethod.php:36
/www/wwwroot/jobportal.prus.dev/vendor/laravel/framework/src/Illuminate/Container/Util.php:43
/www/wwwroot/jobportal.prus.dev/vendor/laravel/framework/src/Illuminate/Container/BoundMethod.php:96
/www/wwwroot/jobportal.prus.dev/vendor/laravel/framework/src/Illuminate/Container/BoundMethod.php:35
/www/wwwroot/jobportal.prus.dev/vendor/laravel/framework/src/Illuminate/Container/Container.php:754
/www/wwwroot/jobportal.prus.dev/vendor/laravel/framework/src/Illuminate/Database/Seeder.php:188
/www/wwwroot/jobportal.prus.dev/vendor/laravel/framework/src/Illuminate/Database/Seeder.php:197
/www/wwwroot/jobportal.prus.dev/vendor/laravel/framework/src/Illuminate/Database/Console/Seeds/SeedCommand.php:71
/www/wwwroot/jobportal.prus.dev/vendor/laravel/framework/src/Illuminate/Database/Eloquent/Concerns/GuardsAttributes.php:157
/www/wwwroot/jobportal.prus.dev/vendor/laravel/framework/src/Illuminate/Database/Console/Seeds/SeedCommand.php:70
/www/wwwroot/jobportal.prus.dev/vendor/laravel/framework/src/Illuminate/Container/BoundMethod.php:36
/www/wwwroot/jobportal.prus.dev/vendor/laravel/framework/src/Illuminate/Container/Util.php:43
/www/wwwroot/jobportal.prus.dev/vendor/laravel/framework/src/Illuminate/Container/BoundMethod.php:96
/www/wwwroot/jobportal.prus.dev/vendor/laravel/framework/src/Illuminate/Container/BoundMethod.php:35
/www/wwwroot/jobportal.prus.dev/vendor/laravel/framework/src/Illuminate/Container/Container.php:754
/www/wwwroot/jobportal.prus.dev/vendor/laravel/framework/src/Illuminate/Console/Command.php:211
/www/wwwroot/jobportal.prus.dev/vendor/symfony/console/Command/Command.php:318
/www/wwwroot/jobportal.prus.dev/vendor/laravel/framework/src/Illuminate/Console/Command.php:180
/www/wwwroot/jobportal.prus.dev/vendor/symfony/console/Application.php:1074
/www/wwwroot/jobportal.prus.dev/vendor/symfony/console/Application.php:341
/www/wwwroot/jobportal.prus.dev/vendor/symfony/console/Application.php:192
/www/wwwroot/jobportal.prus.dev/vendor/laravel/framework/src/Illuminate/Console/Application.php:165
/www/wwwroot/jobportal.prus.dev/vendor/laravel/framework/src/Illuminate/Foundation/Console/Kernel.php:426
/www/wwwroot/jobportal.prus.dev/vendor/laravel/framework/src/Illuminate/Testing/PendingCommand.php:330
/www/wwwroot/jobportal.prus.dev/vendor/laravel/framework/src/Illuminate/Testing/PendingCommand.php:533
/www/wwwroot/jobportal.prus.dev/vendor/laravel/framework/src/Illuminate/Foundation/Testing/Concerns/InteractsWithConsole.php:87
/www/wwwroot/jobportal.prus.dev/tests/Feature/Universal/UniversalApiTest.php:33</error>
        </testcase>
        <testcase name="test_cursor_pagination" file="/www/wwwroot/jobportal.prus.dev/tests/Feature/Universal/UniversalApiTest.php" line="297" class="Tests\Feature\Universal\UniversalApiTest" classname="Tests.Feature.Universal.UniversalApiTest" assertions="0" time="0.000000">
          <error type="Error">Tests\Feature\Universal\UniversalApiTest::test_cursor_pagination
Error: Class "App\Models\User" not found

/www/wwwroot/jobportal.prus.dev/database/seeders/SQLiteOptimizedSeeder.php:264
/www/wwwroot/jobportal.prus.dev/database/seeders/SQLiteOptimizedSeeder.php:68
/www/wwwroot/jobportal.prus.dev/vendor/laravel/framework/src/Illuminate/Container/BoundMethod.php:36
/www/wwwroot/jobportal.prus.dev/vendor/laravel/framework/src/Illuminate/Container/Util.php:43
/www/wwwroot/jobportal.prus.dev/vendor/laravel/framework/src/Illuminate/Container/BoundMethod.php:96
/www/wwwroot/jobportal.prus.dev/vendor/laravel/framework/src/Illuminate/Container/BoundMethod.php:35
/www/wwwroot/jobportal.prus.dev/vendor/laravel/framework/src/Illuminate/Container/Container.php:754
/www/wwwroot/jobportal.prus.dev/vendor/laravel/framework/src/Illuminate/Database/Seeder.php:188
/www/wwwroot/jobportal.prus.dev/vendor/laravel/framework/src/Illuminate/Database/Seeder.php:197
/www/wwwroot/jobportal.prus.dev/vendor/laravel/framework/src/Illuminate/Database/Seeder.php:61
/www/wwwroot/jobportal.prus.dev/database/seeders/DatabaseSeeder.php:20
/www/wwwroot/jobportal.prus.dev/vendor/laravel/framework/src/Illuminate/Container/BoundMethod.php:36
/www/wwwroot/jobportal.prus.dev/vendor/laravel/framework/src/Illuminate/Container/Util.php:43
/www/wwwroot/jobportal.prus.dev/vendor/laravel/framework/src/Illuminate/Container/BoundMethod.php:96
/www/wwwroot/jobportal.prus.dev/vendor/laravel/framework/src/Illuminate/Container/BoundMethod.php:35
/www/wwwroot/jobportal.prus.dev/vendor/laravel/framework/src/Illuminate/Container/Container.php:754
/www/wwwroot/jobportal.prus.dev/vendor/laravel/framework/src/Illuminate/Database/Seeder.php:188
/www/wwwroot/jobportal.prus.dev/vendor/laravel/framework/src/Illuminate/Database/Seeder.php:197
/www/wwwroot/jobportal.prus.dev/vendor/laravel/framework/src/Illuminate/Database/Console/Seeds/SeedCommand.php:71
/www/wwwroot/jobportal.prus.dev/vendor/laravel/framework/src/Illuminate/Database/Eloquent/Concerns/GuardsAttributes.php:157
/www/wwwroot/jobportal.prus.dev/vendor/laravel/framework/src/Illuminate/Database/Console/Seeds/SeedCommand.php:70
/www/wwwroot/jobportal.prus.dev/vendor/laravel/framework/src/Illuminate/Container/BoundMethod.php:36
/www/wwwroot/jobportal.prus.dev/vendor/laravel/framework/src/Illuminate/Container/Util.php:43
/www/wwwroot/jobportal.prus.dev/vendor/laravel/framework/src/Illuminate/Container/BoundMethod.php:96
/www/wwwroot/jobportal.prus.dev/vendor/laravel/framework/src/Illuminate/Container/BoundMethod.php:35
/www/wwwroot/jobportal.prus.dev/vendor/laravel/framework/src/Illuminate/Container/Container.php:754
/www/wwwroot/jobportal.prus.dev/vendor/laravel/framework/src/Illuminate/Console/Command.php:211
/www/wwwroot/jobportal.prus.dev/vendor/symfony/console/Command/Command.php:318
/www/wwwroot/jobportal.prus.dev/vendor/laravel/framework/src/Illuminate/Console/Command.php:180
/www/wwwroot/jobportal.prus.dev/vendor/symfony/console/Application.php:1074
/www/wwwroot/jobportal.prus.dev/vendor/symfony/console/Application.php:341
/www/wwwroot/jobportal.prus.dev/vendor/symfony/console/Application.php:192
/www/wwwroot/jobportal.prus.dev/vendor/laravel/framework/src/Illuminate/Console/Application.php:165
/www/wwwroot/jobportal.prus.dev/vendor/laravel/framework/src/Illuminate/Foundation/Console/Kernel.php:426
/www/wwwroot/jobportal.prus.dev/vendor/laravel/framework/src/Illuminate/Testing/PendingCommand.php:330
/www/wwwroot/jobportal.prus.dev/vendor/laravel/framework/src/Illuminate/Testing/PendingCommand.php:533
/www/wwwroot/jobportal.prus.dev/vendor/laravel/framework/src/Illuminate/Foundation/Testing/Concerns/InteractsWithConsole.php:87
/www/wwwroot/jobportal.prus.dev/tests/Feature/Universal/UniversalApiTest.php:33</error>
        </testcase>
        <testcase name="test_response_headers_security" file="/www/wwwroot/jobportal.prus.dev/tests/Feature/Universal/UniversalApiTest.php" line="319" class="Tests\Feature\Universal\UniversalApiTest" classname="Tests.Feature.Universal.UniversalApiTest" assertions="0" time="0.000000">
          <error type="Illuminate\Database\UniqueConstraintViolationException">Tests\Feature\Universal\UniversalApiTest::test_response_headers_security
Illuminate\Database\UniqueConstraintViolationException: SQLSTATE[23000]: Integrity constraint violation: 19 UNIQUE constraint failed: settings.key (Connection: sqlite, SQL: insert into "settings" ("key", "value", "updated_at", "created_at") values (enim, rem, 2025-08-09 11:18:06, 2025-08-09 11:18:06))

/www/wwwroot/jobportal.prus.dev/vendor/laravel/framework/src/Illuminate/Database/Connection.php:817
/www/wwwroot/jobportal.prus.dev/vendor/laravel/framework/src/Illuminate/Database/Connection.php:776
/www/wwwroot/jobportal.prus.dev/vendor/laravel/framework/src/Illuminate/Database/Connection.php:557
/www/wwwroot/jobportal.prus.dev/vendor/laravel/framework/src/Illuminate/Database/Connection.php:521
/www/wwwroot/jobportal.prus.dev/vendor/laravel/framework/src/Illuminate/Database/Query/Processors/Processor.php:32
/www/wwwroot/jobportal.prus.dev/vendor/laravel/framework/src/Illuminate/Database/Query/Builder.php:3796
/www/wwwroot/jobportal.prus.dev/vendor/laravel/framework/src/Illuminate/Database/Eloquent/Builder.php:2205
/www/wwwroot/jobportal.prus.dev/vendor/laravel/framework/src/Illuminate/Database/Eloquent/Model.php:1408
/www/wwwroot/jobportal.prus.dev/vendor/laravel/framework/src/Illuminate/Database/Eloquent/Model.php:1373
/www/wwwroot/jobportal.prus.dev/vendor/laravel/framework/src/Illuminate/Database/Eloquent/Model.php:1212
/www/wwwroot/jobportal.prus.dev/vendor/laravel/framework/src/Illuminate/Database/Eloquent/Factories/Factory.php:351
/www/wwwroot/jobportal.prus.dev/vendor/laravel/framework/src/Illuminate/Collections/Traits/EnumeratesValues.php:271
/www/wwwroot/jobportal.prus.dev/vendor/laravel/framework/src/Illuminate/Database/Eloquent/Factories/Factory.php:346
/www/wwwroot/jobportal.prus.dev/vendor/laravel/framework/src/Illuminate/Database/Eloquent/Factories/Factory.php:306
/www/wwwroot/jobportal.prus.dev/database/seeders/SQLiteOptimizedSeeder.php:171
/www/wwwroot/jobportal.prus.dev/database/seeders/SQLiteOptimizedSeeder.php:60
/www/wwwroot/jobportal.prus.dev/vendor/laravel/framework/src/Illuminate/Container/BoundMethod.php:36
/www/wwwroot/jobportal.prus.dev/vendor/laravel/framework/src/Illuminate/Container/Util.php:43
/www/wwwroot/jobportal.prus.dev/vendor/laravel/framework/src/Illuminate/Container/BoundMethod.php:96
/www/wwwroot/jobportal.prus.dev/vendor/laravel/framework/src/Illuminate/Container/BoundMethod.php:35
/www/wwwroot/jobportal.prus.dev/vendor/laravel/framework/src/Illuminate/Container/Container.php:754
/www/wwwroot/jobportal.prus.dev/vendor/laravel/framework/src/Illuminate/Database/Seeder.php:188
/www/wwwroot/jobportal.prus.dev/vendor/laravel/framework/src/Illuminate/Database/Seeder.php:197
/www/wwwroot/jobportal.prus.dev/vendor/laravel/framework/src/Illuminate/Database/Seeder.php:61
/www/wwwroot/jobportal.prus.dev/database/seeders/DatabaseSeeder.php:20
/www/wwwroot/jobportal.prus.dev/vendor/laravel/framework/src/Illuminate/Container/BoundMethod.php:36
/www/wwwroot/jobportal.prus.dev/vendor/laravel/framework/src/Illuminate/Container/Util.php:43
/www/wwwroot/jobportal.prus.dev/vendor/laravel/framework/src/Illuminate/Container/BoundMethod.php:96
/www/wwwroot/jobportal.prus.dev/vendor/laravel/framework/src/Illuminate/Container/BoundMethod.php:35
/www/wwwroot/jobportal.prus.dev/vendor/laravel/framework/src/Illuminate/Container/Container.php:754
/www/wwwroot/jobportal.prus.dev/vendor/laravel/framework/src/Illuminate/Database/Seeder.php:188
/www/wwwroot/jobportal.prus.dev/vendor/laravel/framework/src/Illuminate/Database/Seeder.php:197
/www/wwwroot/jobportal.prus.dev/vendor/laravel/framework/src/Illuminate/Database/Console/Seeds/SeedCommand.php:71
/www/wwwroot/jobportal.prus.dev/vendor/laravel/framework/src/Illuminate/Database/Eloquent/Concerns/GuardsAttributes.php:157
/www/wwwroot/jobportal.prus.dev/vendor/laravel/framework/src/Illuminate/Database/Console/Seeds/SeedCommand.php:70
/www/wwwroot/jobportal.prus.dev/vendor/laravel/framework/src/Illuminate/Container/BoundMethod.php:36
/www/wwwroot/jobportal.prus.dev/vendor/laravel/framework/src/Illuminate/Container/Util.php:43
/www/wwwroot/jobportal.prus.dev/vendor/laravel/framework/src/Illuminate/Container/BoundMethod.php:96
/www/wwwroot/jobportal.prus.dev/vendor/laravel/framework/src/Illuminate/Container/BoundMethod.php:35
/www/wwwroot/jobportal.prus.dev/vendor/laravel/framework/src/Illuminate/Container/Container.php:754
/www/wwwroot/jobportal.prus.dev/vendor/laravel/framework/src/Illuminate/Console/Command.php:211
/www/wwwroot/jobportal.prus.dev/vendor/symfony/console/Command/Command.php:318
/www/wwwroot/jobportal.prus.dev/vendor/laravel/framework/src/Illuminate/Console/Command.php:180
/www/wwwroot/jobportal.prus.dev/vendor/symfony/console/Application.php:1074
/www/wwwroot/jobportal.prus.dev/vendor/symfony/console/Application.php:341
/www/wwwroot/jobportal.prus.dev/vendor/symfony/console/Application.php:192
/www/wwwroot/jobportal.prus.dev/vendor/laravel/framework/src/Illuminate/Console/Application.php:165
/www/wwwroot/jobportal.prus.dev/vendor/laravel/framework/src/Illuminate/Foundation/Console/Kernel.php:426
/www/wwwroot/jobportal.prus.dev/vendor/laravel/framework/src/Illuminate/Testing/PendingCommand.php:330
/www/wwwroot/jobportal.prus.dev/vendor/laravel/framework/src/Illuminate/Testing/PendingCommand.php:533
/www/wwwroot/jobportal.prus.dev/vendor/laravel/framework/src/Illuminate/Foundation/Testing/Concerns/InteractsWithConsole.php:87
/www/wwwroot/jobportal.prus.dev/tests/Feature/Universal/UniversalApiTest.php:33</error>
        </testcase>
        <testcase name="test_not_found_resources" file="/www/wwwroot/jobportal.prus.dev/tests/Feature/Universal/UniversalApiTest.php" line="332" class="Tests\Feature\Universal\UniversalApiTest" classname="Tests.Feature.Universal.UniversalApiTest" assertions="0" time="0.000000">
          <error type="Illuminate\Database\UniqueConstraintViolationException">Tests\Feature\Universal\UniversalApiTest::test_not_found_resources
Illuminate\Database\UniqueConstraintViolationException: SQLSTATE[23000]: Integrity constraint violation: 19 UNIQUE constraint failed: settings.key (Connection: sqlite, SQL: insert into "settings" ("key", "value", "updated_at", "created_at") values (omnis, ut, 2025-08-09 11:18:07, 2025-08-09 11:18:07))

/www/wwwroot/jobportal.prus.dev/vendor/laravel/framework/src/Illuminate/Database/Connection.php:817
/www/wwwroot/jobportal.prus.dev/vendor/laravel/framework/src/Illuminate/Database/Connection.php:776
/www/wwwroot/jobportal.prus.dev/vendor/laravel/framework/src/Illuminate/Database/Connection.php:557
/www/wwwroot/jobportal.prus.dev/vendor/laravel/framework/src/Illuminate/Database/Connection.php:521
/www/wwwroot/jobportal.prus.dev/vendor/laravel/framework/src/Illuminate/Database/Query/Processors/Processor.php:32
/www/wwwroot/jobportal.prus.dev/vendor/laravel/framework/src/Illuminate/Database/Query/Builder.php:3796
/www/wwwroot/jobportal.prus.dev/vendor/laravel/framework/src/Illuminate/Database/Eloquent/Builder.php:2205
/www/wwwroot/jobportal.prus.dev/vendor/laravel/framework/src/Illuminate/Database/Eloquent/Model.php:1408
/www/wwwroot/jobportal.prus.dev/vendor/laravel/framework/src/Illuminate/Database/Eloquent/Model.php:1373
/www/wwwroot/jobportal.prus.dev/vendor/laravel/framework/src/Illuminate/Database/Eloquent/Model.php:1212
/www/wwwroot/jobportal.prus.dev/vendor/laravel/framework/src/Illuminate/Database/Eloquent/Factories/Factory.php:351
/www/wwwroot/jobportal.prus.dev/vendor/laravel/framework/src/Illuminate/Collections/Traits/EnumeratesValues.php:271
/www/wwwroot/jobportal.prus.dev/vendor/laravel/framework/src/Illuminate/Database/Eloquent/Factories/Factory.php:346
/www/wwwroot/jobportal.prus.dev/vendor/laravel/framework/src/Illuminate/Database/Eloquent/Factories/Factory.php:306
/www/wwwroot/jobportal.prus.dev/database/seeders/SQLiteOptimizedSeeder.php:171
/www/wwwroot/jobportal.prus.dev/database/seeders/SQLiteOptimizedSeeder.php:60
/www/wwwroot/jobportal.prus.dev/vendor/laravel/framework/src/Illuminate/Container/BoundMethod.php:36
/www/wwwroot/jobportal.prus.dev/vendor/laravel/framework/src/Illuminate/Container/Util.php:43
/www/wwwroot/jobportal.prus.dev/vendor/laravel/framework/src/Illuminate/Container/BoundMethod.php:96
/www/wwwroot/jobportal.prus.dev/vendor/laravel/framework/src/Illuminate/Container/BoundMethod.php:35
/www/wwwroot/jobportal.prus.dev/vendor/laravel/framework/src/Illuminate/Container/Container.php:754
/www/wwwroot/jobportal.prus.dev/vendor/laravel/framework/src/Illuminate/Database/Seeder.php:188
/www/wwwroot/jobportal.prus.dev/vendor/laravel/framework/src/Illuminate/Database/Seeder.php:197
/www/wwwroot/jobportal.prus.dev/vendor/laravel/framework/src/Illuminate/Database/Seeder.php:61
/www/wwwroot/jobportal.prus.dev/database/seeders/DatabaseSeeder.php:20
/www/wwwroot/jobportal.prus.dev/vendor/laravel/framework/src/Illuminate/Container/BoundMethod.php:36
/www/wwwroot/jobportal.prus.dev/vendor/laravel/framework/src/Illuminate/Container/Util.php:43
/www/wwwroot/jobportal.prus.dev/vendor/laravel/framework/src/Illuminate/Container/BoundMethod.php:96
/www/wwwroot/jobportal.prus.dev/vendor/laravel/framework/src/Illuminate/Container/BoundMethod.php:35
/www/wwwroot/jobportal.prus.dev/vendor/laravel/framework/src/Illuminate/Container/Container.php:754
/www/wwwroot/jobportal.prus.dev/vendor/laravel/framework/src/Illuminate/Database/Seeder.php:188
/www/wwwroot/jobportal.prus.dev/vendor/laravel/framework/src/Illuminate/Database/Seeder.php:197
/www/wwwroot/jobportal.prus.dev/vendor/laravel/framework/src/Illuminate/Database/Console/Seeds/SeedCommand.php:71
/www/wwwroot/jobportal.prus.dev/vendor/laravel/framework/src/Illuminate/Database/Eloquent/Concerns/GuardsAttributes.php:157
/www/wwwroot/jobportal.prus.dev/vendor/laravel/framework/src/Illuminate/Database/Console/Seeds/SeedCommand.php:70
/www/wwwroot/jobportal.prus.dev/vendor/laravel/framework/src/Illuminate/Container/BoundMethod.php:36
/www/wwwroot/jobportal.prus.dev/vendor/laravel/framework/src/Illuminate/Container/Util.php:43
/www/wwwroot/jobportal.prus.dev/vendor/laravel/framework/src/Illuminate/Container/BoundMethod.php:96
/www/wwwroot/jobportal.prus.dev/vendor/laravel/framework/src/Illuminate/Container/BoundMethod.php:35
/www/wwwroot/jobportal.prus.dev/vendor/laravel/framework/src/Illuminate/Container/Container.php:754
/www/wwwroot/jobportal.prus.dev/vendor/laravel/framework/src/Illuminate/Console/Command.php:211
/www/wwwroot/jobportal.prus.dev/vendor/symfony/console/Command/Command.php:318
/www/wwwroot/jobportal.prus.dev/vendor/laravel/framework/src/Illuminate/Console/Command.php:180
/www/wwwroot/jobportal.prus.dev/vendor/symfony/console/Application.php:1074
/www/wwwroot/jobportal.prus.dev/vendor/symfony/console/Application.php:341
/www/wwwroot/jobportal.prus.dev/vendor/symfony/console/Application.php:192
/www/wwwroot/jobportal.prus.dev/vendor/laravel/framework/src/Illuminate/Console/Application.php:165
/www/wwwroot/jobportal.prus.dev/vendor/laravel/framework/src/Illuminate/Foundation/Console/Kernel.php:426
/www/wwwroot/jobportal.prus.dev/vendor/laravel/framework/src/Illuminate/Testing/PendingCommand.php:330
/www/wwwroot/jobportal.prus.dev/vendor/laravel/framework/src/Illuminate/Testing/PendingCommand.php:533
/www/wwwroot/jobportal.prus.dev/vendor/laravel/framework/src/Illuminate/Foundation/Testing/Concerns/InteractsWithConsole.php:87
/www/wwwroot/jobportal.prus.dev/tests/Feature/Universal/UniversalApiTest.php:33</error>
        </testcase>
        <testcase name="test_api_versioning" file="/www/wwwroot/jobportal.prus.dev/tests/Feature/Universal/UniversalApiTest.php" line="348" class="Tests\Feature\Universal\UniversalApiTest" classname="Tests.Feature.Universal.UniversalApiTest" assertions="0" time="0.000000">
          <error type="Error">Tests\Feature\Universal\UniversalApiTest::test_api_versioning
Error: Class "App\Models\User" not found

/www/wwwroot/jobportal.prus.dev/database/seeders/SQLiteOptimizedSeeder.php:264
/www/wwwroot/jobportal.prus.dev/database/seeders/SQLiteOptimizedSeeder.php:68
/www/wwwroot/jobportal.prus.dev/vendor/laravel/framework/src/Illuminate/Container/BoundMethod.php:36
/www/wwwroot/jobportal.prus.dev/vendor/laravel/framework/src/Illuminate/Container/Util.php:43
/www/wwwroot/jobportal.prus.dev/vendor/laravel/framework/src/Illuminate/Container/BoundMethod.php:96
/www/wwwroot/jobportal.prus.dev/vendor/laravel/framework/src/Illuminate/Container/BoundMethod.php:35
/www/wwwroot/jobportal.prus.dev/vendor/laravel/framework/src/Illuminate/Container/Container.php:754
/www/wwwroot/jobportal.prus.dev/vendor/laravel/framework/src/Illuminate/Database/Seeder.php:188
/www/wwwroot/jobportal.prus.dev/vendor/laravel/framework/src/Illuminate/Database/Seeder.php:197
/www/wwwroot/jobportal.prus.dev/vendor/laravel/framework/src/Illuminate/Database/Seeder.php:61
/www/wwwroot/jobportal.prus.dev/database/seeders/DatabaseSeeder.php:20
/www/wwwroot/jobportal.prus.dev/vendor/laravel/framework/src/Illuminate/Container/BoundMethod.php:36
/www/wwwroot/jobportal.prus.dev/vendor/laravel/framework/src/Illuminate/Container/Util.php:43
/www/wwwroot/jobportal.prus.dev/vendor/laravel/framework/src/Illuminate/Container/BoundMethod.php:96
/www/wwwroot/jobportal.prus.dev/vendor/laravel/framework/src/Illuminate/Container/BoundMethod.php:35
/www/wwwroot/jobportal.prus.dev/vendor/laravel/framework/src/Illuminate/Container/Container.php:754
/www/wwwroot/jobportal.prus.dev/vendor/laravel/framework/src/Illuminate/Database/Seeder.php:188
/www/wwwroot/jobportal.prus.dev/vendor/laravel/framework/src/Illuminate/Database/Seeder.php:197
/www/wwwroot/jobportal.prus.dev/vendor/laravel/framework/src/Illuminate/Database/Console/Seeds/SeedCommand.php:71
/www/wwwroot/jobportal.prus.dev/vendor/laravel/framework/src/Illuminate/Database/Eloquent/Concerns/GuardsAttributes.php:157
/www/wwwroot/jobportal.prus.dev/vendor/laravel/framework/src/Illuminate/Database/Console/Seeds/SeedCommand.php:70
/www/wwwroot/jobportal.prus.dev/vendor/laravel/framework/src/Illuminate/Container/BoundMethod.php:36
/www/wwwroot/jobportal.prus.dev/vendor/laravel/framework/src/Illuminate/Container/Util.php:43
/www/wwwroot/jobportal.prus.dev/vendor/laravel/framework/src/Illuminate/Container/BoundMethod.php:96
/www/wwwroot/jobportal.prus.dev/vendor/laravel/framework/src/Illuminate/Container/BoundMethod.php:35
/www/wwwroot/jobportal.prus.dev/vendor/laravel/framework/src/Illuminate/Container/Container.php:754
/www/wwwroot/jobportal.prus.dev/vendor/laravel/framework/src/Illuminate/Console/Command.php:211
/www/wwwroot/jobportal.prus.dev/vendor/symfony/console/Command/Command.php:318
/www/wwwroot/jobportal.prus.dev/vendor/laravel/framework/src/Illuminate/Console/Command.php:180
/www/wwwroot/jobportal.prus.dev/vendor/symfony/console/Application.php:1074
/www/wwwroot/jobportal.prus.dev/vendor/symfony/console/Application.php:341
/www/wwwroot/jobportal.prus.dev/vendor/symfony/console/Application.php:192
/www/wwwroot/jobportal.prus.dev/vendor/laravel/framework/src/Illuminate/Console/Application.php:165
/www/wwwroot/jobportal.prus.dev/vendor/laravel/framework/src/Illuminate/Foundation/Console/Kernel.php:426
/www/wwwroot/jobportal.prus.dev/vendor/laravel/framework/src/Illuminate/Testing/PendingCommand.php:330
/www/wwwroot/jobportal.prus.dev/vendor/laravel/framework/src/Illuminate/Testing/PendingCommand.php:533
/www/wwwroot/jobportal.prus.dev/vendor/laravel/framework/src/Illuminate/Foundation/Testing/Concerns/InteractsWithConsole.php:87
/www/wwwroot/jobportal.prus.dev/tests/Feature/Universal/UniversalApiTest.php:33</error>
        </testcase>
      </testsuite>
      <testsuite name="Tests\Feature\Universal\UniversalSanctumTest" file="/www/wwwroot/jobportal.prus.dev/tests/Feature/Universal/UniversalSanctumTest.php" tests="13" assertions="0" errors="13" failures="0" skipped="0" time="0.000000">
        <testcase name="test_universal_login_issues_token" file="/www/wwwroot/jobportal.prus.dev/tests/Feature/Universal/UniversalSanctumTest.php" line="37" class="Tests\Feature\Universal\UniversalSanctumTest" classname="Tests.Feature.Universal.UniversalSanctumTest" assertions="0" time="0.000000">
          <error type="Error">Tests\Feature\Universal\UniversalSanctumTest::test_universal_login_issues_token
Error: Class "App\Models\User" not found

/www/wwwroot/jobportal.prus.dev/tests/Feature/Universal/UniversalSanctumTest.php:28</error>
        </testcase>
        <testcase name="test_universal_login_with_invalid_credentials" file="/www/wwwroot/jobportal.prus.dev/tests/Feature/Universal/UniversalSanctumTest.php" line="61" class="Tests\Feature\Universal\UniversalSanctumTest" classname="Tests.Feature.Universal.UniversalSanctumTest" assertions="0" time="0.000000">
          <error type="Error">Tests\Feature\Universal\UniversalSanctumTest::test_universal_login_with_invalid_credentials
Error: Class "App\Models\User" not found

/www/wwwroot/jobportal.prus.dev/tests/Feature/Universal/UniversalSanctumTest.php:28</error>
        </testcase>
        <testcase name="test_universal_authenticated_user_endpoint" file="/www/wwwroot/jobportal.prus.dev/tests/Feature/Universal/UniversalSanctumTest.php" line="82" class="Tests\Feature\Universal\UniversalSanctumTest" classname="Tests.Feature.Universal.UniversalSanctumTest" assertions="0" time="0.000000">
          <error type="Error">Tests\Feature\Universal\UniversalSanctumTest::test_universal_authenticated_user_endpoint
Error: Class "App\Models\User" not found

/www/wwwroot/jobportal.prus.dev/tests/Feature/Universal/UniversalSanctumTest.php:28</error>
        </testcase>
        <testcase name="test_universal_unauthenticated_access_blocked" file="/www/wwwroot/jobportal.prus.dev/tests/Feature/Universal/UniversalSanctumTest.php" line="102" class="Tests\Feature\Universal\UniversalSanctumTest" classname="Tests.Feature.Universal.UniversalSanctumTest" assertions="0" time="0.000000">
          <error type="Error">Tests\Feature\Universal\UniversalSanctumTest::test_universal_unauthenticated_access_blocked
Error: Class "App\Models\User" not found

/www/wwwroot/jobportal.prus.dev/tests/Feature/Universal/UniversalSanctumTest.php:28</error>
        </testcase>
        <testcase name="test_universal_token_logout" file="/www/wwwroot/jobportal.prus.dev/tests/Feature/Universal/UniversalSanctumTest.php" line="112" class="Tests\Feature\Universal\UniversalSanctumTest" classname="Tests.Feature.Universal.UniversalSanctumTest" assertions="0" time="0.000000">
          <error type="Error">Tests\Feature\Universal\UniversalSanctumTest::test_universal_token_logout
Error: Class "App\Models\User" not found

/www/wwwroot/jobportal.prus.dev/tests/Feature/Universal/UniversalSanctumTest.php:28</error>
        </testcase>
        <testcase name="test_universal_logout_all_tokens" file="/www/wwwroot/jobportal.prus.dev/tests/Feature/Universal/UniversalSanctumTest.php" line="127" class="Tests\Feature\Universal\UniversalSanctumTest" classname="Tests.Feature.Universal.UniversalSanctumTest" assertions="0" time="0.000000">
          <error type="Error">Tests\Feature\Universal\UniversalSanctumTest::test_universal_logout_all_tokens
Error: Class "App\Models\User" not found

/www/wwwroot/jobportal.prus.dev/tests/Feature/Universal/UniversalSanctumTest.php:28</error>
        </testcase>
        <testcase name="test_universal_token_abilities" file="/www/wwwroot/jobportal.prus.dev/tests/Feature/Universal/UniversalSanctumTest.php" line="151" class="Tests\Feature\Universal\UniversalSanctumTest" classname="Tests.Feature.Universal.UniversalSanctumTest" assertions="0" time="0.000000">
          <error type="Error">Tests\Feature\Universal\UniversalSanctumTest::test_universal_token_abilities
Error: Class "App\Models\User" not found

/www/wwwroot/jobportal.prus.dev/tests/Feature/Universal/UniversalSanctumTest.php:28</error>
        </testcase>
        <testcase name="test_universal_insufficient_token_abilities" file="/www/wwwroot/jobportal.prus.dev/tests/Feature/Universal/UniversalSanctumTest.php" line="171" class="Tests\Feature\Universal\UniversalSanctumTest" classname="Tests.Feature.Universal.UniversalSanctumTest" assertions="0" time="0.000000">
          <error type="Error">Tests\Feature\Universal\UniversalSanctumTest::test_universal_insufficient_token_abilities
Error: Class "App\Models\User" not found

/www/wwwroot/jobportal.prus.dev/tests/Feature/Universal/UniversalSanctumTest.php:28</error>
        </testcase>
        <testcase name="test_universal_login_rate_limiting" file="/www/wwwroot/jobportal.prus.dev/tests/Feature/Universal/UniversalSanctumTest.php" line="188" class="Tests\Feature\Universal\UniversalSanctumTest" classname="Tests.Feature.Universal.UniversalSanctumTest" assertions="0" time="0.000000">
          <error type="Error">Tests\Feature\Universal\UniversalSanctumTest::test_universal_login_rate_limiting
Error: Class "App\Models\User" not found

/www/wwwroot/jobportal.prus.dev/tests/Feature/Universal/UniversalSanctumTest.php:28</error>
        </testcase>
        <testcase name="test_universal_api_routes_require_authentication" file="/www/wwwroot/jobportal.prus.dev/tests/Feature/Universal/UniversalSanctumTest.php" line="206" class="Tests\Feature\Universal\UniversalSanctumTest" classname="Tests.Feature.Universal.UniversalSanctumTest" assertions="0" time="0.000000">
          <error type="Error">Tests\Feature\Universal\UniversalSanctumTest::test_universal_api_routes_require_authentication
Error: Class "App\Models\User" not found

/www/wwwroot/jobportal.prus.dev/tests/Feature/Universal/UniversalSanctumTest.php:28</error>
        </testcase>
        <testcase name="test_universal_user_tokens_listing" file="/www/wwwroot/jobportal.prus.dev/tests/Feature/Universal/UniversalSanctumTest.php" line="229" class="Tests\Feature\Universal\UniversalSanctumTest" classname="Tests.Feature.Universal.UniversalSanctumTest" assertions="0" time="0.000000">
          <error type="Error">Tests\Feature\Universal\UniversalSanctumTest::test_universal_user_tokens_listing
Error: Class "App\Models\User" not found

/www/wwwroot/jobportal.prus.dev/tests/Feature/Universal/UniversalSanctumTest.php:28</error>
        </testcase>
        <testcase name="test_universal_api_versioning_headers" file="/www/wwwroot/jobportal.prus.dev/tests/Feature/Universal/UniversalSanctumTest.php" line="254" class="Tests\Feature\Universal\UniversalSanctumTest" classname="Tests.Feature.Universal.UniversalSanctumTest" assertions="0" time="0.000000">
          <error type="Error">Tests\Feature\Universal\UniversalSanctumTest::test_universal_api_versioning_headers
Error: Class "App\Models\User" not found

/www/wwwroot/jobportal.prus.dev/tests/Feature/Universal/UniversalSanctumTest.php:28</error>
        </testcase>
        <testcase name="test_universal_security_headers" file="/www/wwwroot/jobportal.prus.dev/tests/Feature/Universal/UniversalSanctumTest.php" line="268" class="Tests\Feature\Universal\UniversalSanctumTest" classname="Tests.Feature.Universal.UniversalSanctumTest" assertions="0" time="0.000000">
          <error type="Error">Tests\Feature\Universal\UniversalSanctumTest::test_universal_security_headers
Error: Class "App\Models\User" not found

/www/wwwroot/jobportal.prus.dev/tests/Feature/Universal/UniversalSanctumTest.php:28</error>
        </testcase>
      </testsuite>
      <testsuite name="Tests\Feature\Web\AboutUsControllerTest" file="/www/wwwroot/jobportal.prus.dev/tests/Feature/Web/AboutUsControllerTest.php" tests="17" assertions="0" errors="17" failures="0" skipped="0" time="0.000000">
        <testcase name="test_index_displays_correctly" file="/www/wwwroot/jobportal.prus.dev/tests/Feature/Web/AboutUsControllerTest.php" line="36" class="Tests\Feature\Web\AboutUsControllerTest" classname="Tests.Feature.Web.AboutUsControllerTest" assertions="0" time="0.000000">
          <error type="Error">Tests\Feature\Web\AboutUsControllerTest::test_index_displays_correctly
Error: Class "App\Models\User" not found

/www/wwwroot/jobportal.prus.dev/tests/Feature/Web/AboutUsControllerTest.php:30</error>
        </testcase>
        <testcase name="test_guest_can_access_public_pages" file="/www/wwwroot/jobportal.prus.dev/tests/Feature/Web/AboutUsControllerTest.php" line="48" class="Tests\Feature\Web\AboutUsControllerTest" classname="Tests.Feature.Web.AboutUsControllerTest" assertions="0" time="0.000000">
          <error type="Error">Tests\Feature\Web\AboutUsControllerTest::test_guest_can_access_public_pages
Error: Class "App\Models\User" not found

/www/wwwroot/jobportal.prus.dev/tests/Feature/Web/AboutUsControllerTest.php:30</error>
        </testcase>
        <testcase name="test_authenticated_user_access" file="/www/wwwroot/jobportal.prus.dev/tests/Feature/Web/AboutUsControllerTest.php" line="59" class="Tests\Feature\Web\AboutUsControllerTest" classname="Tests.Feature.Web.AboutUsControllerTest" assertions="0" time="0.000000">
          <error type="Error">Tests\Feature\Web\AboutUsControllerTest::test_authenticated_user_access
Error: Class "App\Models\User" not found

/www/wwwroot/jobportal.prus.dev/tests/Feature/Web/AboutUsControllerTest.php:30</error>
        </testcase>
        <testcase name="test_create_displays_form" file="/www/wwwroot/jobportal.prus.dev/tests/Feature/Web/AboutUsControllerTest.php" line="71" class="Tests\Feature\Web\AboutUsControllerTest" classname="Tests.Feature.Web.AboutUsControllerTest" assertions="0" time="0.000000">
          <error type="Error">Tests\Feature\Web\AboutUsControllerTest::test_create_displays_form
Error: Class "App\Models\User" not found

/www/wwwroot/jobportal.prus.dev/tests/Feature/Web/AboutUsControllerTest.php:30</error>
        </testcase>
        <testcase name="test_store_creates_new_record" file="/www/wwwroot/jobportal.prus.dev/tests/Feature/Web/AboutUsControllerTest.php" line="83" class="Tests\Feature\Web\AboutUsControllerTest" classname="Tests.Feature.Web.AboutUsControllerTest" assertions="0" time="0.000000">
          <error type="Error">Tests\Feature\Web\AboutUsControllerTest::test_store_creates_new_record
Error: Class "App\Models\User" not found

/www/wwwroot/jobportal.prus.dev/tests/Feature/Web/AboutUsControllerTest.php:30</error>
        </testcase>
        <testcase name="test_store_validates_required_fields" file="/www/wwwroot/jobportal.prus.dev/tests/Feature/Web/AboutUsControllerTest.php" line="102" class="Tests\Feature\Web\AboutUsControllerTest" classname="Tests.Feature.Web.AboutUsControllerTest" assertions="0" time="0.000000">
          <error type="Error">Tests\Feature\Web\AboutUsControllerTest::test_store_validates_required_fields
Error: Class "App\Models\User" not found

/www/wwwroot/jobportal.prus.dev/tests/Feature/Web/AboutUsControllerTest.php:30</error>
        </testcase>
        <testcase name="test_show_displays_record" file="/www/wwwroot/jobportal.prus.dev/tests/Feature/Web/AboutUsControllerTest.php" line="114" class="Tests\Feature\Web\AboutUsControllerTest" classname="Tests.Feature.Web.AboutUsControllerTest" assertions="0" time="0.000000">
          <error type="Error">Tests\Feature\Web\AboutUsControllerTest::test_show_displays_record
Error: Class "App\Models\User" not found

/www/wwwroot/jobportal.prus.dev/tests/Feature/Web/AboutUsControllerTest.php:30</error>
        </testcase>
        <testcase name="test_edit_displays_form" file="/www/wwwroot/jobportal.prus.dev/tests/Feature/Web/AboutUsControllerTest.php" line="128" class="Tests\Feature\Web\AboutUsControllerTest" classname="Tests.Feature.Web.AboutUsControllerTest" assertions="0" time="0.000000">
          <error type="Error">Tests\Feature\Web\AboutUsControllerTest::test_edit_displays_form
Error: Class "App\Models\User" not found

/www/wwwroot/jobportal.prus.dev/tests/Feature/Web/AboutUsControllerTest.php:30</error>
        </testcase>
        <testcase name="test_update_modifies_record" file="/www/wwwroot/jobportal.prus.dev/tests/Feature/Web/AboutUsControllerTest.php" line="139" class="Tests\Feature\Web\AboutUsControllerTest" classname="Tests.Feature.Web.AboutUsControllerTest" assertions="0" time="0.000000">
          <error type="Error">Tests\Feature\Web\AboutUsControllerTest::test_update_modifies_record
Error: Class "App\Models\User" not found

/www/wwwroot/jobportal.prus.dev/tests/Feature/Web/AboutUsControllerTest.php:30</error>
        </testcase>
        <testcase name="test_destroy_deletes_record" file="/www/wwwroot/jobportal.prus.dev/tests/Feature/Web/AboutUsControllerTest.php" line="156" class="Tests\Feature\Web\AboutUsControllerTest" classname="Tests.Feature.Web.AboutUsControllerTest" assertions="0" time="0.000000">
          <error type="Error">Tests\Feature\Web\AboutUsControllerTest::test_destroy_deletes_record
Error: Class "App\Models\User" not found

/www/wwwroot/jobportal.prus.dev/tests/Feature/Web/AboutUsControllerTest.php:30</error>
        </testcase>
        <testcase name="test_unauthorized_access_is_prevented" file="/www/wwwroot/jobportal.prus.dev/tests/Feature/Web/AboutUsControllerTest.php" line="168" class="Tests\Feature\Web\AboutUsControllerTest" classname="Tests.Feature.Web.AboutUsControllerTest" assertions="0" time="0.000000">
          <error type="Error">Tests\Feature\Web\AboutUsControllerTest::test_unauthorized_access_is_prevented
Error: Class "App\Models\User" not found

/www/wwwroot/jobportal.prus.dev/tests/Feature/Web/AboutUsControllerTest.php:30</error>
        </testcase>
        <testcase name="test_handles_invalid_input_gracefully" file="/www/wwwroot/jobportal.prus.dev/tests/Feature/Web/AboutUsControllerTest.php" line="179" class="Tests\Feature\Web\AboutUsControllerTest" classname="Tests.Feature.Web.AboutUsControllerTest" assertions="0" time="0.000000">
          <error type="Error">Tests\Feature\Web\AboutUsControllerTest::test_handles_invalid_input_gracefully
Error: Class "App\Models\User" not found

/www/wwwroot/jobportal.prus.dev/tests/Feature/Web/AboutUsControllerTest.php:30</error>
        </testcase>
        <testcase name="test_search_functionality" file="/www/wwwroot/jobportal.prus.dev/tests/Feature/Web/AboutUsControllerTest.php" line="196" class="Tests\Feature\Web\AboutUsControllerTest" classname="Tests.Feature.Web.AboutUsControllerTest" assertions="0" time="0.000000">
          <error type="Error">Tests\Feature\Web\AboutUsControllerTest::test_search_functionality
Error: Class "App\Models\User" not found

/www/wwwroot/jobportal.prus.dev/tests/Feature/Web/AboutUsControllerTest.php:30</error>
        </testcase>
        <testcase name="test_pagination_works_correctly" file="/www/wwwroot/jobportal.prus.dev/tests/Feature/Web/AboutUsControllerTest.php" line="210" class="Tests\Feature\Web\AboutUsControllerTest" classname="Tests.Feature.Web.AboutUsControllerTest" assertions="0" time="0.000000">
          <error type="Error">Tests\Feature\Web\AboutUsControllerTest::test_pagination_works_correctly
Error: Class "App\Models\User" not found

/www/wwwroot/jobportal.prus.dev/tests/Feature/Web/AboutUsControllerTest.php:30</error>
        </testcase>
        <testcase name="test_csrf_protection_is_enforced" file="/www/wwwroot/jobportal.prus.dev/tests/Feature/Web/AboutUsControllerTest.php" line="221" class="Tests\Feature\Web\AboutUsControllerTest" classname="Tests.Feature.Web.AboutUsControllerTest" assertions="0" time="0.000000">
          <error type="Error">Tests\Feature\Web\AboutUsControllerTest::test_csrf_protection_is_enforced
Error: Class "App\Models\User" not found

/www/wwwroot/jobportal.prus.dev/tests/Feature/Web/AboutUsControllerTest.php:30</error>
        </testcase>
        <testcase name="test_rate_limiting_prevents_abuse" file="/www/wwwroot/jobportal.prus.dev/tests/Feature/Web/AboutUsControllerTest.php" line="233" class="Tests\Feature\Web\AboutUsControllerTest" classname="Tests.Feature.Web.AboutUsControllerTest" assertions="0" time="0.000000">
          <error type="Error">Tests\Feature\Web\AboutUsControllerTest::test_rate_limiting_prevents_abuse
Error: Class "App\Models\User" not found

/www/wwwroot/jobportal.prus.dev/tests/Feature/Web/AboutUsControllerTest.php:30</error>
        </testcase>
        <testcase name="test_handles_server_errors_gracefully" file="/www/wwwroot/jobportal.prus.dev/tests/Feature/Web/AboutUsControllerTest.php" line="248" class="Tests\Feature\Web\AboutUsControllerTest" classname="Tests.Feature.Web.AboutUsControllerTest" assertions="0" time="0.000000">
          <error type="Error">Tests\Feature\Web\AboutUsControllerTest::test_handles_server_errors_gracefully
Error: Class "App\Models\User" not found

/www/wwwroot/jobportal.prus.dev/tests/Feature/Web/AboutUsControllerTest.php:30</error>
        </testcase>
      </testsuite>
      <testsuite name="Tests\Feature\Web\CategoriesControllerTest" file="/www/wwwroot/jobportal.prus.dev/tests/Feature/Web/CategoriesControllerTest.php" tests="17" assertions="0" errors="17" failures="0" skipped="0" time="0.000000">
        <testcase name="test_index_displays_correctly" file="/www/wwwroot/jobportal.prus.dev/tests/Feature/Web/CategoriesControllerTest.php" line="36" class="Tests\Feature\Web\CategoriesControllerTest" classname="Tests.Feature.Web.CategoriesControllerTest" assertions="0" time="0.000000">
          <error type="Error">Tests\Feature\Web\CategoriesControllerTest::test_index_displays_correctly
Error: Class "App\Models\User" not found

/www/wwwroot/jobportal.prus.dev/tests/Feature/Web/CategoriesControllerTest.php:30</error>
        </testcase>
        <testcase name="test_guest_can_access_public_pages" file="/www/wwwroot/jobportal.prus.dev/tests/Feature/Web/CategoriesControllerTest.php" line="48" class="Tests\Feature\Web\CategoriesControllerTest" classname="Tests.Feature.Web.CategoriesControllerTest" assertions="0" time="0.000000">
          <error type="Error">Tests\Feature\Web\CategoriesControllerTest::test_guest_can_access_public_pages
Error: Class "App\Models\User" not found

/www/wwwroot/jobportal.prus.dev/tests/Feature/Web/CategoriesControllerTest.php:30</error>
        </testcase>
        <testcase name="test_authenticated_user_access" file="/www/wwwroot/jobportal.prus.dev/tests/Feature/Web/CategoriesControllerTest.php" line="59" class="Tests\Feature\Web\CategoriesControllerTest" classname="Tests.Feature.Web.CategoriesControllerTest" assertions="0" time="0.000000">
          <error type="Error">Tests\Feature\Web\CategoriesControllerTest::test_authenticated_user_access
Error: Class "App\Models\User" not found

/www/wwwroot/jobportal.prus.dev/tests/Feature/Web/CategoriesControllerTest.php:30</error>
        </testcase>
        <testcase name="test_create_displays_form" file="/www/wwwroot/jobportal.prus.dev/tests/Feature/Web/CategoriesControllerTest.php" line="71" class="Tests\Feature\Web\CategoriesControllerTest" classname="Tests.Feature.Web.CategoriesControllerTest" assertions="0" time="0.000000">
          <error type="Error">Tests\Feature\Web\CategoriesControllerTest::test_create_displays_form
Error: Class "App\Models\User" not found

/www/wwwroot/jobportal.prus.dev/tests/Feature/Web/CategoriesControllerTest.php:30</error>
        </testcase>
        <testcase name="test_store_creates_new_record" file="/www/wwwroot/jobportal.prus.dev/tests/Feature/Web/CategoriesControllerTest.php" line="83" class="Tests\Feature\Web\CategoriesControllerTest" classname="Tests.Feature.Web.CategoriesControllerTest" assertions="0" time="0.000000">
          <error type="Error">Tests\Feature\Web\CategoriesControllerTest::test_store_creates_new_record
Error: Class "App\Models\User" not found

/www/wwwroot/jobportal.prus.dev/tests/Feature/Web/CategoriesControllerTest.php:30</error>
        </testcase>
        <testcase name="test_store_validates_required_fields" file="/www/wwwroot/jobportal.prus.dev/tests/Feature/Web/CategoriesControllerTest.php" line="102" class="Tests\Feature\Web\CategoriesControllerTest" classname="Tests.Feature.Web.CategoriesControllerTest" assertions="0" time="0.000000">
          <error type="Error">Tests\Feature\Web\CategoriesControllerTest::test_store_validates_required_fields
Error: Class "App\Models\User" not found

/www/wwwroot/jobportal.prus.dev/tests/Feature/Web/CategoriesControllerTest.php:30</error>
        </testcase>
        <testcase name="test_show_displays_record" file="/www/wwwroot/jobportal.prus.dev/tests/Feature/Web/CategoriesControllerTest.php" line="114" class="Tests\Feature\Web\CategoriesControllerTest" classname="Tests.Feature.Web.CategoriesControllerTest" assertions="0" time="0.000000">
          <error type="Error">Tests\Feature\Web\CategoriesControllerTest::test_show_displays_record
Error: Class "App\Models\User" not found

/www/wwwroot/jobportal.prus.dev/tests/Feature/Web/CategoriesControllerTest.php:30</error>
        </testcase>
        <testcase name="test_edit_displays_form" file="/www/wwwroot/jobportal.prus.dev/tests/Feature/Web/CategoriesControllerTest.php" line="128" class="Tests\Feature\Web\CategoriesControllerTest" classname="Tests.Feature.Web.CategoriesControllerTest" assertions="0" time="0.000000">
          <error type="Error">Tests\Feature\Web\CategoriesControllerTest::test_edit_displays_form
Error: Class "App\Models\User" not found

/www/wwwroot/jobportal.prus.dev/tests/Feature/Web/CategoriesControllerTest.php:30</error>
        </testcase>
        <testcase name="test_update_modifies_record" file="/www/wwwroot/jobportal.prus.dev/tests/Feature/Web/CategoriesControllerTest.php" line="139" class="Tests\Feature\Web\CategoriesControllerTest" classname="Tests.Feature.Web.CategoriesControllerTest" assertions="0" time="0.000000">
          <error type="Error">Tests\Feature\Web\CategoriesControllerTest::test_update_modifies_record
Error: Class "App\Models\User" not found

/www/wwwroot/jobportal.prus.dev/tests/Feature/Web/CategoriesControllerTest.php:30</error>
        </testcase>
        <testcase name="test_destroy_deletes_record" file="/www/wwwroot/jobportal.prus.dev/tests/Feature/Web/CategoriesControllerTest.php" line="156" class="Tests\Feature\Web\CategoriesControllerTest" classname="Tests.Feature.Web.CategoriesControllerTest" assertions="0" time="0.000000">
          <error type="Error">Tests\Feature\Web\CategoriesControllerTest::test_destroy_deletes_record
Error: Class "App\Models\User" not found

/www/wwwroot/jobportal.prus.dev/tests/Feature/Web/CategoriesControllerTest.php:30</error>
        </testcase>
        <testcase name="test_unauthorized_access_is_prevented" file="/www/wwwroot/jobportal.prus.dev/tests/Feature/Web/CategoriesControllerTest.php" line="168" class="Tests\Feature\Web\CategoriesControllerTest" classname="Tests.Feature.Web.CategoriesControllerTest" assertions="0" time="0.000000">
          <error type="Error">Tests\Feature\Web\CategoriesControllerTest::test_unauthorized_access_is_prevented
Error: Class "App\Models\User" not found

/www/wwwroot/jobportal.prus.dev/tests/Feature/Web/CategoriesControllerTest.php:30</error>
        </testcase>
        <testcase name="test_handles_invalid_input_gracefully" file="/www/wwwroot/jobportal.prus.dev/tests/Feature/Web/CategoriesControllerTest.php" line="179" class="Tests\Feature\Web\CategoriesControllerTest" classname="Tests.Feature.Web.CategoriesControllerTest" assertions="0" time="0.000000">
          <error type="Error">Tests\Feature\Web\CategoriesControllerTest::test_handles_invalid_input_gracefully
Error: Class "App\Models\User" not found

/www/wwwroot/jobportal.prus.dev/tests/Feature/Web/CategoriesControllerTest.php:30</error>
        </testcase>
        <testcase name="test_search_functionality" file="/www/wwwroot/jobportal.prus.dev/tests/Feature/Web/CategoriesControllerTest.php" line="196" class="Tests\Feature\Web\CategoriesControllerTest" classname="Tests.Feature.Web.CategoriesControllerTest" assertions="0" time="0.000000">
          <error type="Error">Tests\Feature\Web\CategoriesControllerTest::test_search_functionality
Error: Class "App\Models\User" not found

/www/wwwroot/jobportal.prus.dev/tests/Feature/Web/CategoriesControllerTest.php:30</error>
        </testcase>
        <testcase name="test_pagination_works_correctly" file="/www/wwwroot/jobportal.prus.dev/tests/Feature/Web/CategoriesControllerTest.php" line="210" class="Tests\Feature\Web\CategoriesControllerTest" classname="Tests.Feature.Web.CategoriesControllerTest" assertions="0" time="0.000000">
          <error type="Error">Tests\Feature\Web\CategoriesControllerTest::test_pagination_works_correctly
Error: Class "App\Models\User" not found

/www/wwwroot/jobportal.prus.dev/tests/Feature/Web/CategoriesControllerTest.php:30</error>
        </testcase>
        <testcase name="test_csrf_protection_is_enforced" file="/www/wwwroot/jobportal.prus.dev/tests/Feature/Web/CategoriesControllerTest.php" line="221" class="Tests\Feature\Web\CategoriesControllerTest" classname="Tests.Feature.Web.CategoriesControllerTest" assertions="0" time="0.000000">
          <error type="Error">Tests\Feature\Web\CategoriesControllerTest::test_csrf_protection_is_enforced
Error: Class "App\Models\User" not found

/www/wwwroot/jobportal.prus.dev/tests/Feature/Web/CategoriesControllerTest.php:30</error>
        </testcase>
        <testcase name="test_rate_limiting_prevents_abuse" file="/www/wwwroot/jobportal.prus.dev/tests/Feature/Web/CategoriesControllerTest.php" line="233" class="Tests\Feature\Web\CategoriesControllerTest" classname="Tests.Feature.Web.CategoriesControllerTest" assertions="0" time="0.000000">
          <error type="Error">Tests\Feature\Web\CategoriesControllerTest::test_rate_limiting_prevents_abuse
Error: Class "App\Models\User" not found

/www/wwwroot/jobportal.prus.dev/tests/Feature/Web/CategoriesControllerTest.php:30</error>
        </testcase>
        <testcase name="test_handles_server_errors_gracefully" file="/www/wwwroot/jobportal.prus.dev/tests/Feature/Web/CategoriesControllerTest.php" line="248" class="Tests\Feature\Web\CategoriesControllerTest" classname="Tests.Feature.Web.CategoriesControllerTest" assertions="0" time="0.000000">
          <error type="Error">Tests\Feature\Web\CategoriesControllerTest::test_handles_server_errors_gracefully
Error: Class "App\Models\User" not found

/www/wwwroot/jobportal.prus.dev/tests/Feature/Web/CategoriesControllerTest.php:30</error>
        </testcase>
      </testsuite>
      <testsuite name="Tests\Feature\Web\PrivacyPolicyControllerTest" file="/www/wwwroot/jobportal.prus.dev/tests/Feature/Web/PrivacyPolicyControllerTest.php" tests="17" assertions="0" errors="17" failures="0" skipped="0" time="0.000000">
        <testcase name="test_index_displays_correctly" file="/www/wwwroot/jobportal.prus.dev/tests/Feature/Web/PrivacyPolicyControllerTest.php" line="36" class="Tests\Feature\Web\PrivacyPolicyControllerTest" classname="Tests.Feature.Web.PrivacyPolicyControllerTest" assertions="0" time="0.000000">
          <error type="Error">Tests\Feature\Web\PrivacyPolicyControllerTest::test_index_displays_correctly
Error: Class "App\Models\User" not found

/www/wwwroot/jobportal.prus.dev/tests/Feature/Web/PrivacyPolicyControllerTest.php:30</error>
        </testcase>
        <testcase name="test_guest_can_access_public_pages" file="/www/wwwroot/jobportal.prus.dev/tests/Feature/Web/PrivacyPolicyControllerTest.php" line="48" class="Tests\Feature\Web\PrivacyPolicyControllerTest" classname="Tests.Feature.Web.PrivacyPolicyControllerTest" assertions="0" time="0.000000">
          <error type="Error">Tests\Feature\Web\PrivacyPolicyControllerTest::test_guest_can_access_public_pages
Error: Class "App\Models\User" not found

/www/wwwroot/jobportal.prus.dev/tests/Feature/Web/PrivacyPolicyControllerTest.php:30</error>
        </testcase>
        <testcase name="test_authenticated_user_access" file="/www/wwwroot/jobportal.prus.dev/tests/Feature/Web/PrivacyPolicyControllerTest.php" line="59" class="Tests\Feature\Web\PrivacyPolicyControllerTest" classname="Tests.Feature.Web.PrivacyPolicyControllerTest" assertions="0" time="0.000000">
          <error type="Error">Tests\Feature\Web\PrivacyPolicyControllerTest::test_authenticated_user_access
Error: Class "App\Models\User" not found

/www/wwwroot/jobportal.prus.dev/tests/Feature/Web/PrivacyPolicyControllerTest.php:30</error>
        </testcase>
        <testcase name="test_create_displays_form" file="/www/wwwroot/jobportal.prus.dev/tests/Feature/Web/PrivacyPolicyControllerTest.php" line="71" class="Tests\Feature\Web\PrivacyPolicyControllerTest" classname="Tests.Feature.Web.PrivacyPolicyControllerTest" assertions="0" time="0.000000">
          <error type="Error">Tests\Feature\Web\PrivacyPolicyControllerTest::test_create_displays_form
Error: Class "App\Models\User" not found

/www/wwwroot/jobportal.prus.dev/tests/Feature/Web/PrivacyPolicyControllerTest.php:30</error>
        </testcase>
        <testcase name="test_store_creates_new_record" file="/www/wwwroot/jobportal.prus.dev/tests/Feature/Web/PrivacyPolicyControllerTest.php" line="83" class="Tests\Feature\Web\PrivacyPolicyControllerTest" classname="Tests.Feature.Web.PrivacyPolicyControllerTest" assertions="0" time="0.000000">
          <error type="Error">Tests\Feature\Web\PrivacyPolicyControllerTest::test_store_creates_new_record
Error: Class "App\Models\User" not found

/www/wwwroot/jobportal.prus.dev/tests/Feature/Web/PrivacyPolicyControllerTest.php:30</error>
        </testcase>
        <testcase name="test_store_validates_required_fields" file="/www/wwwroot/jobportal.prus.dev/tests/Feature/Web/PrivacyPolicyControllerTest.php" line="102" class="Tests\Feature\Web\PrivacyPolicyControllerTest" classname="Tests.Feature.Web.PrivacyPolicyControllerTest" assertions="0" time="0.000000">
          <error type="Error">Tests\Feature\Web\PrivacyPolicyControllerTest::test_store_validates_required_fields
Error: Class "App\Models\User" not found

/www/wwwroot/jobportal.prus.dev/tests/Feature/Web/PrivacyPolicyControllerTest.php:30</error>
        </testcase>
        <testcase name="test_show_displays_record" file="/www/wwwroot/jobportal.prus.dev/tests/Feature/Web/PrivacyPolicyControllerTest.php" line="114" class="Tests\Feature\Web\PrivacyPolicyControllerTest" classname="Tests.Feature.Web.PrivacyPolicyControllerTest" assertions="0" time="0.000000">
          <error type="Error">Tests\Feature\Web\PrivacyPolicyControllerTest::test_show_displays_record
Error: Class "App\Models\User" not found

/www/wwwroot/jobportal.prus.dev/tests/Feature/Web/PrivacyPolicyControllerTest.php:30</error>
        </testcase>
        <testcase name="test_edit_displays_form" file="/www/wwwroot/jobportal.prus.dev/tests/Feature/Web/PrivacyPolicyControllerTest.php" line="128" class="Tests\Feature\Web\PrivacyPolicyControllerTest" classname="Tests.Feature.Web.PrivacyPolicyControllerTest" assertions="0" time="0.000000">
          <error type="Error">Tests\Feature\Web\PrivacyPolicyControllerTest::test_edit_displays_form
Error: Class "App\Models\User" not found

/www/wwwroot/jobportal.prus.dev/tests/Feature/Web/PrivacyPolicyControllerTest.php:30</error>
        </testcase>
        <testcase name="test_update_modifies_record" file="/www/wwwroot/jobportal.prus.dev/tests/Feature/Web/PrivacyPolicyControllerTest.php" line="139" class="Tests\Feature\Web\PrivacyPolicyControllerTest" classname="Tests.Feature.Web.PrivacyPolicyControllerTest" assertions="0" time="0.000000">
          <error type="Error">Tests\Feature\Web\PrivacyPolicyControllerTest::test_update_modifies_record
Error: Class "App\Models\User" not found

/www/wwwroot/jobportal.prus.dev/tests/Feature/Web/PrivacyPolicyControllerTest.php:30</error>
        </testcase>
        <testcase name="test_destroy_deletes_record" file="/www/wwwroot/jobportal.prus.dev/tests/Feature/Web/PrivacyPolicyControllerTest.php" line="156" class="Tests\Feature\Web\PrivacyPolicyControllerTest" classname="Tests.Feature.Web.PrivacyPolicyControllerTest" assertions="0" time="0.000000">
          <error type="Error">Tests\Feature\Web\PrivacyPolicyControllerTest::test_destroy_deletes_record
Error: Class "App\Models\User" not found

/www/wwwroot/jobportal.prus.dev/tests/Feature/Web/PrivacyPolicyControllerTest.php:30</error>
        </testcase>
        <testcase name="test_unauthorized_access_is_prevented" file="/www/wwwroot/jobportal.prus.dev/tests/Feature/Web/PrivacyPolicyControllerTest.php" line="168" class="Tests\Feature\Web\PrivacyPolicyControllerTest" classname="Tests.Feature.Web.PrivacyPolicyControllerTest" assertions="0" time="0.000000">
          <error type="Error">Tests\Feature\Web\PrivacyPolicyControllerTest::test_unauthorized_access_is_prevented
Error: Class "App\Models\User" not found

/www/wwwroot/jobportal.prus.dev/tests/Feature/Web/PrivacyPolicyControllerTest.php:30</error>
        </testcase>
        <testcase name="test_handles_invalid_input_gracefully" file="/www/wwwroot/jobportal.prus.dev/tests/Feature/Web/PrivacyPolicyControllerTest.php" line="179" class="Tests\Feature\Web\PrivacyPolicyControllerTest" classname="Tests.Feature.Web.PrivacyPolicyControllerTest" assertions="0" time="0.000000">
          <error type="Error">Tests\Feature\Web\PrivacyPolicyControllerTest::test_handles_invalid_input_gracefully
Error: Class "App\Models\User" not found

/www/wwwroot/jobportal.prus.dev/tests/Feature/Web/PrivacyPolicyControllerTest.php:30</error>
        </testcase>
        <testcase name="test_search_functionality" file="/www/wwwroot/jobportal.prus.dev/tests/Feature/Web/PrivacyPolicyControllerTest.php" line="196" class="Tests\Feature\Web\PrivacyPolicyControllerTest" classname="Tests.Feature.Web.PrivacyPolicyControllerTest" assertions="0" time="0.000000">
          <error type="Error">Tests\Feature\Web\PrivacyPolicyControllerTest::test_search_functionality
Error: Class "App\Models\User" not found

/www/wwwroot/jobportal.prus.dev/tests/Feature/Web/PrivacyPolicyControllerTest.php:30</error>
        </testcase>
        <testcase name="test_pagination_works_correctly" file="/www/wwwroot/jobportal.prus.dev/tests/Feature/Web/PrivacyPolicyControllerTest.php" line="210" class="Tests\Feature\Web\PrivacyPolicyControllerTest" classname="Tests.Feature.Web.PrivacyPolicyControllerTest" assertions="0" time="0.000000">
          <error type="Error">Tests\Feature\Web\PrivacyPolicyControllerTest::test_pagination_works_correctly
Error: Class "App\Models\User" not found

/www/wwwroot/jobportal.prus.dev/tests/Feature/Web/PrivacyPolicyControllerTest.php:30</error>
        </testcase>
        <testcase name="test_csrf_protection_is_enforced" file="/www/wwwroot/jobportal.prus.dev/tests/Feature/Web/PrivacyPolicyControllerTest.php" line="221" class="Tests\Feature\Web\PrivacyPolicyControllerTest" classname="Tests.Feature.Web.PrivacyPolicyControllerTest" assertions="0" time="0.000000">
          <error type="Error">Tests\Feature\Web\PrivacyPolicyControllerTest::test_csrf_protection_is_enforced
Error: Class "App\Models\User" not found

/www/wwwroot/jobportal.prus.dev/tests/Feature/Web/PrivacyPolicyControllerTest.php:30</error>
        </testcase>
        <testcase name="test_rate_limiting_prevents_abuse" file="/www/wwwroot/jobportal.prus.dev/tests/Feature/Web/PrivacyPolicyControllerTest.php" line="233" class="Tests\Feature\Web\PrivacyPolicyControllerTest" classname="Tests.Feature.Web.PrivacyPolicyControllerTest" assertions="0" time="0.000000">
          <error type="Error">Tests\Feature\Web\PrivacyPolicyControllerTest::test_rate_limiting_prevents_abuse
Error: Class "App\Models\User" not found

/www/wwwroot/jobportal.prus.dev/tests/Feature/Web/PrivacyPolicyControllerTest.php:30</error>
        </testcase>
        <testcase name="test_handles_server_errors_gracefully" file="/www/wwwroot/jobportal.prus.dev/tests/Feature/Web/PrivacyPolicyControllerTest.php" line="248" class="Tests\Feature\Web\PrivacyPolicyControllerTest" classname="Tests.Feature.Web.PrivacyPolicyControllerTest" assertions="0" time="0.000000">
          <error type="Error">Tests\Feature\Web\PrivacyPolicyControllerTest::test_handles_server_errors_gracefully
Error: Class "App\Models\User" not found

/www/wwwroot/jobportal.prus.dev/tests/Feature/Web/PrivacyPolicyControllerTest.php:30</error>
        </testcase>
      </testsuite>
      <testsuite name="Tests\Feature\WebRoutesTest" file="/www/wwwroot/jobportal.prus.dev/tests/Feature/WebRoutesTest.php" tests="18" assertions="10" errors="8" failures="7" skipped="0" time="10.796741">
        <testcase name="homepage_loads_successfully" file="/www/wwwroot/jobportal.prus.dev/tests/Feature/WebRoutesTest.php" line="41" class="Tests\Feature\WebRoutesTest" classname="Tests.Feature.WebRoutesTest" assertions="1" time="0.581317"/>
        <testcase name="login_page_loads_successfully" file="/www/wwwroot/jobportal.prus.dev/tests/Feature/WebRoutesTest.php" line="49" class="Tests\Feature\WebRoutesTest" classname="Tests.Feature.WebRoutesTest" assertions="1" time="0.774386">
          <failure type="PHPUnit\Framework\ExpectationFailedException">Tests\Feature\WebRoutesTest::login_page_loads_successfully
Expected response status code [200] but received 500.
Failed asserting that 500 is identical to 200.

The following exception occurred during the last request:

Symfony\Component\Routing\Exception\RouteNotFoundException: Route [search] not defined. in /www/wwwroot/jobportal.prus.dev/vendor/laravel/framework/src/Illuminate/Routing/UrlGenerator.php:526
Stack trace:
#0 /www/wwwroot/jobportal.prus.dev/vendor/laravel/framework/src/Illuminate/Foundation/helpers.php(883): Illuminate\Routing\UrlGenerator-&gt;route()
#1 /www/wwwroot/jobportal.prus.dev/storage/framework/views/d69d9ccf2dc289690e52004e0568f7de.php(44): route()
#2 /www/wwwroot/jobportal.prus.dev/vendor/laravel/framework/src/Illuminate/Filesystem/Filesystem.php(123): require('...')
#3 /www/wwwroot/jobportal.prus.dev/vendor/laravel/framework/src/Illuminate/Filesystem/Filesystem.php(124): Illuminate\Filesystem\Filesystem::Illuminate\Filesystem\{closure}()
#4 /www/wwwroot/jobportal.prus.dev/vendor/laravel/framework/src/Illuminate/View/Engines/PhpEngine.php(57): Illuminate\Filesystem\Filesystem-&gt;getRequire()
#5 /www/wwwroot/jobportal.prus.dev/vendor/livewire/livewire/src/Mechanisms/ExtendBlade/ExtendedCompilerEngine.php(22): Illuminate\View\Engines\PhpEngine-&gt;evaluatePath()
#6 /www/wwwroot/jobportal.prus.dev/vendor/laravel/framework/src/Illuminate/View/Engines/CompilerEngine.php(74): Livewire\Mechanisms\ExtendBlade\ExtendedCompilerEngine-&gt;evaluatePath()
#7 /www/wwwroot/jobportal.prus.dev/vendor/livewire/livewire/src/Mechanisms/ExtendBlade/ExtendedCompilerEngine.php(10): Illuminate\View\Engines\CompilerEngine-&gt;get()
#8 /www/wwwroot/jobportal.prus.dev/vendor/laravel/framework/src/Illuminate/View/View.php(208): Livewire\Mechanisms\ExtendBlade\ExtendedCompilerEngine-&gt;get()
#9 /www/wwwroot/jobportal.prus.dev/vendor/laravel/framework/src/Illuminate/View/View.php(191): Illuminate\View\View-&gt;getContents()
#10 /www/wwwroot/jobportal.prus.dev/vendor/laravel/framework/src/Illuminate/View/View.php(160): Illuminate\View\View-&gt;renderContents()
#11 /www/wwwroot/jobportal.prus.dev/vendor/laravel/framework/src/Illuminate/Http/Response.php(78): Illuminate\View\View-&gt;render()
#12 /www/wwwroot/jobportal.prus.dev/vendor/laravel/framework/src/Illuminate/Http/Response.php(34): Illuminate\Http\Response-&gt;setContent()
#13 /www/wwwroot/jobportal.prus.dev/vendor/laravel/framework/src/Illuminate/Routing/ResponseFactory.php(61): Illuminate\Http\Response-&gt;__construct()
#14 /www/wwwroot/jobportal.prus.dev/vendor/laravel/framework/src/Illuminate/Routing/ResponseFactory.php(91): Illuminate\Routing\ResponseFactory-&gt;make()
#15 /www/wwwroot/jobportal.prus.dev/vendor/laravel/framework/src/Illuminate/Foundation/Exceptions/Handler.php(897): Illuminate\Routing\ResponseFactory-&gt;view()
#16 /www/wwwroot/jobportal.prus.dev/vendor/laravel/framework/src/Illuminate/Foundation/Exceptions/Handler.php(818): Illuminate\Foundation\Exceptions\Handler-&gt;renderHttpException()
#17 /www/wwwroot/jobportal.prus.dev/vendor/laravel/framework/src/Illuminate/Foundation/Exceptions/Handler.php(709): Illuminate\Foundation\Exceptions\Handler-&gt;prepareResponse()
#18 /www/wwwroot/jobportal.prus.dev/vendor/laravel/framework/src/Illuminate/Foundation/Exceptions/Handler.php(597): Illuminate\Foundation\Exceptions\Handler-&gt;renderExceptionResponse()
#19 /www/wwwroot/jobportal.prus.dev/app/Exceptions/Handler.php(80): Illuminate\Foundation\Exceptions\Handler-&gt;render()
#20 /www/wwwroot/jobportal.prus.dev/vendor/laravel/framework/src/Illuminate/Routing/Pipeline.php(51): App\Exceptions\Handler-&gt;render()
#21 /www/wwwroot/jobportal.prus.dev/vendor/laravel/framework/src/Illuminate/Pipeline/Pipeline.php(171): Illuminate\Routing\Pipeline-&gt;handleException()
#22 /www/wwwroot/jobportal.prus.dev/vendor/livewire/livewire/src/Features/SupportDisablingBackButtonCache/DisableBackButtonCacheMiddleware.php(19): Illuminate\Pipeline\Pipeline-&gt;Illuminate\Pipeline\{closure}()
#23 /www/wwwroot/jobportal.prus.dev/vendor/laravel/framework/src/Illuminate/Pipeline/Pipeline.php(208): Livewire\Features\SupportDisablingBackButtonCache\DisableBackButtonCacheMiddleware-&gt;handle()
#24 /www/wwwroot/jobportal.prus.dev/vendor/barryvdh/laravel-debugbar/src/Middleware/InjectDebugbar.php(59): Illuminate\Pipeline\Pipeline-&gt;Illuminate\Pipeline\{closure}()
#25 /www/wwwroot/jobportal.prus.dev/vendor/laravel/framework/src/Illuminate/Pipeline/Pipeline.php(208): Barryvdh\Debugbar\Middleware\InjectDebugbar-&gt;handle()
#26 /www/wwwroot/jobportal.prus.dev/vendor/spatie/laravel-csp/src/AddCspHeaders.php(17): Illuminate\Pipeline\Pipeline-&gt;Illuminate\Pipeline\{closure}()
#27 /www/wwwroot/jobportal.prus.dev/vendor/laravel/framework/src/Illuminate/Pipeline/Pipeline.php(208): Spatie\Csp\AddCspHeaders-&gt;handle()
#28 /www/wwwroot/jobportal.prus.dev/app/Http/Middleware/SecurityHeaders.php(11): Illuminate\Pipeline\Pipeline-&gt;Illuminate\Pipeline\{closure}()
#29 /www/wwwroot/jobportal.prus.dev/vendor/laravel/framework/src/Illuminate/Pipeline/Pipeline.php(208): App\Http\Middleware\SecurityHeaders-&gt;handle()
#30 /www/wwwroot/jobportal.prus.dev/vendor/laravel/framework/src/Illuminate/Foundation/Http/Middleware/TransformsRequest.php(21): Illuminate\Pipeline\Pipeline-&gt;Illuminate\Pipeline\{closure}()
#31 /www/wwwroot/jobportal.prus.dev/vendor/laravel/framework/src/Illuminate/Foundation/Http/Middleware/ConvertEmptyStringsToNull.php(31): Illuminate\Foundation\Http\Middleware\TransformsRequest-&gt;handle()
#32 /www/wwwroot/jobportal.prus.dev/vendor/laravel/framework/src/Illuminate/Pipeline/Pipeline.php(208): Illuminate\Foundation\Http\Middleware\ConvertEmptyStringsToNull-&gt;handle()
#33 /www/wwwroot/jobportal.prus.dev/vendor/laravel/framework/src/Illuminate/Foundation/Http/Middleware/TransformsRequest.php(21): Illuminate\Pipeline\Pipeline-&gt;Illuminate\Pipeline\{closure}()
#34 /www/wwwroot/jobportal.prus.dev/vendor/laravel/framework/src/Illuminate/Foundation/Http/Middleware/TrimStrings.php(51): Illuminate\Foundation\Http\Middleware\TransformsRequest-&gt;handle()
#35 /www/wwwroot/jobportal.prus.dev/vendor/laravel/framework/src/Illuminate/Pipeline/Pipeline.php(208): Illuminate\Foundation\Http\Middleware\TrimStrings-&gt;handle()
#36 /www/wwwroot/jobportal.prus.dev/vendor/laravel/framework/src/Illuminate/Http/Middleware/ValidatePostSize.php(27): Illuminate\Pipeline\Pipeline-&gt;Illuminate\Pipeline\{closure}()
#37 /www/wwwroot/jobportal.prus.dev/vendor/laravel/framework/src/Illuminate/Pipeline/Pipeline.php(208): Illuminate\Http\Middleware\ValidatePostSize-&gt;handle()
#38 /www/wwwroot/jobportal.prus.dev/vendor/laravel/framework/src/Illuminate/Foundation/Http/Middleware/PreventRequestsDuringMaintenance.php(109): Illuminate\Pipeline\Pipeline-&gt;Illuminate\Pipeline\{closure}()
#39 /www/wwwroot/jobportal.prus.dev/vendor/laravel/framework/src/Illuminate/Pipeline/Pipeline.php(208): Illuminate\Foundation\Http\Middleware\PreventRequestsDuringMaintenance-&gt;handle()
#40 /www/wwwroot/jobportal.prus.dev/vendor/laravel/framework/src/Illuminate/Http/Middleware/HandleCors.php(48): Illuminate\Pipeline\Pipeline-&gt;Illuminate\Pipeline\{closure}()
#41 /www/wwwroot/jobportal.prus.dev/vendor/laravel/framework/src/Illuminate/Pipeline/Pipeline.php(208): Illuminate\Http\Middleware\HandleCors-&gt;handle()
#42 /www/wwwroot/jobportal.prus.dev/vendor/laravel/framework/src/Illuminate/Http/Middleware/TrustProxies.php(58): Illuminate\Pipeline\Pipeline-&gt;Illuminate\Pipeline\{closure}()
#43 /www/wwwroot/jobportal.prus.dev/vendor/laravel/framework/src/Illuminate/Pipeline/Pipeline.php(208): Illuminate\Http\Middleware\TrustProxies-&gt;handle()
#44 /www/wwwroot/jobportal.prus.dev/vendor/laravel/framework/src/Illuminate/Pipeline/Pipeline.php(126): Illuminate\Pipeline\Pipeline-&gt;Illuminate\Pipeline\{closure}()
#45 /www/wwwroot/jobportal.prus.dev/vendor/laravel/framework/src/Illuminate/Foundation/Http/Kernel.php(175): Illuminate\Pipeline\Pipeline-&gt;then()
#46 /www/wwwroot/jobportal.prus.dev/vendor/laravel/framework/src/Illuminate/Foundation/Http/Kernel.php(144): Illuminate\Foundation\Http\Kernel-&gt;sendRequestThroughRouter()
#47 /www/wwwroot/jobportal.prus.dev/vendor/laravel/framework/src/Illuminate/Foundation/Testing/Concerns/MakesHttpRequests.php(607): Illuminate\Foundation\Http\Kernel-&gt;handle()
#48 /www/wwwroot/jobportal.prus.dev/vendor/laravel/framework/src/Illuminate/Foundation/Testing/Concerns/MakesHttpRequests.php(368): Illuminate\Foundation\Testing\TestCase-&gt;call()
#49 /www/wwwroot/jobportal.prus.dev/tests/Feature/WebRoutesTest.php(51): Illuminate\Foundation\Testing\TestCase-&gt;get()
#50 /www/wwwroot/jobportal.prus.dev/vendor/phpunit/phpunit/src/Framework/TestCase.php(1656): Tests\Feature\WebRoutesTest-&gt;login_page_loads_successfully()
#51 /www/wwwroot/jobportal.prus.dev/vendor/phpunit/phpunit/src/Framework/TestCase.php(514): PHPUnit\Framework\TestCase-&gt;runTest()
#52 /www/wwwroot/jobportal.prus.dev/vendor/phpunit/phpunit/src/Framework/TestRunner/TestRunner.php(87): PHPUnit\Framework\TestCase-&gt;runBare()
#53 /www/wwwroot/jobportal.prus.dev/vendor/phpunit/phpunit/src/Framework/TestCase.php(361): PHPUnit\Framework\TestRunner-&gt;run()
#54 /www/wwwroot/jobportal.prus.dev/vendor/phpunit/phpunit/src/Framework/TestSuite.php(369): PHPUnit\Framework\TestCase-&gt;run()
#55 /www/wwwroot/jobportal.prus.dev/vendor/phpunit/phpunit/src/Framework/TestSuite.php(369): PHPUnit\Framework\TestSuite-&gt;run()
#56 /www/wwwroot/jobportal.prus.dev/vendor/phpunit/phpunit/src/Framework/TestSuite.php(369): PHPUnit\Framework\TestSuite-&gt;run()
#57 /www/wwwroot/jobportal.prus.dev/vendor/phpunit/phpunit/src/TextUI/TestRunner.php(64): PHPUnit\Framework\TestSuite-&gt;run()
#58 /www/wwwroot/jobportal.prus.dev/vendor/phpunit/phpunit/src/TextUI/Application.php(210): PHPUnit\TextUI\TestRunner-&gt;run()
#59 /www/wwwroot/jobportal.prus.dev/vendor/phpunit/phpunit/phpunit(104): PHPUnit\TextUI\Application-&gt;run()
#60 /www/wwwroot/jobportal.prus.dev/vendor/bin/phpunit(122): include('...')
#61 {main}

Next Spatie\LaravelIgnition\Exceptions\ViewException: Route [search] not defined. in /www/wwwroot/jobportal.prus.dev/vendor/laravel/framework/src/Illuminate/Routing/UrlGenerator.php:526
Stack trace:
#0 /www/wwwroot/jobportal.prus.dev/vendor/laravel/framework/src/Illuminate/Foundation/helpers.php(883): Illuminate\Routing\UrlGenerator-&gt;route()
#1 /www/wwwroot/jobportal.prus.dev/resources/views/errors/404.blade.php(44): route()
#2 /www/wwwroot/jobportal.prus.dev/vendor/laravel/framework/src/Illuminate/Filesystem/Filesystem.php(123): require('...')
#3 /www/wwwroot/jobportal.prus.dev/vendor/laravel/framework/src/Illuminate/Filesystem/Filesystem.php(124): Illuminate\Filesystem\Filesystem::Illuminate\Filesystem\{closure}()
#4 /www/wwwroot/jobportal.prus.dev/vendor/laravel/framework/src/Illuminate/View/Engines/PhpEngine.php(57): Illuminate\Filesystem\Filesystem-&gt;getRequire()
#5 /www/wwwroot/jobportal.prus.dev/vendor/livewire/livewire/src/Mechanisms/ExtendBlade/ExtendedCompilerEngine.php(22): Illuminate\View\Engines\PhpEngine-&gt;evaluatePath()
#6 /www/wwwroot/jobportal.prus.dev/vendor/laravel/framework/src/Illuminate/View/Engines/CompilerEngine.php(74): Livewire\Mechanisms\ExtendBlade\ExtendedCompilerEngine-&gt;evaluatePath()
#7 /www/wwwroot/jobportal.prus.dev/vendor/livewire/livewire/src/Mechanisms/ExtendBlade/ExtendedCompilerEngine.php(10): Illuminate\View\Engines\CompilerEngine-&gt;get()
#8 /www/wwwroot/jobportal.prus.dev/vendor/laravel/framework/src/Illuminate/View/View.php(208): Livewire\Mechanisms\ExtendBlade\ExtendedCompilerEngine-&gt;get()
#9 /www/wwwroot/jobportal.prus.dev/vendor/laravel/framework/src/Illuminate/View/View.php(191): Illuminate\View\View-&gt;getContents()
#10 /www/wwwroot/jobportal.prus.dev/vendor/laravel/framework/src/Illuminate/View/View.php(160): Illuminate\View\View-&gt;renderContents()
#11 /www/wwwroot/jobportal.prus.dev/vendor/laravel/framework/src/Illuminate/Http/Response.php(78): Illuminate\View\View-&gt;render()
#12 /www/wwwroot/jobportal.prus.dev/vendor/laravel/framework/src/Illuminate/Http/Response.php(34): Illuminate\Http\Response-&gt;setContent()
#13 /www/wwwroot/jobportal.prus.dev/vendor/laravel/framework/src/Illuminate/Routing/ResponseFactory.php(61): Illuminate\Http\Response-&gt;__construct()
#14 /www/wwwroot/jobportal.prus.dev/vendor/laravel/framework/src/Illuminate/Routing/ResponseFactory.php(91): Illuminate\Routing\ResponseFactory-&gt;make()
#15 /www/wwwroot/jobportal.prus.dev/vendor/laravel/framework/src/Illuminate/Foundation/Exceptions/Handler.php(897): Illuminate\Routing\ResponseFactory-&gt;view()
#16 /www/wwwroot/jobportal.prus.dev/vendor/laravel/framework/src/Illuminate/Foundation/Exceptions/Handler.php(818): Illuminate\Foundation\Exceptions\Handler-&gt;renderHttpException()
#17 /www/wwwroot/jobportal.prus.dev/vendor/laravel/framework/src/Illuminate/Foundation/Exceptions/Handler.php(709): Illuminate\Foundation\Exceptions\Handler-&gt;prepareResponse()
#18 /www/wwwroot/jobportal.prus.dev/vendor/laravel/framework/src/Illuminate/Foundation/Exceptions/Handler.php(597): Illuminate\Foundation\Exceptions\Handler-&gt;renderExceptionResponse()
#19 /www/wwwroot/jobportal.prus.dev/app/Exceptions/Handler.php(80): Illuminate\Foundation\Exceptions\Handler-&gt;render()
#20 /www/wwwroot/jobportal.prus.dev/vendor/laravel/framework/src/Illuminate/Routing/Pipeline.php(51): App\Exceptions\Handler-&gt;render()
#21 /www/wwwroot/jobportal.prus.dev/vendor/laravel/framework/src/Illuminate/Pipeline/Pipeline.php(171): Illuminate\Routing\Pipeline-&gt;handleException()
#22 /www/wwwroot/jobportal.prus.dev/vendor/livewire/livewire/src/Features/SupportDisablingBackButtonCache/DisableBackButtonCacheMiddleware.php(19): Illuminate\Pipeline\Pipeline-&gt;Illuminate\Pipeline\{closure}()
#23 /www/wwwroot/jobportal.prus.dev/vendor/laravel/framework/src/Illuminate/Pipeline/Pipeline.php(208): Livewire\Features\SupportDisablingBackButtonCache\DisableBackButtonCacheMiddleware-&gt;handle()
#24 /www/wwwroot/jobportal.prus.dev/vendor/barryvdh/laravel-debugbar/src/Middleware/InjectDebugbar.php(59): Illuminate\Pipeline\Pipeline-&gt;Illuminate\Pipeline\{closure}()
#25 /www/wwwroot/jobportal.prus.dev/vendor/laravel/framework/src/Illuminate/Pipeline/Pipeline.php(208): Barryvdh\Debugbar\Middleware\InjectDebugbar-&gt;handle()
#26 /www/wwwroot/jobportal.prus.dev/vendor/spatie/laravel-csp/src/AddCspHeaders.php(17): Illuminate\Pipeline\Pipeline-&gt;Illuminate\Pipeline\{closure}()
#27 /www/wwwroot/jobportal.prus.dev/vendor/laravel/framework/src/Illuminate/Pipeline/Pipeline.php(208): Spatie\Csp\AddCspHeaders-&gt;handle()
#28 /www/wwwroot/jobportal.prus.dev/app/Http/Middleware/SecurityHeaders.php(11): Illuminate\Pipeline\Pipeline-&gt;Illuminate\Pipeline\{closure}()
#29 /www/wwwroot/jobportal.prus.dev/vendor/laravel/framework/src/Illuminate/Pipeline/Pipeline.php(208): App\Http\Middleware\SecurityHeaders-&gt;handle()
#30 /www/wwwroot/jobportal.prus.dev/vendor/laravel/framework/src/Illuminate/Foundation/Http/Middleware/TransformsRequest.php(21): Illuminate\Pipeline\Pipeline-&gt;Illuminate\Pipeline\{closure}()
#31 /www/wwwroot/jobportal.prus.dev/vendor/laravel/framework/src/Illuminate/Foundation/Http/Middleware/ConvertEmptyStringsToNull.php(31): Illuminate\Foundation\Http\Middleware\TransformsRequest-&gt;handle()
#32 /www/wwwroot/jobportal.prus.dev/vendor/laravel/framework/src/Illuminate/Pipeline/Pipeline.php(208): Illuminate\Foundation\Http\Middleware\ConvertEmptyStringsToNull-&gt;handle()
#33 /www/wwwroot/jobportal.prus.dev/vendor/laravel/framework/src/Illuminate/Foundation/Http/Middleware/TransformsRequest.php(21): Illuminate\Pipeline\Pipeline-&gt;Illuminate\Pipeline\{closure}()
#34 /www/wwwroot/jobportal.prus.dev/vendor/laravel/framework/src/Illuminate/Foundation/Http/Middleware/TrimStrings.php(51): Illuminate\Foundation\Http\Middleware\TransformsRequest-&gt;handle()
#35 /www/wwwroot/jobportal.prus.dev/vendor/laravel/framework/src/Illuminate/Pipeline/Pipeline.php(208): Illuminate\Foundation\Http\Middleware\TrimStrings-&gt;handle()
#36 /www/wwwroot/jobportal.prus.dev/vendor/laravel/framework/src/Illuminate/Http/Middleware/ValidatePostSize.php(27): Illuminate\Pipeline\Pipeline-&gt;Illuminate\Pipeline\{closure}()
#37 /www/wwwroot/jobportal.prus.dev/vendor/laravel/framework/src/Illuminate/Pipeline/Pipeline.php(208): Illuminate\Http\Middleware\ValidatePostSize-&gt;handle()
#38 /www/wwwroot/jobportal.prus.dev/vendor/laravel/framework/src/Illuminate/Foundation/Http/Middleware/PreventRequestsDuringMaintenance.php(109): Illuminate\Pipeline\Pipeline-&gt;Illuminate\Pipeline\{closure}()
#39 /www/wwwroot/jobportal.prus.dev/vendor/laravel/framework/src/Illuminate/Pipeline/Pipeline.php(208): Illuminate\Foundation\Http\Middleware\PreventRequestsDuringMaintenance-&gt;handle()
#40 /www/wwwroot/jobportal.prus.dev/vendor/laravel/framework/src/Illuminate/Http/Middleware/HandleCors.php(48): Illuminate\Pipeline\Pipeline-&gt;Illuminate\Pipeline\{closure}()
#41 /www/wwwroot/jobportal.prus.dev/vendor/laravel/framework/src/Illuminate/Pipeline/Pipeline.php(208): Illuminate\Http\Middleware\HandleCors-&gt;handle()
#42 /www/wwwroot/jobportal.prus.dev/vendor/laravel/framework/src/Illuminate/Http/Middleware/TrustProxies.php(58): Illuminate\Pipeline\Pipeline-&gt;Illuminate\Pipeline\{closure}()
#43 /www/wwwroot/jobportal.prus.dev/vendor/laravel/framework/src/Illuminate/Pipeline/Pipeline.php(208): Illuminate\Http\Middleware\TrustProxies-&gt;handle()
#44 /www/wwwroot/jobportal.prus.dev/vendor/laravel/framework/src/Illuminate/Pipeline/Pipeline.php(126): Illuminate\Pipeline\Pipeline-&gt;Illuminate\Pipeline\{closure}()
#45 /www/wwwroot/jobportal.prus.dev/vendor/laravel/framework/src/Illuminate/Foundation/Http/Kernel.php(175): Illuminate\Pipeline\Pipeline-&gt;then()
#46 /www/wwwroot/jobportal.prus.dev/vendor/laravel/framework/src/Illuminate/Foundation/Http/Kernel.php(144): Illuminate\Foundation\Http\Kernel-&gt;sendRequestThroughRouter()
#47 /www/wwwroot/jobportal.prus.dev/vendor/laravel/framework/src/Illuminate/Foundation/Testing/Concerns/MakesHttpRequests.php(607): Illuminate\Foundation\Http\Kernel-&gt;handle()
#48 /www/wwwroot/jobportal.prus.dev/vendor/laravel/framework/src/Illuminate/Foundation/Testing/Concerns/MakesHttpRequests.php(368): Illuminate\Foundation\Testing\TestCase-&gt;call()
#49 /www/wwwroot/jobportal.prus.dev/tests/Feature/WebRoutesTest.php(51): Illuminate\Foundation\Testing\TestCase-&gt;get()
#50 /www/wwwroot/jobportal.prus.dev/vendor/phpunit/phpunit/src/Framework/TestCase.php(1656): Tests\Feature\WebRoutesTest-&gt;login_page_loads_successfully()
#51 /www/wwwroot/jobportal.prus.dev/vendor/phpunit/phpunit/src/Framework/TestCase.php(514): PHPUnit\Framework\TestCase-&gt;runTest()
#52 /www/wwwroot/jobportal.prus.dev/vendor/phpunit/phpunit/src/Framework/TestRunner/TestRunner.php(87): PHPUnit\Framework\TestCase-&gt;runBare()
#53 /www/wwwroot/jobportal.prus.dev/vendor/phpunit/phpunit/src/Framework/TestCase.php(361): PHPUnit\Framework\TestRunner-&gt;run()
#54 /www/wwwroot/jobportal.prus.dev/vendor/phpunit/phpunit/src/Framework/TestSuite.php(369): PHPUnit\Framework\TestCase-&gt;run()
#55 /www/wwwroot/jobportal.prus.dev/vendor/phpunit/phpunit/src/Framework/TestSuite.php(369): PHPUnit\Framework\TestSuite-&gt;run()
#56 /www/wwwroot/jobportal.prus.dev/vendor/phpunit/phpunit/src/Framework/TestSuite.php(369): PHPUnit\Framework\TestSuite-&gt;run()
#57 /www/wwwroot/jobportal.prus.dev/vendor/phpunit/phpunit/src/TextUI/TestRunner.php(64): PHPUnit\Framework\TestSuite-&gt;run()
#58 /www/wwwroot/jobportal.prus.dev/vendor/phpunit/phpunit/src/TextUI/Application.php(210): PHPUnit\TextUI\TestRunner-&gt;run()
#59 /www/wwwroot/jobportal.prus.dev/vendor/phpunit/phpunit/phpunit(104): PHPUnit\TextUI\Application-&gt;run()
#60 /www/wwwroot/jobportal.prus.dev/vendor/bin/phpunit(122): include('...')
#61 {main}

----------------------------------------------------------------------------------

Route [search] not defined.

/www/wwwroot/jobportal.prus.dev/vendor/laravel/framework/src/Illuminate/Testing/TestResponseAssert.php:45
/www/wwwroot/jobportal.prus.dev/vendor/laravel/framework/src/Illuminate/Testing/TestResponse.php:174
/www/wwwroot/jobportal.prus.dev/tests/Feature/WebRoutesTest.php:53</failure>
        </testcase>
        <testcase name="register_page_loads_successfully" file="/www/wwwroot/jobportal.prus.dev/tests/Feature/WebRoutesTest.php" line="57" class="Tests\Feature\WebRoutesTest" classname="Tests.Feature.WebRoutesTest" assertions="1" time="1.039345">
          <failure type="PHPUnit\Framework\ExpectationFailedException">Tests\Feature\WebRoutesTest::register_page_loads_successfully
Expected response status code [200] but received 500.
Failed asserting that 500 is identical to 200.

The following exception occurred during the last request:

Symfony\Component\Routing\Exception\RouteNotFoundException: Route [search] not defined. in /www/wwwroot/jobportal.prus.dev/vendor/laravel/framework/src/Illuminate/Routing/UrlGenerator.php:526
Stack trace:
#0 /www/wwwroot/jobportal.prus.dev/vendor/laravel/framework/src/Illuminate/Foundation/helpers.php(883): Illuminate\Routing\UrlGenerator-&gt;route()
#1 /www/wwwroot/jobportal.prus.dev/storage/framework/views/d69d9ccf2dc289690e52004e0568f7de.php(44): route()
#2 /www/wwwroot/jobportal.prus.dev/vendor/laravel/framework/src/Illuminate/Filesystem/Filesystem.php(123): require('...')
#3 /www/wwwroot/jobportal.prus.dev/vendor/laravel/framework/src/Illuminate/Filesystem/Filesystem.php(124): Illuminate\Filesystem\Filesystem::Illuminate\Filesystem\{closure}()
#4 /www/wwwroot/jobportal.prus.dev/vendor/laravel/framework/src/Illuminate/View/Engines/PhpEngine.php(57): Illuminate\Filesystem\Filesystem-&gt;getRequire()
#5 /www/wwwroot/jobportal.prus.dev/vendor/livewire/livewire/src/Mechanisms/ExtendBlade/ExtendedCompilerEngine.php(22): Illuminate\View\Engines\PhpEngine-&gt;evaluatePath()
#6 /www/wwwroot/jobportal.prus.dev/vendor/laravel/framework/src/Illuminate/View/Engines/CompilerEngine.php(74): Livewire\Mechanisms\ExtendBlade\ExtendedCompilerEngine-&gt;evaluatePath()
#7 /www/wwwroot/jobportal.prus.dev/vendor/livewire/livewire/src/Mechanisms/ExtendBlade/ExtendedCompilerEngine.php(10): Illuminate\View\Engines\CompilerEngine-&gt;get()
#8 /www/wwwroot/jobportal.prus.dev/vendor/laravel/framework/src/Illuminate/View/View.php(208): Livewire\Mechanisms\ExtendBlade\ExtendedCompilerEngine-&gt;get()
#9 /www/wwwroot/jobportal.prus.dev/vendor/laravel/framework/src/Illuminate/View/View.php(191): Illuminate\View\View-&gt;getContents()
#10 /www/wwwroot/jobportal.prus.dev/vendor/laravel/framework/src/Illuminate/View/View.php(160): Illuminate\View\View-&gt;renderContents()
#11 /www/wwwroot/jobportal.prus.dev/vendor/laravel/framework/src/Illuminate/Http/Response.php(78): Illuminate\View\View-&gt;render()
#12 /www/wwwroot/jobportal.prus.dev/vendor/laravel/framework/src/Illuminate/Http/Response.php(34): Illuminate\Http\Response-&gt;setContent()
#13 /www/wwwroot/jobportal.prus.dev/vendor/laravel/framework/src/Illuminate/Routing/ResponseFactory.php(61): Illuminate\Http\Response-&gt;__construct()
#14 /www/wwwroot/jobportal.prus.dev/vendor/laravel/framework/src/Illuminate/Routing/ResponseFactory.php(91): Illuminate\Routing\ResponseFactory-&gt;make()
#15 /www/wwwroot/jobportal.prus.dev/vendor/laravel/framework/src/Illuminate/Foundation/Exceptions/Handler.php(897): Illuminate\Routing\ResponseFactory-&gt;view()
#16 /www/wwwroot/jobportal.prus.dev/vendor/laravel/framework/src/Illuminate/Foundation/Exceptions/Handler.php(818): Illuminate\Foundation\Exceptions\Handler-&gt;renderHttpException()
#17 /www/wwwroot/jobportal.prus.dev/vendor/laravel/framework/src/Illuminate/Foundation/Exceptions/Handler.php(709): Illuminate\Foundation\Exceptions\Handler-&gt;prepareResponse()
#18 /www/wwwroot/jobportal.prus.dev/vendor/laravel/framework/src/Illuminate/Foundation/Exceptions/Handler.php(597): Illuminate\Foundation\Exceptions\Handler-&gt;renderExceptionResponse()
#19 /www/wwwroot/jobportal.prus.dev/app/Exceptions/Handler.php(80): Illuminate\Foundation\Exceptions\Handler-&gt;render()
#20 /www/wwwroot/jobportal.prus.dev/vendor/laravel/framework/src/Illuminate/Routing/Pipeline.php(51): App\Exceptions\Handler-&gt;render()
#21 /www/wwwroot/jobportal.prus.dev/vendor/laravel/framework/src/Illuminate/Pipeline/Pipeline.php(171): Illuminate\Routing\Pipeline-&gt;handleException()
#22 /www/wwwroot/jobportal.prus.dev/vendor/livewire/livewire/src/Features/SupportDisablingBackButtonCache/DisableBackButtonCacheMiddleware.php(19): Illuminate\Pipeline\Pipeline-&gt;Illuminate\Pipeline\{closure}()
#23 /www/wwwroot/jobportal.prus.dev/vendor/laravel/framework/src/Illuminate/Pipeline/Pipeline.php(208): Livewire\Features\SupportDisablingBackButtonCache\DisableBackButtonCacheMiddleware-&gt;handle()
#24 /www/wwwroot/jobportal.prus.dev/vendor/barryvdh/laravel-debugbar/src/Middleware/InjectDebugbar.php(59): Illuminate\Pipeline\Pipeline-&gt;Illuminate\Pipeline\{closure}()
#25 /www/wwwroot/jobportal.prus.dev/vendor/laravel/framework/src/Illuminate/Pipeline/Pipeline.php(208): Barryvdh\Debugbar\Middleware\InjectDebugbar-&gt;handle()
#26 /www/wwwroot/jobportal.prus.dev/vendor/spatie/laravel-csp/src/AddCspHeaders.php(17): Illuminate\Pipeline\Pipeline-&gt;Illuminate\Pipeline\{closure}()
#27 /www/wwwroot/jobportal.prus.dev/vendor/laravel/framework/src/Illuminate/Pipeline/Pipeline.php(208): Spatie\Csp\AddCspHeaders-&gt;handle()
#28 /www/wwwroot/jobportal.prus.dev/app/Http/Middleware/SecurityHeaders.php(11): Illuminate\Pipeline\Pipeline-&gt;Illuminate\Pipeline\{closure}()
#29 /www/wwwroot/jobportal.prus.dev/vendor/laravel/framework/src/Illuminate/Pipeline/Pipeline.php(208): App\Http\Middleware\SecurityHeaders-&gt;handle()
#30 /www/wwwroot/jobportal.prus.dev/vendor/laravel/framework/src/Illuminate/Foundation/Http/Middleware/TransformsRequest.php(21): Illuminate\Pipeline\Pipeline-&gt;Illuminate\Pipeline\{closure}()
#31 /www/wwwroot/jobportal.prus.dev/vendor/laravel/framework/src/Illuminate/Foundation/Http/Middleware/ConvertEmptyStringsToNull.php(31): Illuminate\Foundation\Http\Middleware\TransformsRequest-&gt;handle()
#32 /www/wwwroot/jobportal.prus.dev/vendor/laravel/framework/src/Illuminate/Pipeline/Pipeline.php(208): Illuminate\Foundation\Http\Middleware\ConvertEmptyStringsToNull-&gt;handle()
#33 /www/wwwroot/jobportal.prus.dev/vendor/laravel/framework/src/Illuminate/Foundation/Http/Middleware/TransformsRequest.php(21): Illuminate\Pipeline\Pipeline-&gt;Illuminate\Pipeline\{closure}()
#34 /www/wwwroot/jobportal.prus.dev/vendor/laravel/framework/src/Illuminate/Foundation/Http/Middleware/TrimStrings.php(51): Illuminate\Foundation\Http\Middleware\TransformsRequest-&gt;handle()
#35 /www/wwwroot/jobportal.prus.dev/vendor/laravel/framework/src/Illuminate/Pipeline/Pipeline.php(208): Illuminate\Foundation\Http\Middleware\TrimStrings-&gt;handle()
#36 /www/wwwroot/jobportal.prus.dev/vendor/laravel/framework/src/Illuminate/Http/Middleware/ValidatePostSize.php(27): Illuminate\Pipeline\Pipeline-&gt;Illuminate\Pipeline\{closure}()
#37 /www/wwwroot/jobportal.prus.dev/vendor/laravel/framework/src/Illuminate/Pipeline/Pipeline.php(208): Illuminate\Http\Middleware\ValidatePostSize-&gt;handle()
#38 /www/wwwroot/jobportal.prus.dev/vendor/laravel/framework/src/Illuminate/Foundation/Http/Middleware/PreventRequestsDuringMaintenance.php(109): Illuminate\Pipeline\Pipeline-&gt;Illuminate\Pipeline\{closure}()
#39 /www/wwwroot/jobportal.prus.dev/vendor/laravel/framework/src/Illuminate/Pipeline/Pipeline.php(208): Illuminate\Foundation\Http\Middleware\PreventRequestsDuringMaintenance-&gt;handle()
#40 /www/wwwroot/jobportal.prus.dev/vendor/laravel/framework/src/Illuminate/Http/Middleware/HandleCors.php(48): Illuminate\Pipeline\Pipeline-&gt;Illuminate\Pipeline\{closure}()
#41 /www/wwwroot/jobportal.prus.dev/vendor/laravel/framework/src/Illuminate/Pipeline/Pipeline.php(208): Illuminate\Http\Middleware\HandleCors-&gt;handle()
#42 /www/wwwroot/jobportal.prus.dev/vendor/laravel/framework/src/Illuminate/Http/Middleware/TrustProxies.php(58): Illuminate\Pipeline\Pipeline-&gt;Illuminate\Pipeline\{closure}()
#43 /www/wwwroot/jobportal.prus.dev/vendor/laravel/framework/src/Illuminate/Pipeline/Pipeline.php(208): Illuminate\Http\Middleware\TrustProxies-&gt;handle()
#44 /www/wwwroot/jobportal.prus.dev/vendor/laravel/framework/src/Illuminate/Pipeline/Pipeline.php(126): Illuminate\Pipeline\Pipeline-&gt;Illuminate\Pipeline\{closure}()
#45 /www/wwwroot/jobportal.prus.dev/vendor/laravel/framework/src/Illuminate/Foundation/Http/Kernel.php(175): Illuminate\Pipeline\Pipeline-&gt;then()
#46 /www/wwwroot/jobportal.prus.dev/vendor/laravel/framework/src/Illuminate/Foundation/Http/Kernel.php(144): Illuminate\Foundation\Http\Kernel-&gt;sendRequestThroughRouter()
#47 /www/wwwroot/jobportal.prus.dev/vendor/laravel/framework/src/Illuminate/Foundation/Testing/Concerns/MakesHttpRequests.php(607): Illuminate\Foundation\Http\Kernel-&gt;handle()
#48 /www/wwwroot/jobportal.prus.dev/vendor/laravel/framework/src/Illuminate/Foundation/Testing/Concerns/MakesHttpRequests.php(368): Illuminate\Foundation\Testing\TestCase-&gt;call()
#49 /www/wwwroot/jobportal.prus.dev/tests/Feature/WebRoutesTest.php(59): Illuminate\Foundation\Testing\TestCase-&gt;get()
#50 /www/wwwroot/jobportal.prus.dev/vendor/phpunit/phpunit/src/Framework/TestCase.php(1656): Tests\Feature\WebRoutesTest-&gt;register_page_loads_successfully()
#51 /www/wwwroot/jobportal.prus.dev/vendor/phpunit/phpunit/src/Framework/TestCase.php(514): PHPUnit\Framework\TestCase-&gt;runTest()
#52 /www/wwwroot/jobportal.prus.dev/vendor/phpunit/phpunit/src/Framework/TestRunner/TestRunner.php(87): PHPUnit\Framework\TestCase-&gt;runBare()
#53 /www/wwwroot/jobportal.prus.dev/vendor/phpunit/phpunit/src/Framework/TestCase.php(361): PHPUnit\Framework\TestRunner-&gt;run()
#54 /www/wwwroot/jobportal.prus.dev/vendor/phpunit/phpunit/src/Framework/TestSuite.php(369): PHPUnit\Framework\TestCase-&gt;run()
#55 /www/wwwroot/jobportal.prus.dev/vendor/phpunit/phpunit/src/Framework/TestSuite.php(369): PHPUnit\Framework\TestSuite-&gt;run()
#56 /www/wwwroot/jobportal.prus.dev/vendor/phpunit/phpunit/src/Framework/TestSuite.php(369): PHPUnit\Framework\TestSuite-&gt;run()
#57 /www/wwwroot/jobportal.prus.dev/vendor/phpunit/phpunit/src/TextUI/TestRunner.php(64): PHPUnit\Framework\TestSuite-&gt;run()
#58 /www/wwwroot/jobportal.prus.dev/vendor/phpunit/phpunit/src/TextUI/Application.php(210): PHPUnit\TextUI\TestRunner-&gt;run()
#59 /www/wwwroot/jobportal.prus.dev/vendor/phpunit/phpunit/phpunit(104): PHPUnit\TextUI\Application-&gt;run()
#60 /www/wwwroot/jobportal.prus.dev/vendor/bin/phpunit(122): include('...')
#61 {main}

Next Spatie\LaravelIgnition\Exceptions\ViewException: Route [search] not defined. in /www/wwwroot/jobportal.prus.dev/vendor/laravel/framework/src/Illuminate/Routing/UrlGenerator.php:526
Stack trace:
#0 /www/wwwroot/jobportal.prus.dev/vendor/laravel/framework/src/Illuminate/Foundation/helpers.php(883): Illuminate\Routing\UrlGenerator-&gt;route()
#1 /www/wwwroot/jobportal.prus.dev/resources/views/errors/404.blade.php(44): route()
#2 /www/wwwroot/jobportal.prus.dev/vendor/laravel/framework/src/Illuminate/Filesystem/Filesystem.php(123): require('...')
#3 /www/wwwroot/jobportal.prus.dev/vendor/laravel/framework/src/Illuminate/Filesystem/Filesystem.php(124): Illuminate\Filesystem\Filesystem::Illuminate\Filesystem\{closure}()
#4 /www/wwwroot/jobportal.prus.dev/vendor/laravel/framework/src/Illuminate/View/Engines/PhpEngine.php(57): Illuminate\Filesystem\Filesystem-&gt;getRequire()
#5 /www/wwwroot/jobportal.prus.dev/vendor/livewire/livewire/src/Mechanisms/ExtendBlade/ExtendedCompilerEngine.php(22): Illuminate\View\Engines\PhpEngine-&gt;evaluatePath()
#6 /www/wwwroot/jobportal.prus.dev/vendor/laravel/framework/src/Illuminate/View/Engines/CompilerEngine.php(74): Livewire\Mechanisms\ExtendBlade\ExtendedCompilerEngine-&gt;evaluatePath()
#7 /www/wwwroot/jobportal.prus.dev/vendor/livewire/livewire/src/Mechanisms/ExtendBlade/ExtendedCompilerEngine.php(10): Illuminate\View\Engines\CompilerEngine-&gt;get()
#8 /www/wwwroot/jobportal.prus.dev/vendor/laravel/framework/src/Illuminate/View/View.php(208): Livewire\Mechanisms\ExtendBlade\ExtendedCompilerEngine-&gt;get()
#9 /www/wwwroot/jobportal.prus.dev/vendor/laravel/framework/src/Illuminate/View/View.php(191): Illuminate\View\View-&gt;getContents()
#10 /www/wwwroot/jobportal.prus.dev/vendor/laravel/framework/src/Illuminate/View/View.php(160): Illuminate\View\View-&gt;renderContents()
#11 /www/wwwroot/jobportal.prus.dev/vendor/laravel/framework/src/Illuminate/Http/Response.php(78): Illuminate\View\View-&gt;render()
#12 /www/wwwroot/jobportal.prus.dev/vendor/laravel/framework/src/Illuminate/Http/Response.php(34): Illuminate\Http\Response-&gt;setContent()
#13 /www/wwwroot/jobportal.prus.dev/vendor/laravel/framework/src/Illuminate/Routing/ResponseFactory.php(61): Illuminate\Http\Response-&gt;__construct()
#14 /www/wwwroot/jobportal.prus.dev/vendor/laravel/framework/src/Illuminate/Routing/ResponseFactory.php(91): Illuminate\Routing\ResponseFactory-&gt;make()
#15 /www/wwwroot/jobportal.prus.dev/vendor/laravel/framework/src/Illuminate/Foundation/Exceptions/Handler.php(897): Illuminate\Routing\ResponseFactory-&gt;view()
#16 /www/wwwroot/jobportal.prus.dev/vendor/laravel/framework/src/Illuminate/Foundation/Exceptions/Handler.php(818): Illuminate\Foundation\Exceptions\Handler-&gt;renderHttpException()
#17 /www/wwwroot/jobportal.prus.dev/vendor/laravel/framework/src/Illuminate/Foundation/Exceptions/Handler.php(709): Illuminate\Foundation\Exceptions\Handler-&gt;prepareResponse()
#18 /www/wwwroot/jobportal.prus.dev/vendor/laravel/framework/src/Illuminate/Foundation/Exceptions/Handler.php(597): Illuminate\Foundation\Exceptions\Handler-&gt;renderExceptionResponse()
#19 /www/wwwroot/jobportal.prus.dev/app/Exceptions/Handler.php(80): Illuminate\Foundation\Exceptions\Handler-&gt;render()
#20 /www/wwwroot/jobportal.prus.dev/vendor/laravel/framework/src/Illuminate/Routing/Pipeline.php(51): App\Exceptions\Handler-&gt;render()
#21 /www/wwwroot/jobportal.prus.dev/vendor/laravel/framework/src/Illuminate/Pipeline/Pipeline.php(171): Illuminate\Routing\Pipeline-&gt;handleException()
#22 /www/wwwroot/jobportal.prus.dev/vendor/livewire/livewire/src/Features/SupportDisablingBackButtonCache/DisableBackButtonCacheMiddleware.php(19): Illuminate\Pipeline\Pipeline-&gt;Illuminate\Pipeline\{closure}()
#23 /www/wwwroot/jobportal.prus.dev/vendor/laravel/framework/src/Illuminate/Pipeline/Pipeline.php(208): Livewire\Features\SupportDisablingBackButtonCache\DisableBackButtonCacheMiddleware-&gt;handle()
#24 /www/wwwroot/jobportal.prus.dev/vendor/barryvdh/laravel-debugbar/src/Middleware/InjectDebugbar.php(59): Illuminate\Pipeline\Pipeline-&gt;Illuminate\Pipeline\{closure}()
#25 /www/wwwroot/jobportal.prus.dev/vendor/laravel/framework/src/Illuminate/Pipeline/Pipeline.php(208): Barryvdh\Debugbar\Middleware\InjectDebugbar-&gt;handle()
#26 /www/wwwroot/jobportal.prus.dev/vendor/spatie/laravel-csp/src/AddCspHeaders.php(17): Illuminate\Pipeline\Pipeline-&gt;Illuminate\Pipeline\{closure}()
#27 /www/wwwroot/jobportal.prus.dev/vendor/laravel/framework/src/Illuminate/Pipeline/Pipeline.php(208): Spatie\Csp\AddCspHeaders-&gt;handle()
#28 /www/wwwroot/jobportal.prus.dev/app/Http/Middleware/SecurityHeaders.php(11): Illuminate\Pipeline\Pipeline-&gt;Illuminate\Pipeline\{closure}()
#29 /www/wwwroot/jobportal.prus.dev/vendor/laravel/framework/src/Illuminate/Pipeline/Pipeline.php(208): App\Http\Middleware\SecurityHeaders-&gt;handle()
#30 /www/wwwroot/jobportal.prus.dev/vendor/laravel/framework/src/Illuminate/Foundation/Http/Middleware/TransformsRequest.php(21): Illuminate\Pipeline\Pipeline-&gt;Illuminate\Pipeline\{closure}()
#31 /www/wwwroot/jobportal.prus.dev/vendor/laravel/framework/src/Illuminate/Foundation/Http/Middleware/ConvertEmptyStringsToNull.php(31): Illuminate\Foundation\Http\Middleware\TransformsRequest-&gt;handle()
#32 /www/wwwroot/jobportal.prus.dev/vendor/laravel/framework/src/Illuminate/Pipeline/Pipeline.php(208): Illuminate\Foundation\Http\Middleware\ConvertEmptyStringsToNull-&gt;handle()
#33 /www/wwwroot/jobportal.prus.dev/vendor/laravel/framework/src/Illuminate/Foundation/Http/Middleware/TransformsRequest.php(21): Illuminate\Pipeline\Pipeline-&gt;Illuminate\Pipeline\{closure}()
#34 /www/wwwroot/jobportal.prus.dev/vendor/laravel/framework/src/Illuminate/Foundation/Http/Middleware/TrimStrings.php(51): Illuminate\Foundation\Http\Middleware\TransformsRequest-&gt;handle()
#35 /www/wwwroot/jobportal.prus.dev/vendor/laravel/framework/src/Illuminate/Pipeline/Pipeline.php(208): Illuminate\Foundation\Http\Middleware\TrimStrings-&gt;handle()
#36 /www/wwwroot/jobportal.prus.dev/vendor/laravel/framework/src/Illuminate/Http/Middleware/ValidatePostSize.php(27): Illuminate\Pipeline\Pipeline-&gt;Illuminate\Pipeline\{closure}()
#37 /www/wwwroot/jobportal.prus.dev/vendor/laravel/framework/src/Illuminate/Pipeline/Pipeline.php(208): Illuminate\Http\Middleware\ValidatePostSize-&gt;handle()
#38 /www/wwwroot/jobportal.prus.dev/vendor/laravel/framework/src/Illuminate/Foundation/Http/Middleware/PreventRequestsDuringMaintenance.php(109): Illuminate\Pipeline\Pipeline-&gt;Illuminate\Pipeline\{closure}()
#39 /www/wwwroot/jobportal.prus.dev/vendor/laravel/framework/src/Illuminate/Pipeline/Pipeline.php(208): Illuminate\Foundation\Http\Middleware\PreventRequestsDuringMaintenance-&gt;handle()
#40 /www/wwwroot/jobportal.prus.dev/vendor/laravel/framework/src/Illuminate/Http/Middleware/HandleCors.php(48): Illuminate\Pipeline\Pipeline-&gt;Illuminate\Pipeline\{closure}()
#41 /www/wwwroot/jobportal.prus.dev/vendor/laravel/framework/src/Illuminate/Pipeline/Pipeline.php(208): Illuminate\Http\Middleware\HandleCors-&gt;handle()
#42 /www/wwwroot/jobportal.prus.dev/vendor/laravel/framework/src/Illuminate/Http/Middleware/TrustProxies.php(58): Illuminate\Pipeline\Pipeline-&gt;Illuminate\Pipeline\{closure}()
#43 /www/wwwroot/jobportal.prus.dev/vendor/laravel/framework/src/Illuminate/Pipeline/Pipeline.php(208): Illuminate\Http\Middleware\TrustProxies-&gt;handle()
#44 /www/wwwroot/jobportal.prus.dev/vendor/laravel/framework/src/Illuminate/Pipeline/Pipeline.php(126): Illuminate\Pipeline\Pipeline-&gt;Illuminate\Pipeline\{closure}()
#45 /www/wwwroot/jobportal.prus.dev/vendor/laravel/framework/src/Illuminate/Foundation/Http/Kernel.php(175): Illuminate\Pipeline\Pipeline-&gt;then()
#46 /www/wwwroot/jobportal.prus.dev/vendor/laravel/framework/src/Illuminate/Foundation/Http/Kernel.php(144): Illuminate\Foundation\Http\Kernel-&gt;sendRequestThroughRouter()
#47 /www/wwwroot/jobportal.prus.dev/vendor/laravel/framework/src/Illuminate/Foundation/Testing/Concerns/MakesHttpRequests.php(607): Illuminate\Foundation\Http\Kernel-&gt;handle()
#48 /www/wwwroot/jobportal.prus.dev/vendor/laravel/framework/src/Illuminate/Foundation/Testing/Concerns/MakesHttpRequests.php(368): Illuminate\Foundation\Testing\TestCase-&gt;call()
#49 /www/wwwroot/jobportal.prus.dev/tests/Feature/WebRoutesTest.php(59): Illuminate\Foundation\Testing\TestCase-&gt;get()
#50 /www/wwwroot/jobportal.prus.dev/vendor/phpunit/phpunit/src/Framework/TestCase.php(1656): Tests\Feature\WebRoutesTest-&gt;register_page_loads_successfully()
#51 /www/wwwroot/jobportal.prus.dev/vendor/phpunit/phpunit/src/Framework/TestCase.php(514): PHPUnit\Framework\TestCase-&gt;runTest()
#52 /www/wwwroot/jobportal.prus.dev/vendor/phpunit/phpunit/src/Framework/TestRunner/TestRunner.php(87): PHPUnit\Framework\TestCase-&gt;runBare()
#53 /www/wwwroot/jobportal.prus.dev/vendor/phpunit/phpunit/src/Framework/TestCase.php(361): PHPUnit\Framework\TestRunner-&gt;run()
#54 /www/wwwroot/jobportal.prus.dev/vendor/phpunit/phpunit/src/Framework/TestSuite.php(369): PHPUnit\Framework\TestCase-&gt;run()
#55 /www/wwwroot/jobportal.prus.dev/vendor/phpunit/phpunit/src/Framework/TestSuite.php(369): PHPUnit\Framework\TestSuite-&gt;run()
#56 /www/wwwroot/jobportal.prus.dev/vendor/phpunit/phpunit/src/Framework/TestSuite.php(369): PHPUnit\Framework\TestSuite-&gt;run()
#57 /www/wwwroot/jobportal.prus.dev/vendor/phpunit/phpunit/src/TextUI/TestRunner.php(64): PHPUnit\Framework\TestSuite-&gt;run()
#58 /www/wwwroot/jobportal.prus.dev/vendor/phpunit/phpunit/src/TextUI/Application.php(210): PHPUnit\TextUI\TestRunner-&gt;run()
#59 /www/wwwroot/jobportal.prus.dev/vendor/phpunit/phpunit/phpunit(104): PHPUnit\TextUI\Application-&gt;run()
#60 /www/wwwroot/jobportal.prus.dev/vendor/bin/phpunit(122): include('...')
#61 {main}

----------------------------------------------------------------------------------

Route [search] not defined.

/www/wwwroot/jobportal.prus.dev/vendor/laravel/framework/src/Illuminate/Testing/TestResponseAssert.php:45
/www/wwwroot/jobportal.prus.dev/vendor/laravel/framework/src/Illuminate/Testing/TestResponse.php:174
/www/wwwroot/jobportal.prus.dev/tests/Feature/WebRoutesTest.php:61</failure>
        </testcase>
        <testcase name="about_page_loads_successfully" file="/www/wwwroot/jobportal.prus.dev/tests/Feature/WebRoutesTest.php" line="65" class="Tests\Feature\WebRoutesTest" classname="Tests.Feature.WebRoutesTest" assertions="1" time="0.509585"/>
        <testcase name="contact_page_loads_successfully" file="/www/wwwroot/jobportal.prus.dev/tests/Feature/WebRoutesTest.php" line="73" class="Tests\Feature\WebRoutesTest" classname="Tests.Feature.WebRoutesTest" assertions="1" time="0.524724"/>
        <testcase name="jobs_page_loads_successfully" file="/www/wwwroot/jobportal.prus.dev/tests/Feature/WebRoutesTest.php" line="81" class="Tests\Feature\WebRoutesTest" classname="Tests.Feature.WebRoutesTest" assertions="1" time="0.784440">
          <failure type="PHPUnit\Framework\ExpectationFailedException">Tests\Feature\WebRoutesTest::jobs_page_loads_successfully
Expected response status code [200] but received 500.
Failed asserting that 500 is identical to 200.

The following exception occurred during the last request:

InvalidArgumentException: Unable to locate a class or view for component [jobs.active-filters]. in /www/wwwroot/jobportal.prus.dev/vendor/laravel/framework/src/Illuminate/View/Compilers/ComponentTagCompiler.php:315
Stack trace:
#0 /www/wwwroot/jobportal.prus.dev/vendor/laravel/framework/src/Illuminate/View/Compilers/ComponentTagCompiler.php(235): Illuminate\View\Compilers\ComponentTagCompiler-&gt;componentClass()
#1 /www/wwwroot/jobportal.prus.dev/vendor/laravel/framework/src/Illuminate/View/Compilers/ComponentTagCompiler.php(220): Illuminate\View\Compilers\ComponentTagCompiler-&gt;componentString()
#2 [internal function]: Illuminate\View\Compilers\ComponentTagCompiler-&gt;Illuminate\View\Compilers\{closure}()
#3 /www/wwwroot/jobportal.prus.dev/vendor/laravel/framework/src/Illuminate/View/Compilers/ComponentTagCompiler.php(215): preg_replace_callback()
#4 /www/wwwroot/jobportal.prus.dev/vendor/laravel/framework/src/Illuminate/View/Compilers/ComponentTagCompiler.php(89): Illuminate\View\Compilers\ComponentTagCompiler-&gt;compileSelfClosingTags()
#5 /www/wwwroot/jobportal.prus.dev/vendor/laravel/framework/src/Illuminate/View/Compilers/ComponentTagCompiler.php(76): Illuminate\View\Compilers\ComponentTagCompiler-&gt;compileTags()
#6 /www/wwwroot/jobportal.prus.dev/vendor/laravel/framework/src/Illuminate/View/Compilers/BladeCompiler.php(454): Illuminate\View\Compilers\ComponentTagCompiler-&gt;compile()
#7 /www/wwwroot/jobportal.prus.dev/vendor/laravel/framework/src/Illuminate/View/Compilers/BladeCompiler.php(286): Illuminate\View\Compilers\BladeCompiler-&gt;compileComponentTags()
#8 /www/wwwroot/jobportal.prus.dev/vendor/laravel/framework/src/Illuminate/View/Compilers/BladeCompiler.php(186): Illuminate\View\Compilers\BladeCompiler-&gt;compileString()
#9 /www/wwwroot/jobportal.prus.dev/vendor/laravel/framework/src/Illuminate/View/Engines/CompilerEngine.php(66): Illuminate\View\Compilers\BladeCompiler-&gt;compile()
#10 /www/wwwroot/jobportal.prus.dev/vendor/livewire/livewire/src/Mechanisms/ExtendBlade/ExtendedCompilerEngine.php(10): Illuminate\View\Engines\CompilerEngine-&gt;get()
#11 /www/wwwroot/jobportal.prus.dev/vendor/laravel/framework/src/Illuminate/View/View.php(208): Livewire\Mechanisms\ExtendBlade\ExtendedCompilerEngine-&gt;get()
#12 /www/wwwroot/jobportal.prus.dev/vendor/laravel/framework/src/Illuminate/View/View.php(191): Illuminate\View\View-&gt;getContents()
#13 /www/wwwroot/jobportal.prus.dev/vendor/laravel/framework/src/Illuminate/View/View.php(160): Illuminate\View\View-&gt;renderContents()
#14 /www/wwwroot/jobportal.prus.dev/vendor/laravel/framework/src/Illuminate/Http/Response.php(78): Illuminate\View\View-&gt;render()
#15 /www/wwwroot/jobportal.prus.dev/vendor/laravel/framework/src/Illuminate/Http/Response.php(34): Illuminate\Http\Response-&gt;setContent()
#16 /www/wwwroot/jobportal.prus.dev/vendor/laravel/framework/src/Illuminate/Routing/Router.php(924): Illuminate\Http\Response-&gt;__construct()
#17 /www/wwwroot/jobportal.prus.dev/vendor/laravel/framework/src/Illuminate/Routing/Router.php(891): Illuminate\Routing\Router::toResponse()
#18 /www/wwwroot/jobportal.prus.dev/vendor/laravel/framework/src/Illuminate/Routing/Router.php(807): Illuminate\Routing\Router-&gt;prepareResponse()
#19 /www/wwwroot/jobportal.prus.dev/vendor/laravel/framework/src/Illuminate/Pipeline/Pipeline.php(169): Illuminate\Routing\Router-&gt;Illuminate\Routing\{closure}()
#20 /www/wwwroot/jobportal.prus.dev/vendor/barryvdh/laravel-debugbar/src/Middleware/InjectDebugbar.php(59): Illuminate\Pipeline\Pipeline-&gt;Illuminate\Pipeline\{closure}()
#21 /www/wwwroot/jobportal.prus.dev/vendor/laravel/framework/src/Illuminate/Pipeline/Pipeline.php(208): Barryvdh\Debugbar\Middleware\InjectDebugbar-&gt;handle()
#22 /www/wwwroot/jobportal.prus.dev/app/Http/Middleware/LocaleMiddleware.php(54): Illuminate\Pipeline\Pipeline-&gt;Illuminate\Pipeline\{closure}()
#23 /www/wwwroot/jobportal.prus.dev/vendor/laravel/framework/src/Illuminate/Pipeline/Pipeline.php(208): App\Http\Middleware\LocaleMiddleware-&gt;handle()
#24 /www/wwwroot/jobportal.prus.dev/app/Http/Middleware/SetLocale.php(38): Illuminate\Pipeline\Pipeline-&gt;Illuminate\Pipeline\{closure}()
#25 /www/wwwroot/jobportal.prus.dev/vendor/laravel/framework/src/Illuminate/Pipeline/Pipeline.php(208): App\Http\Middleware\SetLocale-&gt;handle()
#26 /www/wwwroot/jobportal.prus.dev/app/Http/Middleware/LanguageMiddleware.php(47): Illuminate\Pipeline\Pipeline-&gt;Illuminate\Pipeline\{closure}()
#27 /www/wwwroot/jobportal.prus.dev/vendor/laravel/framework/src/Illuminate/Pipeline/Pipeline.php(208): App\Http\Middleware\LanguageMiddleware-&gt;handle()
#28 /www/wwwroot/jobportal.prus.dev/vendor/laravel/framework/src/Illuminate/Routing/Middleware/SubstituteBindings.php(50): Illuminate\Pipeline\Pipeline-&gt;Illuminate\Pipeline\{closure}()
#29 /www/wwwroot/jobportal.prus.dev/vendor/laravel/framework/src/Illuminate/Pipeline/Pipeline.php(208): Illuminate\Routing\Middleware\SubstituteBindings-&gt;handle()
#30 /www/wwwroot/jobportal.prus.dev/vendor/laravel/framework/src/Illuminate/Foundation/Http/Middleware/VerifyCsrfToken.php(87): Illuminate\Pipeline\Pipeline-&gt;Illuminate\Pipeline\{closure}()
#31 /www/wwwroot/jobportal.prus.dev/vendor/laravel/framework/src/Illuminate/Pipeline/Pipeline.php(208): Illuminate\Foundation\Http\Middleware\VerifyCsrfToken-&gt;handle()
#32 /www/wwwroot/jobportal.prus.dev/vendor/laravel/framework/src/Illuminate/View/Middleware/ShareErrorsFromSession.php(48): Illuminate\Pipeline\Pipeline-&gt;Illuminate\Pipeline\{closure}()
#33 /www/wwwroot/jobportal.prus.dev/vendor/laravel/framework/src/Illuminate/Pipeline/Pipeline.php(208): Illuminate\View\Middleware\ShareErrorsFromSession-&gt;handle()
#34 /www/wwwroot/jobportal.prus.dev/vendor/laravel/framework/src/Illuminate/Session/Middleware/StartSession.php(120): Illuminate\Pipeline\Pipeline-&gt;Illuminate\Pipeline\{closure}()
#35 /www/wwwroot/jobportal.prus.dev/vendor/laravel/framework/src/Illuminate/Session/Middleware/StartSession.php(63): Illuminate\Session\Middleware\StartSession-&gt;handleStatefulRequest()
#36 /www/wwwroot/jobportal.prus.dev/vendor/laravel/framework/src/Illuminate/Pipeline/Pipeline.php(208): Illuminate\Session\Middleware\StartSession-&gt;handle()
#37 /www/wwwroot/jobportal.prus.dev/vendor/laravel/framework/src/Illuminate/Cookie/Middleware/AddQueuedCookiesToResponse.php(36): Illuminate\Pipeline\Pipeline-&gt;Illuminate\Pipeline\{closure}()
#38 /www/wwwroot/jobportal.prus.dev/vendor/laravel/framework/src/Illuminate/Pipeline/Pipeline.php(208): Illuminate\Cookie\Middleware\AddQueuedCookiesToResponse-&gt;handle()
#39 /www/wwwroot/jobportal.prus.dev/vendor/laravel/framework/src/Illuminate/Cookie/Middleware/EncryptCookies.php(74): Illuminate\Pipeline\Pipeline-&gt;Illuminate\Pipeline\{closure}()
#40 /www/wwwroot/jobportal.prus.dev/vendor/laravel/framework/src/Illuminate/Pipeline/Pipeline.php(208): Illuminate\Cookie\Middleware\EncryptCookies-&gt;handle()
#41 /www/wwwroot/jobportal.prus.dev/vendor/laravel/framework/src/Illuminate/Pipeline/Pipeline.php(126): Illuminate\Pipeline\Pipeline-&gt;Illuminate\Pipeline\{closure}()
#42 /www/wwwroot/jobportal.prus.dev/vendor/laravel/framework/src/Illuminate/Routing/Router.php(807): Illuminate\Pipeline\Pipeline-&gt;then()
#43 /www/wwwroot/jobportal.prus.dev/vendor/laravel/framework/src/Illuminate/Routing/Router.php(786): Illuminate\Routing\Router-&gt;runRouteWithinStack()
#44 /www/wwwroot/jobportal.prus.dev/vendor/laravel/framework/src/Illuminate/Routing/Router.php(750): Illuminate\Routing\Router-&gt;runRoute()
#45 /www/wwwroot/jobportal.prus.dev/vendor/laravel/framework/src/Illuminate/Routing/Router.php(739): Illuminate\Routing\Router-&gt;dispatchToRoute()
#46 /www/wwwroot/jobportal.prus.dev/vendor/laravel/framework/src/Illuminate/Foundation/Http/Kernel.php(200): Illuminate\Routing\Router-&gt;dispatch()
#47 /www/wwwroot/jobportal.prus.dev/vendor/laravel/framework/src/Illuminate/Pipeline/Pipeline.php(169): Illuminate\Foundation\Http\Kernel-&gt;Illuminate\Foundation\Http\{closure}()
#48 /www/wwwroot/jobportal.prus.dev/vendor/livewire/livewire/src/Features/SupportDisablingBackButtonCache/DisableBackButtonCacheMiddleware.php(19): Illuminate\Pipeline\Pipeline-&gt;Illuminate\Pipeline\{closure}()
#49 /www/wwwroot/jobportal.prus.dev/vendor/laravel/framework/src/Illuminate/Pipeline/Pipeline.php(208): Livewire\Features\SupportDisablingBackButtonCache\DisableBackButtonCacheMiddleware-&gt;handle()
#50 /www/wwwroot/jobportal.prus.dev/vendor/barryvdh/laravel-debugbar/src/Middleware/InjectDebugbar.php(59): Illuminate\Pipeline\Pipeline-&gt;Illuminate\Pipeline\{closure}()
#51 /www/wwwroot/jobportal.prus.dev/vendor/laravel/framework/src/Illuminate/Pipeline/Pipeline.php(208): Barryvdh\Debugbar\Middleware\InjectDebugbar-&gt;handle()
#52 /www/wwwroot/jobportal.prus.dev/vendor/spatie/laravel-csp/src/AddCspHeaders.php(17): Illuminate\Pipeline\Pipeline-&gt;Illuminate\Pipeline\{closure}()
#53 /www/wwwroot/jobportal.prus.dev/vendor/laravel/framework/src/Illuminate/Pipeline/Pipeline.php(208): Spatie\Csp\AddCspHeaders-&gt;handle()
#54 /www/wwwroot/jobportal.prus.dev/app/Http/Middleware/SecurityHeaders.php(11): Illuminate\Pipeline\Pipeline-&gt;Illuminate\Pipeline\{closure}()
#55 /www/wwwroot/jobportal.prus.dev/vendor/laravel/framework/src/Illuminate/Pipeline/Pipeline.php(208): App\Http\Middleware\SecurityHeaders-&gt;handle()
#56 /www/wwwroot/jobportal.prus.dev/vendor/laravel/framework/src/Illuminate/Foundation/Http/Middleware/TransformsRequest.php(21): Illuminate\Pipeline\Pipeline-&gt;Illuminate\Pipeline\{closure}()
#57 /www/wwwroot/jobportal.prus.dev/vendor/laravel/framework/src/Illuminate/Foundation/Http/Middleware/ConvertEmptyStringsToNull.php(31): Illuminate\Foundation\Http\Middleware\TransformsRequest-&gt;handle()
#58 /www/wwwroot/jobportal.prus.dev/vendor/laravel/framework/src/Illuminate/Pipeline/Pipeline.php(208): Illuminate\Foundation\Http\Middleware\ConvertEmptyStringsToNull-&gt;handle()
#59 /www/wwwroot/jobportal.prus.dev/vendor/laravel/framework/src/Illuminate/Foundation/Http/Middleware/TransformsRequest.php(21): Illuminate\Pipeline\Pipeline-&gt;Illuminate\Pipeline\{closure}()
#60 /www/wwwroot/jobportal.prus.dev/vendor/laravel/framework/src/Illuminate/Foundation/Http/Middleware/TrimStrings.php(51): Illuminate\Foundation\Http\Middleware\TransformsRequest-&gt;handle()
#61 /www/wwwroot/jobportal.prus.dev/vendor/laravel/framework/src/Illuminate/Pipeline/Pipeline.php(208): Illuminate\Foundation\Http\Middleware\TrimStrings-&gt;handle()
#62 /www/wwwroot/jobportal.prus.dev/vendor/laravel/framework/src/Illuminate/Http/Middleware/ValidatePostSize.php(27): Illuminate\Pipeline\Pipeline-&gt;Illuminate\Pipeline\{closure}()
#63 /www/wwwroot/jobportal.prus.dev/vendor/laravel/framework/src/Illuminate/Pipeline/Pipeline.php(208): Illuminate\Http\Middleware\ValidatePostSize-&gt;handle()
#64 /www/wwwroot/jobportal.prus.dev/vendor/laravel/framework/src/Illuminate/Foundation/Http/Middleware/PreventRequestsDuringMaintenance.php(109): Illuminate\Pipeline\Pipeline-&gt;Illuminate\Pipeline\{closure}()
#65 /www/wwwroot/jobportal.prus.dev/vendor/laravel/framework/src/Illuminate/Pipeline/Pipeline.php(208): Illuminate\Foundation\Http\Middleware\PreventRequestsDuringMaintenance-&gt;handle()
#66 /www/wwwroot/jobportal.prus.dev/vendor/laravel/framework/src/Illuminate/Http/Middleware/HandleCors.php(48): Illuminate\Pipeline\Pipeline-&gt;Illuminate\Pipeline\{closure}()
#67 /www/wwwroot/jobportal.prus.dev/vendor/laravel/framework/src/Illuminate/Pipeline/Pipeline.php(208): Illuminate\Http\Middleware\HandleCors-&gt;handle()
#68 /www/wwwroot/jobportal.prus.dev/vendor/laravel/framework/src/Illuminate/Http/Middleware/TrustProxies.php(58): Illuminate\Pipeline\Pipeline-&gt;Illuminate\Pipeline\{closure}()
#69 /www/wwwroot/jobportal.prus.dev/vendor/laravel/framework/src/Illuminate/Pipeline/Pipeline.php(208): Illuminate\Http\Middleware\TrustProxies-&gt;handle()
#70 /www/wwwroot/jobportal.prus.dev/vendor/laravel/framework/src/Illuminate/Pipeline/Pipeline.php(126): Illuminate\Pipeline\Pipeline-&gt;Illuminate\Pipeline\{closure}()
#71 /www/wwwroot/jobportal.prus.dev/vendor/laravel/framework/src/Illuminate/Foundation/Http/Kernel.php(175): Illuminate\Pipeline\Pipeline-&gt;then()
#72 /www/wwwroot/jobportal.prus.dev/vendor/laravel/framework/src/Illuminate/Foundation/Http/Kernel.php(144): Illuminate\Foundation\Http\Kernel-&gt;sendRequestThroughRouter()
#73 /www/wwwroot/jobportal.prus.dev/vendor/laravel/framework/src/Illuminate/Foundation/Testing/Concerns/MakesHttpRequests.php(607): Illuminate\Foundation\Http\Kernel-&gt;handle()
#74 /www/wwwroot/jobportal.prus.dev/vendor/laravel/framework/src/Illuminate/Foundation/Testing/Concerns/MakesHttpRequests.php(368): Illuminate\Foundation\Testing\TestCase-&gt;call()
#75 /www/wwwroot/jobportal.prus.dev/tests/Feature/WebRoutesTest.php(83): Illuminate\Foundation\Testing\TestCase-&gt;get()
#76 /www/wwwroot/jobportal.prus.dev/vendor/phpunit/phpunit/src/Framework/TestCase.php(1656): Tests\Feature\WebRoutesTest-&gt;jobs_page_loads_successfully()
#77 /www/wwwroot/jobportal.prus.dev/vendor/phpunit/phpunit/src/Framework/TestCase.php(514): PHPUnit\Framework\TestCase-&gt;runTest()
#78 /www/wwwroot/jobportal.prus.dev/vendor/phpunit/phpunit/src/Framework/TestRunner/TestRunner.php(87): PHPUnit\Framework\TestCase-&gt;runBare()
#79 /www/wwwroot/jobportal.prus.dev/vendor/phpunit/phpunit/src/Framework/TestCase.php(361): PHPUnit\Framework\TestRunner-&gt;run()
#80 /www/wwwroot/jobportal.prus.dev/vendor/phpunit/phpunit/src/Framework/TestSuite.php(369): PHPUnit\Framework\TestCase-&gt;run()
#81 /www/wwwroot/jobportal.prus.dev/vendor/phpunit/phpunit/src/Framework/TestSuite.php(369): PHPUnit\Framework\TestSuite-&gt;run()
#82 /www/wwwroot/jobportal.prus.dev/vendor/phpunit/phpunit/src/Framework/TestSuite.php(369): PHPUnit\Framework\TestSuite-&gt;run()
#83 /www/wwwroot/jobportal.prus.dev/vendor/phpunit/phpunit/src/TextUI/TestRunner.php(64): PHPUnit\Framework\TestSuite-&gt;run()
#84 /www/wwwroot/jobportal.prus.dev/vendor/phpunit/phpunit/src/TextUI/Application.php(210): PHPUnit\TextUI\TestRunner-&gt;run()
#85 /www/wwwroot/jobportal.prus.dev/vendor/phpunit/phpunit/phpunit(104): PHPUnit\TextUI\Application-&gt;run()
#86 /www/wwwroot/jobportal.prus.dev/vendor/bin/phpunit(122): include('...')
#87 {main}

----------------------------------------------------------------------------------

Unable to locate a class or view for component [jobs.active-filters].

/www/wwwroot/jobportal.prus.dev/vendor/laravel/framework/src/Illuminate/Testing/TestResponseAssert.php:45
/www/wwwroot/jobportal.prus.dev/vendor/laravel/framework/src/Illuminate/Testing/TestResponse.php:174
/www/wwwroot/jobportal.prus.dev/tests/Feature/WebRoutesTest.php:85</failure>
        </testcase>
        <testcase name="companies_page_loads_successfully" file="/www/wwwroot/jobportal.prus.dev/tests/Feature/WebRoutesTest.php" line="89" class="Tests\Feature\WebRoutesTest" classname="Tests.Feature.WebRoutesTest" assertions="1" time="0.805134">
          <failure type="PHPUnit\Framework\ExpectationFailedException">Tests\Feature\WebRoutesTest::companies_page_loads_successfully
Expected response status code [200] but received 500.
Failed asserting that 500 is identical to 200.

The following exception occurred during the last request:

ErrorException: Undefined variable $companies in /www/wwwroot/jobportal.prus.dev/storage/framework/views/b5cbd9250c937433825b653ab11db8da.php:15
Stack trace:
#0 /www/wwwroot/jobportal.prus.dev/vendor/laravel/framework/src/Illuminate/Foundation/Bootstrap/HandleExceptions.php(256): Illuminate\Foundation\Bootstrap\HandleExceptions-&gt;handleError()
#1 /www/wwwroot/jobportal.prus.dev/storage/framework/views/b5cbd9250c937433825b653ab11db8da.php(15): Illuminate\Foundation\Bootstrap\HandleExceptions-&gt;Illuminate\Foundation\Bootstrap\{closure}()
#2 /www/wwwroot/jobportal.prus.dev/vendor/laravel/framework/src/Illuminate/Filesystem/Filesystem.php(123): require('...')
#3 /www/wwwroot/jobportal.prus.dev/vendor/laravel/framework/src/Illuminate/Filesystem/Filesystem.php(124): Illuminate\Filesystem\Filesystem::Illuminate\Filesystem\{closure}()
#4 /www/wwwroot/jobportal.prus.dev/vendor/laravel/framework/src/Illuminate/View/Engines/PhpEngine.php(57): Illuminate\Filesystem\Filesystem-&gt;getRequire()
#5 /www/wwwroot/jobportal.prus.dev/vendor/livewire/livewire/src/Mechanisms/ExtendBlade/ExtendedCompilerEngine.php(22): Illuminate\View\Engines\PhpEngine-&gt;evaluatePath()
#6 /www/wwwroot/jobportal.prus.dev/vendor/laravel/framework/src/Illuminate/View/Engines/CompilerEngine.php(74): Livewire\Mechanisms\ExtendBlade\ExtendedCompilerEngine-&gt;evaluatePath()
#7 /www/wwwroot/jobportal.prus.dev/vendor/livewire/livewire/src/Mechanisms/ExtendBlade/ExtendedCompilerEngine.php(10): Illuminate\View\Engines\CompilerEngine-&gt;get()
#8 /www/wwwroot/jobportal.prus.dev/vendor/laravel/framework/src/Illuminate/View/View.php(208): Livewire\Mechanisms\ExtendBlade\ExtendedCompilerEngine-&gt;get()
#9 /www/wwwroot/jobportal.prus.dev/vendor/laravel/framework/src/Illuminate/View/View.php(191): Illuminate\View\View-&gt;getContents()
#10 /www/wwwroot/jobportal.prus.dev/vendor/laravel/framework/src/Illuminate/View/View.php(160): Illuminate\View\View-&gt;renderContents()
#11 /www/wwwroot/jobportal.prus.dev/vendor/laravel/framework/src/Illuminate/Http/Response.php(78): Illuminate\View\View-&gt;render()
#12 /www/wwwroot/jobportal.prus.dev/vendor/laravel/framework/src/Illuminate/Http/Response.php(34): Illuminate\Http\Response-&gt;setContent()
#13 /www/wwwroot/jobportal.prus.dev/vendor/laravel/framework/src/Illuminate/Routing/Router.php(924): Illuminate\Http\Response-&gt;__construct()
#14 /www/wwwroot/jobportal.prus.dev/vendor/laravel/framework/src/Illuminate/Routing/Router.php(891): Illuminate\Routing\Router::toResponse()
#15 /www/wwwroot/jobportal.prus.dev/vendor/laravel/framework/src/Illuminate/Routing/Router.php(807): Illuminate\Routing\Router-&gt;prepareResponse()
#16 /www/wwwroot/jobportal.prus.dev/vendor/laravel/framework/src/Illuminate/Pipeline/Pipeline.php(169): Illuminate\Routing\Router-&gt;Illuminate\Routing\{closure}()
#17 /www/wwwroot/jobportal.prus.dev/vendor/barryvdh/laravel-debugbar/src/Middleware/InjectDebugbar.php(59): Illuminate\Pipeline\Pipeline-&gt;Illuminate\Pipeline\{closure}()
#18 /www/wwwroot/jobportal.prus.dev/vendor/laravel/framework/src/Illuminate/Pipeline/Pipeline.php(208): Barryvdh\Debugbar\Middleware\InjectDebugbar-&gt;handle()
#19 /www/wwwroot/jobportal.prus.dev/app/Http/Middleware/LocaleMiddleware.php(54): Illuminate\Pipeline\Pipeline-&gt;Illuminate\Pipeline\{closure}()
#20 /www/wwwroot/jobportal.prus.dev/vendor/laravel/framework/src/Illuminate/Pipeline/Pipeline.php(208): App\Http\Middleware\LocaleMiddleware-&gt;handle()
#21 /www/wwwroot/jobportal.prus.dev/app/Http/Middleware/SetLocale.php(38): Illuminate\Pipeline\Pipeline-&gt;Illuminate\Pipeline\{closure}()
#22 /www/wwwroot/jobportal.prus.dev/vendor/laravel/framework/src/Illuminate/Pipeline/Pipeline.php(208): App\Http\Middleware\SetLocale-&gt;handle()
#23 /www/wwwroot/jobportal.prus.dev/app/Http/Middleware/LanguageMiddleware.php(47): Illuminate\Pipeline\Pipeline-&gt;Illuminate\Pipeline\{closure}()
#24 /www/wwwroot/jobportal.prus.dev/vendor/laravel/framework/src/Illuminate/Pipeline/Pipeline.php(208): App\Http\Middleware\LanguageMiddleware-&gt;handle()
#25 /www/wwwroot/jobportal.prus.dev/vendor/laravel/framework/src/Illuminate/Routing/Middleware/SubstituteBindings.php(50): Illuminate\Pipeline\Pipeline-&gt;Illuminate\Pipeline\{closure}()
#26 /www/wwwroot/jobportal.prus.dev/vendor/laravel/framework/src/Illuminate/Pipeline/Pipeline.php(208): Illuminate\Routing\Middleware\SubstituteBindings-&gt;handle()
#27 /www/wwwroot/jobportal.prus.dev/vendor/laravel/framework/src/Illuminate/Foundation/Http/Middleware/VerifyCsrfToken.php(87): Illuminate\Pipeline\Pipeline-&gt;Illuminate\Pipeline\{closure}()
#28 /www/wwwroot/jobportal.prus.dev/vendor/laravel/framework/src/Illuminate/Pipeline/Pipeline.php(208): Illuminate\Foundation\Http\Middleware\VerifyCsrfToken-&gt;handle()
#29 /www/wwwroot/jobportal.prus.dev/vendor/laravel/framework/src/Illuminate/View/Middleware/ShareErrorsFromSession.php(48): Illuminate\Pipeline\Pipeline-&gt;Illuminate\Pipeline\{closure}()
#30 /www/wwwroot/jobportal.prus.dev/vendor/laravel/framework/src/Illuminate/Pipeline/Pipeline.php(208): Illuminate\View\Middleware\ShareErrorsFromSession-&gt;handle()
#31 /www/wwwroot/jobportal.prus.dev/vendor/laravel/framework/src/Illuminate/Session/Middleware/StartSession.php(120): Illuminate\Pipeline\Pipeline-&gt;Illuminate\Pipeline\{closure}()
#32 /www/wwwroot/jobportal.prus.dev/vendor/laravel/framework/src/Illuminate/Session/Middleware/StartSession.php(63): Illuminate\Session\Middleware\StartSession-&gt;handleStatefulRequest()
#33 /www/wwwroot/jobportal.prus.dev/vendor/laravel/framework/src/Illuminate/Pipeline/Pipeline.php(208): Illuminate\Session\Middleware\StartSession-&gt;handle()
#34 /www/wwwroot/jobportal.prus.dev/vendor/laravel/framework/src/Illuminate/Cookie/Middleware/AddQueuedCookiesToResponse.php(36): Illuminate\Pipeline\Pipeline-&gt;Illuminate\Pipeline\{closure}()
#35 /www/wwwroot/jobportal.prus.dev/vendor/laravel/framework/src/Illuminate/Pipeline/Pipeline.php(208): Illuminate\Cookie\Middleware\AddQueuedCookiesToResponse-&gt;handle()
#36 /www/wwwroot/jobportal.prus.dev/vendor/laravel/framework/src/Illuminate/Cookie/Middleware/EncryptCookies.php(74): Illuminate\Pipeline\Pipeline-&gt;Illuminate\Pipeline\{closure}()
#37 /www/wwwroot/jobportal.prus.dev/vendor/laravel/framework/src/Illuminate/Pipeline/Pipeline.php(208): Illuminate\Cookie\Middleware\EncryptCookies-&gt;handle()
#38 /www/wwwroot/jobportal.prus.dev/vendor/laravel/framework/src/Illuminate/Pipeline/Pipeline.php(126): Illuminate\Pipeline\Pipeline-&gt;Illuminate\Pipeline\{closure}()
#39 /www/wwwroot/jobportal.prus.dev/vendor/laravel/framework/src/Illuminate/Routing/Router.php(807): Illuminate\Pipeline\Pipeline-&gt;then()
#40 /www/wwwroot/jobportal.prus.dev/vendor/laravel/framework/src/Illuminate/Routing/Router.php(786): Illuminate\Routing\Router-&gt;runRouteWithinStack()
#41 /www/wwwroot/jobportal.prus.dev/vendor/laravel/framework/src/Illuminate/Routing/Router.php(750): Illuminate\Routing\Router-&gt;runRoute()
#42 /www/wwwroot/jobportal.prus.dev/vendor/laravel/framework/src/Illuminate/Routing/Router.php(739): Illuminate\Routing\Router-&gt;dispatchToRoute()
#43 /www/wwwroot/jobportal.prus.dev/vendor/laravel/framework/src/Illuminate/Foundation/Http/Kernel.php(200): Illuminate\Routing\Router-&gt;dispatch()
#44 /www/wwwroot/jobportal.prus.dev/vendor/laravel/framework/src/Illuminate/Pipeline/Pipeline.php(169): Illuminate\Foundation\Http\Kernel-&gt;Illuminate\Foundation\Http\{closure}()
#45 /www/wwwroot/jobportal.prus.dev/vendor/livewire/livewire/src/Features/SupportDisablingBackButtonCache/DisableBackButtonCacheMiddleware.php(19): Illuminate\Pipeline\Pipeline-&gt;Illuminate\Pipeline\{closure}()
#46 /www/wwwroot/jobportal.prus.dev/vendor/laravel/framework/src/Illuminate/Pipeline/Pipeline.php(208): Livewire\Features\SupportDisablingBackButtonCache\DisableBackButtonCacheMiddleware-&gt;handle()
#47 /www/wwwroot/jobportal.prus.dev/vendor/barryvdh/laravel-debugbar/src/Middleware/InjectDebugbar.php(59): Illuminate\Pipeline\Pipeline-&gt;Illuminate\Pipeline\{closure}()
#48 /www/wwwroot/jobportal.prus.dev/vendor/laravel/framework/src/Illuminate/Pipeline/Pipeline.php(208): Barryvdh\Debugbar\Middleware\InjectDebugbar-&gt;handle()
#49 /www/wwwroot/jobportal.prus.dev/vendor/spatie/laravel-csp/src/AddCspHeaders.php(17): Illuminate\Pipeline\Pipeline-&gt;Illuminate\Pipeline\{closure}()
#50 /www/wwwroot/jobportal.prus.dev/vendor/laravel/framework/src/Illuminate/Pipeline/Pipeline.php(208): Spatie\Csp\AddCspHeaders-&gt;handle()
#51 /www/wwwroot/jobportal.prus.dev/app/Http/Middleware/SecurityHeaders.php(11): Illuminate\Pipeline\Pipeline-&gt;Illuminate\Pipeline\{closure}()
#52 /www/wwwroot/jobportal.prus.dev/vendor/laravel/framework/src/Illuminate/Pipeline/Pipeline.php(208): App\Http\Middleware\SecurityHeaders-&gt;handle()
#53 /www/wwwroot/jobportal.prus.dev/vendor/laravel/framework/src/Illuminate/Foundation/Http/Middleware/TransformsRequest.php(21): Illuminate\Pipeline\Pipeline-&gt;Illuminate\Pipeline\{closure}()
#54 /www/wwwroot/jobportal.prus.dev/vendor/laravel/framework/src/Illuminate/Foundation/Http/Middleware/ConvertEmptyStringsToNull.php(31): Illuminate\Foundation\Http\Middleware\TransformsRequest-&gt;handle()
#55 /www/wwwroot/jobportal.prus.dev/vendor/laravel/framework/src/Illuminate/Pipeline/Pipeline.php(208): Illuminate\Foundation\Http\Middleware\ConvertEmptyStringsToNull-&gt;handle()
#56 /www/wwwroot/jobportal.prus.dev/vendor/laravel/framework/src/Illuminate/Foundation/Http/Middleware/TransformsRequest.php(21): Illuminate\Pipeline\Pipeline-&gt;Illuminate\Pipeline\{closure}()
#57 /www/wwwroot/jobportal.prus.dev/vendor/laravel/framework/src/Illuminate/Foundation/Http/Middleware/TrimStrings.php(51): Illuminate\Foundation\Http\Middleware\TransformsRequest-&gt;handle()
#58 /www/wwwroot/jobportal.prus.dev/vendor/laravel/framework/src/Illuminate/Pipeline/Pipeline.php(208): Illuminate\Foundation\Http\Middleware\TrimStrings-&gt;handle()
#59 /www/wwwroot/jobportal.prus.dev/vendor/laravel/framework/src/Illuminate/Http/Middleware/ValidatePostSize.php(27): Illuminate\Pipeline\Pipeline-&gt;Illuminate\Pipeline\{closure}()
#60 /www/wwwroot/jobportal.prus.dev/vendor/laravel/framework/src/Illuminate/Pipeline/Pipeline.php(208): Illuminate\Http\Middleware\ValidatePostSize-&gt;handle()
#61 /www/wwwroot/jobportal.prus.dev/vendor/laravel/framework/src/Illuminate/Foundation/Http/Middleware/PreventRequestsDuringMaintenance.php(109): Illuminate\Pipeline\Pipeline-&gt;Illuminate\Pipeline\{closure}()
#62 /www/wwwroot/jobportal.prus.dev/vendor/laravel/framework/src/Illuminate/Pipeline/Pipeline.php(208): Illuminate\Foundation\Http\Middleware\PreventRequestsDuringMaintenance-&gt;handle()
#63 /www/wwwroot/jobportal.prus.dev/vendor/laravel/framework/src/Illuminate/Http/Middleware/HandleCors.php(48): Illuminate\Pipeline\Pipeline-&gt;Illuminate\Pipeline\{closure}()
#64 /www/wwwroot/jobportal.prus.dev/vendor/laravel/framework/src/Illuminate/Pipeline/Pipeline.php(208): Illuminate\Http\Middleware\HandleCors-&gt;handle()
#65 /www/wwwroot/jobportal.prus.dev/vendor/laravel/framework/src/Illuminate/Http/Middleware/TrustProxies.php(58): Illuminate\Pipeline\Pipeline-&gt;Illuminate\Pipeline\{closure}()
#66 /www/wwwroot/jobportal.prus.dev/vendor/laravel/framework/src/Illuminate/Pipeline/Pipeline.php(208): Illuminate\Http\Middleware\TrustProxies-&gt;handle()
#67 /www/wwwroot/jobportal.prus.dev/vendor/laravel/framework/src/Illuminate/Pipeline/Pipeline.php(126): Illuminate\Pipeline\Pipeline-&gt;Illuminate\Pipeline\{closure}()
#68 /www/wwwroot/jobportal.prus.dev/vendor/laravel/framework/src/Illuminate/Foundation/Http/Kernel.php(175): Illuminate\Pipeline\Pipeline-&gt;then()
#69 /www/wwwroot/jobportal.prus.dev/vendor/laravel/framework/src/Illuminate/Foundation/Http/Kernel.php(144): Illuminate\Foundation\Http\Kernel-&gt;sendRequestThroughRouter()
#70 /www/wwwroot/jobportal.prus.dev/vendor/laravel/framework/src/Illuminate/Foundation/Testing/Concerns/MakesHttpRequests.php(607): Illuminate\Foundation\Http\Kernel-&gt;handle()
#71 /www/wwwroot/jobportal.prus.dev/vendor/laravel/framework/src/Illuminate/Foundation/Testing/Concerns/MakesHttpRequests.php(368): Illuminate\Foundation\Testing\TestCase-&gt;call()
#72 /www/wwwroot/jobportal.prus.dev/tests/Feature/WebRoutesTest.php(91): Illuminate\Foundation\Testing\TestCase-&gt;get()
#73 /www/wwwroot/jobportal.prus.dev/vendor/phpunit/phpunit/src/Framework/TestCase.php(1656): Tests\Feature\WebRoutesTest-&gt;companies_page_loads_successfully()
#74 /www/wwwroot/jobportal.prus.dev/vendor/phpunit/phpunit/src/Framework/TestCase.php(514): PHPUnit\Framework\TestCase-&gt;runTest()
#75 /www/wwwroot/jobportal.prus.dev/vendor/phpunit/phpunit/src/Framework/TestRunner/TestRunner.php(87): PHPUnit\Framework\TestCase-&gt;runBare()
#76 /www/wwwroot/jobportal.prus.dev/vendor/phpunit/phpunit/src/Framework/TestCase.php(361): PHPUnit\Framework\TestRunner-&gt;run()
#77 /www/wwwroot/jobportal.prus.dev/vendor/phpunit/phpunit/src/Framework/TestSuite.php(369): PHPUnit\Framework\TestCase-&gt;run()
#78 /www/wwwroot/jobportal.prus.dev/vendor/phpunit/phpunit/src/Framework/TestSuite.php(369): PHPUnit\Framework\TestSuite-&gt;run()
#79 /www/wwwroot/jobportal.prus.dev/vendor/phpunit/phpunit/src/Framework/TestSuite.php(369): PHPUnit\Framework\TestSuite-&gt;run()
#80 /www/wwwroot/jobportal.prus.dev/vendor/phpunit/phpunit/src/TextUI/TestRunner.php(64): PHPUnit\Framework\TestSuite-&gt;run()
#81 /www/wwwroot/jobportal.prus.dev/vendor/phpunit/phpunit/src/TextUI/Application.php(210): PHPUnit\TextUI\TestRunner-&gt;run()
#82 /www/wwwroot/jobportal.prus.dev/vendor/phpunit/phpunit/phpunit(104): PHPUnit\TextUI\Application-&gt;run()
#83 /www/wwwroot/jobportal.prus.dev/vendor/bin/phpunit(122): include('...')
#84 {main}

Next Spatie\LaravelIgnition\Exceptions\ViewException: Undefined variable $companies in /www/wwwroot/jobportal.prus.dev/resources/views/companies/index.blade.php:16
Stack trace:
#0 /www/wwwroot/jobportal.prus.dev/vendor/laravel/framework/src/Illuminate/Filesystem/Filesystem.php(123): require('...')
#1 /www/wwwroot/jobportal.prus.dev/vendor/laravel/framework/src/Illuminate/Filesystem/Filesystem.php(124): Illuminate\Filesystem\Filesystem::Illuminate\Filesystem\{closure}()
#2 /www/wwwroot/jobportal.prus.dev/vendor/laravel/framework/src/Illuminate/View/Engines/PhpEngine.php(57): Illuminate\Filesystem\Filesystem-&gt;getRequire()
#3 /www/wwwroot/jobportal.prus.dev/vendor/livewire/livewire/src/Mechanisms/ExtendBlade/ExtendedCompilerEngine.php(22): Illuminate\View\Engines\PhpEngine-&gt;evaluatePath()
#4 /www/wwwroot/jobportal.prus.dev/vendor/laravel/framework/src/Illuminate/View/Engines/CompilerEngine.php(74): Livewire\Mechanisms\ExtendBlade\ExtendedCompilerEngine-&gt;evaluatePath()
#5 /www/wwwroot/jobportal.prus.dev/vendor/livewire/livewire/src/Mechanisms/ExtendBlade/ExtendedCompilerEngine.php(10): Illuminate\View\Engines\CompilerEngine-&gt;get()
#6 /www/wwwroot/jobportal.prus.dev/vendor/laravel/framework/src/Illuminate/View/View.php(208): Livewire\Mechanisms\ExtendBlade\ExtendedCompilerEngine-&gt;get()
#7 /www/wwwroot/jobportal.prus.dev/vendor/laravel/framework/src/Illuminate/View/View.php(191): Illuminate\View\View-&gt;getContents()
#8 /www/wwwroot/jobportal.prus.dev/vendor/laravel/framework/src/Illuminate/View/View.php(160): Illuminate\View\View-&gt;renderContents()
#9 /www/wwwroot/jobportal.prus.dev/vendor/laravel/framework/src/Illuminate/Http/Response.php(78): Illuminate\View\View-&gt;render()
#10 /www/wwwroot/jobportal.prus.dev/vendor/laravel/framework/src/Illuminate/Http/Response.php(34): Illuminate\Http\Response-&gt;setContent()
#11 /www/wwwroot/jobportal.prus.dev/vendor/laravel/framework/src/Illuminate/Routing/Router.php(924): Illuminate\Http\Response-&gt;__construct()
#12 /www/wwwroot/jobportal.prus.dev/vendor/laravel/framework/src/Illuminate/Routing/Router.php(891): Illuminate\Routing\Router::toResponse()
#13 /www/wwwroot/jobportal.prus.dev/vendor/laravel/framework/src/Illuminate/Routing/Router.php(807): Illuminate\Routing\Router-&gt;prepareResponse()
#14 /www/wwwroot/jobportal.prus.dev/vendor/laravel/framework/src/Illuminate/Pipeline/Pipeline.php(169): Illuminate\Routing\Router-&gt;Illuminate\Routing\{closure}()
#15 /www/wwwroot/jobportal.prus.dev/vendor/barryvdh/laravel-debugbar/src/Middleware/InjectDebugbar.php(59): Illuminate\Pipeline\Pipeline-&gt;Illuminate\Pipeline\{closure}()
#16 /www/wwwroot/jobportal.prus.dev/vendor/laravel/framework/src/Illuminate/Pipeline/Pipeline.php(208): Barryvdh\Debugbar\Middleware\InjectDebugbar-&gt;handle()
#17 /www/wwwroot/jobportal.prus.dev/app/Http/Middleware/LocaleMiddleware.php(54): Illuminate\Pipeline\Pipeline-&gt;Illuminate\Pipeline\{closure}()
#18 /www/wwwroot/jobportal.prus.dev/vendor/laravel/framework/src/Illuminate/Pipeline/Pipeline.php(208): App\Http\Middleware\LocaleMiddleware-&gt;handle()
#19 /www/wwwroot/jobportal.prus.dev/app/Http/Middleware/SetLocale.php(38): Illuminate\Pipeline\Pipeline-&gt;Illuminate\Pipeline\{closure}()
#20 /www/wwwroot/jobportal.prus.dev/vendor/laravel/framework/src/Illuminate/Pipeline/Pipeline.php(208): App\Http\Middleware\SetLocale-&gt;handle()
#21 /www/wwwroot/jobportal.prus.dev/app/Http/Middleware/LanguageMiddleware.php(47): Illuminate\Pipeline\Pipeline-&gt;Illuminate\Pipeline\{closure}()
#22 /www/wwwroot/jobportal.prus.dev/vendor/laravel/framework/src/Illuminate/Pipeline/Pipeline.php(208): App\Http\Middleware\LanguageMiddleware-&gt;handle()
#23 /www/wwwroot/jobportal.prus.dev/vendor/laravel/framework/src/Illuminate/Routing/Middleware/SubstituteBindings.php(50): Illuminate\Pipeline\Pipeline-&gt;Illuminate\Pipeline\{closure}()
#24 /www/wwwroot/jobportal.prus.dev/vendor/laravel/framework/src/Illuminate/Pipeline/Pipeline.php(208): Illuminate\Routing\Middleware\SubstituteBindings-&gt;handle()
#25 /www/wwwroot/jobportal.prus.dev/vendor/laravel/framework/src/Illuminate/Foundation/Http/Middleware/VerifyCsrfToken.php(87): Illuminate\Pipeline\Pipeline-&gt;Illuminate\Pipeline\{closure}()
#26 /www/wwwroot/jobportal.prus.dev/vendor/laravel/framework/src/Illuminate/Pipeline/Pipeline.php(208): Illuminate\Foundation\Http\Middleware\VerifyCsrfToken-&gt;handle()
#27 /www/wwwroot/jobportal.prus.dev/vendor/laravel/framework/src/Illuminate/View/Middleware/ShareErrorsFromSession.php(48): Illuminate\Pipeline\Pipeline-&gt;Illuminate\Pipeline\{closure}()
#28 /www/wwwroot/jobportal.prus.dev/vendor/laravel/framework/src/Illuminate/Pipeline/Pipeline.php(208): Illuminate\View\Middleware\ShareErrorsFromSession-&gt;handle()
#29 /www/wwwroot/jobportal.prus.dev/vendor/laravel/framework/src/Illuminate/Session/Middleware/StartSession.php(120): Illuminate\Pipeline\Pipeline-&gt;Illuminate\Pipeline\{closure}()
#30 /www/wwwroot/jobportal.prus.dev/vendor/laravel/framework/src/Illuminate/Session/Middleware/StartSession.php(63): Illuminate\Session\Middleware\StartSession-&gt;handleStatefulRequest()
#31 /www/wwwroot/jobportal.prus.dev/vendor/laravel/framework/src/Illuminate/Pipeline/Pipeline.php(208): Illuminate\Session\Middleware\StartSession-&gt;handle()
#32 /www/wwwroot/jobportal.prus.dev/vendor/laravel/framework/src/Illuminate/Cookie/Middleware/AddQueuedCookiesToResponse.php(36): Illuminate\Pipeline\Pipeline-&gt;Illuminate\Pipeline\{closure}()
#33 /www/wwwroot/jobportal.prus.dev/vendor/laravel/framework/src/Illuminate/Pipeline/Pipeline.php(208): Illuminate\Cookie\Middleware\AddQueuedCookiesToResponse-&gt;handle()
#34 /www/wwwroot/jobportal.prus.dev/vendor/laravel/framework/src/Illuminate/Cookie/Middleware/EncryptCookies.php(74): Illuminate\Pipeline\Pipeline-&gt;Illuminate\Pipeline\{closure}()
#35 /www/wwwroot/jobportal.prus.dev/vendor/laravel/framework/src/Illuminate/Pipeline/Pipeline.php(208): Illuminate\Cookie\Middleware\EncryptCookies-&gt;handle()
#36 /www/wwwroot/jobportal.prus.dev/vendor/laravel/framework/src/Illuminate/Pipeline/Pipeline.php(126): Illuminate\Pipeline\Pipeline-&gt;Illuminate\Pipeline\{closure}()
#37 /www/wwwroot/jobportal.prus.dev/vendor/laravel/framework/src/Illuminate/Routing/Router.php(807): Illuminate\Pipeline\Pipeline-&gt;then()
#38 /www/wwwroot/jobportal.prus.dev/vendor/laravel/framework/src/Illuminate/Routing/Router.php(786): Illuminate\Routing\Router-&gt;runRouteWithinStack()
#39 /www/wwwroot/jobportal.prus.dev/vendor/laravel/framework/src/Illuminate/Routing/Router.php(750): Illuminate\Routing\Router-&gt;runRoute()
#40 /www/wwwroot/jobportal.prus.dev/vendor/laravel/framework/src/Illuminate/Routing/Router.php(739): Illuminate\Routing\Router-&gt;dispatchToRoute()
#41 /www/wwwroot/jobportal.prus.dev/vendor/laravel/framework/src/Illuminate/Foundation/Http/Kernel.php(200): Illuminate\Routing\Router-&gt;dispatch()
#42 /www/wwwroot/jobportal.prus.dev/vendor/laravel/framework/src/Illuminate/Pipeline/Pipeline.php(169): Illuminate\Foundation\Http\Kernel-&gt;Illuminate\Foundation\Http\{closure}()
#43 /www/wwwroot/jobportal.prus.dev/vendor/livewire/livewire/src/Features/SupportDisablingBackButtonCache/DisableBackButtonCacheMiddleware.php(19): Illuminate\Pipeline\Pipeline-&gt;Illuminate\Pipeline\{closure}()
#44 /www/wwwroot/jobportal.prus.dev/vendor/laravel/framework/src/Illuminate/Pipeline/Pipeline.php(208): Livewire\Features\SupportDisablingBackButtonCache\DisableBackButtonCacheMiddleware-&gt;handle()
#45 /www/wwwroot/jobportal.prus.dev/vendor/barryvdh/laravel-debugbar/src/Middleware/InjectDebugbar.php(59): Illuminate\Pipeline\Pipeline-&gt;Illuminate\Pipeline\{closure}()
#46 /www/wwwroot/jobportal.prus.dev/vendor/laravel/framework/src/Illuminate/Pipeline/Pipeline.php(208): Barryvdh\Debugbar\Middleware\InjectDebugbar-&gt;handle()
#47 /www/wwwroot/jobportal.prus.dev/vendor/spatie/laravel-csp/src/AddCspHeaders.php(17): Illuminate\Pipeline\Pipeline-&gt;Illuminate\Pipeline\{closure}()
#48 /www/wwwroot/jobportal.prus.dev/vendor/laravel/framework/src/Illuminate/Pipeline/Pipeline.php(208): Spatie\Csp\AddCspHeaders-&gt;handle()
#49 /www/wwwroot/jobportal.prus.dev/app/Http/Middleware/SecurityHeaders.php(11): Illuminate\Pipeline\Pipeline-&gt;Illuminate\Pipeline\{closure}()
#50 /www/wwwroot/jobportal.prus.dev/vendor/laravel/framework/src/Illuminate/Pipeline/Pipeline.php(208): App\Http\Middleware\SecurityHeaders-&gt;handle()
#51 /www/wwwroot/jobportal.prus.dev/vendor/laravel/framework/src/Illuminate/Foundation/Http/Middleware/TransformsRequest.php(21): Illuminate\Pipeline\Pipeline-&gt;Illuminate\Pipeline\{closure}()
#52 /www/wwwroot/jobportal.prus.dev/vendor/laravel/framework/src/Illuminate/Foundation/Http/Middleware/ConvertEmptyStringsToNull.php(31): Illuminate\Foundation\Http\Middleware\TransformsRequest-&gt;handle()
#53 /www/wwwroot/jobportal.prus.dev/vendor/laravel/framework/src/Illuminate/Pipeline/Pipeline.php(208): Illuminate\Foundation\Http\Middleware\ConvertEmptyStringsToNull-&gt;handle()
#54 /www/wwwroot/jobportal.prus.dev/vendor/laravel/framework/src/Illuminate/Foundation/Http/Middleware/TransformsRequest.php(21): Illuminate\Pipeline\Pipeline-&gt;Illuminate\Pipeline\{closure}()
#55 /www/wwwroot/jobportal.prus.dev/vendor/laravel/framework/src/Illuminate/Foundation/Http/Middleware/TrimStrings.php(51): Illuminate\Foundation\Http\Middleware\TransformsRequest-&gt;handle()
#56 /www/wwwroot/jobportal.prus.dev/vendor/laravel/framework/src/Illuminate/Pipeline/Pipeline.php(208): Illuminate\Foundation\Http\Middleware\TrimStrings-&gt;handle()
#57 /www/wwwroot/jobportal.prus.dev/vendor/laravel/framework/src/Illuminate/Http/Middleware/ValidatePostSize.php(27): Illuminate\Pipeline\Pipeline-&gt;Illuminate\Pipeline\{closure}()
#58 /www/wwwroot/jobportal.prus.dev/vendor/laravel/framework/src/Illuminate/Pipeline/Pipeline.php(208): Illuminate\Http\Middleware\ValidatePostSize-&gt;handle()
#59 /www/wwwroot/jobportal.prus.dev/vendor/laravel/framework/src/Illuminate/Foundation/Http/Middleware/PreventRequestsDuringMaintenance.php(109): Illuminate\Pipeline\Pipeline-&gt;Illuminate\Pipeline\{closure}()
#60 /www/wwwroot/jobportal.prus.dev/vendor/laravel/framework/src/Illuminate/Pipeline/Pipeline.php(208): Illuminate\Foundation\Http\Middleware\PreventRequestsDuringMaintenance-&gt;handle()
#61 /www/wwwroot/jobportal.prus.dev/vendor/laravel/framework/src/Illuminate/Http/Middleware/HandleCors.php(48): Illuminate\Pipeline\Pipeline-&gt;Illuminate\Pipeline\{closure}()
#62 /www/wwwroot/jobportal.prus.dev/vendor/laravel/framework/src/Illuminate/Pipeline/Pipeline.php(208): Illuminate\Http\Middleware\HandleCors-&gt;handle()
#63 /www/wwwroot/jobportal.prus.dev/vendor/laravel/framework/src/Illuminate/Http/Middleware/TrustProxies.php(58): Illuminate\Pipeline\Pipeline-&gt;Illuminate\Pipeline\{closure}()
#64 /www/wwwroot/jobportal.prus.dev/vendor/laravel/framework/src/Illuminate/Pipeline/Pipeline.php(208): Illuminate\Http\Middleware\TrustProxies-&gt;handle()
#65 /www/wwwroot/jobportal.prus.dev/vendor/laravel/framework/src/Illuminate/Pipeline/Pipeline.php(126): Illuminate\Pipeline\Pipeline-&gt;Illuminate\Pipeline\{closure}()
#66 /www/wwwroot/jobportal.prus.dev/vendor/laravel/framework/src/Illuminate/Foundation/Http/Kernel.php(175): Illuminate\Pipeline\Pipeline-&gt;then()
#67 /www/wwwroot/jobportal.prus.dev/vendor/laravel/framework/src/Illuminate/Foundation/Http/Kernel.php(144): Illuminate\Foundation\Http\Kernel-&gt;sendRequestThroughRouter()
#68 /www/wwwroot/jobportal.prus.dev/vendor/laravel/framework/src/Illuminate/Foundation/Testing/Concerns/MakesHttpRequests.php(607): Illuminate\Foundation\Http\Kernel-&gt;handle()
#69 /www/wwwroot/jobportal.prus.dev/vendor/laravel/framework/src/Illuminate/Foundation/Testing/Concerns/MakesHttpRequests.php(368): Illuminate\Foundation\Testing\TestCase-&gt;call()
#70 /www/wwwroot/jobportal.prus.dev/tests/Feature/WebRoutesTest.php(91): Illuminate\Foundation\Testing\TestCase-&gt;get()
#71 /www/wwwroot/jobportal.prus.dev/vendor/phpunit/phpunit/src/Framework/TestCase.php(1656): Tests\Feature\WebRoutesTest-&gt;companies_page_loads_successfully()
#72 /www/wwwroot/jobportal.prus.dev/vendor/phpunit/phpunit/src/Framework/TestCase.php(514): PHPUnit\Framework\TestCase-&gt;runTest()
#73 /www/wwwroot/jobportal.prus.dev/vendor/phpunit/phpunit/src/Framework/TestRunner/TestRunner.php(87): PHPUnit\Framework\TestCase-&gt;runBare()
#74 /www/wwwroot/jobportal.prus.dev/vendor/phpunit/phpunit/src/Framework/TestCase.php(361): PHPUnit\Framework\TestRunner-&gt;run()
#75 /www/wwwroot/jobportal.prus.dev/vendor/phpunit/phpunit/src/Framework/TestSuite.php(369): PHPUnit\Framework\TestCase-&gt;run()
#76 /www/wwwroot/jobportal.prus.dev/vendor/phpunit/phpunit/src/Framework/TestSuite.php(369): PHPUnit\Framework\TestSuite-&gt;run()
#77 /www/wwwroot/jobportal.prus.dev/vendor/phpunit/phpunit/src/Framework/TestSuite.php(369): PHPUnit\Framework\TestSuite-&gt;run()
#78 /www/wwwroot/jobportal.prus.dev/vendor/phpunit/phpunit/src/TextUI/TestRunner.php(64): PHPUnit\Framework\TestSuite-&gt;run()
#79 /www/wwwroot/jobportal.prus.dev/vendor/phpunit/phpunit/src/TextUI/Application.php(210): PHPUnit\TextUI\TestRunner-&gt;run()
#80 /www/wwwroot/jobportal.prus.dev/vendor/phpunit/phpunit/phpunit(104): PHPUnit\TextUI\Application-&gt;run()
#81 /www/wwwroot/jobportal.prus.dev/vendor/bin/phpunit(122): include('...')
#82 {main}

----------------------------------------------------------------------------------

Undefined variable $companies

/www/wwwroot/jobportal.prus.dev/vendor/laravel/framework/src/Illuminate/Testing/TestResponseAssert.php:45
/www/wwwroot/jobportal.prus.dev/vendor/laravel/framework/src/Illuminate/Testing/TestResponse.php:174
/www/wwwroot/jobportal.prus.dev/tests/Feature/WebRoutesTest.php:93</failure>
        </testcase>
        <testcase name="job_details_page_loads_successfully" file="/www/wwwroot/jobportal.prus.dev/tests/Feature/WebRoutesTest.php" line="97" class="Tests\Feature\WebRoutesTest" classname="Tests.Feature.WebRoutesTest" assertions="1" time="0.749464">
          <failure type="PHPUnit\Framework\ExpectationFailedException">Tests\Feature\WebRoutesTest::job_details_page_loads_successfully
Expected response status code [200] but received 500.
Failed asserting that 500 is identical to 200.

The following exception occurred during the last request:

InvalidArgumentException: Unable to locate a class or view for component [jobs.application-modal]. in /www/wwwroot/jobportal.prus.dev/vendor/laravel/framework/src/Illuminate/View/Compilers/ComponentTagCompiler.php:315
Stack trace:
#0 /www/wwwroot/jobportal.prus.dev/vendor/laravel/framework/src/Illuminate/View/Compilers/ComponentTagCompiler.php(235): Illuminate\View\Compilers\ComponentTagCompiler-&gt;componentClass()
#1 /www/wwwroot/jobportal.prus.dev/vendor/laravel/framework/src/Illuminate/View/Compilers/ComponentTagCompiler.php(220): Illuminate\View\Compilers\ComponentTagCompiler-&gt;componentString()
#2 [internal function]: Illuminate\View\Compilers\ComponentTagCompiler-&gt;Illuminate\View\Compilers\{closure}()
#3 /www/wwwroot/jobportal.prus.dev/vendor/laravel/framework/src/Illuminate/View/Compilers/ComponentTagCompiler.php(215): preg_replace_callback()
#4 /www/wwwroot/jobportal.prus.dev/vendor/laravel/framework/src/Illuminate/View/Compilers/ComponentTagCompiler.php(89): Illuminate\View\Compilers\ComponentTagCompiler-&gt;compileSelfClosingTags()
#5 /www/wwwroot/jobportal.prus.dev/vendor/laravel/framework/src/Illuminate/View/Compilers/ComponentTagCompiler.php(76): Illuminate\View\Compilers\ComponentTagCompiler-&gt;compileTags()
#6 /www/wwwroot/jobportal.prus.dev/vendor/laravel/framework/src/Illuminate/View/Compilers/BladeCompiler.php(454): Illuminate\View\Compilers\ComponentTagCompiler-&gt;compile()
#7 /www/wwwroot/jobportal.prus.dev/vendor/laravel/framework/src/Illuminate/View/Compilers/BladeCompiler.php(286): Illuminate\View\Compilers\BladeCompiler-&gt;compileComponentTags()
#8 /www/wwwroot/jobportal.prus.dev/vendor/laravel/framework/src/Illuminate/View/Compilers/BladeCompiler.php(186): Illuminate\View\Compilers\BladeCompiler-&gt;compileString()
#9 /www/wwwroot/jobportal.prus.dev/vendor/laravel/framework/src/Illuminate/View/Engines/CompilerEngine.php(66): Illuminate\View\Compilers\BladeCompiler-&gt;compile()
#10 /www/wwwroot/jobportal.prus.dev/vendor/livewire/livewire/src/Mechanisms/ExtendBlade/ExtendedCompilerEngine.php(10): Illuminate\View\Engines\CompilerEngine-&gt;get()
#11 /www/wwwroot/jobportal.prus.dev/vendor/laravel/framework/src/Illuminate/View/View.php(208): Livewire\Mechanisms\ExtendBlade\ExtendedCompilerEngine-&gt;get()
#12 /www/wwwroot/jobportal.prus.dev/vendor/laravel/framework/src/Illuminate/View/View.php(191): Illuminate\View\View-&gt;getContents()
#13 /www/wwwroot/jobportal.prus.dev/vendor/laravel/framework/src/Illuminate/View/View.php(160): Illuminate\View\View-&gt;renderContents()
#14 /www/wwwroot/jobportal.prus.dev/vendor/laravel/framework/src/Illuminate/Http/Response.php(78): Illuminate\View\View-&gt;render()
#15 /www/wwwroot/jobportal.prus.dev/vendor/laravel/framework/src/Illuminate/Http/Response.php(34): Illuminate\Http\Response-&gt;setContent()
#16 /www/wwwroot/jobportal.prus.dev/vendor/laravel/framework/src/Illuminate/Routing/Router.php(924): Illuminate\Http\Response-&gt;__construct()
#17 /www/wwwroot/jobportal.prus.dev/vendor/laravel/framework/src/Illuminate/Routing/Router.php(891): Illuminate\Routing\Router::toResponse()
#18 /www/wwwroot/jobportal.prus.dev/vendor/laravel/framework/src/Illuminate/Routing/Router.php(807): Illuminate\Routing\Router-&gt;prepareResponse()
#19 /www/wwwroot/jobportal.prus.dev/vendor/laravel/framework/src/Illuminate/Pipeline/Pipeline.php(169): Illuminate\Routing\Router-&gt;Illuminate\Routing\{closure}()
#20 /www/wwwroot/jobportal.prus.dev/vendor/barryvdh/laravel-debugbar/src/Middleware/InjectDebugbar.php(59): Illuminate\Pipeline\Pipeline-&gt;Illuminate\Pipeline\{closure}()
#21 /www/wwwroot/jobportal.prus.dev/vendor/laravel/framework/src/Illuminate/Pipeline/Pipeline.php(208): Barryvdh\Debugbar\Middleware\InjectDebugbar-&gt;handle()
#22 /www/wwwroot/jobportal.prus.dev/app/Http/Middleware/LocaleMiddleware.php(54): Illuminate\Pipeline\Pipeline-&gt;Illuminate\Pipeline\{closure}()
#23 /www/wwwroot/jobportal.prus.dev/vendor/laravel/framework/src/Illuminate/Pipeline/Pipeline.php(208): App\Http\Middleware\LocaleMiddleware-&gt;handle()
#24 /www/wwwroot/jobportal.prus.dev/app/Http/Middleware/SetLocale.php(38): Illuminate\Pipeline\Pipeline-&gt;Illuminate\Pipeline\{closure}()
#25 /www/wwwroot/jobportal.prus.dev/vendor/laravel/framework/src/Illuminate/Pipeline/Pipeline.php(208): App\Http\Middleware\SetLocale-&gt;handle()
#26 /www/wwwroot/jobportal.prus.dev/app/Http/Middleware/LanguageMiddleware.php(47): Illuminate\Pipeline\Pipeline-&gt;Illuminate\Pipeline\{closure}()
#27 /www/wwwroot/jobportal.prus.dev/vendor/laravel/framework/src/Illuminate/Pipeline/Pipeline.php(208): App\Http\Middleware\LanguageMiddleware-&gt;handle()
#28 /www/wwwroot/jobportal.prus.dev/vendor/laravel/framework/src/Illuminate/Routing/Middleware/SubstituteBindings.php(50): Illuminate\Pipeline\Pipeline-&gt;Illuminate\Pipeline\{closure}()
#29 /www/wwwroot/jobportal.prus.dev/vendor/laravel/framework/src/Illuminate/Pipeline/Pipeline.php(208): Illuminate\Routing\Middleware\SubstituteBindings-&gt;handle()
#30 /www/wwwroot/jobportal.prus.dev/vendor/laravel/framework/src/Illuminate/Foundation/Http/Middleware/VerifyCsrfToken.php(87): Illuminate\Pipeline\Pipeline-&gt;Illuminate\Pipeline\{closure}()
#31 /www/wwwroot/jobportal.prus.dev/vendor/laravel/framework/src/Illuminate/Pipeline/Pipeline.php(208): Illuminate\Foundation\Http\Middleware\VerifyCsrfToken-&gt;handle()
#32 /www/wwwroot/jobportal.prus.dev/vendor/laravel/framework/src/Illuminate/View/Middleware/ShareErrorsFromSession.php(48): Illuminate\Pipeline\Pipeline-&gt;Illuminate\Pipeline\{closure}()
#33 /www/wwwroot/jobportal.prus.dev/vendor/laravel/framework/src/Illuminate/Pipeline/Pipeline.php(208): Illuminate\View\Middleware\ShareErrorsFromSession-&gt;handle()
#34 /www/wwwroot/jobportal.prus.dev/vendor/laravel/framework/src/Illuminate/Session/Middleware/StartSession.php(120): Illuminate\Pipeline\Pipeline-&gt;Illuminate\Pipeline\{closure}()
#35 /www/wwwroot/jobportal.prus.dev/vendor/laravel/framework/src/Illuminate/Session/Middleware/StartSession.php(63): Illuminate\Session\Middleware\StartSession-&gt;handleStatefulRequest()
#36 /www/wwwroot/jobportal.prus.dev/vendor/laravel/framework/src/Illuminate/Pipeline/Pipeline.php(208): Illuminate\Session\Middleware\StartSession-&gt;handle()
#37 /www/wwwroot/jobportal.prus.dev/vendor/laravel/framework/src/Illuminate/Cookie/Middleware/AddQueuedCookiesToResponse.php(36): Illuminate\Pipeline\Pipeline-&gt;Illuminate\Pipeline\{closure}()
#38 /www/wwwroot/jobportal.prus.dev/vendor/laravel/framework/src/Illuminate/Pipeline/Pipeline.php(208): Illuminate\Cookie\Middleware\AddQueuedCookiesToResponse-&gt;handle()
#39 /www/wwwroot/jobportal.prus.dev/vendor/laravel/framework/src/Illuminate/Cookie/Middleware/EncryptCookies.php(74): Illuminate\Pipeline\Pipeline-&gt;Illuminate\Pipeline\{closure}()
#40 /www/wwwroot/jobportal.prus.dev/vendor/laravel/framework/src/Illuminate/Pipeline/Pipeline.php(208): Illuminate\Cookie\Middleware\EncryptCookies-&gt;handle()
#41 /www/wwwroot/jobportal.prus.dev/vendor/laravel/framework/src/Illuminate/Pipeline/Pipeline.php(126): Illuminate\Pipeline\Pipeline-&gt;Illuminate\Pipeline\{closure}()
#42 /www/wwwroot/jobportal.prus.dev/vendor/laravel/framework/src/Illuminate/Routing/Router.php(807): Illuminate\Pipeline\Pipeline-&gt;then()
#43 /www/wwwroot/jobportal.prus.dev/vendor/laravel/framework/src/Illuminate/Routing/Router.php(786): Illuminate\Routing\Router-&gt;runRouteWithinStack()
#44 /www/wwwroot/jobportal.prus.dev/vendor/laravel/framework/src/Illuminate/Routing/Router.php(750): Illuminate\Routing\Router-&gt;runRoute()
#45 /www/wwwroot/jobportal.prus.dev/vendor/laravel/framework/src/Illuminate/Routing/Router.php(739): Illuminate\Routing\Router-&gt;dispatchToRoute()
#46 /www/wwwroot/jobportal.prus.dev/vendor/laravel/framework/src/Illuminate/Foundation/Http/Kernel.php(200): Illuminate\Routing\Router-&gt;dispatch()
#47 /www/wwwroot/jobportal.prus.dev/vendor/laravel/framework/src/Illuminate/Pipeline/Pipeline.php(169): Illuminate\Foundation\Http\Kernel-&gt;Illuminate\Foundation\Http\{closure}()
#48 /www/wwwroot/jobportal.prus.dev/vendor/livewire/livewire/src/Features/SupportDisablingBackButtonCache/DisableBackButtonCacheMiddleware.php(19): Illuminate\Pipeline\Pipeline-&gt;Illuminate\Pipeline\{closure}()
#49 /www/wwwroot/jobportal.prus.dev/vendor/laravel/framework/src/Illuminate/Pipeline/Pipeline.php(208): Livewire\Features\SupportDisablingBackButtonCache\DisableBackButtonCacheMiddleware-&gt;handle()
#50 /www/wwwroot/jobportal.prus.dev/vendor/barryvdh/laravel-debugbar/src/Middleware/InjectDebugbar.php(59): Illuminate\Pipeline\Pipeline-&gt;Illuminate\Pipeline\{closure}()
#51 /www/wwwroot/jobportal.prus.dev/vendor/laravel/framework/src/Illuminate/Pipeline/Pipeline.php(208): Barryvdh\Debugbar\Middleware\InjectDebugbar-&gt;handle()
#52 /www/wwwroot/jobportal.prus.dev/vendor/spatie/laravel-csp/src/AddCspHeaders.php(17): Illuminate\Pipeline\Pipeline-&gt;Illuminate\Pipeline\{closure}()
#53 /www/wwwroot/jobportal.prus.dev/vendor/laravel/framework/src/Illuminate/Pipeline/Pipeline.php(208): Spatie\Csp\AddCspHeaders-&gt;handle()
#54 /www/wwwroot/jobportal.prus.dev/app/Http/Middleware/SecurityHeaders.php(11): Illuminate\Pipeline\Pipeline-&gt;Illuminate\Pipeline\{closure}()
#55 /www/wwwroot/jobportal.prus.dev/vendor/laravel/framework/src/Illuminate/Pipeline/Pipeline.php(208): App\Http\Middleware\SecurityHeaders-&gt;handle()
#56 /www/wwwroot/jobportal.prus.dev/vendor/laravel/framework/src/Illuminate/Foundation/Http/Middleware/TransformsRequest.php(21): Illuminate\Pipeline\Pipeline-&gt;Illuminate\Pipeline\{closure}()
#57 /www/wwwroot/jobportal.prus.dev/vendor/laravel/framework/src/Illuminate/Foundation/Http/Middleware/ConvertEmptyStringsToNull.php(31): Illuminate\Foundation\Http\Middleware\TransformsRequest-&gt;handle()
#58 /www/wwwroot/jobportal.prus.dev/vendor/laravel/framework/src/Illuminate/Pipeline/Pipeline.php(208): Illuminate\Foundation\Http\Middleware\ConvertEmptyStringsToNull-&gt;handle()
#59 /www/wwwroot/jobportal.prus.dev/vendor/laravel/framework/src/Illuminate/Foundation/Http/Middleware/TransformsRequest.php(21): Illuminate\Pipeline\Pipeline-&gt;Illuminate\Pipeline\{closure}()
#60 /www/wwwroot/jobportal.prus.dev/vendor/laravel/framework/src/Illuminate/Foundation/Http/Middleware/TrimStrings.php(51): Illuminate\Foundation\Http\Middleware\TransformsRequest-&gt;handle()
#61 /www/wwwroot/jobportal.prus.dev/vendor/laravel/framework/src/Illuminate/Pipeline/Pipeline.php(208): Illuminate\Foundation\Http\Middleware\TrimStrings-&gt;handle()
#62 /www/wwwroot/jobportal.prus.dev/vendor/laravel/framework/src/Illuminate/Http/Middleware/ValidatePostSize.php(27): Illuminate\Pipeline\Pipeline-&gt;Illuminate\Pipeline\{closure}()
#63 /www/wwwroot/jobportal.prus.dev/vendor/laravel/framework/src/Illuminate/Pipeline/Pipeline.php(208): Illuminate\Http\Middleware\ValidatePostSize-&gt;handle()
#64 /www/wwwroot/jobportal.prus.dev/vendor/laravel/framework/src/Illuminate/Foundation/Http/Middleware/PreventRequestsDuringMaintenance.php(109): Illuminate\Pipeline\Pipeline-&gt;Illuminate\Pipeline\{closure}()
#65 /www/wwwroot/jobportal.prus.dev/vendor/laravel/framework/src/Illuminate/Pipeline/Pipeline.php(208): Illuminate\Foundation\Http\Middleware\PreventRequestsDuringMaintenance-&gt;handle()
#66 /www/wwwroot/jobportal.prus.dev/vendor/laravel/framework/src/Illuminate/Http/Middleware/HandleCors.php(48): Illuminate\Pipeline\Pipeline-&gt;Illuminate\Pipeline\{closure}()
#67 /www/wwwroot/jobportal.prus.dev/vendor/laravel/framework/src/Illuminate/Pipeline/Pipeline.php(208): Illuminate\Http\Middleware\HandleCors-&gt;handle()
#68 /www/wwwroot/jobportal.prus.dev/vendor/laravel/framework/src/Illuminate/Http/Middleware/TrustProxies.php(58): Illuminate\Pipeline\Pipeline-&gt;Illuminate\Pipeline\{closure}()
#69 /www/wwwroot/jobportal.prus.dev/vendor/laravel/framework/src/Illuminate/Pipeline/Pipeline.php(208): Illuminate\Http\Middleware\TrustProxies-&gt;handle()
#70 /www/wwwroot/jobportal.prus.dev/vendor/laravel/framework/src/Illuminate/Pipeline/Pipeline.php(126): Illuminate\Pipeline\Pipeline-&gt;Illuminate\Pipeline\{closure}()
#71 /www/wwwroot/jobportal.prus.dev/vendor/laravel/framework/src/Illuminate/Foundation/Http/Kernel.php(175): Illuminate\Pipeline\Pipeline-&gt;then()
#72 /www/wwwroot/jobportal.prus.dev/vendor/laravel/framework/src/Illuminate/Foundation/Http/Kernel.php(144): Illuminate\Foundation\Http\Kernel-&gt;sendRequestThroughRouter()
#73 /www/wwwroot/jobportal.prus.dev/vendor/laravel/framework/src/Illuminate/Foundation/Testing/Concerns/MakesHttpRequests.php(607): Illuminate\Foundation\Http\Kernel-&gt;handle()
#74 /www/wwwroot/jobportal.prus.dev/vendor/laravel/framework/src/Illuminate/Foundation/Testing/Concerns/MakesHttpRequests.php(368): Illuminate\Foundation\Testing\TestCase-&gt;call()
#75 /www/wwwroot/jobportal.prus.dev/tests/Feature/WebRoutesTest.php(104): Illuminate\Foundation\Testing\TestCase-&gt;get()
#76 /www/wwwroot/jobportal.prus.dev/vendor/phpunit/phpunit/src/Framework/TestCase.php(1656): Tests\Feature\WebRoutesTest-&gt;job_details_page_loads_successfully()
#77 /www/wwwroot/jobportal.prus.dev/vendor/phpunit/phpunit/src/Framework/TestCase.php(514): PHPUnit\Framework\TestCase-&gt;runTest()
#78 /www/wwwroot/jobportal.prus.dev/vendor/phpunit/phpunit/src/Framework/TestRunner/TestRunner.php(87): PHPUnit\Framework\TestCase-&gt;runBare()
#79 /www/wwwroot/jobportal.prus.dev/vendor/phpunit/phpunit/src/Framework/TestCase.php(361): PHPUnit\Framework\TestRunner-&gt;run()
#80 /www/wwwroot/jobportal.prus.dev/vendor/phpunit/phpunit/src/Framework/TestSuite.php(369): PHPUnit\Framework\TestCase-&gt;run()
#81 /www/wwwroot/jobportal.prus.dev/vendor/phpunit/phpunit/src/Framework/TestSuite.php(369): PHPUnit\Framework\TestSuite-&gt;run()
#82 /www/wwwroot/jobportal.prus.dev/vendor/phpunit/phpunit/src/Framework/TestSuite.php(369): PHPUnit\Framework\TestSuite-&gt;run()
#83 /www/wwwroot/jobportal.prus.dev/vendor/phpunit/phpunit/src/TextUI/TestRunner.php(64): PHPUnit\Framework\TestSuite-&gt;run()
#84 /www/wwwroot/jobportal.prus.dev/vendor/phpunit/phpunit/src/TextUI/Application.php(210): PHPUnit\TextUI\TestRunner-&gt;run()
#85 /www/wwwroot/jobportal.prus.dev/vendor/phpunit/phpunit/phpunit(104): PHPUnit\TextUI\Application-&gt;run()
#86 /www/wwwroot/jobportal.prus.dev/vendor/bin/phpunit(122): include('...')
#87 {main}

----------------------------------------------------------------------------------

Unable to locate a class or view for component [jobs.application-modal].

/www/wwwroot/jobportal.prus.dev/vendor/laravel/framework/src/Illuminate/Testing/TestResponseAssert.php:45
/www/wwwroot/jobportal.prus.dev/vendor/laravel/framework/src/Illuminate/Testing/TestResponse.php:174
/www/wwwroot/jobportal.prus.dev/tests/Feature/WebRoutesTest.php:106</failure>
        </testcase>
        <testcase name="company_details_page_loads_successfully" file="/www/wwwroot/jobportal.prus.dev/tests/Feature/WebRoutesTest.php" line="110" class="Tests\Feature\WebRoutesTest" classname="Tests.Feature.WebRoutesTest" assertions="1" time="0.749048">
          <failure type="PHPUnit\Framework\ExpectationFailedException">Tests\Feature\WebRoutesTest::company_details_page_loads_successfully
Expected response status code [200] but received 500.
Failed asserting that 500 is identical to 200.

The following exception occurred during the last request:

Symfony\Component\Routing\Exception\RouteNotFoundException: Route [search] not defined. in /www/wwwroot/jobportal.prus.dev/vendor/laravel/framework/src/Illuminate/Routing/UrlGenerator.php:526
Stack trace:
#0 /www/wwwroot/jobportal.prus.dev/vendor/laravel/framework/src/Illuminate/Foundation/helpers.php(883): Illuminate\Routing\UrlGenerator-&gt;route()
#1 /www/wwwroot/jobportal.prus.dev/storage/framework/views/d69d9ccf2dc289690e52004e0568f7de.php(44): route()
#2 /www/wwwroot/jobportal.prus.dev/vendor/laravel/framework/src/Illuminate/Filesystem/Filesystem.php(123): require('...')
#3 /www/wwwroot/jobportal.prus.dev/vendor/laravel/framework/src/Illuminate/Filesystem/Filesystem.php(124): Illuminate\Filesystem\Filesystem::Illuminate\Filesystem\{closure}()
#4 /www/wwwroot/jobportal.prus.dev/vendor/laravel/framework/src/Illuminate/View/Engines/PhpEngine.php(57): Illuminate\Filesystem\Filesystem-&gt;getRequire()
#5 /www/wwwroot/jobportal.prus.dev/vendor/livewire/livewire/src/Mechanisms/ExtendBlade/ExtendedCompilerEngine.php(22): Illuminate\View\Engines\PhpEngine-&gt;evaluatePath()
#6 /www/wwwroot/jobportal.prus.dev/vendor/laravel/framework/src/Illuminate/View/Engines/CompilerEngine.php(74): Livewire\Mechanisms\ExtendBlade\ExtendedCompilerEngine-&gt;evaluatePath()
#7 /www/wwwroot/jobportal.prus.dev/vendor/livewire/livewire/src/Mechanisms/ExtendBlade/ExtendedCompilerEngine.php(10): Illuminate\View\Engines\CompilerEngine-&gt;get()
#8 /www/wwwroot/jobportal.prus.dev/vendor/laravel/framework/src/Illuminate/View/View.php(208): Livewire\Mechanisms\ExtendBlade\ExtendedCompilerEngine-&gt;get()
#9 /www/wwwroot/jobportal.prus.dev/vendor/laravel/framework/src/Illuminate/View/View.php(191): Illuminate\View\View-&gt;getContents()
#10 /www/wwwroot/jobportal.prus.dev/vendor/laravel/framework/src/Illuminate/View/View.php(160): Illuminate\View\View-&gt;renderContents()
#11 /www/wwwroot/jobportal.prus.dev/vendor/laravel/framework/src/Illuminate/Http/Response.php(78): Illuminate\View\View-&gt;render()
#12 /www/wwwroot/jobportal.prus.dev/vendor/laravel/framework/src/Illuminate/Http/Response.php(34): Illuminate\Http\Response-&gt;setContent()
#13 /www/wwwroot/jobportal.prus.dev/vendor/laravel/framework/src/Illuminate/Routing/ResponseFactory.php(61): Illuminate\Http\Response-&gt;__construct()
#14 /www/wwwroot/jobportal.prus.dev/vendor/laravel/framework/src/Illuminate/Routing/ResponseFactory.php(91): Illuminate\Routing\ResponseFactory-&gt;make()
#15 /www/wwwroot/jobportal.prus.dev/vendor/laravel/framework/src/Illuminate/Foundation/Exceptions/Handler.php(897): Illuminate\Routing\ResponseFactory-&gt;view()
#16 /www/wwwroot/jobportal.prus.dev/vendor/laravel/framework/src/Illuminate/Foundation/Exceptions/Handler.php(818): Illuminate\Foundation\Exceptions\Handler-&gt;renderHttpException()
#17 /www/wwwroot/jobportal.prus.dev/vendor/laravel/framework/src/Illuminate/Foundation/Exceptions/Handler.php(709): Illuminate\Foundation\Exceptions\Handler-&gt;prepareResponse()
#18 /www/wwwroot/jobportal.prus.dev/vendor/laravel/framework/src/Illuminate/Foundation/Exceptions/Handler.php(597): Illuminate\Foundation\Exceptions\Handler-&gt;renderExceptionResponse()
#19 /www/wwwroot/jobportal.prus.dev/app/Exceptions/Handler.php(80): Illuminate\Foundation\Exceptions\Handler-&gt;render()
#20 /www/wwwroot/jobportal.prus.dev/vendor/laravel/framework/src/Illuminate/Routing/Pipeline.php(51): App\Exceptions\Handler-&gt;render()
#21 /www/wwwroot/jobportal.prus.dev/vendor/laravel/framework/src/Illuminate/Pipeline/Pipeline.php(171): Illuminate\Routing\Pipeline-&gt;handleException()
#22 /www/wwwroot/jobportal.prus.dev/vendor/livewire/livewire/src/Features/SupportDisablingBackButtonCache/DisableBackButtonCacheMiddleware.php(19): Illuminate\Pipeline\Pipeline-&gt;Illuminate\Pipeline\{closure}()
#23 /www/wwwroot/jobportal.prus.dev/vendor/laravel/framework/src/Illuminate/Pipeline/Pipeline.php(208): Livewire\Features\SupportDisablingBackButtonCache\DisableBackButtonCacheMiddleware-&gt;handle()
#24 /www/wwwroot/jobportal.prus.dev/vendor/barryvdh/laravel-debugbar/src/Middleware/InjectDebugbar.php(59): Illuminate\Pipeline\Pipeline-&gt;Illuminate\Pipeline\{closure}()
#25 /www/wwwroot/jobportal.prus.dev/vendor/laravel/framework/src/Illuminate/Pipeline/Pipeline.php(208): Barryvdh\Debugbar\Middleware\InjectDebugbar-&gt;handle()
#26 /www/wwwroot/jobportal.prus.dev/vendor/spatie/laravel-csp/src/AddCspHeaders.php(17): Illuminate\Pipeline\Pipeline-&gt;Illuminate\Pipeline\{closure}()
#27 /www/wwwroot/jobportal.prus.dev/vendor/laravel/framework/src/Illuminate/Pipeline/Pipeline.php(208): Spatie\Csp\AddCspHeaders-&gt;handle()
#28 /www/wwwroot/jobportal.prus.dev/app/Http/Middleware/SecurityHeaders.php(11): Illuminate\Pipeline\Pipeline-&gt;Illuminate\Pipeline\{closure}()
#29 /www/wwwroot/jobportal.prus.dev/vendor/laravel/framework/src/Illuminate/Pipeline/Pipeline.php(208): App\Http\Middleware\SecurityHeaders-&gt;handle()
#30 /www/wwwroot/jobportal.prus.dev/vendor/laravel/framework/src/Illuminate/Foundation/Http/Middleware/TransformsRequest.php(21): Illuminate\Pipeline\Pipeline-&gt;Illuminate\Pipeline\{closure}()
#31 /www/wwwroot/jobportal.prus.dev/vendor/laravel/framework/src/Illuminate/Foundation/Http/Middleware/ConvertEmptyStringsToNull.php(31): Illuminate\Foundation\Http\Middleware\TransformsRequest-&gt;handle()
#32 /www/wwwroot/jobportal.prus.dev/vendor/laravel/framework/src/Illuminate/Pipeline/Pipeline.php(208): Illuminate\Foundation\Http\Middleware\ConvertEmptyStringsToNull-&gt;handle()
#33 /www/wwwroot/jobportal.prus.dev/vendor/laravel/framework/src/Illuminate/Foundation/Http/Middleware/TransformsRequest.php(21): Illuminate\Pipeline\Pipeline-&gt;Illuminate\Pipeline\{closure}()
#34 /www/wwwroot/jobportal.prus.dev/vendor/laravel/framework/src/Illuminate/Foundation/Http/Middleware/TrimStrings.php(51): Illuminate\Foundation\Http\Middleware\TransformsRequest-&gt;handle()
#35 /www/wwwroot/jobportal.prus.dev/vendor/laravel/framework/src/Illuminate/Pipeline/Pipeline.php(208): Illuminate\Foundation\Http\Middleware\TrimStrings-&gt;handle()
#36 /www/wwwroot/jobportal.prus.dev/vendor/laravel/framework/src/Illuminate/Http/Middleware/ValidatePostSize.php(27): Illuminate\Pipeline\Pipeline-&gt;Illuminate\Pipeline\{closure}()
#37 /www/wwwroot/jobportal.prus.dev/vendor/laravel/framework/src/Illuminate/Pipeline/Pipeline.php(208): Illuminate\Http\Middleware\ValidatePostSize-&gt;handle()
#38 /www/wwwroot/jobportal.prus.dev/vendor/laravel/framework/src/Illuminate/Foundation/Http/Middleware/PreventRequestsDuringMaintenance.php(109): Illuminate\Pipeline\Pipeline-&gt;Illuminate\Pipeline\{closure}()
#39 /www/wwwroot/jobportal.prus.dev/vendor/laravel/framework/src/Illuminate/Pipeline/Pipeline.php(208): Illuminate\Foundation\Http\Middleware\PreventRequestsDuringMaintenance-&gt;handle()
#40 /www/wwwroot/jobportal.prus.dev/vendor/laravel/framework/src/Illuminate/Http/Middleware/HandleCors.php(48): Illuminate\Pipeline\Pipeline-&gt;Illuminate\Pipeline\{closure}()
#41 /www/wwwroot/jobportal.prus.dev/vendor/laravel/framework/src/Illuminate/Pipeline/Pipeline.php(208): Illuminate\Http\Middleware\HandleCors-&gt;handle()
#42 /www/wwwroot/jobportal.prus.dev/vendor/laravel/framework/src/Illuminate/Http/Middleware/TrustProxies.php(58): Illuminate\Pipeline\Pipeline-&gt;Illuminate\Pipeline\{closure}()
#43 /www/wwwroot/jobportal.prus.dev/vendor/laravel/framework/src/Illuminate/Pipeline/Pipeline.php(208): Illuminate\Http\Middleware\TrustProxies-&gt;handle()
#44 /www/wwwroot/jobportal.prus.dev/vendor/laravel/framework/src/Illuminate/Pipeline/Pipeline.php(126): Illuminate\Pipeline\Pipeline-&gt;Illuminate\Pipeline\{closure}()
#45 /www/wwwroot/jobportal.prus.dev/vendor/laravel/framework/src/Illuminate/Foundation/Http/Kernel.php(175): Illuminate\Pipeline\Pipeline-&gt;then()
#46 /www/wwwroot/jobportal.prus.dev/vendor/laravel/framework/src/Illuminate/Foundation/Http/Kernel.php(144): Illuminate\Foundation\Http\Kernel-&gt;sendRequestThroughRouter()
#47 /www/wwwroot/jobportal.prus.dev/vendor/laravel/framework/src/Illuminate/Foundation/Testing/Concerns/MakesHttpRequests.php(607): Illuminate\Foundation\Http\Kernel-&gt;handle()
#48 /www/wwwroot/jobportal.prus.dev/vendor/laravel/framework/src/Illuminate/Foundation/Testing/Concerns/MakesHttpRequests.php(368): Illuminate\Foundation\Testing\TestCase-&gt;call()
#49 /www/wwwroot/jobportal.prus.dev/tests/Feature/WebRoutesTest.php(116): Illuminate\Foundation\Testing\TestCase-&gt;get()
#50 /www/wwwroot/jobportal.prus.dev/vendor/phpunit/phpunit/src/Framework/TestCase.php(1656): Tests\Feature\WebRoutesTest-&gt;company_details_page_loads_successfully()
#51 /www/wwwroot/jobportal.prus.dev/vendor/phpunit/phpunit/src/Framework/TestCase.php(514): PHPUnit\Framework\TestCase-&gt;runTest()
#52 /www/wwwroot/jobportal.prus.dev/vendor/phpunit/phpunit/src/Framework/TestRunner/TestRunner.php(87): PHPUnit\Framework\TestCase-&gt;runBare()
#53 /www/wwwroot/jobportal.prus.dev/vendor/phpunit/phpunit/src/Framework/TestCase.php(361): PHPUnit\Framework\TestRunner-&gt;run()
#54 /www/wwwroot/jobportal.prus.dev/vendor/phpunit/phpunit/src/Framework/TestSuite.php(369): PHPUnit\Framework\TestCase-&gt;run()
#55 /www/wwwroot/jobportal.prus.dev/vendor/phpunit/phpunit/src/Framework/TestSuite.php(369): PHPUnit\Framework\TestSuite-&gt;run()
#56 /www/wwwroot/jobportal.prus.dev/vendor/phpunit/phpunit/src/Framework/TestSuite.php(369): PHPUnit\Framework\TestSuite-&gt;run()
#57 /www/wwwroot/jobportal.prus.dev/vendor/phpunit/phpunit/src/TextUI/TestRunner.php(64): PHPUnit\Framework\TestSuite-&gt;run()
#58 /www/wwwroot/jobportal.prus.dev/vendor/phpunit/phpunit/src/TextUI/Application.php(210): PHPUnit\TextUI\TestRunner-&gt;run()
#59 /www/wwwroot/jobportal.prus.dev/vendor/phpunit/phpunit/phpunit(104): PHPUnit\TextUI\Application-&gt;run()
#60 /www/wwwroot/jobportal.prus.dev/vendor/bin/phpunit(122): include('...')
#61 {main}

Next Spatie\LaravelIgnition\Exceptions\ViewException: Route [search] not defined. in /www/wwwroot/jobportal.prus.dev/vendor/laravel/framework/src/Illuminate/Routing/UrlGenerator.php:526
Stack trace:
#0 /www/wwwroot/jobportal.prus.dev/vendor/laravel/framework/src/Illuminate/Foundation/helpers.php(883): Illuminate\Routing\UrlGenerator-&gt;route()
#1 /www/wwwroot/jobportal.prus.dev/resources/views/errors/404.blade.php(44): route()
#2 /www/wwwroot/jobportal.prus.dev/vendor/laravel/framework/src/Illuminate/Filesystem/Filesystem.php(123): require('...')
#3 /www/wwwroot/jobportal.prus.dev/vendor/laravel/framework/src/Illuminate/Filesystem/Filesystem.php(124): Illuminate\Filesystem\Filesystem::Illuminate\Filesystem\{closure}()
#4 /www/wwwroot/jobportal.prus.dev/vendor/laravel/framework/src/Illuminate/View/Engines/PhpEngine.php(57): Illuminate\Filesystem\Filesystem-&gt;getRequire()
#5 /www/wwwroot/jobportal.prus.dev/vendor/livewire/livewire/src/Mechanisms/ExtendBlade/ExtendedCompilerEngine.php(22): Illuminate\View\Engines\PhpEngine-&gt;evaluatePath()
#6 /www/wwwroot/jobportal.prus.dev/vendor/laravel/framework/src/Illuminate/View/Engines/CompilerEngine.php(74): Livewire\Mechanisms\ExtendBlade\ExtendedCompilerEngine-&gt;evaluatePath()
#7 /www/wwwroot/jobportal.prus.dev/vendor/livewire/livewire/src/Mechanisms/ExtendBlade/ExtendedCompilerEngine.php(10): Illuminate\View\Engines\CompilerEngine-&gt;get()
#8 /www/wwwroot/jobportal.prus.dev/vendor/laravel/framework/src/Illuminate/View/View.php(208): Livewire\Mechanisms\ExtendBlade\ExtendedCompilerEngine-&gt;get()
#9 /www/wwwroot/jobportal.prus.dev/vendor/laravel/framework/src/Illuminate/View/View.php(191): Illuminate\View\View-&gt;getContents()
#10 /www/wwwroot/jobportal.prus.dev/vendor/laravel/framework/src/Illuminate/View/View.php(160): Illuminate\View\View-&gt;renderContents()
#11 /www/wwwroot/jobportal.prus.dev/vendor/laravel/framework/src/Illuminate/Http/Response.php(78): Illuminate\View\View-&gt;render()
#12 /www/wwwroot/jobportal.prus.dev/vendor/laravel/framework/src/Illuminate/Http/Response.php(34): Illuminate\Http\Response-&gt;setContent()
#13 /www/wwwroot/jobportal.prus.dev/vendor/laravel/framework/src/Illuminate/Routing/ResponseFactory.php(61): Illuminate\Http\Response-&gt;__construct()
#14 /www/wwwroot/jobportal.prus.dev/vendor/laravel/framework/src/Illuminate/Routing/ResponseFactory.php(91): Illuminate\Routing\ResponseFactory-&gt;make()
#15 /www/wwwroot/jobportal.prus.dev/vendor/laravel/framework/src/Illuminate/Foundation/Exceptions/Handler.php(897): Illuminate\Routing\ResponseFactory-&gt;view()
#16 /www/wwwroot/jobportal.prus.dev/vendor/laravel/framework/src/Illuminate/Foundation/Exceptions/Handler.php(818): Illuminate\Foundation\Exceptions\Handler-&gt;renderHttpException()
#17 /www/wwwroot/jobportal.prus.dev/vendor/laravel/framework/src/Illuminate/Foundation/Exceptions/Handler.php(709): Illuminate\Foundation\Exceptions\Handler-&gt;prepareResponse()
#18 /www/wwwroot/jobportal.prus.dev/vendor/laravel/framework/src/Illuminate/Foundation/Exceptions/Handler.php(597): Illuminate\Foundation\Exceptions\Handler-&gt;renderExceptionResponse()
#19 /www/wwwroot/jobportal.prus.dev/app/Exceptions/Handler.php(80): Illuminate\Foundation\Exceptions\Handler-&gt;render()
#20 /www/wwwroot/jobportal.prus.dev/vendor/laravel/framework/src/Illuminate/Routing/Pipeline.php(51): App\Exceptions\Handler-&gt;render()
#21 /www/wwwroot/jobportal.prus.dev/vendor/laravel/framework/src/Illuminate/Pipeline/Pipeline.php(171): Illuminate\Routing\Pipeline-&gt;handleException()
#22 /www/wwwroot/jobportal.prus.dev/vendor/livewire/livewire/src/Features/SupportDisablingBackButtonCache/DisableBackButtonCacheMiddleware.php(19): Illuminate\Pipeline\Pipeline-&gt;Illuminate\Pipeline\{closure}()
#23 /www/wwwroot/jobportal.prus.dev/vendor/laravel/framework/src/Illuminate/Pipeline/Pipeline.php(208): Livewire\Features\SupportDisablingBackButtonCache\DisableBackButtonCacheMiddleware-&gt;handle()
#24 /www/wwwroot/jobportal.prus.dev/vendor/barryvdh/laravel-debugbar/src/Middleware/InjectDebugbar.php(59): Illuminate\Pipeline\Pipeline-&gt;Illuminate\Pipeline\{closure}()
#25 /www/wwwroot/jobportal.prus.dev/vendor/laravel/framework/src/Illuminate/Pipeline/Pipeline.php(208): Barryvdh\Debugbar\Middleware\InjectDebugbar-&gt;handle()
#26 /www/wwwroot/jobportal.prus.dev/vendor/spatie/laravel-csp/src/AddCspHeaders.php(17): Illuminate\Pipeline\Pipeline-&gt;Illuminate\Pipeline\{closure}()
#27 /www/wwwroot/jobportal.prus.dev/vendor/laravel/framework/src/Illuminate/Pipeline/Pipeline.php(208): Spatie\Csp\AddCspHeaders-&gt;handle()
#28 /www/wwwroot/jobportal.prus.dev/app/Http/Middleware/SecurityHeaders.php(11): Illuminate\Pipeline\Pipeline-&gt;Illuminate\Pipeline\{closure}()
#29 /www/wwwroot/jobportal.prus.dev/vendor/laravel/framework/src/Illuminate/Pipeline/Pipeline.php(208): App\Http\Middleware\SecurityHeaders-&gt;handle()
#30 /www/wwwroot/jobportal.prus.dev/vendor/laravel/framework/src/Illuminate/Foundation/Http/Middleware/TransformsRequest.php(21): Illuminate\Pipeline\Pipeline-&gt;Illuminate\Pipeline\{closure}()
#31 /www/wwwroot/jobportal.prus.dev/vendor/laravel/framework/src/Illuminate/Foundation/Http/Middleware/ConvertEmptyStringsToNull.php(31): Illuminate\Foundation\Http\Middleware\TransformsRequest-&gt;handle()
#32 /www/wwwroot/jobportal.prus.dev/vendor/laravel/framework/src/Illuminate/Pipeline/Pipeline.php(208): Illuminate\Foundation\Http\Middleware\ConvertEmptyStringsToNull-&gt;handle()
#33 /www/wwwroot/jobportal.prus.dev/vendor/laravel/framework/src/Illuminate/Foundation/Http/Middleware/TransformsRequest.php(21): Illuminate\Pipeline\Pipeline-&gt;Illuminate\Pipeline\{closure}()
#34 /www/wwwroot/jobportal.prus.dev/vendor/laravel/framework/src/Illuminate/Foundation/Http/Middleware/TrimStrings.php(51): Illuminate\Foundation\Http\Middleware\TransformsRequest-&gt;handle()
#35 /www/wwwroot/jobportal.prus.dev/vendor/laravel/framework/src/Illuminate/Pipeline/Pipeline.php(208): Illuminate\Foundation\Http\Middleware\TrimStrings-&gt;handle()
#36 /www/wwwroot/jobportal.prus.dev/vendor/laravel/framework/src/Illuminate/Http/Middleware/ValidatePostSize.php(27): Illuminate\Pipeline\Pipeline-&gt;Illuminate\Pipeline\{closure}()
#37 /www/wwwroot/jobportal.prus.dev/vendor/laravel/framework/src/Illuminate/Pipeline/Pipeline.php(208): Illuminate\Http\Middleware\ValidatePostSize-&gt;handle()
#38 /www/wwwroot/jobportal.prus.dev/vendor/laravel/framework/src/Illuminate/Foundation/Http/Middleware/PreventRequestsDuringMaintenance.php(109): Illuminate\Pipeline\Pipeline-&gt;Illuminate\Pipeline\{closure}()
#39 /www/wwwroot/jobportal.prus.dev/vendor/laravel/framework/src/Illuminate/Pipeline/Pipeline.php(208): Illuminate\Foundation\Http\Middleware\PreventRequestsDuringMaintenance-&gt;handle()
#40 /www/wwwroot/jobportal.prus.dev/vendor/laravel/framework/src/Illuminate/Http/Middleware/HandleCors.php(48): Illuminate\Pipeline\Pipeline-&gt;Illuminate\Pipeline\{closure}()
#41 /www/wwwroot/jobportal.prus.dev/vendor/laravel/framework/src/Illuminate/Pipeline/Pipeline.php(208): Illuminate\Http\Middleware\HandleCors-&gt;handle()
#42 /www/wwwroot/jobportal.prus.dev/vendor/laravel/framework/src/Illuminate/Http/Middleware/TrustProxies.php(58): Illuminate\Pipeline\Pipeline-&gt;Illuminate\Pipeline\{closure}()
#43 /www/wwwroot/jobportal.prus.dev/vendor/laravel/framework/src/Illuminate/Pipeline/Pipeline.php(208): Illuminate\Http\Middleware\TrustProxies-&gt;handle()
#44 /www/wwwroot/jobportal.prus.dev/vendor/laravel/framework/src/Illuminate/Pipeline/Pipeline.php(126): Illuminate\Pipeline\Pipeline-&gt;Illuminate\Pipeline\{closure}()
#45 /www/wwwroot/jobportal.prus.dev/vendor/laravel/framework/src/Illuminate/Foundation/Http/Kernel.php(175): Illuminate\Pipeline\Pipeline-&gt;then()
#46 /www/wwwroot/jobportal.prus.dev/vendor/laravel/framework/src/Illuminate/Foundation/Http/Kernel.php(144): Illuminate\Foundation\Http\Kernel-&gt;sendRequestThroughRouter()
#47 /www/wwwroot/jobportal.prus.dev/vendor/laravel/framework/src/Illuminate/Foundation/Testing/Concerns/MakesHttpRequests.php(607): Illuminate\Foundation\Http\Kernel-&gt;handle()
#48 /www/wwwroot/jobportal.prus.dev/vendor/laravel/framework/src/Illuminate/Foundation/Testing/Concerns/MakesHttpRequests.php(368): Illuminate\Foundation\Testing\TestCase-&gt;call()
#49 /www/wwwroot/jobportal.prus.dev/tests/Feature/WebRoutesTest.php(116): Illuminate\Foundation\Testing\TestCase-&gt;get()
#50 /www/wwwroot/jobportal.prus.dev/vendor/phpunit/phpunit/src/Framework/TestCase.php(1656): Tests\Feature\WebRoutesTest-&gt;company_details_page_loads_successfully()
#51 /www/wwwroot/jobportal.prus.dev/vendor/phpunit/phpunit/src/Framework/TestCase.php(514): PHPUnit\Framework\TestCase-&gt;runTest()
#52 /www/wwwroot/jobportal.prus.dev/vendor/phpunit/phpunit/src/Framework/TestRunner/TestRunner.php(87): PHPUnit\Framework\TestCase-&gt;runBare()
#53 /www/wwwroot/jobportal.prus.dev/vendor/phpunit/phpunit/src/Framework/TestCase.php(361): PHPUnit\Framework\TestRunner-&gt;run()
#54 /www/wwwroot/jobportal.prus.dev/vendor/phpunit/phpunit/src/Framework/TestSuite.php(369): PHPUnit\Framework\TestCase-&gt;run()
#55 /www/wwwroot/jobportal.prus.dev/vendor/phpunit/phpunit/src/Framework/TestSuite.php(369): PHPUnit\Framework\TestSuite-&gt;run()
#56 /www/wwwroot/jobportal.prus.dev/vendor/phpunit/phpunit/src/Framework/TestSuite.php(369): PHPUnit\Framework\TestSuite-&gt;run()
#57 /www/wwwroot/jobportal.prus.dev/vendor/phpunit/phpunit/src/TextUI/TestRunner.php(64): PHPUnit\Framework\TestSuite-&gt;run()
#58 /www/wwwroot/jobportal.prus.dev/vendor/phpunit/phpunit/src/TextUI/Application.php(210): PHPUnit\TextUI\TestRunner-&gt;run()
#59 /www/wwwroot/jobportal.prus.dev/vendor/phpunit/phpunit/phpunit(104): PHPUnit\TextUI\Application-&gt;run()
#60 /www/wwwroot/jobportal.prus.dev/vendor/bin/phpunit(122): include('...')
#61 {main}

----------------------------------------------------------------------------------

Route [search] not defined.

/www/wwwroot/jobportal.prus.dev/vendor/laravel/framework/src/Illuminate/Testing/TestResponseAssert.php:45
/www/wwwroot/jobportal.prus.dev/vendor/laravel/framework/src/Illuminate/Testing/TestResponse.php:174
/www/wwwroot/jobportal.prus.dev/tests/Feature/WebRoutesTest.php:118</failure>
        </testcase>
        <testcase name="unauthenticated_users_are_redirected_from_dashboard" file="/www/wwwroot/jobportal.prus.dev/tests/Feature/WebRoutesTest.php" line="122" class="Tests\Feature\WebRoutesTest" classname="Tests.Feature.WebRoutesTest" assertions="1" time="0.500247">
          <failure type="PHPUnit\Framework\ExpectationFailedException">Tests\Feature\WebRoutesTest::unauthenticated_users_are_redirected_from_dashboard
Expected response status code [201, 301, 302, 303, 307, 308] but received 200.
Failed asserting that false is true.

/www/wwwroot/jobportal.prus.dev/vendor/laravel/framework/src/Illuminate/Testing/TestResponseAssert.php:45
/www/wwwroot/jobportal.prus.dev/vendor/laravel/framework/src/Illuminate/Testing/TestResponse.php:199
/www/wwwroot/jobportal.prus.dev/tests/Feature/WebRoutesTest.php:126</failure>
        </testcase>
        <testcase name="authenticated_users_can_access_dashboard" file="/www/wwwroot/jobportal.prus.dev/tests/Feature/WebRoutesTest.php" line="130" class="Tests\Feature\WebRoutesTest" classname="Tests.Feature.WebRoutesTest" assertions="0" time="0.475048">
          <error type="Error">Tests\Feature\WebRoutesTest::authenticated_users_can_access_dashboard
Error: Class "App\Models\User" not found

/www/wwwroot/jobportal.prus.dev/tests/Feature/WebRoutesTest.php:132</error>
        </testcase>
        <testcase name="candidate_can_access_profile_page" file="/www/wwwroot/jobportal.prus.dev/tests/Feature/WebRoutesTest.php" line="141" class="Tests\Feature\WebRoutesTest" classname="Tests.Feature.WebRoutesTest" assertions="0" time="0.473174">
          <error type="Error">Tests\Feature\WebRoutesTest::candidate_can_access_profile_page
Error: Class "App\Models\User" not found

/www/wwwroot/jobportal.prus.dev/tests/Feature/WebRoutesTest.php:143</error>
        </testcase>
        <testcase name="company_can_access_profile_page" file="/www/wwwroot/jobportal.prus.dev/tests/Feature/WebRoutesTest.php" line="153" class="Tests\Feature\WebRoutesTest" classname="Tests.Feature.WebRoutesTest" assertions="0" time="0.462666">
          <error type="Error">Tests\Feature\WebRoutesTest::company_can_access_profile_page
Error: Class "App\Models\User" not found

/www/wwwroot/jobportal.prus.dev/tests/Feature/WebRoutesTest.php:155</error>
        </testcase>
        <testcase name="employer_can_access_job_creation_page" file="/www/wwwroot/jobportal.prus.dev/tests/Feature/WebRoutesTest.php" line="165" class="Tests\Feature\WebRoutesTest" classname="Tests.Feature.WebRoutesTest" assertions="0" time="0.484033">
          <error type="Error">Tests\Feature\WebRoutesTest::employer_can_access_job_creation_page
Error: Class "App\Models\User" not found

/www/wwwroot/jobportal.prus.dev/tests/Feature/WebRoutesTest.php:167</error>
        </testcase>
        <testcase name="candidate_can_access_applied_jobs_page" file="/www/wwwroot/jobportal.prus.dev/tests/Feature/WebRoutesTest.php" line="177" class="Tests\Feature\WebRoutesTest" classname="Tests.Feature.WebRoutesTest" assertions="0" time="0.487297">
          <error type="Error">Tests\Feature\WebRoutesTest::candidate_can_access_applied_jobs_page
Error: Class "App\Models\User" not found

/www/wwwroot/jobportal.prus.dev/tests/Feature/WebRoutesTest.php:179</error>
        </testcase>
        <testcase name="employer_can_access_job_applications_page" file="/www/wwwroot/jobportal.prus.dev/tests/Feature/WebRoutesTest.php" line="189" class="Tests\Feature\WebRoutesTest" classname="Tests.Feature.WebRoutesTest" assertions="0" time="0.466051">
          <error type="Error">Tests\Feature\WebRoutesTest::employer_can_access_job_applications_page
Error: Class "App\Models\User" not found

/www/wwwroot/jobportal.prus.dev/tests/Feature/WebRoutesTest.php:191</error>
        </testcase>
        <testcase name="admin_can_access_admin_dashboard" file="/www/wwwroot/jobportal.prus.dev/tests/Feature/WebRoutesTest.php" line="201" class="Tests\Feature\WebRoutesTest" classname="Tests.Feature.WebRoutesTest" assertions="0" time="0.466014">
          <error type="Error">Tests\Feature\WebRoutesTest::admin_can_access_admin_dashboard
Error: Class "App\Models\User" not found

/www/wwwroot/jobportal.prus.dev/tests/Feature/WebRoutesTest.php:203</error>
        </testcase>
        <testcase name="non_admin_cannot_access_admin_dashboard" file="/www/wwwroot/jobportal.prus.dev/tests/Feature/WebRoutesTest.php" line="215" class="Tests\Feature\WebRoutesTest" classname="Tests.Feature.WebRoutesTest" assertions="0" time="0.464768">
          <error type="Error">Tests\Feature\WebRoutesTest::non_admin_cannot_access_admin_dashboard
Error: Class "App\Models\User" not found

/www/wwwroot/jobportal.prus.dev/tests/Feature/WebRoutesTest.php:217</error>
        </testcase>
      </testsuite>
    </testsuite>
  </testsuite>
</testsuites>
